[2025-06-05T16:35:19.257+0000][0.036s][info][gc] Using G1
[2025-06-05T16:35:19.261+0000][0.041s][info][gc,init] Version: 17.0.12+7-Debian-2deb12u1 (release)
[2025-06-05T16:35:19.262+0000][0.041s][info][gc,init] CPUs: 8 total, 2 available
[2025-06-05T16:35:19.262+0000][0.041s][info][gc,init] Memory: 3919M
[2025-06-05T16:35:19.262+0000][0.041s][info][gc,init] Large Page Support: Disabled
[2025-06-05T16:35:19.262+0000][0.042s][info][gc,init] NUMA Support: Disabled
[2025-06-05T16:35:19.262+0000][0.042s][info][gc,init] Compressed Oops: Enabled (32-bit)
[2025-06-05T16:35:19.262+0000][0.042s][info][gc,init] Heap Region Size: 1M
[2025-06-05T16:35:19.262+0000][0.042s][info][gc,init] Heap Min Capacity: 8M
[2025-06-05T16:35:19.262+0000][0.042s][info][gc,init] Heap Initial Capacity: 62M
[2025-06-05T16:35:19.262+0000][0.042s][info][gc,init] Heap Max Capacity: 980M
[2025-06-05T16:35:19.262+0000][0.042s][info][gc,init] Pre-touch: Disabled
[2025-06-05T16:35:19.262+0000][0.042s][info][gc,init] Parallel Workers: 2
[2025-06-05T16:35:19.262+0000][0.042s][info][gc,init] Concurrent Workers: 1
[2025-06-05T16:35:19.262+0000][0.042s][info][gc,init] Concurrent Refinement Workers: 2
[2025-06-05T16:35:19.262+0000][0.042s][info][gc,init] Periodic GC: Disabled
[2025-06-05T16:35:19.479+0000][0.258s][info][gc,metaspace] CDS archive(s) mapped at: [0x000000b000000000-0x000000b000be0000-0x000000b000be0000), size 12451840, SharedBaseAddress: 0x000000b000000000, ArchiveRelocationMode: 1.
[2025-06-05T16:35:19.479+0000][0.259s][info][gc,metaspace] Compressed class space mapped at: 0x000000b001000000-0x000000b041000000, reserved size: 1073741824
[2025-06-05T16:35:19.479+0000][0.259s][info][gc,metaspace] Narrow klass base: 0x000000b000000000, Narrow klass shift: 0, Narrow klass range: 0x100000000
[2025-06-05T16:35:19.542+0000][0.322s][info][cds,heap    ] initialize_from_archived_subgraph java.lang.Module$ArchivedData 0x000000b000182380 (early)
[2025-06-05T16:35:19.544+0000][0.324s][info][cds,heap    ] initialize_from_archived_subgraph java.util.ImmutableCollections 0x000000b000070cd8 (early)
[2025-06-05T16:35:19.552+0000][0.332s][info][cds,heap    ] initialize_from_archived_subgraph java.lang.Integer$IntegerCache 0x000000b000036060 (early)
[2025-06-05T16:35:19.584+0000][0.364s][info][cds,heap    ] initialize_from_archived_subgraph java.lang.module.Configuration 0x000000b000170300 (early)
[2025-06-05T16:35:19.584+0000][0.364s][info][cds,heap    ] initialize_from_archived_subgraph java.lang.ModuleLayer 0x000000b000144c50 (early)
[2025-06-05T16:35:19.585+0000][0.365s][info][cds,heap    ] initialize_from_archived_subgraph jdk.internal.loader.ArchivedClassLoaders 0x000000b0001ab770 (early)
[2025-06-05T16:35:19.585+0000][0.365s][info][cds,heap    ] initialize_from_archived_subgraph jdk.internal.module.ArchivedBootLayer 0x000000b000176f40 (early)
[2025-06-05T16:35:19.589+0000][0.369s][info][cds,heap    ] initialize_from_archived_subgraph sun.util.locale.BaseLocale 0x000000b00026c120
[2025-06-05T16:35:19.611+0000][0.391s][info][cds,heap    ] initialize_from_archived_subgraph java.util.jar.Attributes$Name 0x000000b00019d1e8
[2025-06-05T16:35:19.662+0000][0.441s][info][cds,heap    ] initialize_from_archived_subgraph java.lang.Long$LongCache 0x000000b00001f998
[2025-06-05T16:35:19.735+0000][0.515s][info][cds,heap    ] initialize_from_archived_subgraph java.lang.Character$CharacterCache 0x000000b0000393e8
[2025-06-05T16:35:19.813+0000][0.593s][debug][safepoint   ] Safepoint synchronization initiated using futex wait barrier. (12 threads)
[2025-06-05T16:35:19.813+0000][0.593s][info ][safepoint   ] Safepoint "ICBufferFull", Time since last: 277278959 ns, Reaching safepoint: 93333 ns, Cleanup: 41583 ns, At safepoint: 1209 ns, Total: 136125 ns
[2025-06-05T16:35:19.992+0000][0.772s][debug][safepoint   ] Safepoint synchronization initiated using futex wait barrier. (12 threads)
[2025-06-05T16:35:19.996+0000][0.775s][info ][gc,start    ] GC(0) Pause Young (Normal) (G1 Evacuation Pause)
[2025-06-05T16:35:19.996+0000][0.776s][info ][gc,task     ] GC(0) Using 2 workers of 2 for evacuation
[2025-06-05T16:35:20.083+0000][0.862s][info ][gc,phases   ] GC(0)   Pre Evacuate Collection Set: 3.4ms
[2025-06-05T16:35:20.083+0000][0.862s][info ][gc,phases   ] GC(0)   Merge Heap Roots: 15.3ms
[2025-06-05T16:35:20.083+0000][0.863s][info ][gc,phases   ] GC(0)   Evacuate Collection Set: 58.4ms
[2025-06-05T16:35:20.083+0000][0.863s][info ][gc,phases   ] GC(0)   Post Evacuate Collection Set: 0.5ms
[2025-06-05T16:35:20.083+0000][0.863s][info ][gc,phases   ] GC(0)   Other: 8.0ms
[2025-06-05T16:35:20.083+0000][0.863s][info ][gc,heap     ] GC(0) Eden regions: 18->0(20)
[2025-06-05T16:35:20.083+0000][0.863s][info ][gc,heap     ] GC(0) Survivor regions: 0->3(3)
[2025-06-05T16:35:20.083+0000][0.863s][info ][gc,heap     ] GC(0) Old regions: 0->1
[2025-06-05T16:35:20.083+0000][0.863s][info ][gc,heap     ] GC(0) Archive regions: 2->2
[2025-06-05T16:35:20.083+0000][0.863s][info ][gc,heap     ] GC(0) Humongous regions: 0->0
[2025-06-05T16:35:20.083+0000][0.863s][info ][gc,metaspace] GC(0) Metaspace: 1977K(2176K)->1977K(2176K) NonClass: 1771K(1856K)->1771K(1856K) Class: 205K(320K)->205K(320K)
[2025-06-05T16:35:20.083+0000][0.863s][info ][gc          ] GC(0) Pause Young (Normal) (G1 Evacuation Pause) 18M->4M(64M) 87.580ms
[2025-06-05T16:35:20.083+0000][0.863s][info ][gc,cpu      ] GC(0) User=0.10s Sys=0.05s Real=0.09s
[2025-06-05T16:35:20.083+0000][0.863s][info ][safepoint   ] Safepoint "G1CollectForAllocation", Time since last: 179073458 ns, Reaching safepoint: 191458 ns, Cleanup: 20917 ns, At safepoint: 90795333 ns, Total: 91007708 ns
[2025-06-05T16:35:21.083+0000][1.863s][debug][safepoint   ] Safepoint synchronization initiated using futex wait barrier. (12 threads)
[2025-06-05T16:35:21.086+0000][1.865s][info ][safepoint   ] Safepoint "Cleanup", Time since last: 1000145167 ns, Reaching safepoint: 2044084 ns, Cleanup: 48833 ns, At safepoint: 5083 ns, Total: 2098000 ns
[2025-06-05T16:35:22.063+0000][2.843s][debug][safepoint   ] Safepoint synchronization initiated using futex wait barrier. (12 threads)
[2025-06-05T16:35:22.064+0000][2.843s][info ][gc,start    ] GC(1) Pause Young (Normal) (G1 Evacuation Pause)
[2025-06-05T16:35:22.064+0000][2.843s][info ][gc,task     ] GC(1) Using 2 workers of 2 for evacuation
[2025-06-05T16:35:22.079+0000][2.858s][info ][gc,phases   ] GC(1)   Pre Evacuate Collection Set: 0.2ms
[2025-06-05T16:35:22.079+0000][2.858s][info ][gc,phases   ] GC(1)   Merge Heap Roots: 0.1ms
[2025-06-05T16:35:22.079+0000][2.858s][info ][gc,phases   ] GC(1)   Evacuate Collection Set: 13.7ms
[2025-06-05T16:35:22.079+0000][2.858s][info ][gc,phases   ] GC(1)   Post Evacuate Collection Set: 0.7ms
[2025-06-05T16:35:22.079+0000][2.859s][info ][gc,phases   ] GC(1)   Other: 0.2ms
[2025-06-05T16:35:22.079+0000][2.859s][info ][gc,heap     ] GC(1) Eden regions: 20->0(30)
[2025-06-05T16:35:22.079+0000][2.859s][info ][gc,heap     ] GC(1) Survivor regions: 3->3(3)
[2025-06-05T16:35:22.079+0000][2.859s][info ][gc,heap     ] GC(1) Old regions: 1->5
[2025-06-05T16:35:22.079+0000][2.859s][info ][gc,heap     ] GC(1) Archive regions: 2->2
[2025-06-05T16:35:22.079+0000][2.859s][info ][gc,heap     ] GC(1) Humongous regions: 0->0
[2025-06-05T16:35:22.079+0000][2.859s][info ][gc,metaspace] GC(1) Metaspace: 2121K(2368K)->2121K(2368K) NonClass: 1915K(2048K)->1915K(2048K) Class: 206K(320K)->206K(320K)
[2025-06-05T16:35:22.079+0000][2.859s][info ][gc          ] GC(1) Pause Young (Normal) (G1 Evacuation Pause) 24M->8M(64M) 15.416ms
[2025-06-05T16:35:22.079+0000][2.859s][info ][gc,cpu      ] GC(1) User=0.01s Sys=0.01s Real=0.02s
[2025-06-05T16:35:22.079+0000][2.859s][info ][safepoint   ] Safepoint "G1CollectForAllocation", Time since last: 977867584 ns, Reaching safepoint: 134834 ns, Cleanup: 51875 ns, At safepoint: 15556041 ns, Total: 15742750 ns
[2025-06-05T16:35:22.347+0000][3.127s][debug][safepoint   ] Safepoint synchronization initiated using futex wait barrier. (12 threads)
[2025-06-05T16:35:22.347+0000][3.127s][info ][gc,start    ] GC(2) Pause Young (Normal) (G1 Evacuation Pause)
[2025-06-05T16:35:22.347+0000][3.127s][info ][gc,task     ] GC(2) Using 2 workers of 2 for evacuation
[2025-06-05T16:35:22.360+0000][3.139s][info ][gc,phases   ] GC(2)   Pre Evacuate Collection Set: 0.2ms
[2025-06-05T16:35:22.360+0000][3.139s][info ][gc,phases   ] GC(2)   Merge Heap Roots: 0.2ms
[2025-06-05T16:35:22.360+0000][3.140s][info ][gc,phases   ] GC(2)   Evacuate Collection Set: 11.2ms
[2025-06-05T16:35:22.360+0000][3.140s][info ][gc,phases   ] GC(2)   Post Evacuate Collection Set: 0.5ms
[2025-06-05T16:35:22.360+0000][3.140s][info ][gc,phases   ] GC(2)   Other: 0.3ms
[2025-06-05T16:35:22.360+0000][3.140s][info ][gc,heap     ] GC(2) Eden regions: 30->0(29)
[2025-06-05T16:35:22.360+0000][3.140s][info ][gc,heap     ] GC(2) Survivor regions: 3->3(5)
[2025-06-05T16:35:22.360+0000][3.140s][info ][gc,heap     ] GC(2) Old regions: 5->8
[2025-06-05T16:35:22.360+0000][3.140s][info ][gc,heap     ] GC(2) Archive regions: 2->2
[2025-06-05T16:35:22.360+0000][3.140s][info ][gc,heap     ] GC(2) Humongous regions: 0->0
[2025-06-05T16:35:22.360+0000][3.140s][info ][gc,metaspace] GC(2) Metaspace: 3091K(3328K)->3091K(3328K) NonClass: 2794K(2880K)->2794K(2880K) Class: 297K(448K)->297K(448K)
[2025-06-05T16:35:22.360+0000][3.140s][info ][gc          ] GC(2) Pause Young (Normal) (G1 Evacuation Pause) 38M->10M(64M) 12.723ms
[2025-06-05T16:35:22.360+0000][3.140s][info ][gc,cpu      ] GC(2) User=0.00s Sys=0.02s Real=0.02s
[2025-06-05T16:35:22.360+0000][3.140s][info ][safepoint   ] Safepoint "G1CollectForAllocation", Time since last: 267812042 ns, Reaching safepoint: 267667 ns, Cleanup: 77333 ns, At safepoint: 12825458 ns, Total: 13170458 ns
[2025-06-05T16:35:22.514+0000][3.294s][debug][safepoint   ] Safepoint synchronization initiated using futex wait barrier. (12 threads)
[2025-06-05T16:35:22.516+0000][3.295s][info ][gc,start    ] GC(3) Pause Young (Normal) (G1 Evacuation Pause)
[2025-06-05T16:35:22.516+0000][3.295s][info ][gc,task     ] GC(3) Using 2 workers of 2 for evacuation
[2025-06-05T16:35:22.518+0000][3.298s][info ][gc,phases   ] GC(3)   Pre Evacuate Collection Set: 0.1ms
[2025-06-05T16:35:22.518+0000][3.298s][info ][gc,phases   ] GC(3)   Merge Heap Roots: 0.1ms
[2025-06-05T16:35:22.518+0000][3.298s][info ][gc,phases   ] GC(3)   Evacuate Collection Set: 1.5ms
[2025-06-05T16:35:22.518+0000][3.298s][info ][gc,phases   ] GC(3)   Post Evacuate Collection Set: 0.4ms
[2025-06-05T16:35:22.518+0000][3.298s][info ][gc,phases   ] GC(3)   Other: 0.3ms
[2025-06-05T16:35:22.518+0000][3.298s][info ][gc,heap     ] GC(3) Eden regions: 29->0(32)
[2025-06-05T16:35:22.518+0000][3.298s][info ][gc,heap     ] GC(3) Survivor regions: 3->1(4)
[2025-06-05T16:35:22.518+0000][3.298s][info ][gc,heap     ] GC(3) Old regions: 8->10
[2025-06-05T16:35:22.518+0000][3.298s][info ][gc,heap     ] GC(3) Archive regions: 2->2
[2025-06-05T16:35:22.518+0000][3.298s][info ][gc,heap     ] GC(3) Humongous regions: 0->0
[2025-06-05T16:35:22.518+0000][3.298s][info ][gc,metaspace] GC(3) Metaspace: 4676K(4928K)->4676K(4928K) NonClass: 4144K(4288K)->4144K(4288K) Class: 531K(640K)->531K(640K)
[2025-06-05T16:35:22.518+0000][3.298s][info ][gc          ] GC(3) Pause Young (Normal) (G1 Evacuation Pause) 39M->11M(64M) 2.711ms
[2025-06-05T16:35:22.518+0000][3.298s][info ][gc,cpu      ] GC(3) User=0.01s Sys=0.00s Real=0.01s
[2025-06-05T16:35:22.518+0000][3.298s][info ][safepoint   ] Safepoint "G1CollectForAllocation", Time since last: 154265042 ns, Reaching safepoint: 1178500 ns, Cleanup: 34708 ns, At safepoint: 2803167 ns, Total: 4016375 ns
[2025-06-05T16:35:22.627+0000][3.407s][debug][safepoint   ] Safepoint synchronization initiated using futex wait barrier. (13 threads)
[2025-06-05T16:35:22.627+0000][3.407s][info ][gc,start    ] GC(4) Pause Young (Normal) (G1 Evacuation Pause)
[2025-06-05T16:35:22.627+0000][3.407s][info ][gc,task     ] GC(4) Using 2 workers of 2 for evacuation
[2025-06-05T16:35:22.630+0000][3.409s][info ][gc,phases   ] GC(4)   Pre Evacuate Collection Set: 0.1ms
[2025-06-05T16:35:22.630+0000][3.409s][info ][gc,phases   ] GC(4)   Merge Heap Roots: 0.1ms
[2025-06-05T16:35:22.630+0000][3.409s][info ][gc,phases   ] GC(4)   Evacuate Collection Set: 1.4ms
[2025-06-05T16:35:22.630+0000][3.409s][info ][gc,phases   ] GC(4)   Post Evacuate Collection Set: 0.4ms
[2025-06-05T16:35:22.630+0000][3.409s][info ][gc,phases   ] GC(4)   Other: 0.2ms
[2025-06-05T16:35:22.630+0000][3.410s][info ][gc,heap     ] GC(4) Eden regions: 32->0(36)
[2025-06-05T16:35:22.630+0000][3.410s][info ][gc,heap     ] GC(4) Survivor regions: 1->1(5)
[2025-06-05T16:35:22.630+0000][3.410s][info ][gc,heap     ] GC(4) Old regions: 10->10
[2025-06-05T16:35:22.630+0000][3.410s][info ][gc,heap     ] GC(4) Archive regions: 2->2
[2025-06-05T16:35:22.630+0000][3.410s][info ][gc,heap     ] GC(4) Humongous regions: 0->0
[2025-06-05T16:35:22.630+0000][3.410s][info ][gc,metaspace] GC(4) Metaspace: 5826K(6080K)->5826K(6080K) NonClass: 5108K(5248K)->5108K(5248K) Class: 718K(832K)->718K(832K)
[2025-06-05T16:35:22.630+0000][3.410s][info ][gc          ] GC(4) Pause Young (Normal) (G1 Evacuation Pause) 43M->11M(64M) 2.760ms
[2025-06-05T16:35:22.630+0000][3.410s][info ][gc,cpu      ] GC(4) User=0.01s Sys=0.01s Real=0.01s
[2025-06-05T16:35:22.630+0000][3.410s][info ][safepoint   ] Safepoint "G1CollectForAllocation", Time since last: 108537000 ns, Reaching safepoint: 150042 ns, Cleanup: 223958 ns, At safepoint: 2876500 ns, Total: 3250500 ns
[2025-06-05T16:35:22.887+0000][3.667s][debug][safepoint   ] Safepoint synchronization initiated using futex wait barrier. (13 threads)
[2025-06-05T16:35:22.889+0000][3.668s][info ][gc,start    ] GC(5) Pause Young (Normal) (G1 Evacuation Pause)
[2025-06-05T16:35:22.889+0000][3.668s][info ][gc,task     ] GC(5) Using 2 workers of 2 for evacuation
[2025-06-05T16:35:22.909+0000][3.688s][info ][gc,phases   ] GC(5)   Pre Evacuate Collection Set: 0.1ms
[2025-06-05T16:35:22.909+0000][3.688s][info ][gc,phases   ] GC(5)   Merge Heap Roots: 0.1ms
[2025-06-05T16:35:22.909+0000][3.688s][info ][gc,phases   ] GC(5)   Evacuate Collection Set: 18.8ms
[2025-06-05T16:35:22.909+0000][3.688s][info ][gc,phases   ] GC(5)   Post Evacuate Collection Set: 0.7ms
[2025-06-05T16:35:22.909+0000][3.688s][info ][gc,phases   ] GC(5)   Other: 0.2ms
[2025-06-05T16:35:22.909+0000][3.688s][info ][gc,heap     ] GC(5) Eden regions: 36->0(52)
[2025-06-05T16:35:22.909+0000][3.689s][info ][gc,heap     ] GC(5) Survivor regions: 1->2(5)
[2025-06-05T16:35:22.909+0000][3.689s][info ][gc,heap     ] GC(5) Old regions: 10->10
[2025-06-05T16:35:22.909+0000][3.689s][info ][gc,heap     ] GC(5) Archive regions: 2->2
[2025-06-05T16:35:22.909+0000][3.689s][info ][gc,heap     ] GC(5) Humongous regions: 0->0
[2025-06-05T16:35:22.909+0000][3.689s][info ][gc,metaspace] GC(5) Metaspace: 7425K(7744K)->7425K(7744K) NonClass: 6511K(6656K)->6511K(6656K) Class: 913K(1088K)->913K(1088K)
[2025-06-05T16:35:22.909+0000][3.689s][info ][gc          ] GC(5) Pause Young (Normal) (G1 Evacuation Pause) 47M->12M(91M) 20.241ms
[2025-06-05T16:35:22.909+0000][3.689s][info ][gc,cpu      ] GC(5) User=0.02s Sys=0.01s Real=0.02s
[2025-06-05T16:35:22.909+0000][3.689s][info ][safepoint   ] Safepoint "G1CollectForAllocation", Time since last: 257060125 ns, Reaching safepoint: 1365834 ns, Cleanup: 58125 ns, At safepoint: 20322333 ns, Total: 21746292 ns
[2025-06-05T16:35:23.484+0000][4.264s][debug][safepoint   ] Safepoint synchronization initiated using futex wait barrier. (13 threads)
[2025-06-05T16:35:23.485+0000][4.264s][info ][gc,start    ] GC(6) Pause Young (Normal) (G1 Evacuation Pause)
[2025-06-05T16:35:23.485+0000][4.264s][info ][gc,task     ] GC(6) Using 2 workers of 2 for evacuation
[2025-06-05T16:35:23.489+0000][4.269s][info ][gc,phases   ] GC(6)   Pre Evacuate Collection Set: 0.1ms
[2025-06-05T16:35:23.489+0000][4.269s][info ][gc,phases   ] GC(6)   Merge Heap Roots: 0.1ms
[2025-06-05T16:35:23.489+0000][4.269s][info ][gc,phases   ] GC(6)   Evacuate Collection Set: 2.8ms
[2025-06-05T16:35:23.489+0000][4.269s][info ][gc,phases   ] GC(6)   Post Evacuate Collection Set: 1.1ms
[2025-06-05T16:35:23.489+0000][4.269s][info ][gc,phases   ] GC(6)   Other: 0.2ms
[2025-06-05T16:35:23.489+0000][4.269s][info ][gc,heap     ] GC(6) Eden regions: 52->0(51)
[2025-06-05T16:35:23.489+0000][4.269s][info ][gc,heap     ] GC(6) Survivor regions: 2->3(7)
[2025-06-05T16:35:23.489+0000][4.269s][info ][gc,heap     ] GC(6) Old regions: 10->10
[2025-06-05T16:35:23.489+0000][4.269s][info ][gc,heap     ] GC(6) Archive regions: 2->2
[2025-06-05T16:35:23.489+0000][4.269s][info ][gc,heap     ] GC(6) Humongous regions: 0->0
[2025-06-05T16:35:23.489+0000][4.269s][info ][gc,metaspace] GC(6) Metaspace: 10266K(10560K)->10266K(10560K) NonClass: 8943K(9088K)->8943K(9088K) Class: 1322K(1472K)->1322K(1472K)
[2025-06-05T16:35:23.489+0000][4.269s][info ][gc          ] GC(6) Pause Young (Normal) (G1 Evacuation Pause) 64M->13M(91M) 4.839ms
[2025-06-05T16:35:23.490+0000][4.269s][info ][gc,cpu      ] GC(6) User=0.00s Sys=0.00s Real=0.01s
[2025-06-05T16:35:23.490+0000][4.269s][info ][safepoint   ] Safepoint "G1CollectForAllocation", Time since last: 575434417 ns, Reaching safepoint: 110417 ns, Cleanup: 51958 ns, At safepoint: 4999750 ns, Total: 5162125 ns
[2025-06-05T16:35:23.618+0000][4.398s][debug][safepoint   ] Safepoint synchronization initiated using futex wait barrier. (13 threads)
[2025-06-05T16:35:23.618+0000][4.398s][info ][gc,start    ] GC(7) Pause Young (Normal) (G1 Evacuation Pause)
[2025-06-05T16:35:23.618+0000][4.398s][info ][gc,task     ] GC(7) Using 2 workers of 2 for evacuation
[2025-06-05T16:35:23.622+0000][4.401s][info ][gc,phases   ] GC(7)   Pre Evacuate Collection Set: 0.1ms
[2025-06-05T16:35:23.622+0000][4.402s][info ][gc,phases   ] GC(7)   Merge Heap Roots: 0.1ms
[2025-06-05T16:35:23.622+0000][4.402s][info ][gc,phases   ] GC(7)   Evacuate Collection Set: 2.6ms
[2025-06-05T16:35:23.622+0000][4.402s][info ][gc,phases   ] GC(7)   Post Evacuate Collection Set: 0.4ms
[2025-06-05T16:35:23.622+0000][4.402s][info ][gc,phases   ] GC(7)   Other: 0.2ms
[2025-06-05T16:35:23.622+0000][4.402s][info ][gc,heap     ] GC(7) Eden regions: 51->0(51)
[2025-06-05T16:35:23.622+0000][4.402s][info ][gc,heap     ] GC(7) Survivor regions: 3->3(7)
[2025-06-05T16:35:23.622+0000][4.402s][info ][gc,heap     ] GC(7) Old regions: 10->10
[2025-06-05T16:35:23.622+0000][4.402s][info ][gc,heap     ] GC(7) Archive regions: 2->2
[2025-06-05T16:35:23.622+0000][4.402s][info ][gc,heap     ] GC(7) Humongous regions: 0->0
[2025-06-05T16:35:23.622+0000][4.402s][info ][gc,metaspace] GC(7) Metaspace: 11326K(11648K)->11326K(11648K) NonClass: 9842K(10048K)->9842K(10048K) Class: 1483K(1600K)->1483K(1600K)
[2025-06-05T16:35:23.622+0000][4.402s][info ][gc          ] GC(7) Pause Young (Normal) (G1 Evacuation Pause) 64M->13M(91M) 3.839ms
[2025-06-05T16:35:23.622+0000][4.402s][info ][gc,cpu      ] GC(7) User=0.01s Sys=0.00s Real=0.00s
[2025-06-05T16:35:23.622+0000][4.402s][info ][safepoint   ] Safepoint "G1CollectForAllocation", Time since last: 128410542 ns, Reaching safepoint: 307875 ns, Cleanup: 26625 ns, At safepoint: 3943291 ns, Total: 4277791 ns
[2025-06-05T16:35:23.661+0000][4.440s][debug][safepoint   ] Safepoint synchronization initiated using futex wait barrier. (13 threads)
[2025-06-05T16:35:23.662+0000][4.442s][info ][safepoint   ] Safepoint "ICBufferFull", Time since last: 38292834 ns, Reaching safepoint: 1547250 ns, Cleanup: 47000 ns, At safepoint: 8250 ns, Total: 1602500 ns
[2025-06-05T16:35:23.662+0000][4.442s][debug][safepoint   ] Safepoint synchronization initiated using futex wait barrier. (13 threads)
[2025-06-05T16:35:23.663+0000][4.443s][info ][safepoint   ] Safepoint "ICBufferFull", Time since last: 135791 ns, Reaching safepoint: 1059167 ns, Cleanup: 19625 ns, At safepoint: 8250 ns, Total: 1087042 ns
[2025-06-05T16:35:23.702+0000][4.482s][debug][safepoint   ] Safepoint synchronization initiated using futex wait barrier. (13 threads)
[2025-06-05T16:35:23.703+0000][4.482s][info ][safepoint   ] Safepoint "ICBufferFull", Time since last: 39092250 ns, Reaching safepoint: 98583 ns, Cleanup: 54042 ns, At safepoint: 1208 ns, Total: 153833 ns
[2025-06-05T16:35:23.752+0000][4.532s][debug][safepoint   ] Safepoint synchronization initiated using futex wait barrier. (12 threads)
[2025-06-05T16:35:23.752+0000][4.532s][info ][safepoint   ] Safepoint "ICBufferFull", Time since last: 49604209 ns, Reaching safepoint: 113833 ns, Cleanup: 54750 ns, At safepoint: 1167 ns, Total: 169750 ns
[2025-06-05T16:35:23.898+0000][4.678s][debug][safepoint   ] Safepoint synchronization initiated using futex wait barrier. (14 threads)
[2025-06-05T16:35:23.898+0000][4.678s][info ][gc,start    ] GC(8) Pause Young (Normal) (G1 Evacuation Pause)
[2025-06-05T16:35:23.898+0000][4.678s][info ][gc,task     ] GC(8) Using 2 workers of 2 for evacuation
[2025-06-05T16:35:23.903+0000][4.683s][info ][gc,phases   ] GC(8)   Pre Evacuate Collection Set: 0.1ms
[2025-06-05T16:35:23.903+0000][4.683s][info ][gc,phases   ] GC(8)   Merge Heap Roots: 0.1ms
[2025-06-05T16:35:23.903+0000][4.683s][info ][gc,phases   ] GC(8)   Evacuate Collection Set: 4.2ms
[2025-06-05T16:35:23.903+0000][4.683s][info ][gc,phases   ] GC(8)   Post Evacuate Collection Set: 0.5ms
[2025-06-05T16:35:23.903+0000][4.683s][info ][gc,phases   ] GC(8)   Other: 0.2ms
[2025-06-05T16:35:23.903+0000][4.683s][info ][gc,heap     ] GC(8) Eden regions: 51->0(48)
[2025-06-05T16:35:23.903+0000][4.683s][info ][gc,heap     ] GC(8) Survivor regions: 3->6(7)
[2025-06-05T16:35:23.903+0000][4.683s][info ][gc,heap     ] GC(8) Old regions: 10->10
[2025-06-05T16:35:23.903+0000][4.683s][info ][gc,heap     ] GC(8) Archive regions: 2->2
[2025-06-05T16:35:23.903+0000][4.683s][info ][gc,heap     ] GC(8) Humongous regions: 0->0
[2025-06-05T16:35:23.903+0000][4.683s][info ][gc,metaspace] GC(8) Metaspace: 13415K(13696K)->13415K(13696K) NonClass: 11678K(11840K)->11678K(11840K) Class: 1736K(1856K)->1736K(1856K)
[2025-06-05T16:35:23.903+0000][4.683s][info ][gc          ] GC(8) Pause Young (Normal) (G1 Evacuation Pause) 64M->16M(91M) 5.426ms
[2025-06-05T16:35:23.904+0000][4.683s][info ][gc,cpu      ] GC(8) User=0.01s Sys=0.00s Real=0.01s
[2025-06-05T16:35:23.904+0000][4.683s][info ][safepoint   ] Safepoint "G1CollectForAllocation", Time since last: 145396666 ns, Reaching safepoint: 172125 ns, Cleanup: 41875 ns, At safepoint: 5532250 ns, Total: 5746250 ns
[2025-06-05T16:35:24.013+0000][4.793s][debug][safepoint   ] Safepoint synchronization initiated using futex wait barrier. (14 threads)
[2025-06-05T16:35:24.013+0000][4.793s][info ][gc,start    ] GC(9) Pause Young (Normal) (G1 Evacuation Pause)
[2025-06-05T16:35:24.013+0000][4.793s][info ][gc,task     ] GC(9) Using 2 workers of 2 for evacuation
[2025-06-05T16:35:24.028+0000][4.807s][info ][gc,phases   ] GC(9)   Pre Evacuate Collection Set: 0.1ms
[2025-06-05T16:35:24.028+0000][4.808s][info ][gc,phases   ] GC(9)   Merge Heap Roots: 0.0ms
[2025-06-05T16:35:24.028+0000][4.808s][info ][gc,phases   ] GC(9)   Evacuate Collection Set: 13.7ms
[2025-06-05T16:35:24.028+0000][4.808s][info ][gc,phases   ] GC(9)   Post Evacuate Collection Set: 0.5ms
[2025-06-05T16:35:24.028+0000][4.808s][info ][gc,phases   ] GC(9)   Other: 0.1ms
[2025-06-05T16:35:24.028+0000][4.808s][info ][gc,heap     ] GC(9) Eden regions: 48->0(50)
[2025-06-05T16:35:24.028+0000][4.808s][info ][gc,heap     ] GC(9) Survivor regions: 6->4(7)
[2025-06-05T16:35:24.028+0000][4.808s][info ][gc,heap     ] GC(9) Old regions: 10->12
[2025-06-05T16:35:24.028+0000][4.808s][info ][gc,heap     ] GC(9) Archive regions: 2->2
[2025-06-05T16:35:24.028+0000][4.808s][info ][gc,heap     ] GC(9) Humongous regions: 0->0
[2025-06-05T16:35:24.028+0000][4.808s][info ][gc,metaspace] GC(9) Metaspace: 15012K(15360K)->15012K(15360K) NonClass: 13054K(13248K)->13054K(13248K) Class: 1957K(2112K)->1957K(2112K)
[2025-06-05T16:35:24.028+0000][4.808s][info ][gc          ] GC(9) Pause Young (Normal) (G1 Evacuation Pause) 64M->16M(91M) 14.943ms
[2025-06-05T16:35:24.028+0000][4.808s][info ][gc,cpu      ] GC(9) User=0.01s Sys=0.01s Real=0.01s
[2025-06-05T16:35:24.028+0000][4.808s][info ][safepoint   ] Safepoint "G1CollectForAllocation", Time since last: 109540792 ns, Reaching safepoint: 104417 ns, Cleanup: 42208 ns, At safepoint: 15024584 ns, Total: 15171209 ns
[2025-06-05T16:35:24.147+0000][4.927s][debug][safepoint   ] Safepoint synchronization initiated using futex wait barrier. (14 threads)
[2025-06-05T16:35:24.147+0000][4.927s][info ][gc,start    ] GC(10) Pause Young (Normal) (G1 Evacuation Pause)
[2025-06-05T16:35:24.147+0000][4.927s][info ][gc,task     ] GC(10) Using 2 workers of 2 for evacuation
[2025-06-05T16:35:24.152+0000][4.932s][info ][gc,phases   ] GC(10)   Pre Evacuate Collection Set: 0.1ms
[2025-06-05T16:35:24.152+0000][4.932s][info ][gc,phases   ] GC(10)   Merge Heap Roots: 0.1ms
[2025-06-05T16:35:24.153+0000][4.932s][info ][gc,phases   ] GC(10)   Evacuate Collection Set: 3.2ms
[2025-06-05T16:35:24.153+0000][4.932s][info ][gc,phases   ] GC(10)   Post Evacuate Collection Set: 1.5ms
[2025-06-05T16:35:24.153+0000][4.932s][info ][gc,phases   ] GC(10)   Other: 0.2ms
[2025-06-05T16:35:24.153+0000][4.932s][info ][gc,heap     ] GC(10) Eden regions: 50->0(81)
[2025-06-05T16:35:24.153+0000][4.932s][info ][gc,heap     ] GC(10) Survivor regions: 4->4(7)
[2025-06-05T16:35:24.153+0000][4.932s][info ][gc,heap     ] GC(10) Old regions: 12->13
[2025-06-05T16:35:24.153+0000][4.932s][info ][gc,heap     ] GC(10) Archive regions: 2->2
[2025-06-05T16:35:24.153+0000][4.932s][info ][gc,heap     ] GC(10) Humongous regions: 0->0
[2025-06-05T16:35:24.153+0000][4.932s][info ][gc,metaspace] GC(10) Metaspace: 16240K(16576K)->16240K(16576K) NonClass: 14031K(14208K)->14031K(14208K) Class: 2209K(2368K)->2209K(2368K)
[2025-06-05T16:35:24.153+0000][4.933s][info ][gc          ] GC(10) Pause Young (Normal) (G1 Evacuation Pause) 66M->17M(142M) 5.436ms
[2025-06-05T16:35:24.153+0000][4.933s][info ][gc,cpu      ] GC(10) User=0.01s Sys=0.00s Real=0.01s
[2025-06-05T16:35:24.153+0000][4.933s][info ][safepoint   ] Safepoint "G1CollectForAllocation", Time since last: 118901333 ns, Reaching safepoint: 107667 ns, Cleanup: 46750 ns, At safepoint: 5533458 ns, Total: 5687875 ns
[2025-06-05T16:35:24.206+0000][4.986s][info ][cds,heap    ] initialize_from_archived_subgraph java.lang.Byte$ByteCache 0x000000b0000395f8
[2025-06-05T16:35:24.206+0000][4.986s][info ][cds,heap    ] initialize_from_archived_subgraph java.lang.Short$ShortCache 0x000000b00003fce8
[2025-06-05T16:35:24.512+0000][5.292s][debug][safepoint   ] Safepoint synchronization initiated using futex wait barrier. (14 threads)
[2025-06-05T16:35:24.513+0000][5.292s][info ][gc,start    ] GC(11) Pause Young (Normal) (G1 Evacuation Pause)
[2025-06-05T16:35:24.513+0000][5.292s][info ][gc,task     ] GC(11) Using 2 workers of 2 for evacuation
[2025-06-05T16:35:24.518+0000][5.297s][info ][gc,phases   ] GC(11)   Pre Evacuate Collection Set: 0.1ms
[2025-06-05T16:35:24.518+0000][5.297s][info ][gc,phases   ] GC(11)   Merge Heap Roots: 0.1ms
[2025-06-05T16:35:24.518+0000][5.298s][info ][gc,phases   ] GC(11)   Evacuate Collection Set: 4.4ms
[2025-06-05T16:35:24.518+0000][5.298s][info ][gc,phases   ] GC(11)   Post Evacuate Collection Set: 0.5ms
[2025-06-05T16:35:24.518+0000][5.298s][info ][gc,phases   ] GC(11)   Other: 0.2ms
[2025-06-05T16:35:24.518+0000][5.298s][info ][gc,heap     ] GC(11) Eden regions: 81->0(78)
[2025-06-05T16:35:24.518+0000][5.298s][info ][gc,heap     ] GC(11) Survivor regions: 4->7(11)
[2025-06-05T16:35:24.518+0000][5.298s][info ][gc,heap     ] GC(11) Old regions: 13->13
[2025-06-05T16:35:24.518+0000][5.298s][info ][gc,heap     ] GC(11) Archive regions: 2->2
[2025-06-05T16:35:24.518+0000][5.298s][info ][gc,heap     ] GC(11) Humongous regions: 0->0
[2025-06-05T16:35:24.518+0000][5.298s][info ][gc,metaspace] GC(11) Metaspace: 19549K(19904K)->19549K(19904K) NonClass: 17007K(17216K)->17007K(17216K) Class: 2542K(2688K)->2542K(2688K)
[2025-06-05T16:35:24.518+0000][5.298s][info ][gc          ] GC(11) Pause Young (Normal) (G1 Evacuation Pause) 98M->19M(142M) 5.550ms
[2025-06-05T16:35:24.518+0000][5.298s][info ][gc,cpu      ] GC(11) User=0.01s Sys=0.00s Real=0.00s
[2025-06-05T16:35:24.518+0000][5.298s][info ][safepoint   ] Safepoint "G1CollectForAllocation", Time since last: 359304500 ns, Reaching safepoint: 281375 ns, Cleanup: 69125 ns, At safepoint: 5633958 ns, Total: 5984458 ns
[2025-06-05T16:35:24.612+0000][5.391s][debug][safepoint   ] Safepoint synchronization initiated using futex wait barrier. (14 threads)
[2025-06-05T16:35:24.612+0000][5.391s][info ][gc,start    ] GC(12) Pause Young (Concurrent Start) (Metadata GC Threshold)
[2025-06-05T16:35:24.612+0000][5.392s][info ][gc,task     ] GC(12) Using 2 workers of 2 for evacuation
[2025-06-05T16:35:24.620+0000][5.400s][info ][gc,phases   ] GC(12)   Pre Evacuate Collection Set: 0.1ms
[2025-06-05T16:35:24.620+0000][5.400s][info ][gc,phases   ] GC(12)   Merge Heap Roots: 0.0ms
[2025-06-05T16:35:24.620+0000][5.400s][info ][gc,phases   ] GC(12)   Evacuate Collection Set: 7.4ms
[2025-06-05T16:35:24.620+0000][5.400s][info ][gc,phases   ] GC(12)   Post Evacuate Collection Set: 0.4ms
[2025-06-05T16:35:24.620+0000][5.400s][info ][gc,phases   ] GC(12)   Other: 0.2ms
[2025-06-05T16:35:24.620+0000][5.400s][info ][gc,heap     ] GC(12) Eden regions: 21->0(80)
[2025-06-05T16:35:24.620+0000][5.400s][info ][gc,heap     ] GC(12) Survivor regions: 7->5(11)
[2025-06-05T16:35:24.620+0000][5.400s][info ][gc,heap     ] GC(12) Old regions: 13->15
[2025-06-05T16:35:24.620+0000][5.400s][info ][gc,heap     ] GC(12) Archive regions: 2->2
[2025-06-05T16:35:24.620+0000][5.400s][info ][gc,heap     ] GC(12) Humongous regions: 0->0
[2025-06-05T16:35:24.620+0000][5.400s][info ][gc,metaspace] GC(12) Metaspace: 21236K(21504K)->21236K(21504K) NonClass: 18460K(18624K)->18460K(18624K) Class: 2775K(2880K)->2775K(2880K)
[2025-06-05T16:35:24.620+0000][5.400s][info ][gc          ] GC(12) Pause Young (Concurrent Start) (Metadata GC Threshold) 40M->20M(142M) 8.551ms
[2025-06-05T16:35:24.620+0000][5.400s][info ][gc,cpu      ] GC(12) User=0.01s Sys=0.01s Real=0.01s
[2025-06-05T16:35:24.620+0000][5.400s][info ][safepoint   ] Safepoint "CollectForMetadataAllocation", Time since last: 93402334 ns, Reaching safepoint: 170083 ns, Cleanup: 18833 ns, At safepoint: 8728625 ns, Total: 8917541 ns
[2025-06-05T16:35:24.621+0000][5.400s][info ][gc          ] GC(13) Concurrent Mark Cycle
[2025-06-05T16:35:24.621+0000][5.401s][info ][gc,marking  ] GC(13) Concurrent Clear Claimed Marks
[2025-06-05T16:35:24.621+0000][5.401s][info ][gc,marking  ] GC(13) Concurrent Clear Claimed Marks 0.083ms
[2025-06-05T16:35:24.621+0000][5.401s][info ][gc,marking  ] GC(13) Concurrent Scan Root Regions
[2025-06-05T16:35:24.624+0000][5.404s][info ][gc,marking  ] GC(13) Concurrent Scan Root Regions 2.724ms
[2025-06-05T16:35:24.624+0000][5.404s][info ][gc,marking  ] GC(13) Concurrent Mark
[2025-06-05T16:35:24.624+0000][5.404s][info ][gc,marking  ] GC(13) Concurrent Mark From Roots
[2025-06-05T16:35:24.624+0000][5.404s][info ][gc,task     ] GC(13) Using 1 workers of 1 for marking
[2025-06-05T16:35:24.635+0000][5.415s][debug][safepoint   ] Safepoint synchronization initiated using futex wait barrier. (14 threads)
[2025-06-05T16:35:24.637+0000][5.416s][info ][safepoint   ] Safepoint "CollectForMetadataAllocation", Time since last: 14827084 ns, Reaching safepoint: 1199166 ns, Cleanup: 9334 ns, At safepoint: 24541 ns, Total: 1233041 ns
[2025-06-05T16:35:24.637+0000][5.416s][info ][gc,marking  ] GC(13) Concurrent Mark From Roots 12.442ms
[2025-06-05T16:35:24.637+0000][5.417s][info ][gc,marking  ] GC(13) Concurrent Preclean
[2025-06-05T16:35:24.637+0000][5.416s][debug][safepoint   ] Safepoint synchronization initiated using futex wait barrier. (14 threads)
[2025-06-05T16:35:24.637+0000][5.417s][info ][safepoint   ] Safepoint "CollectForMetadataAllocation", Time since last: 197417 ns, Reaching safepoint: 744250 ns, Cleanup: 1750 ns, At safepoint: 11000 ns, Total: 757000 ns
[2025-06-05T16:35:24.638+0000][5.417s][info ][gc,marking  ] GC(13) Concurrent Preclean 0.871ms
[2025-06-05T16:35:24.638+0000][5.417s][debug][safepoint   ] Safepoint synchronization initiated using futex wait barrier. (14 threads)
[2025-06-05T16:35:24.639+0000][5.418s][info ][gc,start    ] GC(13) Pause Remark
[2025-06-05T16:35:24.641+0000][5.420s][info ][gc          ] GC(13) Pause Remark 24M->24M(90M) 2.184ms
[2025-06-05T16:35:24.641+0000][5.420s][info ][gc,cpu      ] GC(13) User=0.00s Sys=0.00s Real=0.00s
[2025-06-05T16:35:24.641+0000][5.421s][info ][safepoint   ] Safepoint "G1PauseRemark", Time since last: 266292 ns, Reaching safepoint: 747958 ns, Cleanup: 1375 ns, At safepoint: 2312208 ns, Total: 3061541 ns
[2025-06-05T16:35:24.641+0000][5.421s][info ][gc,marking  ] GC(13) Concurrent Mark 16.995ms
[2025-06-05T16:35:24.641+0000][5.421s][info ][gc,marking  ] GC(13) Concurrent Rebuild Remembered Sets
[2025-06-05T16:35:24.649+0000][5.429s][info ][gc,marking  ] GC(13) Concurrent Rebuild Remembered Sets 7.819ms
[2025-06-05T16:35:24.650+0000][5.429s][debug][safepoint   ] Safepoint synchronization initiated using futex wait barrier. (14 threads)
[2025-06-05T16:35:24.650+0000][5.429s][debug][safepoint   ] ... found polling page loop exception at pc = 0x0000ffff95026564, stub =0x0000ffff9497ef00
[2025-06-05T16:35:24.651+0000][5.430s][info ][gc,start    ] GC(13) Pause Cleanup
[2025-06-05T16:35:24.651+0000][5.430s][info ][gc          ] GC(13) Pause Cleanup 26M->26M(90M) 0.098ms
[2025-06-05T16:35:24.651+0000][5.430s][info ][gc,cpu      ] GC(13) User=0.00s Sys=0.00s Real=0.00s
[2025-06-05T16:35:24.651+0000][5.430s][info ][safepoint   ] Safepoint "G1PauseCleanup", Time since last: 8728667 ns, Reaching safepoint: 980750 ns, Cleanup: 3250 ns, At safepoint: 178333 ns, Total: 1162333 ns
[2025-06-05T16:35:24.652+0000][5.432s][info ][gc,marking  ] GC(13) Concurrent Cleanup for Next Mark
[2025-06-05T16:35:24.681+0000][5.460s][info ][gc,marking  ] GC(13) Concurrent Cleanup for Next Mark 28.412ms
[2025-06-05T16:35:24.681+0000][5.461s][info ][gc          ] GC(13) Concurrent Mark Cycle 60.315ms
[2025-06-05T16:35:24.827+0000][5.607s][debug][safepoint   ] Safepoint synchronization initiated using futex wait barrier. (14 threads)
[2025-06-05T16:35:24.828+0000][5.608s][info ][safepoint   ] Safepoint "ICBufferFull", Time since last: 176752459 ns, Reaching safepoint: 922833 ns, Cleanup: 76917 ns, At safepoint: 8708 ns, Total: 1008458 ns
[2025-06-05T16:35:24.883+0000][5.663s][debug][safepoint   ] Safepoint synchronization initiated using futex wait barrier. (13 threads)
[2025-06-05T16:35:24.884+0000][5.663s][info ][gc,start    ] GC(14) Pause Young (Concurrent Start) (G1 Preventive Collection)
[2025-06-05T16:35:24.884+0000][5.663s][info ][gc,task     ] GC(14) Using 2 workers of 2 for evacuation
[2025-06-05T16:35:24.891+0000][5.670s][info ][gc,phases   ] GC(14)   Pre Evacuate Collection Set: 0.2ms
[2025-06-05T16:35:24.891+0000][5.671s][info ][gc,phases   ] GC(14)   Merge Heap Roots: 0.1ms
[2025-06-05T16:35:24.891+0000][5.671s][info ][gc,phases   ] GC(14)   Evacuate Collection Set: 5.3ms
[2025-06-05T16:35:24.891+0000][5.671s][info ][gc,phases   ] GC(14)   Post Evacuate Collection Set: 1.5ms
[2025-06-05T16:35:24.891+0000][5.671s][info ][gc,phases   ] GC(14)   Other: 0.2ms
[2025-06-05T16:35:24.891+0000][5.671s][info ][gc,heap     ] GC(14) Eden regions: 60->0(47)
[2025-06-05T16:35:24.891+0000][5.671s][info ][gc,heap     ] GC(14) Survivor regions: 5->7(11)
[2025-06-05T16:35:24.891+0000][5.671s][info ][gc,heap     ] GC(14) Old regions: 15->15
[2025-06-05T16:35:24.891+0000][5.671s][info ][gc,heap     ] GC(14) Archive regions: 2->2
[2025-06-05T16:35:24.891+0000][5.671s][info ][gc,heap     ] GC(14) Humongous regions: 0->0
[2025-06-05T16:35:24.891+0000][5.671s][info ][gc,metaspace] GC(14) Metaspace: 24136K(24448K)->24136K(24448K) NonClass: 20980K(21120K)->20980K(21120K) Class: 3155K(3328K)->3155K(3328K)
[2025-06-05T16:35:24.891+0000][5.671s][info ][gc          ] GC(14) Pause Young (Concurrent Start) (G1 Preventive Collection) 80M->22M(90M) 7.961ms
[2025-06-05T16:35:24.892+0000][5.671s][info ][gc,cpu      ] GC(14) User=0.02s Sys=0.00s Real=0.01s
[2025-06-05T16:35:24.892+0000][5.671s][info ][safepoint   ] Safepoint "G1CollectForAllocation", Time since last: 54873667 ns, Reaching safepoint: 150750 ns, Cleanup: 13875 ns, At safepoint: 8212750 ns, Total: 8377375 ns
[2025-06-05T16:35:24.892+0000][5.671s][info ][gc          ] GC(15) Concurrent Mark Cycle
[2025-06-05T16:35:24.896+0000][5.675s][info ][gc,marking  ] GC(15) Concurrent Clear Claimed Marks
[2025-06-05T16:35:24.896+0000][5.676s][info ][gc,marking  ] GC(15) Concurrent Clear Claimed Marks 0.288ms
[2025-06-05T16:35:24.896+0000][5.676s][info ][gc,marking  ] GC(15) Concurrent Scan Root Regions
[2025-06-05T16:35:24.900+0000][5.679s][info ][gc,marking  ] GC(15) Concurrent Scan Root Regions 3.300ms
[2025-06-05T16:35:24.900+0000][5.680s][info ][gc,marking  ] GC(15) Concurrent Mark
[2025-06-05T16:35:24.900+0000][5.680s][info ][gc,marking  ] GC(15) Concurrent Mark From Roots
[2025-06-05T16:35:24.900+0000][5.680s][info ][gc,task     ] GC(15) Using 1 workers of 1 for marking
[2025-06-05T16:35:24.913+0000][5.693s][info ][gc,marking  ] GC(15) Concurrent Mark From Roots 13.323ms
[2025-06-05T16:35:24.914+0000][5.693s][info ][gc,marking  ] GC(15) Concurrent Preclean
[2025-06-05T16:35:24.914+0000][5.694s][info ][gc,marking  ] GC(15) Concurrent Preclean 0.446ms
[2025-06-05T16:35:24.914+0000][5.694s][debug][safepoint   ] Safepoint synchronization initiated using futex wait barrier. (13 threads)
[2025-06-05T16:35:24.914+0000][5.694s][info ][gc,start    ] GC(15) Pause Remark
[2025-06-05T16:35:24.917+0000][5.696s][info ][gc          ] GC(15) Pause Remark 27M->27M(90M) 2.277ms
[2025-06-05T16:35:24.917+0000][5.696s][info ][gc,cpu      ] GC(15) User=0.01s Sys=0.00s Real=0.00s
[2025-06-05T16:35:24.917+0000][5.696s][info ][safepoint   ] Safepoint "G1PauseRemark", Time since last: 22478250 ns, Reaching safepoint: 44083 ns, Cleanup: 19167 ns, At safepoint: 2437708 ns, Total: 2500958 ns
[2025-06-05T16:35:24.917+0000][5.697s][info ][gc,marking  ] GC(15) Concurrent Mark 17.586ms
[2025-06-05T16:35:24.918+0000][5.697s][info ][gc,marking  ] GC(15) Concurrent Rebuild Remembered Sets
[2025-06-05T16:35:24.927+0000][5.707s][info ][gc,marking  ] GC(15) Concurrent Rebuild Remembered Sets 9.835ms
[2025-06-05T16:35:24.929+0000][5.709s][debug][safepoint   ] Safepoint synchronization initiated using futex wait barrier. (13 threads)
[2025-06-05T16:35:24.929+0000][5.709s][info ][gc,start    ] GC(15) Pause Cleanup
[2025-06-05T16:35:24.930+0000][5.709s][info ][gc          ] GC(15) Pause Cleanup 29M->29M(90M) 0.166ms
[2025-06-05T16:35:24.930+0000][5.709s][info ][gc,cpu      ] GC(15) User=0.00s Sys=0.00s Real=0.00s
[2025-06-05T16:35:24.930+0000][5.709s][info ][safepoint   ] Safepoint "G1PauseCleanup", Time since last: 12092625 ns, Reaching safepoint: 598084 ns, Cleanup: 14166 ns, At safepoint: 312917 ns, Total: 925167 ns
[2025-06-05T16:35:24.934+0000][5.714s][info ][gc,marking  ] GC(15) Concurrent Cleanup for Next Mark
[2025-06-05T16:35:24.936+0000][5.716s][info ][gc,marking  ] GC(15) Concurrent Cleanup for Next Mark 2.629ms
[2025-06-05T16:35:24.938+0000][5.718s][info ][gc          ] GC(15) Concurrent Mark Cycle 46.692ms
[2025-06-05T16:35:25.009+0000][5.789s][debug][safepoint   ] Safepoint synchronization initiated using futex wait barrier. (13 threads)
[2025-06-05T16:35:25.009+0000][5.789s][info ][safepoint   ] Safepoint "ICBufferFull", Time since last: 79417250 ns, Reaching safepoint: 162000 ns, Cleanup: 68917 ns, At safepoint: 5375 ns, Total: 236292 ns
[2025-06-05T16:35:25.052+0000][5.832s][debug][safepoint   ] Safepoint synchronization initiated using futex wait barrier. (13 threads)
[2025-06-05T16:35:25.053+0000][5.832s][info ][gc,start    ] GC(16) Pause Young (Normal) (G1 Evacuation Pause)
[2025-06-05T16:35:25.053+0000][5.832s][info ][gc,task     ] GC(16) Using 2 workers of 2 for evacuation
[2025-06-05T16:35:25.082+0000][5.862s][info ][gc,phases   ] GC(16)   Pre Evacuate Collection Set: 0.1ms
[2025-06-05T16:35:25.083+0000][5.862s][info ][gc,phases   ] GC(16)   Merge Heap Roots: 0.1ms
[2025-06-05T16:35:25.083+0000][5.862s][info ][gc,phases   ] GC(16)   Evacuate Collection Set: 28.8ms
[2025-06-05T16:35:25.083+0000][5.862s][info ][gc,phases   ] GC(16)   Post Evacuate Collection Set: 0.6ms
[2025-06-05T16:35:25.083+0000][5.862s][info ][gc,phases   ] GC(16)   Other: 0.2ms
[2025-06-05T16:35:25.083+0000][5.863s][info ][gc,heap     ] GC(16) Eden regions: 47->0(45)
[2025-06-05T16:35:25.083+0000][5.863s][info ][gc,heap     ] GC(16) Survivor regions: 7->7(7)
[2025-06-05T16:35:25.083+0000][5.863s][info ][gc,heap     ] GC(16) Old regions: 15->19
[2025-06-05T16:35:25.083+0000][5.863s][info ][gc,heap     ] GC(16) Archive regions: 2->2
[2025-06-05T16:35:25.083+0000][5.863s][info ][gc,heap     ] GC(16) Humongous regions: 0->0
[2025-06-05T16:35:25.083+0000][5.863s][info ][gc,metaspace] GC(16) Metaspace: 24433K(24832K)->24433K(24832K) NonClass: 21254K(21440K)->21254K(21440K) Class: 3178K(3392K)->3178K(3392K)
[2025-06-05T16:35:25.083+0000][5.863s][info ][gc          ] GC(16) Pause Young (Normal) (G1 Evacuation Pause) 69M->25M(90M) 30.735ms
[2025-06-05T16:35:25.083+0000][5.863s][info ][gc,cpu      ] GC(16) User=0.01s Sys=0.00s Real=0.03s
[2025-06-05T16:35:25.083+0000][5.863s][info ][safepoint   ] Safepoint "G1CollectForAllocation", Time since last: 43104916 ns, Reaching safepoint: 115625 ns, Cleanup: 30292 ns, At safepoint: 30868333 ns, Total: 31014250 ns
[2025-06-05T16:35:25.159+0000][5.939s][debug][safepoint   ] Safepoint synchronization initiated using futex wait barrier. (13 threads)
[2025-06-05T16:35:25.160+0000][5.940s][info ][gc,start    ] GC(17) Pause Young (Normal) (G1 Evacuation Pause)
[2025-06-05T16:35:25.161+0000][5.940s][info ][gc,task     ] GC(17) Using 2 workers of 2 for evacuation
[2025-06-05T16:35:25.178+0000][5.958s][info ][gc,phases   ] GC(17)   Pre Evacuate Collection Set: 0.1ms
[2025-06-05T16:35:25.178+0000][5.958s][info ][gc,phases   ] GC(17)   Merge Heap Roots: 0.1ms
[2025-06-05T16:35:25.178+0000][5.958s][info ][gc,phases   ] GC(17)   Evacuate Collection Set: 16.7ms
[2025-06-05T16:35:25.178+0000][5.958s][info ][gc,phases   ] GC(17)   Post Evacuate Collection Set: 0.7ms
[2025-06-05T16:35:25.178+0000][5.958s][info ][gc,phases   ] GC(17)   Other: 0.2ms
[2025-06-05T16:35:25.178+0000][5.958s][info ][gc,heap     ] GC(17) Eden regions: 45->0(39)
[2025-06-05T16:35:25.179+0000][5.958s][info ][gc,heap     ] GC(17) Survivor regions: 7->7(7)
[2025-06-05T16:35:25.179+0000][5.958s][info ][gc,heap     ] GC(17) Old regions: 19->24
[2025-06-05T16:35:25.179+0000][5.958s][info ][gc,heap     ] GC(17) Archive regions: 2->2
[2025-06-05T16:35:25.179+0000][5.958s][info ][gc,heap     ] GC(17) Humongous regions: 0->0
[2025-06-05T16:35:25.179+0000][5.958s][info ][gc,metaspace] GC(17) Metaspace: 24465K(24832K)->24465K(24832K) NonClass: 21277K(21440K)->21277K(21440K) Class: 3188K(3392K)->3188K(3392K)
[2025-06-05T16:35:25.179+0000][5.958s][info ][gc          ] GC(17) Pause Young (Normal) (G1 Evacuation Pause) 70M->30M(90M) 18.228ms
[2025-06-05T16:35:25.179+0000][5.958s][info ][gc,cpu      ] GC(17) User=0.02s Sys=0.00s Real=0.02s
[2025-06-05T16:35:25.179+0000][5.958s][info ][safepoint   ] Safepoint "G1CollectForAllocation", Time since last: 75721542 ns, Reaching safepoint: 1198208 ns, Cleanup: 22875 ns, At safepoint: 18320584 ns, Total: 19541667 ns
[2025-06-05T16:35:25.439+0000][6.219s][debug][safepoint   ] Safepoint synchronization initiated using futex wait barrier. (13 threads)
[2025-06-05T16:35:25.440+0000][6.220s][info ][gc,start    ] GC(18) Pause Young (Normal) (G1 Evacuation Pause)
[2025-06-05T16:35:25.440+0000][6.220s][info ][gc,task     ] GC(18) Using 2 workers of 2 for evacuation
[2025-06-05T16:35:25.457+0000][6.237s][info ][gc,phases   ] GC(18)   Pre Evacuate Collection Set: 0.2ms
[2025-06-05T16:35:25.457+0000][6.237s][info ][gc,phases   ] GC(18)   Merge Heap Roots: 0.3ms
[2025-06-05T16:35:25.457+0000][6.237s][info ][gc,phases   ] GC(18)   Evacuate Collection Set: 14.3ms
[2025-06-05T16:35:25.457+0000][6.237s][info ][gc,phases   ] GC(18)   Post Evacuate Collection Set: 2.1ms
[2025-06-05T16:35:25.457+0000][6.237s][info ][gc,phases   ] GC(18)   Other: 0.5ms
[2025-06-05T16:35:25.458+0000][6.237s][info ][gc,heap     ] GC(18) Eden regions: 39->0(33)
[2025-06-05T16:35:25.458+0000][6.237s][info ][gc,heap     ] GC(18) Survivor regions: 7->6(6)
[2025-06-05T16:35:25.458+0000][6.238s][info ][gc,heap     ] GC(18) Old regions: 24->31
[2025-06-05T16:35:25.458+0000][6.238s][info ][gc,heap     ] GC(18) Archive regions: 2->2
[2025-06-05T16:35:25.458+0000][6.238s][info ][gc,heap     ] GC(18) Humongous regions: 0->0
[2025-06-05T16:35:25.458+0000][6.238s][info ][gc,metaspace] GC(18) Metaspace: 24465K(24832K)->24465K(24832K) NonClass: 21277K(21440K)->21277K(21440K) Class: 3188K(3392K)->3188K(3392K)
[2025-06-05T16:35:25.459+0000][6.238s][info ][gc          ] GC(18) Pause Young (Normal) (G1 Evacuation Pause) 69M->36M(90M) 18.701ms
[2025-06-05T16:35:25.459+0000][6.238s][info ][gc,cpu      ] GC(18) User=0.03s Sys=0.01s Real=0.02s
[2025-06-05T16:35:25.459+0000][6.239s][info ][safepoint   ] Safepoint "G1CollectForAllocation", Time since last: 260274000 ns, Reaching safepoint: 577625 ns, Cleanup: 46542 ns, At safepoint: 19119958 ns, Total: 19744125 ns
[2025-06-05T16:35:25.546+0000][6.326s][debug][safepoint   ] Safepoint synchronization initiated using futex wait barrier. (13 threads)
[2025-06-05T16:35:25.547+0000][6.326s][info ][gc,start    ] GC(19) Pause Young (Normal) (G1 Evacuation Pause)
[2025-06-05T16:35:25.547+0000][6.326s][info ][gc,task     ] GC(19) Using 2 workers of 2 for evacuation
[2025-06-05T16:35:25.554+0000][6.334s][info ][gc,phases   ] GC(19)   Pre Evacuate Collection Set: 0.1ms
[2025-06-05T16:35:25.554+0000][6.334s][info ][gc,phases   ] GC(19)   Merge Heap Roots: 0.0ms
[2025-06-05T16:35:25.554+0000][6.334s][info ][gc,phases   ] GC(19)   Evacuate Collection Set: 4.8ms
[2025-06-05T16:35:25.554+0000][6.334s][info ][gc,phases   ] GC(19)   Post Evacuate Collection Set: 2.4ms
[2025-06-05T16:35:25.554+0000][6.334s][info ][gc,phases   ] GC(19)   Other: 0.1ms
[2025-06-05T16:35:25.554+0000][6.334s][info ][gc,heap     ] GC(19) Eden regions: 33->0(97)
[2025-06-05T16:35:25.554+0000][6.334s][info ][gc,heap     ] GC(19) Survivor regions: 6->4(5)
[2025-06-05T16:35:25.554+0000][6.334s][info ][gc,heap     ] GC(19) Old regions: 31->36
[2025-06-05T16:35:25.554+0000][6.334s][info ][gc,heap     ] GC(19) Archive regions: 2->2
[2025-06-05T16:35:25.554+0000][6.334s][info ][gc,heap     ] GC(19) Humongous regions: 0->0
[2025-06-05T16:35:25.554+0000][6.334s][info ][gc,metaspace] GC(19) Metaspace: 24560K(24896K)->24560K(24896K) NonClass: 21364K(21504K)->21364K(21504K) Class: 3195K(3392K)->3195K(3392K)
[2025-06-05T16:35:25.554+0000][6.334s][info ][gc          ] GC(19) Pause Young (Normal) (G1 Evacuation Pause) 69M->40M(180M) 7.760ms
[2025-06-05T16:35:25.554+0000][6.334s][info ][gc,cpu      ] GC(19) User=0.02s Sys=0.00s Real=0.01s
[2025-06-05T16:35:25.554+0000][6.334s][info ][safepoint   ] Safepoint "G1CollectForAllocation", Time since last: 87653292 ns, Reaching safepoint: 96208 ns, Cleanup: 36500 ns, At safepoint: 7843000 ns, Total: 7975708 ns
[2025-06-05T16:35:25.678+0000][6.457s][debug][safepoint   ] Safepoint synchronization initiated using futex wait barrier. (13 threads)
[2025-06-05T16:35:25.678+0000][6.457s][info ][safepoint   ] Safepoint "ICBufferFull", Time since last: 123158125 ns, Reaching safepoint: 94375 ns, Cleanup: 59958 ns, At safepoint: 2334 ns, Total: 156667 ns
[2025-06-05T16:35:25.859+0000][6.639s][debug][safepoint   ] Safepoint synchronization initiated using futex wait barrier. (13 threads)
[2025-06-05T16:35:25.859+0000][6.639s][info ][safepoint   ] Safepoint "ICBufferFull", Time since last: 181213750 ns, Reaching safepoint: 112541 ns, Cleanup: 65875 ns, At safepoint: 1417 ns, Total: 179833 ns
[2025-06-05T16:35:26.007+0000][6.786s][debug][safepoint   ] Safepoint synchronization initiated using futex wait barrier. (13 threads)
[2025-06-05T16:35:26.007+0000][6.787s][info ][gc,start    ] GC(20) Pause Young (Normal) (G1 Evacuation Pause)
[2025-06-05T16:35:26.007+0000][6.787s][info ][gc,task     ] GC(20) Using 2 workers of 2 for evacuation
[2025-06-05T16:35:26.019+0000][6.799s][info ][gc,phases   ] GC(20)   Pre Evacuate Collection Set: 0.3ms
[2025-06-05T16:35:26.019+0000][6.799s][info ][gc,phases   ] GC(20)   Merge Heap Roots: 0.1ms
[2025-06-05T16:35:26.019+0000][6.799s][info ][gc,phases   ] GC(20)   Evacuate Collection Set: 11.0ms
[2025-06-05T16:35:26.019+0000][6.799s][info ][gc,phases   ] GC(20)   Post Evacuate Collection Set: 0.7ms
[2025-06-05T16:35:26.019+0000][6.799s][info ][gc,phases   ] GC(20)   Other: 0.2ms
[2025-06-05T16:35:26.019+0000][6.799s][info ][gc,heap     ] GC(20) Eden regions: 97->0(89)
[2025-06-05T16:35:26.019+0000][6.799s][info ][gc,heap     ] GC(20) Survivor regions: 4->12(13)
[2025-06-05T16:35:26.019+0000][6.799s][info ][gc,heap     ] GC(20) Old regions: 36->36
[2025-06-05T16:35:26.020+0000][6.799s][info ][gc,heap     ] GC(20) Archive regions: 2->2
[2025-06-05T16:35:26.020+0000][6.799s][info ][gc,heap     ] GC(20) Humongous regions: 0->0
[2025-06-05T16:35:26.020+0000][6.799s][info ][gc,metaspace] GC(20) Metaspace: 25060K(25472K)->25060K(25472K) NonClass: 21811K(22016K)->21811K(22016K) Class: 3249K(3456K)->3249K(3456K)
[2025-06-05T16:35:26.020+0000][6.799s][info ][gc          ] GC(20) Pause Young (Normal) (G1 Evacuation Pause) 137M->48M(180M) 12.768ms
[2025-06-05T16:35:26.020+0000][6.799s][info ][gc,cpu      ] GC(20) User=0.03s Sys=0.00s Real=0.02s
[2025-06-05T16:35:26.020+0000][6.799s][info ][safepoint   ] Safepoint "G1CollectForAllocation", Time since last: 147510833 ns, Reaching safepoint: 157000 ns, Cleanup: 47667 ns, At safepoint: 12867708 ns, Total: 13072375 ns
[2025-06-05T16:35:26.182+0000][6.962s][debug][safepoint   ] Safepoint synchronization initiated using futex wait barrier. (13 threads)
[2025-06-05T16:35:26.182+0000][6.962s][info ][safepoint   ] Safepoint "ICBufferFull", Time since last: 162512417 ns, Reaching safepoint: 173834 ns, Cleanup: 64583 ns, At safepoint: 1958 ns, Total: 240375 ns
[2025-06-05T16:35:26.254+0000][7.034s][debug][safepoint   ] Safepoint synchronization initiated using futex wait barrier. (13 threads)
[2025-06-05T16:35:26.254+0000][7.034s][info ][gc,start    ] GC(21) Pause Young (Normal) (G1 Evacuation Pause)
[2025-06-05T16:35:26.254+0000][7.034s][info ][gc,task     ] GC(21) Using 2 workers of 2 for evacuation
[2025-06-05T16:35:26.266+0000][7.046s][info ][gc,phases   ] GC(21)   Pre Evacuate Collection Set: 0.1ms
[2025-06-05T16:35:26.266+0000][7.046s][info ][gc,phases   ] GC(21)   Merge Heap Roots: 0.1ms
[2025-06-05T16:35:26.266+0000][7.046s][info ][gc,phases   ] GC(21)   Evacuate Collection Set: 10.4ms
[2025-06-05T16:35:26.266+0000][7.046s][info ][gc,phases   ] GC(21)   Post Evacuate Collection Set: 1.4ms
[2025-06-05T16:35:26.266+0000][7.046s][info ][gc,phases   ] GC(21)   Other: 0.2ms
[2025-06-05T16:35:26.267+0000][7.046s][info ][gc,heap     ] GC(21) Eden regions: 89->0(89)
[2025-06-05T16:35:26.267+0000][7.046s][info ][gc,heap     ] GC(21) Survivor regions: 12->4(13)
[2025-06-05T16:35:26.267+0000][7.046s][info ][gc,heap     ] GC(21) Old regions: 36->48
[2025-06-05T16:35:26.267+0000][7.046s][info ][gc,heap     ] GC(21) Archive regions: 2->2
[2025-06-05T16:35:26.267+0000][7.046s][info ][gc,heap     ] GC(21) Humongous regions: 0->0
[2025-06-05T16:35:26.267+0000][7.046s][info ][gc,metaspace] GC(21) Metaspace: 25207K(25600K)->25207K(25600K) NonClass: 21947K(22144K)->21947K(22144K) Class: 3259K(3456K)->3259K(3456K)
[2025-06-05T16:35:26.267+0000][7.046s][info ][gc          ] GC(21) Pause Young (Normal) (G1 Evacuation Pause) 137M->51M(180M) 12.668ms
[2025-06-05T16:35:26.267+0000][7.047s][info ][gc,cpu      ] GC(21) User=0.02s Sys=0.00s Real=0.01s
[2025-06-05T16:35:26.267+0000][7.047s][info ][safepoint   ] Safepoint "G1CollectForAllocation", Time since last: 71442667 ns, Reaching safepoint: 120708 ns, Cleanup: 46542 ns, At safepoint: 12783958 ns, Total: 12951208 ns
[2025-06-05T16:35:26.425+0000][7.205s][debug][safepoint   ] Safepoint synchronization initiated using futex wait barrier. (14 threads)
[2025-06-05T16:35:26.426+0000][7.205s][info ][safepoint   ] Safepoint "ICBufferFull", Time since last: 158606917 ns, Reaching safepoint: 97542 ns, Cleanup: 69041 ns, At safepoint: 1542 ns, Total: 168125 ns
[2025-06-05T16:35:26.459+0000][7.238s][debug][safepoint   ] Safepoint synchronization initiated using futex wait barrier. (14 threads)
[2025-06-05T16:35:26.459+0000][7.239s][info ][gc,start    ] GC(22) Pause Young (Normal) (G1 Evacuation Pause)
[2025-06-05T16:35:26.459+0000][7.239s][info ][gc,task     ] GC(22) Using 2 workers of 2 for evacuation
[2025-06-05T16:35:26.468+0000][7.248s][info ][gc,phases   ] GC(22)   Pre Evacuate Collection Set: 0.3ms
[2025-06-05T16:35:26.468+0000][7.248s][info ][gc,phases   ] GC(22)   Merge Heap Roots: 0.2ms
[2025-06-05T16:35:26.468+0000][7.248s][info ][gc,phases   ] GC(22)   Evacuate Collection Set: 6.8ms
[2025-06-05T16:35:26.468+0000][7.248s][info ][gc,phases   ] GC(22)   Post Evacuate Collection Set: 1.6ms
[2025-06-05T16:35:26.468+0000][7.248s][info ][gc,phases   ] GC(22)   Other: 0.4ms
[2025-06-05T16:35:26.468+0000][7.248s][info ][gc,heap     ] GC(22) Eden regions: 89->0(88)
[2025-06-05T16:35:26.468+0000][7.248s][info ][gc,heap     ] GC(22) Survivor regions: 4->7(12)
[2025-06-05T16:35:26.469+0000][7.248s][info ][gc,heap     ] GC(22) Old regions: 48->48
[2025-06-05T16:35:26.469+0000][7.248s][info ][gc,heap     ] GC(22) Archive regions: 2->2
[2025-06-05T16:35:26.469+0000][7.248s][info ][gc,heap     ] GC(22) Humongous regions: 0->0
[2025-06-05T16:35:26.469+0000][7.248s][info ][gc,metaspace] GC(22) Metaspace: 25740K(26112K)->25740K(26112K) NonClass: 22434K(22592K)->22434K(22592K) Class: 3306K(3520K)->3306K(3520K)
[2025-06-05T16:35:26.469+0000][7.248s][info ][gc          ] GC(22) Pause Young (Normal) (G1 Evacuation Pause) 140M->54M(180M) 9.914ms
[2025-06-05T16:35:26.469+0000][7.248s][info ][gc,cpu      ] GC(22) User=0.02s Sys=0.00s Real=0.01s
[2025-06-05T16:35:26.469+0000][7.249s][info ][safepoint   ] Safepoint "G1CollectForAllocation", Time since last: 32977292 ns, Reaching safepoint: 188916 ns, Cleanup: 4125 ns, At safepoint: 10021500 ns, Total: 10214541 ns
[2025-06-05T16:35:26.769+0000][7.549s][debug][safepoint   ] Safepoint synchronization initiated using futex wait barrier. (14 threads)
[2025-06-05T16:35:26.770+0000][7.549s][info ][gc,start    ] GC(23) Pause Young (Normal) (G1 Evacuation Pause)
[2025-06-05T16:35:26.770+0000][7.549s][info ][gc,task     ] GC(23) Using 2 workers of 2 for evacuation
[2025-06-05T16:35:26.777+0000][7.556s][info ][gc,phases   ] GC(23)   Pre Evacuate Collection Set: 0.1ms
[2025-06-05T16:35:26.777+0000][7.557s][info ][gc,phases   ] GC(23)   Merge Heap Roots: 0.1ms
[2025-06-05T16:35:26.777+0000][7.557s][info ][gc,phases   ] GC(23)   Evacuate Collection Set: 5.4ms
[2025-06-05T16:35:26.777+0000][7.557s][info ][gc,phases   ] GC(23)   Post Evacuate Collection Set: 1.4ms
[2025-06-05T16:35:26.777+0000][7.557s][info ][gc,phases   ] GC(23)   Other: 0.2ms
[2025-06-05T16:35:26.777+0000][7.557s][info ][gc,heap     ] GC(23) Eden regions: 88->0(91)
[2025-06-05T16:35:26.777+0000][7.557s][info ][gc,heap     ] GC(23) Survivor regions: 7->4(12)
[2025-06-05T16:35:26.777+0000][7.557s][info ][gc,heap     ] GC(23) Old regions: 48->51
[2025-06-05T16:35:26.777+0000][7.557s][info ][gc,heap     ] GC(23) Archive regions: 2->2
[2025-06-05T16:35:26.777+0000][7.557s][info ][gc,heap     ] GC(23) Humongous regions: 0->0
[2025-06-05T16:35:26.777+0000][7.557s][info ][gc,metaspace] GC(23) Metaspace: 26899K(27264K)->26899K(27264K) NonClass: 23501K(23680K)->23501K(23680K) Class: 3397K(3584K)->3397K(3584K)
[2025-06-05T16:35:26.777+0000][7.557s][info ][gc          ] GC(23) Pause Young (Normal) (G1 Evacuation Pause) 142M->54M(180M) 7.899ms
[2025-06-05T16:35:26.778+0000][7.557s][info ][gc,cpu      ] GC(23) User=0.01s Sys=0.00s Real=0.00s
[2025-06-05T16:35:26.778+0000][7.557s][info ][safepoint   ] Safepoint "G1CollectForAllocation", Time since last: 300487125 ns, Reaching safepoint: 222709 ns, Cleanup: 21791 ns, At safepoint: 8013709 ns, Total: 8258209 ns
[2025-06-05T16:35:27.011+0000][7.791s][debug][safepoint   ] Safepoint synchronization initiated using futex wait barrier. (13 threads)
[2025-06-05T16:35:27.011+0000][7.791s][info ][safepoint   ] Safepoint "ICBufferFull", Time since last: 233617375 ns, Reaching safepoint: 156167 ns, Cleanup: 83375 ns, At safepoint: 4708 ns, Total: 244250 ns
[2025-06-05T16:35:27.160+0000][7.940s][debug][safepoint   ] Safepoint synchronization initiated using futex wait barrier. (13 threads)
[2025-06-05T16:35:27.160+0000][7.940s][info ][gc,start    ] GC(24) Pause Young (Normal) (G1 Evacuation Pause)
[2025-06-05T16:35:27.160+0000][7.940s][info ][gc,task     ] GC(24) Using 2 workers of 2 for evacuation
[2025-06-05T16:35:27.166+0000][7.945s][info ][gc,phases   ] GC(24)   Pre Evacuate Collection Set: 0.1ms
[2025-06-05T16:35:27.166+0000][7.945s][info ][gc,phases   ] GC(24)   Merge Heap Roots: 0.1ms
[2025-06-05T16:35:27.166+0000][7.946s][info ][gc,phases   ] GC(24)   Evacuate Collection Set: 4.2ms
[2025-06-05T16:35:27.166+0000][7.946s][info ][gc,phases   ] GC(24)   Post Evacuate Collection Set: 0.8ms
[2025-06-05T16:35:27.166+0000][7.946s][info ][gc,phases   ] GC(24)   Other: 0.2ms
[2025-06-05T16:35:27.166+0000][7.946s][info ][gc,heap     ] GC(24) Eden regions: 91->0(92)
[2025-06-05T16:35:27.166+0000][7.946s][info ][gc,heap     ] GC(24) Survivor regions: 4->5(12)
[2025-06-05T16:35:27.166+0000][7.946s][info ][gc,heap     ] GC(24) Old regions: 51->51
[2025-06-05T16:35:27.166+0000][7.946s][info ][gc,heap     ] GC(24) Archive regions: 2->2
[2025-06-05T16:35:27.166+0000][7.946s][info ][gc,heap     ] GC(24) Humongous regions: 0->0
[2025-06-05T16:35:27.166+0000][7.946s][info ][gc,metaspace] GC(24) Metaspace: 29591K(29952K)->29591K(29952K) NonClass: 25867K(26048K)->25867K(26048K) Class: 3723K(3904K)->3723K(3904K)
[2025-06-05T16:35:27.166+0000][7.946s][info ][gc          ] GC(24) Pause Young (Normal) (G1 Evacuation Pause) 145M->56M(180M) 6.069ms
[2025-06-05T16:35:27.166+0000][7.946s][info ][gc,cpu      ] GC(24) User=0.01s Sys=0.00s Real=0.00s
[2025-06-05T16:35:27.166+0000][7.946s][info ][safepoint   ] Safepoint "G1CollectForAllocation", Time since last: 148624125 ns, Reaching safepoint: 117083 ns, Cleanup: 10917 ns, At safepoint: 6175458 ns, Total: 6303458 ns
[2025-06-05T16:35:27.742+0000][8.522s][debug][safepoint   ] Safepoint synchronization initiated using futex wait barrier. (13 threads)
[2025-06-05T16:35:27.742+0000][8.522s][info ][gc,start    ] GC(25) Pause Young (Normal) (G1 Evacuation Pause)
[2025-06-05T16:35:27.742+0000][8.522s][info ][gc,task     ] GC(25) Using 2 workers of 2 for evacuation
[2025-06-05T16:35:27.750+0000][8.530s][info ][gc,phases   ] GC(25)   Pre Evacuate Collection Set: 0.2ms
[2025-06-05T16:35:27.750+0000][8.530s][info ][gc,phases   ] GC(25)   Merge Heap Roots: 0.1ms
[2025-06-05T16:35:27.751+0000][8.530s][info ][gc,phases   ] GC(25)   Evacuate Collection Set: 5.8ms
[2025-06-05T16:35:27.751+0000][8.530s][info ][gc,phases   ] GC(25)   Post Evacuate Collection Set: 1.6ms
[2025-06-05T16:35:27.751+0000][8.530s][info ][gc,phases   ] GC(25)   Other: 0.3ms
[2025-06-05T16:35:27.751+0000][8.530s][info ][gc,heap     ] GC(25) Eden regions: 92->0(94)
[2025-06-05T16:35:27.751+0000][8.530s][info ][gc,heap     ] GC(25) Survivor regions: 5->5(13)
[2025-06-05T16:35:27.751+0000][8.530s][info ][gc,heap     ] GC(25) Old regions: 51->51
[2025-06-05T16:35:27.751+0000][8.530s][info ][gc,heap     ] GC(25) Archive regions: 2->2
[2025-06-05T16:35:27.751+0000][8.531s][info ][gc,heap     ] GC(25) Humongous regions: 0->0
[2025-06-05T16:35:27.751+0000][8.531s][info ][gc,metaspace] GC(25) Metaspace: 33575K(33984K)->33575K(33984K) NonClass: 29421K(29632K)->29421K(29632K) Class: 4153K(4352K)->4153K(4352K)
[2025-06-05T16:35:27.751+0000][8.531s][info ][gc          ] GC(25) Pause Young (Normal) (G1 Evacuation Pause) 148M->56M(180M) 8.502ms
[2025-06-05T16:35:27.751+0000][8.531s][info ][gc,cpu      ] GC(25) User=0.02s Sys=0.01s Real=0.01s
[2025-06-05T16:35:27.751+0000][8.531s][info ][safepoint   ] Safepoint "G1CollectForAllocation", Time since last: 575633001 ns, Reaching safepoint: 231833 ns, Cleanup: 121583 ns, At safepoint: 8660750 ns, Total: 9014166 ns
[2025-06-05T16:35:27.848+0000][8.628s][debug][safepoint   ] Safepoint synchronization initiated using futex wait barrier. (13 threads)
[2025-06-05T16:35:27.849+0000][8.628s][info ][safepoint   ] Safepoint "ICBufferFull", Time since last: 97349375 ns, Reaching safepoint: 118917 ns, Cleanup: 65042 ns, At safepoint: 5125 ns, Total: 189084 ns
[2025-06-05T16:35:28.004+0000][8.783s][debug][safepoint   ] Safepoint synchronization initiated using futex wait barrier. (13 threads)
[2025-06-05T16:35:28.004+0000][8.783s][info ][gc,start    ] GC(26) Pause Young (Normal) (G1 Evacuation Pause)
[2025-06-05T16:35:28.004+0000][8.784s][info ][gc,task     ] GC(26) Using 2 workers of 2 for evacuation
[2025-06-05T16:35:28.013+0000][8.793s][info ][gc,phases   ] GC(26)   Pre Evacuate Collection Set: 0.1ms
[2025-06-05T16:35:28.014+0000][8.793s][info ][gc,phases   ] GC(26)   Merge Heap Roots: 0.1ms
[2025-06-05T16:35:28.014+0000][8.793s][info ][gc,phases   ] GC(26)   Evacuate Collection Set: 8.4ms
[2025-06-05T16:35:28.014+0000][8.793s][info ][gc,phases   ] GC(26)   Post Evacuate Collection Set: 0.9ms
[2025-06-05T16:35:28.014+0000][8.793s][info ][gc,phases   ] GC(26)   Other: 0.2ms
[2025-06-05T16:35:28.014+0000][8.793s][info ][gc,heap     ] GC(26) Eden regions: 94->0(94)
[2025-06-05T16:35:28.014+0000][8.793s][info ][gc,heap     ] GC(26) Survivor regions: 5->6(13)
[2025-06-05T16:35:28.014+0000][8.793s][info ][gc,heap     ] GC(26) Old regions: 51->51
[2025-06-05T16:35:28.014+0000][8.794s][info ][gc,heap     ] GC(26) Archive regions: 2->2
[2025-06-05T16:35:28.014+0000][8.794s][info ][gc,heap     ] GC(26) Humongous regions: 0->0
[2025-06-05T16:35:28.014+0000][8.794s][info ][gc,metaspace] GC(26) Metaspace: 34541K(34944K)->34541K(34944K) NonClass: 30258K(30464K)->30258K(30464K) Class: 4282K(4480K)->4282K(4480K)
[2025-06-05T16:35:28.014+0000][8.794s][info ][gc          ] GC(26) Pause Young (Normal) (G1 Evacuation Pause) 150M->57M(180M) 10.142ms
[2025-06-05T16:35:28.014+0000][8.794s][info ][gc,cpu      ] GC(26) User=0.03s Sys=0.00s Real=0.01s
[2025-06-05T16:35:28.014+0000][8.794s][info ][safepoint   ] Safepoint "G1CollectForAllocation", Time since last: 155073250 ns, Reaching safepoint: 93833 ns, Cleanup: 33375 ns, At safepoint: 10229667 ns, Total: 10356875 ns
[2025-06-05T16:35:28.121+0000][8.900s][debug][safepoint   ] Safepoint synchronization initiated using futex wait barrier. (13 threads)
[2025-06-05T16:35:28.121+0000][8.901s][info ][safepoint   ] Safepoint "ICBufferFull", Time since last: 106712750 ns, Reaching safepoint: 190333 ns, Cleanup: 64083 ns, At safepoint: 1542 ns, Total: 255958 ns
[2025-06-05T16:35:28.121+0000][8.901s][debug][safepoint   ] Safepoint synchronization initiated using futex wait barrier. (13 threads)
[2025-06-05T16:35:28.121+0000][8.901s][info ][safepoint   ] Safepoint "ICBufferFull", Time since last: 120333 ns, Reaching safepoint: 363334 ns, Cleanup: 4708 ns, At safepoint: 4417 ns, Total: 372459 ns
[2025-06-05T16:35:28.242+0000][9.022s][debug][safepoint   ] Safepoint synchronization initiated using futex wait barrier. (13 threads)
[2025-06-05T16:35:28.242+0000][9.022s][info ][safepoint   ] Safepoint "ICBufferFull", Time since last: 120724833 ns, Reaching safepoint: 172917 ns, Cleanup: 96583 ns, At safepoint: 5750 ns, Total: 275250 ns
[2025-06-05T16:35:28.360+0000][9.140s][debug][safepoint   ] Safepoint synchronization initiated using futex wait barrier. (13 threads)
[2025-06-05T16:35:28.360+0000][9.140s][info ][gc,start    ] GC(27) Pause Young (Normal) (G1 Evacuation Pause)
[2025-06-05T16:35:28.360+0000][9.140s][info ][gc,task     ] GC(27) Using 2 workers of 2 for evacuation
[2025-06-05T16:35:28.371+0000][9.151s][info ][gc,phases   ] GC(27)   Pre Evacuate Collection Set: 0.1ms
[2025-06-05T16:35:28.371+0000][9.151s][info ][gc,phases   ] GC(27)   Merge Heap Roots: 0.1ms
[2025-06-05T16:35:28.372+0000][9.151s][info ][gc,phases   ] GC(27)   Evacuate Collection Set: 8.0ms
[2025-06-05T16:35:28.372+0000][9.151s][info ][gc,phases   ] GC(27)   Post Evacuate Collection Set: 2.7ms
[2025-06-05T16:35:28.372+0000][9.151s][info ][gc,phases   ] GC(27)   Other: 0.2ms
[2025-06-05T16:35:28.372+0000][9.151s][info ][gc,heap     ] GC(27) Eden regions: 94->0(128)
[2025-06-05T16:35:28.372+0000][9.151s][info ][gc,heap     ] GC(27) Survivor regions: 6->8(13)
[2025-06-05T16:35:28.372+0000][9.151s][info ][gc,heap     ] GC(27) Old regions: 51->51
[2025-06-05T16:35:28.372+0000][9.151s][info ][gc,heap     ] GC(27) Archive regions: 2->2
[2025-06-05T16:35:28.372+0000][9.151s][info ][gc,heap     ] GC(27) Humongous regions: 0->0
[2025-06-05T16:35:28.372+0000][9.152s][info ][gc,metaspace] GC(27) Metaspace: 36747K(37120K)->36747K(37120K) NonClass: 32120K(32320K)->32120K(32320K) Class: 4626K(4800K)->4626K(4800K)
[2025-06-05T16:35:28.372+0000][9.152s][info ][gc          ] GC(27) Pause Young (Normal) (G1 Evacuation Pause) 151M->58M(228M) 11.570ms
[2025-06-05T16:35:28.372+0000][9.152s][info ][gc,cpu      ] GC(27) User=0.02s Sys=0.00s Real=0.01s
[2025-06-05T16:35:28.372+0000][9.152s][info ][safepoint   ] Safepoint "G1CollectForAllocation", Time since last: 117685167 ns, Reaching safepoint: 123958 ns, Cleanup: 52375 ns, At safepoint: 11721917 ns, Total: 11898250 ns
[2025-06-05T16:35:29.264+0000][10.044s][debug][safepoint   ] Safepoint synchronization initiated using futex wait barrier. (13 threads)
[2025-06-05T16:35:29.264+0000][10.044s][info ][safepoint   ] Safepoint "ICBufferFull", Time since last: 891887834 ns, Reaching safepoint: 344125 ns, Cleanup: 132291 ns, At safepoint: 2250 ns, Total: 478666 ns
[2025-06-05T16:35:29.565+0000][10.345s][debug][safepoint   ] Safepoint synchronization initiated using futex wait barrier. (13 threads)
[2025-06-05T16:35:29.578+0000][10.357s][info ][safepoint   ] Safepoint "ICBufferFull", Time since last: 300870625 ns, Reaching safepoint: 12152250 ns, Cleanup: 100875 ns, At safepoint: 13375 ns, Total: 12266500 ns
[2025-06-05T16:35:29.662+0000][10.441s][debug][safepoint   ] Safepoint synchronization initiated using futex wait barrier. (13 threads)
[2025-06-05T16:35:29.663+0000][10.442s][info ][gc,start    ] GC(28) Pause Young (Normal) (G1 Evacuation Pause)
[2025-06-05T16:35:29.663+0000][10.442s][info ][gc,task     ] GC(28) Using 2 workers of 2 for evacuation
[2025-06-05T16:35:30.011+0000][10.790s][info ][gc,phases   ] GC(28)   Pre Evacuate Collection Set: 0.2ms
[2025-06-05T16:35:30.014+0000][10.793s][info ][gc,phases   ] GC(28)   Merge Heap Roots: 0.2ms
[2025-06-05T16:35:30.014+0000][10.794s][info ][gc,phases   ] GC(28)   Evacuate Collection Set: 324.6ms
[2025-06-05T16:35:30.014+0000][10.794s][info ][gc,phases   ] GC(28)   Post Evacuate Collection Set: 21.9ms
[2025-06-05T16:35:30.015+0000][10.794s][info ][gc,phases   ] GC(28)   Other: 0.6ms
[2025-06-05T16:35:30.015+0000][10.795s][info ][gc,heap     ] GC(28) Eden regions: 128->0(127)
[2025-06-05T16:35:30.016+0000][10.795s][info ][gc,heap     ] GC(28) Survivor regions: 8->9(17)
[2025-06-05T16:35:30.016+0000][10.796s][info ][gc,heap     ] GC(28) Old regions: 51->51
[2025-06-05T16:35:30.017+0000][10.796s][info ][gc,heap     ] GC(28) Archive regions: 2->2
[2025-06-05T16:35:30.017+0000][10.797s][info ][gc,heap     ] GC(28) Humongous regions: 0->0
[2025-06-05T16:35:30.017+0000][10.797s][info ][gc,metaspace] GC(28) Metaspace: 39533K(40000K)->39533K(40000K) NonClass: 34560K(34816K)->34560K(34816K) Class: 4973K(5184K)->4973K(5184K)
[2025-06-05T16:35:30.018+0000][10.798s][info ][gc          ] GC(28) Pause Young (Normal) (G1 Evacuation Pause) 186M->60M(228M) 355.267ms
[2025-06-05T16:35:30.018+0000][10.798s][info ][gc,cpu      ] GC(28) User=0.62s Sys=0.10s Real=0.35s
[2025-06-05T16:35:30.019+0000][10.799s][info ][safepoint   ] Safepoint "G1CollectForAllocation", Time since last: 84072292 ns, Reaching safepoint: 946542 ns, Cleanup: 60458 ns, At safepoint: 356332209 ns, Total: 357339209 ns
[2025-06-05T16:35:30.761+0000][11.582s][debug][safepoint   ] Safepoint synchronization initiated using futex wait barrier. (13 threads)
[2025-06-05T16:35:30.763+0000][11.584s][info ][gc,start    ] GC(29) Pause Young (Concurrent Start) (Metadata GC Threshold)
[2025-06-05T16:35:30.763+0000][11.584s][info ][gc,task     ] GC(29) Using 2 workers of 2 for evacuation
[2025-06-05T16:35:30.782+0000][11.603s][info ][gc,phases   ] GC(29)   Pre Evacuate Collection Set: 0.7ms
[2025-06-05T16:35:30.782+0000][11.603s][info ][gc,phases   ] GC(29)   Merge Heap Roots: 0.3ms
[2025-06-05T16:35:30.782+0000][11.604s][info ][gc,phases   ] GC(29)   Evacuate Collection Set: 14.5ms
[2025-06-05T16:35:30.782+0000][11.604s][info ][gc,phases   ] GC(29)   Post Evacuate Collection Set: 2.3ms
[2025-06-05T16:35:30.782+0000][11.604s][info ][gc,phases   ] GC(29)   Other: 1.4ms
[2025-06-05T16:35:30.782+0000][11.604s][info ][gc,heap     ] GC(29) Eden regions: 57->0(128)
[2025-06-05T16:35:30.782+0000][11.604s][info ][gc,heap     ] GC(29) Survivor regions: 9->8(17)
[2025-06-05T16:35:30.783+0000][11.604s][info ][gc,heap     ] GC(29) Old regions: 51->53
[2025-06-05T16:35:30.783+0000][11.604s][info ][gc,heap     ] GC(29) Archive regions: 2->2
[2025-06-05T16:35:30.783+0000][11.604s][info ][gc,heap     ] GC(29) Humongous regions: 0->0
[2025-06-05T16:35:30.783+0000][11.604s][info ][gc,metaspace] GC(29) Metaspace: 40542K(40960K)->40542K(40960K) NonClass: 35450K(35648K)->35450K(35648K) Class: 5091K(5312K)->5091K(5312K)
[2025-06-05T16:35:30.783+0000][11.604s][info ][gc          ] GC(29) Pause Young (Concurrent Start) (Metadata GC Threshold) 116M->61M(228M) 19.831ms
[2025-06-05T16:35:30.783+0000][11.604s][info ][gc,cpu      ] GC(29) User=0.03s Sys=0.01s Real=0.02s
[2025-06-05T16:35:30.783+0000][11.604s][info ][safepoint   ] Safepoint "CollectForMetadataAllocation", Time since last: 783286625 ns, Reaching safepoint: 1970458 ns, Cleanup: 124917 ns, At safepoint: 20312458 ns, Total: 22407833 ns
[2025-06-05T16:35:30.783+0000][11.604s][info ][gc          ] GC(30) Concurrent Mark Cycle
[2025-06-05T16:35:30.787+0000][11.609s][info ][gc,marking  ] GC(30) Concurrent Clear Claimed Marks
[2025-06-05T16:35:30.792+0000][11.614s][info ][gc,marking  ] GC(30) Concurrent Clear Claimed Marks 5.060ms
[2025-06-05T16:35:30.796+0000][11.617s][info ][gc,marking  ] GC(30) Concurrent Scan Root Regions
[2025-06-05T16:35:30.820+0000][11.641s][info ][gc,marking  ] GC(30) Concurrent Scan Root Regions 24.254ms
[2025-06-05T16:35:30.820+0000][11.641s][info ][gc,marking  ] GC(30) Concurrent Mark
[2025-06-05T16:35:30.820+0000][11.641s][info ][gc,marking  ] GC(30) Concurrent Mark From Roots
[2025-06-05T16:35:30.820+0000][11.642s][info ][gc,task     ] GC(30) Using 1 workers of 1 for marking
[2025-06-05T16:35:30.962+0000][11.784s][info ][gc,marking  ] GC(30) Concurrent Mark From Roots 142.068ms
[2025-06-05T16:35:30.963+0000][11.784s][info ][gc,marking  ] GC(30) Concurrent Preclean
[2025-06-05T16:35:30.963+0000][11.784s][info ][gc,marking  ] GC(30) Concurrent Preclean 0.261ms
[2025-06-05T16:35:30.963+0000][11.785s][debug][safepoint   ] Safepoint synchronization initiated using futex wait barrier. (13 threads)
[2025-06-05T16:35:30.965+0000][11.786s][info ][gc,start    ] GC(30) Pause Remark
[2025-06-05T16:35:30.982+0000][11.804s][info ][gc          ] GC(30) Pause Remark 75M->75M(228M) 17.074ms
[2025-06-05T16:35:30.982+0000][11.804s][info ][gc,cpu      ] GC(30) User=0.03s Sys=0.00s Real=0.02s
[2025-06-05T16:35:30.982+0000][11.804s][info ][safepoint   ] Safepoint "G1PauseRemark", Time since last: 180252542 ns, Reaching safepoint: 1764167 ns, Cleanup: 47208 ns, At safepoint: 17362125 ns, Total: 19173500 ns
[2025-06-05T16:35:30.985+0000][11.806s][info ][gc,marking  ] GC(30) Concurrent Mark 164.473ms
[2025-06-05T16:35:30.985+0000][11.806s][info ][gc,marking  ] GC(30) Concurrent Rebuild Remembered Sets
[2025-06-05T16:35:31.045+0000][11.866s][info ][gc,marking  ] GC(30) Concurrent Rebuild Remembered Sets 59.864ms
[2025-06-05T16:35:31.045+0000][11.866s][debug][safepoint   ] Safepoint synchronization initiated using futex wait barrier. (13 threads)
[2025-06-05T16:35:31.046+0000][11.867s][info ][gc,start    ] GC(30) Pause Cleanup
[2025-06-05T16:35:31.046+0000][11.867s][info ][gc          ] GC(30) Pause Cleanup 83M->83M(228M) 0.152ms
[2025-06-05T16:35:31.046+0000][11.867s][info ][gc,cpu      ] GC(30) User=0.00s Sys=0.00s Real=0.00s
[2025-06-05T16:35:31.046+0000][11.867s][info ][safepoint   ] Safepoint "G1PauseCleanup", Time since last: 62420167 ns, Reaching safepoint: 802583 ns, Cleanup: 15000 ns, At safepoint: 243667 ns, Total: 1061250 ns
[2025-06-05T16:35:31.046+0000][11.867s][info ][gc,marking  ] GC(30) Concurrent Cleanup for Next Mark
[2025-06-05T16:35:31.051+0000][11.872s][info ][gc,marking  ] GC(30) Concurrent Cleanup for Next Mark 5.128ms
[2025-06-05T16:35:31.052+0000][11.873s][info ][gc          ] GC(30) Concurrent Mark Cycle 268.521ms
[2025-06-05T16:35:31.410+0000][12.232s][debug][safepoint   ] Safepoint synchronization initiated using futex wait barrier. (13 threads)
[2025-06-05T16:35:31.411+0000][12.233s][info ][safepoint   ] Safepoint "ICBufferFull", Time since last: 364584750 ns, Reaching safepoint: 674875 ns, Cleanup: 83792 ns, At safepoint: 1916 ns, Total: 760583 ns
[2025-06-05T16:35:31.525+0000][12.347s][debug][safepoint   ] Safepoint synchronization initiated using futex wait barrier. (13 threads)
[2025-06-05T16:35:31.526+0000][12.347s][info ][gc,start    ] GC(31) Pause Young (Prepare Mixed) (G1 Evacuation Pause)
[2025-06-05T16:35:31.526+0000][12.347s][info ][gc,task     ] GC(31) Using 2 workers of 2 for evacuation
[2025-06-05T16:35:31.545+0000][12.366s][info ][gc,phases   ] GC(31)   Pre Evacuate Collection Set: 0.2ms
[2025-06-05T16:35:31.545+0000][12.367s][info ][gc,phases   ] GC(31)   Merge Heap Roots: 0.2ms
[2025-06-05T16:35:31.545+0000][12.367s][info ][gc,phases   ] GC(31)   Evacuate Collection Set: 17.3ms
[2025-06-05T16:35:31.545+0000][12.367s][info ][gc,phases   ] GC(31)   Post Evacuate Collection Set: 1.6ms
[2025-06-05T16:35:31.546+0000][12.367s][info ][gc,phases   ] GC(31)   Other: 0.3ms
[2025-06-05T16:35:31.546+0000][12.367s][info ][gc,heap     ] GC(31) Eden regions: 128->0(1)
[2025-06-05T16:35:31.546+0000][12.367s][info ][gc,heap     ] GC(31) Survivor regions: 8->10(17)
[2025-06-05T16:35:31.546+0000][12.367s][info ][gc,heap     ] GC(31) Old regions: 53->53
[2025-06-05T16:35:31.546+0000][12.367s][info ][gc,heap     ] GC(31) Archive regions: 2->2
[2025-06-05T16:35:31.546+0000][12.367s][info ][gc,heap     ] GC(31) Humongous regions: 0->0
[2025-06-05T16:35:31.546+0000][12.367s][info ][gc,metaspace] GC(31) Metaspace: 42397K(42816K)->42397K(42816K) NonClass: 36974K(37184K)->36974K(37184K) Class: 5422K(5632K)->5422K(5632K)
[2025-06-05T16:35:31.546+0000][12.367s][info ][gc          ] GC(31) Pause Young (Prepare Mixed) (G1 Evacuation Pause) 189M->62M(228M) 20.241ms
[2025-06-05T16:35:31.546+0000][12.367s][info ][gc,cpu      ] GC(31) User=0.04s Sys=0.00s Real=0.02s
[2025-06-05T16:35:31.546+0000][12.367s][info ][safepoint   ] Safepoint "G1CollectForAllocation", Time since last: 114065084 ns, Reaching safepoint: 159750 ns, Cleanup: 110416 ns, At safepoint: 20415917 ns, Total: 20686083 ns
[2025-06-05T16:35:31.551+0000][12.372s][debug][safepoint   ] Safepoint synchronization initiated using futex wait barrier. (13 threads)
[2025-06-05T16:35:31.551+0000][12.372s][info ][gc,start    ] GC(32) Pause Young (Mixed) (G1 Evacuation Pause)
[2025-06-05T16:35:31.551+0000][12.372s][info ][gc,task     ] GC(32) Using 2 workers of 2 for evacuation
[2025-06-05T16:35:31.577+0000][12.399s][info ][gc,phases   ] GC(32)   Pre Evacuate Collection Set: 0.1ms
[2025-06-05T16:35:31.577+0000][12.399s][info ][gc,phases   ] GC(32)   Merge Heap Roots: 0.1ms
[2025-06-05T16:35:31.577+0000][12.399s][info ][gc,phases   ] GC(32)   Evacuate Collection Set: 24.6ms
[2025-06-05T16:35:31.577+0000][12.399s][info ][gc,phases   ] GC(32)   Post Evacuate Collection Set: 1.7ms
[2025-06-05T16:35:31.578+0000][12.399s][info ][gc,phases   ] GC(32)   Other: 0.2ms
[2025-06-05T16:35:31.578+0000][12.399s][info ][gc,heap     ] GC(32) Eden regions: 1->0(134)
[2025-06-05T16:35:31.578+0000][12.399s][info ][gc,heap     ] GC(32) Survivor regions: 10->1(2)
[2025-06-05T16:35:31.578+0000][12.399s][info ][gc,heap     ] GC(32) Old regions: 53->60
[2025-06-05T16:35:31.578+0000][12.399s][info ][gc,heap     ] GC(32) Archive regions: 2->2
[2025-06-05T16:35:31.578+0000][12.399s][info ][gc,heap     ] GC(32) Humongous regions: 0->0
[2025-06-05T16:35:31.578+0000][12.399s][info ][gc,metaspace] GC(32) Metaspace: 42426K(42816K)->42426K(42816K) NonClass: 36999K(37184K)->36999K(37184K) Class: 5426K(5632K)->5426K(5632K)
[2025-06-05T16:35:31.578+0000][12.399s][info ][gc          ] GC(32) Pause Young (Mixed) (G1 Evacuation Pause) 63M->60M(228M) 27.198ms
[2025-06-05T16:35:31.578+0000][12.399s][info ][gc,cpu      ] GC(32) User=0.08s Sys=0.00s Real=0.03s
[2025-06-05T16:35:31.578+0000][12.399s][info ][safepoint   ] Safepoint "G1CollectForAllocation", Time since last: 4509583 ns, Reaching safepoint: 93375 ns, Cleanup: 2584 ns, At safepoint: 27323083 ns, Total: 27419042 ns
[2025-06-05T16:35:31.912+0000][12.734s][debug][safepoint   ] Safepoint synchronization initiated using futex wait barrier. (13 threads)
[2025-06-05T16:35:31.913+0000][12.734s][info ][safepoint   ] Safepoint "ICBufferFull", Time since last: 334250167 ns, Reaching safepoint: 483333 ns, Cleanup: 255875 ns, At safepoint: 10459 ns, Total: 749667 ns
[2025-06-05T16:35:32.474+0000][13.296s][debug][safepoint   ] Safepoint synchronization initiated using futex wait barrier. (13 threads)
[2025-06-05T16:35:32.475+0000][13.296s][info ][safepoint   ] Safepoint "ICBufferFull", Time since last: 561339708 ns, Reaching safepoint: 260375 ns, Cleanup: 107417 ns, At safepoint: 2333 ns, Total: 370125 ns
[2025-06-05T16:35:32.640+0000][13.461s][debug][safepoint   ] Safepoint synchronization initiated using futex wait barrier. (13 threads)
[2025-06-05T16:35:32.640+0000][13.461s][info ][gc,start    ] GC(33) Pause Young (Normal) (G1 Evacuation Pause)
[2025-06-05T16:35:32.640+0000][13.461s][info ][gc,task     ] GC(33) Using 2 workers of 2 for evacuation
[2025-06-05T16:35:32.652+0000][13.473s][info ][gc,phases   ] GC(33)   Pre Evacuate Collection Set: 0.5ms
[2025-06-05T16:35:32.652+0000][13.473s][info ][gc,phases   ] GC(33)   Merge Heap Roots: 0.2ms
[2025-06-05T16:35:32.652+0000][13.473s][info ][gc,phases   ] GC(33)   Evacuate Collection Set: 9.1ms
[2025-06-05T16:35:32.652+0000][13.473s][info ][gc,phases   ] GC(33)   Post Evacuate Collection Set: 1.8ms
[2025-06-05T16:35:32.652+0000][13.473s][info ][gc,phases   ] GC(33)   Other: 0.3ms
[2025-06-05T16:35:32.652+0000][13.473s][info ][gc,heap     ] GC(33) Eden regions: 134->0(130)
[2025-06-05T16:35:32.652+0000][13.473s][info ][gc,heap     ] GC(33) Survivor regions: 1->4(17)
[2025-06-05T16:35:32.652+0000][13.473s][info ][gc,heap     ] GC(33) Old regions: 60->60
[2025-06-05T16:35:32.652+0000][13.473s][info ][gc,heap     ] GC(33) Archive regions: 2->2
[2025-06-05T16:35:32.652+0000][13.473s][info ][gc,heap     ] GC(33) Humongous regions: 0->0
[2025-06-05T16:35:32.652+0000][13.473s][info ][gc,metaspace] GC(33) Metaspace: 46851K(47232K)->46851K(47232K) NonClass: 40827K(41024K)->40827K(41024K) Class: 6024K(6208K)->6024K(6208K)
[2025-06-05T16:35:32.652+0000][13.474s][info ][gc          ] GC(33) Pause Young (Normal) (G1 Evacuation Pause) 194M->63M(228M) 12.456ms
[2025-06-05T16:35:32.652+0000][13.474s][info ][gc,cpu      ] GC(33) User=0.03s Sys=0.00s Real=0.01s
[2025-06-05T16:35:32.652+0000][13.474s][info ][safepoint   ] Safepoint "G1CollectForAllocation", Time since last: 164880375 ns, Reaching safepoint: 107584 ns, Cleanup: 25166 ns, At safepoint: 12621209 ns, Total: 12753959 ns
[2025-06-05T16:35:32.880+0000][13.701s][debug][safepoint   ] Safepoint synchronization initiated using futex wait barrier. (13 threads)
[2025-06-05T16:35:32.881+0000][13.702s][info ][safepoint   ] Safepoint "ICBufferFull", Time since last: 227753708 ns, Reaching safepoint: 739958 ns, Cleanup: 64375 ns, At safepoint: 4709 ns, Total: 809042 ns
[2025-06-05T16:35:34.257+0000][15.078s][debug][safepoint   ] Safepoint synchronization initiated using futex wait barrier. (16 threads)
[2025-06-05T16:35:34.259+0000][15.081s][info ][safepoint   ] Safepoint "Cleanup", Time since last: 1376078667 ns, Reaching safepoint: 1547000 ns, Cleanup: 730958 ns, At safepoint: 12792 ns, Total: 2290750 ns
[2025-06-05T16:35:34.421+0000][15.242s][debug][safepoint   ] Safepoint synchronization initiated using futex wait barrier. (16 threads)
[2025-06-05T16:35:34.421+0000][15.243s][info ][safepoint   ] Safepoint "ICBufferFull", Time since last: 161387000 ns, Reaching safepoint: 543542 ns, Cleanup: 197875 ns, At safepoint: 7666 ns, Total: 749083 ns
[2025-06-05T16:35:34.578+0000][15.399s][debug][safepoint   ] Safepoint synchronization initiated using futex wait barrier. (16 threads)
[2025-06-05T16:35:34.579+0000][15.400s][info ][safepoint   ] Safepoint "ICBufferFull", Time since last: 156736417 ns, Reaching safepoint: 747042 ns, Cleanup: 113875 ns, At safepoint: 10375 ns, Total: 871292 ns
[2025-06-05T16:35:34.677+0000][15.498s][debug][safepoint   ] Safepoint synchronization initiated using futex wait barrier. (16 threads)
[2025-06-05T16:35:34.678+0000][15.500s][info ][gc,start    ] GC(34) Pause Young (Normal) (G1 Evacuation Pause)
[2025-06-05T16:35:34.679+0000][15.500s][info ][gc,task     ] GC(34) Using 2 workers of 2 for evacuation
[2025-06-05T16:35:34.746+0000][15.567s][info ][gc,phases   ] GC(34)   Pre Evacuate Collection Set: 0.7ms
[2025-06-05T16:35:34.746+0000][15.567s][info ][gc,phases   ] GC(34)   Merge Heap Roots: 0.5ms
[2025-06-05T16:35:34.746+0000][15.567s][info ][gc,phases   ] GC(34)   Evacuate Collection Set: 60.7ms
[2025-06-05T16:35:34.746+0000][15.567s][info ][gc,phases   ] GC(34)   Post Evacuate Collection Set: 4.8ms
[2025-06-05T16:35:34.746+0000][15.567s][info ][gc,phases   ] GC(34)   Other: 0.6ms
[2025-06-05T16:35:34.746+0000][15.568s][info ][gc,heap     ] GC(34) Eden regions: 130->0(127)
[2025-06-05T16:35:34.746+0000][15.568s][info ][gc,heap     ] GC(34) Survivor regions: 4->7(17)
[2025-06-05T16:35:34.746+0000][15.568s][info ][gc,heap     ] GC(34) Old regions: 60->60
[2025-06-05T16:35:34.747+0000][15.568s][info ][gc,heap     ] GC(34) Archive regions: 2->2
[2025-06-05T16:35:34.747+0000][15.568s][info ][gc,heap     ] GC(34) Humongous regions: 0->0
[2025-06-05T16:35:34.747+0000][15.568s][info ][gc,metaspace] GC(34) Metaspace: 54227K(54720K)->54227K(54720K) NonClass: 47350K(47616K)->47350K(47616K) Class: 6877K(7104K)->6877K(7104K)
[2025-06-05T16:35:34.747+0000][15.568s][info ][gc          ] GC(34) Pause Young (Normal) (G1 Evacuation Pause) 193M->66M(228M) 68.534ms
[2025-06-05T16:35:34.747+0000][15.568s][info ][gc,cpu      ] GC(34) User=0.10s Sys=0.01s Real=0.07s
[2025-06-05T16:35:34.747+0000][15.569s][info ][safepoint   ] Safepoint "G1CollectForAllocation", Time since last: 98180833 ns, Reaching safepoint: 1072375 ns, Cleanup: 105167 ns, At safepoint: 68909250 ns, Total: 70086792 ns
[2025-06-05T16:35:34.918+0000][15.740s][debug][safepoint   ] Safepoint synchronization initiated using futex wait barrier. (16 threads)
[2025-06-05T16:35:34.919+0000][15.740s][info ][safepoint   ] Safepoint "ICBufferFull", Time since last: 171197667 ns, Reaching safepoint: 124500 ns, Cleanup: 65500 ns, At safepoint: 1625 ns, Total: 191625 ns
[2025-06-05T16:35:35.211+0000][16.032s][debug][safepoint   ] Safepoint synchronization initiated using futex wait barrier. (16 threads)
[2025-06-05T16:35:35.211+0000][16.033s][info ][gc,start    ] GC(35) Pause Young (Normal) (G1 Evacuation Pause)
[2025-06-05T16:35:35.211+0000][16.033s][info ][gc,task     ] GC(35) Using 2 workers of 2 for evacuation
[2025-06-05T16:35:35.220+0000][16.042s][info ][gc,phases   ] GC(35)   Pre Evacuate Collection Set: 0.1ms
[2025-06-05T16:35:35.221+0000][16.042s][info ][gc,phases   ] GC(35)   Merge Heap Roots: 0.1ms
[2025-06-05T16:35:35.221+0000][16.042s][info ][gc,phases   ] GC(35)   Evacuate Collection Set: 8.0ms
[2025-06-05T16:35:35.221+0000][16.042s][info ][gc,phases   ] GC(35)   Post Evacuate Collection Set: 0.9ms
[2025-06-05T16:35:35.221+0000][16.042s][info ][gc,phases   ] GC(35)   Other: 0.2ms
[2025-06-05T16:35:35.221+0000][16.042s][info ][gc,heap     ] GC(35) Eden regions: 127->0(127)
[2025-06-05T16:35:35.221+0000][16.042s][info ][gc,heap     ] GC(35) Survivor regions: 7->8(17)
[2025-06-05T16:35:35.221+0000][16.042s][info ][gc,heap     ] GC(35) Old regions: 60->60
[2025-06-05T16:35:35.221+0000][16.042s][info ][gc,heap     ] GC(35) Archive regions: 2->2
[2025-06-05T16:35:35.221+0000][16.042s][info ][gc,heap     ] GC(35) Humongous regions: 0->0
[2025-06-05T16:35:35.221+0000][16.042s][info ][gc,metaspace] GC(35) Metaspace: 57202K(57600K)->57202K(57600K) NonClass: 49922K(50112K)->49922K(50112K) Class: 7279K(7488K)->7279K(7488K)
[2025-06-05T16:35:35.221+0000][16.042s][info ][gc          ] GC(35) Pause Young (Normal) (G1 Evacuation Pause) 193M->67M(228M) 9.645ms
[2025-06-05T16:35:35.221+0000][16.042s][info ][gc,cpu      ] GC(35) User=0.02s Sys=0.00s Real=0.01s
[2025-06-05T16:35:35.221+0000][16.042s][info ][safepoint   ] Safepoint "G1CollectForAllocation", Time since last: 292457958 ns, Reaching safepoint: 164625 ns, Cleanup: 33792 ns, At safepoint: 9748000 ns, Total: 9946417 ns
[2025-06-05T16:35:35.642+0000][16.463s][debug][safepoint   ] Safepoint synchronization initiated using futex wait barrier. (19 threads)
[2025-06-05T16:35:35.642+0000][16.464s][info ][safepoint   ] Safepoint "ICBufferFull", Time since last: 420999875 ns, Reaching safepoint: 90958 ns, Cleanup: 81042 ns, At safepoint: 2167 ns, Total: 174167 ns
[2025-06-05T16:35:35.849+0000][16.670s][debug][safepoint   ] Safepoint synchronization initiated using futex wait barrier. (19 threads)
[2025-06-05T16:35:35.849+0000][16.671s][info ][safepoint   ] Safepoint "ICBufferFull", Time since last: 206798541 ns, Reaching safepoint: 157917 ns, Cleanup: 64667 ns, At safepoint: 2250 ns, Total: 224834 ns
[2025-06-05T16:35:35.861+0000][16.682s][debug][safepoint   ] Safepoint synchronization initiated using futex wait barrier. (19 threads)
[2025-06-05T16:35:35.862+0000][16.683s][info ][gc,start    ] GC(36) Pause Young (Normal) (G1 Evacuation Pause)
[2025-06-05T16:35:35.862+0000][16.683s][info ][gc,task     ] GC(36) Using 2 workers of 2 for evacuation
[2025-06-05T16:35:35.893+0000][16.714s][info ][gc,phases   ] GC(36)   Pre Evacuate Collection Set: 0.2ms
[2025-06-05T16:35:35.893+0000][16.714s][info ][gc,phases   ] GC(36)   Merge Heap Roots: 0.3ms
[2025-06-05T16:35:35.893+0000][16.714s][info ][gc,phases   ] GC(36)   Evacuate Collection Set: 22.1ms
[2025-06-05T16:35:35.893+0000][16.714s][info ][gc,phases   ] GC(36)   Post Evacuate Collection Set: 7.9ms
[2025-06-05T16:35:35.893+0000][16.714s][info ][gc,phases   ] GC(36)   Other: 0.3ms
[2025-06-05T16:35:35.893+0000][16.714s][info ][gc,heap     ] GC(36) Eden regions: 127->0(123)
[2025-06-05T16:35:35.893+0000][16.714s][info ][gc,heap     ] GC(36) Survivor regions: 8->10(17)
[2025-06-05T16:35:35.893+0000][16.714s][info ][gc,heap     ] GC(36) Old regions: 60->60
[2025-06-05T16:35:35.893+0000][16.714s][info ][gc,heap     ] GC(36) Archive regions: 2->2
[2025-06-05T16:35:35.893+0000][16.714s][info ][gc,heap     ] GC(36) Humongous regions: 0->0
[2025-06-05T16:35:35.893+0000][16.714s][info ][gc,metaspace] GC(36) Metaspace: 62442K(62976K)->62442K(62976K) NonClass: 54508K(54784K)->54508K(54784K) Class: 7934K(8192K)->7934K(8192K)
[2025-06-05T16:35:35.893+0000][16.715s][info ][gc          ] GC(36) Pause Young (Normal) (G1 Evacuation Pause) 194M->69M(228M) 31.315ms
[2025-06-05T16:35:35.893+0000][16.715s][info ][gc,cpu      ] GC(36) User=0.07s Sys=0.01s Real=0.03s
[2025-06-05T16:35:35.893+0000][16.715s][info ][safepoint   ] Safepoint "G1CollectForAllocation", Time since last: 11750041 ns, Reaching safepoint: 848709 ns, Cleanup: 14666 ns, At safepoint: 31528667 ns, Total: 32392042 ns
[2025-06-05T16:35:36.514+0000][17.335s][debug][safepoint   ] Safepoint synchronization initiated using futex wait barrier. (19 threads)
[2025-06-05T16:35:36.543+0000][17.365s][info ][gc,start    ] GC(37) Pause Young (Normal) (G1 Evacuation Pause)
[2025-06-05T16:35:36.544+0000][17.365s][info ][gc,task     ] GC(37) Using 2 workers of 2 for evacuation
[2025-06-05T16:35:36.686+0000][17.508s][info ][gc,phases   ] GC(37)   Pre Evacuate Collection Set: 2.0ms
[2025-06-05T16:35:36.687+0000][17.508s][info ][gc,phases   ] GC(37)   Merge Heap Roots: 0.2ms
[2025-06-05T16:35:36.687+0000][17.508s][info ][gc,phases   ] GC(37)   Evacuate Collection Set: 29.6ms
[2025-06-05T16:35:36.687+0000][17.508s][info ][gc,phases   ] GC(37)   Post Evacuate Collection Set: 110.8ms
[2025-06-05T16:35:36.687+0000][17.508s][info ][gc,phases   ] GC(37)   Other: 0.6ms
[2025-06-05T16:35:36.687+0000][17.508s][info ][gc,heap     ] GC(37) Eden regions: 123->0(297)
[2025-06-05T16:35:36.687+0000][17.508s][info ][gc,heap     ] GC(37) Survivor regions: 10->6(17)
[2025-06-05T16:35:36.687+0000][17.508s][info ][gc,heap     ] GC(37) Old regions: 60->63
[2025-06-05T16:35:36.687+0000][17.508s][info ][gc,heap     ] GC(37) Archive regions: 2->2
[2025-06-05T16:35:36.687+0000][17.509s][info ][gc,heap     ] GC(37) Humongous regions: 0->0
[2025-06-05T16:35:36.687+0000][17.509s][info ][gc,metaspace] GC(37) Metaspace: 64197K(64640K)->64197K(64640K) NonClass: 55970K(56192K)->55970K(56192K) Class: 8227K(8448K)->8227K(8448K)
[2025-06-05T16:35:36.687+0000][17.509s][info ][gc          ] GC(37) Pause Young (Normal) (G1 Evacuation Pause) 192M->68M(505M) 144.222ms
[2025-06-05T16:35:36.687+0000][17.509s][info ][gc,cpu      ] GC(37) User=0.12s Sys=0.06s Real=0.15s
[2025-06-05T16:35:36.688+0000][17.509s][info ][safepoint   ] Safepoint "G1CollectForAllocation", Time since last: 620205375 ns, Reaching safepoint: 235292 ns, Cleanup: 29306292 ns, At safepoint: 144497750 ns, Total: 174039334 ns
[2025-06-05T16:35:37.691+0000][18.512s][debug][safepoint   ] Safepoint synchronization initiated using futex wait barrier. (19 threads)
[2025-06-05T16:35:37.694+0000][18.515s][info ][safepoint   ] Safepoint "Cleanup", Time since last: 1003256584 ns, Reaching safepoint: 2647250 ns, Cleanup: 51791 ns, At safepoint: 7542 ns, Total: 2706583 ns
[2025-06-05T16:35:38.028+0000][18.850s][debug][safepoint   ] Safepoint synchronization initiated using futex wait barrier. (19 threads)
[2025-06-05T16:35:38.029+0000][18.850s][info ][safepoint   ] Safepoint "ICBufferFull", Time since last: 334794667 ns, Reaching safepoint: 172541 ns, Cleanup: 61750 ns, At safepoint: 6250 ns, Total: 240541 ns
[2025-06-05T16:35:38.167+0000][18.989s][debug][safepoint   ] Safepoint synchronization initiated using futex wait barrier. (19 threads)
[2025-06-05T16:35:38.168+0000][18.989s][info ][safepoint   ] Safepoint "ICBufferFull", Time since last: 138909917 ns, Reaching safepoint: 107584 ns, Cleanup: 63666 ns, At safepoint: 1125 ns, Total: 172375 ns
[2025-06-05T16:35:38.509+0000][19.330s][debug][safepoint   ] Safepoint synchronization initiated using futex wait barrier. (19 threads)
[2025-06-05T16:35:38.510+0000][19.331s][info ][safepoint   ] Safepoint "ICBufferFull", Time since last: 341152500 ns, Reaching safepoint: 1121417 ns, Cleanup: 85833 ns, At safepoint: 8375 ns, Total: 1215625 ns
[2025-06-05T16:35:38.536+0000][19.357s][debug][safepoint   ] Safepoint synchronization initiated using futex wait barrier. (19 threads)
[2025-06-05T16:35:38.536+0000][19.357s][info ][gc,start    ] GC(38) Pause Young (Concurrent Start) (Metadata GC Threshold)
[2025-06-05T16:35:38.536+0000][19.357s][info ][gc,task     ] GC(38) Using 2 workers of 2 for evacuation
[2025-06-05T16:35:38.569+0000][19.390s][info ][gc,phases   ] GC(38)   Pre Evacuate Collection Set: 1.0ms
[2025-06-05T16:35:38.569+0000][19.391s][info ][gc,phases   ] GC(38)   Merge Heap Roots: 0.2ms
[2025-06-05T16:35:38.569+0000][19.391s][info ][gc,phases   ] GC(38)   Evacuate Collection Set: 29.1ms
[2025-06-05T16:35:38.569+0000][19.391s][info ][gc,phases   ] GC(38)   Post Evacuate Collection Set: 2.2ms
[2025-06-05T16:35:38.569+0000][19.391s][info ][gc,phases   ] GC(38)   Other: 0.7ms
[2025-06-05T16:35:38.569+0000][19.391s][info ][gc,heap     ] GC(38) Eden regions: 167->0(293)
[2025-06-05T16:35:38.569+0000][19.391s][info ][gc,heap     ] GC(38) Survivor regions: 6->10(38)
[2025-06-05T16:35:38.569+0000][19.391s][info ][gc,heap     ] GC(38) Old regions: 63->63
[2025-06-05T16:35:38.569+0000][19.391s][info ][gc,heap     ] GC(38) Archive regions: 2->2
[2025-06-05T16:35:38.570+0000][19.391s][info ][gc,heap     ] GC(38) Humongous regions: 0->0
[2025-06-05T16:35:38.570+0000][19.391s][info ][gc,metaspace] GC(38) Metaspace: 68158K(68608K)->68158K(68608K) NonClass: 59434K(59648K)->59434K(59648K) Class: 8723K(8960K)->8723K(8960K)
[2025-06-05T16:35:38.570+0000][19.391s][info ][gc          ] GC(38) Pause Young (Concurrent Start) (Metadata GC Threshold) 235M->72M(505M) 33.609ms
[2025-06-05T16:35:38.570+0000][19.391s][info ][gc,cpu      ] GC(38) User=0.04s Sys=0.03s Real=0.04s
[2025-06-05T16:35:38.570+0000][19.391s][info ][safepoint   ] Safepoint "CollectForMetadataAllocation", Time since last: 25776750 ns, Reaching safepoint: 117625 ns, Cleanup: 16667 ns, At safepoint: 33964125 ns, Total: 34098417 ns
[2025-06-05T16:35:38.570+0000][19.391s][info ][gc          ] GC(39) Concurrent Mark Cycle
[2025-06-05T16:35:38.574+0000][19.395s][info ][gc,marking  ] GC(39) Concurrent Clear Claimed Marks
[2025-06-05T16:35:38.574+0000][19.395s][info ][gc,marking  ] GC(39) Concurrent Clear Claimed Marks 0.150ms
[2025-06-05T16:35:38.574+0000][19.396s][info ][gc,marking  ] GC(39) Concurrent Scan Root Regions
[2025-06-05T16:35:38.586+0000][19.408s][info ][gc,marking  ] GC(39) Concurrent Scan Root Regions 11.876ms
[2025-06-05T16:35:38.586+0000][19.408s][info ][gc,marking  ] GC(39) Concurrent Mark
[2025-06-05T16:35:38.587+0000][19.408s][info ][gc,marking  ] GC(39) Concurrent Mark From Roots
[2025-06-05T16:35:38.587+0000][19.408s][info ][gc,task     ] GC(39) Using 1 workers of 1 for marking
[2025-06-05T16:35:38.665+0000][19.486s][debug][safepoint   ] Safepoint synchronization initiated using futex wait barrier. (19 threads)
[2025-06-05T16:35:38.665+0000][19.486s][info ][safepoint   ] Safepoint "CollectForMetadataAllocation", Time since last: 94409250 ns, Reaching safepoint: 461375 ns, Cleanup: 34750 ns, At safepoint: 42000 ns, Total: 538125 ns
[2025-06-05T16:35:38.873+0000][19.694s][info ][gc,marking  ] GC(39) Concurrent Mark From Roots 272.172ms
[2025-06-05T16:35:38.876+0000][19.697s][info ][gc,marking  ] GC(39) Concurrent Preclean
[2025-06-05T16:35:38.878+0000][19.699s][info ][gc,marking  ] GC(39) Concurrent Preclean 1.889ms
[2025-06-05T16:35:38.879+0000][19.700s][debug][safepoint   ] Safepoint synchronization initiated using futex wait barrier. (19 threads)
[2025-06-05T16:35:38.880+0000][19.701s][info ][gc,start    ] GC(39) Pause Remark
[2025-06-05T16:35:38.913+0000][19.735s][info ][gc          ] GC(39) Pause Remark 88M->88M(304M) 33.504ms
[2025-06-05T16:35:38.914+0000][19.735s][info ][gc,cpu      ] GC(39) User=0.05s Sys=0.00s Real=0.03s
[2025-06-05T16:35:38.914+0000][19.735s][info ][safepoint   ] Safepoint "G1PauseRemark", Time since last: 213772792 ns, Reaching safepoint: 1184958 ns, Cleanup: 25792 ns, At safepoint: 34028000 ns, Total: 35238750 ns
[2025-06-05T16:35:38.919+0000][19.740s][info ][gc,marking  ] GC(39) Concurrent Mark 332.537ms
[2025-06-05T16:35:38.919+0000][19.741s][info ][gc,marking  ] GC(39) Concurrent Rebuild Remembered Sets
[2025-06-05T16:35:39.090+0000][19.912s][info ][gc,marking  ] GC(39) Concurrent Rebuild Remembered Sets 170.790ms
[2025-06-05T16:35:39.091+0000][19.912s][debug][safepoint   ] Safepoint synchronization initiated using futex wait barrier. (19 threads)
[2025-06-05T16:35:39.093+0000][19.914s][info ][gc,start    ] GC(39) Pause Cleanup
[2025-06-05T16:35:39.094+0000][19.915s][info ][gc          ] GC(39) Pause Cleanup 91M->91M(304M) 0.543ms
[2025-06-05T16:35:39.094+0000][19.915s][info ][gc,cpu      ] GC(39) User=0.00s Sys=0.01s Real=0.00s
[2025-06-05T16:35:39.094+0000][19.915s][info ][safepoint   ] Safepoint "G1PauseCleanup", Time since last: 176629375 ns, Reaching safepoint: 2534833 ns, Cleanup: 72917 ns, At safepoint: 786500 ns, Total: 3394250 ns
[2025-06-05T16:35:39.096+0000][19.917s][info ][gc,marking  ] GC(39) Concurrent Cleanup for Next Mark
[2025-06-05T16:35:39.100+0000][19.922s][info ][gc,marking  ] GC(39) Concurrent Cleanup for Next Mark 4.494ms
[2025-06-05T16:35:39.101+0000][19.922s][info ][gc          ] GC(39) Concurrent Mark Cycle 530.605ms
[2025-06-05T16:35:39.796+0000][20.618s][debug][safepoint   ] Safepoint synchronization initiated using futex wait barrier. (19 threads)
[2025-06-05T16:35:39.797+0000][20.618s][info ][safepoint   ] Safepoint "ICBufferFull", Time since last: 702342375 ns, Reaching safepoint: 395500 ns, Cleanup: 127459 ns, At safepoint: 2333 ns, Total: 525292 ns
[2025-06-05T16:35:39.969+0000][20.790s][debug][safepoint   ] Safepoint synchronization initiated using futex wait barrier. (19 threads)
[2025-06-05T16:35:39.969+0000][20.791s][info ][safepoint   ] Safepoint "ICBufferFull", Time since last: 171766250 ns, Reaching safepoint: 589000 ns, Cleanup: 109917 ns, At safepoint: 5041 ns, Total: 703958 ns
[2025-06-05T16:35:40.166+0000][20.987s][debug][safepoint   ] Safepoint synchronization initiated using futex wait barrier. (19 threads)
[2025-06-05T16:35:40.166+0000][20.987s][info ][safepoint   ] Safepoint "ICBufferFull", Time since last: 196318917 ns, Reaching safepoint: 284625 ns, Cleanup: 221375 ns, At safepoint: 8250 ns, Total: 514250 ns
[2025-06-05T16:35:40.477+0000][21.298s][debug][safepoint   ] Safepoint synchronization initiated using futex wait barrier. (19 threads)
[2025-06-05T16:35:40.478+0000][21.299s][info ][safepoint   ] Safepoint "ICBufferFull", Time since last: 310778709 ns, Reaching safepoint: 937291 ns, Cleanup: 180917 ns, At safepoint: 8333 ns, Total: 1126541 ns
[2025-06-05T16:35:41.671+0000][22.492s][debug][safepoint   ] Safepoint synchronization initiated using futex wait barrier. (18 threads)
[2025-06-05T16:35:41.677+0000][22.498s][info ][safepoint   ] Safepoint "Cleanup", Time since last: 1193084543 ns, Reaching safepoint: 3808625 ns, Cleanup: 1785750 ns, At safepoint: 43708 ns, Total: 5638083 ns
[2025-06-05T16:35:43.680+0000][24.502s][debug][safepoint   ] Safepoint synchronization initiated using futex wait barrier. (18 threads)
[2025-06-05T16:35:43.745+0000][24.566s][info ][safepoint   ] Safepoint "Cleanup", Time since last: 2003723251 ns, Reaching safepoint: 64379917 ns, Cleanup: 31916 ns, At safepoint: 16917 ns, Total: 64428750 ns
[2025-06-05T16:35:43.984+0000][24.806s][debug][safepoint   ] Safepoint synchronization initiated using futex wait barrier. (19 threads)
[2025-06-05T16:35:43.986+0000][24.807s][info ][gc,start    ] GC(40) Pause Young (Prepare Mixed) (G1 Evacuation Pause)
[2025-06-05T16:35:43.986+0000][24.807s][info ][gc,task     ] GC(40) Using 2 workers of 2 for evacuation
[2025-06-05T16:35:45.701+0000][26.522s][info ][gc,mmu      ] GC(40) MMU target violated: 501.0ms (500.0ms/501.0ms)
[2025-06-05T16:35:45.864+0000][26.686s][info ][gc,phases   ] GC(40)   Pre Evacuate Collection Set: 6.7ms
[2025-06-05T16:35:45.865+0000][26.687s][info ][gc,phases   ] GC(40)   Merge Heap Roots: 9.8ms
[2025-06-05T16:35:45.866+0000][26.687s][info ][gc,phases   ] GC(40)   Evacuate Collection Set: 1584.6ms
[2025-06-05T16:35:45.866+0000][26.687s][info ][gc,phases   ] GC(40)   Post Evacuate Collection Set: 109.5ms
[2025-06-05T16:35:45.866+0000][26.687s][info ][gc,phases   ] GC(40)   Other: 168.8ms
[2025-06-05T16:35:45.866+0000][26.688s][info ][gc,heap     ] GC(40) Eden regions: 172->0(3)
[2025-06-05T16:35:45.870+0000][26.691s][info ][gc,heap     ] GC(40) Survivor regions: 10->12(23)
[2025-06-05T16:35:45.870+0000][26.691s][info ][gc,heap     ] GC(40) Old regions: 63->63
[2025-06-05T16:35:45.870+0000][26.691s][info ][gc,heap     ] GC(40) Archive regions: 2->2
[2025-06-05T16:35:45.870+0000][26.691s][info ][gc,heap     ] GC(40) Humongous regions: 0->0
[2025-06-05T16:35:45.870+0000][26.691s][info ][gc,metaspace] GC(40) Metaspace: 74380K(74880K)->74380K(74880K) NonClass: 64722K(64960K)->64722K(64960K) Class: 9658K(9920K)->9658K(9920K)
[2025-06-05T16:35:45.872+0000][26.693s][info ][gc          ] GC(40) Pause Young (Prepare Mixed) (G1 Evacuation Pause) 244M->74M(304M) 1885.868ms
[2025-06-05T16:35:45.873+0000][26.694s][info ][gc,cpu      ] GC(40) User=3.17s Sys=0.13s Real=1.89s
[2025-06-05T16:35:45.875+0000][26.696s][info ][safepoint   ] Safepoint "G1CollectForAllocation", Time since last: 239499625 ns, Reaching safepoint: 168917 ns, Cleanup: 4250 ns, At safepoint: 1889242001 ns, Total: 1889415168 ns
[2025-06-05T16:35:46.332+0000][27.153s][debug][safepoint   ] Safepoint synchronization initiated using futex wait barrier. (19 threads)
[2025-06-05T16:35:46.333+0000][27.154s][info ][gc,start    ] GC(41) Pause Young (Mixed) (G1 Evacuation Pause)
[2025-06-05T16:35:46.333+0000][27.154s][info ][gc,task     ] GC(41) Using 2 workers of 2 for evacuation
[2025-06-05T16:35:46.489+0000][27.310s][info ][gc,phases   ] GC(41)   Pre Evacuate Collection Set: 1.1ms
[2025-06-05T16:35:46.489+0000][27.310s][info ][gc,phases   ] GC(41)   Merge Heap Roots: 1.2ms
[2025-06-05T16:35:46.489+0000][27.310s][info ][gc,phases   ] GC(41)   Evacuate Collection Set: 150.9ms
[2025-06-05T16:35:46.489+0000][27.310s][info ][gc,phases   ] GC(41)   Post Evacuate Collection Set: 2.6ms
[2025-06-05T16:35:46.489+0000][27.310s][info ][gc,phases   ] GC(41)   Other: 1.0ms
[2025-06-05T16:35:46.489+0000][27.310s][info ][gc,heap     ] GC(41) Eden regions: 3->0(180)
[2025-06-05T16:35:46.489+0000][27.311s][info ][gc,heap     ] GC(41) Survivor regions: 12->1(2)
[2025-06-05T16:35:46.489+0000][27.311s][info ][gc,heap     ] GC(41) Old regions: 63->72
[2025-06-05T16:35:46.489+0000][27.311s][info ][gc,heap     ] GC(41) Archive regions: 2->2
[2025-06-05T16:35:46.489+0000][27.311s][info ][gc,heap     ] GC(41) Humongous regions: 0->0
[2025-06-05T16:35:46.489+0000][27.311s][info ][gc,metaspace] GC(41) Metaspace: 74547K(75008K)->74547K(75008K) NonClass: 64888K(65088K)->64888K(65088K) Class: 9659K(9920K)->9659K(9920K)
[2025-06-05T16:35:46.489+0000][27.311s][info ][gc          ] GC(41) Pause Young (Mixed) (G1 Evacuation Pause) 77M->73M(304M) 156.556ms
[2025-06-05T16:35:46.489+0000][27.311s][info ][gc,cpu      ] GC(41) User=0.31s Sys=0.00s Real=0.16s
[2025-06-05T16:35:46.490+0000][27.311s][info ][safepoint   ] Safepoint "G1CollectForAllocation", Time since last: 457914250 ns, Reaching safepoint: 423750 ns, Cleanup: 15833 ns, At safepoint: 157414375 ns, Total: 157853958 ns
[2025-06-05T16:35:47.901+0000][28.723s][debug][safepoint   ] Safepoint synchronization initiated using futex wait barrier. (19 threads)
[2025-06-05T16:35:47.907+0000][28.728s][info ][safepoint   ] Safepoint "Cleanup", Time since last: 1411826626 ns, Reaching safepoint: 5564458 ns, Cleanup: 119667 ns, At safepoint: 4416 ns, Total: 5688541 ns
[2025-06-05T16:35:48.517+0000][29.338s][debug][safepoint   ] Safepoint synchronization initiated using futex wait barrier. (19 threads)
[2025-06-05T16:35:48.517+0000][29.339s][info ][safepoint   ] Safepoint "ICBufferFull", Time since last: 609604376 ns, Reaching safepoint: 455625 ns, Cleanup: 85083 ns, At safepoint: 2375 ns, Total: 543083 ns
[2025-06-05T16:35:48.700+0000][29.521s][debug][safepoint   ] Safepoint synchronization initiated using futex wait barrier. (19 threads)
[2025-06-05T16:35:48.701+0000][29.522s][info ][safepoint   ] Safepoint "ICBufferFull", Time since last: 182815292 ns, Reaching safepoint: 844042 ns, Cleanup: 61166 ns, At safepoint: 6542 ns, Total: 911750 ns
[2025-06-05T16:35:48.730+0000][29.551s][debug][safepoint   ] Safepoint synchronization initiated using futex wait barrier. (19 threads)
[2025-06-05T16:35:48.730+0000][29.552s][info ][safepoint   ] Safepoint "ICBufferFull", Time since last: 29225458 ns, Reaching safepoint: 120750 ns, Cleanup: 59417 ns, At safepoint: 1583 ns, Total: 181750 ns
[2025-06-05T16:35:48.736+0000][29.557s][debug][safepoint   ] Safepoint synchronization initiated using futex wait barrier. (19 threads)
[2025-06-05T16:35:48.736+0000][29.557s][info ][gc,start    ] GC(42) Pause Young (Concurrent Start) (G1 Evacuation Pause)
[2025-06-05T16:35:48.736+0000][29.557s][info ][gc,task     ] GC(42) Using 2 workers of 2 for evacuation
[2025-06-05T16:35:48.773+0000][29.594s][info ][gc,phases   ] GC(42)   Pre Evacuate Collection Set: 0.7ms
[2025-06-05T16:35:48.773+0000][29.594s][info ][gc,phases   ] GC(42)   Merge Heap Roots: 0.2ms
[2025-06-05T16:35:48.773+0000][29.594s][info ][gc,phases   ] GC(42)   Evacuate Collection Set: 27.5ms
[2025-06-05T16:35:48.773+0000][29.594s][info ][gc,phases   ] GC(42)   Post Evacuate Collection Set: 8.1ms
[2025-06-05T16:35:48.773+0000][29.595s][info ][gc,phases   ] GC(42)   Other: 0.5ms
[2025-06-05T16:35:48.773+0000][29.595s][info ][gc,heap     ] GC(42) Eden regions: 180->0(180)
[2025-06-05T16:35:48.773+0000][29.595s][info ][gc,heap     ] GC(42) Survivor regions: 1->2(23)
[2025-06-05T16:35:48.773+0000][29.595s][info ][gc,heap     ] GC(42) Old regions: 72->72
[2025-06-05T16:35:48.773+0000][29.595s][info ][gc,heap     ] GC(42) Archive regions: 2->2
[2025-06-05T16:35:48.773+0000][29.595s][info ][gc,heap     ] GC(42) Humongous regions: 0->0
[2025-06-05T16:35:48.773+0000][29.595s][info ][gc,metaspace] GC(42) Metaspace: 78629K(79104K)->78629K(79104K) NonClass: 68298K(68544K)->68298K(68544K) Class: 10330K(10560K)->10330K(10560K)
[2025-06-05T16:35:48.774+0000][29.595s][info ][gc          ] GC(42) Pause Young (Concurrent Start) (G1 Evacuation Pause) 253M->73M(304M) 37.520ms
[2025-06-05T16:35:48.774+0000][29.595s][info ][gc,cpu      ] GC(42) User=0.06s Sys=0.01s Real=0.04s
[2025-06-05T16:35:48.774+0000][29.595s][info ][safepoint   ] Safepoint "G1CollectForAllocation", Time since last: 5458625 ns, Reaching safepoint: 100875 ns, Cleanup: 17667 ns, At safepoint: 38124208 ns, Total: 38242750 ns
[2025-06-05T16:35:48.775+0000][29.596s][info ][gc          ] GC(43) Concurrent Mark Cycle
[2025-06-05T16:35:48.776+0000][29.597s][info ][gc,marking  ] GC(43) Concurrent Clear Claimed Marks
[2025-06-05T16:35:48.777+0000][29.598s][info ][gc,marking  ] GC(43) Concurrent Clear Claimed Marks 1.065ms
[2025-06-05T16:35:48.780+0000][29.602s][info ][gc,marking  ] GC(43) Concurrent Scan Root Regions
[2025-06-05T16:35:48.792+0000][29.613s][info ][gc,marking  ] GC(43) Concurrent Scan Root Regions 11.470ms
[2025-06-05T16:35:48.792+0000][29.613s][info ][gc,marking  ] GC(43) Concurrent Mark
[2025-06-05T16:35:48.792+0000][29.614s][info ][gc,marking  ] GC(43) Concurrent Mark From Roots
[2025-06-05T16:35:48.792+0000][29.614s][info ][gc,task     ] GC(43) Using 1 workers of 1 for marking
[2025-06-05T16:35:48.847+0000][29.668s][debug][safepoint   ] Safepoint synchronization initiated using futex wait barrier. (19 threads)
[2025-06-05T16:35:48.847+0000][29.669s][info ][safepoint   ] Safepoint "ICBufferFull", Time since last: 72573084 ns, Reaching safepoint: 586916 ns, Cleanup: 86959 ns, At safepoint: 5333 ns, Total: 679208 ns
[2025-06-05T16:35:48.890+0000][29.711s][debug][safepoint   ] Safepoint synchronization initiated using futex wait barrier. (19 threads)
[2025-06-05T16:35:48.890+0000][29.711s][info ][safepoint   ] Safepoint "ICBufferFull", Time since last: 42156042 ns, Reaching safepoint: 214416 ns, Cleanup: 59250 ns, At safepoint: 6250 ns, Total: 279916 ns
[2025-06-05T16:35:48.987+0000][29.808s][debug][safepoint   ] Safepoint synchronization initiated using futex wait barrier. (19 threads)
[2025-06-05T16:35:48.987+0000][29.808s][info ][safepoint   ] Safepoint "ICBufferFull", Time since last: 96110375 ns, Reaching safepoint: 835459 ns, Cleanup: 77250 ns, At safepoint: 5500 ns, Total: 918209 ns
[2025-06-05T16:35:49.087+0000][29.908s][debug][safepoint   ] Safepoint synchronization initiated using futex wait barrier. (19 threads)
[2025-06-05T16:35:49.088+0000][29.910s][info ][safepoint   ] Safepoint "ICBufferFull", Time since last: 100219625 ns, Reaching safepoint: 1073416 ns, Cleanup: 194584 ns, At safepoint: 15541 ns, Total: 1283541 ns
[2025-06-05T16:35:49.185+0000][30.006s][debug][safepoint   ] Safepoint synchronization initiated using futex wait barrier. (19 threads)
[2025-06-05T16:35:49.185+0000][30.006s][info ][safepoint   ] Safepoint "ICBufferFull", Time since last: 96280584 ns, Reaching safepoint: 224583 ns, Cleanup: 82917 ns, At safepoint: 11916 ns, Total: 319416 ns
[2025-06-05T16:35:49.256+0000][30.078s][info ][gc,marking  ] GC(43) Concurrent Mark From Roots 464.234ms
[2025-06-05T16:35:49.263+0000][30.084s][info ][gc,marking  ] GC(43) Concurrent Preclean
[2025-06-05T16:35:49.263+0000][30.085s][info ][gc,marking  ] GC(43) Concurrent Preclean 0.634ms
[2025-06-05T16:35:49.263+0000][30.085s][debug][safepoint   ] Safepoint synchronization initiated using futex wait barrier. (19 threads)
[2025-06-05T16:35:49.265+0000][30.086s][info ][gc,start    ] GC(43) Pause Remark
[2025-06-05T16:35:49.295+0000][30.117s][info ][gc          ] GC(43) Pause Remark 97M->97M(304M) 30.537ms
[2025-06-05T16:35:49.296+0000][30.117s][info ][gc,cpu      ] GC(43) User=0.06s Sys=0.00s Real=0.03s
[2025-06-05T16:35:49.296+0000][30.117s][info ][safepoint   ] Safepoint "G1PauseRemark", Time since last: 78491417 ns, Reaching safepoint: 1443792 ns, Cleanup: 28666 ns, At safepoint: 30789334 ns, Total: 32261792 ns
[2025-06-05T16:35:49.299+0000][30.121s][info ][gc,marking  ] GC(43) Concurrent Mark 507.399ms
[2025-06-05T16:35:49.300+0000][30.121s][info ][gc,marking  ] GC(43) Concurrent Rebuild Remembered Sets
[2025-06-05T16:35:49.380+0000][30.202s][info ][gc,marking  ] GC(43) Concurrent Rebuild Remembered Sets 80.356ms
[2025-06-05T16:35:49.380+0000][30.202s][debug][safepoint   ] Safepoint synchronization initiated using futex wait barrier. (19 threads)
[2025-06-05T16:35:49.382+0000][30.203s][info ][gc,start    ] GC(43) Pause Cleanup
[2025-06-05T16:35:49.382+0000][30.203s][info ][gc          ] GC(43) Pause Cleanup 103M->103M(304M) 0.165ms
[2025-06-05T16:35:49.382+0000][30.204s][info ][gc,cpu      ] GC(43) User=0.00s Sys=0.00s Real=0.00s
[2025-06-05T16:35:49.382+0000][30.204s][info ][safepoint   ] Safepoint "G1PauseCleanup", Time since last: 84795417 ns, Reaching safepoint: 1506541 ns, Cleanup: 61459 ns, At safepoint: 286375 ns, Total: 1854375 ns
[2025-06-05T16:35:49.382+0000][30.204s][info ][gc,marking  ] GC(43) Concurrent Cleanup for Next Mark
[2025-06-05T16:35:49.398+0000][30.219s][info ][gc,marking  ] GC(43) Concurrent Cleanup for Next Mark 15.818ms
[2025-06-05T16:35:49.400+0000][30.221s][info ][gc          ] GC(43) Concurrent Mark Cycle 625.395ms
[2025-06-05T16:35:49.544+0000][30.365s][debug][safepoint   ] Safepoint synchronization initiated using futex wait barrier. (19 threads)
[2025-06-05T16:35:49.544+0000][30.365s][info ][safepoint   ] Safepoint "ICBufferFull", Time since last: 161393333 ns, Reaching safepoint: 274083 ns, Cleanup: 71000 ns, At safepoint: 6250 ns, Total: 351333 ns
[2025-06-05T16:35:49.654+0000][30.475s][debug][safepoint   ] Safepoint synchronization initiated using futex wait barrier. (19 threads)
[2025-06-05T16:35:49.655+0000][30.476s][info ][safepoint   ] Safepoint "ICBufferFull", Time since last: 109995084 ns, Reaching safepoint: 902875 ns, Cleanup: 68166 ns, At safepoint: 6000 ns, Total: 977041 ns
[2025-06-05T16:35:50.049+0000][30.870s][debug][safepoint   ] Safepoint synchronization initiated using futex wait barrier. (19 threads)
[2025-06-05T16:35:50.051+0000][30.872s][info ][safepoint   ] Safepoint "ICBufferFull", Time since last: 394142667 ns, Reaching safepoint: 1476000 ns, Cleanup: 95167 ns, At safepoint: 4958 ns, Total: 1576125 ns
[2025-06-05T16:35:50.527+0000][31.348s][debug][safepoint   ] Safepoint synchronization initiated using futex wait barrier. (19 threads)
[2025-06-05T16:35:50.527+0000][31.349s][info ][gc,start    ] GC(44) Pause Young (Prepare Mixed) (G1 Evacuation Pause)
[2025-06-05T16:35:50.527+0000][31.349s][info ][gc,task     ] GC(44) Using 2 workers of 2 for evacuation
[2025-06-05T16:35:50.556+0000][31.377s][info ][gc,phases   ] GC(44)   Pre Evacuate Collection Set: 0.3ms
[2025-06-05T16:35:50.556+0000][31.377s][info ][gc,phases   ] GC(44)   Merge Heap Roots: 0.4ms
[2025-06-05T16:35:50.556+0000][31.377s][info ][gc,phases   ] GC(44)   Evacuate Collection Set: 21.1ms
[2025-06-05T16:35:50.556+0000][31.377s][info ][gc,phases   ] GC(44)   Post Evacuate Collection Set: 6.2ms
[2025-06-05T16:35:50.556+0000][31.377s][info ][gc,phases   ] GC(44)   Other: 0.3ms
[2025-06-05T16:35:50.556+0000][31.377s][info ][gc,heap     ] GC(44) Eden regions: 180->0(11)
[2025-06-05T16:35:50.556+0000][31.377s][info ][gc,heap     ] GC(44) Survivor regions: 2->4(23)
[2025-06-05T16:35:50.556+0000][31.377s][info ][gc,heap     ] GC(44) Old regions: 72->72
[2025-06-05T16:35:50.556+0000][31.378s][info ][gc,heap     ] GC(44) Archive regions: 2->2
[2025-06-05T16:35:50.556+0000][31.378s][info ][gc,heap     ] GC(44) Humongous regions: 0->0
[2025-06-05T16:35:50.556+0000][31.378s][info ][gc,metaspace] GC(44) Metaspace: 82650K(83136K)->82650K(83136K) NonClass: 71762K(72000K)->71762K(72000K) Class: 10888K(11136K)->10888K(11136K)
[2025-06-05T16:35:50.556+0000][31.378s][info ][gc          ] GC(44) Pause Young (Prepare Mixed) (G1 Evacuation Pause) 253M->76M(304M) 28.935ms
[2025-06-05T16:35:50.556+0000][31.378s][info ][gc,cpu      ] GC(44) User=0.06s Sys=0.00s Real=0.02s
[2025-06-05T16:35:50.556+0000][31.378s][info ][safepoint   ] Safepoint "G1CollectForAllocation", Time since last: 476307959 ns, Reaching safepoint: 244625 ns, Cleanup: 77583 ns, At safepoint: 29136708 ns, Total: 29458916 ns
[2025-06-05T16:35:50.602+0000][31.424s][debug][safepoint   ] Safepoint synchronization initiated using futex wait barrier. (19 threads)
[2025-06-05T16:35:50.603+0000][31.424s][info ][gc,start    ] GC(45) Pause Young (Mixed) (G1 Evacuation Pause)
[2025-06-05T16:35:50.603+0000][31.424s][info ][gc,task     ] GC(45) Using 2 workers of 2 for evacuation
[2025-06-05T16:35:50.640+0000][31.462s][info ][gc,phases   ] GC(45)   Pre Evacuate Collection Set: 0.1ms
[2025-06-05T16:35:50.640+0000][31.462s][info ][gc,phases   ] GC(45)   Merge Heap Roots: 1.0ms
[2025-06-05T16:35:50.641+0000][31.462s][info ][gc,phases   ] GC(45)   Evacuate Collection Set: 31.8ms
[2025-06-05T16:35:50.641+0000][31.462s][info ][gc,phases   ] GC(45)   Post Evacuate Collection Set: 4.0ms
[2025-06-05T16:35:50.641+0000][31.462s][info ][gc,phases   ] GC(45)   Other: 0.7ms
[2025-06-05T16:35:50.641+0000][31.462s][info ][gc,heap     ] GC(45) Eden regions: 11->0(181)
[2025-06-05T16:35:50.641+0000][31.462s][info ][gc,heap     ] GC(45) Survivor regions: 4->1(2)
[2025-06-05T16:35:50.641+0000][31.462s][info ][gc,heap     ] GC(45) Old regions: 72->75
[2025-06-05T16:35:50.641+0000][31.462s][info ][gc,heap     ] GC(45) Archive regions: 2->2
[2025-06-05T16:35:50.641+0000][31.462s][info ][gc,heap     ] GC(45) Humongous regions: 0->0
[2025-06-05T16:35:50.641+0000][31.462s][info ][gc,metaspace] GC(45) Metaspace: 82662K(83136K)->82662K(83136K) NonClass: 71773K(72000K)->71773K(72000K) Class: 10889K(11136K)->10889K(11136K)
[2025-06-05T16:35:50.641+0000][31.462s][info ][gc          ] GC(45) Pause Young (Mixed) (G1 Evacuation Pause) 87M->75M(304M) 38.453ms
[2025-06-05T16:35:50.641+0000][31.462s][info ][gc,cpu      ] GC(45) User=0.07s Sys=0.00s Real=0.04s
[2025-06-05T16:35:50.641+0000][31.462s][info ][safepoint   ] Safepoint "G1CollectForAllocation", Time since last: 45850167 ns, Reaching safepoint: 182542 ns, Cleanup: 16791 ns, At safepoint: 38607792 ns, Total: 38807125 ns
[2025-06-05T16:35:51.058+0000][31.879s][debug][safepoint   ] Safepoint synchronization initiated using futex wait barrier. (19 threads)
[2025-06-05T16:35:51.058+0000][31.879s][info ][safepoint   ] Safepoint "ICBufferFull", Time since last: 416720209 ns, Reaching safepoint: 165458 ns, Cleanup: 124208 ns, At safepoint: 7000 ns, Total: 296666 ns
[2025-06-05T16:35:51.409+0000][32.231s][debug][safepoint   ] Safepoint synchronization initiated using futex wait barrier. (19 threads)
[2025-06-05T16:35:51.410+0000][32.231s][info ][safepoint   ] Safepoint "ICBufferFull", Time since last: 351151792 ns, Reaching safepoint: 247417 ns, Cleanup: 83500 ns, At safepoint: 2375 ns, Total: 333292 ns
[2025-06-05T16:35:52.152+0000][32.973s][debug][safepoint   ] Safepoint synchronization initiated using futex wait barrier. (19 threads)
[2025-06-05T16:35:52.153+0000][32.974s][info ][safepoint   ] Safepoint "ICBufferFull", Time since last: 741917125 ns, Reaching safepoint: 689959 ns, Cleanup: 756500 ns, At safepoint: 14625 ns, Total: 1461084 ns
[2025-06-05T16:35:53.155+0000][33.976s][debug][safepoint   ] Safepoint synchronization initiated using futex wait barrier. (19 threads)
[2025-06-05T16:35:53.160+0000][33.982s][info ][safepoint   ] Safepoint "Cleanup", Time since last: 1001514458 ns, Reaching safepoint: 5512417 ns, Cleanup: 119958 ns, At safepoint: 11375 ns, Total: 5643750 ns
[2025-06-05T16:35:53.294+0000][34.115s][debug][safepoint   ] Safepoint synchronization initiated using futex wait barrier. (19 threads)
[2025-06-05T16:35:53.294+0000][34.116s][info ][gc,start    ] GC(46) Pause Young (Normal) (G1 Evacuation Pause)
[2025-06-05T16:35:53.294+0000][34.116s][info ][gc,task     ] GC(46) Using 2 workers of 2 for evacuation
[2025-06-05T16:35:53.342+0000][34.164s][info ][gc,phases   ] GC(46)   Pre Evacuate Collection Set: 0.5ms
[2025-06-05T16:35:53.342+0000][34.164s][info ][gc,phases   ] GC(46)   Merge Heap Roots: 0.3ms
[2025-06-05T16:35:53.342+0000][34.164s][info ][gc,phases   ] GC(46)   Evacuate Collection Set: 30.6ms
[2025-06-05T16:35:53.342+0000][34.164s][info ][gc,phases   ] GC(46)   Post Evacuate Collection Set: 16.1ms
[2025-06-05T16:35:53.342+0000][34.164s][info ][gc,phases   ] GC(46)   Other: 0.4ms
[2025-06-05T16:35:53.342+0000][34.164s][info ][gc,heap     ] GC(46) Eden regions: 181->0(314)
[2025-06-05T16:35:53.342+0000][34.164s][info ][gc,heap     ] GC(46) Survivor regions: 1->5(23)
[2025-06-05T16:35:53.343+0000][34.164s][info ][gc,heap     ] GC(46) Old regions: 75->75
[2025-06-05T16:35:53.343+0000][34.164s][info ][gc,heap     ] GC(46) Archive regions: 2->2
[2025-06-05T16:35:53.343+0000][34.164s][info ][gc,heap     ] GC(46) Humongous regions: 0->0
[2025-06-05T16:35:53.343+0000][34.164s][info ][gc,metaspace] GC(46) Metaspace: 85762K(86336K)->85762K(86336K) NonClass: 74666K(74944K)->74666K(74944K) Class: 11095K(11392K)->11095K(11392K)
[2025-06-05T16:35:53.343+0000][34.164s][info ][gc          ] GC(46) Pause Young (Normal) (G1 Evacuation Pause) 256M->79M(533M) 48.307ms
[2025-06-05T16:35:53.343+0000][34.164s][info ][gc,cpu      ] GC(46) User=0.08s Sys=0.00s Real=0.05s
[2025-06-05T16:35:53.343+0000][34.164s][info ][safepoint   ] Safepoint "G1CollectForAllocation", Time since last: 133931084 ns, Reaching safepoint: 161833 ns, Cleanup: 30958 ns, At safepoint: 48569375 ns, Total: 48762166 ns
[2025-06-05T16:35:53.840+0000][34.661s][debug][safepoint   ] Safepoint synchronization initiated using futex wait barrier. (20 threads)
[2025-06-05T16:35:53.840+0000][34.662s][info ][safepoint   ] Safepoint "ICBufferFull", Time since last: 497111751 ns, Reaching safepoint: 160791 ns, Cleanup: 94125 ns, At safepoint: 2667 ns, Total: 257583 ns
[2025-06-05T16:35:53.881+0000][34.702s][debug][safepoint   ] ... found polling page loop exception at pc = 0x0000ffff8db89eec, stub =0x0000ffff9497ef00
[2025-06-05T16:35:54.097+0000][34.918s][debug][safepoint   ] Safepoint synchronization initiated using futex wait barrier. (24 threads)
[2025-06-05T16:35:54.097+0000][34.918s][info ][safepoint   ] Safepoint "ICBufferFull", Time since last: 256606292 ns, Reaching safepoint: 145000 ns, Cleanup: 117416 ns, At safepoint: 7417 ns, Total: 269833 ns
[2025-06-05T16:35:55.209+0000][36.030s][debug][safepoint   ] Safepoint synchronization initiated using futex wait barrier. (24 threads)
[2025-06-05T16:35:55.210+0000][36.031s][info ][safepoint   ] Safepoint "Cleanup", Time since last: 1111795501 ns, Reaching safepoint: 920250 ns, Cleanup: 286000 ns, At safepoint: 4833 ns, Total: 1211083 ns
[2025-06-05T16:35:55.636+0000][36.457s][debug][safepoint   ] Safepoint synchronization initiated using futex wait barrier. (24 threads)
[2025-06-05T16:35:55.636+0000][36.457s][info ][safepoint   ] Safepoint "ICBufferFull", Time since last: 425706292 ns, Reaching safepoint: 139125 ns, Cleanup: 83917 ns, At safepoint: 6458 ns, Total: 229500 ns
[2025-06-05T16:35:56.637+0000][37.458s][debug][safepoint   ] Safepoint synchronization initiated using futex wait barrier. (24 threads)
[2025-06-05T16:35:56.642+0000][37.463s][info ][safepoint   ] Safepoint "Cleanup", Time since last: 1000852084 ns, Reaching safepoint: 5065750 ns, Cleanup: 107666 ns, At safepoint: 11750 ns, Total: 5185166 ns
[2025-06-05T16:35:57.782+0000][38.603s][debug][safepoint   ] Safepoint synchronization initiated using futex wait barrier. (24 threads)
[2025-06-05T16:35:57.784+0000][38.606s][info ][safepoint   ] Safepoint "Cleanup", Time since last: 1139593168 ns, Reaching safepoint: 2313458 ns, Cleanup: 307542 ns, At safepoint: 4041 ns, Total: 2625041 ns
[2025-06-05T16:35:58.097+0000][38.918s][debug][safepoint   ] ... found polling page loop exception at pc = 0x0000ffff94fed828, stub =0x0000ffff9497ef00
[2025-06-05T16:35:58.633+0000][39.454s][debug][safepoint   ] ... found polling page loop exception at pc = 0x0000ffff95055280, stub =0x0000ffff9497ef00
[2025-06-05T16:35:59.038+0000][39.859s][debug][safepoint   ] Safepoint synchronization initiated using futex wait barrier. (24 threads)
[2025-06-05T16:35:59.039+0000][39.860s][info ][safepoint   ] Safepoint "ICBufferFull", Time since last: 1253720501 ns, Reaching safepoint: 209000 ns, Cleanup: 629791 ns, At safepoint: 8417 ns, Total: 847208 ns
[2025-06-05T16:36:00.043+0000][40.864s][debug][safepoint   ] Safepoint synchronization initiated using futex wait barrier. (24 threads)
[2025-06-05T16:36:00.049+0000][40.870s][info ][safepoint   ] Safepoint "Cleanup", Time since last: 1004224501 ns, Reaching safepoint: 5926666 ns, Cleanup: 54917 ns, At safepoint: 5042 ns, Total: 5986625 ns
[2025-06-05T16:36:01.272+0000][42.076s][debug][safepoint   ] Safepoint synchronization initiated using futex wait barrier. (24 threads)
[2025-06-05T16:36:01.274+0000][42.077s][info ][safepoint   ] Safepoint "ICBufferFull", Time since last: 1205316874 ns, Reaching safepoint: 1409500 ns, Cleanup: 75459 ns, At safepoint: 5750 ns, Total: 1490709 ns
[2025-06-05T16:36:01.334+0000][42.137s][debug][safepoint   ] Safepoint synchronization initiated using futex wait barrier. (24 threads)
[2025-06-05T16:36:01.335+0000][42.138s][info ][gc,start    ] GC(47) Pause Young (Normal) (G1 Evacuation Pause)
[2025-06-05T16:36:01.335+0000][42.139s][info ][gc,task     ] GC(47) Using 2 workers of 2 for evacuation
[2025-06-05T16:36:01.660+0000][42.463s][info ][gc,phases   ] GC(47)   Pre Evacuate Collection Set: 3.4ms
[2025-06-05T16:36:01.660+0000][42.463s][info ][gc,phases   ] GC(47)   Merge Heap Roots: 1.3ms
[2025-06-05T16:36:01.660+0000][42.463s][info ][gc,phases   ] GC(47)   Evacuate Collection Set: 312.3ms
[2025-06-05T16:36:01.660+0000][42.463s][info ][gc,phases   ] GC(47)   Post Evacuate Collection Set: 6.4ms
[2025-06-05T16:36:01.660+0000][42.463s][info ][gc,phases   ] GC(47)   Other: 2.3ms
[2025-06-05T16:36:01.660+0000][42.464s][info ][gc,heap     ] GC(47) Eden regions: 314->0(306)
[2025-06-05T16:36:01.660+0000][42.464s][info ][gc,heap     ] GC(47) Survivor regions: 5->13(40)
[2025-06-05T16:36:01.660+0000][42.464s][info ][gc,heap     ] GC(47) Old regions: 75->75
[2025-06-05T16:36:01.660+0000][42.464s][info ][gc,heap     ] GC(47) Archive regions: 2->2
[2025-06-05T16:36:01.660+0000][42.464s][info ][gc,heap     ] GC(47) Humongous regions: 0->0
[2025-06-05T16:36:01.660+0000][42.464s][info ][gc,metaspace] GC(47) Metaspace: 93654K(94208K)->93654K(94208K) NonClass: 81492K(81792K)->81492K(81792K) Class: 12161K(12416K)->12161K(12416K)
[2025-06-05T16:36:01.661+0000][42.464s][info ][gc          ] GC(47) Pause Young (Normal) (G1 Evacuation Pause) 393M->87M(533M) 325.942ms
[2025-06-05T16:36:01.661+0000][42.464s][info ][gc,cpu      ] GC(47) User=0.60s Sys=0.03s Real=0.33s
[2025-06-05T16:36:01.661+0000][42.464s][info ][safepoint   ] Safepoint "G1CollectForAllocation", Time since last: 59911875 ns, Reaching safepoint: 212667 ns, Cleanup: 65291 ns, At safepoint: 326677459 ns, Total: 326955417 ns
[2025-06-05T16:36:02.663+0000][43.466s][debug][safepoint   ] Safepoint synchronization initiated using futex wait barrier. (24 threads)
[2025-06-05T16:36:02.676+0000][43.479s][info ][safepoint   ] Safepoint "Cleanup", Time since last: 1002252708 ns, Reaching safepoint: 12775667 ns, Cleanup: 211833 ns, At safepoint: 27000 ns, Total: 13014500 ns
[2025-06-05T16:36:04.204+0000][45.007s][debug][safepoint   ] Safepoint synchronization initiated using futex wait barrier. (24 threads)
[2025-06-05T16:36:04.208+0000][45.011s][info ][safepoint   ] Safepoint "Cleanup", Time since last: 1527825835 ns, Reaching safepoint: 4118458 ns, Cleanup: 134042 ns, At safepoint: 14708 ns, Total: 4267208 ns
[2025-06-05T16:36:05.893+0000][46.696s][debug][safepoint   ] Safepoint synchronization initiated using futex wait barrier. (25 threads)
[2025-06-05T16:36:05.894+0000][46.697s][info ][safepoint   ] Safepoint "ICBufferFull", Time since last: 1684408626 ns, Reaching safepoint: 1179750 ns, Cleanup: 185375 ns, At safepoint: 3833 ns, Total: 1368958 ns
[2025-06-05T16:36:06.608+0000][47.411s][debug][safepoint   ] Safepoint synchronization initiated using futex wait barrier. (27 threads)
[2025-06-05T16:36:06.608+0000][47.411s][info ][gc,start    ] GC(48) Pause Young (Normal) (G1 Evacuation Pause)
[2025-06-05T16:36:06.608+0000][47.411s][info ][gc,task     ] GC(48) Using 2 workers of 2 for evacuation
[2025-06-05T16:36:06.737+0000][47.540s][info ][gc,phases   ] GC(48)   Pre Evacuate Collection Set: 0.4ms
[2025-06-05T16:36:06.737+0000][47.540s][info ][gc,phases   ] GC(48)   Merge Heap Roots: 0.2ms
[2025-06-05T16:36:06.737+0000][47.540s][info ][gc,phases   ] GC(48)   Evacuate Collection Set: 120.1ms
[2025-06-05T16:36:06.737+0000][47.540s][info ][gc,phases   ] GC(48)   Post Evacuate Collection Set: 8.0ms
[2025-06-05T16:36:06.737+0000][47.541s][info ][gc,phases   ] GC(48)   Other: 0.3ms
[2025-06-05T16:36:06.737+0000][47.541s][info ][gc,heap     ] GC(48) Eden regions: 306->0(302)
[2025-06-05T16:36:06.737+0000][47.541s][info ][gc,heap     ] GC(48) Survivor regions: 13->17(40)
[2025-06-05T16:36:06.737+0000][47.541s][info ][gc,heap     ] GC(48) Old regions: 75->75
[2025-06-05T16:36:06.737+0000][47.541s][info ][gc,heap     ] GC(48) Archive regions: 2->2
[2025-06-05T16:36:06.738+0000][47.541s][info ][gc,heap     ] GC(48) Humongous regions: 0->0
[2025-06-05T16:36:06.738+0000][47.541s][info ][gc,metaspace] GC(48) Metaspace: 102472K(103104K)->102472K(103104K) NonClass: 88975K(89280K)->88975K(89280K) Class: 13497K(13824K)->13497K(13824K)
[2025-06-05T16:36:06.738+0000][47.541s][info ][gc          ] GC(48) Pause Young (Normal) (G1 Evacuation Pause) 393M->92M(533M) 129.638ms
[2025-06-05T16:36:06.738+0000][47.541s][info ][gc,cpu      ] GC(48) User=0.25s Sys=0.00s Real=0.13s
[2025-06-05T16:36:06.738+0000][47.541s][info ][safepoint   ] Safepoint "G1CollectForAllocation", Time since last: 713645500 ns, Reaching safepoint: 167750 ns, Cleanup: 82750 ns, At safepoint: 129856000 ns, Total: 130106500 ns
[2025-06-05T16:36:07.595+0000][48.399s][debug][safepoint   ] Safepoint synchronization initiated using futex wait barrier. (27 threads)
[2025-06-05T16:36:07.596+0000][48.399s][info ][safepoint   ] Safepoint "ICBufferFull", Time since last: 857569209 ns, Reaching safepoint: 605958 ns, Cleanup: 161250 ns, At safepoint: 15417 ns, Total: 782625 ns
[2025-06-05T16:36:08.685+0000][49.488s][debug][safepoint   ] Safepoint synchronization initiated using futex wait barrier. (30 threads)
[2025-06-05T16:36:08.687+0000][49.491s][info ][safepoint   ] Safepoint "Cleanup", Time since last: 1088825251 ns, Reaching safepoint: 1974375 ns, Cleanup: 364083 ns, At safepoint: 6333 ns, Total: 2344791 ns
[2025-06-05T16:36:09.225+0000][50.028s][debug][safepoint   ] Safepoint synchronization initiated using futex wait barrier. (30 threads)
[2025-06-05T16:36:09.225+0000][50.028s][info ][safepoint   ] Safepoint "ICBufferFull", Time since last: 537433959 ns, Reaching safepoint: 163458 ns, Cleanup: 83375 ns, At safepoint: 6334 ns, Total: 253167 ns
[2025-06-05T16:36:09.734+0000][50.537s][debug][safepoint   ] Safepoint synchronization initiated using futex wait barrier. (36 threads)
[2025-06-05T16:36:09.734+0000][50.538s][info ][gc,start    ] GC(49) Pause Young (Normal) (G1 Evacuation Pause)
[2025-06-05T16:36:09.735+0000][50.538s][info ][gc,task     ] GC(49) Using 2 workers of 2 for evacuation
[2025-06-05T16:36:09.832+0000][50.636s][info ][gc,phases   ] GC(49)   Pre Evacuate Collection Set: 0.5ms
[2025-06-05T16:36:09.833+0000][50.636s][info ][gc,phases   ] GC(49)   Merge Heap Roots: 0.3ms
[2025-06-05T16:36:09.833+0000][50.636s][info ][gc,phases   ] GC(49)   Evacuate Collection Set: 91.5ms
[2025-06-05T16:36:09.833+0000][50.636s][info ][gc,phases   ] GC(49)   Post Evacuate Collection Set: 5.2ms
[2025-06-05T16:36:09.833+0000][50.636s][info ][gc,phases   ] GC(49)   Other: 0.5ms
[2025-06-05T16:36:09.833+0000][50.636s][info ][gc,heap     ] GC(49) Eden regions: 302->0(296)
[2025-06-05T16:36:09.833+0000][50.636s][info ][gc,heap     ] GC(49) Survivor regions: 17->23(40)
[2025-06-05T16:36:09.833+0000][50.636s][info ][gc,heap     ] GC(49) Old regions: 75->75
[2025-06-05T16:36:09.833+0000][50.636s][info ][gc,heap     ] GC(49) Archive regions: 2->2
[2025-06-05T16:36:09.833+0000][50.636s][info ][gc,heap     ] GC(49) Humongous regions: 0->0
[2025-06-05T16:36:09.833+0000][50.636s][info ][gc,metaspace] GC(49) Metaspace: 108571K(109248K)->108571K(109248K) NonClass: 94436K(94784K)->94436K(94784K) Class: 14134K(14464K)->14134K(14464K)
[2025-06-05T16:36:09.833+0000][50.637s][info ][gc          ] GC(49) Pause Young (Normal) (G1 Evacuation Pause) 394M->97M(533M) 98.916ms
[2025-06-05T16:36:09.833+0000][50.637s][info ][gc,cpu      ] GC(49) User=0.20s Sys=0.00s Real=0.10s
[2025-06-05T16:36:09.834+0000][50.637s][info ][safepoint   ] Safepoint "G1CollectForAllocation", Time since last: 509120000 ns, Reaching safepoint: 274750 ns, Cleanup: 61208 ns, At safepoint: 99203500 ns, Total: 99539458 ns
[2025-06-05T16:36:10.251+0000][51.055s][debug][safepoint   ] Safepoint synchronization initiated using futex wait barrier. (37 threads)
[2025-06-05T16:36:10.252+0000][51.055s][info ][safepoint   ] Safepoint "ICBufferFull", Time since last: 417753625 ns, Reaching safepoint: 167209 ns, Cleanup: 151583 ns, At safepoint: 7042 ns, Total: 325834 ns
[2025-06-05T16:36:11.272+0000][52.076s][debug][safepoint   ] Safepoint synchronization initiated using futex wait barrier. (40 threads)
[2025-06-05T16:36:11.288+0000][52.092s][info ][safepoint   ] Safepoint "Cleanup", Time since last: 1020662834 ns, Reaching safepoint: 10732541 ns, Cleanup: 5312500 ns, At safepoint: 45792 ns, Total: 16090833 ns
[2025-06-05T16:36:12.298+0000][53.102s][debug][safepoint   ] Safepoint synchronization initiated using futex wait barrier. (40 threads)
[2025-06-05T16:36:12.314+0000][53.117s][info ][safepoint   ] Safepoint "Cleanup", Time since last: 1009214125 ns, Reaching safepoint: 14260500 ns, Cleanup: 2040250 ns, At safepoint: 103125 ns, Total: 16403875 ns
[2025-06-05T16:36:12.987+0000][53.790s][debug][safepoint   ] Safepoint synchronization initiated using futex wait barrier. (40 threads)
[2025-06-05T16:36:12.988+0000][53.791s][info ][safepoint   ] Safepoint "ICBufferFull", Time since last: 672832042 ns, Reaching safepoint: 851792 ns, Cleanup: 117292 ns, At safepoint: 5958 ns, Total: 975042 ns
[2025-06-05T16:36:13.157+0000][53.960s][debug][safepoint   ] Safepoint synchronization initiated using futex wait barrier. (40 threads)
[2025-06-05T16:36:13.157+0000][53.960s][info ][safepoint   ] Safepoint "ICBufferFull", Time since last: 168678708 ns, Reaching safepoint: 334584 ns, Cleanup: 104916 ns, At safepoint: 6875 ns, Total: 446375 ns
[2025-06-05T16:36:13.320+0000][54.123s][debug][safepoint   ] Safepoint synchronization initiated using futex wait barrier. (40 threads)
[2025-06-05T16:36:13.320+0000][54.123s][info ][safepoint   ] Safepoint "ICBufferFull", Time since last: 162827917 ns, Reaching safepoint: 129084 ns, Cleanup: 72875 ns, At safepoint: 2833 ns, Total: 204792 ns
[2025-06-05T16:36:13.465+0000][54.268s][debug][safepoint   ] Safepoint synchronization initiated using futex wait barrier. (40 threads)
[2025-06-05T16:36:13.465+0000][54.269s][info ][safepoint   ] Safepoint "ICBufferFull", Time since last: 144665250 ns, Reaching safepoint: 579792 ns, Cleanup: 129833 ns, At safepoint: 2708 ns, Total: 712333 ns
[2025-06-05T16:36:13.667+0000][54.470s][debug][safepoint   ] Safepoint synchronization initiated using futex wait barrier. (40 threads)
[2025-06-05T16:36:13.667+0000][54.470s][info ][safepoint   ] Safepoint "ICBufferFull", Time since last: 201302750 ns, Reaching safepoint: 148000 ns, Cleanup: 97917 ns, At safepoint: 1708 ns, Total: 247625 ns
[2025-06-05T16:36:13.913+0000][54.717s][debug][safepoint   ] Safepoint synchronization initiated using futex wait barrier. (40 threads)
[2025-06-05T16:36:13.914+0000][54.717s][info ][safepoint   ] Safepoint "ICBufferFull", Time since last: 246504751 ns, Reaching safepoint: 261375 ns, Cleanup: 99791 ns, At safepoint: 3125 ns, Total: 364291 ns
[2025-06-05T16:36:14.193+0000][54.996s][debug][safepoint   ] Safepoint synchronization initiated using futex wait barrier. (40 threads)
[2025-06-05T16:36:14.193+0000][54.997s][info ][safepoint   ] Safepoint "ICBufferFull", Time since last: 279268417 ns, Reaching safepoint: 166542 ns, Cleanup: 104083 ns, At safepoint: 2208 ns, Total: 272833 ns
[2025-06-05T16:36:15.195+0000][55.998s][debug][safepoint   ] Safepoint synchronization initiated using futex wait barrier. (40 threads)
[2025-06-05T16:36:15.196+0000][56.000s][info ][safepoint   ] Safepoint "Cleanup", Time since last: 1001624126 ns, Reaching safepoint: 1020541 ns, Cleanup: 240959 ns, At safepoint: 12666 ns, Total: 1274166 ns
[2025-06-05T16:36:16.055+0000][56.858s][debug][safepoint   ] Safepoint synchronization initiated using futex wait barrier. (41 threads)
[2025-06-05T16:36:16.061+0000][56.864s][info ][gc,start    ] GC(50) Pause Young (Normal) (G1 Evacuation Pause)
[2025-06-05T16:36:16.064+0000][56.867s][info ][gc,task     ] GC(50) Using 2 workers of 2 for evacuation
[2025-06-05T16:36:16.776+0000][57.579s][info ][gc,mmu      ] GC(50) MMU target violated: 501.0ms (500.0ms/501.0ms)
[2025-06-05T16:36:16.787+0000][57.590s][info ][gc,phases   ] GC(50)   Pre Evacuate Collection Set: 31.4ms
[2025-06-05T16:36:16.787+0000][57.590s][info ][gc,phases   ] GC(50)   Merge Heap Roots: 8.3ms
[2025-06-05T16:36:16.787+0000][57.591s][info ][gc,phases   ] GC(50)   Evacuate Collection Set: 552.1ms
[2025-06-05T16:36:16.787+0000][57.591s][info ][gc,phases   ] GC(50)   Post Evacuate Collection Set: 113.8ms
[2025-06-05T16:36:16.789+0000][57.593s][info ][gc,phases   ] GC(50)   Other: 24.3ms
[2025-06-05T16:36:16.790+0000][57.593s][info ][gc,heap     ] GC(50) Eden regions: 296->0(186)
[2025-06-05T16:36:16.790+0000][57.593s][info ][gc,heap     ] GC(50) Survivor regions: 23->26(40)
[2025-06-05T16:36:16.790+0000][57.593s][info ][gc,heap     ] GC(50) Old regions: 75->78
[2025-06-05T16:36:16.790+0000][57.593s][info ][gc,heap     ] GC(50) Archive regions: 2->2
[2025-06-05T16:36:16.790+0000][57.593s][info ][gc,heap     ] GC(50) Humongous regions: 0->0
[2025-06-05T16:36:16.790+0000][57.593s][info ][gc,metaspace] GC(50) Metaspace: 116156K(116864K)->116156K(116864K) NonClass: 101333K(101696K)->101333K(101696K) Class: 14823K(15168K)->14823K(15168K)
[2025-06-05T16:36:16.792+0000][57.595s][info ][gc          ] GC(50) Pause Young (Normal) (G1 Evacuation Pause) 393M->104M(533M) 730.900ms
[2025-06-05T16:36:16.792+0000][57.595s][info ][gc,cpu      ] GC(50) User=1.34s Sys=0.08s Real=0.73s
[2025-06-05T16:36:16.802+0000][57.605s][info ][safepoint   ] Safepoint "G1CollectForAllocation", Time since last: 858479459 ns, Reaching safepoint: 2198750 ns, Cleanup: 199709 ns, At safepoint: 744384000 ns, Total: 746782459 ns
[2025-06-05T16:36:17.814+0000][58.617s][debug][safepoint   ] Safepoint synchronization initiated using futex wait barrier. (41 threads)
[2025-06-05T16:36:17.815+0000][58.618s][info ][safepoint   ] Safepoint "Cleanup", Time since last: 1012574250 ns, Reaching safepoint: 667250 ns, Cleanup: 69209 ns, At safepoint: 14291 ns, Total: 750750 ns
[2025-06-05T16:36:18.588+0000][59.391s][debug][safepoint   ] Safepoint synchronization initiated using futex wait barrier. (41 threads)
[2025-06-05T16:36:18.589+0000][59.392s][info ][safepoint   ] Safepoint "ICBufferFull", Time since last: 773064501 ns, Reaching safepoint: 668166 ns, Cleanup: 113375 ns, At safepoint: 5250 ns, Total: 786791 ns
[2025-06-05T16:36:18.589+0000][59.392s][debug][safepoint   ] Safepoint synchronization initiated using futex wait barrier. (41 threads)
[2025-06-05T16:36:18.589+0000][59.392s][info ][safepoint   ] Safepoint "ICBufferFull", Time since last: 135334 ns, Reaching safepoint: 64041 ns, Cleanup: 1042 ns, At safepoint: 1042 ns, Total: 66125 ns
[2025-06-05T16:36:18.590+0000][59.394s][debug][safepoint   ] Safepoint synchronization initiated using futex wait barrier. (41 threads)
[2025-06-05T16:36:18.593+0000][59.396s][info ][safepoint   ] Safepoint "ICBufferFull", Time since last: 1394291 ns, Reaching safepoint: 2729500 ns, Cleanup: 12042 ns, At safepoint: 3208 ns, Total: 2744750 ns
[2025-06-05T16:36:18.772+0000][59.576s][debug][safepoint   ] Safepoint synchronization initiated using futex wait barrier. (44 threads)
[2025-06-05T16:36:18.773+0000][59.576s][info ][gc,start    ] GC(51) Pause Young (Normal) (G1 Evacuation Pause)
[2025-06-05T16:36:18.773+0000][59.576s][info ][gc,task     ] GC(51) Using 2 workers of 2 for evacuation
[2025-06-05T16:36:18.907+0000][59.710s][info ][gc,phases   ] GC(51)   Pre Evacuate Collection Set: 0.8ms
[2025-06-05T16:36:18.907+0000][59.710s][info ][gc,phases   ] GC(51)   Merge Heap Roots: 0.2ms
[2025-06-05T16:36:18.907+0000][59.710s][info ][gc,phases   ] GC(51)   Evacuate Collection Set: 123.1ms
[2025-06-05T16:36:18.907+0000][59.710s][info ][gc,phases   ] GC(51)   Post Evacuate Collection Set: 9.5ms
[2025-06-05T16:36:18.907+0000][59.710s][info ][gc,phases   ] GC(51)   Other: 0.3ms
[2025-06-05T16:36:18.907+0000][59.710s][info ][gc,heap     ] GC(51) Eden regions: 139->0(308)
[2025-06-05T16:36:18.907+0000][59.710s][info ][gc,heap     ] GC(51) Survivor regions: 26->11(21)
[2025-06-05T16:36:18.907+0000][59.710s][info ][gc,heap     ] GC(51) Old regions: 78->96
[2025-06-05T16:36:18.907+0000][59.710s][info ][gc,heap     ] GC(51) Archive regions: 2->2
[2025-06-05T16:36:18.907+0000][59.710s][info ][gc,heap     ] GC(51) Humongous regions: 0->0
[2025-06-05T16:36:18.907+0000][59.710s][info ][gc,metaspace] GC(51) Metaspace: 117591K(118272K)->117591K(118272K) NonClass: 102557K(102912K)->102557K(102912K) Class: 15034K(15360K)->15034K(15360K)
[2025-06-05T16:36:18.907+0000][59.710s][info ][gc          ] GC(51) Pause Young (Normal) (G1 Evacuation Pause) 243M->106M(533M) 134.486ms
[2025-06-05T16:36:18.907+0000][59.711s][info ][gc,cpu      ] GC(51) User=0.26s Sys=0.00s Real=0.14s
[2025-06-05T16:36:18.907+0000][59.711s][info ][safepoint   ] Safepoint "G1CollectForAllocation", Time since last: 179396000 ns, Reaching safepoint: 209834 ns, Cleanup: 38791 ns, At safepoint: 134707417 ns, Total: 134956042 ns
[2025-06-05T16:36:19.953+0000][60.756s][debug][safepoint   ] Safepoint synchronization initiated using futex wait barrier. (44 threads)
[2025-06-05T16:36:19.955+0000][60.758s][info ][safepoint   ] Safepoint "Cleanup", Time since last: 1045512167 ns, Reaching safepoint: 1522542 ns, Cleanup: 94708 ns, At safepoint: 4750 ns, Total: 1622000 ns
[2025-06-05T16:36:20.242+0000][61.046s][debug][safepoint   ] Safepoint synchronization initiated using futex wait barrier. (44 threads)
[2025-06-05T16:36:20.243+0000][61.046s][info ][safepoint   ] Safepoint "ICBufferFull", Time since last: 287913334 ns, Reaching safepoint: 212000 ns, Cleanup: 131833 ns, At safepoint: 9875 ns, Total: 353708 ns
[2025-06-05T16:36:21.048+0000][61.851s][debug][safepoint   ] Safepoint synchronization initiated using futex wait barrier. (44 threads)
[2025-06-05T16:36:21.049+0000][61.852s][info ][safepoint   ] Safepoint "ICBufferFull", Time since last: 805143542 ns, Reaching safepoint: 470042 ns, Cleanup: 250958 ns, At safepoint: 7917 ns, Total: 728917 ns
[2025-06-05T16:36:22.232+0000][63.035s][debug][safepoint   ] Safepoint synchronization initiated using futex wait barrier. (44 threads)
[2025-06-05T16:36:22.233+0000][63.036s][debug][safepoint   ] ... found polling page loop exception at pc = 0x0000ffff95055280, stub =0x0000ffff9497ef00
[2025-06-05T16:36:22.234+0000][63.038s][info ][safepoint   ] Safepoint "Cleanup", Time since last: 1183305125 ns, Reaching safepoint: 2149667 ns, Cleanup: 132500 ns, At safepoint: 10292 ns, Total: 2292459 ns
[2025-06-05T16:36:22.382+0000][63.186s][debug][safepoint   ] Safepoint synchronization initiated using futex wait barrier. (44 threads)
[2025-06-05T16:36:22.383+0000][63.186s][info ][safepoint   ] Safepoint "ICBufferFull", Time since last: 147999250 ns, Reaching safepoint: 618875 ns, Cleanup: 109833 ns, At safepoint: 7167 ns, Total: 735875 ns
[2025-06-05T16:36:23.800+0000][64.603s][debug][safepoint   ] Safepoint synchronization initiated using futex wait barrier. (52 threads)
[2025-06-05T16:36:23.804+0000][64.608s][info ][safepoint   ] Safepoint "Cleanup", Time since last: 1416875959 ns, Reaching safepoint: 4206875 ns, Cleanup: 186083 ns, At safepoint: 8417 ns, Total: 4401375 ns
[2025-06-05T16:36:23.978+0000][64.781s][debug][safepoint   ] Safepoint synchronization initiated using futex wait barrier. (52 threads)
[2025-06-05T16:36:23.980+0000][64.783s][info ][gc,start    ] GC(52) Pause Young (Normal) (G1 Evacuation Pause)
[2025-06-05T16:36:23.981+0000][64.784s][info ][gc,task     ] GC(52) Using 2 workers of 2 for evacuation
[2025-06-05T16:36:24.158+0000][64.961s][info ][gc,phases   ] GC(52)   Pre Evacuate Collection Set: 2.2ms
[2025-06-05T16:36:24.158+0000][64.961s][info ][gc,phases   ] GC(52)   Merge Heap Roots: 6.0ms
[2025-06-05T16:36:24.158+0000][64.961s][info ][gc,phases   ] GC(52)   Evacuate Collection Set: 138.0ms
[2025-06-05T16:36:24.158+0000][64.961s][info ][gc,phases   ] GC(52)   Post Evacuate Collection Set: 29.9ms
[2025-06-05T16:36:24.158+0000][64.961s][info ][gc,phases   ] GC(52)   Other: 2.1ms
[2025-06-05T16:36:24.158+0000][64.962s][info ][gc,heap     ] GC(52) Eden regions: 308->0(300)
[2025-06-05T16:36:24.158+0000][64.962s][info ][gc,heap     ] GC(52) Survivor regions: 11->19(40)
[2025-06-05T16:36:24.158+0000][64.962s][info ][gc,heap     ] GC(52) Old regions: 96->96
[2025-06-05T16:36:24.158+0000][64.962s][info ][gc,heap     ] GC(52) Archive regions: 2->2
[2025-06-05T16:36:24.158+0000][64.962s][info ][gc,heap     ] GC(52) Humongous regions: 1->0
[2025-06-05T16:36:24.158+0000][64.962s][info ][gc,metaspace] GC(52) Metaspace: 131370K(132352K)->131370K(132352K) NonClass: 114957K(115456K)->114957K(115456K) Class: 16412K(16896K)->16412K(16896K)
[2025-06-05T16:36:24.158+0000][64.962s][info ][gc          ] GC(52) Pause Young (Normal) (G1 Evacuation Pause) 415M->115M(533M) 178.362ms
[2025-06-05T16:36:24.159+0000][64.962s][info ][gc,cpu      ] GC(52) User=0.35s Sys=0.00s Real=0.18s
[2025-06-05T16:36:24.159+0000][64.962s][info ][safepoint   ] Safepoint "G1CollectForAllocation", Time since last: 173660792 ns, Reaching safepoint: 1643500 ns, Cleanup: 50125 ns, At safepoint: 179085208 ns, Total: 180778833 ns
[2025-06-05T16:36:24.580+0000][65.384s][debug][safepoint   ] Safepoint synchronization initiated using futex wait barrier. (52 threads)
[2025-06-05T16:36:24.583+0000][65.386s][info ][gc,start    ] GC(53) Pause Young (Concurrent Start) (Metadata GC Threshold)
[2025-06-05T16:36:24.583+0000][65.386s][info ][gc,task     ] GC(53) Using 2 workers of 2 for evacuation
[2025-06-05T16:36:24.691+0000][65.494s][info ][gc,phases   ] GC(53)   Pre Evacuate Collection Set: 5.9ms
[2025-06-05T16:36:24.691+0000][65.494s][info ][gc,phases   ] GC(53)   Merge Heap Roots: 2.3ms
[2025-06-05T16:36:24.691+0000][65.494s][info ][gc,phases   ] GC(53)   Evacuate Collection Set: 93.3ms
[2025-06-05T16:36:24.691+0000][65.494s][info ][gc,phases   ] GC(53)   Post Evacuate Collection Set: 3.4ms
[2025-06-05T16:36:24.691+0000][65.494s][info ][gc,phases   ] GC(53)   Other: 3.0ms
[2025-06-05T16:36:24.691+0000][65.494s][info ][gc,heap     ] GC(53) Eden regions: 29->0(299)
[2025-06-05T16:36:24.691+0000][65.494s][info ][gc,heap     ] GC(53) Survivor regions: 19->20(40)
[2025-06-05T16:36:24.691+0000][65.494s][info ][gc,heap     ] GC(53) Old regions: 96->96
[2025-06-05T16:36:24.691+0000][65.494s][info ][gc,heap     ] GC(53) Archive regions: 2->2
[2025-06-05T16:36:24.691+0000][65.495s][info ][gc,heap     ] GC(53) Humongous regions: 0->0
[2025-06-05T16:36:24.691+0000][65.495s][info ][gc,metaspace] GC(53) Metaspace: 131926K(132928K)->131926K(132928K) NonClass: 115476K(115968K)->115476K(115968K) Class: 16450K(16960K)->16450K(16960K)
[2025-06-05T16:36:24.691+0000][65.495s][info ][gc          ] GC(53) Pause Young (Concurrent Start) (Metadata GC Threshold) 144M->115M(533M) 108.798ms
[2025-06-05T16:36:24.692+0000][65.495s][info ][gc,cpu      ] GC(53) User=0.21s Sys=0.00s Real=0.11s
[2025-06-05T16:36:24.692+0000][65.495s][info ][gc          ] GC(54) Concurrent Mark Cycle
[2025-06-05T16:36:24.693+0000][65.496s][info ][gc,marking  ] GC(54) Concurrent Clear Claimed Marks
[2025-06-05T16:36:24.694+0000][65.497s][info ][gc,marking  ] GC(54) Concurrent Clear Claimed Marks 1.222ms
[2025-06-05T16:36:24.694+0000][65.498s][info ][gc,marking  ] GC(54) Concurrent Scan Root Regions
[2025-06-05T16:36:24.693+0000][65.496s][info ][safepoint   ] Safepoint "CollectForMetadataAllocation", Time since last: 421589292 ns, Reaching safepoint: 2065792 ns, Cleanup: 104958 ns, At safepoint: 110090375 ns, Total: 112261125 ns
[2025-06-05T16:36:24.887+0000][65.690s][info ][gc,marking  ] GC(54) Concurrent Scan Root Regions 192.172ms
[2025-06-05T16:36:24.887+0000][65.690s][info ][gc,marking  ] GC(54) Concurrent Mark
[2025-06-05T16:36:24.891+0000][65.694s][info ][gc,marking  ] GC(54) Concurrent Mark From Roots
[2025-06-05T16:36:24.893+0000][65.697s][info ][gc,task     ] GC(54) Using 1 workers of 1 for marking
[2025-06-05T16:36:25.213+0000][66.016s][debug][safepoint   ] Safepoint synchronization initiated using futex wait barrier. (52 threads)
[2025-06-05T16:36:25.216+0000][66.019s][info ][safepoint   ] Safepoint "CollectForMetadataAllocation", Time since last: 520319375 ns, Reaching safepoint: 2777375 ns, Cleanup: 14917 ns, At safepoint: 87708 ns, Total: 2880000 ns
[2025-06-05T16:36:25.883+0000][66.686s][info ][gc,marking  ] GC(54) Concurrent Mark From Roots 991.620ms
[2025-06-05T16:36:25.883+0000][66.686s][info ][gc,marking  ] GC(54) Concurrent Preclean
[2025-06-05T16:36:25.884+0000][66.687s][info ][gc,marking  ] GC(54) Concurrent Preclean 0.940ms
[2025-06-05T16:36:25.884+0000][66.688s][debug][safepoint   ] Safepoint synchronization initiated using futex wait barrier. (52 threads)
[2025-06-05T16:36:25.888+0000][66.691s][info ][gc,start    ] GC(54) Pause Remark
[2025-06-05T16:36:25.978+0000][66.781s][info ][gc          ] GC(54) Pause Remark 159M->159M(533M) 89.350ms
[2025-06-05T16:36:25.978+0000][66.781s][info ][gc,cpu      ] GC(54) User=0.13s Sys=0.00s Real=0.09s
[2025-06-05T16:36:25.978+0000][66.781s][info ][safepoint   ] Safepoint "G1PauseRemark", Time since last: 668608251 ns, Reaching safepoint: 3660958 ns, Cleanup: 61500 ns, At safepoint: 89733667 ns, Total: 93456125 ns
[2025-06-05T16:36:25.982+0000][66.785s][info ][gc,marking  ] GC(54) Concurrent Mark 1094.614ms
[2025-06-05T16:36:25.982+0000][66.785s][info ][gc,marking  ] GC(54) Concurrent Rebuild Remembered Sets
[2025-06-05T16:36:26.558+0000][67.361s][info ][gc,marking  ] GC(54) Concurrent Rebuild Remembered Sets 575.856ms
[2025-06-05T16:36:26.561+0000][67.364s][debug][safepoint   ] Safepoint synchronization initiated using futex wait barrier. (52 threads)
[2025-06-05T16:36:26.564+0000][67.367s][info ][gc,start    ] GC(54) Pause Cleanup
[2025-06-05T16:36:26.565+0000][67.368s][info ][gc          ] GC(54) Pause Cleanup 174M->174M(533M) 0.654ms
[2025-06-05T16:36:26.565+0000][67.368s][info ][gc,cpu      ] GC(54) User=0.00s Sys=0.00s Real=0.01s
[2025-06-05T16:36:26.565+0000][67.368s][info ][safepoint   ] Safepoint "G1PauseCleanup", Time since last: 583169292 ns, Reaching safepoint: 3016000 ns, Cleanup: 51708 ns, At safepoint: 1019167 ns, Total: 4086875 ns
[2025-06-05T16:36:26.566+0000][67.369s][info ][gc,marking  ] GC(54) Concurrent Cleanup for Next Mark
[2025-06-05T16:36:26.675+0000][67.478s][info ][gc,marking  ] GC(54) Concurrent Cleanup for Next Mark 108.732ms
[2025-06-05T16:36:26.675+0000][67.478s][info ][gc          ] GC(54) Concurrent Mark Cycle 1982.506ms
[2025-06-05T16:36:27.567+0000][68.370s][debug][safepoint   ] Safepoint synchronization initiated using futex wait barrier. (52 threads)
[2025-06-05T16:36:27.569+0000][68.372s][debug][safepoint   ] ... found polling page loop exception at pc = 0x0000ffff94f79244, stub =0x0000ffff9497ef00
[2025-06-05T16:36:27.570+0000][68.373s][info ][safepoint   ] Safepoint "Cleanup", Time since last: 1002106917 ns, Reaching safepoint: 2865125 ns, Cleanup: 126625 ns, At safepoint: 31250 ns, Total: 3023000 ns
[2025-06-05T16:36:29.164+0000][69.967s][debug][safepoint   ] Safepoint synchronization initiated using futex wait barrier. (53 threads)
[2025-06-05T16:36:29.165+0000][69.968s][info ][gc,start    ] GC(55) Pause Young (Prepare Mixed) (G1 Evacuation Pause)
[2025-06-05T16:36:29.165+0000][69.968s][info ][gc,task     ] GC(55) Using 2 workers of 2 for evacuation
[2025-06-05T16:36:29.277+0000][70.081s][info ][gc,phases   ] GC(55)   Pre Evacuate Collection Set: 0.8ms
[2025-06-05T16:36:29.278+0000][70.081s][info ][gc,phases   ] GC(55)   Merge Heap Roots: 0.9ms
[2025-06-05T16:36:29.278+0000][70.081s][info ][gc,phases   ] GC(55)   Evacuate Collection Set: 97.7ms
[2025-06-05T16:36:29.278+0000][70.081s][info ][gc,phases   ] GC(55)   Post Evacuate Collection Set: 13.0ms
[2025-06-05T16:36:29.278+0000][70.081s][info ][gc,phases   ] GC(55)   Other: 0.4ms
[2025-06-05T16:36:29.278+0000][70.081s][info ][gc,heap     ] GC(55) Eden regions: 299->0(2)
[2025-06-05T16:36:29.278+0000][70.081s][info ][gc,heap     ] GC(55) Survivor regions: 20->24(40)
[2025-06-05T16:36:29.278+0000][70.081s][info ][gc,heap     ] GC(55) Old regions: 96->96
[2025-06-05T16:36:29.278+0000][70.081s][info ][gc,heap     ] GC(55) Archive regions: 2->2
[2025-06-05T16:36:29.278+0000][70.081s][info ][gc,heap     ] GC(55) Humongous regions: 0->0
[2025-06-05T16:36:29.278+0000][70.081s][info ][gc,metaspace] GC(55) Metaspace: 137520K(138560K)->137520K(138560K) NonClass: 120473K(121024K)->120473K(121024K) Class: 17047K(17536K)->17047K(17536K)
[2025-06-05T16:36:29.278+0000][70.081s][info ][gc          ] GC(55) Pause Young (Prepare Mixed) (G1 Evacuation Pause) 414M->120M(533M) 113.462ms
[2025-06-05T16:36:29.278+0000][70.081s][info ][gc,cpu      ] GC(55) User=0.22s Sys=0.00s Real=0.12s
[2025-06-05T16:36:29.278+0000][70.082s][info ][safepoint   ] Safepoint "G1CollectForAllocation", Time since last: 1593617625 ns, Reaching safepoint: 651584 ns, Cleanup: 75083 ns, At safepoint: 113760792 ns, Total: 114487459 ns
[2025-06-05T16:36:29.291+0000][70.094s][debug][safepoint   ] Safepoint synchronization initiated using futex wait barrier. (53 threads)
[2025-06-05T16:36:29.291+0000][70.094s][info ][gc,start    ] GC(56) Pause Young (Mixed) (G1 Evacuation Pause)
[2025-06-05T16:36:29.291+0000][70.094s][info ][gc,task     ] GC(56) Using 2 workers of 2 for evacuation
[2025-06-05T16:36:29.483+0000][70.286s][info ][gc,phases   ] GC(56)   Pre Evacuate Collection Set: 0.1ms
[2025-06-05T16:36:29.483+0000][70.286s][info ][gc,phases   ] GC(56)   Merge Heap Roots: 0.2ms
[2025-06-05T16:36:29.483+0000][70.286s][info ][gc,phases   ] GC(56)   Evacuate Collection Set: 188.1ms
[2025-06-05T16:36:29.483+0000][70.286s][info ][gc,phases   ] GC(56)   Post Evacuate Collection Set: 3.0ms
[2025-06-05T16:36:29.483+0000][70.286s][info ][gc,phases   ] GC(56)   Other: 0.3ms
[2025-06-05T16:36:29.483+0000][70.286s][info ][gc,heap     ] GC(56) Eden regions: 2->0(317)
[2025-06-05T16:36:29.483+0000][70.286s][info ][gc,heap     ] GC(56) Survivor regions: 24->2(4)
[2025-06-05T16:36:29.483+0000][70.287s][info ][gc,heap     ] GC(56) Old regions: 96->119
[2025-06-05T16:36:29.483+0000][70.287s][info ][gc,heap     ] GC(56) Archive regions: 2->2
[2025-06-05T16:36:29.483+0000][70.287s][info ][gc,heap     ] GC(56) Humongous regions: 0->0
[2025-06-05T16:36:29.483+0000][70.287s][info ][gc,metaspace] GC(56) Metaspace: 137521K(138560K)->137521K(138560K) NonClass: 120473K(121024K)->120473K(121024K) Class: 17047K(17536K)->17047K(17536K)
[2025-06-05T16:36:29.483+0000][70.287s][info ][gc          ] GC(56) Pause Young (Mixed) (G1 Evacuation Pause) 122M->120M(533M) 192.482ms
[2025-06-05T16:36:29.484+0000][70.287s][info ][gc,cpu      ] GC(56) User=0.36s Sys=0.00s Real=0.19s
[2025-06-05T16:36:29.484+0000][70.287s][info ][safepoint   ] Safepoint "G1CollectForAllocation", Time since last: 12425417 ns, Reaching safepoint: 171583 ns, Cleanup: 22333 ns, At safepoint: 192685459 ns, Total: 192879375 ns
[2025-06-05T16:36:30.485+0000][71.288s][debug][safepoint   ] Safepoint synchronization initiated using futex wait barrier. (57 threads)
[2025-06-05T16:36:30.490+0000][71.293s][info ][safepoint   ] Safepoint "Cleanup", Time since last: 1001303417 ns, Reaching safepoint: 5132833 ns, Cleanup: 134958 ns, At safepoint: 9167 ns, Total: 5276958 ns
[2025-06-05T16:36:31.556+0000][72.352s][debug][safepoint   ] Safepoint synchronization initiated using futex wait barrier. (63 threads)
[2025-06-05T16:36:31.559+0000][72.355s][info ][safepoint   ] Safepoint "Cleanup", Time since last: 1058727333 ns, Reaching safepoint: 2955333 ns, Cleanup: 44667 ns, At safepoint: 5208 ns, Total: 3005208 ns
[2025-06-05T16:36:31.827+0000][72.623s][info ][cds,heap    ] initialize_from_archived_subgraph jdk.internal.math.FDBigInteger 0x000000b00014c8e8
[2025-06-05T16:36:32.093+0000][72.889s][debug][safepoint   ] Safepoint synchronization initiated using futex wait barrier. (63 threads)
[2025-06-05T16:36:32.093+0000][72.889s][info ][safepoint   ] Safepoint "ICBufferFull", Time since last: 533778001 ns, Reaching safepoint: 188333 ns, Cleanup: 110667 ns, At safepoint: 3625 ns, Total: 302625 ns
[2025-06-05T16:36:32.290+0000][73.086s][debug][safepoint   ] Safepoint synchronization initiated using futex wait barrier. (63 threads)
[2025-06-05T16:36:32.291+0000][73.087s][info ][gc,start    ] GC(57) Pause Young (Concurrent Start) (G1 Evacuation Pause)
[2025-06-05T16:36:32.291+0000][73.087s][info ][gc,task     ] GC(57) Using 2 workers of 2 for evacuation
[2025-06-05T16:36:32.452+0000][73.248s][info ][gc,phases   ] GC(57)   Pre Evacuate Collection Set: 1.2ms
[2025-06-05T16:36:32.452+0000][73.248s][info ][gc,phases   ] GC(57)   Merge Heap Roots: 0.4ms
[2025-06-05T16:36:32.453+0000][73.249s][info ][gc,phases   ] GC(57)   Evacuate Collection Set: 121.1ms
[2025-06-05T16:36:32.453+0000][73.249s][info ][gc,phases   ] GC(57)   Post Evacuate Collection Set: 37.5ms
[2025-06-05T16:36:32.453+0000][73.249s][info ][gc,phases   ] GC(57)   Other: 0.8ms
[2025-06-05T16:36:32.454+0000][73.250s][info ][gc,heap     ] GC(57) Eden regions: 317->0(310)
[2025-06-05T16:36:32.455+0000][73.250s][info ][gc,heap     ] GC(57) Survivor regions: 2->9(40)
[2025-06-05T16:36:32.455+0000][73.251s][info ][gc,heap     ] GC(57) Old regions: 119->119
[2025-06-05T16:36:32.455+0000][73.251s][info ][gc,heap     ] GC(57) Archive regions: 2->2
[2025-06-05T16:36:32.455+0000][73.251s][info ][gc,heap     ] GC(57) Humongous regions: 0->0
[2025-06-05T16:36:32.455+0000][73.251s][info ][gc,metaspace] GC(57) Metaspace: 147319K(148416K)->147319K(148416K) NonClass: 129318K(129920K)->129318K(129920K) Class: 18001K(18496K)->18001K(18496K)
[2025-06-05T16:36:32.456+0000][73.252s][info ][gc          ] GC(57) Pause Young (Concurrent Start) (G1 Evacuation Pause) 437M->127M(533M) 164.575ms
[2025-06-05T16:36:32.456+0000][73.252s][info ][gc,cpu      ] GC(57) User=0.31s Sys=0.01s Real=0.17s
[2025-06-05T16:36:32.457+0000][73.253s][info ][safepoint   ] Safepoint "G1CollectForAllocation", Time since last: 197176000 ns, Reaching safepoint: 172875 ns, Cleanup: 109917 ns, At safepoint: 166577750 ns, Total: 166860542 ns
[2025-06-05T16:36:32.458+0000][73.254s][info ][gc          ] GC(58) Concurrent Mark Cycle
[2025-06-05T16:36:32.467+0000][73.262s][info ][gc,marking  ] GC(58) Concurrent Clear Claimed Marks
[2025-06-05T16:36:32.475+0000][73.271s][info ][gc,marking  ] GC(58) Concurrent Clear Claimed Marks 8.782ms
[2025-06-05T16:36:32.481+0000][73.277s][info ][gc,marking  ] GC(58) Concurrent Scan Root Regions
[2025-06-05T16:36:32.578+0000][73.374s][info ][gc,marking  ] GC(58) Concurrent Scan Root Regions 97.306ms
[2025-06-05T16:36:32.581+0000][73.377s][info ][gc,marking  ] GC(58) Concurrent Mark
[2025-06-05T16:36:32.581+0000][73.377s][info ][gc,marking  ] GC(58) Concurrent Mark From Roots
[2025-06-05T16:36:32.582+0000][73.378s][info ][gc,task     ] GC(58) Using 1 workers of 1 for marking
[2025-06-05T16:36:33.438+0000][74.234s][info ][gc,marking  ] GC(58) Concurrent Mark From Roots 856.557ms
[2025-06-05T16:36:33.439+0000][74.235s][info ][gc,marking  ] GC(58) Concurrent Preclean
[2025-06-05T16:36:33.442+0000][74.238s][info ][gc,marking  ] GC(58) Concurrent Preclean 3.039ms
[2025-06-05T16:36:33.445+0000][74.241s][debug][safepoint   ] Safepoint synchronization initiated using futex wait barrier. (71 threads)
[2025-06-05T16:36:33.447+0000][74.243s][info ][gc,start    ] GC(58) Pause Remark
[2025-06-05T16:36:33.529+0000][74.325s][info ][gc          ] GC(58) Pause Remark 145M->145M(494M) 82.559ms
[2025-06-05T16:36:33.530+0000][74.326s][info ][gc,cpu      ] GC(58) User=0.15s Sys=0.00s Real=0.08s
[2025-06-05T16:36:33.530+0000][74.326s][info ][safepoint   ] Safepoint "G1PauseRemark", Time since last: 988067083 ns, Reaching safepoint: 783709 ns, Cleanup: 491500 ns, At safepoint: 83020958 ns, Total: 84296167 ns
[2025-06-05T16:36:33.533+0000][74.329s][info ][gc,marking  ] GC(58) Concurrent Mark 951.692ms
[2025-06-05T16:36:33.533+0000][74.329s][info ][gc,marking  ] GC(58) Concurrent Rebuild Remembered Sets
[2025-06-05T16:36:33.766+0000][74.562s][info ][gc,marking  ] GC(58) Concurrent Rebuild Remembered Sets 232.553ms
[2025-06-05T16:36:33.766+0000][74.562s][debug][safepoint   ] Safepoint synchronization initiated using futex wait barrier. (72 threads)
[2025-06-05T16:36:33.766+0000][74.562s][info ][gc,start    ] GC(58) Pause Cleanup
[2025-06-05T16:36:33.767+0000][74.563s][info ][gc          ] GC(58) Pause Cleanup 163M->163M(494M) 0.301ms
[2025-06-05T16:36:33.767+0000][74.563s][info ][gc,cpu      ] GC(58) User=0.00s Sys=0.00s Real=0.00s
[2025-06-05T16:36:33.767+0000][74.563s][info ][safepoint   ] Safepoint "G1PauseCleanup", Time since last: 236533250 ns, Reaching safepoint: 142459 ns, Cleanup: 34333 ns, At safepoint: 457375 ns, Total: 634167 ns
[2025-06-05T16:36:33.767+0000][74.563s][info ][gc,marking  ] GC(58) Concurrent Cleanup for Next Mark
[2025-06-05T16:36:33.784+0000][74.580s][info ][gc,marking  ] GC(58) Concurrent Cleanup for Next Mark 17.289ms
[2025-06-05T16:36:33.785+0000][74.581s][info ][gc          ] GC(58) Concurrent Mark Cycle 1326.177ms
[2025-06-05T16:36:34.880+0000][75.676s][debug][safepoint   ] Safepoint synchronization initiated using futex wait barrier. (72 threads)
[2025-06-05T16:36:34.883+0000][75.679s][info ][safepoint   ] Safepoint "Cleanup", Time since last: 1113581000 ns, Reaching safepoint: 2355750 ns, Cleanup: 332042 ns, At safepoint: 44792 ns, Total: 2732584 ns
[2025-06-05T16:36:35.884+0000][76.680s][debug][safepoint   ] Safepoint synchronization initiated using futex wait barrier. (72 threads)
[2025-06-05T16:36:35.886+0000][76.682s][debug][safepoint   ] ... found polling page loop exception at pc = 0x0000ffff9553d754, stub =0x0000ffff9497ef00
[2025-06-05T16:36:35.887+0000][76.683s][info ][safepoint   ] Safepoint "Cleanup", Time since last: 1001293792 ns, Reaching safepoint: 2868792 ns, Cleanup: 47250 ns, At safepoint: 26750 ns, Total: 2942792 ns
[2025-06-05T16:36:37.316+0000][78.112s][debug][safepoint   ] Safepoint synchronization initiated using futex wait barrier. (72 threads)
[2025-06-05T16:36:37.316+0000][78.112s][info ][safepoint   ] Safepoint "ICBufferFull", Time since last: 1428463375 ns, Reaching safepoint: 351250 ns, Cleanup: 131167 ns, At safepoint: 3625 ns, Total: 486042 ns
[2025-06-05T16:36:37.975+0000][78.771s][debug][safepoint   ] Safepoint synchronization initiated using futex wait barrier. (72 threads)
[2025-06-05T16:36:37.976+0000][78.772s][info ][gc,start    ] GC(59) Pause Young (Prepare Mixed) (G1 Evacuation Pause)
[2025-06-05T16:36:37.976+0000][78.772s][info ][gc,task     ] GC(59) Using 2 workers of 2 for evacuation
[2025-06-05T16:36:38.415+0000][79.211s][info ][gc,phases   ] GC(59)   Pre Evacuate Collection Set: 1.4ms
[2025-06-05T16:36:38.418+0000][79.214s][info ][gc,phases   ] GC(59)   Merge Heap Roots: 0.7ms
[2025-06-05T16:36:38.418+0000][79.214s][info ][gc,phases   ] GC(59)   Evacuate Collection Set: 407.8ms
[2025-06-05T16:36:38.418+0000][79.214s][info ][gc,phases   ] GC(59)   Post Evacuate Collection Set: 27.9ms
[2025-06-05T16:36:38.418+0000][79.214s][info ][gc,phases   ] GC(59)   Other: 1.0ms
[2025-06-05T16:36:38.418+0000][79.214s][info ][gc,heap     ] GC(59) Eden regions: 310->0(7)
[2025-06-05T16:36:38.418+0000][79.214s][info ][gc,heap     ] GC(59) Survivor regions: 9->17(40)
[2025-06-05T16:36:38.418+0000][79.214s][info ][gc,heap     ] GC(59) Old regions: 119->119
[2025-06-05T16:36:38.418+0000][79.214s][info ][gc,heap     ] GC(59) Archive regions: 2->2
[2025-06-05T16:36:38.418+0000][79.214s][info ][gc,heap     ] GC(59) Humongous regions: 0->0
[2025-06-05T16:36:38.418+0000][79.214s][info ][gc,metaspace] GC(59) Metaspace: 150824K(151936K)->150824K(151936K) NonClass: 132350K(132928K)->132350K(132928K) Class: 18474K(19008K)->18474K(19008K)
[2025-06-05T16:36:38.418+0000][79.214s][info ][gc          ] GC(59) Pause Young (Prepare Mixed) (G1 Evacuation Pause) 437M->135M(494M) 442.052ms
[2025-06-05T16:36:38.418+0000][79.214s][info ][gc,cpu      ] GC(59) User=0.86s Sys=0.02s Real=0.44s
[2025-06-05T16:36:38.418+0000][79.214s][info ][safepoint   ] Safepoint "G1CollectForAllocation", Time since last: 658784292 ns, Reaching safepoint: 378458 ns, Cleanup: 121084 ns, At safepoint: 442769708 ns, Total: 443269250 ns
[2025-06-05T16:36:38.647+0000][79.443s][debug][safepoint   ] Safepoint synchronization initiated using futex wait barrier. (72 threads)
[2025-06-05T16:36:38.648+0000][79.444s][info ][gc,start    ] GC(60) Pause Young (Mixed) (G1 Evacuation Pause)
[2025-06-05T16:36:38.648+0000][79.444s][info ][gc,task     ] GC(60) Using 2 workers of 2 for evacuation
[2025-06-05T16:36:38.882+0000][79.678s][info ][gc,phases   ] GC(60)   Pre Evacuate Collection Set: 0.6ms
[2025-06-05T16:36:38.883+0000][79.679s][info ][gc,phases   ] GC(60)   Merge Heap Roots: 11.3ms
[2025-06-05T16:36:38.883+0000][79.679s][info ][gc,phases   ] GC(60)   Evacuate Collection Set: 216.7ms
[2025-06-05T16:36:38.883+0000][79.679s][info ][gc,phases   ] GC(60)   Post Evacuate Collection Set: 5.0ms
[2025-06-05T16:36:38.883+0000][79.679s][info ][gc,phases   ] GC(60)   Other: 1.1ms
[2025-06-05T16:36:38.884+0000][79.679s][info ][gc,heap     ] GC(60) Eden regions: 7->0(286)
[2025-06-05T16:36:38.884+0000][79.680s][info ][gc,heap     ] GC(60) Survivor regions: 17->1(3)
[2025-06-05T16:36:38.884+0000][79.680s][info ][gc,heap     ] GC(60) Old regions: 119->133
[2025-06-05T16:36:38.884+0000][79.680s][info ][gc,heap     ] GC(60) Archive regions: 2->2
[2025-06-05T16:36:38.884+0000][79.680s][info ][gc,heap     ] GC(60) Humongous regions: 0->0
[2025-06-05T16:36:38.885+0000][79.681s][info ][gc,metaspace] GC(60) Metaspace: 150947K(152064K)->150947K(152064K) NonClass: 132458K(133056K)->132458K(133056K) Class: 18489K(19008K)->18489K(19008K)
[2025-06-05T16:36:38.885+0000][79.681s][info ][gc          ] GC(60) Pause Young (Mixed) (G1 Evacuation Pause) 142M->134M(494M) 237.297ms
[2025-06-05T16:36:38.886+0000][79.682s][info ][gc,cpu      ] GC(60) User=0.43s Sys=0.00s Real=0.24s
[2025-06-05T16:36:38.887+0000][79.683s][info ][safepoint   ] Safepoint "G1CollectForAllocation", Time since last: 228222209 ns, Reaching safepoint: 538916 ns, Cleanup: 201584 ns, At safepoint: 239590916 ns, Total: 240331416 ns
[2025-06-05T16:36:40.101+0000][80.897s][debug][safepoint   ] Safepoint synchronization initiated using futex wait barrier. (72 threads)
[2025-06-05T16:36:40.107+0000][80.903s][debug][safepoint   ] ... found polling page loop exception at pc = 0x0000ffff94fa2b64, stub =0x0000ffff9497ef00
[2025-06-05T16:36:40.117+0000][80.913s][info ][safepoint   ] Safepoint "Cleanup", Time since last: 1214456126 ns, Reaching safepoint: 15077417 ns, Cleanup: 129916 ns, At safepoint: 65417 ns, Total: 15272750 ns
[2025-06-05T16:36:41.121+0000][81.917s][debug][safepoint   ] Safepoint synchronization initiated using futex wait barrier. (72 threads)
[2025-06-05T16:36:41.137+0000][81.933s][debug][safepoint   ] ... found polling page loop exception at pc = 0x0000ffff95055280, stub =0x0000ffff9497ef00
[2025-06-05T16:36:41.137+0000][81.933s][info ][safepoint   ] Safepoint "Cleanup", Time since last: 1004319375 ns, Reaching safepoint: 16127792 ns, Cleanup: 119125 ns, At safepoint: 19667 ns, Total: 16266584 ns
[2025-06-05T16:36:42.144+0000][82.940s][debug][safepoint   ] Safepoint synchronization initiated using futex wait barrier. (72 threads)
[2025-06-05T16:36:42.148+0000][82.944s][info ][safepoint   ] Safepoint "Cleanup", Time since last: 1006292834 ns, Reaching safepoint: 3756083 ns, Cleanup: 419750 ns, At safepoint: 317125 ns, Total: 4492958 ns
[2025-06-05T16:36:43.162+0000][83.958s][debug][safepoint   ] Safepoint synchronization initiated using futex wait barrier. (72 threads)
[2025-06-05T16:36:43.169+0000][83.965s][info ][safepoint   ] Safepoint "Cleanup", Time since last: 1014162209 ns, Reaching safepoint: 6267250 ns, Cleanup: 76791 ns, At safepoint: 19667 ns, Total: 6363708 ns
[2025-06-05T16:36:44.174+0000][84.970s][debug][safepoint   ] Safepoint synchronization initiated using futex wait barrier. (72 threads)
[2025-06-05T16:36:44.178+0000][84.973s][info ][safepoint   ] Safepoint "Cleanup", Time since last: 1005546292 ns, Reaching safepoint: 3303750 ns, Cleanup: 57500 ns, At safepoint: 11542 ns, Total: 3372792 ns
[2025-06-05T16:36:45.183+0000][85.978s][debug][safepoint   ] Safepoint synchronization initiated using futex wait barrier. (72 threads)
[2025-06-05T16:36:45.188+0000][85.984s][info ][safepoint   ] Safepoint "Cleanup", Time since last: 1004991167 ns, Reaching safepoint: 735667 ns, Cleanup: 4359875 ns, At safepoint: 6041 ns, Total: 5101583 ns
[2025-06-05T16:36:46.207+0000][87.003s][debug][safepoint   ] Safepoint synchronization initiated using futex wait barrier. (72 threads)
[2025-06-05T16:36:46.212+0000][87.007s][info ][safepoint   ] Safepoint "Cleanup", Time since last: 1019803834 ns, Reaching safepoint: 3974333 ns, Cleanup: 122875 ns, At safepoint: 10917 ns, Total: 4108125 ns
[2025-06-05T16:36:47.217+0000][88.013s][debug][safepoint   ] Safepoint synchronization initiated using futex wait barrier. (72 threads)
[2025-06-05T16:36:47.222+0000][88.018s][info ][safepoint   ] Safepoint "Cleanup", Time since last: 1005102584 ns, Reaching safepoint: 5079792 ns, Cleanup: 258250 ns, At safepoint: 81000 ns, Total: 5419042 ns
[2025-06-05T16:36:48.231+0000][89.027s][debug][safepoint   ] Safepoint synchronization initiated using futex wait barrier. (72 threads)
[2025-06-05T16:36:48.232+0000][89.028s][debug][safepoint   ] ... found polling page loop exception at pc = 0x0000ffff95055280, stub =0x0000ffff9497ef00
[2025-06-05T16:36:48.233+0000][89.029s][info ][safepoint   ] Safepoint "Cleanup", Time since last: 1009199458 ns, Reaching safepoint: 2035917 ns, Cleanup: 108750 ns, At safepoint: 11292 ns, Total: 2155959 ns
[2025-06-05T16:36:50.264+0000][91.060s][debug][safepoint   ] Safepoint synchronization initiated using futex wait barrier. (72 threads)
[2025-06-05T16:36:50.297+0000][91.093s][info ][safepoint   ] Safepoint "Cleanup", Time since last: 2030358917 ns, Reaching safepoint: 32543792 ns, Cleanup: 196083 ns, At safepoint: 268834 ns, Total: 33008709 ns
[2025-06-05T16:36:51.305+0000][92.101s][debug][safepoint   ] Safepoint synchronization initiated using futex wait barrier. (72 threads)
[2025-06-05T16:36:51.511+0000][92.307s][info ][safepoint   ] Safepoint "Cleanup", Time since last: 1007842000 ns, Reaching safepoint: 204762334 ns, Cleanup: 728875 ns, At safepoint: 1035416 ns, Total: 206526625 ns
[2025-06-05T16:36:53.992+0000][94.788s][debug][safepoint   ] Safepoint synchronization initiated using futex wait barrier. (72 threads)
[2025-06-05T16:36:54.129+0000][94.925s][info ][safepoint   ] Safepoint "Cleanup", Time since last: 2480519668 ns, Reaching safepoint: 136706709 ns, Cleanup: 487666 ns, At safepoint: 146125 ns, Total: 137340500 ns
[2025-06-05T16:36:55.145+0000][95.941s][debug][safepoint   ] Safepoint synchronization initiated using futex wait barrier. (72 threads)
[2025-06-05T16:36:55.153+0000][95.948s][info ][safepoint   ] Safepoint "Cleanup", Time since last: 1016116459 ns, Reaching safepoint: 7249750 ns, Cleanup: 115667 ns, At safepoint: 28625 ns, Total: 7394042 ns
[2025-06-05T16:36:56.883+0000][97.679s][debug][safepoint   ] Safepoint synchronization initiated using futex wait barrier. (72 threads)
[2025-06-05T16:36:56.885+0000][97.681s][info ][gc,start    ] GC(61) Pause Young (Normal) (G1 Evacuation Pause)
[2025-06-05T16:36:56.885+0000][97.681s][info ][gc,task     ] GC(61) Using 2 workers of 2 for evacuation
[2025-06-05T16:36:57.253+0000][98.049s][info ][gc,phases   ] GC(61)   Pre Evacuate Collection Set: 7.4ms
[2025-06-05T16:36:57.253+0000][98.049s][info ][gc,phases   ] GC(61)   Merge Heap Roots: 1.5ms
[2025-06-05T16:36:57.254+0000][98.049s][info ][gc,phases   ] GC(61)   Evacuate Collection Set: 299.4ms
[2025-06-05T16:36:57.254+0000][98.050s][info ][gc,phases   ] GC(61)   Post Evacuate Collection Set: 58.8ms
[2025-06-05T16:36:57.254+0000][98.050s][info ][gc,phases   ] GC(61)   Other: 1.6ms
[2025-06-05T16:36:57.254+0000][98.050s][info ][gc,heap     ] GC(61) Eden regions: 286->0(407)
[2025-06-05T16:36:57.254+0000][98.050s][info ][gc,heap     ] GC(61) Survivor regions: 1->6(36)
[2025-06-05T16:36:57.254+0000][98.050s][info ][gc,heap     ] GC(61) Old regions: 133->133
[2025-06-05T16:36:57.254+0000][98.050s][info ][gc,heap     ] GC(61) Archive regions: 2->2
[2025-06-05T16:36:57.254+0000][98.050s][info ][gc,heap     ] GC(61) Humongous regions: 0->0
[2025-06-05T16:36:57.254+0000][98.050s][info ][gc,metaspace] GC(61) Metaspace: 153307K(154368K)->153307K(154368K) NonClass: 134463K(134976K)->134463K(134976K) Class: 18844K(19392K)->18844K(19392K)
[2025-06-05T16:36:57.254+0000][98.050s][info ][gc          ] GC(61) Pause Young (Normal) (G1 Evacuation Pause) 420M->139M(689M) 369.214ms
[2025-06-05T16:36:57.254+0000][98.050s][info ][gc,cpu      ] GC(61) User=0.69s Sys=0.03s Real=0.37s
[2025-06-05T16:36:57.255+0000][98.050s][info ][safepoint   ] Safepoint "G1CollectForAllocation", Time since last: 1730661084 ns, Reaching safepoint: 1068375 ns, Cleanup: 149042 ns, At safepoint: 370105666 ns, Total: 371323083 ns
[2025-06-05T16:36:58.773+0000][99.569s][debug][safepoint   ] Safepoint synchronization initiated using futex wait barrier. (72 threads)
[2025-06-05T16:36:58.774+0000][99.570s][info ][safepoint   ] Safepoint "ICBufferFull", Time since last: 1518411501 ns, Reaching safepoint: 838583 ns, Cleanup: 573500 ns, At safepoint: 5667 ns, Total: 1417750 ns
[2025-06-05T16:36:59.776+0000][100.572s][debug][safepoint   ] Safepoint synchronization initiated using futex wait barrier. (72 threads)
[2025-06-05T16:36:59.782+0000][100.578s][debug][safepoint   ] ... found polling page loop exception at pc = 0x0000ffff95096e6c, stub =0x0000ffff9497ef00
[2025-06-05T16:36:59.785+0000][100.581s][info ][safepoint   ] Safepoint "Cleanup", Time since last: 1001772167 ns, Reaching safepoint: 8515875 ns, Cleanup: 88625 ns, At safepoint: 14584 ns, Total: 8619084 ns
[2025-06-05T16:37:00.788+0000][101.584s][debug][safepoint   ] Safepoint synchronization initiated using futex wait barrier. (72 threads)
[2025-06-05T16:37:00.790+0000][101.586s][info ][safepoint   ] Safepoint "Cleanup", Time since last: 1002950833 ns, Reaching safepoint: 2556459 ns, Cleanup: 33458 ns, At safepoint: 6458 ns, Total: 2596375 ns
[2025-06-05T16:37:01.804+0000][102.587s][debug][safepoint   ] Safepoint synchronization initiated using futex wait barrier. (75 threads)
[2025-06-05T16:37:01.807+0000][102.590s][debug][safepoint   ] ... found polling page loop exception at pc = 0x0000ffff94f8d524, stub =0x0000ffff9497ef00
[2025-06-05T16:37:01.808+0000][102.591s][info ][safepoint   ] Safepoint "Cleanup", Time since last: 1000803959 ns, Reaching safepoint: 3586625 ns, Cleanup: 49541 ns, At safepoint: 15084 ns, Total: 3651250 ns
[2025-06-05T16:37:02.815+0000][103.598s][debug][safepoint   ] Safepoint synchronization initiated using futex wait barrier. (75 threads)
[2025-06-05T16:37:02.822+0000][103.605s][info ][safepoint   ] Safepoint "Cleanup", Time since last: 1006885125 ns, Reaching safepoint: 7032417 ns, Cleanup: 32625 ns, At safepoint: 12458 ns, Total: 7077500 ns
[2025-06-05T16:37:04.189+0000][104.972s][debug][safepoint   ] Safepoint synchronization initiated using futex wait barrier. (75 threads)
[2025-06-05T16:37:04.190+0000][104.973s][info ][safepoint   ] Safepoint "Cleanup", Time since last: 1367492501 ns, Reaching safepoint: 848708 ns, Cleanup: 167583 ns, At safepoint: 32375 ns, Total: 1048666 ns
[2025-06-05T16:37:05.519+0000][106.302s][debug][safepoint   ] Safepoint synchronization initiated using futex wait barrier. (75 threads)
[2025-06-05T16:37:05.523+0000][106.305s][info ][safepoint   ] Safepoint "Cleanup", Time since last: 1329115793 ns, Reaching safepoint: 3015541 ns, Cleanup: 140292 ns, At safepoint: 22417 ns, Total: 3178250 ns
[2025-06-05T16:37:06.527+0000][107.310s][debug][safepoint   ] Safepoint synchronization initiated using futex wait barrier. (75 threads)
[2025-06-05T16:37:06.529+0000][107.312s][info ][safepoint   ] Safepoint "Cleanup", Time since last: 1004300042 ns, Reaching safepoint: 2556000 ns, Cleanup: 89916 ns, At safepoint: 18125 ns, Total: 2664041 ns
[2025-06-05T16:37:07.501+0000][108.284s][debug][safepoint   ] Safepoint synchronization initiated using futex wait barrier. (138 threads)
[2025-06-05T16:37:07.503+0000][108.286s][info ][safepoint   ] Safepoint "ICBufferFull", Time since last: 971784668 ns, Reaching safepoint: 1319333 ns, Cleanup: 278708 ns, At safepoint: 5334 ns, Total: 1603375 ns
[2025-06-05T16:37:08.506+0000][109.289s][debug][safepoint   ] Safepoint synchronization initiated using futex wait barrier. (138 threads)
[2025-06-05T16:37:08.512+0000][109.295s][info ][safepoint   ] Safepoint "Cleanup", Time since last: 1003375250 ns, Reaching safepoint: 5084750 ns, Cleanup: 320833 ns, At safepoint: 79167 ns, Total: 5484750 ns
[2025-06-05T16:37:09.516+0000][110.299s][debug][safepoint   ] Safepoint synchronization initiated using futex wait barrier. (148 threads)
[2025-06-05T16:37:09.521+0000][110.304s][info ][safepoint   ] Safepoint "Cleanup", Time since last: 1004630417 ns, Reaching safepoint: 4853834 ns, Cleanup: 225000 ns, At safepoint: 27875 ns, Total: 5106709 ns
[2025-06-05T16:37:09.925+0000][110.708s][debug][safepoint   ] Safepoint synchronization initiated using futex wait barrier. (160 threads)
[2025-06-05T16:37:09.926+0000][110.709s][info ][gc,start    ] GC(62) Pause Young (Normal) (G1 Evacuation Pause)
[2025-06-05T16:37:09.926+0000][110.709s][info ][gc,task     ] GC(62) Using 2 workers of 2 for evacuation
[2025-06-05T16:37:10.515+0000][111.298s][info ][gc,mmu      ] GC(62) MMU target violated: 501.0ms (500.0ms/501.0ms)
[2025-06-05T16:37:10.523+0000][111.306s][info ][gc,phases   ] GC(62)   Pre Evacuate Collection Set: 1.7ms
[2025-06-05T16:37:10.523+0000][111.306s][info ][gc,phases   ] GC(62)   Merge Heap Roots: 46.2ms
[2025-06-05T16:37:10.524+0000][111.306s][info ][gc,phases   ] GC(62)   Evacuate Collection Set: 488.8ms
[2025-06-05T16:37:10.524+0000][111.307s][info ][gc,phases   ] GC(62)   Post Evacuate Collection Set: 49.7ms
[2025-06-05T16:37:10.524+0000][111.307s][info ][gc,phases   ] GC(62)   Other: 10.6ms
[2025-06-05T16:37:10.525+0000][111.307s][info ][gc,heap     ] GC(62) Eden regions: 407->0(10)
[2025-06-05T16:37:10.525+0000][111.308s][info ][gc,heap     ] GC(62) Survivor regions: 6->24(52)
[2025-06-05T16:37:10.525+0000][111.308s][info ][gc,heap     ] GC(62) Old regions: 133->133
[2025-06-05T16:37:10.526+0000][111.309s][info ][gc,heap     ] GC(62) Archive regions: 2->2
[2025-06-05T16:37:10.526+0000][111.309s][info ][gc,heap     ] GC(62) Humongous regions: 0->0
[2025-06-05T16:37:10.526+0000][111.309s][info ][gc,metaspace] GC(62) Metaspace: 160921K(162176K)->160921K(162176K) NonClass: 141026K(141696K)->141026K(141696K) Class: 19895K(20480K)->19895K(20480K)
[2025-06-05T16:37:10.526+0000][111.309s][info ][gc          ] GC(62) Pause Young (Normal) (G1 Evacuation Pause) 546M->157M(689M) 600.696ms
[2025-06-05T16:37:10.527+0000][111.310s][info ][gc,cpu      ] GC(62) User=1.10s Sys=0.00s Real=0.60s
[2025-06-05T16:37:10.529+0000][111.312s][info ][safepoint   ] Safepoint "G1CollectForAllocation", Time since last: 403585291 ns, Reaching safepoint: 261167 ns, Cleanup: 27167 ns, At safepoint: 603228667 ns, Total: 603517001 ns
[2025-06-05T16:37:10.688+0000][111.471s][debug][safepoint   ] Safepoint synchronization initiated using futex wait barrier. (160 threads)
[2025-06-05T16:37:10.689+0000][111.472s][info ][gc,start    ] GC(63) Pause Young (Normal) (G1 Evacuation Pause)
[2025-06-05T16:37:10.690+0000][111.473s][info ][gc,task     ] GC(63) Using 2 workers of 2 for evacuation
[2025-06-05T16:37:10.862+0000][111.645s][info ][gc,phases   ] GC(63)   Pre Evacuate Collection Set: 0.6ms
[2025-06-05T16:37:10.862+0000][111.645s][info ][gc,phases   ] GC(63)   Merge Heap Roots: 0.4ms
[2025-06-05T16:37:10.862+0000][111.645s][info ][gc,phases   ] GC(63)   Evacuate Collection Set: 166.8ms
[2025-06-05T16:37:10.862+0000][111.645s][info ][gc,phases   ] GC(63)   Post Evacuate Collection Set: 3.8ms
[2025-06-05T16:37:10.862+0000][111.645s][info ][gc,phases   ] GC(63)   Other: 0.9ms
[2025-06-05T16:37:10.863+0000][111.645s][info ][gc,heap     ] GC(63) Eden regions: 10->0(107)
[2025-06-05T16:37:10.863+0000][111.646s][info ][gc,heap     ] GC(63) Survivor regions: 24->3(5)
[2025-06-05T16:37:10.863+0000][111.646s][info ][gc,heap     ] GC(63) Old regions: 133->157
[2025-06-05T16:37:10.863+0000][111.646s][info ][gc,heap     ] GC(63) Archive regions: 2->2
[2025-06-05T16:37:10.863+0000][111.646s][info ][gc,heap     ] GC(63) Humongous regions: 0->0
[2025-06-05T16:37:10.863+0000][111.646s][info ][gc,metaspace] GC(63) Metaspace: 160994K(162240K)->160994K(162240K) NonClass: 141090K(141760K)->141090K(141760K) Class: 19904K(20480K)->19904K(20480K)
[2025-06-05T16:37:10.863+0000][111.646s][info ][gc          ] GC(63) Pause Young (Normal) (G1 Evacuation Pause) 167M->159M(689M) 173.660ms
[2025-06-05T16:37:10.863+0000][111.646s][info ][gc,cpu      ] GC(63) User=0.32s Sys=0.00s Real=0.17s
[2025-06-05T16:37:10.864+0000][111.647s][info ][safepoint   ] Safepoint "G1CollectForAllocation", Time since last: 159805625 ns, Reaching safepoint: 942000 ns, Cleanup: 23625 ns, At safepoint: 174752375 ns, Total: 175718000 ns
[2025-06-05T16:37:11.483+0000][112.265s][debug][safepoint   ] Safepoint synchronization initiated using futex wait barrier. (160 threads)
[2025-06-05T16:37:11.487+0000][112.270s][debug][safepoint   ] ... found polling page loop exception at pc = 0x0000ffff9502ac3c, stub =0x0000ffff9497ef00
[2025-06-05T16:37:11.488+0000][112.270s][info ][safepoint   ] Safepoint "ICBufferFull", Time since last: 618447542 ns, Reaching safepoint: 4623125 ns, Cleanup: 267000 ns, At safepoint: 85292 ns, Total: 4975417 ns
[2025-06-05T16:37:14.003+0000][114.786s][debug][safepoint   ] Safepoint synchronization initiated using futex wait barrier. (161 threads)
[2025-06-05T16:37:14.645+0000][115.428s][info ][safepoint   ] Safepoint "Cleanup", Time since last: 2394064584 ns, Reaching safepoint: 751011125 ns, Cleanup: 9397375 ns, At safepoint: 2853459 ns, Total: 763261959 ns
[2025-06-05T16:37:16.093+0000][116.876s][debug][safepoint   ] Safepoint synchronization initiated using futex wait barrier. (161 threads)
[2025-06-05T16:37:16.103+0000][116.886s][info ][safepoint   ] Safepoint "Cleanup", Time since last: 1448362334 ns, Reaching safepoint: 9130833 ns, Cleanup: 67208 ns, At safepoint: 566750 ns, Total: 9764791 ns
[2025-06-05T16:37:17.181+0000][117.964s][debug][safepoint   ] Safepoint synchronization initiated using futex wait barrier. (161 threads)
[2025-06-05T16:37:17.219+0000][118.002s][info ][safepoint   ] Safepoint "Cleanup", Time since last: 1078032751 ns, Reaching safepoint: 36196333 ns, Cleanup: 264084 ns, At safepoint: 1610750 ns, Total: 38071167 ns
[2025-06-05T16:37:17.784+0000][118.567s][debug][safepoint   ] Safepoint synchronization initiated using futex wait barrier. (161 threads)
[2025-06-05T16:37:17.786+0000][118.569s][info ][gc,start    ] GC(64) Pause Young (Normal) (G1 Evacuation Pause)
[2025-06-05T16:37:17.786+0000][118.569s][info ][gc,task     ] GC(64) Using 2 workers of 2 for evacuation
[2025-06-05T16:37:18.062+0000][118.845s][info ][gc,phases   ] GC(64)   Pre Evacuate Collection Set: 11.2ms
[2025-06-05T16:37:18.063+0000][118.845s][info ][gc,phases   ] GC(64)   Merge Heap Roots: 3.3ms
[2025-06-05T16:37:18.063+0000][118.846s][info ][gc,phases   ] GC(64)   Evacuate Collection Set: 227.9ms
[2025-06-05T16:37:18.063+0000][118.846s][info ][gc,phases   ] GC(64)   Post Evacuate Collection Set: 32.6ms
[2025-06-05T16:37:18.063+0000][118.846s][info ][gc,phases   ] GC(64)   Other: 1.8ms
[2025-06-05T16:37:18.063+0000][118.846s][info ][gc,heap     ] GC(64) Eden regions: 107->0(83)
[2025-06-05T16:37:18.063+0000][118.846s][info ][gc,heap     ] GC(64) Survivor regions: 3->11(14)
[2025-06-05T16:37:18.063+0000][118.846s][info ][gc,heap     ] GC(64) Old regions: 157->157
[2025-06-05T16:37:18.063+0000][118.846s][info ][gc,heap     ] GC(64) Archive regions: 2->2
[2025-06-05T16:37:18.063+0000][118.846s][info ][gc,heap     ] GC(64) Humongous regions: 0->0
[2025-06-05T16:37:18.063+0000][118.846s][info ][gc,metaspace] GC(64) Metaspace: 162045K(163200K)->162045K(163200K) NonClass: 142012K(142592K)->142012K(142592K) Class: 20032K(20608K)->20032K(20608K)
[2025-06-05T16:37:18.063+0000][118.846s][info ][gc          ] GC(64) Pause Young (Normal) (G1 Evacuation Pause) 266M->167M(689M) 277.308ms
[2025-06-05T16:37:18.064+0000][118.846s][info ][gc,cpu      ] GC(64) User=0.53s Sys=0.00s Real=0.27s
[2025-06-05T16:37:18.064+0000][118.847s][info ][safepoint   ] Safepoint "G1CollectForAllocation", Time since last: 564935625 ns, Reaching safepoint: 1295500 ns, Cleanup: 44875 ns, At safepoint: 278437542 ns, Total: 279777917 ns
[2025-06-05T16:37:19.074+0000][119.857s][debug][safepoint   ] Safepoint synchronization initiated using futex wait barrier. (161 threads)
[2025-06-05T16:37:19.078+0000][119.861s][info ][safepoint   ] Safepoint "Cleanup", Time since last: 1010131167 ns, Reaching safepoint: 2518541 ns, Cleanup: 1344917 ns, At safepoint: 45875 ns, Total: 3909333 ns
[2025-06-05T16:37:20.286+0000][121.069s][debug][safepoint   ] Safepoint synchronization initiated using futex wait barrier. (161 threads)
[2025-06-05T16:37:20.316+0000][121.099s][info ][safepoint   ] Safepoint "Cleanup", Time since last: 1208247626 ns, Reaching safepoint: 29258500 ns, Cleanup: 200333 ns, At safepoint: 307000 ns, Total: 29765833 ns
[2025-06-05T16:37:21.318+0000][122.101s][debug][safepoint   ] Safepoint synchronization initiated using futex wait barrier. (164 threads)
[2025-06-05T16:37:21.331+0000][122.114s][info ][safepoint   ] Safepoint "Cleanup", Time since last: 1002089709 ns, Reaching safepoint: 12362292 ns, Cleanup: 201333 ns, At safepoint: 790958 ns, Total: 13354583 ns
[2025-06-05T16:37:22.428+0000][123.211s][debug][safepoint   ] Safepoint synchronization initiated using futex wait barrier. (165 threads)
[2025-06-05T16:37:22.428+0000][123.211s][info ][safepoint   ] Safepoint "ICBufferFull", Time since last: 1096429584 ns, Reaching safepoint: 504500 ns, Cleanup: 189083 ns, At safepoint: 16375 ns, Total: 709958 ns
[2025-06-05T16:37:23.079+0000][123.862s][debug][safepoint   ] Safepoint synchronization initiated using futex wait barrier. (170 threads)
[2025-06-05T16:37:23.084+0000][123.867s][info ][gc,start    ] GC(65) Pause Young (Normal) (G1 Evacuation Pause)
[2025-06-05T16:37:23.084+0000][123.867s][info ][gc,task     ] GC(65) Using 2 workers of 2 for evacuation
[2025-06-05T16:37:23.323+0000][124.106s][info ][gc,phases   ] GC(65)   Pre Evacuate Collection Set: 22.1ms
[2025-06-05T16:37:23.323+0000][124.106s][info ][gc,phases   ] GC(65)   Merge Heap Roots: 3.5ms
[2025-06-05T16:37:23.323+0000][124.106s][info ][gc,phases   ] GC(65)   Evacuate Collection Set: 193.3ms
[2025-06-05T16:37:23.324+0000][124.106s][info ][gc,phases   ] GC(65)   Post Evacuate Collection Set: 18.5ms
[2025-06-05T16:37:23.324+0000][124.107s][info ][gc,phases   ] GC(65)   Other: 2.1ms
[2025-06-05T16:37:23.324+0000][124.107s][info ][gc,heap     ] GC(65) Eden regions: 83->0(176)
[2025-06-05T16:37:23.324+0000][124.107s][info ][gc,heap     ] GC(65) Survivor regions: 11->4(12)
[2025-06-05T16:37:23.324+0000][124.107s][info ][gc,heap     ] GC(65) Old regions: 157->162
[2025-06-05T16:37:23.324+0000][124.107s][info ][gc,heap     ] GC(65) Archive regions: 2->2
[2025-06-05T16:37:23.324+0000][124.107s][info ][gc,heap     ] GC(65) Humongous regions: 0->0
[2025-06-05T16:37:23.324+0000][124.107s][info ][gc,metaspace] GC(65) Metaspace: 163607K(164800K)->163607K(164800K) NonClass: 143326K(143936K)->143326K(143936K) Class: 20280K(20864K)->20280K(20864K)
[2025-06-05T16:37:23.325+0000][124.108s][info ][gc          ] GC(65) Pause Young (Normal) (G1 Evacuation Pause) 250M->166M(689M) 240.857ms
[2025-06-05T16:37:23.325+0000][124.108s][info ][gc,cpu      ] GC(65) User=0.46s Sys=0.00s Real=0.24s
[2025-06-05T16:37:23.330+0000][124.113s][info ][safepoint   ] Safepoint "G1CollectForAllocation", Time since last: 650279751 ns, Reaching safepoint: 4254958 ns, Cleanup: 317042 ns, At safepoint: 246764625 ns, Total: 251336625 ns
[2025-06-05T16:37:24.019+0000][124.802s][debug][safepoint   ] Safepoint synchronization initiated using futex wait barrier. (173 threads)
[2025-06-05T16:37:24.020+0000][124.803s][info ][safepoint   ] Safepoint "ICBufferFull", Time since last: 688549667 ns, Reaching safepoint: 958458 ns, Cleanup: 357250 ns, At safepoint: 25542 ns, Total: 1341250 ns
[2025-06-05T16:37:24.878+0000][125.661s][debug][safepoint   ] Safepoint synchronization initiated using futex wait barrier. (189 threads)
[2025-06-05T16:37:24.881+0000][125.664s][info ][safepoint   ] Safepoint "ICBufferFull", Time since last: 775782792 ns, Reaching safepoint: 84613958 ns, Cleanup: 622750 ns, At safepoint: 97875 ns, Total: 85334583 ns
[2025-06-05T16:37:24.885+0000][125.668s][debug][safepoint   ] Safepoint synchronization initiated using futex wait barrier. (190 threads)
[2025-06-05T16:37:24.893+0000][125.676s][info ][safepoint   ] Safepoint "ICBufferFull", Time since last: 2364084 ns, Reaching safepoint: 8940125 ns, Cleanup: 45833 ns, At safepoint: 706917 ns, Total: 9692875 ns
[2025-06-05T16:37:24.899+0000][125.682s][debug][safepoint   ] Safepoint synchronization initiated using futex wait barrier. (190 threads)
[2025-06-05T16:37:24.901+0000][125.683s][info ][safepoint   ] Safepoint "ICBufferFull", Time since last: 5547291 ns, Reaching safepoint: 1717459 ns, Cleanup: 47375 ns, At safepoint: 68208 ns, Total: 1833042 ns
[2025-06-05T16:37:25.788+0000][126.571s][debug][safepoint   ] Safepoint synchronization initiated using futex wait barrier. (190 threads)
[2025-06-05T16:37:25.808+0000][126.591s][info ][safepoint   ] Safepoint "ICBufferFull", Time since last: 887109250 ns, Reaching safepoint: 19597292 ns, Cleanup: 653792 ns, At safepoint: 316291 ns, Total: 20567375 ns
[2025-06-05T16:37:26.919+0000][127.702s][debug][safepoint   ] Safepoint synchronization initiated using futex wait barrier. (190 threads)
[2025-06-05T16:37:26.922+0000][127.705s][info ][safepoint   ] Safepoint "Cleanup", Time since last: 1111097751 ns, Reaching safepoint: 2142083 ns, Cleanup: 230459 ns, At safepoint: 37500 ns, Total: 2410042 ns
[2025-06-05T16:37:27.923+0000][128.706s][debug][safepoint   ] Safepoint synchronization initiated using futex wait barrier. (88 threads)
[2025-06-05T16:37:27.925+0000][128.707s][info ][safepoint   ] Safepoint "Cleanup", Time since last: 1001005583 ns, Reaching safepoint: 1621667 ns, Cleanup: 177250 ns, At safepoint: 27042 ns, Total: 1825959 ns
[2025-06-05T16:37:28.928+0000][129.711s][debug][safepoint   ] Safepoint synchronization initiated using futex wait barrier. (40 threads)
[2025-06-05T16:37:28.929+0000][129.712s][info ][safepoint   ] Safepoint "Cleanup", Time since last: 1003522000 ns, Reaching safepoint: 570834 ns, Cleanup: 165250 ns, At safepoint: 6250 ns, Total: 742334 ns
[2025-06-05T16:37:29.930+0000][130.713s][debug][safepoint   ] Safepoint synchronization initiated using futex wait barrier. (28 threads)
[2025-06-05T16:37:29.931+0000][130.714s][info ][safepoint   ] Safepoint "Cleanup", Time since last: 1001442083 ns, Reaching safepoint: 718709 ns, Cleanup: 82000 ns, At safepoint: 7541 ns, Total: 808250 ns
[2025-06-05T16:37:30.693+0000][131.476s][info ][gc,heap,exit] Heap
[2025-06-05T16:37:30.694+0000][131.477s][info ][gc,heap,exit]  garbage-first heap   total 705536K, used 298663K [0x00000000c2c00000, 0x0000000100000000)
[2025-06-05T16:37:30.694+0000][131.477s][info ][gc,heap,exit]   region size 1024K, 130 young (133120K), 4 survivors (4096K)
[2025-06-05T16:37:30.694+0000][131.477s][info ][gc,heap,exit]  Metaspace       used 166166K, committed 167360K, reserved 1245184K
[2025-06-05T16:37:30.694+0000][131.477s][info ][gc,heap,exit]   class space    used 20602K, committed 21184K, reserved 1048576K
[2025-06-05T16:37:30.695+0000][131.478s][debug][safepoint   ] Safepoint synchronization initiated using futex wait barrier. (22 threads)
