[2025-06-05T16:29:32.532+0000][0.005s][info][gc] Using G1
[2025-06-05T16:29:32.533+0000][0.007s][info][gc,init] Version: 17.0.14+7-Debian-1deb12u1 (release)
[2025-06-05T16:29:32.533+0000][0.007s][info][gc,init] CPUs: 8 total, 2 available
[2025-06-05T16:29:32.533+0000][0.007s][info][gc,init] Memory: 3919M
[2025-06-05T16:29:32.533+0000][0.007s][info][gc,init] Large Page Support: Disabled
[2025-06-05T16:29:32.534+0000][0.007s][info][gc,init] NUMA Support: Disabled
[2025-06-05T16:29:32.534+0000][0.007s][info][gc,init] Compressed Oops: Enabled (32-bit)
[2025-06-05T16:29:32.534+0000][0.007s][info][gc,init] Heap Region Size: 1M
[2025-06-05T16:29:32.534+0000][0.007s][info][gc,init] Heap Min Capacity: 8M
[2025-06-05T16:29:32.534+0000][0.007s][info][gc,init] Heap Initial Capacity: 62M
[2025-06-05T16:29:32.534+0000][0.007s][info][gc,init] Heap Max Capacity: 980M
[2025-06-05T16:29:32.534+0000][0.007s][info][gc,init] Pre-touch: Disabled
[2025-06-05T16:29:32.534+0000][0.007s][info][gc,init] Parallel Workers: 2
[2025-06-05T16:29:32.534+0000][0.007s][info][gc,init] Concurrent Workers: 1
[2025-06-05T16:29:32.534+0000][0.007s][info][gc,init] Concurrent Refinement Workers: 2
[2025-06-05T16:29:32.534+0000][0.007s][info][gc,init] Periodic GC: Disabled
[2025-06-05T16:29:32.553+0000][0.026s][info][gc,metaspace] CDS archive(s) mapped at: [0x000000c000000000-0x000000c000be0000-0x000000c000be0000), size 12451840, SharedBaseAddress: 0x000000c000000000, ArchiveRelocationMode: 1.
[2025-06-05T16:29:32.553+0000][0.026s][info][gc,metaspace] Compressed class space mapped at: 0x000000c001000000-0x000000c041000000, reserved size: 1073741824
[2025-06-05T16:29:32.553+0000][0.026s][info][gc,metaspace] Narrow klass base: 0x000000c000000000, Narrow klass shift: 0, Narrow klass range: 0x100000000
[2025-06-05T16:29:32.558+0000][0.032s][info][cds,heap    ] initialize_from_archived_subgraph java.lang.Module$ArchivedData 0x000000c0001823a8 (early)
[2025-06-05T16:29:32.559+0000][0.032s][info][cds,heap    ] initialize_from_archived_subgraph java.util.ImmutableCollections 0x000000c000070d08 (early)
[2025-06-05T16:29:32.561+0000][0.034s][info][cds,heap    ] initialize_from_archived_subgraph java.lang.Integer$IntegerCache 0x000000c000036060 (early)
[2025-06-05T16:29:32.563+0000][0.036s][info][cds,heap    ] initialize_from_archived_subgraph java.lang.module.Configuration 0x000000c000170328 (early)
[2025-06-05T16:29:32.563+0000][0.037s][info][cds,heap    ] initialize_from_archived_subgraph java.lang.ModuleLayer 0x000000c000144760 (early)
[2025-06-05T16:29:32.564+0000][0.037s][info][cds,heap    ] initialize_from_archived_subgraph jdk.internal.loader.ArchivedClassLoaders 0x000000c0001a6a10 (early)
[2025-06-05T16:29:32.564+0000][0.037s][info][cds,heap    ] initialize_from_archived_subgraph jdk.internal.module.ArchivedBootLayer 0x000000c000176f68 (early)
[2025-06-05T16:29:32.565+0000][0.038s][info][cds,heap    ] initialize_from_archived_subgraph sun.util.locale.BaseLocale 0x000000c00026d798
[2025-06-05T16:29:32.570+0000][0.043s][info][cds,heap    ] initialize_from_archived_subgraph java.util.jar.Attributes$Name 0x000000c000198488
[2025-06-05T16:29:32.583+0000][0.056s][info][cds,heap    ] initialize_from_archived_subgraph java.lang.Long$LongCache 0x000000c00001f998
[2025-06-05T16:29:32.626+0000][0.099s][info][cds,heap    ] initialize_from_archived_subgraph java.lang.Character$CharacterCache 0x000000c0000393e8
[2025-06-05T16:29:32.667+0000][0.140s][debug][safepoint   ] Safepoint synchronization initiated using futex wait barrier. (12 threads)
[2025-06-05T16:29:32.667+0000][0.140s][info ][safepoint   ] Safepoint "ICBufferFull", Time since last: 108776750 ns, Reaching safepoint: 185250 ns, Cleanup: 46791 ns, At safepoint: 1667 ns, Total: 233708 ns
[2025-06-05T16:29:32.707+0000][0.180s][debug][safepoint   ] Safepoint synchronization initiated using futex wait barrier. (12 threads)
[2025-06-05T16:29:32.707+0000][0.181s][info ][gc,start    ] GC(0) Pause Young (Normal) (G1 Evacuation Pause)
[2025-06-05T16:29:32.708+0000][0.181s][info ][gc,task     ] GC(0) Using 2 workers of 2 for evacuation
[2025-06-05T16:29:32.712+0000][0.186s][info ][gc,phases   ] GC(0)   Pre Evacuate Collection Set: 0.1ms
[2025-06-05T16:29:32.713+0000][0.186s][info ][gc,phases   ] GC(0)   Merge Heap Roots: 0.2ms
[2025-06-05T16:29:32.713+0000][0.186s][info ][gc,phases   ] GC(0)   Evacuate Collection Set: 3.8ms
[2025-06-05T16:29:32.713+0000][0.186s][info ][gc,phases   ] GC(0)   Post Evacuate Collection Set: 0.4ms
[2025-06-05T16:29:32.713+0000][0.186s][info ][gc,phases   ] GC(0)   Other: 0.5ms
[2025-06-05T16:29:32.713+0000][0.186s][info ][gc,heap     ] GC(0) Eden regions: 18->0(22)
[2025-06-05T16:29:32.713+0000][0.186s][info ][gc,heap     ] GC(0) Survivor regions: 0->3(3)
[2025-06-05T16:29:32.713+0000][0.186s][info ][gc,heap     ] GC(0) Old regions: 0->1
[2025-06-05T16:29:32.713+0000][0.186s][info ][gc,heap     ] GC(0) Archive regions: 2->2
[2025-06-05T16:29:32.713+0000][0.186s][info ][gc,heap     ] GC(0) Humongous regions: 0->0
[2025-06-05T16:29:32.713+0000][0.186s][info ][gc,metaspace] GC(0) Metaspace: 1943K(2176K)->1943K(2176K) NonClass: 1738K(1856K)->1738K(1856K) Class: 205K(320K)->205K(320K)
[2025-06-05T16:29:32.713+0000][0.186s][info ][gc          ] GC(0) Pause Young (Normal) (G1 Evacuation Pause) 18M->4M(64M) 5.595ms
[2025-06-05T16:29:32.713+0000][0.186s][info ][gc,cpu      ] GC(0) User=0.00s Sys=0.01s Real=0.01s
[2025-06-05T16:29:32.713+0000][0.186s][info ][safepoint   ] Safepoint "G1CollectForAllocation", Time since last: 40325167 ns, Reaching safepoint: 136208 ns, Cleanup: 18167 ns, At safepoint: 5749750 ns, Total: 5904125 ns
[2025-06-05T16:29:32.801+0000][0.274s][debug][safepoint   ] Safepoint synchronization initiated using futex wait barrier. (12 threads)
[2025-06-05T16:29:32.801+0000][0.274s][info ][gc,start    ] GC(1) Pause Young (Normal) (G1 Evacuation Pause)
[2025-06-05T16:29:32.801+0000][0.274s][info ][gc,task     ] GC(1) Using 2 workers of 2 for evacuation
[2025-06-05T16:29:32.805+0000][0.279s][info ][gc,phases   ] GC(1)   Pre Evacuate Collection Set: 0.1ms
[2025-06-05T16:29:32.806+0000][0.279s][info ][gc,phases   ] GC(1)   Merge Heap Roots: 0.1ms
[2025-06-05T16:29:32.806+0000][0.279s][info ][gc,phases   ] GC(1)   Evacuate Collection Set: 3.6ms
[2025-06-05T16:29:32.806+0000][0.279s][info ][gc,phases   ] GC(1)   Post Evacuate Collection Set: 0.6ms
[2025-06-05T16:29:32.806+0000][0.279s][info ][gc,phases   ] GC(1)   Other: 0.1ms
[2025-06-05T16:29:32.806+0000][0.279s][info ][gc,heap     ] GC(1) Eden regions: 22->0(32)
[2025-06-05T16:29:32.806+0000][0.279s][info ][gc,heap     ] GC(1) Survivor regions: 3->3(4)
[2025-06-05T16:29:32.806+0000][0.279s][info ][gc,heap     ] GC(1) Old regions: 1->4
[2025-06-05T16:29:32.806+0000][0.279s][info ][gc,heap     ] GC(1) Archive regions: 2->2
[2025-06-05T16:29:32.806+0000][0.279s][info ][gc,heap     ] GC(1) Humongous regions: 0->0
[2025-06-05T16:29:32.806+0000][0.279s][info ][gc,metaspace] GC(1) Metaspace: 2051K(2240K)->2051K(2240K) NonClass: 1845K(1920K)->1845K(1920K) Class: 205K(320K)->205K(320K)
[2025-06-05T16:29:32.806+0000][0.279s][info ][gc          ] GC(1) Pause Young (Normal) (G1 Evacuation Pause) 26M->7M(64M) 5.119ms
[2025-06-05T16:29:32.806+0000][0.279s][info ][gc,cpu      ] GC(1) User=0.01s Sys=0.00s Real=0.00s
[2025-06-05T16:29:32.806+0000][0.279s][info ][safepoint   ] Safepoint "G1CollectForAllocation", Time since last: 87641083 ns, Reaching safepoint: 117208 ns, Cleanup: 18875 ns, At safepoint: 5224125 ns, Total: 5360208 ns
[2025-06-05T16:29:32.989+0000][0.462s][debug][safepoint   ] Safepoint synchronization initiated using futex wait barrier. (12 threads)
[2025-06-05T16:29:32.990+0000][0.463s][info ][safepoint   ] Safepoint "ICBufferFull", Time since last: 182653709 ns, Reaching safepoint: 1112916 ns, Cleanup: 53125 ns, At safepoint: 6667 ns, Total: 1172708 ns
[2025-06-05T16:29:33.013+0000][0.486s][debug][safepoint   ] Safepoint synchronization initiated using futex wait barrier. (12 threads)
[2025-06-05T16:29:33.013+0000][0.487s][info ][gc,start    ] GC(2) Pause Young (Normal) (G1 Evacuation Pause)
[2025-06-05T16:29:33.013+0000][0.487s][info ][gc,task     ] GC(2) Using 2 workers of 2 for evacuation
[2025-06-05T16:29:33.020+0000][0.493s][info ][gc,phases   ] GC(2)   Pre Evacuate Collection Set: 0.1ms
[2025-06-05T16:29:33.020+0000][0.494s][info ][gc,phases   ] GC(2)   Merge Heap Roots: 0.1ms
[2025-06-05T16:29:33.020+0000][0.494s][info ][gc,phases   ] GC(2)   Evacuate Collection Set: 5.7ms
[2025-06-05T16:29:33.020+0000][0.494s][info ][gc,phases   ] GC(2)   Post Evacuate Collection Set: 0.7ms
[2025-06-05T16:29:33.020+0000][0.494s][info ][gc,phases   ] GC(2)   Other: 0.2ms
[2025-06-05T16:29:33.021+0000][0.494s][info ][gc,heap     ] GC(2) Eden regions: 32->0(30)
[2025-06-05T16:29:33.021+0000][0.494s][info ][gc,heap     ] GC(2) Survivor regions: 3->3(5)
[2025-06-05T16:29:33.021+0000][0.494s][info ][gc,heap     ] GC(2) Old regions: 4->7
[2025-06-05T16:29:33.021+0000][0.494s][info ][gc,heap     ] GC(2) Archive regions: 2->2
[2025-06-05T16:29:33.021+0000][0.494s][info ][gc,heap     ] GC(2) Humongous regions: 0->0
[2025-06-05T16:29:33.021+0000][0.494s][info ][gc,metaspace] GC(2) Metaspace: 3053K(3328K)->3053K(3328K) NonClass: 2755K(2880K)->2755K(2880K) Class: 297K(448K)->297K(448K)
[2025-06-05T16:29:33.021+0000][0.494s][info ][gc          ] GC(2) Pause Young (Normal) (G1 Evacuation Pause) 39M->10M(64M) 7.477ms
[2025-06-05T16:29:33.021+0000][0.494s][info ][gc,cpu      ] GC(2) User=0.01s Sys=0.01s Real=0.01s
[2025-06-05T16:29:33.021+0000][0.494s][info ][safepoint   ] Safepoint "G1CollectForAllocation", Time since last: 23188834 ns, Reaching safepoint: 167583 ns, Cleanup: 26000 ns, At safepoint: 7626542 ns, Total: 7820125 ns
[2025-06-05T16:29:33.184+0000][0.657s][debug][safepoint   ] Safepoint synchronization initiated using futex wait barrier. (12 threads)
[2025-06-05T16:29:33.184+0000][0.658s][info ][gc,start    ] GC(3) Pause Young (Normal) (G1 Evacuation Pause)
[2025-06-05T16:29:33.184+0000][0.658s][info ][gc,task     ] GC(3) Using 2 workers of 2 for evacuation
[2025-06-05T16:29:33.188+0000][0.661s][info ][gc,phases   ] GC(3)   Pre Evacuate Collection Set: 0.1ms
[2025-06-05T16:29:33.188+0000][0.661s][info ][gc,phases   ] GC(3)   Merge Heap Roots: 0.1ms
[2025-06-05T16:29:33.188+0000][0.661s][info ][gc,phases   ] GC(3)   Evacuate Collection Set: 2.3ms
[2025-06-05T16:29:33.188+0000][0.661s][info ][gc,phases   ] GC(3)   Post Evacuate Collection Set: 0.6ms
[2025-06-05T16:29:33.188+0000][0.661s][info ][gc,phases   ] GC(3)   Other: 0.2ms
[2025-06-05T16:29:33.188+0000][0.661s][info ][gc,heap     ] GC(3) Eden regions: 30->0(32)
[2025-06-05T16:29:33.188+0000][0.661s][info ][gc,heap     ] GC(3) Survivor regions: 3->3(5)
[2025-06-05T16:29:33.188+0000][0.661s][info ][gc,heap     ] GC(3) Old regions: 7->7
[2025-06-05T16:29:33.188+0000][0.661s][info ][gc,heap     ] GC(3) Archive regions: 2->2
[2025-06-05T16:29:33.188+0000][0.662s][info ][gc,heap     ] GC(3) Humongous regions: 0->0
[2025-06-05T16:29:33.188+0000][0.662s][info ][gc,metaspace] GC(3) Metaspace: 4583K(4864K)->4583K(4864K) NonClass: 4062K(4224K)->4062K(4224K) Class: 521K(640K)->521K(640K)
[2025-06-05T16:29:33.188+0000][0.662s][info ][gc          ] GC(3) Pause Young (Normal) (G1 Evacuation Pause) 40M->10M(64M) 4.063ms
[2025-06-05T16:29:33.188+0000][0.662s][info ][gc,cpu      ] GC(3) User=0.00s Sys=0.00s Real=0.01s
[2025-06-05T16:29:33.189+0000][0.662s][info ][safepoint   ] Safepoint "G1CollectForAllocation", Time since last: 163161875 ns, Reaching safepoint: 157166 ns, Cleanup: 44459 ns, At safepoint: 4242041 ns, Total: 4443666 ns
[2025-06-05T16:29:33.335+0000][0.808s][debug][safepoint   ] Safepoint synchronization initiated using futex wait barrier. (13 threads)
[2025-06-05T16:29:33.335+0000][0.809s][info ][gc,start    ] GC(4) Pause Young (Normal) (G1 Evacuation Pause)
[2025-06-05T16:29:33.335+0000][0.809s][info ][gc,task     ] GC(4) Using 2 workers of 2 for evacuation
[2025-06-05T16:29:33.339+0000][0.813s][info ][gc,phases   ] GC(4)   Pre Evacuate Collection Set: 0.1ms
[2025-06-05T16:29:33.340+0000][0.813s][info ][gc,phases   ] GC(4)   Merge Heap Roots: 0.1ms
[2025-06-05T16:29:33.340+0000][0.813s][info ][gc,phases   ] GC(4)   Evacuate Collection Set: 3.1ms
[2025-06-05T16:29:33.340+0000][0.813s][info ][gc,phases   ] GC(4)   Post Evacuate Collection Set: 0.7ms
[2025-06-05T16:29:33.340+0000][0.813s][info ][gc,phases   ] GC(4)   Other: 0.2ms
[2025-06-05T16:29:33.340+0000][0.813s][info ][gc,heap     ] GC(4) Eden regions: 32->0(46)
[2025-06-05T16:29:33.340+0000][0.813s][info ][gc,heap     ] GC(4) Survivor regions: 3->2(5)
[2025-06-05T16:29:33.340+0000][0.813s][info ][gc,heap     ] GC(4) Old regions: 7->9
[2025-06-05T16:29:33.340+0000][0.813s][info ][gc,heap     ] GC(4) Archive regions: 2->2
[2025-06-05T16:29:33.340+0000][0.813s][info ][gc,heap     ] GC(4) Humongous regions: 0->0
[2025-06-05T16:29:33.340+0000][0.813s][info ][gc,metaspace] GC(4) Metaspace: 5801K(6080K)->5801K(6080K) NonClass: 5083K(5248K)->5083K(5248K) Class: 717K(832K)->717K(832K)
[2025-06-05T16:29:33.340+0000][0.814s][info ][gc          ] GC(4) Pause Young (Normal) (G1 Evacuation Pause) 42M->11M(82M) 4.966ms
[2025-06-05T16:29:33.340+0000][0.814s][info ][gc,cpu      ] GC(4) User=0.01s Sys=0.00s Real=0.01s
[2025-06-05T16:29:33.340+0000][0.814s][info ][safepoint   ] Safepoint "G1CollectForAllocation", Time since last: 146353375 ns, Reaching safepoint: 205500 ns, Cleanup: 116750 ns, At safepoint: 5109042 ns, Total: 5431292 ns
[2025-06-05T16:29:33.659+0000][1.132s][debug][safepoint   ] Safepoint synchronization initiated using futex wait barrier. (13 threads)
[2025-06-05T16:29:33.659+0000][1.132s][info ][safepoint   ] Safepoint "ICBufferFull", Time since last: 318280625 ns, Reaching safepoint: 166458 ns, Cleanup: 60750 ns, At safepoint: 5292 ns, Total: 232500 ns
[2025-06-05T16:29:33.679+0000][1.153s][debug][safepoint   ] Safepoint synchronization initiated using futex wait barrier. (13 threads)
[2025-06-05T16:29:33.680+0000][1.153s][info ][gc,start    ] GC(5) Pause Young (Normal) (G1 Evacuation Pause)
[2025-06-05T16:29:33.680+0000][1.153s][info ][gc,task     ] GC(5) Using 2 workers of 2 for evacuation
[2025-06-05T16:29:33.682+0000][1.156s][info ][gc,phases   ] GC(5)   Pre Evacuate Collection Set: 0.1ms
[2025-06-05T16:29:33.682+0000][1.156s][info ][gc,phases   ] GC(5)   Merge Heap Roots: 0.1ms
[2025-06-05T16:29:33.683+0000][1.156s][info ][gc,phases   ] GC(5)   Evacuate Collection Set: 2.0ms
[2025-06-05T16:29:33.683+0000][1.156s][info ][gc,phases   ] GC(5)   Post Evacuate Collection Set: 0.5ms
[2025-06-05T16:29:33.683+0000][1.156s][info ][gc,phases   ] GC(5)   Other: 0.2ms
[2025-06-05T16:29:33.683+0000][1.156s][info ][gc,heap     ] GC(5) Eden regions: 46->0(46)
[2025-06-05T16:29:33.683+0000][1.156s][info ][gc,heap     ] GC(5) Survivor regions: 2->3(6)
[2025-06-05T16:29:33.683+0000][1.156s][info ][gc,heap     ] GC(5) Old regions: 9->9
[2025-06-05T16:29:33.683+0000][1.156s][info ][gc,heap     ] GC(5) Archive regions: 2->2
[2025-06-05T16:29:33.683+0000][1.156s][info ][gc,heap     ] GC(5) Humongous regions: 0->0
[2025-06-05T16:29:33.683+0000][1.156s][info ][gc,metaspace] GC(5) Metaspace: 8064K(8384K)->8064K(8384K) NonClass: 7044K(7232K)->7044K(7232K) Class: 1020K(1152K)->1020K(1152K)
[2025-06-05T16:29:33.683+0000][1.156s][info ][gc          ] GC(5) Pause Young (Normal) (G1 Evacuation Pause) 57M->12M(82M) 3.435ms
[2025-06-05T16:29:33.683+0000][1.156s][info ][gc,cpu      ] GC(5) User=0.01s Sys=0.00s Real=0.00s
[2025-06-05T16:29:33.683+0000][1.156s][info ][safepoint   ] Safepoint "G1CollectForAllocation", Time since last: 20543625 ns, Reaching safepoint: 143792 ns, Cleanup: 27250 ns, At safepoint: 3554333 ns, Total: 3725375 ns
[2025-06-05T16:29:33.862+0000][1.335s][debug][safepoint   ] Safepoint synchronization initiated using futex wait barrier. (13 threads)
[2025-06-05T16:29:33.862+0000][1.336s][info ][gc,start    ] GC(6) Pause Young (Normal) (G1 Evacuation Pause)
[2025-06-05T16:29:33.862+0000][1.336s][info ][gc,task     ] GC(6) Using 2 workers of 2 for evacuation
[2025-06-05T16:29:33.866+0000][1.339s][info ][gc,phases   ] GC(6)   Pre Evacuate Collection Set: 0.1ms
[2025-06-05T16:29:33.866+0000][1.339s][info ][gc,phases   ] GC(6)   Merge Heap Roots: 0.1ms
[2025-06-05T16:29:33.866+0000][1.339s][info ][gc,phases   ] GC(6)   Evacuate Collection Set: 2.5ms
[2025-06-05T16:29:33.866+0000][1.339s][info ][gc,phases   ] GC(6)   Post Evacuate Collection Set: 0.5ms
[2025-06-05T16:29:33.866+0000][1.339s][info ][gc,phases   ] GC(6)   Other: 0.2ms
[2025-06-05T16:29:33.866+0000][1.339s][info ][gc,heap     ] GC(6) Eden regions: 46->0(45)
[2025-06-05T16:29:33.866+0000][1.339s][info ][gc,heap     ] GC(6) Survivor regions: 3->4(7)
[2025-06-05T16:29:33.866+0000][1.339s][info ][gc,heap     ] GC(6) Old regions: 9->9
[2025-06-05T16:29:33.866+0000][1.339s][info ][gc,heap     ] GC(6) Archive regions: 2->2
[2025-06-05T16:29:33.866+0000][1.340s][info ][gc,heap     ] GC(6) Humongous regions: 0->0
[2025-06-05T16:29:33.866+0000][1.340s][info ][gc,metaspace] GC(6) Metaspace: 10449K(10816K)->10449K(10816K) NonClass: 9092K(9280K)->9092K(9280K) Class: 1357K(1536K)->1357K(1536K)
[2025-06-05T16:29:33.866+0000][1.340s][info ][gc          ] GC(6) Pause Young (Normal) (G1 Evacuation Pause) 58M->13M(82M) 4.020ms
[2025-06-05T16:29:33.866+0000][1.340s][info ][gc,cpu      ] GC(6) User=0.01s Sys=0.00s Real=0.00s
[2025-06-05T16:29:33.866+0000][1.340s][info ][safepoint   ] Safepoint "G1CollectForAllocation", Time since last: 178948209 ns, Reaching safepoint: 140333 ns, Cleanup: 56000 ns, At safepoint: 4157625 ns, Total: 4353958 ns
[2025-06-05T16:29:33.989+0000][1.462s][debug][safepoint   ] Safepoint synchronization initiated using futex wait barrier. (13 threads)
[2025-06-05T16:29:33.990+0000][1.463s][info ][gc,start    ] GC(7) Pause Young (Normal) (G1 Evacuation Pause)
[2025-06-05T16:29:33.990+0000][1.463s][info ][gc,task     ] GC(7) Using 2 workers of 2 for evacuation
[2025-06-05T16:29:33.993+0000][1.466s][info ][gc,phases   ] GC(7)   Pre Evacuate Collection Set: 0.1ms
[2025-06-05T16:29:33.993+0000][1.466s][info ][gc,phases   ] GC(7)   Merge Heap Roots: 0.1ms
[2025-06-05T16:29:33.993+0000][1.466s][info ][gc,phases   ] GC(7)   Evacuate Collection Set: 2.5ms
[2025-06-05T16:29:33.993+0000][1.467s][info ][gc,phases   ] GC(7)   Post Evacuate Collection Set: 0.5ms
[2025-06-05T16:29:33.993+0000][1.467s][info ][gc,phases   ] GC(7)   Other: 0.2ms
[2025-06-05T16:29:33.993+0000][1.467s][info ][gc,heap     ] GC(7) Eden regions: 45->0(45)
[2025-06-05T16:29:33.993+0000][1.467s][info ][gc,heap     ] GC(7) Survivor regions: 4->4(7)
[2025-06-05T16:29:33.993+0000][1.467s][info ][gc,heap     ] GC(7) Old regions: 9->9
[2025-06-05T16:29:33.993+0000][1.467s][info ][gc,heap     ] GC(7) Archive regions: 2->2
[2025-06-05T16:29:33.994+0000][1.467s][info ][gc,heap     ] GC(7) Humongous regions: 0->0
[2025-06-05T16:29:33.994+0000][1.467s][info ][gc,metaspace] GC(7) Metaspace: 11301K(11584K)->11301K(11584K) NonClass: 9812K(9984K)->9812K(9984K) Class: 1489K(1600K)->1489K(1600K)
[2025-06-05T16:29:33.994+0000][1.467s][info ][gc          ] GC(7) Pause Young (Normal) (G1 Evacuation Pause) 58M->13M(82M) 3.987ms
[2025-06-05T16:29:33.994+0000][1.467s][info ][gc,cpu      ] GC(7) User=0.01s Sys=0.00s Real=0.00s
[2025-06-05T16:29:33.994+0000][1.467s][info ][safepoint   ] Safepoint "G1CollectForAllocation", Time since last: 122390292 ns, Reaching safepoint: 811958 ns, Cleanup: 12333 ns, At safepoint: 4106167 ns, Total: 4930458 ns
[2025-06-05T16:29:34.044+0000][1.517s][debug][safepoint   ] Safepoint synchronization initiated using futex wait barrier. (13 threads)
[2025-06-05T16:29:34.044+0000][1.517s][info ][safepoint   ] Safepoint "ICBufferFull", Time since last: 49969708 ns, Reaching safepoint: 122792 ns, Cleanup: 38333 ns, At safepoint: 6875 ns, Total: 168000 ns
[2025-06-05T16:29:34.058+0000][1.531s][debug][safepoint   ] Safepoint synchronization initiated using futex wait barrier. (13 threads)
[2025-06-05T16:29:34.059+0000][1.533s][info ][safepoint   ] Safepoint "ICBufferFull", Time since last: 14172000 ns, Reaching safepoint: 1193709 ns, Cleanup: 52833 ns, At safepoint: 1458 ns, Total: 1248000 ns
[2025-06-05T16:29:34.059+0000][1.533s][debug][safepoint   ] Safepoint synchronization initiated using futex wait barrier. (13 threads)
[2025-06-05T16:29:34.061+0000][1.534s][info ][safepoint   ] Safepoint "ICBufferFull", Time since last: 150542 ns, Reaching safepoint: 1598583 ns, Cleanup: 3709 ns, At safepoint: 7458 ns, Total: 1609750 ns
[2025-06-05T16:29:34.078+0000][1.551s][debug][safepoint   ] Safepoint synchronization initiated using futex wait barrier. (13 threads)
[2025-06-05T16:29:34.078+0000][1.552s][info ][safepoint   ] Safepoint "ICBufferFull", Time since last: 16991792 ns, Reaching safepoint: 130041 ns, Cleanup: 55500 ns, At safepoint: 1750 ns, Total: 187291 ns
[2025-06-05T16:29:34.477+0000][1.950s][debug][safepoint   ] Safepoint synchronization initiated using futex wait barrier. (14 threads)
[2025-06-05T16:29:34.479+0000][1.952s][info ][safepoint   ] Safepoint "ICBufferFull", Time since last: 398835126 ns, Reaching safepoint: 1962000 ns, Cleanup: 64625 ns, At safepoint: 9125 ns, Total: 2035750 ns
[2025-06-05T16:29:34.574+0000][2.048s][debug][safepoint   ] Safepoint synchronization initiated using futex wait barrier. (14 threads)
[2025-06-05T16:29:34.576+0000][2.049s][info ][gc,start    ] GC(8) Pause Young (Normal) (G1 Evacuation Pause)
[2025-06-05T16:29:34.576+0000][2.050s][info ][gc,task     ] GC(8) Using 2 workers of 2 for evacuation
[2025-06-05T16:29:34.593+0000][2.066s][info ][gc,phases   ] GC(8)   Pre Evacuate Collection Set: 2.4ms
[2025-06-05T16:29:34.593+0000][2.067s][info ][gc,phases   ] GC(8)   Merge Heap Roots: 0.2ms
[2025-06-05T16:29:34.593+0000][2.067s][info ][gc,phases   ] GC(8)   Evacuate Collection Set: 10.8ms
[2025-06-05T16:29:34.593+0000][2.067s][info ][gc,phases   ] GC(8)   Post Evacuate Collection Set: 1.3ms
[2025-06-05T16:29:34.593+0000][2.067s][info ][gc,phases   ] GC(8)   Other: 2.7ms
[2025-06-05T16:29:34.593+0000][2.067s][info ][gc,heap     ] GC(8) Eden regions: 45->0(43)
[2025-06-05T16:29:34.594+0000][2.067s][info ][gc,heap     ] GC(8) Survivor regions: 4->6(7)
[2025-06-05T16:29:34.594+0000][2.067s][info ][gc,heap     ] GC(8) Old regions: 9->9
[2025-06-05T16:29:34.594+0000][2.067s][info ][gc,heap     ] GC(8) Archive regions: 2->2
[2025-06-05T16:29:34.594+0000][2.067s][info ][gc,heap     ] GC(8) Humongous regions: 0->0
[2025-06-05T16:29:34.594+0000][2.067s][info ][gc,metaspace] GC(8) Metaspace: 13366K(13632K)->13366K(13632K) NonClass: 11645K(11776K)->11645K(11776K) Class: 1721K(1856K)->1721K(1856K)
[2025-06-05T16:29:34.594+0000][2.067s][info ][gc          ] GC(8) Pause Young (Normal) (G1 Evacuation Pause) 58M->15M(82M) 17.890ms
[2025-06-05T16:29:34.594+0000][2.067s][info ][gc,cpu      ] GC(8) User=0.03s Sys=0.00s Real=0.02s
[2025-06-05T16:29:34.594+0000][2.067s][info ][safepoint   ] Safepoint "G1CollectForAllocation", Time since last: 95240666 ns, Reaching safepoint: 1254625 ns, Cleanup: 25625 ns, At safepoint: 18185292 ns, Total: 19465542 ns
[2025-06-05T16:29:34.799+0000][2.272s][debug][safepoint   ] Safepoint synchronization initiated using futex wait barrier. (14 threads)
[2025-06-05T16:29:34.799+0000][2.273s][info ][gc,start    ] GC(9) Pause Young (Normal) (G1 Evacuation Pause)
[2025-06-05T16:29:34.799+0000][2.273s][info ][gc,task     ] GC(9) Using 2 workers of 2 for evacuation
[2025-06-05T16:29:34.843+0000][2.316s][info ][gc,phases   ] GC(9)   Pre Evacuate Collection Set: 0.1ms
[2025-06-05T16:29:34.843+0000][2.316s][info ][gc,phases   ] GC(9)   Merge Heap Roots: 0.1ms
[2025-06-05T16:29:34.843+0000][2.316s][info ][gc,phases   ] GC(9)   Evacuate Collection Set: 41.9ms
[2025-06-05T16:29:34.843+0000][2.316s][info ][gc,phases   ] GC(9)   Post Evacuate Collection Set: 1.2ms
[2025-06-05T16:29:34.843+0000][2.316s][info ][gc,phases   ] GC(9)   Other: 0.3ms
[2025-06-05T16:29:34.843+0000][2.317s][info ][gc,heap     ] GC(9) Eden regions: 43->0(56)
[2025-06-05T16:29:34.843+0000][2.317s][info ][gc,heap     ] GC(9) Survivor regions: 6->3(7)
[2025-06-05T16:29:34.843+0000][2.317s][info ][gc,heap     ] GC(9) Old regions: 9->12
[2025-06-05T16:29:34.843+0000][2.317s][info ][gc,heap     ] GC(9) Archive regions: 2->2
[2025-06-05T16:29:34.843+0000][2.317s][info ][gc,heap     ] GC(9) Humongous regions: 0->0
[2025-06-05T16:29:34.843+0000][2.317s][info ][gc,metaspace] GC(9) Metaspace: 14753K(15104K)->14753K(15104K) NonClass: 12837K(12992K)->12837K(12992K) Class: 1915K(2112K)->1915K(2112K)
[2025-06-05T16:29:34.844+0000][2.317s][info ][gc          ] GC(9) Pause Young (Normal) (G1 Evacuation Pause) 58M->15M(99M) 44.173ms
[2025-06-05T16:29:34.844+0000][2.317s][info ][gc,cpu      ] GC(9) User=0.03s Sys=0.00s Real=0.04s
[2025-06-05T16:29:34.844+0000][2.317s][info ][safepoint   ] Safepoint "G1CollectForAllocation", Time since last: 205264875 ns, Reaching safepoint: 153000 ns, Cleanup: 60500 ns, At safepoint: 44331375 ns, Total: 44544875 ns
[2025-06-05T16:29:34.958+0000][2.431s][debug][safepoint   ] Safepoint synchronization initiated using futex wait barrier. (14 threads)
[2025-06-05T16:29:34.958+0000][2.431s][info ][safepoint   ] Safepoint "ICBufferFull", Time since last: 113988917 ns, Reaching safepoint: 130916 ns, Cleanup: 47959 ns, At safepoint: 1875 ns, Total: 180750 ns
[2025-06-05T16:29:34.958+0000][2.431s][debug][safepoint   ] Safepoint synchronization initiated using futex wait barrier. (14 threads)
[2025-06-05T16:29:34.958+0000][2.431s][debug][safepoint   ] ... found polling page loop exception at pc = 0x0000ffff9995f6d0, stub =0x0000ffffa097ef00
[2025-06-05T16:29:34.959+0000][2.432s][info ][safepoint   ] Safepoint "ICBufferFull", Time since last: 224666 ns, Reaching safepoint: 670250 ns, Cleanup: 6167 ns, At safepoint: 10542 ns, Total: 686959 ns
[2025-06-05T16:29:34.965+0000][2.438s][info ][cds,heap    ] initialize_from_archived_subgraph java.lang.Byte$ByteCache 0x000000c0000395f8
[2025-06-05T16:29:34.965+0000][2.438s][info ][cds,heap    ] initialize_from_archived_subgraph java.lang.Short$ShortCache 0x000000c00003fce8
[2025-06-05T16:29:34.980+0000][2.453s][debug][safepoint   ] Safepoint synchronization initiated using futex wait barrier. (14 threads)
[2025-06-05T16:29:34.981+0000][2.454s][info ][gc,start    ] GC(10) Pause Young (Normal) (G1 Evacuation Pause)
[2025-06-05T16:29:34.981+0000][2.454s][info ][gc,task     ] GC(10) Using 2 workers of 2 for evacuation
[2025-06-05T16:29:34.985+0000][2.458s][info ][gc,phases   ] GC(10)   Pre Evacuate Collection Set: 0.1ms
[2025-06-05T16:29:34.985+0000][2.458s][info ][gc,phases   ] GC(10)   Merge Heap Roots: 0.1ms
[2025-06-05T16:29:34.985+0000][2.458s][info ][gc,phases   ] GC(10)   Evacuate Collection Set: 3.0ms
[2025-06-05T16:29:34.985+0000][2.458s][info ][gc,phases   ] GC(10)   Post Evacuate Collection Set: 0.5ms
[2025-06-05T16:29:34.985+0000][2.458s][info ][gc,phases   ] GC(10)   Other: 0.2ms
[2025-06-05T16:29:34.985+0000][2.458s][info ][gc,heap     ] GC(10) Eden regions: 56->0(55)
[2025-06-05T16:29:34.985+0000][2.458s][info ][gc,heap     ] GC(10) Survivor regions: 3->4(8)
[2025-06-05T16:29:34.985+0000][2.458s][info ][gc,heap     ] GC(10) Old regions: 12->12
[2025-06-05T16:29:34.985+0000][2.458s][info ][gc,heap     ] GC(10) Archive regions: 2->2
[2025-06-05T16:29:34.985+0000][2.458s][info ][gc,heap     ] GC(10) Humongous regions: 0->0
[2025-06-05T16:29:34.985+0000][2.458s][info ][gc,metaspace] GC(10) Metaspace: 16243K(16576K)->16243K(16576K) NonClass: 14034K(14208K)->14034K(14208K) Class: 2208K(2368K)->2208K(2368K)
[2025-06-05T16:29:34.985+0000][2.458s][info ][gc          ] GC(10) Pause Young (Normal) (G1 Evacuation Pause) 71M->16M(99M) 4.482ms
[2025-06-05T16:29:34.985+0000][2.458s][info ][gc,cpu      ] GC(10) User=0.00s Sys=0.00s Real=0.00s
[2025-06-05T16:29:34.985+0000][2.459s][info ][safepoint   ] Safepoint "G1CollectForAllocation", Time since last: 21492041 ns, Reaching safepoint: 405209 ns, Cleanup: 29416 ns, At safepoint: 4624459 ns, Total: 5059084 ns
[2025-06-05T16:29:35.157+0000][2.631s][debug][safepoint   ] ... found polling page loop exception at pc = 0x0000ffffa10506c8, stub =0x0000ffffa097ef00
[2025-06-05T16:29:35.163+0000][2.637s][debug][safepoint   ] Safepoint synchronization initiated using futex wait barrier. (14 threads)
[2025-06-05T16:29:35.165+0000][2.638s][info ][gc,start    ] GC(11) Pause Young (Normal) (G1 Evacuation Pause)
[2025-06-05T16:29:35.165+0000][2.638s][info ][gc,task     ] GC(11) Using 2 workers of 2 for evacuation
[2025-06-05T16:29:35.172+0000][2.645s][info ][gc,phases   ] GC(11)   Pre Evacuate Collection Set: 0.1ms
[2025-06-05T16:29:35.172+0000][2.645s][info ][gc,phases   ] GC(11)   Merge Heap Roots: 0.1ms
[2025-06-05T16:29:35.172+0000][2.645s][info ][gc,phases   ] GC(11)   Evacuate Collection Set: 5.1ms
[2025-06-05T16:29:35.172+0000][2.645s][info ][gc,phases   ] GC(11)   Post Evacuate Collection Set: 0.6ms
[2025-06-05T16:29:35.172+0000][2.645s][info ][gc,phases   ] GC(11)   Other: 0.7ms
[2025-06-05T16:29:35.172+0000][2.645s][info ][gc,heap     ] GC(11) Eden regions: 55->0(52)
[2025-06-05T16:29:35.172+0000][2.645s][info ][gc,heap     ] GC(11) Survivor regions: 4->7(8)
[2025-06-05T16:29:35.172+0000][2.645s][info ][gc,heap     ] GC(11) Old regions: 12->12
[2025-06-05T16:29:35.172+0000][2.645s][info ][gc,heap     ] GC(11) Archive regions: 2->2
[2025-06-05T16:29:35.172+0000][2.645s][info ][gc,heap     ] GC(11) Humongous regions: 0->0
[2025-06-05T16:29:35.172+0000][2.646s][info ][gc,metaspace] GC(11) Metaspace: 17352K(17664K)->17352K(17664K) NonClass: 14995K(15168K)->14995K(15168K) Class: 2356K(2496K)->2356K(2496K)
[2025-06-05T16:29:35.172+0000][2.646s][info ][gc          ] GC(11) Pause Young (Normal) (G1 Evacuation Pause) 71M->19M(99M) 7.188ms
[2025-06-05T16:29:35.172+0000][2.646s][info ][gc,cpu      ] GC(11) User=0.01s Sys=0.00s Real=0.01s
[2025-06-05T16:29:35.172+0000][2.646s][info ][safepoint   ] Safepoint "G1CollectForAllocation", Time since last: 178163542 ns, Reaching safepoint: 1604791 ns, Cleanup: 56709 ns, At safepoint: 7313666 ns, Total: 8975166 ns
[2025-06-05T16:29:35.446+0000][2.919s][debug][safepoint   ] Safepoint synchronization initiated using futex wait barrier. (14 threads)
[2025-06-05T16:29:35.446+0000][2.920s][info ][safepoint   ] Safepoint "G1CollectForAllocation", Time since last: 273762750 ns, Reaching safepoint: 146042 ns, Cleanup: 55167 ns, At safepoint: 13208 ns, Total: 214417 ns
[2025-06-05T16:29:35.446+0000][2.920s][debug][safepoint   ] Safepoint synchronization initiated using futex wait barrier. (14 threads)
[2025-06-05T16:29:35.447+0000][2.920s][info ][gc,start    ] GC(12) Pause Young (Normal) (GCLocker Initiated GC)
[2025-06-05T16:29:35.447+0000][2.920s][info ][gc,task     ] GC(12) Using 2 workers of 2 for evacuation
[2025-06-05T16:29:35.454+0000][2.928s][info ][gc,phases   ] GC(12)   Pre Evacuate Collection Set: 0.1ms
[2025-06-05T16:29:35.455+0000][2.928s][info ][gc,phases   ] GC(12)   Merge Heap Roots: 0.1ms
[2025-06-05T16:29:35.455+0000][2.928s][info ][gc,phases   ] GC(12)   Evacuate Collection Set: 7.1ms
[2025-06-05T16:29:35.455+0000][2.928s][info ][gc,phases   ] GC(12)   Post Evacuate Collection Set: 0.5ms
[2025-06-05T16:29:35.455+0000][2.928s][info ][gc,phases   ] GC(12)   Other: 0.2ms
[2025-06-05T16:29:35.455+0000][2.928s][info ][gc,heap     ] GC(12) Eden regions: 52->0(54)
[2025-06-05T16:29:35.455+0000][2.928s][info ][gc,heap     ] GC(12) Survivor regions: 7->5(8)
[2025-06-05T16:29:35.455+0000][2.928s][info ][gc,heap     ] GC(12) Old regions: 12->15
[2025-06-05T16:29:35.455+0000][2.928s][info ][gc,heap     ] GC(12) Archive regions: 2->2
[2025-06-05T16:29:35.455+0000][2.928s][info ][gc,heap     ] GC(12) Humongous regions: 0->0
[2025-06-05T16:29:35.455+0000][2.928s][info ][gc,metaspace] GC(12) Metaspace: 20778K(21184K)->20778K(21184K) NonClass: 18079K(18304K)->18079K(18304K) Class: 2698K(2880K)->2698K(2880K)
[2025-06-05T16:29:35.455+0000][2.928s][info ][gc          ] GC(12) Pause Young (Normal) (GCLocker Initiated GC) 71M->20M(99M) 8.364ms
[2025-06-05T16:29:35.455+0000][2.928s][info ][gc,cpu      ] GC(12) User=0.01s Sys=0.00s Real=0.01s
[2025-06-05T16:29:35.455+0000][2.928s][info ][safepoint   ] Safepoint "G1CollectForAllocation", Time since last: 119833 ns, Reaching safepoint: 56542 ns, Cleanup: 1250 ns, At safepoint: 8462125 ns, Total: 8519917 ns
[2025-06-05T16:29:35.466+0000][2.939s][debug][safepoint   ] Safepoint synchronization initiated using futex wait barrier. (14 threads)
[2025-06-05T16:29:35.466+0000][2.939s][info ][gc,start    ] GC(13) Pause Young (Concurrent Start) (Metadata GC Threshold)
[2025-06-05T16:29:35.466+0000][2.939s][info ][gc,task     ] GC(13) Using 2 workers of 2 for evacuation
[2025-06-05T16:29:35.471+0000][2.944s][info ][gc,phases   ] GC(13)   Pre Evacuate Collection Set: 0.1ms
[2025-06-05T16:29:35.471+0000][2.944s][info ][gc,phases   ] GC(13)   Merge Heap Roots: 0.0ms
[2025-06-05T16:29:35.471+0000][2.944s][info ][gc,phases   ] GC(13)   Evacuate Collection Set: 3.1ms
[2025-06-05T16:29:35.471+0000][2.944s][info ][gc,phases   ] GC(13)   Post Evacuate Collection Set: 1.2ms
[2025-06-05T16:29:35.471+0000][2.944s][info ][gc,phases   ] GC(13)   Other: 0.3ms
[2025-06-05T16:29:35.471+0000][2.944s][info ][gc,heap     ] GC(13) Eden regions: 5->0(92)
[2025-06-05T16:29:35.471+0000][2.944s][info ][gc,heap     ] GC(13) Survivor regions: 5->5(8)
[2025-06-05T16:29:35.471+0000][2.944s][info ][gc,heap     ] GC(13) Old regions: 15->16
[2025-06-05T16:29:35.471+0000][2.944s][info ][gc,heap     ] GC(13) Archive regions: 2->2
[2025-06-05T16:29:35.471+0000][2.944s][info ][gc,heap     ] GC(13) Humongous regions: 0->0
[2025-06-05T16:29:35.471+0000][2.944s][info ][gc,metaspace] GC(13) Metaspace: 21145K(21504K)->21145K(21504K) NonClass: 18395K(18560K)->18395K(18560K) Class: 2750K(2944K)->2750K(2944K)
[2025-06-05T16:29:35.471+0000][2.944s][info ][gc          ] GC(13) Pause Young (Concurrent Start) (Metadata GC Threshold) 25M->20M(163M) 5.057ms
[2025-06-05T16:29:35.471+0000][2.944s][info ][gc,cpu      ] GC(13) User=0.01s Sys=0.00s Real=0.01s
[2025-06-05T16:29:35.471+0000][2.945s][info ][safepoint   ] Safepoint "CollectForMetadataAllocation", Time since last: 10918667 ns, Reaching safepoint: 123583 ns, Cleanup: 13958 ns, At safepoint: 5183459 ns, Total: 5321000 ns
[2025-06-05T16:29:35.471+0000][2.945s][info ][gc          ] GC(14) Concurrent Mark Cycle
[2025-06-05T16:29:35.473+0000][2.946s][info ][gc,marking  ] GC(14) Concurrent Clear Claimed Marks
[2025-06-05T16:29:35.473+0000][2.946s][info ][gc,marking  ] GC(14) Concurrent Clear Claimed Marks 0.501ms
[2025-06-05T16:29:35.475+0000][2.948s][info ][gc,marking  ] GC(14) Concurrent Scan Root Regions
[2025-06-05T16:29:35.482+0000][2.955s][info ][gc,marking  ] GC(14) Concurrent Scan Root Regions 6.659ms
[2025-06-05T16:29:35.482+0000][2.956s][info ][gc,marking  ] GC(14) Concurrent Mark
[2025-06-05T16:29:35.483+0000][2.956s][info ][gc,marking  ] GC(14) Concurrent Mark From Roots
[2025-06-05T16:29:35.483+0000][2.956s][info ][gc,task     ] GC(14) Using 1 workers of 1 for marking
[2025-06-05T16:29:35.540+0000][3.014s][debug][safepoint   ] Safepoint synchronization initiated using futex wait barrier. (14 threads)
[2025-06-05T16:29:35.541+0000][3.014s][info ][safepoint   ] Safepoint "CollectForMetadataAllocation", Time since last: 69153666 ns, Reaching safepoint: 207542 ns, Cleanup: 14708 ns, At safepoint: 25792 ns, Total: 248042 ns
[2025-06-05T16:29:35.545+0000][3.019s][info ][gc,marking  ] GC(14) Concurrent Mark From Roots 62.826ms
[2025-06-05T16:29:35.549+0000][3.022s][info ][gc,marking  ] GC(14) Concurrent Preclean
[2025-06-05T16:29:35.549+0000][3.023s][info ][gc,marking  ] GC(14) Concurrent Preclean 0.568ms
[2025-06-05T16:29:35.550+0000][3.023s][debug][safepoint   ] Safepoint synchronization initiated using futex wait barrier. (14 threads)
[2025-06-05T16:29:35.552+0000][3.025s][info ][gc,start    ] GC(14) Pause Remark
[2025-06-05T16:29:35.556+0000][3.029s][info ][gc          ] GC(14) Pause Remark 29M->29M(107M) 3.977ms
[2025-06-05T16:29:35.556+0000][3.029s][info ][gc,cpu      ] GC(14) User=0.01s Sys=0.00s Real=0.00s
[2025-06-05T16:29:35.556+0000][3.029s][info ][safepoint   ] Safepoint "G1PauseRemark", Time since last: 9181083 ns, Reaching safepoint: 1963792 ns, Cleanup: 11208 ns, At safepoint: 4209334 ns, Total: 6184334 ns
[2025-06-05T16:29:35.556+0000][3.030s][info ][gc,marking  ] GC(14) Concurrent Mark 74.059ms
[2025-06-05T16:29:35.557+0000][3.030s][info ][gc,marking  ] GC(14) Concurrent Rebuild Remembered Sets
[2025-06-05T16:29:35.570+0000][3.043s][info ][gc,marking  ] GC(14) Concurrent Rebuild Remembered Sets 12.970ms
[2025-06-05T16:29:35.571+0000][3.044s][debug][safepoint   ] Safepoint synchronization initiated using futex wait barrier. (14 threads)
[2025-06-05T16:29:35.572+0000][3.045s][info ][gc,start    ] GC(14) Pause Cleanup
[2025-06-05T16:29:35.572+0000][3.045s][info ][gc          ] GC(14) Pause Cleanup 34M->34M(107M) 0.138ms
[2025-06-05T16:29:35.572+0000][3.045s][info ][gc,cpu      ] GC(14) User=0.00s Sys=0.00s Real=0.00s
[2025-06-05T16:29:35.572+0000][3.045s][info ][safepoint   ] Safepoint "G1PauseCleanup", Time since last: 14753541 ns, Reaching safepoint: 816750 ns, Cleanup: 10125 ns, At safepoint: 242375 ns, Total: 1069250 ns
[2025-06-05T16:29:35.572+0000][3.045s][info ][gc,marking  ] GC(14) Concurrent Cleanup for Next Mark
[2025-06-05T16:29:35.576+0000][3.050s][info ][gc,marking  ] GC(14) Concurrent Cleanup for Next Mark 4.441ms
[2025-06-05T16:29:35.577+0000][3.050s][info ][gc          ] GC(14) Concurrent Mark Cycle 105.500ms
[2025-06-05T16:29:35.785+0000][3.259s][debug][safepoint   ] Safepoint synchronization initiated using futex wait barrier. (14 threads)
[2025-06-05T16:29:35.787+0000][3.260s][info ][safepoint   ] Safepoint "ICBufferFull", Time since last: 213665084 ns, Reaching safepoint: 1069166 ns, Cleanup: 77459 ns, At safepoint: 7208 ns, Total: 1153833 ns
[2025-06-05T16:29:35.790+0000][3.263s][debug][safepoint   ] Safepoint synchronization initiated using futex wait barrier. (14 threads)
[2025-06-05T16:29:35.791+0000][3.264s][info ][gc,start    ] GC(15) Pause Young (Concurrent Start) (G1 Evacuation Pause)
[2025-06-05T16:29:35.791+0000][3.264s][info ][gc,task     ] GC(15) Using 2 workers of 2 for evacuation
[2025-06-05T16:29:35.836+0000][3.309s][info ][gc,phases   ] GC(15)   Pre Evacuate Collection Set: 0.2ms
[2025-06-05T16:29:35.836+0000][3.310s][info ][gc,phases   ] GC(15)   Merge Heap Roots: 0.1ms
[2025-06-05T16:29:35.836+0000][3.310s][info ][gc,phases   ] GC(15)   Evacuate Collection Set: 43.8ms
[2025-06-05T16:29:35.836+0000][3.310s][info ][gc,phases   ] GC(15)   Post Evacuate Collection Set: 0.9ms
[2025-06-05T16:29:35.836+0000][3.310s][info ][gc,phases   ] GC(15)   Other: 0.2ms
[2025-06-05T16:29:35.836+0000][3.310s][info ][gc,heap     ] GC(15) Eden regions: 59->0(59)
[2025-06-05T16:29:35.836+0000][3.310s][info ][gc,heap     ] GC(15) Survivor regions: 5->5(8)
[2025-06-05T16:29:35.836+0000][3.310s][info ][gc,heap     ] GC(15) Old regions: 16->19
[2025-06-05T16:29:35.837+0000][3.310s][info ][gc,heap     ] GC(15) Archive regions: 2->2
[2025-06-05T16:29:35.837+0000][3.310s][info ][gc,heap     ] GC(15) Humongous regions: 0->0
[2025-06-05T16:29:35.837+0000][3.310s][info ][gc,metaspace] GC(15) Metaspace: 23331K(23680K)->23331K(23680K) NonClass: 20276K(20416K)->20276K(20416K) Class: 3054K(3264K)->3054K(3264K)
[2025-06-05T16:29:35.837+0000][3.310s][info ][gc          ] GC(15) Pause Young (Concurrent Start) (G1 Evacuation Pause) 79M->23M(107M) 45.672ms
[2025-06-05T16:29:35.837+0000][3.310s][info ][gc,cpu      ] GC(15) User=0.02s Sys=0.00s Real=0.04s
[2025-06-05T16:29:35.837+0000][3.310s][info ][gc          ] GC(16) Concurrent Mark Cycle
[2025-06-05T16:29:35.837+0000][3.310s][info ][gc,marking  ] GC(16) Concurrent Clear Claimed Marks
[2025-06-05T16:29:35.837+0000][3.310s][info ][safepoint   ] Safepoint "G1CollectForAllocation", Time since last: 2983250 ns, Reaching safepoint: 1287625 ns, Cleanup: 9708 ns, At safepoint: 45824459 ns, Total: 47121792 ns
[2025-06-05T16:29:35.837+0000][3.310s][info ][gc,marking  ] GC(16) Concurrent Clear Claimed Marks 0.343ms
[2025-06-05T16:29:35.839+0000][3.312s][info ][gc,marking  ] GC(16) Concurrent Scan Root Regions
[2025-06-05T16:29:35.845+0000][3.319s][info ][gc,marking  ] GC(16) Concurrent Scan Root Regions 6.310ms
[2025-06-05T16:29:35.846+0000][3.319s][info ][gc,marking  ] GC(16) Concurrent Mark
[2025-06-05T16:29:35.846+0000][3.319s][info ][gc,marking  ] GC(16) Concurrent Mark From Roots
[2025-06-05T16:29:35.846+0000][3.319s][info ][gc,task     ] GC(16) Using 1 workers of 1 for marking
[2025-06-05T16:29:35.866+0000][3.340s][info ][gc,marking  ] GC(16) Concurrent Mark From Roots 20.537ms
[2025-06-05T16:29:35.867+0000][3.340s][info ][gc,marking  ] GC(16) Concurrent Preclean
[2025-06-05T16:29:35.867+0000][3.340s][info ][gc,marking  ] GC(16) Concurrent Preclean 0.442ms
[2025-06-05T16:29:35.868+0000][3.341s][debug][safepoint   ] Safepoint synchronization initiated using futex wait barrier. (14 threads)
[2025-06-05T16:29:35.871+0000][3.344s][info ][gc,start    ] GC(16) Pause Remark
[2025-06-05T16:29:35.874+0000][3.347s][info ][gc          ] GC(16) Pause Remark 33M->33M(107M) 2.850ms
[2025-06-05T16:29:35.874+0000][3.347s][info ][gc,cpu      ] GC(16) User=0.01s Sys=0.00s Real=0.00s
[2025-06-05T16:29:35.874+0000][3.347s][info ][safepoint   ] Safepoint "G1PauseRemark", Time since last: 31081792 ns, Reaching safepoint: 3183208 ns, Cleanup: 40000 ns, At safepoint: 3027708 ns, Total: 6250916 ns
[2025-06-05T16:29:35.875+0000][3.348s][info ][gc,marking  ] GC(16) Concurrent Mark 28.838ms
[2025-06-05T16:29:35.879+0000][3.353s][info ][gc,marking  ] GC(16) Concurrent Rebuild Remembered Sets
[2025-06-05T16:29:35.947+0000][3.421s][info ][gc,marking  ] GC(16) Concurrent Rebuild Remembered Sets 67.944ms
[2025-06-05T16:29:35.949+0000][3.422s][debug][safepoint   ] Safepoint synchronization initiated using futex wait barrier. (14 threads)
[2025-06-05T16:29:35.949+0000][3.422s][debug][safepoint   ] ... found polling page loop exception at pc = 0x0000ffffa0fe78a0, stub =0x0000ffffa097ef00
[2025-06-05T16:29:35.950+0000][3.423s][info ][gc,start    ] GC(16) Pause Cleanup
[2025-06-05T16:29:35.950+0000][3.423s][info ][gc          ] GC(16) Pause Cleanup 39M->39M(107M) 0.158ms
[2025-06-05T16:29:35.950+0000][3.423s][info ][gc,cpu      ] GC(16) User=0.00s Sys=0.00s Real=0.00s
[2025-06-05T16:29:35.950+0000][3.423s][info ][safepoint   ] Safepoint "G1PauseCleanup", Time since last: 74603209 ns, Reaching safepoint: 1133875 ns, Cleanup: 27541 ns, At safepoint: 256917 ns, Total: 1418333 ns
[2025-06-05T16:29:35.952+0000][3.425s][info ][gc,marking  ] GC(16) Concurrent Cleanup for Next Mark
[2025-06-05T16:29:35.954+0000][3.428s][info ][gc,marking  ] GC(16) Concurrent Cleanup for Next Mark 2.666ms
[2025-06-05T16:29:35.955+0000][3.428s][info ][gc          ] GC(16) Concurrent Mark Cycle 117.856ms
[2025-06-05T16:29:36.206+0000][3.679s][debug][safepoint   ] Safepoint synchronization initiated using futex wait barrier. (13 threads)
[2025-06-05T16:29:36.206+0000][3.680s][info ][gc,start    ] GC(17) Pause Young (Normal) (G1 Evacuation Pause)
[2025-06-05T16:29:36.207+0000][3.680s][info ][gc,task     ] GC(17) Using 2 workers of 2 for evacuation
[2025-06-05T16:29:36.229+0000][3.702s][info ][gc,phases   ] GC(17)   Pre Evacuate Collection Set: 0.2ms
[2025-06-05T16:29:36.229+0000][3.703s][info ][gc,phases   ] GC(17)   Merge Heap Roots: 0.2ms
[2025-06-05T16:29:36.229+0000][3.703s][info ][gc,phases   ] GC(17)   Evacuate Collection Set: 20.2ms
[2025-06-05T16:29:36.229+0000][3.703s][info ][gc,phases   ] GC(17)   Post Evacuate Collection Set: 1.3ms
[2025-06-05T16:29:36.229+0000][3.703s][info ][gc,phases   ] GC(17)   Other: 0.6ms
[2025-06-05T16:29:36.229+0000][3.703s][info ][gc,heap     ] GC(17) Eden regions: 59->0(56)
[2025-06-05T16:29:36.229+0000][3.703s][info ][gc,heap     ] GC(17) Survivor regions: 5->8(8)
[2025-06-05T16:29:36.230+0000][3.703s][info ][gc,heap     ] GC(17) Old regions: 19->20
[2025-06-05T16:29:36.230+0000][3.703s][info ][gc,heap     ] GC(17) Archive regions: 2->2
[2025-06-05T16:29:36.230+0000][3.703s][info ][gc,heap     ] GC(17) Humongous regions: 0->0
[2025-06-05T16:29:36.230+0000][3.703s][info ][gc,metaspace] GC(17) Metaspace: 24420K(24832K)->24420K(24832K) NonClass: 21228K(21440K)->21228K(21440K) Class: 3192K(3392K)->3192K(3392K)
[2025-06-05T16:29:36.230+0000][3.703s][info ][gc          ] GC(17) Pause Young (Normal) (G1 Evacuation Pause) 82M->27M(107M) 23.184ms
[2025-06-05T16:29:36.230+0000][3.703s][info ][gc,cpu      ] GC(17) User=0.04s Sys=0.00s Real=0.03s
[2025-06-05T16:29:36.230+0000][3.703s][info ][safepoint   ] Safepoint "G1CollectForAllocation", Time since last: 255736875 ns, Reaching safepoint: 492125 ns, Cleanup: 103875 ns, At safepoint: 23342167 ns, Total: 23938167 ns
[2025-06-05T16:29:36.356+0000][3.829s][debug][safepoint   ] Safepoint synchronization initiated using futex wait barrier. (13 threads)
[2025-06-05T16:29:36.356+0000][3.830s][info ][gc,start    ] GC(18) Pause Young (Normal) (G1 Evacuation Pause)
[2025-06-05T16:29:36.356+0000][3.830s][info ][gc,task     ] GC(18) Using 2 workers of 2 for evacuation
[2025-06-05T16:29:36.382+0000][3.856s][info ][gc,phases   ] GC(18)   Pre Evacuate Collection Set: 0.1ms
[2025-06-05T16:29:36.383+0000][3.856s][info ][gc,phases   ] GC(18)   Merge Heap Roots: 0.1ms
[2025-06-05T16:29:36.383+0000][3.856s][info ][gc,phases   ] GC(18)   Evacuate Collection Set: 23.2ms
[2025-06-05T16:29:36.383+0000][3.856s][info ][gc,phases   ] GC(18)   Post Evacuate Collection Set: 2.3ms
[2025-06-05T16:29:36.383+0000][3.856s][info ][gc,phases   ] GC(18)   Other: 0.3ms
[2025-06-05T16:29:36.383+0000][3.856s][info ][gc,heap     ] GC(18) Eden regions: 56->0(47)
[2025-06-05T16:29:36.383+0000][3.856s][info ][gc,heap     ] GC(18) Survivor regions: 8->8(8)
[2025-06-05T16:29:36.383+0000][3.856s][info ][gc,heap     ] GC(18) Old regions: 20->28
[2025-06-05T16:29:36.383+0000][3.856s][info ][gc,heap     ] GC(18) Archive regions: 2->2
[2025-06-05T16:29:36.383+0000][3.856s][info ][gc,heap     ] GC(18) Humongous regions: 0->0
[2025-06-05T16:29:36.383+0000][3.857s][info ][gc,metaspace] GC(18) Metaspace: 24426K(24832K)->24426K(24832K) NonClass: 21233K(21440K)->21233K(21440K) Class: 3193K(3392K)->3193K(3392K)
[2025-06-05T16:29:36.383+0000][3.857s][info ][gc          ] GC(18) Pause Young (Normal) (G1 Evacuation Pause) 83M->35M(107M) 26.933ms
[2025-06-05T16:29:36.383+0000][3.857s][info ][gc,cpu      ] GC(18) User=0.04s Sys=0.01s Real=0.03s
[2025-06-05T16:29:36.383+0000][3.857s][info ][safepoint   ] Safepoint "G1CollectForAllocation", Time since last: 125963708 ns, Reaching safepoint: 493625 ns, Cleanup: 60208 ns, At safepoint: 27138125 ns, Total: 27691958 ns
[2025-06-05T16:29:36.734+0000][4.207s][debug][safepoint   ] Safepoint synchronization initiated using futex wait barrier. (13 threads)
[2025-06-05T16:29:36.734+0000][4.207s][info ][gc,start    ] GC(19) Pause Young (Normal) (G1 Evacuation Pause)
[2025-06-05T16:29:36.734+0000][4.207s][info ][gc,task     ] GC(19) Using 2 workers of 2 for evacuation
[2025-06-05T16:29:36.747+0000][4.220s][info ][gc,phases   ] GC(19)   Pre Evacuate Collection Set: 0.1ms
[2025-06-05T16:29:36.747+0000][4.220s][info ][gc,phases   ] GC(19)   Merge Heap Roots: 0.1ms
[2025-06-05T16:29:36.747+0000][4.221s][info ][gc,phases   ] GC(19)   Evacuate Collection Set: 11.8ms
[2025-06-05T16:29:36.747+0000][4.221s][info ][gc,phases   ] GC(19)   Post Evacuate Collection Set: 1.0ms
[2025-06-05T16:29:36.747+0000][4.221s][info ][gc,phases   ] GC(19)   Other: 0.2ms
[2025-06-05T16:29:36.747+0000][4.221s][info ][gc,heap     ] GC(19) Eden regions: 47->0(42)
[2025-06-05T16:29:36.747+0000][4.221s][info ][gc,heap     ] GC(19) Survivor regions: 8->6(7)
[2025-06-05T16:29:36.747+0000][4.221s][info ][gc,heap     ] GC(19) Old regions: 28->35
[2025-06-05T16:29:36.747+0000][4.221s][info ][gc,heap     ] GC(19) Archive regions: 2->2
[2025-06-05T16:29:36.747+0000][4.221s][info ][gc,heap     ] GC(19) Humongous regions: 0->0
[2025-06-05T16:29:36.747+0000][4.221s][info ][gc,metaspace] GC(19) Metaspace: 24530K(24896K)->24530K(24896K) NonClass: 21330K(21504K)->21330K(21504K) Class: 3199K(3392K)->3199K(3392K)
[2025-06-05T16:29:36.748+0000][4.221s][info ][gc          ] GC(19) Pause Young (Normal) (G1 Evacuation Pause) 82M->40M(107M) 13.767ms
[2025-06-05T16:29:36.748+0000][4.221s][info ][gc,cpu      ] GC(19) User=0.03s Sys=0.00s Real=0.02s
[2025-06-05T16:29:36.748+0000][4.221s][info ][safepoint   ] Safepoint "G1CollectForAllocation", Time since last: 350111001 ns, Reaching safepoint: 150500 ns, Cleanup: 65166 ns, At safepoint: 13886125 ns, Total: 14101791 ns
[2025-06-05T16:29:36.834+0000][4.307s][debug][safepoint   ] Safepoint synchronization initiated using futex wait barrier. (13 threads)
[2025-06-05T16:29:36.834+0000][4.307s][info ][gc,start    ] GC(20) Pause Young (Normal) (G1 Evacuation Pause)
[2025-06-05T16:29:36.834+0000][4.307s][info ][gc,task     ] GC(20) Using 2 workers of 2 for evacuation
[2025-06-05T16:29:36.842+0000][4.316s][info ][gc,phases   ] GC(20)   Pre Evacuate Collection Set: 0.1ms
[2025-06-05T16:29:36.842+0000][4.316s][info ][gc,phases   ] GC(20)   Merge Heap Roots: 0.0ms
[2025-06-05T16:29:36.843+0000][4.316s][info ][gc,phases   ] GC(20)   Evacuate Collection Set: 7.3ms
[2025-06-05T16:29:36.843+0000][4.316s][info ][gc,phases   ] GC(20)   Post Evacuate Collection Set: 0.9ms
[2025-06-05T16:29:36.843+0000][4.316s][info ][gc,phases   ] GC(20)   Other: 0.2ms
[2025-06-05T16:29:36.843+0000][4.316s][info ][gc,heap     ] GC(20) Eden regions: 42->0(39)
[2025-06-05T16:29:36.843+0000][4.316s][info ][gc,heap     ] GC(20) Survivor regions: 6->4(6)
[2025-06-05T16:29:36.843+0000][4.316s][info ][gc,heap     ] GC(20) Old regions: 35->41
[2025-06-05T16:29:36.843+0000][4.316s][info ][gc,heap     ] GC(20) Archive regions: 2->2
[2025-06-05T16:29:36.843+0000][4.316s][info ][gc,heap     ] GC(20) Humongous regions: 0->0
[2025-06-05T16:29:36.843+0000][4.316s][info ][gc,metaspace] GC(20) Metaspace: 24676K(25024K)->24676K(25024K) NonClass: 21451K(21632K)->21451K(21632K) Class: 3224K(3392K)->3224K(3392K)
[2025-06-05T16:29:36.843+0000][4.316s][info ][gc          ] GC(20) Pause Young (Normal) (G1 Evacuation Pause) 82M->44M(107M) 9.160ms
[2025-06-05T16:29:36.843+0000][4.316s][info ][gc,cpu      ] GC(20) User=0.01s Sys=0.00s Real=0.01s
[2025-06-05T16:29:36.843+0000][4.316s][info ][safepoint   ] Safepoint "G1CollectForAllocation", Time since last: 86064417 ns, Reaching safepoint: 127375 ns, Cleanup: 44417 ns, At safepoint: 9290833 ns, Total: 9462625 ns
[2025-06-05T16:29:36.969+0000][4.443s][debug][safepoint   ] Safepoint synchronization initiated using futex wait barrier. (13 threads)
[2025-06-05T16:29:36.969+0000][4.443s][info ][gc,start    ] GC(21) Pause Young (Normal) (G1 Evacuation Pause)
[2025-06-05T16:29:36.969+0000][4.443s][info ][gc,task     ] GC(21) Using 2 workers of 2 for evacuation
[2025-06-05T16:29:36.976+0000][4.449s][info ][gc,phases   ] GC(21)   Pre Evacuate Collection Set: 0.1ms
[2025-06-05T16:29:36.976+0000][4.450s][info ][gc,phases   ] GC(21)   Merge Heap Roots: 0.1ms
[2025-06-05T16:29:36.976+0000][4.450s][info ][gc,phases   ] GC(21)   Evacuate Collection Set: 4.7ms
[2025-06-05T16:29:36.976+0000][4.450s][info ][gc,phases   ] GC(21)   Post Evacuate Collection Set: 1.9ms
[2025-06-05T16:29:36.976+0000][4.450s][info ][gc,phases   ] GC(21)   Other: 0.1ms
[2025-06-05T16:29:36.976+0000][4.450s][info ][gc,heap     ] GC(21) Eden regions: 39->0(114)
[2025-06-05T16:29:36.976+0000][4.450s][info ][gc,heap     ] GC(21) Survivor regions: 4->4(6)
[2025-06-05T16:29:36.976+0000][4.450s][info ][gc,heap     ] GC(21) Old regions: 41->45
[2025-06-05T16:29:36.976+0000][4.450s][info ][gc,heap     ] GC(21) Archive regions: 2->2
[2025-06-05T16:29:36.976+0000][4.450s][info ][gc,heap     ] GC(21) Humongous regions: 0->0
[2025-06-05T16:29:36.977+0000][4.450s][info ][gc,metaspace] GC(21) Metaspace: 24914K(25280K)->24914K(25280K) NonClass: 21656K(21824K)->21656K(21824K) Class: 3257K(3456K)->3257K(3456K)
[2025-06-05T16:29:36.977+0000][4.450s][info ][gc          ] GC(21) Pause Young (Normal) (G1 Evacuation Pause) 83M->48M(213M) 7.182ms
[2025-06-05T16:29:36.977+0000][4.450s][info ][gc,cpu      ] GC(21) User=0.02s Sys=0.00s Real=0.00s
[2025-06-05T16:29:36.977+0000][4.450s][info ][safepoint   ] Safepoint "G1CollectForAllocation", Time since last: 126050333 ns, Reaching safepoint: 100667 ns, Cleanup: 51958 ns, At safepoint: 7267000 ns, Total: 7419625 ns
[2025-06-05T16:29:37.006+0000][4.480s][debug][safepoint   ] Safepoint synchronization initiated using futex wait barrier. (13 threads)
[2025-06-05T16:29:37.007+0000][4.480s][info ][safepoint   ] Safepoint "ICBufferFull", Time since last: 29758209 ns, Reaching safepoint: 144791 ns, Cleanup: 47750 ns, At safepoint: 1625 ns, Total: 194166 ns
[2025-06-05T16:29:37.227+0000][4.700s][debug][safepoint   ] Safepoint synchronization initiated using futex wait barrier. (13 threads)
[2025-06-05T16:29:37.227+0000][4.700s][info ][safepoint   ] Safepoint "ICBufferFull", Time since last: 220224959 ns, Reaching safepoint: 144708 ns, Cleanup: 69500 ns, At safepoint: 2542 ns, Total: 216750 ns
[2025-06-05T16:29:37.296+0000][4.769s][debug][safepoint   ] Safepoint synchronization initiated using futex wait barrier. (13 threads)
[2025-06-05T16:29:37.296+0000][4.769s][info ][safepoint   ] Safepoint "ICBufferFull", Time since last: 68834792 ns, Reaching safepoint: 137083 ns, Cleanup: 77500 ns, At safepoint: 2333 ns, Total: 216916 ns
[2025-06-05T16:29:37.329+0000][4.802s][debug][safepoint   ] Safepoint synchronization initiated using futex wait barrier. (13 threads)
[2025-06-05T16:29:37.329+0000][4.803s][info ][safepoint   ] Safepoint "ICBufferFull", Time since last: 32755334 ns, Reaching safepoint: 248708 ns, Cleanup: 119333 ns, At safepoint: 12167 ns, Total: 380208 ns
[2025-06-05T16:29:37.400+0000][4.873s][debug][safepoint   ] Safepoint synchronization initiated using futex wait barrier. (13 threads)
[2025-06-05T16:29:37.400+0000][4.873s][info ][gc,start    ] GC(22) Pause Young (Normal) (G1 Evacuation Pause)
[2025-06-05T16:29:37.400+0000][4.873s][info ][gc,task     ] GC(22) Using 2 workers of 2 for evacuation
[2025-06-05T16:29:37.408+0000][4.882s][info ][gc,phases   ] GC(22)   Pre Evacuate Collection Set: 0.1ms
[2025-06-05T16:29:37.409+0000][4.882s][info ][gc,phases   ] GC(22)   Merge Heap Roots: 0.1ms
[2025-06-05T16:29:37.409+0000][4.882s][info ][gc,phases   ] GC(22)   Evacuate Collection Set: 7.2ms
[2025-06-05T16:29:37.409+0000][4.882s][info ][gc,phases   ] GC(22)   Post Evacuate Collection Set: 1.0ms
[2025-06-05T16:29:37.409+0000][4.882s][info ][gc,phases   ] GC(22)   Other: 0.2ms
[2025-06-05T16:29:37.409+0000][4.882s][info ][gc,heap     ] GC(22) Eden regions: 114->0(110)
[2025-06-05T16:29:37.409+0000][4.882s][info ][gc,heap     ] GC(22) Survivor regions: 4->9(15)
[2025-06-05T16:29:37.409+0000][4.882s][info ][gc,heap     ] GC(22) Old regions: 45->45
[2025-06-05T16:29:37.409+0000][4.882s][info ][gc,heap     ] GC(22) Archive regions: 2->2
[2025-06-05T16:29:37.409+0000][4.882s][info ][gc,heap     ] GC(22) Humongous regions: 0->0
[2025-06-05T16:29:37.409+0000][4.883s][info ][gc,metaspace] GC(22) Metaspace: 25190K(25536K)->25190K(25536K) NonClass: 21919K(22080K)->21919K(22080K) Class: 3271K(3456K)->3271K(3456K)
[2025-06-05T16:29:37.409+0000][4.883s][info ][gc          ] GC(22) Pause Young (Normal) (G1 Evacuation Pause) 162M->53M(213M) 9.391ms
[2025-06-05T16:29:37.409+0000][4.883s][info ][gc,cpu      ] GC(22) User=0.03s Sys=0.00s Real=0.01s
[2025-06-05T16:29:37.409+0000][4.883s][info ][safepoint   ] Safepoint "G1CollectForAllocation", Time since last: 70506042 ns, Reaching safepoint: 115000 ns, Cleanup: 34208 ns, At safepoint: 9531000 ns, Total: 9680208 ns
[2025-06-05T16:29:37.553+0000][5.027s][debug][safepoint   ] Safepoint synchronization initiated using futex wait barrier. (13 threads)
[2025-06-05T16:29:37.553+0000][5.027s][info ][safepoint   ] Safepoint "ICBufferFull", Time since last: 143808667 ns, Reaching safepoint: 139583 ns, Cleanup: 62958 ns, At safepoint: 1709 ns, Total: 204250 ns
[2025-06-05T16:29:37.616+0000][5.089s][debug][safepoint   ] Safepoint synchronization initiated using futex wait barrier. (14 threads)
[2025-06-05T16:29:37.617+0000][5.090s][info ][gc,start    ] GC(23) Pause Young (Normal) (G1 Evacuation Pause)
[2025-06-05T16:29:37.617+0000][5.090s][info ][gc,task     ] GC(23) Using 2 workers of 2 for evacuation
[2025-06-05T16:29:37.645+0000][5.118s][info ][gc,phases   ] GC(23)   Pre Evacuate Collection Set: 0.1ms
[2025-06-05T16:29:37.645+0000][5.118s][info ][gc,phases   ] GC(23)   Merge Heap Roots: 0.1ms
[2025-06-05T16:29:37.645+0000][5.119s][info ][gc,phases   ] GC(23)   Evacuate Collection Set: 27.2ms
[2025-06-05T16:29:37.645+0000][5.119s][info ][gc,phases   ] GC(23)   Post Evacuate Collection Set: 0.8ms
[2025-06-05T16:29:37.645+0000][5.119s][info ][gc,phases   ] GC(23)   Other: 0.2ms
[2025-06-05T16:29:37.645+0000][5.119s][info ][gc,heap     ] GC(23) Eden regions: 110->0(111)
[2025-06-05T16:29:37.645+0000][5.119s][info ][gc,heap     ] GC(23) Survivor regions: 9->8(15)
[2025-06-05T16:29:37.646+0000][5.119s][info ][gc,heap     ] GC(23) Old regions: 45->49
[2025-06-05T16:29:37.646+0000][5.119s][info ][gc,heap     ] GC(23) Archive regions: 2->2
[2025-06-05T16:29:37.646+0000][5.119s][info ][gc,heap     ] GC(23) Humongous regions: 0->0
[2025-06-05T16:29:37.646+0000][5.119s][info ][gc,metaspace] GC(23) Metaspace: 26177K(26560K)->26177K(26560K) NonClass: 22834K(23040K)->22834K(23040K) Class: 3343K(3520K)->3343K(3520K)
[2025-06-05T16:29:37.646+0000][5.119s][info ][gc          ] GC(23) Pause Young (Normal) (G1 Evacuation Pause) 163M->56M(213M) 29.213ms
[2025-06-05T16:29:37.646+0000][5.119s][info ][gc,cpu      ] GC(23) User=0.03s Sys=0.00s Real=0.03s
[2025-06-05T16:29:37.646+0000][5.119s][info ][safepoint   ] Safepoint "G1CollectForAllocation", Time since last: 62271500 ns, Reaching safepoint: 864125 ns, Cleanup: 61250 ns, At safepoint: 29357375 ns, Total: 30282750 ns
[2025-06-05T16:29:37.774+0000][5.248s][debug][safepoint   ] Safepoint synchronization initiated using futex wait barrier. (14 threads)
[2025-06-05T16:29:37.774+0000][5.248s][info ][gc,start    ] GC(24) Pause Young (Normal) (G1 Evacuation Pause)
[2025-06-05T16:29:37.774+0000][5.248s][info ][gc,task     ] GC(24) Using 2 workers of 2 for evacuation
[2025-06-05T16:29:37.781+0000][5.254s][info ][gc,phases   ] GC(24)   Pre Evacuate Collection Set: 0.1ms
[2025-06-05T16:29:37.781+0000][5.254s][info ][gc,phases   ] GC(24)   Merge Heap Roots: 0.1ms
[2025-06-05T16:29:37.781+0000][5.254s][info ][gc,phases   ] GC(24)   Evacuate Collection Set: 5.1ms
[2025-06-05T16:29:37.781+0000][5.254s][info ][gc,phases   ] GC(24)   Post Evacuate Collection Set: 0.9ms
[2025-06-05T16:29:37.781+0000][5.254s][info ][gc,phases   ] GC(24)   Other: 0.2ms
[2025-06-05T16:29:37.781+0000][5.254s][info ][gc,heap     ] GC(24) Eden regions: 111->0(115)
[2025-06-05T16:29:37.781+0000][5.254s][info ][gc,heap     ] GC(24) Survivor regions: 8->5(15)
[2025-06-05T16:29:37.781+0000][5.254s][info ][gc,heap     ] GC(24) Old regions: 49->53
[2025-06-05T16:29:37.781+0000][5.254s][info ][gc,heap     ] GC(24) Archive regions: 2->2
[2025-06-05T16:29:37.781+0000][5.255s][info ][gc,heap     ] GC(24) Humongous regions: 0->0
[2025-06-05T16:29:37.781+0000][5.255s][info ][gc,metaspace] GC(24) Metaspace: 26910K(27264K)->26910K(27264K) NonClass: 23500K(23680K)->23500K(23680K) Class: 3409K(3584K)->3409K(3584K)
[2025-06-05T16:29:37.781+0000][5.255s][info ][gc          ] GC(24) Pause Young (Normal) (G1 Evacuation Pause) 167M->57M(213M) 6.923ms
[2025-06-05T16:29:37.781+0000][5.255s][info ][gc,cpu      ] GC(24) User=0.01s Sys=0.00s Real=0.01s
[2025-06-05T16:29:37.781+0000][5.255s][info ][safepoint   ] Safepoint "G1CollectForAllocation", Time since last: 128247500 ns, Reaching safepoint: 177375 ns, Cleanup: 4458 ns, At safepoint: 7057417 ns, Total: 7239250 ns
[2025-06-05T16:29:38.078+0000][5.551s][debug][safepoint   ] Safepoint synchronization initiated using futex wait barrier. (13 threads)
[2025-06-05T16:29:38.078+0000][5.552s][info ][safepoint   ] Safepoint "ICBufferFull", Time since last: 296697500 ns, Reaching safepoint: 136958 ns, Cleanup: 68709 ns, At safepoint: 1666 ns, Total: 207333 ns
[2025-06-05T16:29:38.111+0000][5.584s][debug][safepoint   ] Safepoint synchronization initiated using futex wait barrier. (13 threads)
[2025-06-05T16:29:38.111+0000][5.584s][info ][gc,start    ] GC(25) Pause Young (Normal) (G1 Evacuation Pause)
[2025-06-05T16:29:38.111+0000][5.584s][info ][gc,task     ] GC(25) Using 2 workers of 2 for evacuation
[2025-06-05T16:29:38.116+0000][5.589s][info ][gc,phases   ] GC(25)   Pre Evacuate Collection Set: 0.1ms
[2025-06-05T16:29:38.116+0000][5.590s][info ][gc,phases   ] GC(25)   Merge Heap Roots: 0.1ms
[2025-06-05T16:29:38.116+0000][5.590s][info ][gc,phases   ] GC(25)   Evacuate Collection Set: 4.0ms
[2025-06-05T16:29:38.116+0000][5.590s][info ][gc,phases   ] GC(25)   Post Evacuate Collection Set: 0.8ms
[2025-06-05T16:29:38.116+0000][5.590s][info ][gc,phases   ] GC(25)   Other: 0.1ms
[2025-06-05T16:29:38.116+0000][5.590s][info ][gc,heap     ] GC(25) Eden regions: 115->0(117)
[2025-06-05T16:29:38.116+0000][5.590s][info ][gc,heap     ] GC(25) Survivor regions: 5->6(15)
[2025-06-05T16:29:38.117+0000][5.590s][info ][gc,heap     ] GC(25) Old regions: 53->53
[2025-06-05T16:29:38.117+0000][5.590s][info ][gc,heap     ] GC(25) Archive regions: 2->2
[2025-06-05T16:29:38.117+0000][5.590s][info ][gc,heap     ] GC(25) Humongous regions: 0->0
[2025-06-05T16:29:38.117+0000][5.590s][info ][gc,metaspace] GC(25) Metaspace: 33424K(33856K)->33424K(33856K) NonClass: 29325K(29568K)->29325K(29568K) Class: 4099K(4288K)->4099K(4288K)
[2025-06-05T16:29:38.117+0000][5.590s][info ][gc          ] GC(25) Pause Young (Normal) (G1 Evacuation Pause) 172M->58M(213M) 5.776ms
[2025-06-05T16:29:38.117+0000][5.590s][info ][gc,cpu      ] GC(25) User=0.01s Sys=0.00s Real=0.00s
[2025-06-05T16:29:38.117+0000][5.590s][info ][safepoint   ] Safepoint "G1CollectForAllocation", Time since last: 32438250 ns, Reaching safepoint: 107209 ns, Cleanup: 8208 ns, At safepoint: 5888750 ns, Total: 6004167 ns
[2025-06-05T16:29:38.169+0000][5.643s][debug][safepoint   ] Safepoint synchronization initiated using futex wait barrier. (13 threads)
[2025-06-05T16:29:38.169+0000][5.643s][info ][safepoint   ] Safepoint "ICBufferFull", Time since last: 52406208 ns, Reaching safepoint: 124375 ns, Cleanup: 65292 ns, At safepoint: 1417 ns, Total: 191084 ns
[2025-06-05T16:29:38.392+0000][5.865s][debug][safepoint   ] Safepoint synchronization initiated using futex wait barrier. (13 threads)
[2025-06-05T16:29:38.392+0000][5.865s][info ][safepoint   ] Safepoint "ICBufferFull", Time since last: 222360125 ns, Reaching safepoint: 159875 ns, Cleanup: 89333 ns, At safepoint: 2083 ns, Total: 251291 ns
[2025-06-05T16:29:38.403+0000][5.877s][debug][safepoint   ] Safepoint synchronization initiated using futex wait barrier. (13 threads)
[2025-06-05T16:29:38.405+0000][5.878s][info ][gc,start    ] GC(26) Pause Young (Normal) (G1 Evacuation Pause)
[2025-06-05T16:29:38.405+0000][5.878s][info ][gc,task     ] GC(26) Using 2 workers of 2 for evacuation
[2025-06-05T16:29:38.412+0000][5.885s][info ][gc,phases   ] GC(26)   Pre Evacuate Collection Set: 0.1ms
[2025-06-05T16:29:38.412+0000][5.885s][info ][gc,phases   ] GC(26)   Merge Heap Roots: 0.1ms
[2025-06-05T16:29:38.412+0000][5.885s][info ][gc,phases   ] GC(26)   Evacuate Collection Set: 5.5ms
[2025-06-05T16:29:38.412+0000][5.885s][info ][gc,phases   ] GC(26)   Post Evacuate Collection Set: 0.9ms
[2025-06-05T16:29:38.412+0000][5.885s][info ][gc,phases   ] GC(26)   Other: 0.2ms
[2025-06-05T16:29:38.412+0000][5.885s][info ][gc,heap     ] GC(26) Eden regions: 117->0(117)
[2025-06-05T16:29:38.412+0000][5.886s][info ][gc,heap     ] GC(26) Survivor regions: 6->8(16)
[2025-06-05T16:29:38.412+0000][5.886s][info ][gc,heap     ] GC(26) Old regions: 53->53
[2025-06-05T16:29:38.412+0000][5.886s][info ][gc,heap     ] GC(26) Archive regions: 2->2
[2025-06-05T16:29:38.412+0000][5.886s][info ][gc,heap     ] GC(26) Humongous regions: 0->0
[2025-06-05T16:29:38.412+0000][5.886s][info ][gc,metaspace] GC(26) Metaspace: 34766K(35200K)->34766K(35200K) NonClass: 30486K(30720K)->30486K(30720K) Class: 4280K(4480K)->4280K(4480K)
[2025-06-05T16:29:38.412+0000][5.886s][info ][gc          ] GC(26) Pause Young (Normal) (G1 Evacuation Pause) 175M->60M(213M) 7.366ms
[2025-06-05T16:29:38.412+0000][5.886s][info ][gc,cpu      ] GC(26) User=0.02s Sys=0.00s Real=0.01s
[2025-06-05T16:29:38.413+0000][5.886s][info ][safepoint   ] Safepoint "G1CollectForAllocation", Time since last: 11377042 ns, Reaching safepoint: 1632208 ns, Cleanup: 9125 ns, At safepoint: 7517125 ns, Total: 9158458 ns
[2025-06-05T16:29:38.414+0000][5.887s][debug][safepoint   ] ... found polling page loop exception at pc = 0x0000ffffa10fe148, stub =0x0000ffffa097ef00
[2025-06-05T16:29:38.434+0000][5.907s][debug][safepoint   ] Safepoint synchronization initiated using futex wait barrier. (13 threads)
[2025-06-05T16:29:38.436+0000][5.909s][info ][safepoint   ] Safepoint "ICBufferFull", Time since last: 20349250 ns, Reaching safepoint: 2785750 ns, Cleanup: 80459 ns, At safepoint: 11291 ns, Total: 2877500 ns
[2025-06-05T16:29:38.436+0000][5.909s][debug][safepoint   ] Safepoint synchronization initiated using futex wait barrier. (13 threads)
[2025-06-05T16:29:38.437+0000][5.910s][info ][safepoint   ] Safepoint "ICBufferFull", Time since last: 171125 ns, Reaching safepoint: 623375 ns, Cleanup: 5959 ns, At safepoint: 8291 ns, Total: 637625 ns
[2025-06-05T16:29:38.556+0000][6.029s][debug][safepoint   ] Safepoint synchronization initiated using futex wait barrier. (13 threads)
[2025-06-05T16:29:38.556+0000][6.029s][info ][safepoint   ] Safepoint "ICBufferFull", Time since last: 119215542 ns, Reaching safepoint: 138458 ns, Cleanup: 75834 ns, At safepoint: 1541 ns, Total: 215833 ns
[2025-06-05T16:29:39.083+0000][6.557s][debug][safepoint   ] Safepoint synchronization initiated using futex wait barrier. (13 threads)
[2025-06-05T16:29:39.084+0000][6.557s][info ][gc,start    ] GC(27) Pause Young (Normal) (G1 Evacuation Pause)
[2025-06-05T16:29:39.084+0000][6.557s][info ][gc,task     ] GC(27) Using 2 workers of 2 for evacuation
[2025-06-05T16:29:39.097+0000][6.571s][info ][gc,phases   ] GC(27)   Pre Evacuate Collection Set: 0.2ms
[2025-06-05T16:29:39.098+0000][6.571s][info ][gc,phases   ] GC(27)   Merge Heap Roots: 0.2ms
[2025-06-05T16:29:39.098+0000][6.571s][info ][gc,phases   ] GC(27)   Evacuate Collection Set: 11.6ms
[2025-06-05T16:29:39.098+0000][6.571s][info ][gc,phases   ] GC(27)   Post Evacuate Collection Set: 1.5ms
[2025-06-05T16:29:39.098+0000][6.571s][info ][gc,phases   ] GC(27)   Other: 0.3ms
[2025-06-05T16:29:39.098+0000][6.571s][info ][gc,heap     ] GC(27) Eden regions: 117->0(118)
[2025-06-05T16:29:39.098+0000][6.571s][info ][gc,heap     ] GC(27) Survivor regions: 8->8(16)
[2025-06-05T16:29:39.098+0000][6.571s][info ][gc,heap     ] GC(27) Old regions: 53->53
[2025-06-05T16:29:39.098+0000][6.571s][info ][gc,heap     ] GC(27) Archive regions: 2->2
[2025-06-05T16:29:39.098+0000][6.571s][info ][gc,heap     ] GC(27) Humongous regions: 0->0
[2025-06-05T16:29:39.098+0000][6.571s][info ][gc,metaspace] GC(27) Metaspace: 37962K(38400K)->37962K(38400K) NonClass: 33161K(33408K)->33161K(33408K) Class: 4800K(4992K)->4800K(4992K)
[2025-06-05T16:29:39.098+0000][6.571s][info ][gc          ] GC(27) Pause Young (Normal) (G1 Evacuation Pause) 177M->60M(213M) 14.299ms
[2025-06-05T16:29:39.098+0000][6.571s][info ][gc,cpu      ] GC(27) User=0.03s Sys=0.00s Real=0.02s
[2025-06-05T16:29:39.098+0000][6.571s][info ][safepoint   ] Safepoint "G1CollectForAllocation", Time since last: 527413709 ns, Reaching safepoint: 190792 ns, Cleanup: 82083 ns, At safepoint: 14476833 ns, Total: 14749708 ns
[2025-06-05T16:29:39.349+0000][6.823s][debug][safepoint   ] Safepoint synchronization initiated using futex wait barrier. (13 threads)
[2025-06-05T16:29:39.350+0000][6.823s][info ][safepoint   ] Safepoint "ICBufferFull", Time since last: 251108751 ns, Reaching safepoint: 222583 ns, Cleanup: 78375 ns, At safepoint: 6500 ns, Total: 307458 ns
[2025-06-05T16:29:39.398+0000][6.871s][debug][safepoint   ] Safepoint synchronization initiated using futex wait barrier. (13 threads)
[2025-06-05T16:29:39.398+0000][6.871s][info ][gc,start    ] GC(28) Pause Young (Concurrent Start) (Metadata GC Threshold)
[2025-06-05T16:29:39.398+0000][6.871s][info ][gc,task     ] GC(28) Using 2 workers of 2 for evacuation
[2025-06-05T16:29:39.406+0000][6.880s][info ][gc,phases   ] GC(28)   Pre Evacuate Collection Set: 0.2ms
[2025-06-05T16:29:39.407+0000][6.880s][info ][gc,phases   ] GC(28)   Merge Heap Roots: 0.1ms
[2025-06-05T16:29:39.407+0000][6.880s][info ][gc,phases   ] GC(28)   Evacuate Collection Set: 7.0ms
[2025-06-05T16:29:39.407+0000][6.880s][info ][gc,phases   ] GC(28)   Post Evacuate Collection Set: 0.9ms
[2025-06-05T16:29:39.407+0000][6.880s][info ][gc,phases   ] GC(28)   Other: 0.2ms
[2025-06-05T16:29:39.407+0000][6.880s][info ][gc,heap     ] GC(28) Eden regions: 102->0(116)
[2025-06-05T16:29:39.407+0000][6.880s][info ][gc,heap     ] GC(28) Survivor regions: 8->10(16)
[2025-06-05T16:29:39.407+0000][6.880s][info ][gc,heap     ] GC(28) Old regions: 53->53
[2025-06-05T16:29:39.407+0000][6.880s][info ][gc,heap     ] GC(28) Archive regions: 2->2
[2025-06-05T16:29:39.407+0000][6.880s][info ][gc,heap     ] GC(28) Humongous regions: 0->0
[2025-06-05T16:29:39.407+0000][6.880s][info ][gc,metaspace] GC(28) Metaspace: 39657K(40000K)->39657K(40000K) NonClass: 34703K(34880K)->34703K(34880K) Class: 4953K(5120K)->4953K(5120K)
[2025-06-05T16:29:39.407+0000][6.880s][info ][gc          ] GC(28) Pause Young (Concurrent Start) (Metadata GC Threshold) 162M->62M(213M) 9.059ms
[2025-06-05T16:29:39.407+0000][6.880s][info ][gc,cpu      ] GC(28) User=0.01s Sys=0.01s Real=0.00s
[2025-06-05T16:29:39.407+0000][6.881s][info ][safepoint   ] Safepoint "CollectForMetadataAllocation", Time since last: 48239083 ns, Reaching safepoint: 125042 ns, Cleanup: 52333 ns, At safepoint: 9225750 ns, Total: 9403125 ns
[2025-06-05T16:29:39.407+0000][6.881s][info ][gc          ] GC(29) Concurrent Mark Cycle
[2025-06-05T16:29:39.408+0000][6.882s][info ][gc,marking  ] GC(29) Concurrent Clear Claimed Marks
[2025-06-05T16:29:39.412+0000][6.885s][info ][gc,marking  ] GC(29) Concurrent Clear Claimed Marks 3.383ms
[2025-06-05T16:29:39.412+0000][6.885s][info ][gc,marking  ] GC(29) Concurrent Scan Root Regions
[2025-06-05T16:29:39.437+0000][6.910s][info ][gc,marking  ] GC(29) Concurrent Scan Root Regions 25.405ms
[2025-06-05T16:29:39.437+0000][6.911s][info ][gc,marking  ] GC(29) Concurrent Mark
[2025-06-05T16:29:39.437+0000][6.911s][info ][gc,marking  ] GC(29) Concurrent Mark From Roots
[2025-06-05T16:29:39.437+0000][6.911s][info ][gc,task     ] GC(29) Using 1 workers of 1 for marking
[2025-06-05T16:29:39.474+0000][6.947s][debug][safepoint   ] Safepoint synchronization initiated using futex wait barrier. (13 threads)
[2025-06-05T16:29:39.474+0000][6.947s][info ][safepoint   ] Safepoint "CollectForMetadataAllocation", Time since last: 66370584 ns, Reaching safepoint: 163250 ns, Cleanup: 27958 ns, At safepoint: 37625 ns, Total: 228833 ns
[2025-06-05T16:29:39.488+0000][6.962s][info ][gc,marking  ] GC(29) Concurrent Mark From Roots 50.982ms
[2025-06-05T16:29:39.492+0000][6.965s][info ][gc,marking  ] GC(29) Concurrent Preclean
[2025-06-05T16:29:39.492+0000][6.965s][info ][gc,marking  ] GC(29) Concurrent Preclean 0.335ms
[2025-06-05T16:29:39.492+0000][6.965s][debug][safepoint   ] Safepoint synchronization initiated using futex wait barrier. (13 threads)
[2025-06-05T16:29:39.529+0000][7.002s][debug][safepoint   ] ... found polling page loop exception at pc = 0x0000ffffa1022c78, stub =0x0000ffffa097ef00
[2025-06-05T16:29:39.530+0000][7.003s][info ][gc,start    ] GC(29) Pause Remark
[2025-06-05T16:29:39.538+0000][7.011s][info ][gc          ] GC(29) Pause Remark 79M->79M(213M) 8.298ms
[2025-06-05T16:29:39.538+0000][7.011s][info ][gc,cpu      ] GC(29) User=0.02s Sys=0.00s Real=0.01s
[2025-06-05T16:29:39.538+0000][7.012s][info ][safepoint   ] Safepoint "G1PauseRemark", Time since last: 18215542 ns, Reaching safepoint: 37593541 ns, Cleanup: 73459 ns, At safepoint: 8528125 ns, Total: 46195125 ns
[2025-06-05T16:29:39.539+0000][7.013s][info ][gc,marking  ] GC(29) Concurrent Mark 102.147ms
[2025-06-05T16:29:39.543+0000][7.016s][info ][gc,marking  ] GC(29) Concurrent Rebuild Remembered Sets
[2025-06-05T16:29:39.569+0000][7.043s][info ][gc,marking  ] GC(29) Concurrent Rebuild Remembered Sets 26.638ms
[2025-06-05T16:29:39.570+0000][7.043s][debug][safepoint   ] Safepoint synchronization initiated using futex wait barrier. (13 threads)
[2025-06-05T16:29:39.571+0000][7.044s][info ][gc,start    ] GC(29) Pause Cleanup
[2025-06-05T16:29:39.571+0000][7.044s][info ][gc          ] GC(29) Pause Cleanup 88M->88M(213M) 0.123ms
[2025-06-05T16:29:39.571+0000][7.044s][info ][gc,cpu      ] GC(29) User=0.00s Sys=0.00s Real=0.00s
[2025-06-05T16:29:39.571+0000][7.044s][info ][safepoint   ] Safepoint "G1PauseCleanup", Time since last: 31857500 ns, Reaching safepoint: 511000 ns, Cleanup: 9458 ns, At safepoint: 198667 ns, Total: 719125 ns
[2025-06-05T16:29:39.571+0000][7.044s][info ][gc,marking  ] GC(29) Concurrent Cleanup for Next Mark
[2025-06-05T16:29:39.583+0000][7.056s][info ][gc,marking  ] GC(29) Concurrent Cleanup for Next Mark 12.025ms
[2025-06-05T16:29:39.583+0000][7.056s][info ][gc          ] GC(29) Concurrent Mark Cycle 175.852ms
[2025-06-05T16:29:39.870+0000][7.343s][debug][safepoint   ] Safepoint synchronization initiated using futex wait barrier. (13 threads)
[2025-06-05T16:29:39.870+0000][7.344s][info ][safepoint   ] Safepoint "ICBufferFull", Time since last: 299278333 ns, Reaching safepoint: 128292 ns, Cleanup: 93208 ns, At safepoint: 2042 ns, Total: 223542 ns
[2025-06-05T16:29:39.877+0000][7.350s][debug][safepoint   ] Safepoint synchronization initiated using futex wait barrier. (13 threads)
[2025-06-05T16:29:39.877+0000][7.351s][info ][gc,start    ] GC(30) Pause Young (Prepare Mixed) (G1 Evacuation Pause)
[2025-06-05T16:29:39.877+0000][7.351s][info ][gc,task     ] GC(30) Using 2 workers of 2 for evacuation
[2025-06-05T16:29:39.887+0000][7.360s][info ][gc,phases   ] GC(30)   Pre Evacuate Collection Set: 0.1ms
[2025-06-05T16:29:39.887+0000][7.360s][info ][gc,phases   ] GC(30)   Merge Heap Roots: 0.1ms
[2025-06-05T16:29:39.887+0000][7.360s][info ][gc,phases   ] GC(30)   Evacuate Collection Set: 8.2ms
[2025-06-05T16:29:39.887+0000][7.360s][info ][gc,phases   ] GC(30)   Post Evacuate Collection Set: 0.9ms
[2025-06-05T16:29:39.887+0000][7.360s][info ][gc,phases   ] GC(30)   Other: 0.2ms
[2025-06-05T16:29:39.887+0000][7.360s][info ][gc,heap     ] GC(30) Eden regions: 116->0(1)
[2025-06-05T16:29:39.887+0000][7.360s][info ][gc,heap     ] GC(30) Survivor regions: 10->9(16)
[2025-06-05T16:29:39.887+0000][7.360s][info ][gc,heap     ] GC(30) Old regions: 53->55
[2025-06-05T16:29:39.887+0000][7.360s][info ][gc,heap     ] GC(30) Archive regions: 2->2
[2025-06-05T16:29:39.887+0000][7.361s][info ][gc,heap     ] GC(30) Humongous regions: 0->0
[2025-06-05T16:29:39.887+0000][7.361s][info ][gc,metaspace] GC(30) Metaspace: 41667K(42112K)->41667K(42112K) NonClass: 36418K(36672K)->36418K(36672K) Class: 5248K(5440K)->5248K(5440K)
[2025-06-05T16:29:39.887+0000][7.361s][info ][gc          ] GC(30) Pause Young (Prepare Mixed) (G1 Evacuation Pause) 178M->62M(213M) 10.080ms
[2025-06-05T16:29:39.887+0000][7.361s][info ][gc,cpu      ] GC(30) User=0.01s Sys=0.00s Real=0.01s
[2025-06-05T16:29:39.887+0000][7.361s][info ][safepoint   ] Safepoint "G1CollectForAllocation", Time since last: 6745750 ns, Reaching safepoint: 117250 ns, Cleanup: 10375 ns, At safepoint: 10209666 ns, Total: 10337291 ns
[2025-06-05T16:29:39.894+0000][7.367s][debug][safepoint   ] Safepoint synchronization initiated using futex wait barrier. (13 threads)
[2025-06-05T16:29:39.894+0000][7.367s][info ][gc,start    ] GC(31) Pause Young (Mixed) (G1 Evacuation Pause)
[2025-06-05T16:29:39.894+0000][7.367s][info ][gc,task     ] GC(31) Using 2 workers of 2 for evacuation
[2025-06-05T16:29:39.909+0000][7.382s][info ][gc,phases   ] GC(31)   Pre Evacuate Collection Set: 0.1ms
[2025-06-05T16:29:39.909+0000][7.382s][info ][gc,phases   ] GC(31)   Merge Heap Roots: 0.1ms
[2025-06-05T16:29:39.909+0000][7.382s][info ][gc,phases   ] GC(31)   Evacuate Collection Set: 13.0ms
[2025-06-05T16:29:39.909+0000][7.382s][info ][gc,phases   ] GC(31)   Post Evacuate Collection Set: 1.4ms
[2025-06-05T16:29:39.909+0000][7.382s][info ][gc,phases   ] GC(31)   Other: 0.2ms
[2025-06-05T16:29:39.909+0000][7.382s][info ][gc,heap     ] GC(31) Eden regions: 1->0(120)
[2025-06-05T16:29:39.909+0000][7.382s][info ][gc,heap     ] GC(31) Survivor regions: 9->1(2)
[2025-06-05T16:29:39.909+0000][7.382s][info ][gc,heap     ] GC(31) Old regions: 55->60
[2025-06-05T16:29:39.909+0000][7.383s][info ][gc,heap     ] GC(31) Archive regions: 2->2
[2025-06-05T16:29:39.909+0000][7.383s][info ][gc,heap     ] GC(31) Humongous regions: 0->0
[2025-06-05T16:29:39.909+0000][7.383s][info ][gc,metaspace] GC(31) Metaspace: 41674K(42112K)->41674K(42112K) NonClass: 36425K(36672K)->36425K(36672K) Class: 5249K(5440K)->5249K(5440K)
[2025-06-05T16:29:39.909+0000][7.383s][info ][gc          ] GC(31) Pause Young (Mixed) (G1 Evacuation Pause) 63M->61M(213M) 15.549ms
[2025-06-05T16:29:39.909+0000][7.383s][info ][gc,cpu      ] GC(31) User=0.03s Sys=0.00s Real=0.02s
[2025-06-05T16:29:39.910+0000][7.383s][info ][safepoint   ] Safepoint "G1CollectForAllocation", Time since last: 6195709 ns, Reaching safepoint: 169666 ns, Cleanup: 7209 ns, At safepoint: 15770625 ns, Total: 15947500 ns
[2025-06-05T16:29:40.811+0000][8.284s][debug][safepoint   ] Safepoint synchronization initiated using futex wait barrier. (13 threads)
[2025-06-05T16:29:40.813+0000][8.286s][info ][safepoint   ] Safepoint "ICBufferFull", Time since last: 901562500 ns, Reaching safepoint: 1043459 ns, Cleanup: 448083 ns, At safepoint: 23917 ns, Total: 1515459 ns
[2025-06-05T16:29:40.813+0000][8.286s][debug][safepoint   ] Safepoint synchronization initiated using futex wait barrier. (13 threads)
[2025-06-05T16:29:40.815+0000][8.288s][info ][safepoint   ] Safepoint "ICBufferFull", Time since last: 448416 ns, Reaching safepoint: 1487542 ns, Cleanup: 34750 ns, At safepoint: 18458 ns, Total: 1540750 ns
[2025-06-05T16:29:41.834+0000][9.307s][debug][safepoint   ] Safepoint synchronization initiated using futex wait barrier. (13 threads)
[2025-06-05T16:29:41.834+0000][9.308s][info ][safepoint   ] Safepoint "ICBufferFull", Time since last: 1019351292 ns, Reaching safepoint: 223000 ns, Cleanup: 188459 ns, At safepoint: 5083 ns, Total: 416542 ns
[2025-06-05T16:29:41.944+0000][9.417s][debug][safepoint   ] Safepoint synchronization initiated using futex wait barrier. (13 threads)
[2025-06-05T16:29:41.945+0000][9.418s][info ][gc,start    ] GC(32) Pause Young (Concurrent Start) (G1 Evacuation Pause)
[2025-06-05T16:29:41.945+0000][9.418s][info ][gc,task     ] GC(32) Using 2 workers of 2 for evacuation
[2025-06-05T16:29:41.963+0000][9.436s][info ][gc,phases   ] GC(32)   Pre Evacuate Collection Set: 0.4ms
[2025-06-05T16:29:41.963+0000][9.437s][info ][gc,phases   ] GC(32)   Merge Heap Roots: 0.2ms
[2025-06-05T16:29:41.963+0000][9.437s][info ][gc,phases   ] GC(32)   Evacuate Collection Set: 9.5ms
[2025-06-05T16:29:41.963+0000][9.437s][info ][gc,phases   ] GC(32)   Post Evacuate Collection Set: 7.5ms
[2025-06-05T16:29:41.963+0000][9.437s][info ][gc,phases   ] GC(32)   Other: 0.7ms
[2025-06-05T16:29:41.963+0000][9.437s][info ][gc,heap     ] GC(32) Eden regions: 120->0(260)
[2025-06-05T16:29:41.963+0000][9.437s][info ][gc,heap     ] GC(32) Survivor regions: 1->2(16)
[2025-06-05T16:29:41.964+0000][9.437s][info ][gc,heap     ] GC(32) Old regions: 60->60
[2025-06-05T16:29:41.964+0000][9.437s][info ][gc,heap     ] GC(32) Archive regions: 2->2
[2025-06-05T16:29:41.964+0000][9.437s][info ][gc,heap     ] GC(32) Humongous regions: 0->0
[2025-06-05T16:29:41.964+0000][9.437s][info ][gc,metaspace] GC(32) Metaspace: 44639K(45120K)->44639K(45120K) NonClass: 38976K(39232K)->38976K(39232K) Class: 5663K(5888K)->5663K(5888K)
[2025-06-05T16:29:41.964+0000][9.437s][info ][gc          ] GC(32) Pause Young (Concurrent Start) (G1 Evacuation Pause) 181M->62M(438M) 18.991ms
[2025-06-05T16:29:41.964+0000][9.437s][info ][gc,cpu      ] GC(32) User=0.04s Sys=0.01s Real=0.02s
[2025-06-05T16:29:41.964+0000][9.437s][info ][safepoint   ] Safepoint "G1CollectForAllocation", Time since last: 109620083 ns, Reaching safepoint: 562834 ns, Cleanup: 53208 ns, At safepoint: 19248875 ns, Total: 19864917 ns
[2025-06-05T16:29:41.964+0000][9.437s][info ][gc          ] GC(33) Concurrent Mark Cycle
[2025-06-05T16:29:41.971+0000][9.444s][info ][gc,marking  ] GC(33) Concurrent Clear Claimed Marks
[2025-06-05T16:29:41.972+0000][9.445s][info ][gc,marking  ] GC(33) Concurrent Clear Claimed Marks 0.416ms
[2025-06-05T16:29:41.972+0000][9.445s][info ][gc,marking  ] GC(33) Concurrent Scan Root Regions
[2025-06-05T16:29:41.981+0000][9.454s][info ][gc,marking  ] GC(33) Concurrent Scan Root Regions 9.047ms
[2025-06-05T16:29:41.981+0000][9.454s][info ][gc,marking  ] GC(33) Concurrent Mark
[2025-06-05T16:29:41.981+0000][9.454s][info ][gc,marking  ] GC(33) Concurrent Mark From Roots
[2025-06-05T16:29:41.981+0000][9.454s][info ][gc,task     ] GC(33) Using 1 workers of 1 for marking
[2025-06-05T16:29:42.085+0000][9.559s][info ][gc,marking  ] GC(33) Concurrent Mark From Roots 104.545ms
[2025-06-05T16:29:42.086+0000][9.559s][info ][gc,marking  ] GC(33) Concurrent Preclean
[2025-06-05T16:29:42.087+0000][9.560s][info ][gc,marking  ] GC(33) Concurrent Preclean 0.450ms
[2025-06-05T16:29:42.087+0000][9.560s][debug][safepoint   ] Safepoint synchronization initiated using futex wait barrier. (13 threads)
[2025-06-05T16:29:42.089+0000][9.562s][debug][safepoint   ] ... found polling page loop exception at pc = 0x0000ffffa0fbde18, stub =0x0000ffffa097ef00
[2025-06-05T16:29:42.090+0000][9.563s][info ][gc,start    ] GC(33) Pause Remark
[2025-06-05T16:29:42.095+0000][9.568s][info ][gc          ] GC(33) Pause Remark 74M->74M(254M) 4.936ms
[2025-06-05T16:29:42.095+0000][9.568s][info ][gc,cpu      ] GC(33) User=0.01s Sys=0.00s Real=0.00s
[2025-06-05T16:29:42.095+0000][9.568s][info ][safepoint   ] Safepoint "G1PauseRemark", Time since last: 122867958 ns, Reaching safepoint: 3216417 ns, Cleanup: 40792 ns, At safepoint: 5156250 ns, Total: 8413459 ns
[2025-06-05T16:29:42.096+0000][9.569s][info ][gc,marking  ] GC(33) Concurrent Mark 115.255ms
[2025-06-05T16:29:42.096+0000][9.570s][info ][gc,marking  ] GC(33) Concurrent Rebuild Remembered Sets
[2025-06-05T16:29:42.176+0000][9.650s][info ][gc,marking  ] GC(33) Concurrent Rebuild Remembered Sets 80.221ms
[2025-06-05T16:29:42.177+0000][9.650s][debug][safepoint   ] Safepoint synchronization initiated using futex wait barrier. (13 threads)
[2025-06-05T16:29:42.181+0000][9.654s][info ][gc,start    ] GC(33) Pause Cleanup
[2025-06-05T16:29:42.181+0000][9.655s][info ][gc          ] GC(33) Pause Cleanup 81M->81M(254M) 0.332ms
[2025-06-05T16:29:42.181+0000][9.655s][info ][gc,cpu      ] GC(33) User=0.00s Sys=0.00s Real=0.00s
[2025-06-05T16:29:42.181+0000][9.655s][info ][safepoint   ] Safepoint "G1PauseCleanup", Time since last: 81457417 ns, Reaching safepoint: 4365625 ns, Cleanup: 23625 ns, At safepoint: 455208 ns, Total: 4844458 ns
[2025-06-05T16:29:42.186+0000][9.659s][info ][gc,marking  ] GC(33) Concurrent Cleanup for Next Mark
[2025-06-05T16:29:42.198+0000][9.671s][info ][gc,marking  ] GC(33) Concurrent Cleanup for Next Mark 12.123ms
[2025-06-05T16:29:42.198+0000][9.671s][info ][gc          ] GC(33) Concurrent Mark Cycle 234.088ms
[2025-06-05T16:29:42.559+0000][10.033s][debug][safepoint   ] Safepoint synchronization initiated using futex wait barrier. (13 threads)
[2025-06-05T16:29:42.560+0000][10.033s][info ][safepoint   ] Safepoint "ICBufferFull", Time since last: 377929500 ns, Reaching safepoint: 153917 ns, Cleanup: 110333 ns, At safepoint: 1875 ns, Total: 266125 ns
[2025-06-05T16:29:42.848+0000][10.322s][debug][safepoint   ] Safepoint synchronization initiated using futex wait barrier. (13 threads)
[2025-06-05T16:29:42.850+0000][10.323s][info ][safepoint   ] Safepoint "ICBufferFull", Time since last: 288625959 ns, Reaching safepoint: 1632833 ns, Cleanup: 104375 ns, At safepoint: 9875 ns, Total: 1747083 ns
[2025-06-05T16:29:43.009+0000][10.482s][debug][safepoint   ] Safepoint synchronization initiated using futex wait barrier. (13 threads)
[2025-06-05T16:29:43.009+0000][10.482s][info ][gc,start    ] GC(34) Pause Young (Prepare Mixed) (G1 Evacuation Pause)
[2025-06-05T16:29:43.009+0000][10.482s][info ][gc,task     ] GC(34) Using 2 workers of 2 for evacuation
[2025-06-05T16:29:43.038+0000][10.511s][info ][gc,phases   ] GC(34)   Pre Evacuate Collection Set: 0.3ms
[2025-06-05T16:29:43.038+0000][10.511s][info ][gc,phases   ] GC(34)   Merge Heap Roots: 0.3ms
[2025-06-05T16:29:43.038+0000][10.511s][info ][gc,phases   ] GC(34)   Evacuate Collection Set: 11.4ms
[2025-06-05T16:29:43.038+0000][10.511s][info ][gc,phases   ] GC(34)   Post Evacuate Collection Set: 16.3ms
[2025-06-05T16:29:43.038+0000][10.511s][info ][gc,phases   ] GC(34)   Other: 0.3ms
[2025-06-05T16:29:43.038+0000][10.511s][info ][gc,heap     ] GC(34) Eden regions: 150->0(6)
[2025-06-05T16:29:43.038+0000][10.511s][info ][gc,heap     ] GC(34) Survivor regions: 2->6(19)
[2025-06-05T16:29:43.038+0000][10.511s][info ][gc,heap     ] GC(34) Old regions: 60->60
[2025-06-05T16:29:43.038+0000][10.512s][info ][gc,heap     ] GC(34) Archive regions: 2->2
[2025-06-05T16:29:43.038+0000][10.512s][info ][gc,heap     ] GC(34) Humongous regions: 0->0
[2025-06-05T16:29:43.039+0000][10.513s][info ][gc,metaspace] GC(34) Metaspace: 50320K(50752K)->50320K(50752K) NonClass: 43926K(44160K)->43926K(44160K) Class: 6393K(6592K)->6393K(6592K)
[2025-06-05T16:29:43.039+0000][10.513s][info ][gc          ] GC(34) Pause Young (Prepare Mixed) (G1 Evacuation Pause) 212M->66M(254M) 30.346ms
[2025-06-05T16:29:43.039+0000][10.513s][info ][gc,cpu      ] GC(34) User=0.03s Sys=0.00s Real=0.03s
[2025-06-05T16:29:43.040+0000][10.513s][info ][safepoint   ] Safepoint "G1CollectForAllocation", Time since last: 158697833 ns, Reaching safepoint: 140000 ns, Cleanup: 65292 ns, At safepoint: 30575708 ns, Total: 30781000 ns
[2025-06-05T16:29:43.067+0000][10.540s][debug][safepoint   ] Safepoint synchronization initiated using futex wait barrier. (13 threads)
[2025-06-05T16:29:43.068+0000][10.541s][info ][gc,start    ] GC(35) Pause Young (Mixed) (G1 Evacuation Pause)
[2025-06-05T16:29:43.068+0000][10.541s][info ][gc,task     ] GC(35) Using 2 workers of 2 for evacuation
[2025-06-05T16:29:43.080+0000][10.553s][info ][gc,phases   ] GC(35)   Pre Evacuate Collection Set: 0.1ms
[2025-06-05T16:29:43.080+0000][10.553s][info ][gc,phases   ] GC(35)   Merge Heap Roots: 0.1ms
[2025-06-05T16:29:43.080+0000][10.553s][info ][gc,phases   ] GC(35)   Evacuate Collection Set: 11.0ms
[2025-06-05T16:29:43.080+0000][10.553s][info ][gc,phases   ] GC(35)   Post Evacuate Collection Set: 0.8ms
[2025-06-05T16:29:43.080+0000][10.553s][info ][gc,phases   ] GC(35)   Other: 0.2ms
[2025-06-05T16:29:43.080+0000][10.553s][info ][gc,heap     ] GC(35) Eden regions: 6->0(144)
[2025-06-05T16:29:43.080+0000][10.553s][info ][gc,heap     ] GC(35) Survivor regions: 6->1(2)
[2025-06-05T16:29:43.080+0000][10.553s][info ][gc,heap     ] GC(35) Old regions: 60->65
[2025-06-05T16:29:43.080+0000][10.553s][info ][gc,heap     ] GC(35) Archive regions: 2->2
[2025-06-05T16:29:43.080+0000][10.554s][info ][gc,heap     ] GC(35) Humongous regions: 0->0
[2025-06-05T16:29:43.080+0000][10.554s][info ][gc,metaspace] GC(35) Metaspace: 51020K(51520K)->51020K(51520K) NonClass: 44548K(44800K)->44548K(44800K) Class: 6472K(6720K)->6472K(6720K)
[2025-06-05T16:29:43.080+0000][10.554s][info ][gc          ] GC(35) Pause Young (Mixed) (G1 Evacuation Pause) 72M->65M(254M) 12.680ms
[2025-06-05T16:29:43.080+0000][10.554s][info ][gc,cpu      ] GC(35) User=0.03s Sys=0.00s Real=0.01s
[2025-06-05T16:29:43.080+0000][10.554s][info ][safepoint   ] Safepoint "G1CollectForAllocation", Time since last: 27548792 ns, Reaching safepoint: 531458 ns, Cleanup: 17625 ns, At safepoint: 12803834 ns, Total: 13352917 ns
[2025-06-05T16:29:44.299+0000][11.772s][debug][safepoint   ] Safepoint synchronization initiated using futex wait barrier. (15 threads)
[2025-06-05T16:29:44.303+0000][11.777s][info ][safepoint   ] Safepoint "Cleanup", Time since last: 1218185125 ns, Reaching safepoint: 2030334 ns, Cleanup: 2582166 ns, At safepoint: 38875 ns, Total: 4651375 ns
[2025-06-05T16:29:44.495+0000][11.968s][debug][safepoint   ] Safepoint synchronization initiated using futex wait barrier. (16 threads)
[2025-06-05T16:29:44.496+0000][11.969s][info ][safepoint   ] Safepoint "ICBufferFull", Time since last: 191455625 ns, Reaching safepoint: 1160834 ns, Cleanup: 83291 ns, At safepoint: 6125 ns, Total: 1250250 ns
[2025-06-05T16:29:44.618+0000][12.091s][debug][safepoint   ] Safepoint synchronization initiated using futex wait barrier. (16 threads)
[2025-06-05T16:29:44.620+0000][12.094s][info ][safepoint   ] Safepoint "ICBufferFull", Time since last: 122029292 ns, Reaching safepoint: 2134208 ns, Cleanup: 108334 ns, At safepoint: 7958 ns, Total: 2250500 ns
[2025-06-05T16:29:44.951+0000][12.424s][debug][safepoint   ] Safepoint synchronization initiated using futex wait barrier. (16 threads)
[2025-06-05T16:29:44.951+0000][12.424s][info ][gc,start    ] GC(36) Pause Young (Normal) (G1 Evacuation Pause)
[2025-06-05T16:29:44.951+0000][12.425s][info ][gc,task     ] GC(36) Using 2 workers of 2 for evacuation
[2025-06-05T16:29:44.963+0000][12.437s][info ][gc,phases   ] GC(36)   Pre Evacuate Collection Set: 0.3ms
[2025-06-05T16:29:44.964+0000][12.437s][info ][gc,phases   ] GC(36)   Merge Heap Roots: 0.2ms
[2025-06-05T16:29:44.964+0000][12.437s][info ][gc,phases   ] GC(36)   Evacuate Collection Set: 8.1ms
[2025-06-05T16:29:44.964+0000][12.437s][info ][gc,phases   ] GC(36)   Post Evacuate Collection Set: 2.9ms
[2025-06-05T16:29:44.964+0000][12.437s][info ][gc,phases   ] GC(36)   Other: 0.9ms
[2025-06-05T16:29:44.964+0000][12.437s][info ][gc,heap     ] GC(36) Eden regions: 144->0(143)
[2025-06-05T16:29:44.964+0000][12.437s][info ][gc,heap     ] GC(36) Survivor regions: 1->4(19)
[2025-06-05T16:29:44.964+0000][12.437s][info ][gc,heap     ] GC(36) Old regions: 65->65
[2025-06-05T16:29:44.964+0000][12.437s][info ][gc,heap     ] GC(36) Archive regions: 2->2
[2025-06-05T16:29:44.964+0000][12.437s][info ][gc,heap     ] GC(36) Humongous regions: 0->0
[2025-06-05T16:29:44.964+0000][12.437s][info ][gc,metaspace] GC(36) Metaspace: 56589K(57088K)->56589K(57088K) NonClass: 49455K(49728K)->49455K(49728K) Class: 7133K(7360K)->7133K(7360K)
[2025-06-05T16:29:44.964+0000][12.437s][info ][gc          ] GC(36) Pause Young (Normal) (G1 Evacuation Pause) 209M->68M(254M) 13.026ms
[2025-06-05T16:29:44.964+0000][12.437s][info ][gc,cpu      ] GC(36) User=0.03s Sys=0.00s Real=0.01s
[2025-06-05T16:29:44.964+0000][12.438s][info ][safepoint   ] Safepoint "G1CollectForAllocation", Time since last: 330535000 ns, Reaching safepoint: 198792 ns, Cleanup: 47375 ns, At safepoint: 13231417 ns, Total: 13477584 ns
[2025-06-05T16:29:45.414+0000][12.888s][debug][safepoint   ] Safepoint synchronization initiated using futex wait barrier. (18 threads)
[2025-06-05T16:29:45.416+0000][12.889s][info ][safepoint   ] Safepoint "ICBufferFull", Time since last: 450113708 ns, Reaching safepoint: 1681792 ns, Cleanup: 107291 ns, At safepoint: 5000 ns, Total: 1794083 ns
[2025-06-05T16:29:45.477+0000][12.951s][debug][safepoint   ] Safepoint synchronization initiated using futex wait barrier. (19 threads)
[2025-06-05T16:29:45.477+0000][12.951s][info ][gc,start    ] GC(37) Pause Young (Normal) (G1 Evacuation Pause)
[2025-06-05T16:29:45.478+0000][12.951s][info ][gc,task     ] GC(37) Using 2 workers of 2 for evacuation
[2025-06-05T16:29:45.489+0000][12.962s][info ][gc,phases   ] GC(37)   Pre Evacuate Collection Set: 0.1ms
[2025-06-05T16:29:45.489+0000][12.962s][info ][gc,phases   ] GC(37)   Merge Heap Roots: 0.2ms
[2025-06-05T16:29:45.489+0000][12.962s][info ][gc,phases   ] GC(37)   Evacuate Collection Set: 9.4ms
[2025-06-05T16:29:45.489+0000][12.962s][info ][gc,phases   ] GC(37)   Post Evacuate Collection Set: 1.4ms
[2025-06-05T16:29:45.489+0000][12.962s][info ][gc,phases   ] GC(37)   Other: 0.2ms
[2025-06-05T16:29:45.489+0000][12.962s][info ][gc,heap     ] GC(37) Eden regions: 143->0(145)
[2025-06-05T16:29:45.489+0000][12.963s][info ][gc,heap     ] GC(37) Survivor regions: 4->5(19)
[2025-06-05T16:29:45.489+0000][12.963s][info ][gc,heap     ] GC(37) Old regions: 65->65
[2025-06-05T16:29:45.489+0000][12.963s][info ][gc,heap     ] GC(37) Archive regions: 2->2
[2025-06-05T16:29:45.489+0000][12.963s][info ][gc,heap     ] GC(37) Humongous regions: 0->0
[2025-06-05T16:29:45.489+0000][12.963s][info ][gc,metaspace] GC(37) Metaspace: 62231K(62720K)->62231K(62720K) NonClass: 54335K(54592K)->54335K(54592K) Class: 7895K(8128K)->7895K(8128K)
[2025-06-05T16:29:45.489+0000][12.963s][info ][gc          ] GC(37) Pause Young (Normal) (G1 Evacuation Pause) 211M->69M(254M) 12.030ms
[2025-06-05T16:29:45.490+0000][12.963s][info ][gc,cpu      ] GC(37) User=0.02s Sys=0.00s Real=0.02s
[2025-06-05T16:29:45.490+0000][12.963s][info ][safepoint   ] Safepoint "G1CollectForAllocation", Time since last: 61131000 ns, Reaching safepoint: 123125 ns, Cleanup: 37542 ns, At safepoint: 12142042 ns, Total: 12302709 ns
[2025-06-05T16:29:45.664+0000][13.138s][debug][safepoint   ] Safepoint synchronization initiated using futex wait barrier. (19 threads)
[2025-06-05T16:29:45.665+0000][13.138s][info ][safepoint   ] Safepoint "ICBufferFull", Time since last: 174884750 ns, Reaching safepoint: 149833 ns, Cleanup: 91000 ns, At safepoint: 3084 ns, Total: 243917 ns
[2025-06-05T16:29:46.234+0000][13.707s][debug][safepoint   ] Safepoint synchronization initiated using futex wait barrier. (19 threads)
[2025-06-05T16:29:46.238+0000][13.711s][info ][safepoint   ] Safepoint "ICBufferFull", Time since last: 568848500 ns, Reaching safepoint: 158833 ns, Cleanup: 4317042 ns, At safepoint: 16625 ns, Total: 4492500 ns
[2025-06-05T16:29:46.278+0000][13.752s][debug][safepoint   ] Safepoint synchronization initiated using futex wait barrier. (19 threads)
[2025-06-05T16:29:46.279+0000][13.752s][info ][gc,start    ] GC(38) Pause Young (Normal) (G1 Evacuation Pause)
[2025-06-05T16:29:46.279+0000][13.752s][info ][gc,task     ] GC(38) Using 2 workers of 2 for evacuation
[2025-06-05T16:29:46.302+0000][13.775s][info ][gc,phases   ] GC(38)   Pre Evacuate Collection Set: 0.4ms
[2025-06-05T16:29:46.302+0000][13.775s][info ][gc,phases   ] GC(38)   Merge Heap Roots: 0.3ms
[2025-06-05T16:29:46.302+0000][13.775s][info ][gc,phases   ] GC(38)   Evacuate Collection Set: 17.0ms
[2025-06-05T16:29:46.302+0000][13.775s][info ][gc,phases   ] GC(38)   Post Evacuate Collection Set: 4.7ms
[2025-06-05T16:29:46.302+0000][13.775s][info ][gc,phases   ] GC(38)   Other: 0.5ms
[2025-06-05T16:29:46.302+0000][13.775s][info ][gc,heap     ] GC(38) Eden regions: 145->0(145)
[2025-06-05T16:29:46.302+0000][13.775s][info ][gc,heap     ] GC(38) Survivor regions: 5->6(19)
[2025-06-05T16:29:46.302+0000][13.775s][info ][gc,heap     ] GC(38) Old regions: 65->65
[2025-06-05T16:29:46.302+0000][13.776s][info ][gc,heap     ] GC(38) Archive regions: 2->2
[2025-06-05T16:29:46.302+0000][13.776s][info ][gc,heap     ] GC(38) Humongous regions: 0->0
[2025-06-05T16:29:46.302+0000][13.776s][info ][gc,metaspace] GC(38) Metaspace: 64746K(65216K)->64746K(65216K) NonClass: 56494K(56704K)->56494K(56704K) Class: 8252K(8512K)->8252K(8512K)
[2025-06-05T16:29:46.302+0000][13.776s][info ][gc          ] GC(38) Pause Young (Normal) (G1 Evacuation Pause) 214M->70M(254M) 23.721ms
[2025-06-05T16:29:46.303+0000][13.776s][info ][gc,cpu      ] GC(38) User=0.04s Sys=0.00s Real=0.02s
[2025-06-05T16:29:46.303+0000][13.776s][info ][safepoint   ] Safepoint "G1CollectForAllocation", Time since last: 40252083 ns, Reaching safepoint: 315958 ns, Cleanup: 16959 ns, At safepoint: 23995083 ns, Total: 24328000 ns
[2025-06-05T16:29:46.643+0000][14.116s][debug][safepoint   ] Safepoint synchronization initiated using futex wait barrier. (19 threads)
[2025-06-05T16:29:46.643+0000][14.117s][info ][safepoint   ] Safepoint "ICBufferFull", Time since last: 340324167 ns, Reaching safepoint: 264917 ns, Cleanup: 63708 ns, At safepoint: 2583 ns, Total: 331208 ns
[2025-06-05T16:29:46.682+0000][14.156s][debug][safepoint   ] Safepoint synchronization initiated using futex wait barrier. (19 threads)
[2025-06-05T16:29:46.683+0000][14.156s][info ][safepoint   ] Safepoint "ICBufferFull", Time since last: 39063709 ns, Reaching safepoint: 137750 ns, Cleanup: 81500 ns, At safepoint: 4916 ns, Total: 224166 ns
[2025-06-05T16:29:46.755+0000][14.228s][debug][safepoint   ] Safepoint synchronization initiated using futex wait barrier. (19 threads)
[2025-06-05T16:29:46.756+0000][14.229s][info ][safepoint   ] Safepoint "ICBufferFull", Time since last: 72329584 ns, Reaching safepoint: 590583 ns, Cleanup: 144000 ns, At safepoint: 6125 ns, Total: 740708 ns
[2025-06-05T16:29:46.837+0000][14.311s][debug][safepoint   ] ... found polling page loop exception at pc = 0x0000ffffa0fe78a0, stub =0x0000ffffa097ef00
[2025-06-05T16:29:46.858+0000][14.331s][debug][safepoint   ] Safepoint synchronization initiated using futex wait barrier. (19 threads)
[2025-06-05T16:29:46.859+0000][14.332s][info ][safepoint   ] Safepoint "ICBufferFull", Time since last: 101941000 ns, Reaching safepoint: 1031667 ns, Cleanup: 73083 ns, At safepoint: 5667 ns, Total: 1110417 ns
[2025-06-05T16:29:46.859+0000][14.332s][debug][safepoint   ] Safepoint synchronization initiated using futex wait barrier. (19 threads)
[2025-06-05T16:29:46.860+0000][14.333s][info ][safepoint   ] Safepoint "ICBufferFull", Time since last: 175458 ns, Reaching safepoint: 927792 ns, Cleanup: 4791 ns, At safepoint: 7917 ns, Total: 940500 ns
[2025-06-05T16:29:46.871+0000][14.344s][debug][safepoint   ] Safepoint synchronization initiated using futex wait barrier. (19 threads)
[2025-06-05T16:29:46.873+0000][14.346s][info ][safepoint   ] Safepoint "ICBufferFull", Time since last: 10773833 ns, Reaching safepoint: 2005792 ns, Cleanup: 75875 ns, At safepoint: 6167 ns, Total: 2087834 ns
[2025-06-05T16:29:46.888+0000][14.361s][debug][safepoint   ] Safepoint synchronization initiated using futex wait barrier. (19 threads)
[2025-06-05T16:29:46.888+0000][14.361s][info ][gc,start    ] GC(39) Pause Young (Normal) (G1 Evacuation Pause)
[2025-06-05T16:29:46.888+0000][14.361s][info ][gc,task     ] GC(39) Using 2 workers of 2 for evacuation
[2025-06-05T16:29:46.939+0000][14.412s][info ][gc,phases   ] GC(39)   Pre Evacuate Collection Set: 0.2ms
[2025-06-05T16:29:46.939+0000][14.413s][info ][gc,phases   ] GC(39)   Merge Heap Roots: 0.2ms
[2025-06-05T16:29:46.939+0000][14.413s][info ][gc,phases   ] GC(39)   Evacuate Collection Set: 14.9ms
[2025-06-05T16:29:46.939+0000][14.413s][info ][gc,phases   ] GC(39)   Post Evacuate Collection Set: 35.5ms
[2025-06-05T16:29:46.939+0000][14.413s][info ][gc,phases   ] GC(39)   Other: 0.3ms
[2025-06-05T16:29:46.939+0000][14.413s][info ][gc,heap     ] GC(39) Eden regions: 145->0(143)
[2025-06-05T16:29:46.939+0000][14.413s][info ][gc,heap     ] GC(39) Survivor regions: 6->9(19)
[2025-06-05T16:29:46.940+0000][14.413s][info ][gc,heap     ] GC(39) Old regions: 65->65
[2025-06-05T16:29:46.940+0000][14.413s][info ][gc,heap     ] GC(39) Archive regions: 2->2
[2025-06-05T16:29:46.940+0000][14.413s][info ][gc,heap     ] GC(39) Humongous regions: 0->0
[2025-06-05T16:29:46.940+0000][14.413s][info ][gc,metaspace] GC(39) Metaspace: 68688K(69248K)->68688K(69248K) NonClass: 59933K(60224K)->59933K(60224K) Class: 8754K(9024K)->8754K(9024K)
[2025-06-05T16:29:46.940+0000][14.413s][info ][gc          ] GC(39) Pause Young (Normal) (G1 Evacuation Pause) 215M->73M(254M) 51.744ms
[2025-06-05T16:29:46.940+0000][14.413s][info ][gc,cpu      ] GC(39) User=0.03s Sys=0.00s Real=0.05s
[2025-06-05T16:29:46.940+0000][14.413s][info ][safepoint   ] Safepoint "G1CollectForAllocation", Time since last: 15070333 ns, Reaching safepoint: 133333 ns, Cleanup: 41167 ns, At safepoint: 51915917 ns, Total: 52090417 ns
[2025-06-05T16:29:46.944+0000][14.418s][debug][safepoint   ] ... found polling page loop exception at pc = 0x0000ffffa1022c78, stub =0x0000ffffa097ef00
[2025-06-05T16:29:47.066+0000][14.539s][debug][safepoint   ] Safepoint synchronization initiated using futex wait barrier. (19 threads)
[2025-06-05T16:29:47.066+0000][14.539s][info ][safepoint   ] Safepoint "ICBufferFull", Time since last: 125884042 ns, Reaching safepoint: 142000 ns, Cleanup: 77083 ns, At safepoint: 5625 ns, Total: 224708 ns
[2025-06-05T16:29:47.294+0000][14.768s][debug][safepoint   ] Safepoint synchronization initiated using futex wait barrier. (19 threads)
[2025-06-05T16:29:47.295+0000][14.768s][info ][safepoint   ] Safepoint "ICBufferFull", Time since last: 228248333 ns, Reaching safepoint: 268792 ns, Cleanup: 109125 ns, At safepoint: 2583 ns, Total: 380500 ns
[2025-06-05T16:29:47.312+0000][14.785s][debug][safepoint   ] Safepoint synchronization initiated using futex wait barrier. (19 threads)
[2025-06-05T16:29:47.312+0000][14.785s][info ][safepoint   ] Safepoint "ICBufferFull", Time since last: 17265000 ns, Reaching safepoint: 127042 ns, Cleanup: 58417 ns, At safepoint: 1750 ns, Total: 187209 ns
[2025-06-05T16:29:47.362+0000][14.836s][debug][safepoint   ] Safepoint synchronization initiated using futex wait barrier. (19 threads)
[2025-06-05T16:29:47.363+0000][14.836s][info ][safepoint   ] Safepoint "ICBufferFull", Time since last: 50463500 ns, Reaching safepoint: 132583 ns, Cleanup: 58083 ns, At safepoint: 4875 ns, Total: 195541 ns
[2025-06-05T16:29:47.467+0000][14.941s][debug][safepoint   ] Safepoint synchronization initiated using futex wait barrier. (19 threads)
[2025-06-05T16:29:47.468+0000][14.941s][info ][gc,start    ] GC(40) Pause Young (Normal) (G1 Evacuation Pause)
[2025-06-05T16:29:47.468+0000][14.942s][info ][gc,task     ] GC(40) Using 2 workers of 2 for evacuation
[2025-06-05T16:29:47.488+0000][14.961s][info ][gc,phases   ] GC(40)   Pre Evacuate Collection Set: 0.2ms
[2025-06-05T16:29:47.488+0000][14.962s][info ][gc,phases   ] GC(40)   Merge Heap Roots: 0.2ms
[2025-06-05T16:29:47.488+0000][14.962s][info ][gc,phases   ] GC(40)   Evacuate Collection Set: 18.2ms
[2025-06-05T16:29:47.488+0000][14.962s][info ][gc,phases   ] GC(40)   Post Evacuate Collection Set: 1.2ms
[2025-06-05T16:29:47.488+0000][14.962s][info ][gc,phases   ] GC(40)   Other: 0.4ms
[2025-06-05T16:29:47.488+0000][14.962s][info ][gc,heap     ] GC(40) Eden regions: 143->0(139)
[2025-06-05T16:29:47.488+0000][14.962s][info ][gc,heap     ] GC(40) Survivor regions: 9->11(19)
[2025-06-05T16:29:47.488+0000][14.962s][info ][gc,heap     ] GC(40) Old regions: 65->65
[2025-06-05T16:29:47.489+0000][14.962s][info ][gc,heap     ] GC(40) Archive regions: 2->2
[2025-06-05T16:29:47.489+0000][14.962s][info ][gc,heap     ] GC(40) Humongous regions: 0->0
[2025-06-05T16:29:47.489+0000][14.962s][info ][gc,metaspace] GC(40) Metaspace: 72198K(72704K)->72198K(72704K) NonClass: 63051K(63296K)->63051K(63296K) Class: 9147K(9408K)->9147K(9408K)
[2025-06-05T16:29:47.489+0000][14.962s][info ][gc          ] GC(40) Pause Young (Normal) (G1 Evacuation Pause) 216M->76M(254M) 20.639ms
[2025-06-05T16:29:47.489+0000][14.962s][info ][gc,cpu      ] GC(40) User=0.04s Sys=0.00s Real=0.02s
[2025-06-05T16:29:47.489+0000][14.962s][info ][safepoint   ] Safepoint "G1CollectForAllocation", Time since last: 104774667 ns, Reaching safepoint: 451667 ns, Cleanup: 88500 ns, At safepoint: 20802750 ns, Total: 21342917 ns
[2025-06-05T16:29:47.748+0000][15.221s][debug][safepoint   ] Safepoint synchronization initiated using futex wait barrier. (19 threads)
[2025-06-05T16:29:47.748+0000][15.221s][info ][gc,start    ] GC(41) Pause Young (Concurrent Start) (Metadata GC Threshold)
[2025-06-05T16:29:47.748+0000][15.222s][info ][gc,task     ] GC(41) Using 2 workers of 2 for evacuation
[2025-06-05T16:29:47.762+0000][15.235s][info ][gc,phases   ] GC(41)   Pre Evacuate Collection Set: 0.2ms
[2025-06-05T16:29:47.762+0000][15.236s][info ][gc,phases   ] GC(41)   Merge Heap Roots: 0.1ms
[2025-06-05T16:29:47.762+0000][15.236s][info ][gc,phases   ] GC(41)   Evacuate Collection Set: 12.1ms
[2025-06-05T16:29:47.762+0000][15.236s][info ][gc,phases   ] GC(41)   Post Evacuate Collection Set: 1.1ms
[2025-06-05T16:29:47.762+0000][15.236s][info ][gc,phases   ] GC(41)   Other: 0.5ms
[2025-06-05T16:29:47.762+0000][15.236s][info ][gc,heap     ] GC(41) Eden regions: 55->0(141)
[2025-06-05T16:29:47.762+0000][15.236s][info ][gc,heap     ] GC(41) Survivor regions: 11->9(19)
[2025-06-05T16:29:47.763+0000][15.236s][info ][gc,heap     ] GC(41) Old regions: 65->67
[2025-06-05T16:29:47.763+0000][15.236s][info ][gc,heap     ] GC(41) Archive regions: 2->2
[2025-06-05T16:29:47.763+0000][15.236s][info ][gc,heap     ] GC(41) Humongous regions: 0->0
[2025-06-05T16:29:47.763+0000][15.236s][info ][gc,metaspace] GC(41) Metaspace: 75329K(75840K)->75329K(75840K) NonClass: 65659K(65920K)->65659K(65920K) Class: 9669K(9920K)->9669K(9920K)
[2025-06-05T16:29:47.763+0000][15.236s][info ][gc          ] GC(41) Pause Young (Concurrent Start) (Metadata GC Threshold) 130M->76M(254M) 14.526ms
[2025-06-05T16:29:47.763+0000][15.236s][info ][gc,cpu      ] GC(41) User=0.03s Sys=0.00s Real=0.01s
[2025-06-05T16:29:47.763+0000][15.236s][info ][safepoint   ] Safepoint "CollectForMetadataAllocation", Time since last: 259137958 ns, Reaching safepoint: 188750 ns, Cleanup: 32167 ns, At safepoint: 14680417 ns, Total: 14901334 ns
[2025-06-05T16:29:47.763+0000][15.236s][info ][gc          ] GC(42) Concurrent Mark Cycle
[2025-06-05T16:29:47.767+0000][15.240s][info ][gc,marking  ] GC(42) Concurrent Clear Claimed Marks
[2025-06-05T16:29:47.767+0000][15.240s][info ][gc,marking  ] GC(42) Concurrent Clear Claimed Marks 0.186ms
[2025-06-05T16:29:47.767+0000][15.240s][info ][gc,marking  ] GC(42) Concurrent Scan Root Regions
[2025-06-05T16:29:47.777+0000][15.250s][info ][gc,marking  ] GC(42) Concurrent Scan Root Regions 9.610ms
[2025-06-05T16:29:47.777+0000][15.250s][info ][gc,marking  ] GC(42) Concurrent Mark
[2025-06-05T16:29:47.777+0000][15.250s][info ][gc,marking  ] GC(42) Concurrent Mark From Roots
[2025-06-05T16:29:47.777+0000][15.250s][info ][gc,task     ] GC(42) Using 1 workers of 1 for marking
[2025-06-05T16:29:47.795+0000][15.269s][debug][safepoint   ] Safepoint synchronization initiated using futex wait barrier. (19 threads)
[2025-06-05T16:29:47.795+0000][15.269s][info ][safepoint   ] Safepoint "CollectForMetadataAllocation", Time since last: 32124541 ns, Reaching safepoint: 348459 ns, Cleanup: 10833 ns, At safepoint: 32792 ns, Total: 392084 ns
[2025-06-05T16:29:47.833+0000][15.307s][debug][safepoint   ] Safepoint synchronization initiated using futex wait barrier. (19 threads)
[2025-06-05T16:29:47.834+0000][15.307s][info ][safepoint   ] Safepoint "CollectForMetadataAllocation", Time since last: 37947083 ns, Reaching safepoint: 160833 ns, Cleanup: 11125 ns, At safepoint: 25625 ns, Total: 197583 ns
[2025-06-05T16:29:47.862+0000][15.335s][info ][gc,marking  ] GC(42) Concurrent Mark From Roots 84.911ms
[2025-06-05T16:29:47.862+0000][15.335s][info ][gc,marking  ] GC(42) Concurrent Preclean
[2025-06-05T16:29:47.863+0000][15.336s][info ][gc,marking  ] GC(42) Concurrent Preclean 0.496ms
[2025-06-05T16:29:47.863+0000][15.336s][debug][safepoint   ] Safepoint synchronization initiated using futex wait barrier. (19 threads)
[2025-06-05T16:29:47.863+0000][15.336s][info ][gc,start    ] GC(42) Pause Remark
[2025-06-05T16:29:47.885+0000][15.358s][info ][gc          ] GC(42) Pause Remark 115M->115M(254M) 21.717ms
[2025-06-05T16:29:47.885+0000][15.358s][info ][gc,cpu      ] GC(42) User=0.04s Sys=0.00s Real=0.02s
[2025-06-05T16:29:47.885+0000][15.358s][info ][safepoint   ] Safepoint "G1PauseRemark", Time since last: 29184000 ns, Reaching safepoint: 347709 ns, Cleanup: 4583 ns, At safepoint: 22074000 ns, Total: 22426292 ns
[2025-06-05T16:29:47.885+0000][15.359s][info ][gc,marking  ] GC(42) Concurrent Mark 108.621ms
[2025-06-05T16:29:47.886+0000][15.359s][info ][gc,marking  ] GC(42) Concurrent Rebuild Remembered Sets
[2025-06-05T16:29:47.935+0000][15.408s][info ][gc,marking  ] GC(42) Concurrent Rebuild Remembered Sets 49.213ms
[2025-06-05T16:29:47.936+0000][15.409s][debug][safepoint   ] Safepoint synchronization initiated using futex wait barrier. (19 threads)
[2025-06-05T16:29:47.936+0000][15.410s][info ][gc,start    ] GC(42) Pause Cleanup
[2025-06-05T16:29:47.937+0000][15.410s][info ][gc          ] GC(42) Pause Cleanup 131M->131M(254M) 0.564ms
[2025-06-05T16:29:47.937+0000][15.410s][info ][gc,cpu      ] GC(42) User=0.00s Sys=0.00s Real=0.00s
[2025-06-05T16:29:47.937+0000][15.411s][info ][safepoint   ] Safepoint "G1PauseCleanup", Time since last: 50873458 ns, Reaching safepoint: 426834 ns, Cleanup: 23666 ns, At safepoint: 755417 ns, Total: 1205917 ns
[2025-06-05T16:29:47.937+0000][15.411s][info ][gc,marking  ] GC(42) Concurrent Cleanup for Next Mark
[2025-06-05T16:29:47.945+0000][15.418s][info ][gc,marking  ] GC(42) Concurrent Cleanup for Next Mark 7.460ms
[2025-06-05T16:29:47.945+0000][15.418s][info ][gc          ] GC(42) Concurrent Mark Cycle 182.251ms
[2025-06-05T16:29:48.218+0000][15.691s][debug][safepoint   ] Safepoint synchronization initiated using futex wait barrier. (19 threads)
[2025-06-05T16:29:48.218+0000][15.692s][info ][safepoint   ] Safepoint "ICBufferFull", Time since last: 280951208 ns, Reaching safepoint: 237500 ns, Cleanup: 69834 ns, At safepoint: 2333 ns, Total: 309667 ns
[2025-06-05T16:29:48.295+0000][15.768s][debug][safepoint   ] Safepoint synchronization initiated using futex wait barrier. (19 threads)
[2025-06-05T16:29:48.295+0000][15.769s][info ][gc,start    ] GC(43) Pause Young (Prepare Mixed) (G1 Evacuation Pause)
[2025-06-05T16:29:48.295+0000][15.769s][info ][gc,task     ] GC(43) Using 2 workers of 2 for evacuation
[2025-06-05T16:29:48.320+0000][15.794s][info ][gc,phases   ] GC(43)   Pre Evacuate Collection Set: 0.2ms
[2025-06-05T16:29:48.320+0000][15.794s][info ][gc,phases   ] GC(43)   Merge Heap Roots: 0.3ms
[2025-06-05T16:29:48.320+0000][15.794s][info ][gc,phases   ] GC(43)   Evacuate Collection Set: 20.0ms
[2025-06-05T16:29:48.320+0000][15.794s][info ][gc,phases   ] GC(43)   Post Evacuate Collection Set: 4.2ms
[2025-06-05T16:29:48.321+0000][15.794s][info ][gc,phases   ] GC(43)   Other: 0.4ms
[2025-06-05T16:29:48.321+0000][15.794s][info ][gc,heap     ] GC(43) Eden regions: 141->0(2)
[2025-06-05T16:29:48.321+0000][15.794s][info ][gc,heap     ] GC(43) Survivor regions: 9->10(19)
[2025-06-05T16:29:48.321+0000][15.794s][info ][gc,heap     ] GC(43) Old regions: 67->67
[2025-06-05T16:29:48.321+0000][15.794s][info ][gc,heap     ] GC(43) Archive regions: 2->2
[2025-06-05T16:29:48.321+0000][15.794s][info ][gc,heap     ] GC(43) Humongous regions: 0->0
[2025-06-05T16:29:48.321+0000][15.794s][info ][gc,metaspace] GC(43) Metaspace: 77582K(78080K)->77582K(78080K) NonClass: 67419K(67648K)->67419K(67648K) Class: 10163K(10432K)->10163K(10432K)
[2025-06-05T16:29:48.321+0000][15.794s][info ][gc          ] GC(43) Pause Young (Prepare Mixed) (G1 Evacuation Pause) 217M->77M(254M) 25.688ms
[2025-06-05T16:29:48.321+0000][15.794s][info ][gc,cpu      ] GC(43) User=0.05s Sys=0.01s Real=0.03s
[2025-06-05T16:29:48.321+0000][15.794s][info ][safepoint   ] Safepoint "G1CollectForAllocation", Time since last: 76490958 ns, Reaching safepoint: 156209 ns, Cleanup: 51416 ns, At safepoint: 25880167 ns, Total: 26087792 ns
[2025-06-05T16:29:48.332+0000][15.805s][debug][safepoint   ] Safepoint synchronization initiated using futex wait barrier. (19 threads)
[2025-06-05T16:29:48.332+0000][15.805s][info ][gc,start    ] GC(44) Pause Young (Mixed) (G1 Evacuation Pause)
[2025-06-05T16:29:48.332+0000][15.805s][info ][gc,task     ] GC(44) Using 2 workers of 2 for evacuation
[2025-06-05T16:29:48.351+0000][15.824s][info ][gc,phases   ] GC(44)   Pre Evacuate Collection Set: 0.1ms
[2025-06-05T16:29:48.351+0000][15.824s][info ][gc,phases   ] GC(44)   Merge Heap Roots: 0.1ms
[2025-06-05T16:29:48.351+0000][15.824s][info ][gc,phases   ] GC(44)   Evacuate Collection Set: 17.9ms
[2025-06-05T16:29:48.351+0000][15.824s][info ][gc,phases   ] GC(44)   Post Evacuate Collection Set: 1.0ms
[2025-06-05T16:29:48.351+0000][15.825s][info ][gc,phases   ] GC(44)   Other: 0.1ms
[2025-06-05T16:29:48.351+0000][15.825s][info ][gc,heap     ] GC(44) Eden regions: 2->0(143)
[2025-06-05T16:29:48.351+0000][15.825s][info ][gc,heap     ] GC(44) Survivor regions: 10->2(2)
[2025-06-05T16:29:48.351+0000][15.825s][info ][gc,heap     ] GC(44) Old regions: 67->74
[2025-06-05T16:29:48.351+0000][15.825s][info ][gc,heap     ] GC(44) Archive regions: 2->2
[2025-06-05T16:29:48.351+0000][15.825s][info ][gc,heap     ] GC(44) Humongous regions: 0->0
[2025-06-05T16:29:48.351+0000][15.825s][info ][gc,metaspace] GC(44) Metaspace: 77647K(78144K)->77647K(78144K) NonClass: 67468K(67712K)->67468K(67712K) Class: 10178K(10432K)->10178K(10432K)
[2025-06-05T16:29:48.351+0000][15.825s][info ][gc          ] GC(44) Pause Young (Mixed) (G1 Evacuation Pause) 79M->75M(254M) 19.688ms
[2025-06-05T16:29:48.351+0000][15.825s][info ][gc,cpu      ] GC(44) User=0.04s Sys=0.00s Real=0.02s
[2025-06-05T16:29:48.351+0000][15.825s][info ][safepoint   ] Safepoint "G1CollectForAllocation", Time since last: 10553292 ns, Reaching safepoint: 120250 ns, Cleanup: 3166 ns, At safepoint: 19780250 ns, Total: 19903666 ns
[2025-06-05T16:29:48.430+0000][15.904s][debug][safepoint   ] Safepoint synchronization initiated using futex wait barrier. (19 threads)
[2025-06-05T16:29:48.431+0000][15.904s][info ][safepoint   ] Safepoint "ICBufferFull", Time since last: 78872292 ns, Reaching safepoint: 150667 ns, Cleanup: 66542 ns, At safepoint: 2083 ns, Total: 219292 ns
[2025-06-05T16:29:48.462+0000][15.935s][debug][safepoint   ] Safepoint synchronization initiated using futex wait barrier. (19 threads)
[2025-06-05T16:29:48.462+0000][15.935s][info ][safepoint   ] Safepoint "ICBufferFull", Time since last: 31105750 ns, Reaching safepoint: 119250 ns, Cleanup: 51500 ns, At safepoint: 1667 ns, Total: 172417 ns
[2025-06-05T16:29:48.483+0000][15.956s][debug][safepoint   ] Safepoint synchronization initiated using futex wait barrier. (19 threads)
[2025-06-05T16:29:48.483+0000][15.956s][info ][safepoint   ] Safepoint "ICBufferFull", Time since last: 20745958 ns, Reaching safepoint: 172000 ns, Cleanup: 55917 ns, At safepoint: 2375 ns, Total: 230292 ns
[2025-06-05T16:29:48.496+0000][15.970s][debug][safepoint   ] Safepoint synchronization initiated using futex wait barrier. (19 threads)
[2025-06-05T16:29:48.496+0000][15.970s][info ][safepoint   ] Safepoint "ICBufferFull", Time since last: 13442583 ns, Reaching safepoint: 128792 ns, Cleanup: 53333 ns, At safepoint: 5625 ns, Total: 187750 ns
[2025-06-05T16:29:48.562+0000][16.036s][debug][safepoint   ] Safepoint synchronization initiated using futex wait barrier. (19 threads)
[2025-06-05T16:29:48.562+0000][16.036s][info ][safepoint   ] Safepoint "ICBufferFull", Time since last: 65818792 ns, Reaching safepoint: 139625 ns, Cleanup: 62125 ns, At safepoint: 1791 ns, Total: 203541 ns
[2025-06-05T16:29:48.591+0000][16.064s][debug][safepoint   ] Safepoint synchronization initiated using futex wait barrier. (19 threads)
[2025-06-05T16:29:48.591+0000][16.064s][info ][safepoint   ] Safepoint "ICBufferFull", Time since last: 28094375 ns, Reaching safepoint: 166792 ns, Cleanup: 89417 ns, At safepoint: 6875 ns, Total: 263084 ns
[2025-06-05T16:29:48.649+0000][16.122s][debug][safepoint   ] Safepoint synchronization initiated using futex wait barrier. (19 threads)
[2025-06-05T16:29:48.649+0000][16.122s][info ][safepoint   ] Safepoint "ICBufferFull", Time since last: 57709541 ns, Reaching safepoint: 149167 ns, Cleanup: 61583 ns, At safepoint: 2250 ns, Total: 213000 ns
[2025-06-05T16:29:48.692+0000][16.165s][debug][safepoint   ] Safepoint synchronization initiated using futex wait barrier. (19 threads)
[2025-06-05T16:29:48.692+0000][16.165s][info ][safepoint   ] Safepoint "ICBufferFull", Time since last: 42887959 ns, Reaching safepoint: 159000 ns, Cleanup: 54458 ns, At safepoint: 6875 ns, Total: 220333 ns
[2025-06-05T16:29:48.754+0000][16.228s][debug][safepoint   ] Safepoint synchronization initiated using futex wait barrier. (19 threads)
[2025-06-05T16:29:48.755+0000][16.228s][info ][safepoint   ] Safepoint "ICBufferFull", Time since last: 62594000 ns, Reaching safepoint: 129167 ns, Cleanup: 57708 ns, At safepoint: 1708 ns, Total: 188583 ns
[2025-06-05T16:29:48.791+0000][16.264s][debug][safepoint   ] Safepoint synchronization initiated using futex wait barrier. (19 threads)
[2025-06-05T16:29:48.791+0000][16.264s][info ][safepoint   ] Safepoint "ICBufferFull", Time since last: 36049209 ns, Reaching safepoint: 132583 ns, Cleanup: 52750 ns, At safepoint: 1667 ns, Total: 187000 ns
[2025-06-05T16:29:48.906+0000][16.379s][debug][safepoint   ] Safepoint synchronization initiated using futex wait barrier. (19 threads)
[2025-06-05T16:29:48.906+0000][16.379s][info ][gc,start    ] GC(45) Pause Young (Concurrent Start) (G1 Evacuation Pause)
[2025-06-05T16:29:48.906+0000][16.379s][info ][gc,task     ] GC(45) Using 2 workers of 2 for evacuation
[2025-06-05T16:29:48.916+0000][16.390s][info ][gc,phases   ] GC(45)   Pre Evacuate Collection Set: 0.2ms
[2025-06-05T16:29:48.917+0000][16.390s][info ][gc,phases   ] GC(45)   Merge Heap Roots: 0.1ms
[2025-06-05T16:29:48.917+0000][16.390s][info ][gc,phases   ] GC(45)   Evacuate Collection Set: 5.7ms
[2025-06-05T16:29:48.917+0000][16.390s][info ][gc,phases   ] GC(45)   Post Evacuate Collection Set: 4.3ms
[2025-06-05T16:29:48.917+0000][16.390s][info ][gc,phases   ] GC(45)   Other: 0.3ms
[2025-06-05T16:29:48.917+0000][16.390s][info ][gc,heap     ] GC(45) Eden regions: 143->0(297)
[2025-06-05T16:29:48.917+0000][16.390s][info ][gc,heap     ] GC(45) Survivor regions: 2->3(19)
[2025-06-05T16:29:48.917+0000][16.390s][info ][gc,heap     ] GC(45) Old regions: 74->74
[2025-06-05T16:29:48.917+0000][16.390s][info ][gc,heap     ] GC(45) Archive regions: 2->2
[2025-06-05T16:29:48.917+0000][16.390s][info ][gc,heap     ] GC(45) Humongous regions: 0->0
[2025-06-05T16:29:48.917+0000][16.390s][info ][gc,metaspace] GC(45) Metaspace: 80655K(81216K)->80655K(81216K) NonClass: 70113K(70400K)->70113K(70400K) Class: 10542K(10816K)->10542K(10816K)
[2025-06-05T16:29:48.917+0000][16.390s][info ][gc          ] GC(45) Pause Young (Concurrent Start) (G1 Evacuation Pause) 218M->77M(501M) 11.246ms
[2025-06-05T16:29:48.917+0000][16.391s][info ][gc,cpu      ] GC(45) User=0.02s Sys=0.00s Real=0.01s
[2025-06-05T16:29:48.917+0000][16.391s][info ][safepoint   ] Safepoint "G1CollectForAllocation", Time since last: 114766458 ns, Reaching safepoint: 145000 ns, Cleanup: 64208 ns, At safepoint: 11399917 ns, Total: 11609125 ns
[2025-06-05T16:29:48.917+0000][16.391s][info ][gc          ] GC(46) Concurrent Mark Cycle
[2025-06-05T16:29:48.921+0000][16.394s][info ][gc,marking  ] GC(46) Concurrent Clear Claimed Marks
[2025-06-05T16:29:48.921+0000][16.394s][info ][gc,marking  ] GC(46) Concurrent Clear Claimed Marks 0.157ms
[2025-06-05T16:29:48.921+0000][16.394s][info ][gc,marking  ] GC(46) Concurrent Scan Root Regions
[2025-06-05T16:29:48.924+0000][16.398s][info ][gc,marking  ] GC(46) Concurrent Scan Root Regions 3.640ms
[2025-06-05T16:29:48.925+0000][16.398s][info ][gc,marking  ] GC(46) Concurrent Mark
[2025-06-05T16:29:48.925+0000][16.398s][info ][gc,marking  ] GC(46) Concurrent Mark From Roots
[2025-06-05T16:29:48.925+0000][16.398s][info ][gc,task     ] GC(46) Using 1 workers of 1 for marking
[2025-06-05T16:29:49.015+0000][16.488s][info ][gc,marking  ] GC(46) Concurrent Mark From Roots 90.445ms
[2025-06-05T16:29:49.015+0000][16.489s][info ][gc,marking  ] GC(46) Concurrent Preclean
[2025-06-05T16:29:49.016+0000][16.489s][info ][gc,marking  ] GC(46) Concurrent Preclean 0.252ms
[2025-06-05T16:29:49.016+0000][16.489s][debug][safepoint   ] Safepoint synchronization initiated using futex wait barrier. (19 threads)
[2025-06-05T16:29:49.018+0000][16.491s][info ][gc,start    ] GC(46) Pause Remark
[2025-06-05T16:29:49.040+0000][16.513s][info ][gc          ] GC(46) Pause Remark 103M->103M(350M) 22.161ms
[2025-06-05T16:29:49.040+0000][16.514s][info ][gc,cpu      ] GC(46) User=0.02s Sys=0.00s Real=0.02s
[2025-06-05T16:29:49.040+0000][16.514s][info ][safepoint   ] Safepoint "G1PauseRemark", Time since last: 98550333 ns, Reaching safepoint: 2082625 ns, Cleanup: 11750 ns, At safepoint: 22422542 ns, Total: 24516917 ns
[2025-06-05T16:29:49.042+0000][16.515s][info ][gc,marking  ] GC(46) Concurrent Mark 116.980ms
[2025-06-05T16:29:49.042+0000][16.515s][info ][gc,marking  ] GC(46) Concurrent Rebuild Remembered Sets
[2025-06-05T16:29:49.085+0000][16.558s][info ][gc,marking  ] GC(46) Concurrent Rebuild Remembered Sets 43.036ms
[2025-06-05T16:29:49.088+0000][16.561s][debug][safepoint   ] Safepoint synchronization initiated using futex wait barrier. (19 threads)
[2025-06-05T16:29:49.088+0000][16.561s][debug][safepoint   ] ... found polling page loop exception at pc = 0x0000ffffa0f58924, stub =0x0000ffffa097ef00
[2025-06-05T16:29:49.089+0000][16.562s][info ][gc,start    ] GC(46) Pause Cleanup
[2025-06-05T16:29:49.089+0000][16.562s][info ][gc          ] GC(46) Pause Cleanup 112M->112M(350M) 0.149ms
[2025-06-05T16:29:49.089+0000][16.563s][info ][gc,cpu      ] GC(46) User=0.00s Sys=0.00s Real=0.00s
[2025-06-05T16:29:49.089+0000][16.563s][info ][safepoint   ] Safepoint "G1PauseCleanup", Time since last: 47201584 ns, Reaching safepoint: 1408000 ns, Cleanup: 38916 ns, At safepoint: 246792 ns, Total: 1693708 ns
[2025-06-05T16:29:49.091+0000][16.564s][info ][gc,marking  ] GC(46) Concurrent Cleanup for Next Mark
[2025-06-05T16:29:49.100+0000][16.574s][info ][gc,marking  ] GC(46) Concurrent Cleanup for Next Mark 9.744ms
[2025-06-05T16:29:49.100+0000][16.574s][info ][gc          ] GC(46) Concurrent Mark Cycle 183.064ms
[2025-06-05T16:29:49.359+0000][16.832s][debug][safepoint   ] Safepoint synchronization initiated using futex wait barrier. (19 threads)
[2025-06-05T16:29:49.359+0000][16.833s][info ][safepoint   ] Safepoint "ICBufferFull", Time since last: 269905542 ns, Reaching safepoint: 188375 ns, Cleanup: 71458 ns, At safepoint: 5667 ns, Total: 265500 ns
[2025-06-05T16:29:49.444+0000][16.917s][debug][safepoint   ] Safepoint synchronization initiated using futex wait barrier. (19 threads)
[2025-06-05T16:29:49.444+0000][16.918s][info ][safepoint   ] Safepoint "ICBufferFull", Time since last: 84631333 ns, Reaching safepoint: 143000 ns, Cleanup: 73708 ns, At safepoint: 1792 ns, Total: 218500 ns
[2025-06-05T16:29:49.542+0000][17.016s][debug][safepoint   ] Safepoint synchronization initiated using futex wait barrier. (19 threads)
[2025-06-05T16:29:49.543+0000][17.016s][info ][safepoint   ] Safepoint "ICBufferFull", Time since last: 98198292 ns, Reaching safepoint: 158875 ns, Cleanup: 89083 ns, At safepoint: 2708 ns, Total: 250666 ns
[2025-06-05T16:29:49.686+0000][17.159s][debug][safepoint   ] Safepoint synchronization initiated using futex wait barrier. (19 threads)
[2025-06-05T16:29:49.686+0000][17.159s][info ][safepoint   ] Safepoint "ICBufferFull", Time since last: 142957209 ns, Reaching safepoint: 163583 ns, Cleanup: 77583 ns, At safepoint: 2625 ns, Total: 243791 ns
[2025-06-05T16:29:49.768+0000][17.241s][debug][safepoint   ] Safepoint synchronization initiated using futex wait barrier. (19 threads)
[2025-06-05T16:29:49.768+0000][17.241s][info ][gc,start    ] GC(47) Pause Young (Prepare Mixed) (G1 Evacuation Pause)
[2025-06-05T16:29:49.768+0000][17.241s][info ][gc,task     ] GC(47) Using 2 workers of 2 for evacuation
[2025-06-05T16:29:49.787+0000][17.260s][info ][gc,phases   ] GC(47)   Pre Evacuate Collection Set: 0.2ms
[2025-06-05T16:29:49.787+0000][17.260s][info ][gc,phases   ] GC(47)   Merge Heap Roots: 0.2ms
[2025-06-05T16:29:49.787+0000][17.260s][info ][gc,phases   ] GC(47)   Evacuate Collection Set: 14.4ms
[2025-06-05T16:29:49.787+0000][17.260s][info ][gc,phases   ] GC(47)   Post Evacuate Collection Set: 4.0ms
[2025-06-05T16:29:49.787+0000][17.260s][info ][gc,phases   ] GC(47)   Other: 0.3ms
[2025-06-05T16:29:49.787+0000][17.261s][info ][gc,heap     ] GC(47) Eden regions: 207->0(9)
[2025-06-05T16:29:49.787+0000][17.261s][info ][gc,heap     ] GC(47) Survivor regions: 3->8(27)
[2025-06-05T16:29:49.787+0000][17.261s][info ][gc,heap     ] GC(47) Old regions: 74->74
[2025-06-05T16:29:49.787+0000][17.261s][info ][gc,heap     ] GC(47) Archive regions: 2->2
[2025-06-05T16:29:49.787+0000][17.261s][info ][gc,heap     ] GC(47) Humongous regions: 0->0
[2025-06-05T16:29:49.787+0000][17.261s][info ][gc,metaspace] GC(47) Metaspace: 84537K(85056K)->84537K(85056K) NonClass: 73554K(73792K)->73554K(73792K) Class: 10983K(11264K)->10983K(11264K)
[2025-06-05T16:29:49.787+0000][17.261s][info ][gc          ] GC(47) Pause Young (Prepare Mixed) (G1 Evacuation Pause) 284M->81M(350M) 19.613ms
[2025-06-05T16:29:49.788+0000][17.261s][info ][gc,cpu      ] GC(47) User=0.04s Sys=0.00s Real=0.01s
[2025-06-05T16:29:49.788+0000][17.261s][info ][safepoint   ] Safepoint "G1CollectForAllocation", Time since last: 81704709 ns, Reaching safepoint: 157208 ns, Cleanup: 28125 ns, At safepoint: 19820667 ns, Total: 20006000 ns
[2025-06-05T16:29:49.849+0000][17.322s][debug][safepoint   ] Safepoint synchronization initiated using futex wait barrier. (19 threads)
[2025-06-05T16:29:49.849+0000][17.322s][info ][gc,start    ] GC(48) Pause Young (Mixed) (G1 Evacuation Pause)
[2025-06-05T16:29:49.849+0000][17.322s][info ][gc,task     ] GC(48) Using 2 workers of 2 for evacuation
[2025-06-05T16:29:49.861+0000][17.334s][info ][gc,phases   ] GC(48)   Pre Evacuate Collection Set: 0.1ms
[2025-06-05T16:29:49.861+0000][17.334s][info ][gc,phases   ] GC(48)   Merge Heap Roots: 0.1ms
[2025-06-05T16:29:49.861+0000][17.334s][info ][gc,phases   ] GC(48)   Evacuate Collection Set: 10.2ms
[2025-06-05T16:29:49.861+0000][17.334s][info ][gc,phases   ] GC(48)   Post Evacuate Collection Set: 1.0ms
[2025-06-05T16:29:49.861+0000][17.334s][info ][gc,phases   ] GC(48)   Other: 0.2ms
[2025-06-05T16:29:49.861+0000][17.334s][info ][gc,heap     ] GC(48) Eden regions: 9->0(209)
[2025-06-05T16:29:49.861+0000][17.334s][info ][gc,heap     ] GC(48) Survivor regions: 8->1(3)
[2025-06-05T16:29:49.861+0000][17.334s][info ][gc,heap     ] GC(48) Old regions: 74->80
[2025-06-05T16:29:49.861+0000][17.334s][info ][gc,heap     ] GC(48) Archive regions: 2->2
[2025-06-05T16:29:49.861+0000][17.334s][info ][gc,heap     ] GC(48) Humongous regions: 0->0
[2025-06-05T16:29:49.861+0000][17.334s][info ][gc,metaspace] GC(48) Metaspace: 84757K(85312K)->84757K(85312K) NonClass: 73761K(74048K)->73761K(74048K) Class: 10996K(11264K)->10996K(11264K)
[2025-06-05T16:29:49.861+0000][17.335s][info ][gc          ] GC(48) Pause Young (Mixed) (G1 Evacuation Pause) 90M->81M(350M) 12.245ms
[2025-06-05T16:29:49.861+0000][17.335s][info ][gc,cpu      ] GC(48) User=0.03s Sys=0.00s Real=0.01s
[2025-06-05T16:29:49.861+0000][17.335s][info ][safepoint   ] Safepoint "G1CollectForAllocation", Time since last: 61169125 ns, Reaching safepoint: 141625 ns, Cleanup: 23375 ns, At safepoint: 12371708 ns, Total: 12536708 ns
[2025-06-05T16:29:50.138+0000][17.612s][debug][safepoint   ] Safepoint synchronization initiated using futex wait barrier. (19 threads)
[2025-06-05T16:29:50.139+0000][17.612s][info ][safepoint   ] Safepoint "ICBufferFull", Time since last: 277132584 ns, Reaching safepoint: 446833 ns, Cleanup: 168792 ns, At safepoint: 4666 ns, Total: 620291 ns
[2025-06-05T16:29:50.603+0000][18.077s][debug][safepoint   ] Safepoint synchronization initiated using futex wait barrier. (19 threads)
[2025-06-05T16:29:50.604+0000][18.077s][info ][safepoint   ] Safepoint "ICBufferFull", Time since last: 464221626 ns, Reaching safepoint: 259375 ns, Cleanup: 88000 ns, At safepoint: 2791 ns, Total: 350166 ns
[2025-06-05T16:29:50.972+0000][18.445s][debug][safepoint   ] Safepoint synchronization initiated using futex wait barrier. (23 threads)
[2025-06-05T16:29:50.972+0000][18.445s][info ][gc,start    ] GC(49) Pause Young (Normal) (G1 Evacuation Pause)
[2025-06-05T16:29:50.972+0000][18.445s][info ][gc,task     ] GC(49) Using 2 workers of 2 for evacuation
[2025-06-05T16:29:50.983+0000][18.456s][info ][gc,phases   ] GC(49)   Pre Evacuate Collection Set: 0.2ms
[2025-06-05T16:29:50.983+0000][18.456s][info ][gc,phases   ] GC(49)   Merge Heap Roots: 0.1ms
[2025-06-05T16:29:50.983+0000][18.456s][info ][gc,phases   ] GC(49)   Evacuate Collection Set: 8.6ms
[2025-06-05T16:29:50.983+0000][18.456s][info ][gc,phases   ] GC(49)   Post Evacuate Collection Set: 1.3ms
[2025-06-05T16:29:50.983+0000][18.456s][info ][gc,phases   ] GC(49)   Other: 0.3ms
[2025-06-05T16:29:50.983+0000][18.456s][info ][gc,heap     ] GC(49) Eden regions: 209->0(204)
[2025-06-05T16:29:50.983+0000][18.456s][info ][gc,heap     ] GC(49) Survivor regions: 1->6(27)
[2025-06-05T16:29:50.983+0000][18.456s][info ][gc,heap     ] GC(49) Old regions: 80->80
[2025-06-05T16:29:50.983+0000][18.456s][info ][gc,heap     ] GC(49) Archive regions: 2->2
[2025-06-05T16:29:50.983+0000][18.456s][info ][gc,heap     ] GC(49) Humongous regions: 0->0
[2025-06-05T16:29:50.983+0000][18.456s][info ][gc,metaspace] GC(49) Metaspace: 88811K(89344K)->88811K(89344K) NonClass: 77490K(77760K)->77490K(77760K) Class: 11321K(11584K)->11321K(11584K)
[2025-06-05T16:29:50.983+0000][18.457s][info ][gc          ] GC(49) Pause Young (Normal) (G1 Evacuation Pause) 290M->86M(350M) 11.084ms
[2025-06-05T16:29:50.983+0000][18.457s][info ][gc,cpu      ] GC(49) User=0.02s Sys=0.00s Real=0.01s
[2025-06-05T16:29:50.983+0000][18.457s][info ][safepoint   ] Safepoint "G1CollectForAllocation", Time since last: 368216125 ns, Reaching safepoint: 137084 ns, Cleanup: 57541 ns, At safepoint: 11242459 ns, Total: 11437084 ns
[2025-06-05T16:29:51.314+0000][18.787s][debug][safepoint   ] Safepoint synchronization initiated using futex wait barrier. (22 threads)
[2025-06-05T16:29:51.314+0000][18.788s][info ][safepoint   ] Safepoint "ICBufferFull", Time since last: 330858167 ns, Reaching safepoint: 217541 ns, Cleanup: 95542 ns, At safepoint: 2208 ns, Total: 315291 ns
[2025-06-05T16:29:51.558+0000][19.031s][debug][safepoint   ] Safepoint synchronization initiated using futex wait barrier. (22 threads)
[2025-06-05T16:29:51.561+0000][19.034s][info ][safepoint   ] Safepoint "ICBufferFull", Time since last: 243064334 ns, Reaching safepoint: 3479416 ns, Cleanup: 102500 ns, At safepoint: 6792 ns, Total: 3588708 ns
[2025-06-05T16:29:51.750+0000][19.223s][debug][safepoint   ] Safepoint synchronization initiated using futex wait barrier. (22 threads)
[2025-06-05T16:29:51.750+0000][19.223s][info ][safepoint   ] Safepoint "ICBufferFull", Time since last: 188604292 ns, Reaching safepoint: 207000 ns, Cleanup: 68041 ns, At safepoint: 7417 ns, Total: 282458 ns
[2025-06-05T16:29:51.769+0000][19.242s][debug][safepoint   ] Safepoint synchronization initiated using futex wait barrier. (22 threads)
[2025-06-05T16:29:51.769+0000][19.243s][info ][safepoint   ] Safepoint "ICBufferFull", Time since last: 19076292 ns, Reaching safepoint: 139500 ns, Cleanup: 137750 ns, At safepoint: 10375 ns, Total: 287625 ns
[2025-06-05T16:29:51.963+0000][19.436s][debug][safepoint   ] Safepoint synchronization initiated using futex wait barrier. (22 threads)
[2025-06-05T16:29:51.964+0000][19.437s][info ][gc,start    ] GC(50) Pause Young (Normal) (G1 Evacuation Pause)
[2025-06-05T16:29:51.964+0000][19.437s][info ][gc,task     ] GC(50) Using 2 workers of 2 for evacuation
[2025-06-05T16:29:52.012+0000][19.485s][info ][gc,phases   ] GC(50)   Pre Evacuate Collection Set: 0.2ms
[2025-06-05T16:29:52.012+0000][19.485s][info ][gc,phases   ] GC(50)   Merge Heap Roots: 0.3ms
[2025-06-05T16:29:52.012+0000][19.485s][info ][gc,phases   ] GC(50)   Evacuate Collection Set: 37.6ms
[2025-06-05T16:29:52.012+0000][19.485s][info ][gc,phases   ] GC(50)   Post Evacuate Collection Set: 10.0ms
[2025-06-05T16:29:52.012+0000][19.485s][info ][gc,phases   ] GC(50)   Other: 0.3ms
[2025-06-05T16:29:52.012+0000][19.485s][info ][gc,heap     ] GC(50) Eden regions: 204->0(199)
[2025-06-05T16:29:52.012+0000][19.485s][info ][gc,heap     ] GC(50) Survivor regions: 6->11(27)
[2025-06-05T16:29:52.012+0000][19.486s][info ][gc,heap     ] GC(50) Old regions: 80->80
[2025-06-05T16:29:52.012+0000][19.486s][info ][gc,heap     ] GC(50) Archive regions: 2->2
[2025-06-05T16:29:52.012+0000][19.486s][info ][gc,heap     ] GC(50) Humongous regions: 0->0
[2025-06-05T16:29:52.012+0000][19.486s][info ][gc,metaspace] GC(50) Metaspace: 94862K(95424K)->94862K(95424K) NonClass: 82566K(82880K)->82566K(82880K) Class: 12295K(12544K)->12295K(12544K)
[2025-06-05T16:29:52.012+0000][19.486s][info ][gc          ] GC(50) Pause Young (Normal) (G1 Evacuation Pause) 290M->90M(350M) 48.834ms
[2025-06-05T16:29:52.012+0000][19.486s][info ][gc,cpu      ] GC(50) User=0.10s Sys=0.00s Real=0.05s
[2025-06-05T16:29:52.013+0000][19.486s][info ][safepoint   ] Safepoint "G1CollectForAllocation", Time since last: 193791792 ns, Reaching safepoint: 256541 ns, Cleanup: 63500 ns, At safepoint: 49073334 ns, Total: 49393375 ns
[2025-06-05T16:29:52.741+0000][20.215s][debug][safepoint   ] Safepoint synchronization initiated using futex wait barrier. (22 threads)
[2025-06-05T16:29:52.742+0000][20.215s][info ][safepoint   ] Safepoint "ICBufferFull", Time since last: 728898833 ns, Reaching safepoint: 182542 ns, Cleanup: 84042 ns, At safepoint: 2541 ns, Total: 269125 ns
[2025-06-05T16:29:53.039+0000][20.513s][debug][safepoint   ] Safepoint synchronization initiated using futex wait barrier. (23 threads)
[2025-06-05T16:29:53.040+0000][20.513s][info ][gc,start    ] GC(51) Pause Young (Normal) (G1 Evacuation Pause)
[2025-06-05T16:29:53.040+0000][20.513s][info ][gc,task     ] GC(51) Using 2 workers of 2 for evacuation
[2025-06-05T16:29:53.060+0000][20.533s][info ][gc,phases   ] GC(51)   Pre Evacuate Collection Set: 0.2ms
[2025-06-05T16:29:53.060+0000][20.533s][info ][gc,phases   ] GC(51)   Merge Heap Roots: 0.2ms
[2025-06-05T16:29:53.060+0000][20.533s][info ][gc,phases   ] GC(51)   Evacuate Collection Set: 17.5ms
[2025-06-05T16:29:53.060+0000][20.534s][info ][gc,phases   ] GC(51)   Post Evacuate Collection Set: 2.1ms
[2025-06-05T16:29:53.060+0000][20.534s][info ][gc,phases   ] GC(51)   Other: 0.3ms
[2025-06-05T16:29:53.060+0000][20.534s][info ][gc,heap     ] GC(51) Eden regions: 199->0(196)
[2025-06-05T16:29:53.060+0000][20.534s][info ][gc,heap     ] GC(51) Survivor regions: 11->14(27)
[2025-06-05T16:29:53.060+0000][20.534s][info ][gc,heap     ] GC(51) Old regions: 80->80
[2025-06-05T16:29:53.060+0000][20.534s][info ][gc,heap     ] GC(51) Archive regions: 2->2
[2025-06-05T16:29:53.060+0000][20.534s][info ][gc,heap     ] GC(51) Humongous regions: 0->0
[2025-06-05T16:29:53.061+0000][20.534s][info ][gc,metaspace] GC(51) Metaspace: 100488K(101056K)->100488K(101056K) NonClass: 87365K(87680K)->87365K(87680K) Class: 13123K(13376K)->13123K(13376K)
[2025-06-05T16:29:53.061+0000][20.534s][info ][gc          ] GC(51) Pause Young (Normal) (G1 Evacuation Pause) 289M->94M(350M) 20.799ms
[2025-06-05T16:29:53.061+0000][20.534s][info ][gc,cpu      ] GC(51) User=0.06s Sys=0.00s Real=0.02s
[2025-06-05T16:29:53.061+0000][20.534s][info ][safepoint   ] Safepoint "G1CollectForAllocation", Time since last: 297645917 ns, Reaching safepoint: 273750 ns, Cleanup: 87125 ns, At safepoint: 20953208 ns, Total: 21314083 ns
[2025-06-05T16:29:53.474+0000][20.947s][debug][safepoint   ] Safepoint synchronization initiated using futex wait barrier. (25 threads)
[2025-06-05T16:29:53.474+0000][20.947s][info ][safepoint   ] Safepoint "ICBufferFull", Time since last: 413015251 ns, Reaching safepoint: 153208 ns, Cleanup: 77792 ns, At safepoint: 1583 ns, Total: 232583 ns
[2025-06-05T16:29:53.811+0000][21.285s][debug][safepoint   ] Safepoint synchronization initiated using futex wait barrier. (25 threads)
[2025-06-05T16:29:53.812+0000][21.285s][info ][gc,start    ] GC(52) Pause Young (Normal) (G1 Evacuation Pause)
[2025-06-05T16:29:53.812+0000][21.285s][info ][gc,task     ] GC(52) Using 2 workers of 2 for evacuation
[2025-06-05T16:29:53.841+0000][21.314s][info ][gc,phases   ] GC(52)   Pre Evacuate Collection Set: 0.1ms
[2025-06-05T16:29:53.841+0000][21.314s][info ][gc,phases   ] GC(52)   Merge Heap Roots: 0.1ms
[2025-06-05T16:29:53.841+0000][21.314s][info ][gc,phases   ] GC(52)   Evacuate Collection Set: 25.7ms
[2025-06-05T16:29:53.841+0000][21.314s][info ][gc,phases   ] GC(52)   Post Evacuate Collection Set: 2.9ms
[2025-06-05T16:29:53.841+0000][21.314s][info ][gc,phases   ] GC(52)   Other: 0.2ms
[2025-06-05T16:29:53.841+0000][21.315s][info ][gc,heap     ] GC(52) Eden regions: 196->0(193)
[2025-06-05T16:29:53.841+0000][21.315s][info ][gc,heap     ] GC(52) Survivor regions: 14->17(27)
[2025-06-05T16:29:53.841+0000][21.315s][info ][gc,heap     ] GC(52) Old regions: 80->80
[2025-06-05T16:29:53.841+0000][21.315s][info ][gc,heap     ] GC(52) Archive regions: 2->2
[2025-06-05T16:29:53.841+0000][21.315s][info ][gc,heap     ] GC(52) Humongous regions: 0->0
[2025-06-05T16:29:53.841+0000][21.315s][info ][gc,metaspace] GC(52) Metaspace: 105836K(106432K)->105836K(106432K) NonClass: 92003K(92288K)->92003K(92288K) Class: 13833K(14144K)->13833K(14144K)
[2025-06-05T16:29:53.842+0000][21.315s][info ][gc          ] GC(52) Pause Young (Normal) (G1 Evacuation Pause) 290M->97M(350M) 29.870ms
[2025-06-05T16:29:53.842+0000][21.315s][info ][gc,cpu      ] GC(52) User=0.03s Sys=0.00s Real=0.03s
[2025-06-05T16:29:53.842+0000][21.315s][info ][safepoint   ] Safepoint "G1CollectForAllocation", Time since last: 337544000 ns, Reaching safepoint: 151417 ns, Cleanup: 67250 ns, At safepoint: 30024833 ns, Total: 30243500 ns
[2025-06-05T16:29:54.137+0000][21.610s][debug][safepoint   ] Safepoint synchronization initiated using futex wait barrier. (28 threads)
[2025-06-05T16:29:54.142+0000][21.615s][info ][safepoint   ] Safepoint "ICBufferFull", Time since last: 295372125 ns, Reaching safepoint: 4910834 ns, Cleanup: 79583 ns, At safepoint: 4792 ns, Total: 4995209 ns
[2025-06-05T16:29:54.445+0000][21.919s][debug][safepoint   ] Safepoint synchronization initiated using futex wait barrier. (35 threads)
[2025-06-05T16:29:54.446+0000][21.919s][info ][safepoint   ] Safepoint "ICBufferFull", Time since last: 303194500 ns, Reaching safepoint: 132000 ns, Cleanup: 138458 ns, At safepoint: 2833 ns, Total: 273291 ns
[2025-06-05T16:29:54.791+0000][22.265s][debug][safepoint   ] Safepoint synchronization initiated using futex wait barrier. (35 threads)
[2025-06-05T16:29:54.792+0000][22.265s][info ][gc,start    ] GC(53) Pause Young (Normal) (G1 Evacuation Pause)
[2025-06-05T16:29:54.792+0000][22.265s][info ][gc,task     ] GC(53) Using 2 workers of 2 for evacuation
[2025-06-05T16:29:54.837+0000][22.311s][info ][gc,phases   ] GC(53)   Pre Evacuate Collection Set: 0.3ms
[2025-06-05T16:29:54.838+0000][22.311s][info ][gc,phases   ] GC(53)   Merge Heap Roots: 0.4ms
[2025-06-05T16:29:54.838+0000][22.311s][info ][gc,phases   ] GC(53)   Evacuate Collection Set: 41.5ms
[2025-06-05T16:29:54.838+0000][22.311s][info ][gc,phases   ] GC(53)   Post Evacuate Collection Set: 3.2ms
[2025-06-05T16:29:54.838+0000][22.311s][info ][gc,phases   ] GC(53)   Other: 0.4ms
[2025-06-05T16:29:54.838+0000][22.311s][info ][gc,heap     ] GC(53) Eden regions: 193->0(193)
[2025-06-05T16:29:54.838+0000][22.311s][info ][gc,heap     ] GC(53) Survivor regions: 17->17(27)
[2025-06-05T16:29:54.838+0000][22.311s][info ][gc,heap     ] GC(53) Old regions: 80->85
[2025-06-05T16:29:54.838+0000][22.311s][info ][gc,heap     ] GC(53) Archive regions: 2->2
[2025-06-05T16:29:54.838+0000][22.311s][info ][gc,heap     ] GC(53) Humongous regions: 0->0
[2025-06-05T16:29:54.838+0000][22.311s][info ][gc,metaspace] GC(53) Metaspace: 109221K(109888K)->109221K(109888K) NonClass: 95094K(95424K)->95094K(95424K) Class: 14127K(14464K)->14127K(14464K)
[2025-06-05T16:29:54.838+0000][22.311s][info ][gc          ] GC(53) Pause Young (Normal) (G1 Evacuation Pause) 290M->101M(350M) 46.329ms
[2025-06-05T16:29:54.838+0000][22.312s][info ][gc,cpu      ] GC(53) User=0.07s Sys=0.00s Real=0.05s
[2025-06-05T16:29:54.838+0000][22.312s][info ][safepoint   ] Safepoint "G1CollectForAllocation", Time since last: 345775459 ns, Reaching safepoint: 313167 ns, Cleanup: 76833 ns, At safepoint: 46572542 ns, Total: 46962542 ns
[2025-06-05T16:29:55.000+0000][22.474s][debug][safepoint   ] Safepoint synchronization initiated using futex wait barrier. (35 threads)
[2025-06-05T16:29:55.001+0000][22.474s][info ][safepoint   ] Safepoint "ICBufferFull", Time since last: 161906916 ns, Reaching safepoint: 230167 ns, Cleanup: 169833 ns, At safepoint: 9375 ns, Total: 409375 ns
[2025-06-05T16:29:55.379+0000][22.852s][debug][safepoint   ] Safepoint synchronization initiated using futex wait barrier. (36 threads)
[2025-06-05T16:29:55.379+0000][22.853s][info ][safepoint   ] Safepoint "ICBufferFull", Time since last: 378387667 ns, Reaching safepoint: 173084 ns, Cleanup: 79375 ns, At safepoint: 10875 ns, Total: 263334 ns
[2025-06-05T16:29:55.557+0000][23.030s][debug][safepoint   ] Safepoint synchronization initiated using futex wait barrier. (36 threads)
[2025-06-05T16:29:55.557+0000][23.031s][info ][safepoint   ] Safepoint "ICBufferFull", Time since last: 177798916 ns, Reaching safepoint: 144292 ns, Cleanup: 73458 ns, At safepoint: 2375 ns, Total: 220125 ns
[2025-06-05T16:29:55.652+0000][23.125s][debug][safepoint   ] Safepoint synchronization initiated using futex wait barrier. (36 threads)
[2025-06-05T16:29:55.652+0000][23.126s][info ][safepoint   ] Safepoint "ICBufferFull", Time since last: 94744917 ns, Reaching safepoint: 144375 ns, Cleanup: 62333 ns, At safepoint: 5625 ns, Total: 212333 ns
[2025-06-05T16:29:55.782+0000][23.256s][debug][safepoint   ] Safepoint synchronization initiated using futex wait barrier. (36 threads)
[2025-06-05T16:29:55.782+0000][23.256s][info ][safepoint   ] Safepoint "ICBufferFull", Time since last: 130049542 ns, Reaching safepoint: 122875 ns, Cleanup: 55208 ns, At safepoint: 1459 ns, Total: 179542 ns
[2025-06-05T16:29:55.792+0000][23.266s][debug][safepoint   ] Safepoint synchronization initiated using futex wait barrier. (36 threads)
[2025-06-05T16:29:55.792+0000][23.266s][info ][gc,start    ] GC(54) Pause Young (Normal) (G1 Evacuation Pause)
[2025-06-05T16:29:55.793+0000][23.266s][info ][gc,task     ] GC(54) Using 2 workers of 2 for evacuation
[2025-06-05T16:29:55.833+0000][23.306s][info ][gc,phases   ] GC(54)   Pre Evacuate Collection Set: 0.1ms
[2025-06-05T16:29:55.833+0000][23.306s][info ][gc,phases   ] GC(54)   Merge Heap Roots: 0.2ms
[2025-06-05T16:29:55.833+0000][23.307s][info ][gc,phases   ] GC(54)   Evacuate Collection Set: 38.3ms
[2025-06-05T16:29:55.833+0000][23.307s][info ][gc,phases   ] GC(54)   Post Evacuate Collection Set: 1.7ms
[2025-06-05T16:29:55.833+0000][23.307s][info ][gc,phases   ] GC(54)   Other: 0.2ms
[2025-06-05T16:29:55.833+0000][23.307s][info ][gc,heap     ] GC(54) Eden regions: 193->0(190)
[2025-06-05T16:29:55.833+0000][23.307s][info ][gc,heap     ] GC(54) Survivor regions: 17->17(27)
[2025-06-05T16:29:55.834+0000][23.307s][info ][gc,heap     ] GC(54) Old regions: 85->89
[2025-06-05T16:29:55.834+0000][23.307s][info ][gc,heap     ] GC(54) Archive regions: 2->2
[2025-06-05T16:29:55.834+0000][23.307s][info ][gc,heap     ] GC(54) Humongous regions: 0->0
[2025-06-05T16:29:55.834+0000][23.307s][info ][gc,metaspace] GC(54) Metaspace: 115295K(115968K)->115295K(115968K) NonClass: 100558K(100928K)->100558K(100928K) Class: 14737K(15040K)->14737K(15040K)
[2025-06-05T16:29:55.834+0000][23.307s][info ][gc          ] GC(54) Pause Young (Normal) (G1 Evacuation Pause) 294M->106M(350M) 41.289ms
[2025-06-05T16:29:55.834+0000][23.307s][info ][gc,cpu      ] GC(54) User=0.07s Sys=0.00s Real=0.04s
[2025-06-05T16:29:55.834+0000][23.307s][info ][safepoint   ] Safepoint "G1CollectForAllocation", Time since last: 9823208 ns, Reaching safepoint: 134042 ns, Cleanup: 15583 ns, At safepoint: 41482792 ns, Total: 41632417 ns
[2025-06-05T16:29:55.941+0000][23.414s][debug][safepoint   ] ... found polling page loop exception at pc = 0x0000ffff9a162bb8, stub =0x0000ffffa097ef00
[2025-06-05T16:29:55.957+0000][23.430s][debug][safepoint   ] Safepoint synchronization initiated using futex wait barrier. (36 threads)
[2025-06-05T16:29:55.959+0000][23.432s][info ][safepoint   ] Safepoint "ICBufferFull", Time since last: 122612166 ns, Reaching safepoint: 2043459 ns, Cleanup: 94041 ns, At safepoint: 8459 ns, Total: 2145959 ns
[2025-06-05T16:29:56.080+0000][23.553s][debug][safepoint   ] Safepoint synchronization initiated using futex wait barrier. (37 threads)
[2025-06-05T16:29:56.080+0000][23.554s][info ][safepoint   ] Safepoint "ICBufferFull", Time since last: 121387958 ns, Reaching safepoint: 140459 ns, Cleanup: 90166 ns, At safepoint: 4125 ns, Total: 234750 ns
[2025-06-05T16:29:56.411+0000][23.885s][debug][safepoint   ] Safepoint synchronization initiated using futex wait barrier. (39 threads)
[2025-06-05T16:29:56.412+0000][23.885s][info ][safepoint   ] Safepoint "ICBufferFull", Time since last: 330923875 ns, Reaching safepoint: 312459 ns, Cleanup: 89208 ns, At safepoint: 3208 ns, Total: 404875 ns
[2025-06-05T16:29:57.002+0000][24.475s][debug][safepoint   ] Safepoint synchronization initiated using futex wait barrier. (45 threads)
[2025-06-05T16:29:57.003+0000][24.476s][info ][gc,start    ] GC(55) Pause Young (Normal) (G1 Evacuation Pause)
[2025-06-05T16:29:57.003+0000][24.476s][info ][gc,task     ] GC(55) Using 2 workers of 2 for evacuation
[2025-06-05T16:29:57.063+0000][24.536s][info ][gc,phases   ] GC(55)   Pre Evacuate Collection Set: 0.3ms
[2025-06-05T16:29:57.063+0000][24.536s][info ][gc,phases   ] GC(55)   Merge Heap Roots: 0.3ms
[2025-06-05T16:29:57.063+0000][24.536s][info ][gc,phases   ] GC(55)   Evacuate Collection Set: 52.3ms
[2025-06-05T16:29:57.063+0000][24.536s][info ][gc,phases   ] GC(55)   Post Evacuate Collection Set: 6.7ms
[2025-06-05T16:29:57.063+0000][24.536s][info ][gc,phases   ] GC(55)   Other: 0.3ms
[2025-06-05T16:29:57.063+0000][24.537s][info ][gc,heap     ] GC(55) Eden regions: 190->0(182)
[2025-06-05T16:29:57.063+0000][24.537s][info ][gc,heap     ] GC(55) Survivor regions: 17->19(26)
[2025-06-05T16:29:57.063+0000][24.537s][info ][gc,heap     ] GC(55) Old regions: 89->93
[2025-06-05T16:29:57.063+0000][24.537s][info ][gc,heap     ] GC(55) Archive regions: 2->2
[2025-06-05T16:29:57.063+0000][24.537s][info ][gc,heap     ] GC(55) Humongous regions: 0->0
[2025-06-05T16:29:57.063+0000][24.537s][info ][gc,metaspace] GC(55) Metaspace: 124876K(125888K)->124876K(125888K) NonClass: 108940K(109504K)->108940K(109504K) Class: 15935K(16384K)->15935K(16384K)
[2025-06-05T16:29:57.064+0000][24.537s][info ][gc          ] GC(55) Pause Young (Normal) (G1 Evacuation Pause) 296M->111M(350M) 60.469ms
[2025-06-05T16:29:57.064+0000][24.537s][info ][gc,cpu      ] GC(55) User=0.12s Sys=0.00s Real=0.06s
[2025-06-05T16:29:57.065+0000][24.538s][info ][safepoint   ] Safepoint "G1CollectForAllocation", Time since last: 589815584 ns, Reaching safepoint: 1487042 ns, Cleanup: 84541 ns, At safepoint: 61943834 ns, Total: 63515417 ns
[2025-06-05T16:29:57.309+0000][24.782s][debug][safepoint   ] Safepoint synchronization initiated using futex wait barrier. (47 threads)
[2025-06-05T16:29:57.310+0000][24.783s][info ][safepoint   ] Safepoint "ICBufferFull", Time since last: 244167416 ns, Reaching safepoint: 293459 ns, Cleanup: 78000 ns, At safepoint: 2791 ns, Total: 374250 ns
[2025-06-05T16:29:58.043+0000][25.516s][debug][safepoint   ] Safepoint synchronization initiated using futex wait barrier. (48 threads)
[2025-06-05T16:29:58.043+0000][25.517s][info ][gc,start    ] GC(56) Pause Young (Normal) (G1 Evacuation Pause)
[2025-06-05T16:29:58.043+0000][25.517s][info ][gc,task     ] GC(56) Using 2 workers of 2 for evacuation
[2025-06-05T16:29:58.095+0000][25.568s][info ][gc,phases   ] GC(56)   Pre Evacuate Collection Set: 0.2ms
[2025-06-05T16:29:58.095+0000][25.568s][info ][gc,phases   ] GC(56)   Merge Heap Roots: 0.4ms
[2025-06-05T16:29:58.095+0000][25.568s][info ][gc,phases   ] GC(56)   Evacuate Collection Set: 46.2ms
[2025-06-05T16:29:58.095+0000][25.568s][info ][gc,phases   ] GC(56)   Post Evacuate Collection Set: 4.1ms
[2025-06-05T16:29:58.095+0000][25.568s][info ][gc,phases   ] GC(56)   Other: 0.4ms
[2025-06-05T16:29:58.095+0000][25.569s][info ][gc,heap     ] GC(56) Eden regions: 182->0(182)
[2025-06-05T16:29:58.095+0000][25.569s][info ][gc,heap     ] GC(56) Survivor regions: 19->15(26)
[2025-06-05T16:29:58.095+0000][25.569s][info ][gc,heap     ] GC(56) Old regions: 93->101
[2025-06-05T16:29:58.095+0000][25.569s][info ][gc,heap     ] GC(56) Archive regions: 2->2
[2025-06-05T16:29:58.095+0000][25.569s][info ][gc,heap     ] GC(56) Humongous regions: 1->0
[2025-06-05T16:29:58.095+0000][25.569s][info ][gc,metaspace] GC(56) Metaspace: 128846K(129856K)->128846K(129856K) NonClass: 112647K(113152K)->112647K(113152K) Class: 16198K(16704K)->16198K(16704K)
[2025-06-05T16:29:58.096+0000][25.569s][info ][gc          ] GC(56) Pause Young (Normal) (G1 Evacuation Pause) 294M->115M(350M) 52.187ms
[2025-06-05T16:29:58.096+0000][25.569s][info ][gc,cpu      ] GC(56) User=0.10s Sys=0.00s Real=0.05s
[2025-06-05T16:29:58.096+0000][25.569s][info ][safepoint   ] Safepoint "G1CollectForAllocation", Time since last: 733398084 ns, Reaching safepoint: 228792 ns, Cleanup: 108625 ns, At safepoint: 52473375 ns, Total: 52810792 ns
[2025-06-05T16:29:58.329+0000][25.802s][debug][safepoint   ] ... found polling page loop exception at pc = 0x0000ffffa1025ad4, stub =0x0000ffffa097ef00
[2025-06-05T16:29:58.356+0000][25.830s][debug][safepoint   ] Safepoint synchronization initiated using futex wait barrier. (48 threads)
[2025-06-05T16:29:58.357+0000][25.830s][debug][safepoint   ] ... found polling page loop exception at pc = 0x0000ffffa0f58924, stub =0x0000ffffa097ef00
[2025-06-05T16:29:58.358+0000][25.831s][info ][safepoint   ] Safepoint "ICBufferFull", Time since last: 260730375 ns, Reaching safepoint: 1417750 ns, Cleanup: 100792 ns, At safepoint: 13875 ns, Total: 1532417 ns
[2025-06-05T16:29:58.834+0000][26.307s][debug][safepoint   ] Safepoint synchronization initiated using futex wait barrier. (51 threads)
[2025-06-05T16:29:58.834+0000][26.308s][info ][gc,start    ] GC(57) Pause Young (Normal) (G1 Evacuation Pause)
[2025-06-05T16:29:58.834+0000][26.308s][info ][gc,task     ] GC(57) Using 2 workers of 2 for evacuation
[2025-06-05T16:29:58.861+0000][26.334s][info ][gc,phases   ] GC(57)   Pre Evacuate Collection Set: 0.1ms
[2025-06-05T16:29:58.861+0000][26.335s][info ][gc,phases   ] GC(57)   Merge Heap Roots: 0.2ms
[2025-06-05T16:29:58.861+0000][26.335s][info ][gc,phases   ] GC(57)   Evacuate Collection Set: 24.5ms
[2025-06-05T16:29:58.861+0000][26.335s][info ][gc,phases   ] GC(57)   Post Evacuate Collection Set: 1.9ms
[2025-06-05T16:29:58.861+0000][26.335s][info ][gc,phases   ] GC(57)   Other: 0.2ms
[2025-06-05T16:29:58.861+0000][26.335s][info ][gc,heap     ] GC(57) Eden regions: 182->0(181)
[2025-06-05T16:29:58.862+0000][26.335s][info ][gc,heap     ] GC(57) Survivor regions: 15->13(25)
[2025-06-05T16:29:58.862+0000][26.335s][info ][gc,heap     ] GC(57) Old regions: 101->105
[2025-06-05T16:29:58.862+0000][26.335s][info ][gc,heap     ] GC(57) Archive regions: 2->2
[2025-06-05T16:29:58.862+0000][26.335s][info ][gc,heap     ] GC(57) Humongous regions: 0->0
[2025-06-05T16:29:58.862+0000][26.335s][info ][gc,metaspace] GC(57) Metaspace: 132484K(133504K)->132484K(133504K) NonClass: 115837K(116352K)->115837K(116352K) Class: 16647K(17152K)->16647K(17152K)
[2025-06-05T16:29:58.862+0000][26.335s][info ][gc          ] GC(57) Pause Young (Normal) (G1 Evacuation Pause) 297M->118M(350M) 27.366ms
[2025-06-05T16:29:58.862+0000][26.335s][info ][gc,cpu      ] GC(57) User=0.05s Sys=0.00s Real=0.03s
[2025-06-05T16:29:58.862+0000][26.335s][info ][safepoint   ] Safepoint "G1CollectForAllocation", Time since last: 476108791 ns, Reaching safepoint: 143625 ns, Cleanup: 89459 ns, At safepoint: 27513750 ns, Total: 27746834 ns
[2025-06-05T16:29:59.637+0000][27.110s][debug][safepoint   ] Safepoint synchronization initiated using futex wait barrier. (52 threads)
[2025-06-05T16:29:59.637+0000][27.110s][info ][gc,start    ] GC(58) Pause Young (Concurrent Start) (Metadata GC Threshold)
[2025-06-05T16:29:59.638+0000][27.111s][info ][gc,task     ] GC(58) Using 2 workers of 2 for evacuation
[2025-06-05T16:29:59.674+0000][27.147s][info ][gc,phases   ] GC(58)   Pre Evacuate Collection Set: 1.3ms
[2025-06-05T16:29:59.674+0000][27.147s][info ][gc,phases   ] GC(58)   Merge Heap Roots: 0.7ms
[2025-06-05T16:29:59.674+0000][27.147s][info ][gc,phases   ] GC(58)   Evacuate Collection Set: 30.6ms
[2025-06-05T16:29:59.674+0000][27.147s][info ][gc,phases   ] GC(58)   Post Evacuate Collection Set: 3.3ms
[2025-06-05T16:29:59.674+0000][27.147s][info ][gc,phases   ] GC(58)   Other: 0.6ms
[2025-06-05T16:29:59.674+0000][27.147s][info ][gc,heap     ] GC(58) Eden regions: 152->0(176)
[2025-06-05T16:29:59.674+0000][27.147s][info ][gc,heap     ] GC(58) Survivor regions: 13->16(25)
[2025-06-05T16:29:59.674+0000][27.147s][info ][gc,heap     ] GC(58) Old regions: 105->105
[2025-06-05T16:29:59.674+0000][27.147s][info ][gc,heap     ] GC(58) Archive regions: 2->2
[2025-06-05T16:29:59.674+0000][27.147s][info ][gc,heap     ] GC(58) Humongous regions: 0->0
[2025-06-05T16:29:59.675+0000][27.147s][info ][gc,metaspace] GC(58) Metaspace: 136134K(137088K)->136134K(137088K) NonClass: 119124K(119616K)->119124K(119616K) Class: 17009K(17472K)->17009K(17472K)
[2025-06-05T16:29:59.675+0000][27.148s][info ][gc          ] GC(58) Pause Young (Concurrent Start) (Metadata GC Threshold) 270M->120M(350M) 37.096ms
[2025-06-05T16:29:59.675+0000][27.148s][info ][gc,cpu      ] GC(58) User=0.07s Sys=0.00s Real=0.04s
[2025-06-05T16:29:59.675+0000][27.148s][info ][gc          ] GC(59) Concurrent Mark Cycle
[2025-06-05T16:29:59.675+0000][27.148s][info ][gc,marking  ] GC(59) Concurrent Clear Claimed Marks
[2025-06-05T16:29:59.675+0000][27.148s][info ][safepoint   ] Safepoint "CollectForMetadataAllocation", Time since last: 774906417 ns, Reaching safepoint: 241958 ns, Cleanup: 62917 ns, At safepoint: 37376083 ns, Total: 37680958 ns
[2025-06-05T16:29:59.676+0000][27.148s][info ][gc,marking  ] GC(59) Concurrent Clear Claimed Marks 0.483ms
[2025-06-05T16:29:59.679+0000][27.152s][info ][gc,marking  ] GC(59) Concurrent Scan Root Regions
[2025-06-05T16:29:59.705+0000][27.178s][info ][gc,marking  ] GC(59) Concurrent Scan Root Regions 25.770ms
[2025-06-05T16:29:59.705+0000][27.178s][info ][gc,marking  ] GC(59) Concurrent Mark
[2025-06-05T16:29:59.705+0000][27.178s][info ][gc,marking  ] GC(59) Concurrent Mark From Roots
[2025-06-05T16:29:59.705+0000][27.178s][info ][gc,task     ] GC(59) Using 1 workers of 1 for marking
[2025-06-05T16:29:59.845+0000][27.318s][debug][safepoint   ] Safepoint synchronization initiated using futex wait barrier. (52 threads)
[2025-06-05T16:29:59.845+0000][27.318s][info ][safepoint   ] Safepoint "CollectForMetadataAllocation", Time since last: 169822208 ns, Reaching safepoint: 202542 ns, Cleanup: 45167 ns, At safepoint: 54166 ns, Total: 301875 ns
[2025-06-05T16:29:59.964+0000][27.437s][debug][safepoint   ] Safepoint synchronization initiated using futex wait barrier. (52 threads)
[2025-06-05T16:29:59.965+0000][27.438s][info ][safepoint   ] Safepoint "CollectForMetadataAllocation", Time since last: 119337542 ns, Reaching safepoint: 255708 ns, Cleanup: 20625 ns, At safepoint: 36584 ns, Total: 312917 ns
[2025-06-05T16:29:59.968+0000][27.441s][info ][gc,marking  ] GC(59) Concurrent Mark From Roots 262.812ms
[2025-06-05T16:29:59.972+0000][27.445s][info ][gc,marking  ] GC(59) Concurrent Preclean
[2025-06-05T16:29:59.972+0000][27.445s][info ][gc,marking  ] GC(59) Concurrent Preclean 0.337ms
[2025-06-05T16:29:59.972+0000][27.445s][debug][safepoint   ] Safepoint synchronization initiated using futex wait barrier. (52 threads)
[2025-06-05T16:29:59.973+0000][27.446s][info ][gc,start    ] GC(59) Pause Remark
[2025-06-05T16:29:59.993+0000][27.466s][info ][gc          ] GC(59) Pause Remark 162M->162M(350M) 20.504ms
[2025-06-05T16:29:59.993+0000][27.466s][info ][gc,cpu      ] GC(59) User=0.04s Sys=0.00s Real=0.02s
[2025-06-05T16:29:59.993+0000][27.466s][info ][safepoint   ] Safepoint "G1PauseRemark", Time since last: 7835833 ns, Reaching safepoint: 278542 ns, Cleanup: 4083 ns, At safepoint: 20792167 ns, Total: 21074792 ns
[2025-06-05T16:29:59.994+0000][27.467s][info ][gc,marking  ] GC(59) Concurrent Mark 288.693ms
[2025-06-05T16:29:59.997+0000][27.470s][info ][gc,marking  ] GC(59) Concurrent Rebuild Remembered Sets
[2025-06-05T16:30:00.100+0000][27.572s][info ][gc,marking  ] GC(59) Concurrent Rebuild Remembered Sets 102.571ms
[2025-06-05T16:30:00.139+0000][27.612s][debug][safepoint   ] Safepoint synchronization initiated using futex wait barrier. (52 threads)
[2025-06-05T16:30:00.139+0000][27.612s][info ][gc,start    ] GC(59) Pause Cleanup
[2025-06-05T16:30:00.140+0000][27.612s][info ][gc          ] GC(59) Pause Cleanup 181M->181M(350M) 0.409ms
[2025-06-05T16:30:00.140+0000][27.613s][info ][gc,cpu      ] GC(59) User=0.00s Sys=0.00s Real=0.00s
[2025-06-05T16:30:00.140+0000][27.613s][info ][safepoint   ] Safepoint "G1PauseCleanup", Time since last: 145326375 ns, Reaching safepoint: 273083 ns, Cleanup: 42792 ns, At safepoint: 620875 ns, Total: 936750 ns
[2025-06-05T16:30:00.145+0000][27.617s][info ][gc,marking  ] GC(59) Concurrent Cleanup for Next Mark
[2025-06-05T16:30:00.160+0000][27.633s][info ][gc,marking  ] GC(59) Concurrent Cleanup for Next Mark 15.665ms
[2025-06-05T16:30:00.161+0000][27.634s][info ][gc          ] GC(59) Concurrent Mark Cycle 486.185ms
[2025-06-05T16:30:00.645+0000][28.118s][debug][safepoint   ] Safepoint synchronization initiated using futex wait barrier. (53 threads)
[2025-06-05T16:30:00.645+0000][28.118s][info ][gc,start    ] GC(60) Pause Young (Prepare Mixed) (G1 Evacuation Pause)
[2025-06-05T16:30:00.646+0000][28.119s][info ][gc,task     ] GC(60) Using 2 workers of 2 for evacuation
[2025-06-05T16:30:00.686+0000][28.159s][info ][gc,phases   ] GC(60)   Pre Evacuate Collection Set: 0.2ms
[2025-06-05T16:30:00.687+0000][28.160s][info ][gc,phases   ] GC(60)   Merge Heap Roots: 0.3ms
[2025-06-05T16:30:00.687+0000][28.160s][info ][gc,phases   ] GC(60)   Evacuate Collection Set: 36.6ms
[2025-06-05T16:30:00.687+0000][28.160s][info ][gc,phases   ] GC(60)   Post Evacuate Collection Set: 3.6ms
[2025-06-05T16:30:00.687+0000][28.160s][info ][gc,phases   ] GC(60)   Other: 0.4ms
[2025-06-05T16:30:00.687+0000][28.160s][info ][gc,heap     ] GC(60) Eden regions: 176->0(2)
[2025-06-05T16:30:00.687+0000][28.160s][info ][gc,heap     ] GC(60) Survivor regions: 16->15(24)
[2025-06-05T16:30:00.687+0000][28.160s][info ][gc,heap     ] GC(60) Old regions: 105->110
[2025-06-05T16:30:00.687+0000][28.160s][info ][gc,heap     ] GC(60) Archive regions: 2->2
[2025-06-05T16:30:00.687+0000][28.160s][info ][gc,heap     ] GC(60) Humongous regions: 0->0
[2025-06-05T16:30:00.687+0000][28.160s][info ][gc,metaspace] GC(60) Metaspace: 138871K(139904K)->138871K(139904K) NonClass: 121676K(122240K)->121676K(122240K) Class: 17194K(17664K)->17194K(17664K)
[2025-06-05T16:30:00.687+0000][28.160s][info ][gc          ] GC(60) Pause Young (Prepare Mixed) (G1 Evacuation Pause) 296M->125M(350M) 41.825ms
[2025-06-05T16:30:00.687+0000][28.160s][info ][gc,cpu      ] GC(60) User=0.08s Sys=0.01s Real=0.04s
[2025-06-05T16:30:00.687+0000][28.160s][info ][safepoint   ] Safepoint "G1CollectForAllocation", Time since last: 505248542 ns, Reaching safepoint: 293791 ns, Cleanup: 68334 ns, At safepoint: 42092250 ns, Total: 42454375 ns
[2025-06-05T16:30:00.710+0000][28.183s][debug][safepoint   ] Safepoint synchronization initiated using futex wait barrier. (56 threads)
[2025-06-05T16:30:00.710+0000][28.183s][info ][gc,start    ] GC(61) Pause Young (Mixed) (G1 Evacuation Pause)
[2025-06-05T16:30:00.710+0000][28.183s][info ][gc,task     ] GC(61) Using 2 workers of 2 for evacuation
[2025-06-05T16:30:00.800+0000][28.273s][info ][gc,phases   ] GC(61)   Pre Evacuate Collection Set: 0.1ms
[2025-06-05T16:30:00.800+0000][28.273s][info ][gc,phases   ] GC(61)   Merge Heap Roots: 0.2ms
[2025-06-05T16:30:00.800+0000][28.273s][info ][gc,phases   ] GC(61)   Evacuate Collection Set: 85.5ms
[2025-06-05T16:30:00.800+0000][28.273s][info ][gc,phases   ] GC(61)   Post Evacuate Collection Set: 3.4ms
[2025-06-05T16:30:00.800+0000][28.273s][info ][gc,phases   ] GC(61)   Other: 0.2ms
[2025-06-05T16:30:00.800+0000][28.273s][info ][gc,heap     ] GC(61) Eden regions: 2->0(174)
[2025-06-05T16:30:00.800+0000][28.273s][info ][gc,heap     ] GC(61) Survivor regions: 15->1(3)
[2025-06-05T16:30:00.800+0000][28.273s][info ][gc,heap     ] GC(61) Old regions: 110->123
[2025-06-05T16:30:00.800+0000][28.273s][info ][gc,heap     ] GC(61) Archive regions: 2->2
[2025-06-05T16:30:00.801+0000][28.274s][info ][gc,heap     ] GC(61) Humongous regions: 0->0
[2025-06-05T16:30:00.801+0000][28.274s][info ][gc,metaspace] GC(61) Metaspace: 139005K(140096K)->139005K(140096K) NonClass: 121789K(122368K)->121789K(122368K) Class: 17216K(17728K)->17216K(17728K)
[2025-06-05T16:30:00.801+0000][28.274s][info ][gc          ] GC(61) Pause Young (Mixed) (G1 Evacuation Pause) 127M->124M(350M) 90.388ms
[2025-06-05T16:30:00.801+0000][28.274s][info ][gc,cpu      ] GC(61) User=0.13s Sys=0.00s Real=0.09s
[2025-06-05T16:30:00.801+0000][28.274s][info ][safepoint   ] Safepoint "G1CollectForAllocation", Time since last: 22836250 ns, Reaching safepoint: 86416 ns, Cleanup: 6834 ns, At safepoint: 90692458 ns, Total: 90785708 ns
[2025-06-05T16:30:01.483+0000][28.956s][debug][safepoint   ] Safepoint synchronization initiated using futex wait barrier. (56 threads)
[2025-06-05T16:30:01.484+0000][28.956s][info ][gc,start    ] GC(62) Pause Young (Concurrent Start) (G1 Evacuation Pause)
[2025-06-05T16:30:01.484+0000][28.957s][info ][gc,task     ] GC(62) Using 2 workers of 2 for evacuation
[2025-06-05T16:30:01.501+0000][28.974s][info ][gc,phases   ] GC(62)   Pre Evacuate Collection Set: 0.4ms
[2025-06-05T16:30:01.501+0000][28.974s][info ][gc,phases   ] GC(62)   Merge Heap Roots: 0.1ms
[2025-06-05T16:30:01.501+0000][28.974s][info ][gc,phases   ] GC(62)   Evacuate Collection Set: 15.4ms
[2025-06-05T16:30:01.501+0000][28.974s][info ][gc,phases   ] GC(62)   Post Evacuate Collection Set: 1.3ms
[2025-06-05T16:30:01.501+0000][28.974s][info ][gc,phases   ] GC(62)   Other: 0.3ms
[2025-06-05T16:30:01.501+0000][28.974s][info ][gc,heap     ] GC(62) Eden regions: 174->0(167)
[2025-06-05T16:30:01.501+0000][28.974s][info ][gc,heap     ] GC(62) Survivor regions: 1->7(22)
[2025-06-05T16:30:01.502+0000][28.974s][info ][gc,heap     ] GC(62) Old regions: 123->123
[2025-06-05T16:30:01.502+0000][28.975s][info ][gc,heap     ] GC(62) Archive regions: 2->2
[2025-06-05T16:30:01.502+0000][28.975s][info ][gc,heap     ] GC(62) Humongous regions: 0->0
[2025-06-05T16:30:01.502+0000][28.975s][info ][gc,metaspace] GC(62) Metaspace: 142659K(143744K)->142659K(143744K) NonClass: 125253K(125824K)->125253K(125824K) Class: 17405K(17920K)->17405K(17920K)
[2025-06-05T16:30:01.502+0000][28.975s][info ][gc          ] GC(62) Pause Young (Concurrent Start) (G1 Evacuation Pause) 298M->130M(350M) 18.241ms
[2025-06-05T16:30:01.502+0000][28.975s][info ][gc,cpu      ] GC(62) User=0.03s Sys=0.00s Real=0.02s
[2025-06-05T16:30:01.502+0000][28.975s][info ][safepoint   ] Safepoint "G1CollectForAllocation", Time since last: 682193459 ns, Reaching safepoint: 166833 ns, Cleanup: 87875 ns, At safepoint: 18416708 ns, Total: 18671416 ns
[2025-06-05T16:30:01.502+0000][28.975s][info ][gc          ] GC(63) Concurrent Mark Cycle
[2025-06-05T16:30:01.506+0000][28.979s][info ][gc,marking  ] GC(63) Concurrent Clear Claimed Marks
[2025-06-05T16:30:01.506+0000][28.979s][info ][gc,marking  ] GC(63) Concurrent Clear Claimed Marks 0.254ms
[2025-06-05T16:30:01.506+0000][28.979s][info ][gc,marking  ] GC(63) Concurrent Scan Root Regions
[2025-06-05T16:30:01.512+0000][28.985s][info ][gc,marking  ] GC(63) Concurrent Scan Root Regions 6.231ms
[2025-06-05T16:30:01.513+0000][28.986s][info ][gc,marking  ] GC(63) Concurrent Mark
[2025-06-05T16:30:01.513+0000][28.986s][info ][gc,marking  ] GC(63) Concurrent Mark From Roots
[2025-06-05T16:30:01.513+0000][28.986s][info ][gc,task     ] GC(63) Using 1 workers of 1 for marking
[2025-06-05T16:30:01.798+0000][29.271s][info ][gc,marking  ] GC(63) Concurrent Mark From Roots 285.623ms
[2025-06-05T16:30:01.799+0000][29.272s][info ][gc,marking  ] GC(63) Concurrent Preclean
[2025-06-05T16:30:01.800+0000][29.273s][info ][gc,marking  ] GC(63) Concurrent Preclean 0.703ms
[2025-06-05T16:30:01.800+0000][29.273s][debug][safepoint   ] Safepoint synchronization initiated using futex wait barrier. (57 threads)
[2025-06-05T16:30:01.802+0000][29.275s][info ][gc,start    ] GC(63) Pause Remark
[2025-06-05T16:30:01.863+0000][29.336s][info ][gc          ] GC(63) Pause Remark 163M->163M(350M) 60.773ms
[2025-06-05T16:30:01.863+0000][29.336s][info ][gc,cpu      ] GC(63) User=0.06s Sys=0.00s Real=0.06s
[2025-06-05T16:30:01.863+0000][29.336s][info ][safepoint   ] Safepoint "G1PauseRemark", Time since last: 298170084 ns, Reaching safepoint: 2139167 ns, Cleanup: 41791 ns, At safepoint: 61153459 ns, Total: 63334417 ns
[2025-06-05T16:30:01.864+0000][29.337s][info ][gc,marking  ] GC(63) Concurrent Mark 351.174ms
[2025-06-05T16:30:01.867+0000][29.340s][info ][gc,marking  ] GC(63) Concurrent Rebuild Remembered Sets
[2025-06-05T16:30:02.058+0000][29.531s][info ][gc,marking  ] GC(63) Concurrent Rebuild Remembered Sets 190.927ms
[2025-06-05T16:30:02.058+0000][29.531s][debug][safepoint   ] Safepoint synchronization initiated using futex wait barrier. (62 threads)
[2025-06-05T16:30:02.063+0000][29.536s][info ][gc,start    ] GC(63) Pause Cleanup
[2025-06-05T16:30:02.064+0000][29.537s][info ][gc          ] GC(63) Pause Cleanup 179M->179M(350M) 0.296ms
[2025-06-05T16:30:02.064+0000][29.537s][info ][gc,cpu      ] GC(63) User=0.00s Sys=0.00s Real=0.00s
[2025-06-05T16:30:02.064+0000][29.537s][info ][safepoint   ] Safepoint "G1PauseCleanup", Time since last: 194841208 ns, Reaching safepoint: 5074042 ns, Cleanup: 29583 ns, At safepoint: 461542 ns, Total: 5565167 ns
[2025-06-05T16:30:02.065+0000][29.538s][info ][gc,marking  ] GC(63) Concurrent Cleanup for Next Mark
[2025-06-05T16:30:02.073+0000][29.546s][info ][gc,marking  ] GC(63) Concurrent Cleanup for Next Mark 7.407ms
[2025-06-05T16:30:02.073+0000][29.546s][info ][gc          ] GC(63) Concurrent Mark Cycle 570.937ms
[2025-06-05T16:30:02.281+0000][29.754s][info ][cds,heap    ] initialize_from_archived_subgraph jdk.internal.math.FDBigInteger 0x000000c00014c910
[2025-06-05T16:30:02.346+0000][29.819s][debug][safepoint   ] Safepoint synchronization initiated using futex wait barrier. (62 threads)
[2025-06-05T16:30:02.346+0000][29.819s][info ][safepoint   ] Safepoint "ICBufferFull", Time since last: 281891125 ns, Reaching safepoint: 186083 ns, Cleanup: 84417 ns, At safepoint: 8000 ns, Total: 278500 ns
[2025-06-05T16:30:02.549+0000][30.022s][debug][safepoint   ] Safepoint synchronization initiated using futex wait barrier. (62 threads)
[2025-06-05T16:30:02.549+0000][30.022s][info ][safepoint   ] Safepoint "ICBufferFull", Time since last: 203038917 ns, Reaching safepoint: 245666 ns, Cleanup: 73000 ns, At safepoint: 7250 ns, Total: 325916 ns
[2025-06-05T16:30:02.802+0000][30.275s][debug][safepoint   ] Safepoint synchronization initiated using futex wait barrier. (72 threads)
[2025-06-05T16:30:02.803+0000][30.276s][info ][gc,start    ] GC(64) Pause Young (Prepare Mixed) (G1 Evacuation Pause)
[2025-06-05T16:30:02.803+0000][30.276s][info ][gc,task     ] GC(64) Using 2 workers of 2 for evacuation
[2025-06-05T16:30:02.858+0000][30.331s][info ][gc,phases   ] GC(64)   Pre Evacuate Collection Set: 0.3ms
[2025-06-05T16:30:02.859+0000][30.332s][info ][gc,phases   ] GC(64)   Merge Heap Roots: 0.4ms
[2025-06-05T16:30:02.859+0000][30.332s][info ][gc,phases   ] GC(64)   Evacuate Collection Set: 51.6ms
[2025-06-05T16:30:02.859+0000][30.332s][info ][gc,phases   ] GC(64)   Post Evacuate Collection Set: 3.1ms
[2025-06-05T16:30:02.859+0000][30.332s][info ][gc,phases   ] GC(64)   Other: 0.4ms
[2025-06-05T16:30:02.859+0000][30.332s][info ][gc,heap     ] GC(64) Eden regions: 167->0(7)
[2025-06-05T16:30:02.859+0000][30.332s][info ][gc,heap     ] GC(64) Survivor regions: 7->10(22)
[2025-06-05T16:30:02.859+0000][30.332s][info ][gc,heap     ] GC(64) Old regions: 123->123
[2025-06-05T16:30:02.859+0000][30.332s][info ][gc,heap     ] GC(64) Archive regions: 2->2
[2025-06-05T16:30:02.859+0000][30.332s][info ][gc,heap     ] GC(64) Humongous regions: 0->0
[2025-06-05T16:30:02.859+0000][30.332s][info ][gc,metaspace] GC(64) Metaspace: 149542K(150592K)->149542K(150592K) NonClass: 131336K(131904K)->131336K(131904K) Class: 18205K(18688K)->18205K(18688K)
[2025-06-05T16:30:02.859+0000][30.332s][info ][gc          ] GC(64) Pause Young (Prepare Mixed) (G1 Evacuation Pause) 297M->133M(350M) 56.333ms
[2025-06-05T16:30:02.859+0000][30.332s][info ][gc,cpu      ] GC(64) User=0.09s Sys=0.00s Real=0.06s
[2025-06-05T16:30:02.859+0000][30.332s][info ][safepoint   ] Safepoint "G1CollectForAllocation", Time since last: 253057459 ns, Reaching safepoint: 80583 ns, Cleanup: 91083 ns, At safepoint: 56588584 ns, Total: 56760250 ns
[2025-06-05T16:30:02.901+0000][30.374s][debug][safepoint   ] Safepoint synchronization initiated using futex wait barrier. (72 threads)
[2025-06-05T16:30:02.901+0000][30.374s][info ][gc,start    ] GC(65) Pause Young (Mixed) (G1 Evacuation Pause)
[2025-06-05T16:30:02.902+0000][30.375s][info ][gc,task     ] GC(65) Using 2 workers of 2 for evacuation
[2025-06-05T16:30:02.973+0000][30.446s][info ][gc,phases   ] GC(65)   Pre Evacuate Collection Set: 0.6ms
[2025-06-05T16:30:02.974+0000][30.447s][info ][gc,phases   ] GC(65)   Merge Heap Roots: 0.4ms
[2025-06-05T16:30:02.975+0000][30.448s][info ][gc,phases   ] GC(65)   Evacuate Collection Set: 64.0ms
[2025-06-05T16:30:02.975+0000][30.448s][info ][gc,phases   ] GC(65)   Post Evacuate Collection Set: 5.7ms
[2025-06-05T16:30:02.975+0000][30.448s][info ][gc,phases   ] GC(65)   Other: 0.9ms
[2025-06-05T16:30:02.976+0000][30.449s][info ][gc,heap     ] GC(65) Eden regions: 7->0(167)
[2025-06-05T16:30:02.977+0000][30.450s][info ][gc,heap     ] GC(65) Survivor regions: 10->1(3)
[2025-06-05T16:30:02.979+0000][30.452s][info ][gc,heap     ] GC(65) Old regions: 123->131
[2025-06-05T16:30:02.979+0000][30.452s][info ][gc,heap     ] GC(65) Archive regions: 2->2
[2025-06-05T16:30:02.979+0000][30.452s][info ][gc,heap     ] GC(65) Humongous regions: 0->0
[2025-06-05T16:30:02.979+0000][30.452s][info ][gc,metaspace] GC(65) Metaspace: 149570K(150592K)->149570K(150592K) NonClass: 131361K(131904K)->131361K(131904K) Class: 18208K(18688K)->18208K(18688K)
[2025-06-05T16:30:02.979+0000][30.452s][info ][gc          ] GC(65) Pause Young (Mixed) (G1 Evacuation Pause) 140M->132M(350M) 78.001ms
[2025-06-05T16:30:02.980+0000][30.453s][info ][gc,cpu      ] GC(65) User=0.14s Sys=0.00s Real=0.08s
[2025-06-05T16:30:02.980+0000][30.453s][info ][safepoint   ] Safepoint "G1CollectForAllocation", Time since last: 41666416 ns, Reaching safepoint: 523084 ns, Cleanup: 4833 ns, At safepoint: 78961875 ns, Total: 79489792 ns
[2025-06-05T16:30:03.702+0000][31.175s][debug][safepoint   ] Safepoint synchronization initiated using futex wait barrier. (72 threads)
[2025-06-05T16:30:03.703+0000][31.176s][info ][safepoint   ] Safepoint "ICBufferFull", Time since last: 721989042 ns, Reaching safepoint: 516500 ns, Cleanup: 170708 ns, At safepoint: 3250 ns, Total: 690458 ns
[2025-06-05T16:30:03.843+0000][31.316s][debug][safepoint   ] Safepoint synchronization initiated using futex wait barrier. (72 threads)
[2025-06-05T16:30:03.843+0000][31.316s][info ][gc,start    ] GC(66) Pause Young (Normal) (G1 Evacuation Pause)
[2025-06-05T16:30:03.843+0000][31.316s][info ][gc,task     ] GC(66) Using 2 workers of 2 for evacuation
[2025-06-05T16:30:03.870+0000][31.343s][info ][gc,phases   ] GC(66)   Pre Evacuate Collection Set: 0.4ms
[2025-06-05T16:30:03.870+0000][31.343s][info ][gc,phases   ] GC(66)   Merge Heap Roots: 0.2ms
[2025-06-05T16:30:03.870+0000][31.343s][info ][gc,phases   ] GC(66)   Evacuate Collection Set: 12.9ms
[2025-06-05T16:30:03.870+0000][31.343s][info ][gc,phases   ] GC(66)   Post Evacuate Collection Set: 12.7ms
[2025-06-05T16:30:03.870+0000][31.343s][info ][gc,phases   ] GC(66)   Other: 0.8ms
[2025-06-05T16:30:03.870+0000][31.343s][info ][gc,heap     ] GC(66) Eden regions: 167->0(358)
[2025-06-05T16:30:03.870+0000][31.343s][info ][gc,heap     ] GC(66) Survivor regions: 1->3(21)
[2025-06-05T16:30:03.870+0000][31.343s][info ][gc,heap     ] GC(66) Old regions: 131->131
[2025-06-05T16:30:03.870+0000][31.343s][info ][gc,heap     ] GC(66) Archive regions: 2->2
[2025-06-05T16:30:03.871+0000][31.343s][info ][gc,heap     ] GC(66) Humongous regions: 0->0
[2025-06-05T16:30:03.871+0000][31.344s][info ][gc,metaspace] GC(66) Metaspace: 151441K(152512K)->151441K(152512K) NonClass: 132959K(133504K)->132959K(133504K) Class: 18482K(19008K)->18482K(19008K)
[2025-06-05T16:30:03.871+0000][31.344s][info ][gc          ] GC(66) Pause Young (Normal) (G1 Evacuation Pause) 299M->134M(602M) 27.321ms
[2025-06-05T16:30:03.871+0000][31.344s][info ][gc,cpu      ] GC(66) User=0.03s Sys=0.01s Real=0.03s
[2025-06-05T16:30:03.871+0000][31.344s][info ][safepoint   ] Safepoint "G1CollectForAllocation", Time since last: 139911334 ns, Reaching safepoint: 170000 ns, Cleanup: 18417 ns, At safepoint: 27605291 ns, Total: 27793708 ns
[2025-06-05T16:30:04.162+0000][31.635s][debug][safepoint   ] Safepoint synchronization initiated using futex wait barrier. (72 threads)
[2025-06-05T16:30:04.163+0000][31.636s][info ][safepoint   ] Safepoint "ICBufferFull", Time since last: 291633042 ns, Reaching safepoint: 411500 ns, Cleanup: 85958 ns, At safepoint: 3667 ns, Total: 501125 ns
[2025-06-05T16:30:05.089+0000][32.562s][debug][safepoint   ] Safepoint synchronization initiated using futex wait barrier. (73 threads)
[2025-06-05T16:30:05.092+0000][32.565s][info ][safepoint   ] Safepoint "ICBufferFull", Time since last: 926210542 ns, Reaching safepoint: 2157000 ns, Cleanup: 318208 ns, At safepoint: 14334 ns, Total: 2489542 ns
[2025-06-05T16:30:05.092+0000][32.565s][debug][safepoint   ] Safepoint synchronization initiated using futex wait barrier. (73 threads)
[2025-06-05T16:30:05.093+0000][32.566s][info ][safepoint   ] Safepoint "ICBufferFull", Time since last: 455750 ns, Reaching safepoint: 976416 ns, Cleanup: 20209 ns, At safepoint: 18833 ns, Total: 1015458 ns
[2025-06-05T16:30:05.966+0000][33.439s][debug][safepoint   ] Safepoint synchronization initiated using futex wait barrier. (73 threads)
[2025-06-05T16:30:05.966+0000][33.439s][info ][safepoint   ] Safepoint "ICBufferFull", Time since last: 872894292 ns, Reaching safepoint: 166917 ns, Cleanup: 160083 ns, At safepoint: 3375 ns, Total: 330375 ns
[2025-06-05T16:30:06.607+0000][34.080s][debug][safepoint   ] Safepoint synchronization initiated using futex wait barrier. (73 threads)
[2025-06-05T16:30:06.607+0000][34.080s][info ][safepoint   ] Safepoint "ICBufferFull", Time since last: 640883667 ns, Reaching safepoint: 180292 ns, Cleanup: 91083 ns, At safepoint: 7584 ns, Total: 278959 ns
[2025-06-05T16:30:06.840+0000][34.313s][debug][safepoint   ] Safepoint synchronization initiated using futex wait barrier. (73 threads)
[2025-06-05T16:30:06.840+0000][34.313s][info ][gc,start    ] GC(67) Pause Young (Normal) (G1 Evacuation Pause)
[2025-06-05T16:30:06.840+0000][34.313s][info ][gc,task     ] GC(67) Using 2 workers of 2 for evacuation
[2025-06-05T16:30:06.939+0000][34.412s][info ][gc,phases   ] GC(67)   Pre Evacuate Collection Set: 0.5ms
[2025-06-05T16:30:06.940+0000][34.413s][info ][gc,phases   ] GC(67)   Merge Heap Roots: 0.3ms
[2025-06-05T16:30:06.940+0000][34.413s][info ][gc,phases   ] GC(67)   Evacuate Collection Set: 93.9ms
[2025-06-05T16:30:06.940+0000][34.413s][info ][gc,phases   ] GC(67)   Post Evacuate Collection Set: 4.3ms
[2025-06-05T16:30:06.940+0000][34.413s][info ][gc,phases   ] GC(67)   Other: 0.5ms
[2025-06-05T16:30:06.940+0000][34.413s][info ][gc,heap     ] GC(67) Eden regions: 358->0(348)
[2025-06-05T16:30:06.940+0000][34.413s][info ][gc,heap     ] GC(67) Survivor regions: 3->13(46)
[2025-06-05T16:30:06.940+0000][34.413s][info ][gc,heap     ] GC(67) Old regions: 131->131
[2025-06-05T16:30:06.940+0000][34.413s][info ][gc,heap     ] GC(67) Archive regions: 2->2
[2025-06-05T16:30:06.940+0000][34.413s][info ][gc,heap     ] GC(67) Humongous regions: 0->0
[2025-06-05T16:30:06.940+0000][34.413s][info ][gc,metaspace] GC(67) Metaspace: 155395K(156480K)->155395K(156480K) NonClass: 136350K(136896K)->136350K(136896K) Class: 19044K(19584K)->19044K(19584K)
[2025-06-05T16:30:06.940+0000][34.413s][info ][gc          ] GC(67) Pause Young (Normal) (G1 Evacuation Pause) 492M->144M(602M) 100.152ms
[2025-06-05T16:30:06.940+0000][34.413s][info ][gc,cpu      ] GC(67) User=0.20s Sys=0.00s Real=0.10s
[2025-06-05T16:30:06.940+0000][34.413s][info ][safepoint   ] Safepoint "G1CollectForAllocation", Time since last: 232213291 ns, Reaching safepoint: 192709 ns, Cleanup: 31625 ns, At safepoint: 100494583 ns, Total: 100718917 ns
[2025-06-05T16:30:07.154+0000][34.627s][debug][safepoint   ] Safepoint synchronization initiated using futex wait barrier. (73 threads)
[2025-06-05T16:30:07.155+0000][34.627s][info ][safepoint   ] Safepoint "ICBufferFull", Time since last: 213864167 ns, Reaching safepoint: 216625 ns, Cleanup: 101833 ns, At safepoint: 5833 ns, Total: 324291 ns
[2025-06-05T16:30:08.156+0000][35.629s][debug][safepoint   ] Safepoint synchronization initiated using futex wait barrier. (76 threads)
[2025-06-05T16:30:08.157+0000][35.630s][info ][safepoint   ] Safepoint "Cleanup", Time since last: 1001411168 ns, Reaching safepoint: 1162250 ns, Cleanup: 220750 ns, At safepoint: 22416 ns, Total: 1405416 ns
[2025-06-05T16:30:08.781+0000][36.254s][debug][safepoint   ] Safepoint synchronization initiated using futex wait barrier. (76 threads)
[2025-06-05T16:30:08.782+0000][36.255s][info ][safepoint   ] Safepoint "ICBufferFull", Time since last: 624032584 ns, Reaching safepoint: 572000 ns, Cleanup: 98833 ns, At safepoint: 10292 ns, Total: 681125 ns
[2025-06-05T16:30:08.909+0000][36.382s][debug][safepoint   ] ... found polling page loop exception at pc = 0x0000ffffa104d170, stub =0x0000ffffa097ef00
[2025-06-05T16:30:09.067+0000][36.540s][debug][safepoint   ] Safepoint synchronization initiated using futex wait barrier. (104 threads)
[2025-06-05T16:30:09.068+0000][36.541s][info ][safepoint   ] Safepoint "ICBufferFull", Time since last: 284612042 ns, Reaching safepoint: 1328291 ns, Cleanup: 158542 ns, At safepoint: 16500 ns, Total: 1503333 ns
[2025-06-05T16:30:09.070+0000][36.543s][debug][safepoint   ] Safepoint synchronization initiated using futex wait barrier. (105 threads)
[2025-06-05T16:30:09.071+0000][36.544s][info ][safepoint   ] Safepoint "ICBufferFull", Time since last: 1481167 ns, Reaching safepoint: 1463083 ns, Cleanup: 4750 ns, At safepoint: 27125 ns, Total: 1494958 ns
[2025-06-05T16:30:09.286+0000][36.759s][debug][safepoint   ] Safepoint synchronization initiated using futex wait barrier. (106 threads)
[2025-06-05T16:30:09.287+0000][36.760s][info ][gc,start    ] GC(68) Pause Young (Normal) (G1 Evacuation Pause)
[2025-06-05T16:30:09.287+0000][36.760s][info ][gc,task     ] GC(68) Using 2 workers of 2 for evacuation
[2025-06-05T16:30:09.472+0000][36.945s][info ][gc,phases   ] GC(68)   Pre Evacuate Collection Set: 0.4ms
[2025-06-05T16:30:09.473+0000][36.946s][info ][gc,phases   ] GC(68)   Merge Heap Roots: 0.3ms
[2025-06-05T16:30:09.473+0000][36.946s][info ][gc,phases   ] GC(68)   Evacuate Collection Set: 163.6ms
[2025-06-05T16:30:09.473+0000][36.946s][info ][gc,phases   ] GC(68)   Post Evacuate Collection Set: 19.8ms
[2025-06-05T16:30:09.473+0000][36.946s][info ][gc,phases   ] GC(68)   Other: 1.0ms
[2025-06-05T16:30:09.474+0000][36.947s][info ][gc,heap     ] GC(68) Eden regions: 348->0(340)
[2025-06-05T16:30:09.474+0000][36.947s][info ][gc,heap     ] GC(68) Survivor regions: 13->21(46)
[2025-06-05T16:30:09.474+0000][36.947s][info ][gc,heap     ] GC(68) Old regions: 131->131
[2025-06-05T16:30:09.474+0000][36.947s][info ][gc,heap     ] GC(68) Archive regions: 2->2
[2025-06-05T16:30:09.474+0000][36.947s][info ][gc,heap     ] GC(68) Humongous regions: 0->0
[2025-06-05T16:30:09.474+0000][36.947s][info ][gc,metaspace] GC(68) Metaspace: 160872K(162048K)->160872K(162048K) NonClass: 141025K(141632K)->141025K(141632K) Class: 19846K(20416K)->19846K(20416K)
[2025-06-05T16:30:09.474+0000][36.947s][info ][gc          ] GC(68) Pause Young (Normal) (G1 Evacuation Pause) 492M->152M(602M) 186.776ms
[2025-06-05T16:30:09.474+0000][36.947s][info ][gc,cpu      ] GC(68) User=0.31s Sys=0.00s Real=0.19s
[2025-06-05T16:30:09.474+0000][36.947s][info ][safepoint   ] Safepoint "G1CollectForAllocation", Time since last: 215043833 ns, Reaching safepoint: 908250 ns, Cleanup: 68209 ns, At safepoint: 187311958 ns, Total: 188288417 ns
[2025-06-05T16:30:10.067+0000][37.540s][debug][safepoint   ] Safepoint synchronization initiated using futex wait barrier. (106 threads)
[2025-06-05T16:30:10.068+0000][37.541s][info ][safepoint   ] Safepoint "ICBufferFull", Time since last: 592820167 ns, Reaching safepoint: 336625 ns, Cleanup: 165834 ns, At safepoint: 6166 ns, Total: 508625 ns
[2025-06-05T16:30:10.658+0000][38.131s][debug][safepoint   ] Safepoint synchronization initiated using futex wait barrier. (82 threads)
[2025-06-05T16:30:10.659+0000][38.132s][info ][safepoint   ] Safepoint "ICBufferFull", Time since last: 590013167 ns, Reaching safepoint: 1451250 ns, Cleanup: 101833 ns, At safepoint: 24792 ns, Total: 1577875 ns
[2025-06-05T16:30:11.056+0000][38.529s][debug][safepoint   ] Safepoint synchronization initiated using futex wait barrier. (46 threads)
[2025-06-05T16:30:11.057+0000][38.530s][info ][safepoint   ] Safepoint "ThreadDump", Time since last: 396940542 ns, Reaching safepoint: 184083 ns, Cleanup: 101500 ns, At safepoint: 51125 ns, Total: 336708 ns
[2025-06-05T16:30:11.057+0000][38.530s][debug][safepoint   ] Safepoint synchronization initiated using futex wait barrier. (46 threads)
[2025-06-05T16:30:11.058+0000][38.531s][info ][safepoint   ] Safepoint "ThreadDump", Time since last: 275375 ns, Reaching safepoint: 1358375 ns, Cleanup: 2209 ns, At safepoint: 27750 ns, Total: 1388334 ns
[2025-06-05T16:30:11.059+0000][38.532s][debug][safepoint   ] Safepoint synchronization initiated using futex wait barrier. (46 threads)
[2025-06-05T16:30:11.059+0000][38.532s][info ][safepoint   ] Safepoint "ThreadDump", Time since last: 452708 ns, Reaching safepoint: 58625 ns, Cleanup: 1542 ns, At safepoint: 7416 ns, Total: 67583 ns
[2025-06-05T16:30:11.059+0000][38.532s][debug][safepoint   ] Safepoint synchronization initiated using futex wait barrier. (46 threads)
[2025-06-05T16:30:11.059+0000][38.532s][info ][safepoint   ] Safepoint "ThreadDump", Time since last: 125792 ns, Reaching safepoint: 52375 ns, Cleanup: 1500 ns, At safepoint: 7125 ns, Total: 61000 ns
[2025-06-05T16:30:11.059+0000][38.532s][debug][safepoint   ] Safepoint synchronization initiated using futex wait barrier. (46 threads)
[2025-06-05T16:30:11.059+0000][38.532s][info ][safepoint   ] Safepoint "ThreadDump", Time since last: 155500 ns, Reaching safepoint: 52167 ns, Cleanup: 1250 ns, At safepoint: 6916 ns, Total: 60333 ns
[2025-06-05T16:30:11.059+0000][38.532s][debug][safepoint   ] Safepoint synchronization initiated using futex wait barrier. (46 threads)
[2025-06-05T16:30:11.060+0000][38.533s][info ][safepoint   ] Safepoint "ThreadDump", Time since last: 199875 ns, Reaching safepoint: 591750 ns, Cleanup: 2542 ns, At safepoint: 13125 ns, Total: 607417 ns
[2025-06-05T16:30:11.060+0000][38.533s][debug][safepoint   ] Safepoint synchronization initiated using futex wait barrier. (46 threads)
[2025-06-05T16:30:11.061+0000][38.534s][info ][safepoint   ] Safepoint "ThreadDump", Time since last: 182458 ns, Reaching safepoint: 904334 ns, Cleanup: 2208 ns, At safepoint: 12750 ns, Total: 919292 ns
[2025-06-05T16:30:11.061+0000][38.534s][debug][safepoint   ] Safepoint synchronization initiated using futex wait barrier. (46 threads)
[2025-06-05T16:30:11.061+0000][38.534s][info ][safepoint   ] Safepoint "ThreadDump", Time since last: 87958 ns, Reaching safepoint: 52000 ns, Cleanup: 1667 ns, At safepoint: 6833 ns, Total: 60500 ns
[2025-06-05T16:30:11.062+0000][38.534s][debug][safepoint   ] Safepoint synchronization initiated using futex wait barrier. (46 threads)
[2025-06-05T16:30:11.062+0000][38.535s][info ][safepoint   ] Safepoint "ThreadDump", Time since last: 179959 ns, Reaching safepoint: 54833 ns, Cleanup: 1375 ns, At safepoint: 10250 ns, Total: 66458 ns
[2025-06-05T16:30:11.062+0000][38.535s][debug][safepoint   ] Safepoint synchronization initiated using futex wait barrier. (46 threads)
[2025-06-05T16:30:11.062+0000][38.535s][info ][safepoint   ] Safepoint "ThreadDump", Time since last: 97833 ns, Reaching safepoint: 290959 ns, Cleanup: 1791 ns, At safepoint: 14625 ns, Total: 307375 ns
[2025-06-05T16:30:11.062+0000][38.535s][debug][safepoint   ] Safepoint synchronization initiated using futex wait barrier. (46 threads)
[2025-06-05T16:30:11.062+0000][38.535s][info ][safepoint   ] Safepoint "ThreadDump", Time since last: 159000 ns, Reaching safepoint: 63792 ns, Cleanup: 2000 ns, At safepoint: 13250 ns, Total: 79042 ns
[2025-06-05T16:30:11.062+0000][38.535s][debug][safepoint   ] Safepoint synchronization initiated using futex wait barrier. (46 threads)
[2025-06-05T16:30:11.062+0000][38.535s][info ][safepoint   ] Safepoint "ThreadDump", Time since last: 100125 ns, Reaching safepoint: 55500 ns, Cleanup: 1458 ns, At safepoint: 7292 ns, Total: 64250 ns
[2025-06-05T16:30:11.063+0000][38.535s][debug][safepoint   ] Safepoint synchronization initiated using futex wait barrier. (46 threads)
[2025-06-05T16:30:11.063+0000][38.536s][info ][safepoint   ] Safepoint "ThreadDump", Time since last: 150458 ns, Reaching safepoint: 52667 ns, Cleanup: 1292 ns, At safepoint: 14875 ns, Total: 68834 ns
[2025-06-05T16:30:11.063+0000][38.536s][debug][safepoint   ] Safepoint synchronization initiated using futex wait barrier. (46 threads)
[2025-06-05T16:30:11.063+0000][38.536s][info ][safepoint   ] Safepoint "ThreadDump", Time since last: 91958 ns, Reaching safepoint: 50958 ns, Cleanup: 1334 ns, At safepoint: 6416 ns, Total: 58708 ns
[2025-06-05T16:30:11.063+0000][38.536s][debug][safepoint   ] Safepoint synchronization initiated using futex wait barrier. (46 threads)
[2025-06-05T16:30:11.064+0000][38.537s][info ][safepoint   ] Safepoint "ThreadDump", Time since last: 143750 ns, Reaching safepoint: 1058292 ns, Cleanup: 2500 ns, At safepoint: 22875 ns, Total: 1083667 ns
[2025-06-05T16:30:11.064+0000][38.537s][debug][safepoint   ] Safepoint synchronization initiated using futex wait barrier. (46 threads)
[2025-06-05T16:30:11.064+0000][38.537s][info ][safepoint   ] Safepoint "ThreadDump", Time since last: 117292 ns, Reaching safepoint: 45958 ns, Cleanup: 1375 ns, At safepoint: 14292 ns, Total: 61625 ns
[2025-06-05T16:30:12.065+0000][39.538s][debug][safepoint   ] Safepoint synchronization initiated using futex wait barrier. (41 threads)
[2025-06-05T16:30:12.066+0000][39.539s][info ][safepoint   ] Safepoint "Cleanup", Time since last: 1001200083 ns, Reaching safepoint: 905292 ns, Cleanup: 62917 ns, At safepoint: 6208 ns, Total: 974417 ns
[2025-06-05T16:30:13.068+0000][40.541s][debug][safepoint   ] Safepoint synchronization initiated using futex wait barrier. (29 threads)
[2025-06-05T16:30:13.069+0000][40.542s][info ][safepoint   ] Safepoint "Cleanup", Time since last: 1001725626 ns, Reaching safepoint: 597416 ns, Cleanup: 67834 ns, At safepoint: 8791 ns, Total: 674041 ns
[2025-06-05T16:30:13.764+0000][41.237s][info ][gc,heap,exit] Heap
[2025-06-05T16:30:13.764+0000][41.237s][info ][gc,heap,exit]  garbage-first heap   total 616448K, used 356641K [0x00000000c2c00000, 0x0000000100000000)
[2025-06-05T16:30:13.764+0000][41.237s][info ][gc,heap,exit]   region size 1024K, 217 young (222208K), 21 survivors (21504K)
[2025-06-05T16:30:13.765+0000][41.238s][info ][gc,heap,exit]  Metaspace       used 164271K, committed 165440K, reserved 1245184K
[2025-06-05T16:30:13.765+0000][41.238s][info ][gc,heap,exit]   class space    used 20295K, committed 20864K, reserved 1048576K
[2025-06-05T16:30:13.765+0000][41.238s][debug][safepoint   ] Safepoint synchronization initiated using futex wait barrier. (23 threads)
