[2025-06-05T16:37:33.672+0000][0.047s][info][gc] Using G1
[2025-06-05T16:37:33.679+0000][0.054s][info][gc,init] Version: 17.0.12+7-Debian-2deb12u1 (release)
[2025-06-05T16:37:33.679+0000][0.055s][info][gc,init] CPUs: 8 total, 2 available
[2025-06-05T16:37:33.679+0000][0.055s][info][gc,init] Memory: 3919M
[2025-06-05T16:37:33.680+0000][0.055s][info][gc,init] Large Page Support: Disabled
[2025-06-05T16:37:33.680+0000][0.055s][info][gc,init] NUMA Support: Disabled
[2025-06-05T16:37:33.680+0000][0.055s][info][gc,init] Compressed Oops: Enabled (32-bit)
[2025-06-05T16:37:33.680+0000][0.056s][info][gc,init] Heap Region Size: 1M
[2025-06-05T16:37:33.680+0000][0.056s][info][gc,init] Heap Min Capacity: 8M
[2025-06-05T16:37:33.681+0000][0.056s][info][gc,init] Heap Initial Capacity: 62M
[2025-06-05T16:37:33.681+0000][0.056s][info][gc,init] Heap Max Capacity: 980M
[2025-06-05T16:37:33.681+0000][0.057s][info][gc,init] Pre-touch: Disabled
[2025-06-05T16:37:33.681+0000][0.057s][info][gc,init] Parallel Workers: 2
[2025-06-05T16:37:33.682+0000][0.057s][info][gc,init] Concurrent Workers: 1
[2025-06-05T16:37:33.682+0000][0.057s][info][gc,init] Concurrent Refinement Workers: 2
[2025-06-05T16:37:33.682+0000][0.057s][info][gc,init] Periodic GC: Disabled
[2025-06-05T16:37:33.824+0000][0.199s][info][gc,metaspace] CDS archive(s) mapped at: [0x0000003800000000-0x0000003800be0000-0x0000003800be0000), size 12451840, SharedBaseAddress: 0x0000003800000000, ArchiveRelocationMode: 1.
[2025-06-05T16:37:33.824+0000][0.200s][info][gc,metaspace] Compressed class space mapped at: 0x0000003801000000-0x0000003841000000, reserved size: 1073741824
[2025-06-05T16:37:33.825+0000][0.200s][info][gc,metaspace] Narrow klass base: 0x0000003800000000, Narrow klass shift: 0, Narrow klass range: 0x100000000
[2025-06-05T16:37:33.898+0000][0.273s][info][cds,heap    ] initialize_from_archived_subgraph java.lang.Module$ArchivedData 0x0000003800182380 (early)
[2025-06-05T16:37:33.899+0000][0.274s][info][cds,heap    ] initialize_from_archived_subgraph java.util.ImmutableCollections 0x0000003800070cd8 (early)
[2025-06-05T16:37:33.906+0000][0.281s][info][cds,heap    ] initialize_from_archived_subgraph java.lang.Integer$IntegerCache 0x0000003800036060 (early)
[2025-06-05T16:37:33.921+0000][0.296s][info][cds,heap    ] initialize_from_archived_subgraph java.lang.module.Configuration 0x0000003800170300 (early)
[2025-06-05T16:37:33.922+0000][0.297s][info][cds,heap    ] initialize_from_archived_subgraph java.lang.ModuleLayer 0x0000003800144c50 (early)
[2025-06-05T16:37:33.924+0000][0.299s][info][cds,heap    ] initialize_from_archived_subgraph jdk.internal.loader.ArchivedClassLoaders 0x00000038001ab770 (early)
[2025-06-05T16:37:33.924+0000][0.300s][info][cds,heap    ] initialize_from_archived_subgraph jdk.internal.module.ArchivedBootLayer 0x0000003800176f40 (early)
[2025-06-05T16:37:33.932+0000][0.307s][info][cds,heap    ] initialize_from_archived_subgraph sun.util.locale.BaseLocale 0x000000380026c120
[2025-06-05T16:37:33.952+0000][0.327s][info][cds,heap    ] initialize_from_archived_subgraph java.util.jar.Attributes$Name 0x000000380019d1e8
[2025-06-05T16:37:33.996+0000][0.372s][info][cds,heap    ] initialize_from_archived_subgraph java.lang.Long$LongCache 0x000000380001f998
[2025-06-05T16:37:34.136+0000][0.511s][info][cds,heap    ] initialize_from_archived_subgraph java.lang.Character$CharacterCache 0x00000038000393e8
[2025-06-05T16:37:34.357+0000][0.732s][debug][safepoint   ] Safepoint synchronization initiated using futex wait barrier. (12 threads)
[2025-06-05T16:37:34.357+0000][0.733s][info ][safepoint   ] Safepoint "ICBufferFull", Time since last: 461346792 ns, Reaching safepoint: 293500 ns, Cleanup: 123958 ns, At safepoint: 3417 ns, Total: 420875 ns
[2025-06-05T16:37:34.638+0000][1.013s][debug][safepoint   ] Safepoint synchronization initiated using futex wait barrier. (12 threads)
[2025-06-05T16:37:34.640+0000][1.016s][info ][gc,start    ] GC(0) Pause Young (Normal) (G1 Evacuation Pause)
[2025-06-05T16:37:34.643+0000][1.018s][info ][gc,task     ] GC(0) Using 2 workers of 2 for evacuation
[2025-06-05T16:37:34.689+0000][1.065s][info ][gc,phases   ] GC(0)   Pre Evacuate Collection Set: 2.6ms
[2025-06-05T16:37:34.690+0000][1.065s][info ][gc,phases   ] GC(0)   Merge Heap Roots: 0.9ms
[2025-06-05T16:37:34.690+0000][1.066s][info ][gc,phases   ] GC(0)   Evacuate Collection Set: 40.4ms
[2025-06-05T16:37:34.691+0000][1.067s][info ][gc,phases   ] GC(0)   Post Evacuate Collection Set: 1.5ms
[2025-06-05T16:37:34.691+0000][1.067s][info ][gc,phases   ] GC(0)   Other: 4.0ms
[2025-06-05T16:37:34.692+0000][1.067s][info ][gc,heap     ] GC(0) Eden regions: 18->0(20)
[2025-06-05T16:37:34.692+0000][1.067s][info ][gc,heap     ] GC(0) Survivor regions: 0->3(3)
[2025-06-05T16:37:34.692+0000][1.067s][info ][gc,heap     ] GC(0) Old regions: 0->1
[2025-06-05T16:37:34.692+0000][1.068s][info ][gc,heap     ] GC(0) Archive regions: 2->2
[2025-06-05T16:37:34.692+0000][1.068s][info ][gc,heap     ] GC(0) Humongous regions: 0->0
[2025-06-05T16:37:34.692+0000][1.068s][info ][gc,metaspace] GC(0) Metaspace: 1973K(2176K)->1973K(2176K) NonClass: 1768K(1856K)->1768K(1856K) Class: 205K(320K)->205K(320K)
[2025-06-05T16:37:34.692+0000][1.068s][info ][gc          ] GC(0) Pause Young (Normal) (G1 Evacuation Pause) 18M->4M(64M) 52.302ms
[2025-06-05T16:37:34.693+0000][1.068s][info ][gc,cpu      ] GC(0) User=0.02s Sys=0.07s Real=0.06s
[2025-06-05T16:37:34.693+0000][1.068s][info ][safepoint   ] Safepoint "G1CollectForAllocation", Time since last: 280196333 ns, Reaching safepoint: 647917 ns, Cleanup: 92333 ns, At safepoint: 54679709 ns, Total: 55419959 ns
[2025-06-05T16:37:35.553+0000][1.928s][debug][safepoint   ] Safepoint synchronization initiated using futex wait barrier. (12 threads)
[2025-06-05T16:37:35.554+0000][1.930s][info ][gc,start    ] GC(1) Pause Young (Normal) (G1 Evacuation Pause)
[2025-06-05T16:37:35.555+0000][1.930s][info ][gc,task     ] GC(1) Using 2 workers of 2 for evacuation
[2025-06-05T16:37:35.595+0000][1.970s][info ][gc,phases   ] GC(1)   Pre Evacuate Collection Set: 0.7ms
[2025-06-05T16:37:35.600+0000][1.975s][info ][gc,phases   ] GC(1)   Merge Heap Roots: 0.5ms
[2025-06-05T16:37:35.600+0000][1.976s][info ][gc,phases   ] GC(1)   Evacuate Collection Set: 31.8ms
[2025-06-05T16:37:35.601+0000][1.976s][info ][gc,phases   ] GC(1)   Post Evacuate Collection Set: 5.8ms
[2025-06-05T16:37:35.601+0000][1.976s][info ][gc,phases   ] GC(1)   Other: 1.8ms
[2025-06-05T16:37:35.601+0000][1.976s][info ][gc,heap     ] GC(1) Eden regions: 20->0(31)
[2025-06-05T16:37:35.601+0000][1.977s][info ][gc,heap     ] GC(1) Survivor regions: 3->3(3)
[2025-06-05T16:37:35.601+0000][1.977s][info ][gc,heap     ] GC(1) Old regions: 1->4
[2025-06-05T16:37:35.602+0000][1.977s][info ][gc,heap     ] GC(1) Archive regions: 2->2
[2025-06-05T16:37:35.602+0000][1.977s][info ][gc,heap     ] GC(1) Humongous regions: 0->0
[2025-06-05T16:37:35.602+0000][1.978s][info ][gc,metaspace] GC(1) Metaspace: 2093K(2304K)->2093K(2304K) NonClass: 1887K(1984K)->1887K(1984K) Class: 206K(320K)->206K(320K)
[2025-06-05T16:37:35.602+0000][1.978s][info ][gc          ] GC(1) Pause Young (Normal) (G1 Evacuation Pause) 24M->7M(64M) 48.017ms
[2025-06-05T16:37:35.602+0000][1.978s][info ][gc,cpu      ] GC(1) User=0.03s Sys=0.04s Real=0.05s
[2025-06-05T16:37:35.603+0000][1.978s][info ][safepoint   ] Safepoint "G1CollectForAllocation", Time since last: 859536958 ns, Reaching safepoint: 1264167 ns, Cleanup: 236042 ns, At safepoint: 48527958 ns, Total: 50028167 ns
[2025-06-05T16:37:36.687+0000][3.062s][debug][safepoint   ] Safepoint synchronization initiated using futex wait barrier. (12 threads)
[2025-06-05T16:37:36.688+0000][3.063s][info ][safepoint   ] Safepoint "ICBufferFull", Time since last: 1084193167 ns, Reaching safepoint: 606917 ns, Cleanup: 255042 ns, At safepoint: 5041 ns, Total: 867000 ns
[2025-06-05T16:37:36.689+0000][3.064s][debug][safepoint   ] Safepoint synchronization initiated using futex wait barrier. (12 threads)
[2025-06-05T16:37:36.690+0000][3.065s][info ][gc,start    ] GC(2) Pause Young (Normal) (G1 Evacuation Pause)
[2025-06-05T16:37:36.690+0000][3.066s][info ][gc,task     ] GC(2) Using 2 workers of 2 for evacuation
[2025-06-05T16:37:36.722+0000][3.097s][info ][gc,phases   ] GC(2)   Pre Evacuate Collection Set: 0.3ms
[2025-06-05T16:37:36.722+0000][3.098s][info ][gc,phases   ] GC(2)   Merge Heap Roots: 0.4ms
[2025-06-05T16:37:36.722+0000][3.098s][info ][gc,phases   ] GC(2)   Evacuate Collection Set: 29.2ms
[2025-06-05T16:37:36.722+0000][3.098s][info ][gc,phases   ] GC(2)   Post Evacuate Collection Set: 1.4ms
[2025-06-05T16:37:36.722+0000][3.098s][info ][gc,phases   ] GC(2)   Other: 0.7ms
[2025-06-05T16:37:36.723+0000][3.098s][info ][gc,heap     ] GC(2) Eden regions: 31->0(29)
[2025-06-05T16:37:36.723+0000][3.098s][info ][gc,heap     ] GC(2) Survivor regions: 3->3(5)
[2025-06-05T16:37:36.723+0000][3.098s][info ][gc,heap     ] GC(2) Old regions: 4->7
[2025-06-05T16:37:36.723+0000][3.098s][info ][gc,heap     ] GC(2) Archive regions: 2->2
[2025-06-05T16:37:36.723+0000][3.098s][info ][gc,heap     ] GC(2) Humongous regions: 0->0
[2025-06-05T16:37:36.723+0000][3.099s][info ][gc,metaspace] GC(2) Metaspace: 2978K(3200K)->2978K(3200K) NonClass: 2694K(2816K)->2694K(2816K) Class: 283K(384K)->283K(384K)
[2025-06-05T16:37:36.723+0000][3.099s][info ][gc          ] GC(2) Pause Young (Normal) (G1 Evacuation Pause) 38M->10M(64M) 33.161ms
[2025-06-05T16:37:36.723+0000][3.099s][info ][gc,cpu      ] GC(2) User=0.02s Sys=0.05s Real=0.04s
[2025-06-05T16:37:36.723+0000][3.099s][info ][safepoint   ] Safepoint "G1CollectForAllocation", Time since last: 1317709 ns, Reaching safepoint: 1061458 ns, Cleanup: 11583 ns, At safepoint: 33497709 ns, Total: 34570750 ns
[2025-06-05T16:37:37.263+0000][3.638s][debug][safepoint   ] Safepoint synchronization initiated using futex wait barrier. (12 threads)
[2025-06-05T16:37:37.263+0000][3.639s][info ][gc,start    ] GC(3) Pause Young (Normal) (G1 Evacuation Pause)
[2025-06-05T16:37:37.263+0000][3.639s][info ][gc,task     ] GC(3) Using 2 workers of 2 for evacuation
[2025-06-05T16:37:37.285+0000][3.661s][info ][gc,phases   ] GC(3)   Pre Evacuate Collection Set: 0.3ms
[2025-06-05T16:37:37.285+0000][3.661s][info ][gc,phases   ] GC(3)   Merge Heap Roots: 0.3ms
[2025-06-05T16:37:37.286+0000][3.661s][info ][gc,phases   ] GC(3)   Evacuate Collection Set: 18.4ms
[2025-06-05T16:37:37.286+0000][3.661s][info ][gc,phases   ] GC(3)   Post Evacuate Collection Set: 2.1ms
[2025-06-05T16:37:37.286+0000][3.661s][info ][gc,phases   ] GC(3)   Other: 0.7ms
[2025-06-05T16:37:37.286+0000][3.661s][info ][gc,heap     ] GC(3) Eden regions: 29->0(32)
[2025-06-05T16:37:37.286+0000][3.662s][info ][gc,heap     ] GC(3) Survivor regions: 3->1(4)
[2025-06-05T16:37:37.286+0000][3.662s][info ][gc,heap     ] GC(3) Old regions: 7->10
[2025-06-05T16:37:37.286+0000][3.662s][info ][gc,heap     ] GC(3) Archive regions: 2->2
[2025-06-05T16:37:37.287+0000][3.662s][info ][gc,heap     ] GC(3) Humongous regions: 0->0
[2025-06-05T16:37:37.287+0000][3.662s][info ][gc,metaspace] GC(3) Metaspace: 4476K(4672K)->4476K(4672K) NonClass: 3987K(4096K)->3987K(4096K) Class: 488K(576K)->488K(576K)
[2025-06-05T16:37:37.287+0000][3.662s][info ][gc          ] GC(3) Pause Young (Normal) (G1 Evacuation Pause) 39M->11M(64M) 23.577ms
[2025-06-05T16:37:37.287+0000][3.662s][info ][gc,cpu      ] GC(3) User=0.05s Sys=0.01s Real=0.02s
[2025-06-05T16:37:37.287+0000][3.663s][info ][safepoint   ] Safepoint "G1CollectForAllocation", Time since last: 539278666 ns, Reaching safepoint: 331834 ns, Cleanup: 148916 ns, At safepoint: 23967584 ns, Total: 24448334 ns
[2025-06-05T16:37:37.656+0000][4.031s][debug][safepoint   ] Safepoint synchronization initiated using futex wait barrier. (13 threads)
[2025-06-05T16:37:37.656+0000][4.032s][info ][gc,start    ] GC(4) Pause Young (Normal) (G1 Evacuation Pause)
[2025-06-05T16:37:37.656+0000][4.032s][info ][gc,task     ] GC(4) Using 2 workers of 2 for evacuation
[2025-06-05T16:37:37.663+0000][4.039s][info ][gc,phases   ] GC(4)   Pre Evacuate Collection Set: 0.2ms
[2025-06-05T16:37:37.663+0000][4.039s][info ][gc,phases   ] GC(4)   Merge Heap Roots: 0.1ms
[2025-06-05T16:37:37.664+0000][4.039s][info ][gc,phases   ] GC(4)   Evacuate Collection Set: 3.9ms
[2025-06-05T16:37:37.664+0000][4.039s][info ][gc,phases   ] GC(4)   Post Evacuate Collection Set: 2.4ms
[2025-06-05T16:37:37.664+0000][4.040s][info ][gc,phases   ] GC(4)   Other: 0.4ms
[2025-06-05T16:37:37.664+0000][4.040s][info ][gc,heap     ] GC(4) Eden regions: 32->0(50)
[2025-06-05T16:37:37.664+0000][4.040s][info ][gc,heap     ] GC(4) Survivor regions: 1->2(5)
[2025-06-05T16:37:37.665+0000][4.040s][info ][gc,heap     ] GC(4) Old regions: 10->10
[2025-06-05T16:37:37.665+0000][4.040s][info ][gc,heap     ] GC(4) Archive regions: 2->2
[2025-06-05T16:37:37.665+0000][4.040s][info ][gc,heap     ] GC(4) Humongous regions: 0->0
[2025-06-05T16:37:37.665+0000][4.040s][info ][gc,metaspace] GC(4) Metaspace: 5608K(5952K)->5608K(5952K) NonClass: 4923K(5120K)->4923K(5120K) Class: 685K(832K)->685K(832K)
[2025-06-05T16:37:37.665+0000][4.041s][info ][gc          ] GC(4) Pause Young (Normal) (G1 Evacuation Pause) 43M->11M(88M) 8.864ms
[2025-06-05T16:37:37.665+0000][4.041s][info ][gc,cpu      ] GC(4) User=0.01s Sys=0.00s Real=0.01s
[2025-06-05T16:37:37.665+0000][4.041s][info ][safepoint   ] Safepoint "G1CollectForAllocation", Time since last: 368361208 ns, Reaching safepoint: 325875 ns, Cleanup: 309209 ns, At safepoint: 9208000 ns, Total: 9843084 ns
[2025-06-05T16:37:38.666+0000][5.041s][debug][safepoint   ] Safepoint synchronization initiated using futex wait barrier. (13 threads)
[2025-06-05T16:37:38.676+0000][5.051s][info ][safepoint   ] Safepoint "Cleanup", Time since last: 1000663333 ns, Reaching safepoint: 9253709 ns, Cleanup: 558958 ns, At safepoint: 15167 ns, Total: 9827834 ns
[2025-06-05T16:37:39.761+0000][6.136s][debug][safepoint   ] Safepoint synchronization initiated using futex wait barrier. (13 threads)
[2025-06-05T16:37:39.766+0000][6.141s][info ][safepoint   ] Safepoint "Cleanup", Time since last: 1084815917 ns, Reaching safepoint: 4707000 ns, Cleanup: 200875 ns, At safepoint: 59042 ns, Total: 4966917 ns
[2025-06-05T16:37:40.692+0000][7.067s][debug][safepoint   ] Safepoint synchronization initiated using futex wait barrier. (13 threads)
[2025-06-05T16:37:40.695+0000][7.070s][info ][gc,start    ] GC(5) Pause Young (Normal) (G1 Evacuation Pause)
[2025-06-05T16:37:40.695+0000][7.071s][info ][gc,task     ] GC(5) Using 2 workers of 2 for evacuation
[2025-06-05T16:37:40.719+0000][7.095s][info ][gc,phases   ] GC(5)   Pre Evacuate Collection Set: 0.9ms
[2025-06-05T16:37:40.720+0000][7.095s][info ][gc,phases   ] GC(5)   Merge Heap Roots: 0.6ms
[2025-06-05T16:37:40.720+0000][7.095s][info ][gc,phases   ] GC(5)   Evacuate Collection Set: 13.2ms
[2025-06-05T16:37:40.720+0000][7.096s][info ][gc,phases   ] GC(5)   Post Evacuate Collection Set: 8.7ms
[2025-06-05T16:37:40.721+0000][7.096s][info ][gc,phases   ] GC(5)   Other: 1.2ms
[2025-06-05T16:37:40.721+0000][7.097s][info ][gc,heap     ] GC(5) Eden regions: 50->0(49)
[2025-06-05T16:37:40.721+0000][7.097s][info ][gc,heap     ] GC(5) Survivor regions: 2->3(7)
[2025-06-05T16:37:40.721+0000][7.097s][info ][gc,heap     ] GC(5) Old regions: 10->10
[2025-06-05T16:37:40.722+0000][7.097s][info ][gc,heap     ] GC(5) Archive regions: 2->2
[2025-06-05T16:37:40.722+0000][7.097s][info ][gc,heap     ] GC(5) Humongous regions: 0->0
[2025-06-05T16:37:40.722+0000][7.097s][info ][gc,metaspace] GC(5) Metaspace: 7865K(8192K)->7865K(8192K) NonClass: 6884K(7040K)->6884K(7040K) Class: 981K(1152K)->981K(1152K)
[2025-06-05T16:37:40.722+0000][7.098s][info ][gc          ] GC(5) Pause Young (Normal) (G1 Evacuation Pause) 61M->12M(88M) 27.137ms
[2025-06-05T16:37:40.722+0000][7.098s][info ][gc,cpu      ] GC(5) User=0.07s Sys=0.01s Real=0.03s
[2025-06-05T16:37:40.722+0000][7.098s][info ][safepoint   ] Safepoint "G1CollectForAllocation", Time since last: 925924458 ns, Reaching safepoint: 2937375 ns, Cleanup: 143500 ns, At safepoint: 27774042 ns, Total: 30854917 ns
[2025-06-05T16:37:41.706+0000][8.081s][debug][safepoint   ] Safepoint synchronization initiated using futex wait barrier. (13 threads)
[2025-06-05T16:37:41.707+0000][8.083s][info ][gc,start    ] GC(6) Pause Young (Normal) (G1 Evacuation Pause)
[2025-06-05T16:37:41.709+0000][8.084s][info ][gc,task     ] GC(6) Using 2 workers of 2 for evacuation
[2025-06-05T16:37:41.728+0000][8.104s][info ][gc,phases   ] GC(6)   Pre Evacuate Collection Set: 0.2ms
[2025-06-05T16:37:41.729+0000][8.104s][info ][gc,phases   ] GC(6)   Merge Heap Roots: 0.2ms
[2025-06-05T16:37:41.729+0000][8.105s][info ][gc,phases   ] GC(6)   Evacuate Collection Set: 15.9ms
[2025-06-05T16:37:41.730+0000][8.105s][info ][gc,phases   ] GC(6)   Post Evacuate Collection Set: 2.9ms
[2025-06-05T16:37:41.730+0000][8.105s][info ][gc,phases   ] GC(6)   Other: 2.1ms
[2025-06-05T16:37:41.730+0000][8.106s][info ][gc,heap     ] GC(6) Eden regions: 49->0(48)
[2025-06-05T16:37:41.730+0000][8.106s][info ][gc,heap     ] GC(6) Survivor regions: 3->4(7)
[2025-06-05T16:37:41.731+0000][8.106s][info ][gc,heap     ] GC(6) Old regions: 10->10
[2025-06-05T16:37:41.731+0000][8.106s][info ][gc,heap     ] GC(6) Archive regions: 2->2
[2025-06-05T16:37:41.731+0000][8.107s][info ][gc,heap     ] GC(6) Humongous regions: 0->0
[2025-06-05T16:37:41.731+0000][8.107s][info ][gc,metaspace] GC(6) Metaspace: 10370K(10688K)->10370K(10688K) NonClass: 9033K(9216K)->9033K(9216K) Class: 1336K(1472K)->1336K(1472K)
[2025-06-05T16:37:41.732+0000][8.107s][info ][gc          ] GC(6) Pause Young (Normal) (G1 Evacuation Pause) 61M->13M(88M) 24.814ms
[2025-06-05T16:37:41.732+0000][8.108s][info ][gc,cpu      ] GC(6) User=0.07s Sys=0.00s Real=0.03s
[2025-06-05T16:37:41.733+0000][8.108s][info ][safepoint   ] Safepoint "G1CollectForAllocation", Time since last: 983131626 ns, Reaching safepoint: 1155833 ns, Cleanup: 386208 ns, At safepoint: 25427167 ns, Total: 26969208 ns
[2025-06-05T16:37:42.748+0000][9.123s][debug][safepoint   ] Safepoint synchronization initiated using futex wait barrier. (13 threads)
[2025-06-05T16:37:42.954+0000][9.330s][info ][safepoint   ] Safepoint "Cleanup", Time since last: 1015111834 ns, Reaching safepoint: 206482417 ns, Cleanup: 194916 ns, At safepoint: 17625 ns, Total: 206694958 ns
[2025-06-05T16:37:43.968+0000][10.343s][debug][safepoint   ] Safepoint synchronization initiated using futex wait barrier. (13 threads)
[2025-06-05T16:37:43.970+0000][10.346s][debug][safepoint   ] ... found polling page loop exception at pc = 0x0000ffff89004ca8, stub =0x0000ffff8897ef00
[2025-06-05T16:37:43.974+0000][10.349s][info ][safepoint   ] Safepoint "Cleanup", Time since last: 1013639542 ns, Reaching safepoint: 5635584 ns, Cleanup: 59208 ns, At safepoint: 25750 ns, Total: 5720542 ns
[2025-06-05T16:37:44.009+0000][10.384s][debug][safepoint   ] Safepoint synchronization initiated using futex wait barrier. (13 threads)
[2025-06-05T16:37:44.010+0000][10.385s][info ][gc,start    ] GC(7) Pause Young (Normal) (G1 Evacuation Pause)
[2025-06-05T16:37:44.010+0000][10.386s][info ][gc,task     ] GC(7) Using 2 workers of 2 for evacuation
[2025-06-05T16:37:44.083+0000][10.459s][info ][gc,phases   ] GC(7)   Pre Evacuate Collection Set: 0.8ms
[2025-06-05T16:37:44.083+0000][10.459s][info ][gc,phases   ] GC(7)   Merge Heap Roots: 1.4ms
[2025-06-05T16:37:44.083+0000][10.459s][info ][gc,phases   ] GC(7)   Evacuate Collection Set: 44.8ms
[2025-06-05T16:37:44.084+0000][10.459s][info ][gc,phases   ] GC(7)   Post Evacuate Collection Set: 25.2ms
[2025-06-05T16:37:44.084+0000][10.459s][info ][gc,phases   ] GC(7)   Other: 1.3ms
[2025-06-05T16:37:44.084+0000][10.459s][info ][gc,heap     ] GC(7) Eden regions: 48->0(48)
[2025-06-05T16:37:44.084+0000][10.459s][info ][gc,heap     ] GC(7) Survivor regions: 4->4(7)
[2025-06-05T16:37:44.084+0000][10.460s][info ][gc,heap     ] GC(7) Old regions: 10->10
[2025-06-05T16:37:44.084+0000][10.460s][info ][gc,heap     ] GC(7) Archive regions: 2->2
[2025-06-05T16:37:44.084+0000][10.460s][info ][gc,heap     ] GC(7) Humongous regions: 0->0
[2025-06-05T16:37:44.084+0000][10.460s][info ][gc,metaspace] GC(7) Metaspace: 11323K(11648K)->11323K(11648K) NonClass: 9840K(10048K)->9840K(10048K) Class: 1482K(1600K)->1482K(1600K)
[2025-06-05T16:37:44.085+0000][10.460s][info ][gc          ] GC(7) Pause Young (Normal) (G1 Evacuation Pause) 61M->13M(88M) 74.827ms
[2025-06-05T16:37:44.086+0000][10.461s][info ][gc,cpu      ] GC(7) User=0.16s Sys=0.02s Real=0.08s
[2025-06-05T16:37:44.086+0000][10.462s][info ][safepoint   ] Safepoint "G1CollectForAllocation", Time since last: 35255750 ns, Reaching safepoint: 507375 ns, Cleanup: 21292 ns, At safepoint: 76671958 ns, Total: 77200625 ns
[2025-06-05T16:37:44.359+0000][10.735s][debug][safepoint   ] Safepoint synchronization initiated using futex wait barrier. (13 threads)
[2025-06-05T16:37:44.360+0000][10.735s][info ][safepoint   ] Safepoint "ICBufferFull", Time since last: 273142584 ns, Reaching safepoint: 479375 ns, Cleanup: 166208 ns, At safepoint: 25875 ns, Total: 671458 ns
[2025-06-05T16:37:44.550+0000][10.925s][debug][safepoint   ] Safepoint synchronization initiated using futex wait barrier. (13 threads)
[2025-06-05T16:37:44.551+0000][10.927s][info ][safepoint   ] Safepoint "ICBufferFull", Time since last: 189913833 ns, Reaching safepoint: 1064959 ns, Cleanup: 175625 ns, At safepoint: 13083 ns, Total: 1253667 ns
[2025-06-05T16:37:44.692+0000][11.067s][debug][safepoint   ] Safepoint synchronization initiated using futex wait barrier. (13 threads)
[2025-06-05T16:37:44.692+0000][11.068s][info ][safepoint   ] Safepoint "ICBufferFull", Time since last: 140576750 ns, Reaching safepoint: 250375 ns, Cleanup: 161042 ns, At safepoint: 19333 ns, Total: 430750 ns
[2025-06-05T16:37:45.696+0000][12.072s][debug][safepoint   ] Safepoint synchronization initiated using futex wait barrier. (12 threads)
[2025-06-05T16:37:45.699+0000][12.075s][info ][safepoint   ] Safepoint "Cleanup", Time since last: 1003885876 ns, Reaching safepoint: 2905166 ns, Cleanup: 291000 ns, At safepoint: 11959 ns, Total: 3208125 ns
[2025-06-05T16:37:46.708+0000][13.084s][debug][safepoint   ] Safepoint synchronization initiated using futex wait barrier. (14 threads)
[2025-06-05T16:37:46.716+0000][13.091s][info ][safepoint   ] Safepoint "Cleanup", Time since last: 1009102792 ns, Reaching safepoint: 6793916 ns, Cleanup: 745709 ns, At safepoint: 23958 ns, Total: 7563583 ns
[2025-06-05T16:37:46.801+0000][13.176s][debug][safepoint   ] Safepoint synchronization initiated using futex wait barrier. (14 threads)
[2025-06-05T16:37:46.802+0000][13.178s][info ][gc,start    ] GC(8) Pause Young (Normal) (G1 Evacuation Pause)
[2025-06-05T16:37:46.803+0000][13.178s][info ][gc,task     ] GC(8) Using 2 workers of 2 for evacuation
[2025-06-05T16:37:46.865+0000][13.241s][info ][gc,phases   ] GC(8)   Pre Evacuate Collection Set: 1.0ms
[2025-06-05T16:37:46.866+0000][13.241s][info ][gc,phases   ] GC(8)   Merge Heap Roots: 0.7ms
[2025-06-05T16:37:46.866+0000][13.241s][info ][gc,phases   ] GC(8)   Evacuate Collection Set: 53.7ms
[2025-06-05T16:37:46.867+0000][13.242s][info ][gc,phases   ] GC(8)   Post Evacuate Collection Set: 6.2ms
[2025-06-05T16:37:46.868+0000][13.243s][info ][gc,phases   ] GC(8)   Other: 1.4ms
[2025-06-05T16:37:46.869+0000][13.245s][info ][gc,heap     ] GC(8) Eden regions: 48->0(46)
[2025-06-05T16:37:46.873+0000][13.249s][info ][gc,heap     ] GC(8) Survivor regions: 4->6(7)
[2025-06-05T16:37:46.874+0000][13.249s][info ][gc,heap     ] GC(8) Old regions: 10->10
[2025-06-05T16:37:46.875+0000][13.250s][info ][gc,heap     ] GC(8) Archive regions: 2->2
[2025-06-05T16:37:46.879+0000][13.255s][info ][gc,heap     ] GC(8) Humongous regions: 0->0
[2025-06-05T16:37:46.881+0000][13.257s][info ][gc,metaspace] GC(8) Metaspace: 13460K(13760K)->13460K(13760K) NonClass: 11725K(11904K)->11725K(11904K) Class: 1734K(1856K)->1734K(1856K)
[2025-06-05T16:37:46.886+0000][13.261s][info ][gc          ] GC(8) Pause Young (Normal) (G1 Evacuation Pause) 61M->16M(88M) 83.050ms
[2025-06-05T16:37:46.886+0000][13.262s][info ][gc,cpu      ] GC(8) User=0.11s Sys=0.00s Real=0.08s
[2025-06-05T16:37:46.888+0000][13.263s][info ][safepoint   ] Safepoint "G1CollectForAllocation", Time since last: 84803917 ns, Reaching safepoint: 1568166 ns, Cleanup: 9167 ns, At safepoint: 85426958 ns, Total: 87004291 ns
[2025-06-05T16:37:47.530+0000][13.905s][debug][safepoint   ] Safepoint synchronization initiated using futex wait barrier. (14 threads)
[2025-06-05T16:37:47.531+0000][13.906s][info ][gc,start    ] GC(9) Pause Young (Normal) (G1 Evacuation Pause)
[2025-06-05T16:37:47.531+0000][13.907s][info ][gc,task     ] GC(9) Using 2 workers of 2 for evacuation
[2025-06-05T16:37:47.561+0000][13.936s][info ][gc,phases   ] GC(9)   Pre Evacuate Collection Set: 0.2ms
[2025-06-05T16:37:47.561+0000][13.936s][info ][gc,phases   ] GC(9)   Merge Heap Roots: 0.3ms
[2025-06-05T16:37:47.561+0000][13.936s][info ][gc,phases   ] GC(9)   Evacuate Collection Set: 25.1ms
[2025-06-05T16:37:47.561+0000][13.936s][info ][gc,phases   ] GC(9)   Post Evacuate Collection Set: 3.4ms
[2025-06-05T16:37:47.561+0000][13.937s][info ][gc,phases   ] GC(9)   Other: 0.7ms
[2025-06-05T16:37:47.561+0000][13.937s][info ][gc,heap     ] GC(9) Eden regions: 46->0(59)
[2025-06-05T16:37:47.561+0000][13.937s][info ][gc,heap     ] GC(9) Survivor regions: 6->4(7)
[2025-06-05T16:37:47.561+0000][13.937s][info ][gc,heap     ] GC(9) Old regions: 10->12
[2025-06-05T16:37:47.562+0000][13.937s][info ][gc,heap     ] GC(9) Archive regions: 2->2
[2025-06-05T16:37:47.562+0000][13.937s][info ][gc,heap     ] GC(9) Humongous regions: 0->0
[2025-06-05T16:37:47.562+0000][13.937s][info ][gc,metaspace] GC(9) Metaspace: 14848K(15232K)->14848K(15232K) NonClass: 12925K(13120K)->12925K(13120K) Class: 1923K(2112K)->1923K(2112K)
[2025-06-05T16:37:47.562+0000][13.937s][info ][gc          ] GC(9) Pause Young (Normal) (G1 Evacuation Pause) 62M->16M(106M) 30.977ms
[2025-06-05T16:37:47.562+0000][13.937s][info ][gc,cpu      ] GC(9) User=0.03s Sys=0.01s Real=0.03s
[2025-06-05T16:37:47.562+0000][13.938s][info ][safepoint   ] Safepoint "G1CollectForAllocation", Time since last: 641866834 ns, Reaching safepoint: 1069333 ns, Cleanup: 161625 ns, At safepoint: 31303875 ns, Total: 32534833 ns
[2025-06-05T16:37:48.563+0000][14.939s][debug][safepoint   ] Safepoint synchronization initiated using futex wait barrier. (14 threads)
[2025-06-05T16:37:48.567+0000][14.943s][info ][safepoint   ] Safepoint "Cleanup", Time since last: 1001015001 ns, Reaching safepoint: 3897500 ns, Cleanup: 285250 ns, At safepoint: 38000 ns, Total: 4220750 ns
[2025-06-05T16:37:49.572+0000][15.947s][debug][safepoint   ] Safepoint synchronization initiated using futex wait barrier. (14 threads)
[2025-06-05T16:37:49.579+0000][15.955s][debug][safepoint   ] ... found polling page loop exception at pc = 0x0000ffff89043b7c, stub =0x0000ffff8897ef00
[2025-06-05T16:37:49.597+0000][15.973s][info ][safepoint   ] Safepoint "Cleanup", Time since last: 1004186167 ns, Reaching safepoint: 22732958 ns, Cleanup: 94750 ns, At safepoint: 2944459 ns, Total: 25772167 ns
[2025-06-05T16:37:49.853+0000][16.228s][debug][safepoint   ] Safepoint synchronization initiated using futex wait barrier. (14 threads)
[2025-06-05T16:37:49.865+0000][16.241s][info ][gc,start    ] GC(10) Pause Young (Normal) (G1 Evacuation Pause)
[2025-06-05T16:37:49.866+0000][16.242s][info ][gc,task     ] GC(10) Using 2 workers of 2 for evacuation
[2025-06-05T16:37:49.941+0000][16.317s][info ][gc,phases   ] GC(10)   Pre Evacuate Collection Set: 1.8ms
[2025-06-05T16:37:49.942+0000][16.318s][info ][gc,phases   ] GC(10)   Merge Heap Roots: 1.7ms
[2025-06-05T16:37:49.943+0000][16.318s][info ][gc,phases   ] GC(10)   Evacuate Collection Set: 61.3ms
[2025-06-05T16:37:49.943+0000][16.319s][info ][gc,phases   ] GC(10)   Post Evacuate Collection Set: 9.3ms
[2025-06-05T16:37:49.943+0000][16.319s][info ][gc,phases   ] GC(10)   Other: 1.7ms
[2025-06-05T16:37:49.944+0000][16.319s][info ][gc,heap     ] GC(10) Eden regions: 59->0(58)
[2025-06-05T16:37:49.944+0000][16.319s][info ][gc,heap     ] GC(10) Survivor regions: 4->5(8)
[2025-06-05T16:37:49.944+0000][16.320s][info ][gc,heap     ] GC(10) Old regions: 12->12
[2025-06-05T16:37:49.945+0000][16.320s][info ][gc,heap     ] GC(10) Archive regions: 2->2
[2025-06-05T16:37:49.945+0000][16.321s][info ][gc,heap     ] GC(10) Humongous regions: 0->0
[2025-06-05T16:37:49.945+0000][16.321s][info ][gc,metaspace] GC(10) Metaspace: 16325K(16640K)->16325K(16640K) NonClass: 14100K(14272K)->14100K(14272K) Class: 2224K(2368K)->2224K(2368K)
[2025-06-05T16:37:49.946+0000][16.322s][info ][gc          ] GC(10) Pause Young (Normal) (G1 Evacuation Pause) 75M->16M(106M) 80.799ms
[2025-06-05T16:37:49.947+0000][16.322s][info ][gc,cpu      ] GC(10) User=0.12s Sys=0.01s Real=0.08s
[2025-06-05T16:37:49.947+0000][16.322s][info ][safepoint   ] Safepoint "G1CollectForAllocation", Time since last: 255504791 ns, Reaching safepoint: 6647625 ns, Cleanup: 107375 ns, At safepoint: 87123417 ns, Total: 93878417 ns
[2025-06-05T16:37:49.959+0000][16.335s][info ][cds,heap    ] initialize_from_archived_subgraph java.lang.Byte$ByteCache 0x00000038000395f8
[2025-06-05T16:37:49.961+0000][16.336s][info ][cds,heap    ] initialize_from_archived_subgraph java.lang.Short$ShortCache 0x000000380003fce8
[2025-06-05T16:37:50.363+0000][16.738s][debug][safepoint   ] ... found polling page loop exception at pc = 0x0000ffff89004ca8, stub =0x0000ffff8897ef00
[2025-06-05T16:37:51.170+0000][17.546s][debug][safepoint   ] Safepoint synchronization initiated using futex wait barrier. (14 threads)
[2025-06-05T16:37:51.172+0000][17.548s][info ][gc,start    ] GC(11) Pause Young (Normal) (G1 Evacuation Pause)
[2025-06-05T16:37:51.173+0000][17.548s][info ][gc,task     ] GC(11) Using 2 workers of 2 for evacuation
[2025-06-05T16:37:51.195+0000][17.570s][info ][gc,phases   ] GC(11)   Pre Evacuate Collection Set: 0.4ms
[2025-06-05T16:37:51.195+0000][17.570s][info ][gc,phases   ] GC(11)   Merge Heap Roots: 0.3ms
[2025-06-05T16:37:51.195+0000][17.571s][info ][gc,phases   ] GC(11)   Evacuate Collection Set: 19.7ms
[2025-06-05T16:37:51.195+0000][17.571s][info ][gc,phases   ] GC(11)   Post Evacuate Collection Set: 1.5ms
[2025-06-05T16:37:51.195+0000][17.571s][info ][gc,phases   ] GC(11)   Other: 0.5ms
[2025-06-05T16:37:51.196+0000][17.571s][info ][gc,heap     ] GC(11) Eden regions: 58->0(57)
[2025-06-05T16:37:51.196+0000][17.571s][info ][gc,heap     ] GC(11) Survivor regions: 5->6(8)
[2025-06-05T16:37:51.196+0000][17.571s][info ][gc,heap     ] GC(11) Old regions: 12->12
[2025-06-05T16:37:51.196+0000][17.571s][info ][gc,heap     ] GC(11) Archive regions: 2->2
[2025-06-05T16:37:51.196+0000][17.571s][info ][gc,heap     ] GC(11) Humongous regions: 0->0
[2025-06-05T16:37:51.196+0000][17.571s][info ][gc,metaspace] GC(11) Metaspace: 19209K(19520K)->19209K(19520K) NonClass: 16696K(16896K)->16696K(16896K) Class: 2513K(2624K)->2513K(2624K)
[2025-06-05T16:37:51.196+0000][17.572s][info ][gc          ] GC(11) Pause Young (Normal) (G1 Evacuation Pause) 74M->18M(106M) 23.726ms
[2025-06-05T16:37:51.196+0000][17.572s][info ][gc,cpu      ] GC(11) User=0.06s Sys=0.00s Real=0.02s
[2025-06-05T16:37:51.196+0000][17.572s][info ][safepoint   ] Safepoint "G1CollectForAllocation", Time since last: 1223630167 ns, Reaching safepoint: 1771084 ns, Cleanup: 152250 ns, At safepoint: 24061333 ns, Total: 25984667 ns
[2025-06-05T16:37:52.019+0000][18.395s][debug][safepoint   ] Safepoint synchronization initiated using futex wait barrier. (14 threads)
[2025-06-05T16:37:52.020+0000][18.396s][info ][gc,start    ] GC(12) Pause Young (Concurrent Start) (Metadata GC Threshold)
[2025-06-05T16:37:52.020+0000][18.396s][info ][gc,task     ] GC(12) Using 2 workers of 2 for evacuation
[2025-06-05T16:37:52.115+0000][18.490s][info ][gc,phases   ] GC(12)   Pre Evacuate Collection Set: 0.5ms
[2025-06-05T16:37:52.115+0000][18.491s][info ][gc,phases   ] GC(12)   Merge Heap Roots: 0.2ms
[2025-06-05T16:37:52.115+0000][18.491s][info ][gc,phases   ] GC(12)   Evacuate Collection Set: 87.0ms
[2025-06-05T16:37:52.116+0000][18.491s][info ][gc,phases   ] GC(12)   Post Evacuate Collection Set: 5.0ms
[2025-06-05T16:37:52.116+0000][18.491s][info ][gc,phases   ] GC(12)   Other: 2.2ms
[2025-06-05T16:37:52.116+0000][18.491s][info ][gc,heap     ] GC(12) Eden regions: 41->0(58)
[2025-06-05T16:37:52.116+0000][18.492s][info ][gc,heap     ] GC(12) Survivor regions: 6->5(8)
[2025-06-05T16:37:52.116+0000][18.492s][info ][gc,heap     ] GC(12) Old regions: 12->15
[2025-06-05T16:37:52.116+0000][18.492s][info ][gc,heap     ] GC(12) Archive regions: 2->2
[2025-06-05T16:37:52.117+0000][18.492s][info ][gc,heap     ] GC(12) Humongous regions: 0->0
[2025-06-05T16:37:52.117+0000][18.492s][info ][gc,metaspace] GC(12) Metaspace: 21235K(21504K)->21235K(21504K) NonClass: 18459K(18624K)->18459K(18624K) Class: 2776K(2880K)->2776K(2880K)
[2025-06-05T16:37:52.117+0000][18.493s][info ][gc          ] GC(12) Pause Young (Concurrent Start) (Metadata GC Threshold) 59M->20M(106M) 96.954ms
[2025-06-05T16:37:52.117+0000][18.493s][info ][gc,cpu      ] GC(12) User=0.07s Sys=0.05s Real=0.10s
[2025-06-05T16:37:52.118+0000][18.493s][info ][safepoint   ] Safepoint "CollectForMetadataAllocation", Time since last: 822833084 ns, Reaching safepoint: 765750 ns, Cleanup: 95625 ns, At safepoint: 97976667 ns, Total: 98838042 ns
[2025-06-05T16:37:52.119+0000][18.494s][info ][gc          ] GC(13) Concurrent Mark Cycle
[2025-06-05T16:37:52.119+0000][18.495s][info ][gc,marking  ] GC(13) Concurrent Clear Claimed Marks
[2025-06-05T16:37:52.120+0000][18.495s][info ][gc,marking  ] GC(13) Concurrent Clear Claimed Marks 0.641ms
[2025-06-05T16:37:52.120+0000][18.496s][info ][gc,marking  ] GC(13) Concurrent Scan Root Regions
[2025-06-05T16:37:52.125+0000][18.500s][debug][safepoint   ] Safepoint synchronization initiated using futex wait barrier. (14 threads)
[2025-06-05T16:37:52.125+0000][18.501s][info ][safepoint   ] Safepoint "CollectForMetadataAllocation", Time since last: 1360875 ns, Reaching safepoint: 5938333 ns, Cleanup: 19833 ns, At safepoint: 33875 ns, Total: 5992041 ns
[2025-06-05T16:37:52.160+0000][18.535s][info ][gc,marking  ] GC(13) Concurrent Scan Root Regions 39.244ms
[2025-06-05T16:37:52.164+0000][18.539s][info ][gc,marking  ] GC(13) Concurrent Mark
[2025-06-05T16:37:52.167+0000][18.542s][info ][gc,marking  ] GC(13) Concurrent Mark From Roots
[2025-06-05T16:37:52.174+0000][18.550s][info ][gc,task     ] GC(13) Using 1 workers of 1 for marking
[2025-06-05T16:37:52.299+0000][18.675s][info ][gc,marking  ] GC(13) Concurrent Mark From Roots 132.548ms
[2025-06-05T16:37:52.301+0000][18.676s][info ][gc,marking  ] GC(13) Concurrent Preclean
[2025-06-05T16:37:52.300+0000][18.675s][debug][safepoint   ] Safepoint synchronization initiated using futex wait barrier. (14 threads)
[2025-06-05T16:37:52.302+0000][18.678s][info ][safepoint   ] Safepoint "CollectForMetadataAllocation", Time since last: 174694375 ns, Reaching safepoint: 2144542 ns, Cleanup: 31333 ns, At safepoint: 68417 ns, Total: 2244292 ns
[2025-06-05T16:37:52.303+0000][18.679s][info ][gc,marking  ] GC(13) Concurrent Preclean 2.641ms
[2025-06-05T16:37:52.307+0000][18.682s][debug][safepoint   ] Safepoint synchronization initiated using futex wait barrier. (14 threads)
[2025-06-05T16:37:52.307+0000][18.683s][info ][safepoint   ] Safepoint "CollectForMetadataAllocation", Time since last: 4423708 ns, Reaching safepoint: 364000 ns, Cleanup: 8542 ns, At safepoint: 24458 ns, Total: 397000 ns
[2025-06-05T16:37:52.308+0000][18.683s][debug][safepoint   ] Safepoint synchronization initiated using futex wait barrier. (14 threads)
[2025-06-05T16:37:52.309+0000][18.684s][info ][gc,start    ] GC(13) Pause Remark
[2025-06-05T16:37:52.380+0000][18.756s][info ][gc          ] GC(13) Pause Remark 25M->25M(94M) 71.201ms
[2025-06-05T16:37:52.381+0000][18.756s][info ][gc,cpu      ] GC(13) User=0.07s Sys=0.00s Real=0.07s
[2025-06-05T16:37:52.381+0000][18.757s][info ][safepoint   ] Safepoint "G1PauseRemark", Time since last: 596042 ns, Reaching safepoint: 1227417 ns, Cleanup: 8166 ns, At safepoint: 72196625 ns, Total: 73432208 ns
[2025-06-05T16:37:52.384+0000][18.759s][info ][gc,marking  ] GC(13) Concurrent Mark 219.759ms
[2025-06-05T16:37:52.384+0000][18.759s][info ][gc,marking  ] GC(13) Concurrent Rebuild Remembered Sets
[2025-06-05T16:37:52.408+0000][18.784s][info ][gc,marking  ] GC(13) Concurrent Rebuild Remembered Sets 24.347ms
[2025-06-05T16:37:52.409+0000][18.784s][debug][safepoint   ] Safepoint synchronization initiated using futex wait barrier. (14 threads)
[2025-06-05T16:37:52.409+0000][18.784s][info ][gc,start    ] GC(13) Pause Cleanup
[2025-06-05T16:37:52.409+0000][18.785s][info ][gc          ] GC(13) Pause Cleanup 27M->27M(94M) 0.304ms
[2025-06-05T16:37:52.410+0000][18.785s][info ][gc,cpu      ] GC(13) User=0.00s Sys=0.00s Real=0.00s
[2025-06-05T16:37:52.410+0000][18.785s][info ][safepoint   ] Safepoint "G1PauseCleanup", Time since last: 27446834 ns, Reaching safepoint: 357166 ns, Cleanup: 24459 ns, At safepoint: 672500 ns, Total: 1054125 ns
[2025-06-05T16:37:52.410+0000][18.785s][info ][gc,marking  ] GC(13) Concurrent Cleanup for Next Mark
[2025-06-05T16:37:52.478+0000][18.853s][info ][gc,marking  ] GC(13) Concurrent Cleanup for Next Mark 68.085ms
[2025-06-05T16:37:52.479+0000][18.855s][info ][gc          ] GC(13) Concurrent Mark Cycle 360.644ms
[2025-06-05T16:37:53.428+0000][19.804s][debug][safepoint   ] Safepoint synchronization initiated using futex wait barrier. (14 threads)
[2025-06-05T16:37:53.534+0000][19.909s][info ][safepoint   ] Safepoint "Cleanup", Time since last: 1016939917 ns, Reaching safepoint: 103490375 ns, Cleanup: 3592583 ns, At safepoint: 265209 ns, Total: 107348167 ns
[2025-06-05T16:37:54.560+0000][20.935s][debug][safepoint   ] Safepoint synchronization initiated using futex wait barrier. (14 threads)
[2025-06-05T16:37:54.567+0000][20.943s][info ][safepoint   ] Safepoint "Cleanup", Time since last: 1025962833 ns, Reaching safepoint: 7200500 ns, Cleanup: 81042 ns, At safepoint: 74458 ns, Total: 7356000 ns
[2025-06-05T16:37:55.619+0000][21.994s][debug][safepoint   ] Safepoint synchronization initiated using futex wait barrier. (14 threads)
[2025-06-05T16:37:55.775+0000][22.151s][debug][safepoint   ] ... found polling page loop exception at pc = 0x0000ffff818dccb8, stub =0x0000ffff8897ef00
[2025-06-05T16:37:55.925+0000][22.300s][info ][safepoint   ] Safepoint "Cleanup", Time since last: 1051265168 ns, Reaching safepoint: 172213458 ns, Cleanup: 318167 ns, At safepoint: 133931666 ns, Total: 306463291 ns
[2025-06-05T16:37:57.394+0000][23.769s][debug][safepoint   ] Safepoint synchronization initiated using futex wait barrier. (15 threads)
[2025-06-05T16:37:57.455+0000][23.831s][info ][safepoint   ] Safepoint "Cleanup", Time since last: 1468560168 ns, Reaching safepoint: 61583208 ns, Cleanup: 151875 ns, At safepoint: 68292 ns, Total: 61803375 ns
[2025-06-05T16:37:58.465+0000][24.840s][debug][safepoint   ] Safepoint synchronization initiated using futex wait barrier. (15 threads)
[2025-06-05T16:37:58.467+0000][24.843s][info ][safepoint   ] Safepoint "Cleanup", Time since last: 1009201000 ns, Reaching safepoint: 2422459 ns, Cleanup: 119333 ns, At safepoint: 61458 ns, Total: 2603250 ns
[2025-06-05T16:37:58.522+0000][24.897s][debug][safepoint   ] Safepoint synchronization initiated using futex wait barrier. (15 threads)
[2025-06-05T16:37:58.524+0000][24.899s][info ][gc,start    ] GC(14) Pause Young (Concurrent Start) (G1 Evacuation Pause)
[2025-06-05T16:37:58.524+0000][24.899s][info ][gc,task     ] GC(14) Using 2 workers of 2 for evacuation
[2025-06-05T16:37:58.655+0000][25.030s][info ][gc,phases   ] GC(14)   Pre Evacuate Collection Set: 1.5ms
[2025-06-05T16:37:58.655+0000][25.030s][info ][gc,phases   ] GC(14)   Merge Heap Roots: 1.6ms
[2025-06-05T16:37:58.655+0000][25.030s][info ][gc,phases   ] GC(14)   Evacuate Collection Set: 117.4ms
[2025-06-05T16:37:58.655+0000][25.031s][info ][gc,phases   ] GC(14)   Post Evacuate Collection Set: 8.8ms
[2025-06-05T16:37:58.655+0000][25.031s][info ][gc,phases   ] GC(14)   Other: 2.9ms
[2025-06-05T16:37:58.656+0000][25.031s][info ][gc,heap     ] GC(14) Eden regions: 51->0(50)
[2025-06-05T16:37:58.656+0000][25.031s][info ][gc,heap     ] GC(14) Survivor regions: 5->6(7)
[2025-06-05T16:37:58.656+0000][25.031s][info ][gc,heap     ] GC(14) Old regions: 15->16
[2025-06-05T16:37:58.656+0000][25.031s][info ][gc,heap     ] GC(14) Archive regions: 2->2
[2025-06-05T16:37:58.656+0000][25.032s][info ][gc,heap     ] GC(14) Humongous regions: 0->0
[2025-06-05T16:37:58.656+0000][25.032s][info ][gc,metaspace] GC(14) Metaspace: 23520K(23872K)->23520K(23872K) NonClass: 20447K(20608K)->20447K(20608K) Class: 3073K(3264K)->3073K(3264K)
[2025-06-05T16:37:58.656+0000][25.032s][info ][gc          ] GC(14) Pause Young (Concurrent Start) (G1 Evacuation Pause) 71M->21M(94M) 132.756ms
[2025-06-05T16:37:58.657+0000][25.032s][info ][gc,cpu      ] GC(14) User=0.24s Sys=0.01s Real=0.13s
[2025-06-05T16:37:58.657+0000][25.033s][info ][safepoint   ] Safepoint "G1CollectForAllocation", Time since last: 54542417 ns, Reaching safepoint: 364042 ns, Cleanup: 41166 ns, At safepoint: 135030959 ns, Total: 135436167 ns
[2025-06-05T16:37:58.658+0000][25.033s][info ][gc          ] GC(15) Concurrent Mark Cycle
[2025-06-05T16:37:58.661+0000][25.036s][info ][gc,marking  ] GC(15) Concurrent Clear Claimed Marks
[2025-06-05T16:37:58.661+0000][25.037s][info ][gc,marking  ] GC(15) Concurrent Clear Claimed Marks 0.371ms
[2025-06-05T16:37:58.662+0000][25.037s][info ][gc,marking  ] GC(15) Concurrent Scan Root Regions
[2025-06-05T16:37:58.671+0000][25.047s][info ][gc,marking  ] GC(15) Concurrent Scan Root Regions 9.223ms
[2025-06-05T16:37:58.671+0000][25.047s][info ][gc,marking  ] GC(15) Concurrent Mark
[2025-06-05T16:37:58.672+0000][25.047s][info ][gc,marking  ] GC(15) Concurrent Mark From Roots
[2025-06-05T16:37:58.672+0000][25.047s][info ][gc,task     ] GC(15) Using 1 workers of 1 for marking
[2025-06-05T16:37:58.787+0000][25.163s][info ][gc,marking  ] GC(15) Concurrent Mark From Roots 115.631ms
[2025-06-05T16:37:58.788+0000][25.163s][info ][gc,marking  ] GC(15) Concurrent Preclean
[2025-06-05T16:37:58.788+0000][25.164s][info ][gc,marking  ] GC(15) Concurrent Preclean 0.675ms
[2025-06-05T16:37:58.790+0000][25.165s][debug][safepoint   ] Safepoint synchronization initiated using futex wait barrier. (15 threads)
[2025-06-05T16:37:58.791+0000][25.167s][info ][gc,start    ] GC(15) Pause Remark
[2025-06-05T16:37:58.873+0000][25.249s][info ][gc          ] GC(15) Pause Remark 29M->29M(94M) 82.081ms
[2025-06-05T16:37:58.874+0000][25.249s][info ][gc,cpu      ] GC(15) User=0.07s Sys=0.00s Real=0.08s
[2025-06-05T16:37:58.874+0000][25.249s][info ][safepoint   ] Safepoint "G1PauseRemark", Time since last: 132768875 ns, Reaching safepoint: 1390708 ns, Cleanup: 53000 ns, At safepoint: 82718833 ns, Total: 84162541 ns
[2025-06-05T16:37:58.881+0000][25.257s][info ][gc,marking  ] GC(15) Concurrent Mark 209.916ms
[2025-06-05T16:37:58.882+0000][25.257s][info ][gc,marking  ] GC(15) Concurrent Rebuild Remembered Sets
[2025-06-05T16:37:58.951+0000][25.327s][info ][gc,marking  ] GC(15) Concurrent Rebuild Remembered Sets 69.358ms
[2025-06-05T16:37:58.952+0000][25.327s][debug][safepoint   ] Safepoint synchronization initiated using futex wait barrier. (15 threads)
[2025-06-05T16:37:58.954+0000][25.329s][info ][gc,start    ] GC(15) Pause Cleanup
[2025-06-05T16:37:58.954+0000][25.330s][info ][gc          ] GC(15) Pause Cleanup 30M->30M(94M) 0.550ms
[2025-06-05T16:37:58.954+0000][25.330s][info ][gc,cpu      ] GC(15) User=0.00s Sys=0.00s Real=0.00s
[2025-06-05T16:37:58.955+0000][25.330s][info ][safepoint   ] Safepoint "G1PauseCleanup", Time since last: 77505376 ns, Reaching safepoint: 1957000 ns, Cleanup: 30416 ns, At safepoint: 1121834 ns, Total: 3109250 ns
[2025-06-05T16:37:58.961+0000][25.336s][info ][gc,marking  ] GC(15) Concurrent Cleanup for Next Mark
[2025-06-05T16:37:58.979+0000][25.355s][info ][gc,marking  ] GC(15) Concurrent Cleanup for Next Mark 18.639ms
[2025-06-05T16:37:58.980+0000][25.355s][info ][gc          ] GC(15) Concurrent Mark Cycle 322.173ms
[2025-06-05T16:37:59.665+0000][26.040s][debug][safepoint   ] Safepoint synchronization initiated using futex wait barrier. (14 threads)
[2025-06-05T16:37:59.667+0000][26.042s][info ][safepoint   ] Safepoint "ICBufferFull", Time since last: 709969625 ns, Reaching safepoint: 1812250 ns, Cleanup: 142750 ns, At safepoint: 10250 ns, Total: 1965250 ns
[2025-06-05T16:37:59.790+0000][26.166s][debug][safepoint   ] Safepoint synchronization initiated using futex wait barrier. (14 threads)
[2025-06-05T16:37:59.791+0000][26.166s][info ][gc,start    ] GC(16) Pause Young (Normal) (G1 Evacuation Pause)
[2025-06-05T16:37:59.791+0000][26.166s][info ][gc,task     ] GC(16) Using 2 workers of 2 for evacuation
[2025-06-05T16:37:59.812+0000][26.187s][info ][gc,phases   ] GC(16)   Pre Evacuate Collection Set: 0.2ms
[2025-06-05T16:37:59.812+0000][26.187s][info ][gc,phases   ] GC(16)   Merge Heap Roots: 0.2ms
[2025-06-05T16:37:59.812+0000][26.188s][info ][gc,phases   ] GC(16)   Evacuate Collection Set: 18.3ms
[2025-06-05T16:37:59.812+0000][26.188s][info ][gc,phases   ] GC(16)   Post Evacuate Collection Set: 1.9ms
[2025-06-05T16:37:59.812+0000][26.188s][info ][gc,phases   ] GC(16)   Other: 0.6ms
[2025-06-05T16:37:59.813+0000][26.188s][info ][gc,heap     ] GC(16) Eden regions: 50->0(49)
[2025-06-05T16:37:59.813+0000][26.188s][info ][gc,heap     ] GC(16) Survivor regions: 6->7(7)
[2025-06-05T16:37:59.813+0000][26.188s][info ][gc,heap     ] GC(16) Old regions: 16->18
[2025-06-05T16:37:59.813+0000][26.188s][info ][gc,heap     ] GC(16) Archive regions: 2->2
[2025-06-05T16:37:59.813+0000][26.188s][info ][gc,heap     ] GC(16) Humongous regions: 0->0
[2025-06-05T16:37:59.813+0000][26.189s][info ][gc,metaspace] GC(16) Metaspace: 24422K(24832K)->24422K(24832K) NonClass: 21245K(21440K)->21245K(21440K) Class: 3177K(3392K)->3177K(3392K)
[2025-06-05T16:37:59.813+0000][26.189s][info ][gc          ] GC(16) Pause Young (Normal) (G1 Evacuation Pause) 71M->25M(94M) 22.543ms
[2025-06-05T16:37:59.813+0000][26.189s][info ][gc,cpu      ] GC(16) User=0.04s Sys=0.00s Real=0.03s
[2025-06-05T16:37:59.813+0000][26.189s][info ][safepoint   ] Safepoint "G1CollectForAllocation", Time since last: 123555583 ns, Reaching safepoint: 415084 ns, Cleanup: 43583 ns, At safepoint: 22811833 ns, Total: 23270500 ns
[2025-06-05T16:38:00.155+0000][26.530s][debug][safepoint   ] Safepoint synchronization initiated using futex wait barrier. (14 threads)
[2025-06-05T16:38:00.156+0000][26.532s][info ][gc,start    ] GC(17) Pause Young (Normal) (G1 Evacuation Pause)
[2025-06-05T16:38:00.157+0000][26.532s][info ][gc,task     ] GC(17) Using 2 workers of 2 for evacuation
[2025-06-05T16:38:00.292+0000][26.667s][info ][gc,phases   ] GC(17)   Pre Evacuate Collection Set: 0.2ms
[2025-06-05T16:38:00.292+0000][26.668s][info ][gc,phases   ] GC(17)   Merge Heap Roots: 0.1ms
[2025-06-05T16:38:00.293+0000][26.668s][info ][gc,phases   ] GC(17)   Evacuate Collection Set: 114.7ms
[2025-06-05T16:38:00.293+0000][26.668s][info ][gc,phases   ] GC(17)   Post Evacuate Collection Set: 19.2ms
[2025-06-05T16:38:00.293+0000][26.669s][info ][gc,phases   ] GC(17)   Other: 1.1ms
[2025-06-05T16:38:00.294+0000][26.669s][info ][gc,heap     ] GC(17) Eden regions: 49->0(55)
[2025-06-05T16:38:00.294+0000][26.670s][info ][gc,heap     ] GC(17) Survivor regions: 7->7(7)
[2025-06-05T16:38:00.295+0000][26.671s][info ][gc,heap     ] GC(17) Old regions: 18->25
[2025-06-05T16:38:00.296+0000][26.672s][info ][gc,heap     ] GC(17) Archive regions: 2->2
[2025-06-05T16:38:00.297+0000][26.672s][info ][gc,heap     ] GC(17) Humongous regions: 0->0
[2025-06-05T16:38:00.297+0000][26.672s][info ][gc,metaspace] GC(17) Metaspace: 24484K(24896K)->24484K(24896K) NonClass: 21297K(21504K)->21297K(21504K) Class: 3187K(3392K)->3187K(3392K)
[2025-06-05T16:38:00.297+0000][26.672s][info ][gc          ] GC(17) Pause Young (Normal) (G1 Evacuation Pause) 74M->31M(113M) 140.744ms
[2025-06-05T16:38:00.297+0000][26.673s][info ][gc,cpu      ] GC(17) User=0.16s Sys=0.12s Real=0.14s
[2025-06-05T16:38:00.297+0000][26.673s][info ][safepoint   ] Safepoint "G1CollectForAllocation", Time since last: 341069125 ns, Reaching safepoint: 1059459 ns, Cleanup: 597375 ns, At safepoint: 141231958 ns, Total: 142888792 ns
[2025-06-05T16:38:01.562+0000][27.956s][debug][safepoint   ] Safepoint synchronization initiated using futex wait barrier. (14 threads)
[2025-06-05T16:38:01.567+0000][27.961s][info ][safepoint   ] Safepoint "Cleanup", Time since last: 1283578001 ns, Reaching safepoint: 4063416 ns, Cleanup: 207625 ns, At safepoint: 31709 ns, Total: 4302750 ns
[2025-06-05T16:38:01.605+0000][27.999s][debug][safepoint   ] Safepoint synchronization initiated using futex wait barrier. (14 threads)
[2025-06-05T16:38:01.605+0000][27.999s][info ][gc,start    ] GC(18) Pause Young (Normal) (G1 Evacuation Pause)
[2025-06-05T16:38:01.605+0000][28.000s][info ][gc,task     ] GC(18) Using 2 workers of 2 for evacuation
[2025-06-05T16:38:01.679+0000][28.073s][info ][gc,phases   ] GC(18)   Pre Evacuate Collection Set: 0.9ms
[2025-06-05T16:38:01.679+0000][28.073s][info ][gc,phases   ] GC(18)   Merge Heap Roots: 0.3ms
[2025-06-05T16:38:01.679+0000][28.073s][info ][gc,phases   ] GC(18)   Evacuate Collection Set: 67.8ms
[2025-06-05T16:38:01.679+0000][28.073s][info ][gc,phases   ] GC(18)   Post Evacuate Collection Set: 3.7ms
[2025-06-05T16:38:01.679+0000][28.074s][info ][gc,phases   ] GC(18)   Other: 1.1ms
[2025-06-05T16:38:01.680+0000][28.074s][info ][gc,heap     ] GC(18) Eden regions: 55->0(48)
[2025-06-05T16:38:01.680+0000][28.074s][info ][gc,heap     ] GC(18) Survivor regions: 7->8(8)
[2025-06-05T16:38:01.680+0000][28.074s][info ][gc,heap     ] GC(18) Old regions: 25->31
[2025-06-05T16:38:01.680+0000][28.074s][info ][gc,heap     ] GC(18) Archive regions: 2->2
[2025-06-05T16:38:01.680+0000][28.074s][info ][gc,heap     ] GC(18) Humongous regions: 0->0
[2025-06-05T16:38:01.680+0000][28.074s][info ][gc,metaspace] GC(18) Metaspace: 24523K(24896K)->24523K(24896K) NonClass: 21332K(21504K)->21332K(21504K) Class: 3191K(3392K)->3191K(3392K)
[2025-06-05T16:38:01.680+0000][28.074s][info ][gc          ] GC(18) Pause Young (Normal) (G1 Evacuation Pause) 86M->38M(113M) 75.223ms
[2025-06-05T16:38:01.680+0000][28.074s][info ][gc,cpu      ] GC(18) User=0.10s Sys=0.00s Real=0.07s
[2025-06-05T16:38:01.680+0000][28.074s][info ][safepoint   ] Safepoint "G1CollectForAllocation", Time since last: 37980208 ns, Reaching safepoint: 229000 ns, Cleanup: 15250 ns, At safepoint: 75523458 ns, Total: 75767708 ns
[2025-06-05T16:38:02.030+0000][28.425s][debug][safepoint   ] Safepoint synchronization initiated using futex wait barrier. (14 threads)
[2025-06-05T16:38:02.031+0000][28.425s][info ][gc,start    ] GC(19) Pause Young (Normal) (G1 Evacuation Pause)
[2025-06-05T16:38:02.031+0000][28.425s][info ][gc,task     ] GC(19) Using 2 workers of 2 for evacuation
[2025-06-05T16:38:02.069+0000][28.463s][info ][gc,phases   ] GC(19)   Pre Evacuate Collection Set: 0.1ms
[2025-06-05T16:38:02.069+0000][28.464s][info ][gc,phases   ] GC(19)   Merge Heap Roots: 0.2ms
[2025-06-05T16:38:02.070+0000][28.464s][info ][gc,phases   ] GC(19)   Evacuate Collection Set: 34.9ms
[2025-06-05T16:38:02.070+0000][28.464s][info ][gc,phases   ] GC(19)   Post Evacuate Collection Set: 2.8ms
[2025-06-05T16:38:02.070+0000][28.464s][info ][gc,phases   ] GC(19)   Other: 0.4ms
[2025-06-05T16:38:02.070+0000][28.464s][info ][gc,heap     ] GC(19) Eden regions: 48->0(45)
[2025-06-05T16:38:02.070+0000][28.464s][info ][gc,heap     ] GC(19) Survivor regions: 8->5(7)
[2025-06-05T16:38:02.070+0000][28.464s][info ][gc,heap     ] GC(19) Old regions: 31->38
[2025-06-05T16:38:02.070+0000][28.464s][info ][gc,heap     ] GC(19) Archive regions: 2->2
[2025-06-05T16:38:02.070+0000][28.464s][info ][gc,heap     ] GC(19) Humongous regions: 0->0
[2025-06-05T16:38:02.070+0000][28.464s][info ][gc,metaspace] GC(19) Metaspace: 24672K(25024K)->24672K(25024K) NonClass: 21454K(21632K)->21454K(21632K) Class: 3218K(3392K)->3218K(3392K)
[2025-06-05T16:38:02.070+0000][28.464s][info ][gc          ] GC(19) Pause Young (Normal) (G1 Evacuation Pause) 86M->43M(113M) 39.546ms
[2025-06-05T16:38:02.070+0000][28.465s][info ][gc,cpu      ] GC(19) User=0.08s Sys=0.01s Real=0.04s
[2025-06-05T16:38:02.071+0000][28.465s][info ][safepoint   ] Safepoint "G1CollectForAllocation", Time since last: 350139626 ns, Reaching safepoint: 236750 ns, Cleanup: 67916 ns, At safepoint: 39788125 ns, Total: 40092791 ns
[2025-06-05T16:38:02.539+0000][28.933s][debug][safepoint   ] Safepoint synchronization initiated using futex wait barrier. (14 threads)
[2025-06-05T16:38:02.539+0000][28.933s][info ][gc,start    ] GC(20) Pause Young (Normal) (G1 Evacuation Pause)
[2025-06-05T16:38:02.539+0000][28.933s][info ][gc,task     ] GC(20) Using 2 workers of 2 for evacuation
[2025-06-05T16:38:02.562+0000][28.956s][info ][gc,phases   ] GC(20)   Pre Evacuate Collection Set: 0.2ms
[2025-06-05T16:38:02.562+0000][28.957s][info ][gc,phases   ] GC(20)   Merge Heap Roots: 0.2ms
[2025-06-05T16:38:02.562+0000][28.957s][info ][gc,phases   ] GC(20)   Evacuate Collection Set: 20.9ms
[2025-06-05T16:38:02.563+0000][28.957s][info ][gc,phases   ] GC(20)   Post Evacuate Collection Set: 1.3ms
[2025-06-05T16:38:02.563+0000][28.957s][info ][gc,phases   ] GC(20)   Other: 0.4ms
[2025-06-05T16:38:02.563+0000][28.957s][info ][gc,heap     ] GC(20) Eden regions: 45->0(40)
[2025-06-05T16:38:02.563+0000][28.957s][info ][gc,heap     ] GC(20) Survivor regions: 5->5(7)
[2025-06-05T16:38:02.563+0000][28.957s][info ][gc,heap     ] GC(20) Old regions: 38->43
[2025-06-05T16:38:02.563+0000][28.957s][info ][gc,heap     ] GC(20) Archive regions: 2->2
[2025-06-05T16:38:02.563+0000][28.957s][info ][gc,heap     ] GC(20) Humongous regions: 0->0
[2025-06-05T16:38:02.563+0000][28.957s][info ][gc,metaspace] GC(20) Metaspace: 24933K(25344K)->24933K(25344K) NonClass: 21686K(21888K)->21686K(21888K) Class: 3246K(3456K)->3246K(3456K)
[2025-06-05T16:38:02.563+0000][28.957s][info ][gc          ] GC(20) Pause Young (Normal) (G1 Evacuation Pause) 88M->48M(113M) 24.016ms
[2025-06-05T16:38:02.563+0000][28.957s][info ][gc,cpu      ] GC(20) User=0.07s Sys=0.00s Real=0.03s
[2025-06-05T16:38:02.563+0000][28.958s][info ][safepoint   ] Safepoint "G1CollectForAllocation", Time since last: 468017917 ns, Reaching safepoint: 382875 ns, Cleanup: 167375 ns, At safepoint: 24280250 ns, Total: 24830500 ns
[2025-06-05T16:38:03.055+0000][29.450s][debug][safepoint   ] Safepoint synchronization initiated using futex wait barrier. (14 threads)
[2025-06-05T16:38:03.056+0000][29.450s][info ][gc,start    ] GC(21) Pause Young (Normal) (G1 Evacuation Pause)
[2025-06-05T16:38:03.056+0000][29.451s][info ][gc,task     ] GC(21) Using 2 workers of 2 for evacuation
[2025-06-05T16:38:03.142+0000][29.537s][info ][gc,phases   ] GC(21)   Pre Evacuate Collection Set: 0.4ms
[2025-06-05T16:38:03.143+0000][29.537s][info ][gc,phases   ] GC(21)   Merge Heap Roots: 0.3ms
[2025-06-05T16:38:03.146+0000][29.541s][info ][gc,phases   ] GC(21)   Evacuate Collection Set: 27.0ms
[2025-06-05T16:38:03.147+0000][29.541s][info ][gc,phases   ] GC(21)   Post Evacuate Collection Set: 57.8ms
[2025-06-05T16:38:03.149+0000][29.543s][info ][gc,phases   ] GC(21)   Other: 0.8ms
[2025-06-05T16:38:03.150+0000][29.544s][info ][gc,heap     ] GC(21) Eden regions: 40->0(127)
[2025-06-05T16:38:03.150+0000][29.545s][info ][gc,heap     ] GC(21) Survivor regions: 5->3(6)
[2025-06-05T16:38:03.151+0000][29.545s][info ][gc,heap     ] GC(21) Old regions: 43->47
[2025-06-05T16:38:03.151+0000][29.546s][info ][gc,heap     ] GC(21) Archive regions: 2->2
[2025-06-05T16:38:03.152+0000][29.546s][info ][gc,heap     ] GC(21) Humongous regions: 0->0
[2025-06-05T16:38:03.152+0000][29.546s][info ][gc,metaspace] GC(21) Metaspace: 25110K(25536K)->25110K(25536K) NonClass: 21853K(22080K)->21853K(22080K) Class: 3256K(3456K)->3256K(3456K)
[2025-06-05T16:38:03.153+0000][29.547s][info ][gc          ] GC(21) Pause Young (Normal) (G1 Evacuation Pause) 88M->50M(226M) 96.755ms
[2025-06-05T16:38:03.155+0000][29.549s][info ][gc,cpu      ] GC(21) User=0.07s Sys=0.05s Real=0.10s
[2025-06-05T16:38:03.155+0000][29.549s][info ][safepoint   ] Safepoint "G1CollectForAllocation", Time since last: 492009542 ns, Reaching safepoint: 499375 ns, Cleanup: 127458 ns, At safepoint: 99256334 ns, Total: 99883167 ns
[2025-06-05T16:38:04.162+0000][30.556s][debug][safepoint   ] Safepoint synchronization initiated using futex wait barrier. (14 threads)
[2025-06-05T16:38:04.192+0000][30.586s][info ][safepoint   ] Safepoint "Cleanup", Time since last: 1006897959 ns, Reaching safepoint: 28276625 ns, Cleanup: 1781041 ns, At safepoint: 55459 ns, Total: 30113125 ns
[2025-06-05T16:38:05.196+0000][31.590s][debug][safepoint   ] Safepoint synchronization initiated using futex wait barrier. (14 threads)
[2025-06-05T16:38:05.206+0000][31.601s][info ][safepoint   ] Safepoint "Cleanup", Time since last: 1003398792 ns, Reaching safepoint: 10725333 ns, Cleanup: 35542 ns, At safepoint: 31833 ns, Total: 10792708 ns
[2025-06-05T16:38:06.154+0000][32.548s][debug][safepoint   ] Safepoint synchronization initiated using futex wait barrier. (15 threads)
[2025-06-05T16:38:06.155+0000][32.549s][info ][safepoint   ] Safepoint "ICBufferFull", Time since last: 947581584 ns, Reaching safepoint: 906000 ns, Cleanup: 319792 ns, At safepoint: 15166 ns, Total: 1240958 ns
[2025-06-05T16:38:07.156+0000][33.550s][debug][safepoint   ] Safepoint synchronization initiated using futex wait barrier. (15 threads)
[2025-06-05T16:38:07.157+0000][33.551s][info ][safepoint   ] Safepoint "Cleanup", Time since last: 1001040001 ns, Reaching safepoint: 472333 ns, Cleanup: 132500 ns, At safepoint: 21000 ns, Total: 625833 ns
[2025-06-05T16:38:07.343+0000][33.737s][debug][safepoint   ] Safepoint synchronization initiated using futex wait barrier. (15 threads)
[2025-06-05T16:38:07.343+0000][33.738s][info ][gc,start    ] GC(22) Pause Young (Normal) (G1 Evacuation Pause)
[2025-06-05T16:38:07.344+0000][33.738s][info ][gc,task     ] GC(22) Using 2 workers of 2 for evacuation
[2025-06-05T16:38:07.393+0000][33.787s][info ][gc,phases   ] GC(22)   Pre Evacuate Collection Set: 2.8ms
[2025-06-05T16:38:07.393+0000][33.787s][info ][gc,phases   ] GC(22)   Merge Heap Roots: 1.6ms
[2025-06-05T16:38:07.393+0000][33.788s][info ][gc,phases   ] GC(22)   Evacuate Collection Set: 37.2ms
[2025-06-05T16:38:07.394+0000][33.788s][info ][gc,phases   ] GC(22)   Post Evacuate Collection Set: 6.4ms
[2025-06-05T16:38:07.394+0000][33.788s][info ][gc,phases   ] GC(22)   Other: 1.8ms
[2025-06-05T16:38:07.394+0000][33.788s][info ][gc,heap     ] GC(22) Eden regions: 127->0(125)
[2025-06-05T16:38:07.394+0000][33.788s][info ][gc,heap     ] GC(22) Survivor regions: 3->7(17)
[2025-06-05T16:38:07.394+0000][33.788s][info ][gc,heap     ] GC(22) Old regions: 47->47
[2025-06-05T16:38:07.394+0000][33.788s][info ][gc,heap     ] GC(22) Archive regions: 2->2
[2025-06-05T16:38:07.394+0000][33.789s][info ][gc,heap     ] GC(22) Humongous regions: 0->0
[2025-06-05T16:38:07.395+0000][33.789s][info ][gc,metaspace] GC(22) Metaspace: 25244K(25600K)->25244K(25600K) NonClass: 21978K(22144K)->21978K(22144K) Class: 3265K(3456K)->3265K(3456K)
[2025-06-05T16:38:07.395+0000][33.789s][info ][gc          ] GC(22) Pause Young (Normal) (G1 Evacuation Pause) 177M->54M(226M) 51.297ms
[2025-06-05T16:38:07.395+0000][33.789s][info ][gc,cpu      ] GC(22) User=0.09s Sys=0.01s Real=0.05s
[2025-06-05T16:38:07.395+0000][33.789s][info ][safepoint   ] Safepoint "G1CollectForAllocation", Time since last: 185972542 ns, Reaching safepoint: 155625 ns, Cleanup: 76041 ns, At safepoint: 51888792 ns, Total: 52120458 ns
[2025-06-05T16:38:08.398+0000][34.792s][debug][safepoint   ] Safepoint synchronization initiated using futex wait barrier. (16 threads)
[2025-06-05T16:38:08.404+0000][34.798s][info ][safepoint   ] Safepoint "Cleanup", Time since last: 1002954001 ns, Reaching safepoint: 5214083 ns, Cleanup: 655125 ns, At safepoint: 42458 ns, Total: 5911666 ns
[2025-06-05T16:38:08.676+0000][35.070s][debug][safepoint   ] Safepoint synchronization initiated using futex wait barrier. (16 threads)
[2025-06-05T16:38:08.676+0000][35.070s][info ][gc,start    ] GC(23) Pause Young (Normal) (G1 Evacuation Pause)
[2025-06-05T16:38:08.676+0000][35.071s][info ][gc,task     ] GC(23) Using 2 workers of 2 for evacuation
[2025-06-05T16:38:08.701+0000][35.095s][info ][gc,phases   ] GC(23)   Pre Evacuate Collection Set: 0.4ms
[2025-06-05T16:38:08.701+0000][35.095s][info ][gc,phases   ] GC(23)   Merge Heap Roots: 0.3ms
[2025-06-05T16:38:08.701+0000][35.095s][info ][gc,phases   ] GC(23)   Evacuate Collection Set: 22.1ms
[2025-06-05T16:38:08.701+0000][35.095s][info ][gc,phases   ] GC(23)   Post Evacuate Collection Set: 1.4ms
[2025-06-05T16:38:08.701+0000][35.095s][info ][gc,phases   ] GC(23)   Other: 0.5ms
[2025-06-05T16:38:08.701+0000][35.095s][info ][gc,heap     ] GC(23) Eden regions: 125->0(127)
[2025-06-05T16:38:08.701+0000][35.096s][info ][gc,heap     ] GC(23) Survivor regions: 7->8(17)
[2025-06-05T16:38:08.701+0000][35.096s][info ][gc,heap     ] GC(23) Old regions: 47->47
[2025-06-05T16:38:08.702+0000][35.096s][info ][gc,heap     ] GC(23) Archive regions: 2->2
[2025-06-05T16:38:08.702+0000][35.096s][info ][gc,heap     ] GC(23) Humongous regions: 0->0
[2025-06-05T16:38:08.702+0000][35.096s][info ][gc,metaspace] GC(23) Metaspace: 26896K(27264K)->26896K(27264K) NonClass: 23498K(23680K)->23498K(23680K) Class: 3398K(3584K)->3398K(3584K)
[2025-06-05T16:38:08.702+0000][35.096s][info ][gc          ] GC(23) Pause Young (Normal) (G1 Evacuation Pause) 179M->55M(226M) 25.563ms
[2025-06-05T16:38:08.702+0000][35.096s][info ][gc,cpu      ] GC(23) User=0.04s Sys=0.00s Real=0.02s
[2025-06-05T16:38:08.702+0000][35.096s][info ][safepoint   ] Safepoint "G1CollectForAllocation", Time since last: 272117709 ns, Reaching safepoint: 206291 ns, Cleanup: 19792 ns, At safepoint: 25788583 ns, Total: 26014666 ns
[2025-06-05T16:38:09.391+0000][35.785s][debug][safepoint   ] Safepoint synchronization initiated using futex wait barrier. (15 threads)
[2025-06-05T16:38:09.391+0000][35.785s][info ][safepoint   ] Safepoint "ICBufferFull", Time since last: 688566834 ns, Reaching safepoint: 222583 ns, Cleanup: 132584 ns, At safepoint: 2458 ns, Total: 357625 ns
[2025-06-05T16:38:09.450+0000][35.844s][debug][safepoint   ] Safepoint synchronization initiated using futex wait barrier. (15 threads)
[2025-06-05T16:38:09.450+0000][35.845s][info ][gc,start    ] GC(24) Pause Young (Normal) (G1 Evacuation Pause)
[2025-06-05T16:38:09.450+0000][35.845s][info ][gc,task     ] GC(24) Using 2 workers of 2 for evacuation
[2025-06-05T16:38:09.469+0000][35.863s][info ][gc,phases   ] GC(24)   Pre Evacuate Collection Set: 0.1ms
[2025-06-05T16:38:09.469+0000][35.863s][info ][gc,phases   ] GC(24)   Merge Heap Roots: 0.1ms
[2025-06-05T16:38:09.469+0000][35.864s][info ][gc,phases   ] GC(24)   Evacuate Collection Set: 15.9ms
[2025-06-05T16:38:09.469+0000][35.864s][info ][gc,phases   ] GC(24)   Post Evacuate Collection Set: 2.4ms
[2025-06-05T16:38:09.470+0000][35.864s][info ][gc,phases   ] GC(24)   Other: 0.2ms
[2025-06-05T16:38:09.470+0000][35.864s][info ][gc,heap     ] GC(24) Eden regions: 127->0(125)
[2025-06-05T16:38:09.470+0000][35.864s][info ][gc,heap     ] GC(24) Survivor regions: 8->10(17)
[2025-06-05T16:38:09.470+0000][35.864s][info ][gc,heap     ] GC(24) Old regions: 47->47
[2025-06-05T16:38:09.470+0000][35.864s][info ][gc,heap     ] GC(24) Archive regions: 2->2
[2025-06-05T16:38:09.470+0000][35.864s][info ][gc,heap     ] GC(24) Humongous regions: 0->0
[2025-06-05T16:38:09.470+0000][35.864s][info ][gc,metaspace] GC(24) Metaspace: 31892K(32256K)->31892K(32256K) NonClass: 27943K(28160K)->27943K(28160K) Class: 3949K(4096K)->3949K(4096K)
[2025-06-05T16:38:09.470+0000][35.864s][info ][gc          ] GC(24) Pause Young (Normal) (G1 Evacuation Pause) 182M->57M(226M) 19.506ms
[2025-06-05T16:38:09.470+0000][35.864s][info ][gc,cpu      ] GC(24) User=0.03s Sys=0.00s Real=0.02s
[2025-06-05T16:38:09.470+0000][35.864s][info ][safepoint   ] Safepoint "G1CollectForAllocation", Time since last: 59262167 ns, Reaching safepoint: 145083 ns, Cleanup: 12167 ns, At safepoint: 19663417 ns, Total: 19820667 ns
[2025-06-05T16:38:09.780+0000][36.174s][debug][safepoint   ] Safepoint synchronization initiated using futex wait barrier. (15 threads)
[2025-06-05T16:38:09.782+0000][36.176s][info ][safepoint   ] Safepoint "ICBufferFull", Time since last: 309869041 ns, Reaching safepoint: 1451875 ns, Cleanup: 109542 ns, At safepoint: 15125 ns, Total: 1576542 ns
[2025-06-05T16:38:10.246+0000][36.640s][debug][safepoint   ] Safepoint synchronization initiated using futex wait barrier. (15 threads)
[2025-06-05T16:38:10.247+0000][36.641s][info ][safepoint   ] Safepoint "ICBufferFull", Time since last: 464579959 ns, Reaching safepoint: 500625 ns, Cleanup: 199041 ns, At safepoint: 3459 ns, Total: 703125 ns
[2025-06-05T16:38:10.260+0000][36.654s][debug][safepoint   ] Safepoint synchronization initiated using futex wait barrier. (15 threads)
[2025-06-05T16:38:10.261+0000][36.655s][info ][gc,start    ] GC(25) Pause Young (Normal) (G1 Evacuation Pause)
[2025-06-05T16:38:10.261+0000][36.655s][info ][gc,task     ] GC(25) Using 2 workers of 2 for evacuation
[2025-06-05T16:38:10.278+0000][36.672s][info ][gc,phases   ] GC(25)   Pre Evacuate Collection Set: 0.2ms
[2025-06-05T16:38:10.278+0000][36.672s][info ][gc,phases   ] GC(25)   Merge Heap Roots: 0.2ms
[2025-06-05T16:38:10.278+0000][36.672s][info ][gc,phases   ] GC(25)   Evacuate Collection Set: 15.2ms
[2025-06-05T16:38:10.278+0000][36.672s][info ][gc,phases   ] GC(25)   Post Evacuate Collection Set: 1.2ms
[2025-06-05T16:38:10.278+0000][36.672s][info ][gc,phases   ] GC(25)   Other: 0.4ms
[2025-06-05T16:38:10.278+0000][36.672s][info ][gc,heap     ] GC(25) Eden regions: 125->0(126)
[2025-06-05T16:38:10.278+0000][36.672s][info ][gc,heap     ] GC(25) Survivor regions: 10->9(17)
[2025-06-05T16:38:10.278+0000][36.672s][info ][gc,heap     ] GC(25) Old regions: 47->49
[2025-06-05T16:38:10.278+0000][36.673s][info ][gc,heap     ] GC(25) Archive regions: 2->2
[2025-06-05T16:38:10.278+0000][36.673s][info ][gc,heap     ] GC(25) Humongous regions: 0->0
[2025-06-05T16:38:10.278+0000][36.673s][info ][gc,metaspace] GC(25) Metaspace: 34369K(34752K)->34369K(34752K) NonClass: 30105K(30272K)->30105K(30272K) Class: 4264K(4480K)->4264K(4480K)
[2025-06-05T16:38:10.279+0000][36.673s][info ][gc          ] GC(25) Pause Young (Normal) (G1 Evacuation Pause) 182M->57M(226M) 18.003ms
[2025-06-05T16:38:10.279+0000][36.673s][info ][gc,cpu      ] GC(25) User=0.03s Sys=0.00s Real=0.02s
[2025-06-05T16:38:10.279+0000][36.673s][info ][safepoint   ] Safepoint "G1CollectForAllocation", Time since last: 13564958 ns, Reaching safepoint: 159583 ns, Cleanup: 11875 ns, At safepoint: 18176459 ns, Total: 18347917 ns
[2025-06-05T16:38:11.052+0000][37.447s][debug][safepoint   ] Safepoint synchronization initiated using futex wait barrier. (15 threads)
[2025-06-05T16:38:11.053+0000][37.447s][info ][safepoint   ] Safepoint "ICBufferFull", Time since last: 773700750 ns, Reaching safepoint: 190292 ns, Cleanup: 179625 ns, At safepoint: 2583 ns, Total: 372500 ns
[2025-06-05T16:38:11.383+0000][37.777s][debug][safepoint   ] Safepoint synchronization initiated using futex wait barrier. (15 threads)
[2025-06-05T16:38:11.383+0000][37.777s][info ][gc,start    ] GC(26) Pause Young (Normal) (G1 Evacuation Pause)
[2025-06-05T16:38:11.383+0000][37.778s][info ][gc,task     ] GC(26) Using 2 workers of 2 for evacuation
[2025-06-05T16:38:11.409+0000][37.803s][info ][gc,phases   ] GC(26)   Pre Evacuate Collection Set: 0.5ms
[2025-06-05T16:38:11.410+0000][37.804s][info ][gc,phases   ] GC(26)   Merge Heap Roots: 0.3ms
[2025-06-05T16:38:11.410+0000][37.804s][info ][gc,phases   ] GC(26)   Evacuate Collection Set: 21.5ms
[2025-06-05T16:38:11.410+0000][37.804s][info ][gc,phases   ] GC(26)   Post Evacuate Collection Set: 3.2ms
[2025-06-05T16:38:11.410+0000][37.804s][info ][gc,phases   ] GC(26)   Other: 0.7ms
[2025-06-05T16:38:11.410+0000][37.804s][info ][gc,heap     ] GC(26) Eden regions: 126->0(125)
[2025-06-05T16:38:11.410+0000][37.804s][info ][gc,heap     ] GC(26) Survivor regions: 9->10(17)
[2025-06-05T16:38:11.410+0000][37.804s][info ][gc,heap     ] GC(26) Old regions: 49->49
[2025-06-05T16:38:11.410+0000][37.805s][info ][gc,heap     ] GC(26) Archive regions: 2->2
[2025-06-05T16:38:11.411+0000][37.805s][info ][gc,heap     ] GC(26) Humongous regions: 0->0
[2025-06-05T16:38:11.411+0000][37.805s][info ][gc,metaspace] GC(26) Metaspace: 37143K(37568K)->37143K(37568K) NonClass: 32426K(32640K)->32426K(32640K) Class: 4717K(4928K)->4717K(4928K)
[2025-06-05T16:38:11.411+0000][37.805s][info ][gc          ] GC(26) Pause Young (Normal) (G1 Evacuation Pause) 183M->58M(226M) 27.964ms
[2025-06-05T16:38:11.411+0000][37.806s][info ][gc,cpu      ] GC(26) User=0.05s Sys=0.00s Real=0.02s
[2025-06-05T16:38:11.412+0000][37.806s][info ][safepoint   ] Safepoint "G1CollectForAllocation", Time since last: 329910542 ns, Reaching safepoint: 291083 ns, Cleanup: 75458 ns, At safepoint: 28484375 ns, Total: 28850916 ns
[2025-06-05T16:38:12.268+0000][38.662s][debug][safepoint   ] Safepoint synchronization initiated using futex wait barrier. (15 threads)
[2025-06-05T16:38:12.271+0000][38.665s][info ][safepoint   ] Safepoint "ICBufferFull", Time since last: 856494876 ns, Reaching safepoint: 2444583 ns, Cleanup: 195792 ns, At safepoint: 12625 ns, Total: 2653000 ns
[2025-06-05T16:38:12.681+0000][39.076s][debug][safepoint   ] Safepoint synchronization initiated using futex wait barrier. (15 threads)
[2025-06-05T16:38:12.682+0000][39.076s][info ][gc,start    ] GC(27) Pause Young (Normal) (G1 Evacuation Pause)
[2025-06-05T16:38:12.682+0000][39.076s][info ][gc,task     ] GC(27) Using 2 workers of 2 for evacuation
[2025-06-05T16:38:12.711+0000][39.105s][info ][gc,phases   ] GC(27)   Pre Evacuate Collection Set: 0.3ms
[2025-06-05T16:38:12.711+0000][39.105s][info ][gc,phases   ] GC(27)   Merge Heap Roots: 0.3ms
[2025-06-05T16:38:12.711+0000][39.105s][info ][gc,phases   ] GC(27)   Evacuate Collection Set: 25.7ms
[2025-06-05T16:38:12.711+0000][39.105s][info ][gc,phases   ] GC(27)   Post Evacuate Collection Set: 2.1ms
[2025-06-05T16:38:12.711+0000][39.105s][info ][gc,phases   ] GC(27)   Other: 0.5ms
[2025-06-05T16:38:12.711+0000][39.105s][info ][gc,heap     ] GC(27) Eden regions: 125->0(127)
[2025-06-05T16:38:12.711+0000][39.105s][info ][gc,heap     ] GC(27) Survivor regions: 10->8(17)
[2025-06-05T16:38:12.711+0000][39.105s][info ][gc,heap     ] GC(27) Old regions: 49->51
[2025-06-05T16:38:12.711+0000][39.105s][info ][gc,heap     ] GC(27) Archive regions: 2->2
[2025-06-05T16:38:12.711+0000][39.105s][info ][gc,heap     ] GC(27) Humongous regions: 0->0
[2025-06-05T16:38:12.711+0000][39.105s][info ][gc,metaspace] GC(27) Metaspace: 39597K(40000K)->39597K(40000K) NonClass: 34608K(34816K)->34608K(34816K) Class: 4988K(5184K)->4988K(5184K)
[2025-06-05T16:38:12.711+0000][39.106s][info ][gc          ] GC(27) Pause Young (Normal) (G1 Evacuation Pause) 183M->59M(226M) 29.601ms
[2025-06-05T16:38:12.711+0000][39.106s][info ][gc,cpu      ] GC(27) User=0.06s Sys=0.00s Real=0.03s
[2025-06-05T16:38:12.712+0000][39.106s][info ][safepoint   ] Safepoint "G1CollectForAllocation", Time since last: 410685000 ns, Reaching safepoint: 232833 ns, Cleanup: 131250 ns, At safepoint: 29834334 ns, Total: 30198417 ns
[2025-06-05T16:38:13.019+0000][39.413s][debug][safepoint   ] Safepoint synchronization initiated using futex wait barrier. (15 threads)
[2025-06-05T16:38:13.021+0000][39.415s][info ][gc,start    ] GC(28) Pause Young (Concurrent Start) (Metadata GC Threshold)
[2025-06-05T16:38:13.021+0000][39.415s][info ][gc,task     ] GC(28) Using 2 workers of 2 for evacuation
[2025-06-05T16:38:13.048+0000][39.443s][info ][gc,phases   ] GC(28)   Pre Evacuate Collection Set: 1.0ms
[2025-06-05T16:38:13.049+0000][39.443s][info ][gc,phases   ] GC(28)   Merge Heap Roots: 0.2ms
[2025-06-05T16:38:13.049+0000][39.443s][info ][gc,phases   ] GC(28)   Evacuate Collection Set: 22.6ms
[2025-06-05T16:38:13.049+0000][39.443s][info ][gc,phases   ] GC(28)   Post Evacuate Collection Set: 2.8ms
[2025-06-05T16:38:13.049+0000][39.443s][info ][gc,phases   ] GC(28)   Other: 1.2ms
[2025-06-05T16:38:13.049+0000][39.443s][info ][gc,heap     ] GC(28) Eden regions: 14->0(126)
[2025-06-05T16:38:13.049+0000][39.443s][info ][gc,heap     ] GC(28) Survivor regions: 8->9(17)
[2025-06-05T16:38:13.049+0000][39.444s][info ][gc,heap     ] GC(28) Old regions: 51->51
[2025-06-05T16:38:13.050+0000][39.444s][info ][gc,heap     ] GC(28) Archive regions: 2->2
[2025-06-05T16:38:13.050+0000][39.444s][info ][gc,heap     ] GC(28) Humongous regions: 0->0
[2025-06-05T16:38:13.050+0000][39.444s][info ][gc,metaspace] GC(28) Metaspace: 39839K(40256K)->39839K(40256K) NonClass: 34812K(35008K)->34812K(35008K) Class: 5026K(5248K)->5026K(5248K)
[2025-06-05T16:38:13.050+0000][39.444s][info ][gc          ] GC(28) Pause Young (Concurrent Start) (Metadata GC Threshold) 73M->60M(226M) 29.459ms
[2025-06-05T16:38:13.050+0000][39.444s][info ][gc,cpu      ] GC(28) User=0.05s Sys=0.00s Real=0.03s
[2025-06-05T16:38:13.051+0000][39.445s][info ][safepoint   ] Safepoint "CollectForMetadataAllocation", Time since last: 307635542 ns, Reaching safepoint: 1270916 ns, Cleanup: 62834 ns, At safepoint: 30328375 ns, Total: 31662125 ns
[2025-06-05T16:38:13.051+0000][39.445s][info ][gc          ] GC(29) Concurrent Mark Cycle
[2025-06-05T16:38:13.056+0000][39.450s][info ][gc,marking  ] GC(29) Concurrent Clear Claimed Marks
[2025-06-05T16:38:13.057+0000][39.451s][info ][gc,marking  ] GC(29) Concurrent Clear Claimed Marks 0.510ms
[2025-06-05T16:38:13.057+0000][39.451s][info ][gc,marking  ] GC(29) Concurrent Scan Root Regions
[2025-06-05T16:38:13.089+0000][39.483s][info ][gc,marking  ] GC(29) Concurrent Scan Root Regions 31.877ms
[2025-06-05T16:38:13.089+0000][39.483s][info ][gc,marking  ] GC(29) Concurrent Mark
[2025-06-05T16:38:13.090+0000][39.484s][info ][gc,marking  ] GC(29) Concurrent Mark From Roots
[2025-06-05T16:38:13.091+0000][39.485s][info ][gc,task     ] GC(29) Using 1 workers of 1 for marking
[2025-06-05T16:38:13.290+0000][39.684s][info ][gc,marking  ] GC(29) Concurrent Mark From Roots 199.619ms
[2025-06-05T16:38:13.290+0000][39.684s][info ][gc,marking  ] GC(29) Concurrent Preclean
[2025-06-05T16:38:13.290+0000][39.684s][info ][gc,marking  ] GC(29) Concurrent Preclean 0.453ms
[2025-06-05T16:38:13.291+0000][39.685s][debug][safepoint   ] Safepoint synchronization initiated using futex wait barrier. (15 threads)
[2025-06-05T16:38:13.292+0000][39.686s][debug][safepoint   ] ... found polling page loop exception at pc = 0x0000ffff89055010, stub =0x0000ffff8897ef00
[2025-06-05T16:38:13.292+0000][39.686s][info ][gc,start    ] GC(29) Pause Remark
[2025-06-05T16:38:13.339+0000][39.733s][info ][gc          ] GC(29) Pause Remark 79M->79M(226M) 46.885ms
[2025-06-05T16:38:13.339+0000][39.734s][info ][gc,cpu      ] GC(29) User=0.04s Sys=0.00s Real=0.04s
[2025-06-05T16:38:13.340+0000][39.734s][info ][safepoint   ] Safepoint "G1PauseRemark", Time since last: 239751750 ns, Reaching safepoint: 1608166 ns, Cleanup: 68375 ns, At safepoint: 47232834 ns, Total: 48909375 ns
[2025-06-05T16:38:13.343+0000][39.737s][info ][gc,marking  ] GC(29) Concurrent Mark 253.659ms
[2025-06-05T16:38:13.343+0000][39.737s][info ][gc,marking  ] GC(29) Concurrent Rebuild Remembered Sets
[2025-06-05T16:38:13.441+0000][39.835s][info ][gc,marking  ] GC(29) Concurrent Rebuild Remembered Sets 97.362ms
[2025-06-05T16:38:13.443+0000][39.837s][debug][safepoint   ] Safepoint synchronization initiated using futex wait barrier. (15 threads)
[2025-06-05T16:38:13.443+0000][39.837s][info ][gc,start    ] GC(29) Pause Cleanup
[2025-06-05T16:38:13.443+0000][39.838s][info ][gc          ] GC(29) Pause Cleanup 88M->88M(226M) 0.283ms
[2025-06-05T16:38:13.444+0000][39.838s][info ][gc,cpu      ] GC(29) User=0.00s Sys=0.00s Real=0.00s
[2025-06-05T16:38:13.444+0000][39.838s][info ][safepoint   ] Safepoint "G1PauseCleanup", Time since last: 103366291 ns, Reaching safepoint: 208709 ns, Cleanup: 18291 ns, At safepoint: 543625 ns, Total: 770625 ns
[2025-06-05T16:38:13.444+0000][39.838s][info ][gc,marking  ] GC(29) Concurrent Cleanup for Next Mark
[2025-06-05T16:38:13.473+0000][39.867s][info ][gc,marking  ] GC(29) Concurrent Cleanup for Next Mark 29.445ms
[2025-06-05T16:38:13.474+0000][39.868s][info ][gc          ] GC(29) Concurrent Mark Cycle 422.789ms
[2025-06-05T16:38:14.220+0000][40.615s][debug][safepoint   ] Safepoint synchronization initiated using futex wait barrier. (15 threads)
[2025-06-05T16:38:14.222+0000][40.616s][info ][gc,start    ] GC(30) Pause Young (Prepare Mixed) (G1 Evacuation Pause)
[2025-06-05T16:38:14.222+0000][40.616s][info ][gc,task     ] GC(30) Using 2 workers of 2 for evacuation
[2025-06-05T16:38:14.280+0000][40.675s][info ][gc,phases   ] GC(30)   Pre Evacuate Collection Set: 0.5ms
[2025-06-05T16:38:14.281+0000][40.675s][info ][gc,phases   ] GC(30)   Merge Heap Roots: 0.5ms
[2025-06-05T16:38:14.281+0000][40.675s][info ][gc,phases   ] GC(30)   Evacuate Collection Set: 50.1ms
[2025-06-05T16:38:14.281+0000][40.675s][info ][gc,phases   ] GC(30)   Post Evacuate Collection Set: 7.0ms
[2025-06-05T16:38:14.281+0000][40.675s][info ][gc,phases   ] GC(30)   Other: 0.7ms
[2025-06-05T16:38:14.281+0000][40.675s][info ][gc,heap     ] GC(30) Eden regions: 126->0(2)
[2025-06-05T16:38:14.281+0000][40.675s][info ][gc,heap     ] GC(30) Survivor regions: 9->9(17)
[2025-06-05T16:38:14.281+0000][40.676s][info ][gc,heap     ] GC(30) Old regions: 51->51
[2025-06-05T16:38:14.281+0000][40.676s][info ][gc,heap     ] GC(30) Archive regions: 2->2
[2025-06-05T16:38:14.282+0000][40.676s][info ][gc,heap     ] GC(30) Humongous regions: 0->0
[2025-06-05T16:38:14.282+0000][40.676s][info ][gc,metaspace] GC(30) Metaspace: 41633K(42048K)->41633K(42048K) NonClass: 36328K(36544K)->36328K(36544K) Class: 5304K(5504K)->5304K(5504K)
[2025-06-05T16:38:14.282+0000][40.676s][info ][gc          ] GC(30) Pause Young (Prepare Mixed) (G1 Evacuation Pause) 186M->60M(226M) 60.385ms
[2025-06-05T16:38:14.282+0000][40.676s][info ][gc,cpu      ] GC(30) User=0.11s Sys=0.00s Real=0.07s
[2025-06-05T16:38:14.282+0000][40.677s][info ][safepoint   ] Safepoint "G1CollectForAllocation", Time since last: 776765209 ns, Reaching safepoint: 875625 ns, Cleanup: 277167 ns, At safepoint: 60796583 ns, Total: 61949375 ns
[2025-06-05T16:38:14.337+0000][40.731s][debug][safepoint   ] Safepoint synchronization initiated using futex wait barrier. (15 threads)
[2025-06-05T16:38:14.337+0000][40.731s][info ][gc,start    ] GC(31) Pause Young (Mixed) (G1 Evacuation Pause)
[2025-06-05T16:38:14.337+0000][40.731s][info ][gc,task     ] GC(31) Using 2 workers of 2 for evacuation
[2025-06-05T16:38:14.420+0000][40.814s][info ][gc,phases   ] GC(31)   Pre Evacuate Collection Set: 0.2ms
[2025-06-05T16:38:14.420+0000][40.814s][info ][gc,phases   ] GC(31)   Merge Heap Roots: 0.2ms
[2025-06-05T16:38:14.420+0000][40.814s][info ][gc,phases   ] GC(31)   Evacuate Collection Set: 79.9ms
[2025-06-05T16:38:14.420+0000][40.814s][info ][gc,phases   ] GC(31)   Post Evacuate Collection Set: 2.3ms
[2025-06-05T16:38:14.420+0000][40.814s][info ][gc,phases   ] GC(31)   Other: 0.3ms
[2025-06-05T16:38:14.420+0000][40.814s][info ][gc,heap     ] GC(31) Eden regions: 2->0(134)
[2025-06-05T16:38:14.420+0000][40.815s][info ][gc,heap     ] GC(31) Survivor regions: 9->1(2)
[2025-06-05T16:38:14.421+0000][40.815s][info ][gc,heap     ] GC(31) Old regions: 51->58
[2025-06-05T16:38:14.421+0000][40.815s][info ][gc,heap     ] GC(31) Archive regions: 2->2
[2025-06-05T16:38:14.421+0000][40.815s][info ][gc,heap     ] GC(31) Humongous regions: 0->0
[2025-06-05T16:38:14.421+0000][40.815s][info ][gc,metaspace] GC(31) Metaspace: 41639K(42048K)->41639K(42048K) NonClass: 36332K(36544K)->36332K(36544K) Class: 5306K(5504K)->5306K(5504K)
[2025-06-05T16:38:14.421+0000][40.815s][info ][gc          ] GC(31) Pause Young (Mixed) (G1 Evacuation Pause) 62M->58M(226M) 84.333ms
[2025-06-05T16:38:14.421+0000][40.816s][info ][gc,cpu      ] GC(31) User=0.17s Sys=0.00s Real=0.08s
[2025-06-05T16:38:14.422+0000][40.816s][info ][safepoint   ] Safepoint "G1CollectForAllocation", Time since last: 54333000 ns, Reaching safepoint: 191500 ns, Cleanup: 27917 ns, At safepoint: 84653458 ns, Total: 84872875 ns
[2025-06-05T16:38:15.275+0000][41.669s][debug][safepoint   ] Safepoint synchronization initiated using futex wait barrier. (15 threads)
[2025-06-05T16:38:15.277+0000][41.671s][info ][safepoint   ] Safepoint "ICBufferFull", Time since last: 853683876 ns, Reaching safepoint: 1010625 ns, Cleanup: 242583 ns, At safepoint: 10583 ns, Total: 1263791 ns
[2025-06-05T16:38:15.644+0000][42.039s][debug][safepoint   ] Safepoint synchronization initiated using futex wait barrier. (15 threads)
[2025-06-05T16:38:15.645+0000][42.039s][info ][safepoint   ] Safepoint "ICBufferFull", Time since last: 367936500 ns, Reaching safepoint: 178042 ns, Cleanup: 113458 ns, At safepoint: 9667 ns, Total: 301167 ns
[2025-06-05T16:38:15.904+0000][42.298s][debug][safepoint   ] Safepoint synchronization initiated using futex wait barrier. (16 threads)
[2025-06-05T16:38:15.904+0000][42.298s][info ][safepoint   ] Safepoint "ICBufferFull", Time since last: 259105417 ns, Reaching safepoint: 179417 ns, Cleanup: 119625 ns, At safepoint: 7291 ns, Total: 306333 ns
[2025-06-05T16:38:16.135+0000][42.530s][debug][safepoint   ] Safepoint synchronization initiated using futex wait barrier. (16 threads)
[2025-06-05T16:38:16.136+0000][42.530s][info ][gc,start    ] GC(32) Pause Young (Normal) (G1 Evacuation Pause)
[2025-06-05T16:38:16.136+0000][42.530s][info ][gc,task     ] GC(32) Using 2 workers of 2 for evacuation
[2025-06-05T16:38:16.151+0000][42.545s][info ][gc,phases   ] GC(32)   Pre Evacuate Collection Set: 0.3ms
[2025-06-05T16:38:16.151+0000][42.545s][info ][gc,phases   ] GC(32)   Merge Heap Roots: 0.2ms
[2025-06-05T16:38:16.151+0000][42.545s][info ][gc,phases   ] GC(32)   Evacuate Collection Set: 11.3ms
[2025-06-05T16:38:16.151+0000][42.545s][info ][gc,phases   ] GC(32)   Post Evacuate Collection Set: 2.3ms
[2025-06-05T16:38:16.151+0000][42.545s][info ][gc,phases   ] GC(32)   Other: 0.4ms
[2025-06-05T16:38:16.151+0000][42.545s][info ][gc,heap     ] GC(32) Eden regions: 134->0(129)
[2025-06-05T16:38:16.151+0000][42.545s][info ][gc,heap     ] GC(32) Survivor regions: 1->4(17)
[2025-06-05T16:38:16.151+0000][42.546s][info ][gc,heap     ] GC(32) Old regions: 58->58
[2025-06-05T16:38:16.151+0000][42.546s][info ][gc,heap     ] GC(32) Archive regions: 2->2
[2025-06-05T16:38:16.152+0000][42.546s][info ][gc,heap     ] GC(32) Humongous regions: 0->0
[2025-06-05T16:38:16.152+0000][42.546s][info ][gc,metaspace] GC(32) Metaspace: 45481K(45824K)->45481K(45824K) NonClass: 39635K(39808K)->39635K(39808K) Class: 5845K(6016K)->5845K(6016K)
[2025-06-05T16:38:16.152+0000][42.546s][info ][gc          ] GC(32) Pause Young (Normal) (G1 Evacuation Pause) 192M->61M(226M) 15.659ms
[2025-06-05T16:38:16.152+0000][42.546s][info ][gc,cpu      ] GC(32) User=0.03s Sys=0.00s Real=0.01s
[2025-06-05T16:38:16.152+0000][42.546s][info ][safepoint   ] Safepoint "G1CollectForAllocation", Time since last: 231254542 ns, Reaching safepoint: 452167 ns, Cleanup: 84666 ns, At safepoint: 15947542 ns, Total: 16484375 ns
[2025-06-05T16:38:16.318+0000][42.712s][debug][safepoint   ] Safepoint synchronization initiated using futex wait barrier. (16 threads)
[2025-06-05T16:38:16.319+0000][42.713s][info ][safepoint   ] Safepoint "ICBufferFull", Time since last: 166361917 ns, Reaching safepoint: 192791 ns, Cleanup: 79209 ns, At safepoint: 2666 ns, Total: 274666 ns
[2025-06-05T16:38:17.438+0000][43.832s][debug][safepoint   ] Safepoint synchronization initiated using futex wait barrier. (16 threads)
[2025-06-05T16:38:17.863+0000][44.257s][info ][safepoint   ] Safepoint "Cleanup", Time since last: 1119034251 ns, Reaching safepoint: 414989709 ns, Cleanup: 10561583 ns, At safepoint: 79000 ns, Total: 425630292 ns
[2025-06-05T16:38:18.873+0000][45.268s][debug][safepoint   ] Safepoint synchronization initiated using futex wait barrier. (16 threads)
[2025-06-05T16:38:18.923+0000][45.317s][info ][safepoint   ] Safepoint "Cleanup", Time since last: 1010276959 ns, Reaching safepoint: 48888625 ns, Cleanup: 141083 ns, At safepoint: 21958 ns, Total: 49051666 ns
[2025-06-05T16:38:20.335+0000][46.729s][debug][safepoint   ] Safepoint synchronization initiated using futex wait barrier. (16 threads)
[2025-06-05T16:38:20.367+0000][46.761s][debug][safepoint   ] ... found polling page loop exception at pc = 0x0000ffff89246df4, stub =0x0000ffff8897ef00
[2025-06-05T16:38:20.372+0000][46.767s][info ][safepoint   ] Safepoint "Cleanup", Time since last: 1411985334 ns, Reaching safepoint: 37798459 ns, Cleanup: 47083 ns, At safepoint: 8542 ns, Total: 37854084 ns
[2025-06-05T16:38:21.377+0000][47.772s][debug][safepoint   ] Safepoint synchronization initiated using futex wait barrier. (16 threads)
[2025-06-05T16:38:21.380+0000][47.775s][info ][safepoint   ] Safepoint "Cleanup", Time since last: 1005006209 ns, Reaching safepoint: 2946583 ns, Cleanup: 95625 ns, At safepoint: 7917 ns, Total: 3050125 ns
[2025-06-05T16:38:22.356+0000][48.750s][debug][safepoint   ] Safepoint synchronization initiated using futex wait barrier. (16 threads)
[2025-06-05T16:38:22.358+0000][48.752s][info ][safepoint   ] Safepoint "ICBufferFull", Time since last: 975188500 ns, Reaching safepoint: 1714500 ns, Cleanup: 238333 ns, At safepoint: 8459 ns, Total: 1961292 ns
[2025-06-05T16:38:23.368+0000][49.762s][debug][safepoint   ] Safepoint synchronization initiated using futex wait barrier. (16 threads)
[2025-06-05T16:38:23.380+0000][49.774s][info ][safepoint   ] Safepoint "Cleanup", Time since last: 1009994125 ns, Reaching safepoint: 12300000 ns, Cleanup: 198708 ns, At safepoint: 21000 ns, Total: 12519708 ns
[2025-06-05T16:38:23.693+0000][50.087s][debug][safepoint   ] Safepoint synchronization initiated using futex wait barrier. (16 threads)
[2025-06-05T16:38:23.693+0000][50.088s][info ][gc,start    ] GC(33) Pause Young (Normal) (G1 Evacuation Pause)
[2025-06-05T16:38:23.694+0000][50.088s][info ][gc,task     ] GC(33) Using 2 workers of 2 for evacuation
[2025-06-05T16:38:23.907+0000][50.301s][info ][gc,phases   ] GC(33)   Pre Evacuate Collection Set: 0.9ms
[2025-06-05T16:38:23.907+0000][50.301s][info ][gc,phases   ] GC(33)   Merge Heap Roots: 0.5ms
[2025-06-05T16:38:23.908+0000][50.302s][info ][gc,phases   ] GC(33)   Evacuate Collection Set: 191.2ms
[2025-06-05T16:38:23.908+0000][50.302s][info ][gc,phases   ] GC(33)   Post Evacuate Collection Set: 19.4ms
[2025-06-05T16:38:23.908+0000][50.302s][info ][gc,phases   ] GC(33)   Other: 1.1ms
[2025-06-05T16:38:23.908+0000][50.302s][info ][gc,heap     ] GC(33) Eden regions: 129->0(148)
[2025-06-05T16:38:23.908+0000][50.303s][info ][gc,heap     ] GC(33) Survivor regions: 4->6(17)
[2025-06-05T16:38:23.908+0000][50.303s][info ][gc,heap     ] GC(33) Old regions: 58->58
[2025-06-05T16:38:23.909+0000][50.303s][info ][gc,heap     ] GC(33) Archive regions: 2->2
[2025-06-05T16:38:23.909+0000][50.303s][info ][gc,heap     ] GC(33) Humongous regions: 0->0
[2025-06-05T16:38:23.909+0000][50.303s][info ][gc,metaspace] GC(33) Metaspace: 51457K(51904K)->51457K(51904K) NonClass: 44917K(45120K)->44917K(45120K) Class: 6539K(6784K)->6539K(6784K)
[2025-06-05T16:38:23.909+0000][50.303s][info ][gc          ] GC(33) Pause Young (Normal) (G1 Evacuation Pause) 190M->63M(257M) 215.487ms
[2025-06-05T16:38:23.909+0000][50.303s][info ][gc,cpu      ] GC(33) User=0.41s Sys=0.01s Real=0.21s
[2025-06-05T16:38:23.909+0000][50.303s][info ][safepoint   ] Safepoint "G1CollectForAllocation", Time since last: 312630417 ns, Reaching safepoint: 348959 ns, Cleanup: 24250 ns, At safepoint: 216188833 ns, Total: 216562042 ns
[2025-06-05T16:38:25.539+0000][51.933s][debug][safepoint   ] Safepoint synchronization initiated using futex wait barrier. (18 threads)
[2025-06-05T16:38:25.551+0000][51.945s][info ][safepoint   ] Safepoint "Cleanup", Time since last: 1629578001 ns, Reaching safepoint: 11854083 ns, Cleanup: 155500 ns, At safepoint: 7417 ns, Total: 12017000 ns
[2025-06-05T16:38:26.558+0000][52.952s][debug][safepoint   ] Safepoint synchronization initiated using futex wait barrier. (18 threads)
[2025-06-05T16:38:26.561+0000][52.955s][info ][safepoint   ] Safepoint "Cleanup", Time since last: 1006888042 ns, Reaching safepoint: 2742917 ns, Cleanup: 154500 ns, At safepoint: 30291 ns, Total: 2927708 ns
[2025-06-05T16:38:27.153+0000][53.547s][debug][safepoint   ] Safepoint synchronization initiated using futex wait barrier. (18 threads)
[2025-06-05T16:38:27.154+0000][53.548s][info ][safepoint   ] Safepoint "ICBufferFull", Time since last: 592337209 ns, Reaching safepoint: 286167 ns, Cleanup: 172875 ns, At safepoint: 3875 ns, Total: 462917 ns
[2025-06-05T16:38:27.685+0000][54.079s][debug][safepoint   ] Safepoint synchronization initiated using futex wait barrier. (18 threads)
[2025-06-05T16:38:27.685+0000][54.080s][info ][safepoint   ] Safepoint "ICBufferFull", Time since last: 531284542 ns, Reaching safepoint: 409125 ns, Cleanup: 179083 ns, At safepoint: 5042 ns, Total: 593250 ns
[2025-06-05T16:38:28.688+0000][55.082s][debug][safepoint   ] Safepoint synchronization initiated using futex wait barrier. (18 threads)
[2025-06-05T16:38:28.690+0000][55.085s][info ][safepoint   ] Safepoint "Cleanup", Time since last: 1002501458 ns, Reaching safepoint: 2313125 ns, Cleanup: 274125 ns, At safepoint: 17000 ns, Total: 2604250 ns
[2025-06-05T16:38:30.545+0000][56.939s][debug][safepoint   ] Safepoint synchronization initiated using futex wait barrier. (18 threads)
[2025-06-05T16:38:30.976+0000][57.371s][info ][safepoint   ] Safepoint "Cleanup", Time since last: 1852645126 ns, Reaching safepoint: 426010709 ns, Cleanup: 7169708 ns, At safepoint: 74000 ns, Total: 433254417 ns
[2025-06-05T16:38:32.468+0000][58.868s][debug][safepoint   ] Safepoint synchronization initiated using futex wait barrier. (18 threads)
[2025-06-05T16:38:32.470+0000][58.870s][info ][gc,start    ] GC(34) Pause Young (Normal) (G1 Evacuation Pause)
[2025-06-05T16:38:32.470+0000][58.870s][info ][gc,task     ] GC(34) Using 2 workers of 2 for evacuation
[2025-06-05T16:38:32.585+0000][58.985s][info ][gc,phases   ] GC(34)   Pre Evacuate Collection Set: 1.5ms
[2025-06-05T16:38:32.585+0000][58.985s][info ][gc,phases   ] GC(34)   Merge Heap Roots: 1.1ms
[2025-06-05T16:38:32.586+0000][58.985s][info ][gc,phases   ] GC(34)   Evacuate Collection Set: 101.3ms
[2025-06-05T16:38:32.586+0000][58.986s][info ][gc,phases   ] GC(34)   Post Evacuate Collection Set: 10.6ms
[2025-06-05T16:38:32.586+0000][58.986s][info ][gc,phases   ] GC(34)   Other: 1.3ms
[2025-06-05T16:38:32.586+0000][58.986s][info ][gc,heap     ] GC(34) Eden regions: 148->0(145)
[2025-06-05T16:38:32.586+0000][58.986s][info ][gc,heap     ] GC(34) Survivor regions: 6->9(20)
[2025-06-05T16:38:32.586+0000][58.986s][info ][gc,heap     ] GC(34) Old regions: 58->58
[2025-06-05T16:38:32.586+0000][58.986s][info ][gc,heap     ] GC(34) Archive regions: 2->2
[2025-06-05T16:38:32.586+0000][58.986s][info ][gc,heap     ] GC(34) Humongous regions: 0->0
[2025-06-05T16:38:32.586+0000][58.986s][info ][gc,metaspace] GC(34) Metaspace: 56555K(57024K)->56555K(57024K) NonClass: 49367K(49600K)->49367K(49600K) Class: 7187K(7424K)->7187K(7424K)
[2025-06-05T16:38:32.587+0000][58.986s][info ][gc          ] GC(34) Pause Young (Normal) (G1 Evacuation Pause) 211M->66M(257M) 116.923ms
[2025-06-05T16:38:32.587+0000][58.987s][info ][gc,cpu      ] GC(34) User=0.23s Sys=0.00s Real=0.12s
[2025-06-05T16:38:32.587+0000][58.987s][info ][safepoint   ] Safepoint "G1CollectForAllocation", Time since last: 1497555084 ns, Reaching safepoint: 506250 ns, Cleanup: 251541 ns, At safepoint: 117907542 ns, Total: 118665333 ns
[2025-06-05T16:38:33.850+0000][60.250s][debug][safepoint   ] Safepoint synchronization initiated using futex wait barrier. (21 threads)
[2025-06-05T16:38:33.854+0000][60.254s][info ][safepoint   ] Safepoint "Cleanup", Time since last: 1263559584 ns, Reaching safepoint: 3698708 ns, Cleanup: 134209 ns, At safepoint: 3916 ns, Total: 3836833 ns
[2025-06-05T16:38:34.376+0000][60.776s][debug][safepoint   ] Safepoint synchronization initiated using futex wait barrier. (21 threads)
[2025-06-05T16:38:34.378+0000][60.778s][info ][gc,start    ] GC(35) Pause Young (Normal) (G1 Evacuation Pause)
[2025-06-05T16:38:34.379+0000][60.778s][info ][gc,task     ] GC(35) Using 2 workers of 2 for evacuation
[2025-06-05T16:38:34.487+0000][60.887s][info ][gc,phases   ] GC(35)   Pre Evacuate Collection Set: 0.6ms
[2025-06-05T16:38:34.487+0000][60.887s][info ][gc,phases   ] GC(35)   Merge Heap Roots: 1.1ms
[2025-06-05T16:38:34.487+0000][60.887s][info ][gc,phases   ] GC(35)   Evacuate Collection Set: 99.3ms
[2025-06-05T16:38:34.487+0000][60.887s][info ][gc,phases   ] GC(35)   Post Evacuate Collection Set: 6.8ms
[2025-06-05T16:38:34.487+0000][60.887s][info ][gc,phases   ] GC(35)   Other: 1.5ms
[2025-06-05T16:38:34.487+0000][60.887s][info ][gc,heap     ] GC(35) Eden regions: 145->0(143)
[2025-06-05T16:38:34.488+0000][60.887s][info ][gc,heap     ] GC(35) Survivor regions: 9->11(20)
[2025-06-05T16:38:34.488+0000][60.887s][info ][gc,heap     ] GC(35) Old regions: 58->58
[2025-06-05T16:38:34.488+0000][60.888s][info ][gc,heap     ] GC(35) Archive regions: 2->2
[2025-06-05T16:38:34.488+0000][60.888s][info ][gc,heap     ] GC(35) Humongous regions: 0->0
[2025-06-05T16:38:34.488+0000][60.888s][info ][gc,metaspace] GC(35) Metaspace: 62415K(62912K)->62415K(62912K) NonClass: 54483K(54720K)->54483K(54720K) Class: 7931K(8192K)->7931K(8192K)
[2025-06-05T16:38:34.488+0000][60.888s][info ][gc          ] GC(35) Pause Young (Normal) (G1 Evacuation Pause) 211M->68M(257M) 110.089ms
[2025-06-05T16:38:34.488+0000][60.888s][info ][gc,cpu      ] GC(35) User=0.19s Sys=0.00s Real=0.11s
[2025-06-05T16:38:34.488+0000][60.888s][info ][safepoint   ] Safepoint "G1CollectForAllocation", Time since last: 522172042 ns, Reaching safepoint: 450000 ns, Cleanup: 212792 ns, At safepoint: 111258208 ns, Total: 111921000 ns
[2025-06-05T16:38:35.490+0000][61.889s][debug][safepoint   ] Safepoint synchronization initiated using futex wait barrier. (21 threads)
[2025-06-05T16:38:35.507+0000][61.907s][info ][safepoint   ] Safepoint "Cleanup", Time since last: 1001163668 ns, Reaching safepoint: 4027125 ns, Cleanup: 13232458 ns, At safepoint: 25083 ns, Total: 17284666 ns
[2025-06-05T16:38:35.675+0000][62.074s][debug][safepoint   ] Safepoint synchronization initiated using futex wait barrier. (21 threads)
[2025-06-05T16:38:35.675+0000][62.075s][info ][gc,start    ] GC(36) Pause Young (Normal) (G1 Evacuation Pause)
[2025-06-05T16:38:35.675+0000][62.075s][info ][gc,task     ] GC(36) Using 2 workers of 2 for evacuation
[2025-06-05T16:38:35.785+0000][62.185s][info ][gc,phases   ] GC(36)   Pre Evacuate Collection Set: 0.6ms
[2025-06-05T16:38:35.785+0000][62.185s][info ][gc,phases   ] GC(36)   Merge Heap Roots: 0.4ms
[2025-06-05T16:38:35.786+0000][62.185s][info ][gc,phases   ] GC(36)   Evacuate Collection Set: 105.4ms
[2025-06-05T16:38:35.786+0000][62.185s][info ][gc,phases   ] GC(36)   Post Evacuate Collection Set: 3.5ms
[2025-06-05T16:38:35.786+0000][62.186s][info ][gc,phases   ] GC(36)   Other: 0.5ms
[2025-06-05T16:38:35.786+0000][62.186s][info ][gc,heap     ] GC(36) Eden regions: 143->0(147)
[2025-06-05T16:38:35.786+0000][62.186s][info ][gc,heap     ] GC(36) Survivor regions: 11->7(20)
[2025-06-05T16:38:35.786+0000][62.186s][info ][gc,heap     ] GC(36) Old regions: 58->61
[2025-06-05T16:38:35.786+0000][62.186s][info ][gc,heap     ] GC(36) Archive regions: 2->2
[2025-06-05T16:38:35.786+0000][62.186s][info ][gc,heap     ] GC(36) Humongous regions: 0->0
[2025-06-05T16:38:35.786+0000][62.186s][info ][gc,metaspace] GC(36) Metaspace: 64600K(65088K)->64600K(65088K) NonClass: 56310K(56576K)->56310K(56576K) Class: 8289K(8512K)->8289K(8512K)
[2025-06-05T16:38:35.786+0000][62.186s][info ][gc          ] GC(36) Pause Young (Normal) (G1 Evacuation Pause) 211M->68M(257M) 111.319ms
[2025-06-05T16:38:35.786+0000][62.186s][info ][gc,cpu      ] GC(36) User=0.21s Sys=0.00s Real=0.11s
[2025-06-05T16:38:35.786+0000][62.186s][info ][safepoint   ] Safepoint "G1CollectForAllocation", Time since last: 167752750 ns, Reaching safepoint: 197084 ns, Cleanup: 15916 ns, At safepoint: 111639542 ns, Total: 111852542 ns
[2025-06-05T16:38:36.323+0000][62.722s][debug][safepoint   ] Safepoint synchronization initiated using futex wait barrier. (21 threads)
[2025-06-05T16:38:36.325+0000][62.725s][info ][gc,start    ] GC(37) Pause Young (Concurrent Start) (Metadata GC Threshold)
[2025-06-05T16:38:36.325+0000][62.725s][info ][gc,task     ] GC(37) Using 2 workers of 2 for evacuation
[2025-06-05T16:38:36.349+0000][62.749s][info ][gc,phases   ] GC(37)   Pre Evacuate Collection Set: 0.4ms
[2025-06-05T16:38:36.349+0000][62.749s][info ][gc,phases   ] GC(37)   Merge Heap Roots: 0.2ms
[2025-06-05T16:38:36.349+0000][62.749s][info ][gc,phases   ] GC(37)   Evacuate Collection Set: 19.1ms
[2025-06-05T16:38:36.349+0000][62.749s][info ][gc,phases   ] GC(37)   Post Evacuate Collection Set: 2.7ms
[2025-06-05T16:38:36.349+0000][62.749s][info ][gc,phases   ] GC(37)   Other: 1.6ms
[2025-06-05T16:38:36.350+0000][62.749s][info ][gc,heap     ] GC(37) Eden regions: 63->0(146)
[2025-06-05T16:38:36.350+0000][62.750s][info ][gc,heap     ] GC(37) Survivor regions: 7->8(20)
[2025-06-05T16:38:36.350+0000][62.750s][info ][gc,heap     ] GC(37) Old regions: 61->61
[2025-06-05T16:38:36.350+0000][62.750s][info ][gc,heap     ] GC(37) Archive regions: 2->2
[2025-06-05T16:38:36.350+0000][62.750s][info ][gc,heap     ] GC(37) Humongous regions: 0->0
[2025-06-05T16:38:36.350+0000][62.750s][info ][gc,metaspace] GC(37) Metaspace: 67208K(67648K)->67208K(67648K) NonClass: 58579K(58816K)->58579K(58816K) Class: 8628K(8832K)->8628K(8832K)
[2025-06-05T16:38:36.350+0000][62.750s][info ][gc          ] GC(37) Pause Young (Concurrent Start) (Metadata GC Threshold) 131M->68M(257M) 25.484ms
[2025-06-05T16:38:36.350+0000][62.750s][info ][gc,cpu      ] GC(37) User=0.05s Sys=0.00s Real=0.03s
[2025-06-05T16:38:36.351+0000][62.751s][info ][safepoint   ] Safepoint "CollectForMetadataAllocation", Time since last: 536121250 ns, Reaching safepoint: 2104417 ns, Cleanup: 133750 ns, At safepoint: 25934833 ns, Total: 28173000 ns
[2025-06-05T16:38:36.351+0000][62.751s][info ][gc          ] GC(38) Concurrent Mark Cycle
[2025-06-05T16:38:36.355+0000][62.754s][info ][gc,marking  ] GC(38) Concurrent Clear Claimed Marks
[2025-06-05T16:38:36.355+0000][62.755s][info ][gc,marking  ] GC(38) Concurrent Clear Claimed Marks 0.336ms
[2025-06-05T16:38:36.355+0000][62.755s][info ][gc,marking  ] GC(38) Concurrent Scan Root Regions
[2025-06-05T16:38:36.391+0000][62.791s][info ][gc,marking  ] GC(38) Concurrent Scan Root Regions 35.867ms
[2025-06-05T16:38:36.391+0000][62.791s][info ][gc,marking  ] GC(38) Concurrent Mark
[2025-06-05T16:38:36.391+0000][62.791s][info ][gc,marking  ] GC(38) Concurrent Mark From Roots
[2025-06-05T16:38:36.391+0000][62.791s][info ][gc,task     ] GC(38) Using 1 workers of 1 for marking
[2025-06-05T16:38:36.630+0000][63.030s][debug][safepoint   ] Safepoint synchronization initiated using futex wait barrier. (21 threads)
[2025-06-05T16:38:36.630+0000][63.030s][info ][safepoint   ] Safepoint "ICBufferFull", Time since last: 276547209 ns, Reaching safepoint: 2862875 ns, Cleanup: 328000 ns, At safepoint: 16958 ns, Total: 3207833 ns
[2025-06-05T16:38:36.873+0000][63.273s][debug][safepoint   ] Safepoint synchronization initiated using futex wait barrier. (21 threads)
[2025-06-05T16:38:36.877+0000][63.277s][info ][safepoint   ] Safepoint "CollectForMetadataAllocation", Time since last: 241953667 ns, Reaching safepoint: 2139292 ns, Cleanup: 57250 ns, At safepoint: 2526875 ns, Total: 4723417 ns
[2025-06-05T16:38:37.142+0000][63.542s][info ][gc,marking  ] GC(38) Concurrent Mark From Roots 751.038ms
[2025-06-05T16:38:37.143+0000][63.543s][info ][gc,marking  ] GC(38) Concurrent Preclean
[2025-06-05T16:38:37.144+0000][63.544s][info ][gc,marking  ] GC(38) Concurrent Preclean 1.029ms
[2025-06-05T16:38:37.146+0000][63.546s][debug][safepoint   ] Safepoint synchronization initiated using futex wait barrier. (21 threads)
[2025-06-05T16:38:37.148+0000][63.548s][info ][gc,start    ] GC(38) Pause Remark
[2025-06-05T16:38:37.206+0000][63.606s][info ][gc          ] GC(38) Pause Remark 100M->100M(257M) 58.210ms
[2025-06-05T16:38:37.206+0000][63.606s][info ][gc,cpu      ] GC(38) User=0.11s Sys=0.00s Real=0.05s
[2025-06-05T16:38:37.206+0000][63.606s][info ][safepoint   ] Safepoint "G1PauseRemark", Time since last: 269289625 ns, Reaching safepoint: 1071708 ns, Cleanup: 51958 ns, At safepoint: 58904834 ns, Total: 60028500 ns
[2025-06-05T16:38:37.211+0000][63.611s][info ][gc,marking  ] GC(38) Concurrent Mark 819.582ms
[2025-06-05T16:38:37.211+0000][63.611s][info ][gc,marking  ] GC(38) Concurrent Rebuild Remembered Sets
[2025-06-05T16:38:37.343+0000][63.743s][info ][gc,marking  ] GC(38) Concurrent Rebuild Remembered Sets 131.978ms
[2025-06-05T16:38:37.344+0000][63.744s][debug][safepoint   ] Safepoint synchronization initiated using futex wait barrier. (21 threads)
[2025-06-05T16:38:37.345+0000][63.745s][info ][gc,start    ] GC(38) Pause Cleanup
[2025-06-05T16:38:37.345+0000][63.745s][info ][gc          ] GC(38) Pause Cleanup 108M->108M(257M) 0.238ms
[2025-06-05T16:38:37.345+0000][63.745s][info ][gc,cpu      ] GC(38) User=0.00s Sys=0.00s Real=0.00s
[2025-06-05T16:38:37.345+0000][63.745s][info ][safepoint   ] Safepoint "G1PauseCleanup", Time since last: 137960583 ns, Reaching safepoint: 200292 ns, Cleanup: 50958 ns, At safepoint: 420500 ns, Total: 671750 ns
[2025-06-05T16:38:37.345+0000][63.745s][info ][gc,marking  ] GC(38) Concurrent Cleanup for Next Mark
[2025-06-05T16:38:37.464+0000][63.864s][info ][gc,marking  ] GC(38) Concurrent Cleanup for Next Mark 118.604ms
[2025-06-05T16:38:37.465+0000][63.865s][info ][gc          ] GC(38) Concurrent Mark Cycle 1114.085ms
[2025-06-05T16:38:38.269+0000][64.669s][debug][safepoint   ] Safepoint synchronization initiated using futex wait barrier. (21 threads)
[2025-06-05T16:38:38.283+0000][64.683s][info ][safepoint   ] Safepoint "ICBufferFull", Time since last: 924311084 ns, Reaching safepoint: 13057458 ns, Cleanup: 158834 ns, At safepoint: 5000 ns, Total: 13221292 ns
[2025-06-05T16:38:38.772+0000][65.172s][debug][safepoint   ] Safepoint synchronization initiated using futex wait barrier. (21 threads)
[2025-06-05T16:38:38.773+0000][65.173s][info ][gc,start    ] GC(39) Pause Young (Prepare Mixed) (G1 Evacuation Pause)
[2025-06-05T16:38:38.773+0000][65.173s][info ][gc,task     ] GC(39) Using 2 workers of 2 for evacuation
[2025-06-05T16:38:38.830+0000][65.229s][info ][gc,phases   ] GC(39)   Pre Evacuate Collection Set: 0.6ms
[2025-06-05T16:38:38.830+0000][65.230s][info ][gc,phases   ] GC(39)   Merge Heap Roots: 0.5ms
[2025-06-05T16:38:38.830+0000][65.230s][info ][gc,phases   ] GC(39)   Evacuate Collection Set: 48.6ms
[2025-06-05T16:38:38.830+0000][65.230s][info ][gc,phases   ] GC(39)   Post Evacuate Collection Set: 4.5ms
[2025-06-05T16:38:38.830+0000][65.230s][info ][gc,phases   ] GC(39)   Other: 2.7ms
[2025-06-05T16:38:38.830+0000][65.230s][info ][gc,heap     ] GC(39) Eden regions: 146->0(1)
[2025-06-05T16:38:38.830+0000][65.230s][info ][gc,heap     ] GC(39) Survivor regions: 8->11(20)
[2025-06-05T16:38:38.831+0000][65.230s][info ][gc,heap     ] GC(39) Old regions: 61->61
[2025-06-05T16:38:38.831+0000][65.231s][info ][gc,heap     ] GC(39) Archive regions: 2->2
[2025-06-05T16:38:38.831+0000][65.231s][info ][gc,heap     ] GC(39) Humongous regions: 0->0
[2025-06-05T16:38:38.831+0000][65.231s][info ][gc,metaspace] GC(39) Metaspace: 70405K(70912K)->70405K(70912K) NonClass: 61378K(61632K)->61378K(61632K) Class: 9027K(9280K)->9027K(9280K)
[2025-06-05T16:38:38.831+0000][65.231s][info ][gc          ] GC(39) Pause Young (Prepare Mixed) (G1 Evacuation Pause) 214M->72M(257M) 58.314ms
[2025-06-05T16:38:38.831+0000][65.231s][info ][gc,cpu      ] GC(39) User=0.12s Sys=0.00s Real=0.06s
[2025-06-05T16:38:38.831+0000][65.231s][info ][safepoint   ] Safepoint "G1CollectForAllocation", Time since last: 489524708 ns, Reaching safepoint: 274250 ns, Cleanup: 96292 ns, At safepoint: 58683833 ns, Total: 59054375 ns
[2025-06-05T16:38:38.840+0000][65.240s][debug][safepoint   ] Safepoint synchronization initiated using futex wait barrier. (21 threads)
[2025-06-05T16:38:38.840+0000][65.240s][info ][gc,start    ] GC(40) Pause Young (Mixed) (G1 Evacuation Pause)
[2025-06-05T16:38:38.840+0000][65.240s][info ][gc,task     ] GC(40) Using 2 workers of 2 for evacuation
[2025-06-05T16:38:38.987+0000][65.387s][info ][gc,phases   ] GC(40)   Pre Evacuate Collection Set: 0.1ms
[2025-06-05T16:38:38.987+0000][65.387s][info ][gc,phases   ] GC(40)   Merge Heap Roots: 0.1ms
[2025-06-05T16:38:38.987+0000][65.387s][info ][gc,phases   ] GC(40)   Evacuate Collection Set: 145.8ms
[2025-06-05T16:38:38.988+0000][65.387s][info ][gc,phases   ] GC(40)   Post Evacuate Collection Set: 1.3ms
[2025-06-05T16:38:38.988+0000][65.387s][info ][gc,phases   ] GC(40)   Other: 0.1ms
[2025-06-05T16:38:38.988+0000][65.387s][info ][gc,heap     ] GC(40) Eden regions: 1->0(149)
[2025-06-05T16:38:38.988+0000][65.388s][info ][gc,heap     ] GC(40) Survivor regions: 11->1(2)
[2025-06-05T16:38:38.988+0000][65.388s][info ][gc,heap     ] GC(40) Old regions: 61->70
[2025-06-05T16:38:38.988+0000][65.388s][info ][gc,heap     ] GC(40) Archive regions: 2->2
[2025-06-05T16:38:38.988+0000][65.388s][info ][gc,heap     ] GC(40) Humongous regions: 0->0
[2025-06-05T16:38:38.988+0000][65.388s][info ][gc,metaspace] GC(40) Metaspace: 70412K(70912K)->70412K(70912K) NonClass: 61381K(61632K)->61381K(61632K) Class: 9030K(9280K)->9030K(9280K)
[2025-06-05T16:38:38.988+0000][65.388s][info ][gc          ] GC(40) Pause Young (Mixed) (G1 Evacuation Pause) 73M->71M(257M) 148.064ms
[2025-06-05T16:38:38.988+0000][65.388s][info ][gc,cpu      ] GC(40) User=0.30s Sys=0.00s Real=0.15s
[2025-06-05T16:38:38.988+0000][65.388s][info ][safepoint   ] Safepoint "G1CollectForAllocation", Time since last: 8486167 ns, Reaching safepoint: 123333 ns, Cleanup: 3292 ns, At safepoint: 148280000 ns, Total: 148406625 ns
[2025-06-05T16:38:39.335+0000][65.735s][debug][safepoint   ] Safepoint synchronization initiated using futex wait barrier. (20 threads)
[2025-06-05T16:38:39.336+0000][65.735s][info ][safepoint   ] Safepoint "ICBufferFull", Time since last: 346789625 ns, Reaching safepoint: 594125 ns, Cleanup: 119125 ns, At safepoint: 3458 ns, Total: 716708 ns
[2025-06-05T16:38:39.340+0000][65.740s][debug][safepoint   ] Safepoint synchronization initiated using futex wait barrier. (20 threads)
[2025-06-05T16:38:39.342+0000][65.741s][info ][safepoint   ] Safepoint "ICBufferFull", Time since last: 4465334 ns, Reaching safepoint: 1471583 ns, Cleanup: 24417 ns, At safepoint: 23875 ns, Total: 1519875 ns
[2025-06-05T16:38:39.379+0000][65.778s][debug][safepoint   ] Safepoint synchronization initiated using futex wait barrier. (20 threads)
[2025-06-05T16:38:39.380+0000][65.780s][info ][safepoint   ] Safepoint "ICBufferFull", Time since last: 36930625 ns, Reaching safepoint: 976500 ns, Cleanup: 160250 ns, At safepoint: 15666 ns, Total: 1152416 ns
[2025-06-05T16:38:39.380+0000][65.780s][debug][safepoint   ] Safepoint synchronization initiated using futex wait barrier. (20 threads)
[2025-06-05T16:38:39.384+0000][65.784s][info ][safepoint   ] Safepoint "ICBufferFull", Time since last: 538084 ns, Reaching safepoint: 3408250 ns, Cleanup: 17166 ns, At safepoint: 11250 ns, Total: 3436666 ns
[2025-06-05T16:38:39.468+0000][65.867s][debug][safepoint   ] Safepoint synchronization initiated using futex wait barrier. (20 threads)
[2025-06-05T16:38:39.469+0000][65.869s][info ][safepoint   ] Safepoint "ICBufferFull", Time since last: 83955250 ns, Reaching safepoint: 921084 ns, Cleanup: 107583 ns, At safepoint: 14083 ns, Total: 1042750 ns
[2025-06-05T16:38:40.137+0000][66.537s][debug][safepoint   ] Safepoint synchronization initiated using futex wait barrier. (20 threads)
[2025-06-05T16:38:40.138+0000][66.538s][info ][safepoint   ] Safepoint "ICBufferFull", Time since last: 668098292 ns, Reaching safepoint: 1053042 ns, Cleanup: 426292 ns, At safepoint: 6583 ns, Total: 1485917 ns
[2025-06-05T16:38:40.339+0000][66.739s][debug][safepoint   ] Safepoint synchronization initiated using futex wait barrier. (20 threads)
[2025-06-05T16:38:40.339+0000][66.739s][info ][gc,start    ] GC(41) Pause Young (Concurrent Start) (G1 Evacuation Pause)
[2025-06-05T16:38:40.339+0000][66.739s][info ][gc,task     ] GC(41) Using 2 workers of 2 for evacuation
[2025-06-05T16:38:40.359+0000][66.759s][info ][gc,phases   ] GC(41)   Pre Evacuate Collection Set: 0.5ms
[2025-06-05T16:38:40.359+0000][66.759s][info ][gc,phases   ] GC(41)   Merge Heap Roots: 0.3ms
[2025-06-05T16:38:40.359+0000][66.759s][info ][gc,phases   ] GC(41)   Evacuate Collection Set: 15.5ms
[2025-06-05T16:38:40.359+0000][66.759s][info ][gc,phases   ] GC(41)   Post Evacuate Collection Set: 2.9ms
[2025-06-05T16:38:40.359+0000][66.759s][info ][gc,phases   ] GC(41)   Other: 0.7ms
[2025-06-05T16:38:40.359+0000][66.759s][info ][gc,heap     ] GC(41) Eden regions: 149->0(149)
[2025-06-05T16:38:40.360+0000][66.759s][info ][gc,heap     ] GC(41) Survivor regions: 1->2(19)
[2025-06-05T16:38:40.360+0000][66.759s][info ][gc,heap     ] GC(41) Old regions: 70->70
[2025-06-05T16:38:40.360+0000][66.760s][info ][gc,heap     ] GC(41) Archive regions: 2->2
[2025-06-05T16:38:40.360+0000][66.760s][info ][gc,heap     ] GC(41) Humongous regions: 0->0
[2025-06-05T16:38:40.360+0000][66.760s][info ][gc,metaspace] GC(41) Metaspace: 75949K(76416K)->75949K(76416K) NonClass: 66118K(66368K)->66118K(66368K) Class: 9831K(10048K)->9831K(10048K)
[2025-06-05T16:38:40.360+0000][66.760s][info ][gc          ] GC(41) Pause Young (Concurrent Start) (G1 Evacuation Pause) 220M->72M(257M) 20.754ms
[2025-06-05T16:38:40.360+0000][66.760s][info ][gc,cpu      ] GC(41) User=0.04s Sys=0.00s Real=0.02s
[2025-06-05T16:38:40.360+0000][66.760s][info ][safepoint   ] Safepoint "G1CollectForAllocation", Time since last: 200562708 ns, Reaching safepoint: 205250 ns, Cleanup: 23709 ns, At safepoint: 21204042 ns, Total: 21433001 ns
[2025-06-05T16:38:40.360+0000][66.760s][info ][gc          ] GC(42) Concurrent Mark Cycle
[2025-06-05T16:38:40.364+0000][66.763s][info ][gc,marking  ] GC(42) Concurrent Clear Claimed Marks
[2025-06-05T16:38:40.364+0000][66.764s][info ][gc,marking  ] GC(42) Concurrent Clear Claimed Marks 0.452ms
[2025-06-05T16:38:40.364+0000][66.764s][info ][gc,marking  ] GC(42) Concurrent Scan Root Regions
[2025-06-05T16:38:40.372+0000][66.772s][info ][gc,marking  ] GC(42) Concurrent Scan Root Regions 7.984ms
[2025-06-05T16:38:40.373+0000][66.772s][info ][gc,marking  ] GC(42) Concurrent Mark
[2025-06-05T16:38:40.373+0000][66.773s][info ][gc,marking  ] GC(42) Concurrent Mark From Roots
[2025-06-05T16:38:40.373+0000][66.773s][info ][gc,task     ] GC(42) Using 1 workers of 1 for marking
[2025-06-05T16:38:40.685+0000][67.085s][info ][gc,marking  ] GC(42) Concurrent Mark From Roots 312.029ms
[2025-06-05T16:38:40.685+0000][67.085s][info ][gc,marking  ] GC(42) Concurrent Preclean
[2025-06-05T16:38:40.686+0000][67.086s][info ][gc,marking  ] GC(42) Concurrent Preclean 0.526ms
[2025-06-05T16:38:40.687+0000][67.086s][debug][safepoint   ] Safepoint synchronization initiated using futex wait barrier. (20 threads)
[2025-06-05T16:38:40.689+0000][67.089s][info ][gc,start    ] GC(42) Pause Remark
[2025-06-05T16:38:40.756+0000][67.156s][info ][gc          ] GC(42) Pause Remark 107M->107M(257M) 67.022ms
[2025-06-05T16:38:40.756+0000][67.156s][info ][gc,cpu      ] GC(42) User=0.06s Sys=0.00s Real=0.06s
[2025-06-05T16:38:40.756+0000][67.156s][info ][safepoint   ] Safepoint "G1PauseRemark", Time since last: 326319916 ns, Reaching safepoint: 2006542 ns, Cleanup: 54167 ns, At safepoint: 67376166 ns, Total: 69436875 ns
[2025-06-05T16:38:40.756+0000][67.156s][info ][gc,marking  ] GC(42) Concurrent Mark 383.595ms
[2025-06-05T16:38:40.760+0000][67.159s][info ][gc,marking  ] GC(42) Concurrent Rebuild Remembered Sets
[2025-06-05T16:38:40.846+0000][67.246s][info ][gc,marking  ] GC(42) Concurrent Rebuild Remembered Sets 86.341ms
[2025-06-05T16:38:40.848+0000][67.247s][debug][safepoint   ] Safepoint synchronization initiated using futex wait barrier. (20 threads)
[2025-06-05T16:38:40.849+0000][67.249s][info ][gc,start    ] GC(42) Pause Cleanup
[2025-06-05T16:38:40.849+0000][67.249s][info ][gc          ] GC(42) Pause Cleanup 123M->123M(257M) 0.291ms
[2025-06-05T16:38:40.849+0000][67.249s][info ][gc,cpu      ] GC(42) User=0.00s Sys=0.00s Real=0.00s
[2025-06-05T16:38:40.849+0000][67.249s][info ][safepoint   ] Safepoint "G1PauseCleanup", Time since last: 91504459 ns, Reaching safepoint: 1446583 ns, Cleanup: 35000 ns, At safepoint: 446208 ns, Total: 1927791 ns
[2025-06-05T16:38:40.850+0000][67.249s][info ][gc,marking  ] GC(42) Concurrent Cleanup for Next Mark
[2025-06-05T16:38:40.865+0000][67.265s][info ][gc,marking  ] GC(42) Concurrent Cleanup for Next Mark 15.685ms
[2025-06-05T16:38:40.866+0000][67.265s][info ][gc          ] GC(42) Concurrent Mark Cycle 505.236ms
[2025-06-05T16:38:41.314+0000][67.714s][debug][safepoint   ] Safepoint synchronization initiated using futex wait barrier. (20 threads)
[2025-06-05T16:38:41.320+0000][67.719s][info ][safepoint   ] Safepoint "ICBufferFull", Time since last: 464808209 ns, Reaching safepoint: 5226500 ns, Cleanup: 146250 ns, At safepoint: 4125 ns, Total: 5376875 ns
[2025-06-05T16:38:42.109+0000][68.508s][debug][safepoint   ] Safepoint synchronization initiated using futex wait barrier. (20 threads)
[2025-06-05T16:38:42.110+0000][68.510s][info ][safepoint   ] Safepoint "ICBufferFull", Time since last: 789009459 ns, Reaching safepoint: 1149708 ns, Cleanup: 589250 ns, At safepoint: 8292 ns, Total: 1747250 ns
[2025-06-05T16:38:42.343+0000][68.742s][debug][safepoint   ] Safepoint synchronization initiated using futex wait barrier. (20 threads)
[2025-06-05T16:38:42.343+0000][68.743s][info ][safepoint   ] Safepoint "ICBufferFull", Time since last: 232204750 ns, Reaching safepoint: 495500 ns, Cleanup: 114500 ns, At safepoint: 4125 ns, Total: 614125 ns
[2025-06-05T16:38:42.471+0000][68.871s][debug][safepoint   ] Safepoint synchronization initiated using futex wait barrier. (20 threads)
[2025-06-05T16:38:42.475+0000][68.874s][info ][gc,start    ] GC(43) Pause Young (Prepare Mixed) (G1 Evacuation Pause)
[2025-06-05T16:38:42.475+0000][68.875s][info ][gc,task     ] GC(43) Using 2 workers of 2 for evacuation
[2025-06-05T16:38:42.556+0000][68.955s][info ][gc,phases   ] GC(43)   Pre Evacuate Collection Set: 5.0ms
[2025-06-05T16:38:42.560+0000][68.960s][info ][gc,phases   ] GC(43)   Merge Heap Roots: 2.2ms
[2025-06-05T16:38:42.562+0000][68.961s][info ][gc,phases   ] GC(43)   Evacuate Collection Set: 48.2ms
[2025-06-05T16:38:42.563+0000][68.962s][info ][gc,phases   ] GC(43)   Post Evacuate Collection Set: 22.3ms
[2025-06-05T16:38:42.563+0000][68.963s][info ][gc,phases   ] GC(43)   Other: 3.5ms
[2025-06-05T16:38:42.565+0000][68.965s][info ][gc,heap     ] GC(43) Eden regions: 149->0(9)
[2025-06-05T16:38:42.565+0000][68.965s][info ][gc,heap     ] GC(43) Survivor regions: 2->3(19)
[2025-06-05T16:38:42.565+0000][68.965s][info ][gc,heap     ] GC(43) Old regions: 70->70
[2025-06-05T16:38:42.565+0000][68.965s][info ][gc,heap     ] GC(43) Archive regions: 2->2
[2025-06-05T16:38:42.566+0000][68.965s][info ][gc,heap     ] GC(43) Humongous regions: 0->0
[2025-06-05T16:38:42.567+0000][68.967s][info ][gc,metaspace] GC(43) Metaspace: 78525K(79040K)->78525K(79040K) NonClass: 68180K(68416K)->68180K(68416K) Class: 10344K(10624K)->10344K(10624K)
[2025-06-05T16:38:42.568+0000][68.967s][info ][gc          ] GC(43) Pause Young (Prepare Mixed) (G1 Evacuation Pause) 221M->72M(257M) 93.079ms
[2025-06-05T16:38:42.568+0000][68.968s][info ][gc,cpu      ] GC(43) User=0.13s Sys=0.00s Real=0.10s
[2025-06-05T16:38:42.568+0000][68.968s][info ][safepoint   ] Safepoint "G1CollectForAllocation", Time since last: 127555292 ns, Reaching safepoint: 3277750 ns, Cleanup: 136500 ns, At safepoint: 93824916 ns, Total: 97239166 ns
[2025-06-05T16:38:42.641+0000][69.041s][debug][safepoint   ] Safepoint synchronization initiated using futex wait barrier. (20 threads)
[2025-06-05T16:38:42.642+0000][69.042s][info ][safepoint   ] Safepoint "ICBufferFull", Time since last: 72932709 ns, Reaching safepoint: 886708 ns, Cleanup: 106708 ns, At safepoint: 4334 ns, Total: 997750 ns
[2025-06-05T16:38:42.764+0000][69.164s][debug][safepoint   ] Safepoint synchronization initiated using futex wait barrier. (20 threads)
[2025-06-05T16:38:42.765+0000][69.165s][info ][safepoint   ] Safepoint "ICBufferFull", Time since last: 122565333 ns, Reaching safepoint: 268125 ns, Cleanup: 121417 ns, At safepoint: 15291 ns, Total: 404833 ns
[2025-06-05T16:38:42.789+0000][69.188s][debug][safepoint   ] Safepoint synchronization initiated using futex wait barrier. (20 threads)
[2025-06-05T16:38:42.789+0000][69.189s][info ][gc,start    ] GC(44) Pause Young (Mixed) (G1 Evacuation Pause)
[2025-06-05T16:38:42.792+0000][69.192s][info ][gc,task     ] GC(44) Using 2 workers of 2 for evacuation
[2025-06-05T16:38:42.885+0000][69.285s][info ][gc,phases   ] GC(44)   Pre Evacuate Collection Set: 0.8ms
[2025-06-05T16:38:42.885+0000][69.285s][info ][gc,phases   ] GC(44)   Merge Heap Roots: 0.4ms
[2025-06-05T16:38:42.886+0000][69.286s][info ][gc,phases   ] GC(44)   Evacuate Collection Set: 37.0ms
[2025-06-05T16:38:42.886+0000][69.286s][info ][gc,phases   ] GC(44)   Post Evacuate Collection Set: 54.2ms
[2025-06-05T16:38:42.886+0000][69.286s][info ][gc,phases   ] GC(44)   Other: 3.6ms
[2025-06-05T16:38:42.886+0000][69.286s][info ][gc,heap     ] GC(44) Eden regions: 9->0(310)
[2025-06-05T16:38:42.886+0000][69.286s][info ][gc,heap     ] GC(44) Survivor regions: 3->1(2)
[2025-06-05T16:38:42.886+0000][69.286s][info ][gc,heap     ] GC(44) Old regions: 70->71
[2025-06-05T16:38:42.886+0000][69.286s][info ][gc,heap     ] GC(44) Archive regions: 2->2
[2025-06-05T16:38:42.886+0000][69.286s][info ][gc,heap     ] GC(44) Humongous regions: 0->0
[2025-06-05T16:38:42.887+0000][69.287s][info ][gc,metaspace] GC(44) Metaspace: 78738K(79232K)->78738K(79232K) NonClass: 68381K(68608K)->68381K(68608K) Class: 10357K(10624K)->10357K(10624K)
[2025-06-05T16:38:42.887+0000][69.287s][info ][gc          ] GC(44) Pause Young (Mixed) (G1 Evacuation Pause) 81M->71M(519M) 97.942ms
[2025-06-05T16:38:42.887+0000][69.287s][info ][gc,cpu      ] GC(44) User=0.05s Sys=0.05s Real=0.10s
[2025-06-05T16:38:42.887+0000][69.287s][info ][safepoint   ] Safepoint "G1CollectForAllocation", Time since last: 23749084 ns, Reaching safepoint: 446875 ns, Cleanup: 18208 ns, At safepoint: 98291125 ns, Total: 98756208 ns
[2025-06-05T16:38:43.088+0000][69.488s][debug][safepoint   ] Safepoint synchronization initiated using futex wait barrier. (20 threads)
[2025-06-05T16:38:43.089+0000][69.489s][info ][safepoint   ] Safepoint "ICBufferFull", Time since last: 200376042 ns, Reaching safepoint: 765500 ns, Cleanup: 115791 ns, At safepoint: 12042 ns, Total: 893333 ns
[2025-06-05T16:38:43.241+0000][69.641s][debug][safepoint   ] Safepoint synchronization initiated using futex wait barrier. (20 threads)
[2025-06-05T16:38:43.241+0000][69.641s][info ][safepoint   ] Safepoint "ICBufferFull", Time since last: 152209125 ns, Reaching safepoint: 359709 ns, Cleanup: 137333 ns, At safepoint: 10917 ns, Total: 507959 ns
[2025-06-05T16:38:43.420+0000][69.820s][debug][safepoint   ] Safepoint synchronization initiated using futex wait barrier. (20 threads)
[2025-06-05T16:38:43.421+0000][69.820s][info ][safepoint   ] Safepoint "ICBufferFull", Time since last: 178678375 ns, Reaching safepoint: 305541 ns, Cleanup: 123959 ns, At safepoint: 8416 ns, Total: 437916 ns
[2025-06-05T16:38:44.425+0000][70.825s][debug][safepoint   ] Safepoint synchronization initiated using futex wait barrier. (20 threads)
[2025-06-05T16:38:44.461+0000][70.861s][info ][safepoint   ] Safepoint "Cleanup", Time since last: 1004556542 ns, Reaching safepoint: 35701667 ns, Cleanup: 511917 ns, At safepoint: 77875 ns, Total: 36291459 ns
[2025-06-05T16:38:45.486+0000][71.886s][debug][safepoint   ] Safepoint synchronization initiated using futex wait barrier. (20 threads)
[2025-06-05T16:38:45.487+0000][71.887s][info ][safepoint   ] Safepoint "Cleanup", Time since last: 1024557417 ns, Reaching safepoint: 883750 ns, Cleanup: 102167 ns, At safepoint: 4875 ns, Total: 990792 ns
[2025-06-05T16:38:45.785+0000][72.185s][debug][safepoint   ] Safepoint synchronization initiated using futex wait barrier. (20 threads)
[2025-06-05T16:38:45.785+0000][72.185s][info ][safepoint   ] Safepoint "ICBufferFull", Time since last: 297875458 ns, Reaching safepoint: 318375 ns, Cleanup: 92458 ns, At safepoint: 3334 ns, Total: 414167 ns
[2025-06-05T16:38:46.133+0000][72.533s][debug][safepoint   ] Safepoint synchronization initiated using futex wait barrier. (20 threads)
[2025-06-05T16:38:46.134+0000][72.534s][info ][safepoint   ] Safepoint "ICBufferFull", Time since last: 347688167 ns, Reaching safepoint: 782291 ns, Cleanup: 95959 ns, At safepoint: 10583 ns, Total: 888833 ns
[2025-06-05T16:38:47.054+0000][73.454s][debug][safepoint   ] Safepoint synchronization initiated using futex wait barrier. (20 threads)
[2025-06-05T16:38:47.057+0000][73.457s][info ][safepoint   ] Safepoint "ICBufferFull", Time since last: 920141417 ns, Reaching safepoint: 3039083 ns, Cleanup: 175500 ns, At safepoint: 6375 ns, Total: 3220958 ns
[2025-06-05T16:38:47.827+0000][74.227s][debug][safepoint   ] Safepoint synchronization initiated using futex wait barrier. (20 threads)
[2025-06-05T16:38:47.829+0000][74.228s][info ][safepoint   ] Safepoint "ICBufferFull", Time since last: 769644917 ns, Reaching safepoint: 1733500 ns, Cleanup: 104292 ns, At safepoint: 11042 ns, Total: 1848834 ns
[2025-06-05T16:38:48.832+0000][75.231s][debug][safepoint   ] Safepoint synchronization initiated using futex wait barrier. (20 threads)
[2025-06-05T16:38:48.832+0000][75.232s][debug][safepoint   ] ... found polling page loop exception at pc = 0x0000ffff8912bb74, stub =0x0000ffff8897ef00
[2025-06-05T16:38:48.834+0000][75.234s][info ][safepoint   ] Safepoint "Cleanup", Time since last: 1002934834 ns, Reaching safepoint: 2078083 ns, Cleanup: 125292 ns, At safepoint: 14083 ns, Total: 2217458 ns
[2025-06-05T16:38:49.658+0000][76.058s][debug][safepoint   ] Safepoint synchronization initiated using futex wait barrier. (20 threads)
[2025-06-05T16:38:49.659+0000][76.059s][info ][safepoint   ] Safepoint "ICBufferFull", Time since last: 824413750 ns, Reaching safepoint: 283917 ns, Cleanup: 170792 ns, At safepoint: 12083 ns, Total: 466792 ns
[2025-06-05T16:38:50.660+0000][77.060s][debug][safepoint   ] Safepoint synchronization initiated using futex wait barrier. (20 threads)
[2025-06-05T16:38:50.663+0000][77.063s][info ][safepoint   ] Safepoint "Cleanup", Time since last: 1000994584 ns, Reaching safepoint: 2989125 ns, Cleanup: 126708 ns, At safepoint: 6042 ns, Total: 3121875 ns
[2025-06-05T16:38:50.973+0000][77.373s][debug][safepoint   ] Safepoint synchronization initiated using futex wait barrier. (20 threads)
[2025-06-05T16:38:50.974+0000][77.373s][info ][safepoint   ] Safepoint "ICBufferFull", Time since last: 309999708 ns, Reaching safepoint: 765959 ns, Cleanup: 74958 ns, At safepoint: 8917 ns, Total: 849834 ns
[2025-06-05T16:38:51.054+0000][77.453s][debug][safepoint   ] Safepoint synchronization initiated using futex wait barrier. (20 threads)
[2025-06-05T16:38:51.059+0000][77.459s][info ][safepoint   ] Safepoint "ICBufferFull", Time since last: 79946250 ns, Reaching safepoint: 5142208 ns, Cleanup: 176708 ns, At safepoint: 18750 ns, Total: 5337666 ns
[2025-06-05T16:38:51.769+0000][78.169s][debug][safepoint   ] Safepoint synchronization initiated using futex wait barrier. (20 threads)
[2025-06-05T16:38:51.770+0000][78.170s][info ][gc,start    ] GC(45) Pause Young (Normal) (G1 Evacuation Pause)
[2025-06-05T16:38:51.770+0000][78.170s][info ][gc,task     ] GC(45) Using 2 workers of 2 for evacuation
[2025-06-05T16:38:51.869+0000][78.269s][info ][gc,phases   ] GC(45)   Pre Evacuate Collection Set: 1.2ms
[2025-06-05T16:38:51.869+0000][78.269s][info ][gc,phases   ] GC(45)   Merge Heap Roots: 0.3ms
[2025-06-05T16:38:51.870+0000][78.269s][info ][gc,phases   ] GC(45)   Evacuate Collection Set: 88.4ms
[2025-06-05T16:38:51.870+0000][78.270s][info ][gc,phases   ] GC(45)   Post Evacuate Collection Set: 7.6ms
[2025-06-05T16:38:51.870+0000][78.270s][info ][gc,phases   ] GC(45)   Other: 1.4ms
[2025-06-05T16:38:51.870+0000][78.270s][info ][gc,heap     ] GC(45) Eden regions: 310->0(304)
[2025-06-05T16:38:51.870+0000][78.270s][info ][gc,heap     ] GC(45) Survivor regions: 1->7(39)
[2025-06-05T16:38:51.870+0000][78.270s][info ][gc,heap     ] GC(45) Old regions: 71->71
[2025-06-05T16:38:51.871+0000][78.270s][info ][gc,heap     ] GC(45) Archive regions: 2->2
[2025-06-05T16:38:51.871+0000][78.270s][info ][gc,heap     ] GC(45) Humongous regions: 0->0
[2025-06-05T16:38:51.871+0000][78.271s][info ][gc,metaspace] GC(45) Metaspace: 84822K(85376K)->84822K(85376K) NonClass: 73777K(74048K)->73777K(74048K) Class: 11045K(11328K)->11045K(11328K)
[2025-06-05T16:38:51.871+0000][78.271s][info ][gc          ] GC(45) Pause Young (Normal) (G1 Evacuation Pause) 381M->77M(519M) 100.517ms
[2025-06-05T16:38:51.871+0000][78.271s][info ][gc,cpu      ] GC(45) User=0.18s Sys=0.01s Real=0.10s
[2025-06-05T16:38:51.871+0000][78.271s][info ][safepoint   ] Safepoint "G1CollectForAllocation", Time since last: 710178126 ns, Reaching safepoint: 449250 ns, Cleanup: 111666 ns, At safepoint: 101466667 ns, Total: 102027583 ns
[2025-06-05T16:38:52.671+0000][79.071s][debug][safepoint   ] Safepoint synchronization initiated using futex wait barrier. (20 threads)
[2025-06-05T16:38:52.672+0000][79.072s][info ][safepoint   ] Safepoint "ICBufferFull", Time since last: 799603500 ns, Reaching safepoint: 802334 ns, Cleanup: 152833 ns, At safepoint: 8917 ns, Total: 964084 ns
[2025-06-05T16:38:52.950+0000][79.350s][debug][safepoint   ] Safepoint synchronization initiated using futex wait barrier. (20 threads)
[2025-06-05T16:38:52.951+0000][79.351s][info ][safepoint   ] Safepoint "ICBufferFull", Time since last: 278161042 ns, Reaching safepoint: 773583 ns, Cleanup: 139292 ns, At safepoint: 12125 ns, Total: 925000 ns
[2025-06-05T16:38:53.857+0000][80.257s][debug][safepoint   ] Safepoint synchronization initiated using futex wait barrier. (24 threads)
[2025-06-05T16:38:53.858+0000][80.258s][info ][safepoint   ] Safepoint "ICBufferFull", Time since last: 906548792 ns, Reaching safepoint: 846625 ns, Cleanup: 163208 ns, At safepoint: 5500 ns, Total: 1015333 ns
[2025-06-05T16:38:54.469+0000][80.869s][debug][safepoint   ] Safepoint synchronization initiated using futex wait barrier. (24 threads)
[2025-06-05T16:38:54.470+0000][80.870s][debug][safepoint   ] ... found polling page loop exception at pc = 0x0000ffff894f9510, stub =0x0000ffff8897ef00
[2025-06-05T16:38:54.471+0000][80.871s][info ][safepoint   ] Safepoint "ICBufferFull", Time since last: 610541584 ns, Reaching safepoint: 1775041 ns, Cleanup: 144209 ns, At safepoint: 6625 ns, Total: 1925875 ns
[2025-06-05T16:38:54.602+0000][81.001s][debug][safepoint   ] ... found polling page loop exception at pc = 0x0000ffff8908996c, stub =0x0000ffff8897ef00
[2025-06-05T16:38:55.026+0000][81.426s][debug][safepoint   ] Safepoint synchronization initiated using futex wait barrier. (24 threads)
[2025-06-05T16:38:55.034+0000][81.434s][info ][safepoint   ] Safepoint "ICBufferFull", Time since last: 555455458 ns, Reaching safepoint: 7210917 ns, Cleanup: 221917 ns, At safepoint: 13208 ns, Total: 7446042 ns
[2025-06-05T16:38:56.150+0000][82.550s][debug][safepoint   ] Safepoint synchronization initiated using futex wait barrier. (24 threads)
[2025-06-05T16:38:56.205+0000][82.605s][info ][safepoint   ] Safepoint "Cleanup", Time since last: 1116058000 ns, Reaching safepoint: 55085625 ns, Cleanup: 305500 ns, At safepoint: 31625 ns, Total: 55422750 ns
[2025-06-05T16:38:56.392+0000][82.791s][debug][safepoint   ] Safepoint synchronization initiated using futex wait barrier. (24 threads)
[2025-06-05T16:38:56.393+0000][82.793s][info ][gc,start    ] GC(46) Pause Young (Normal) (G1 Evacuation Pause)
[2025-06-05T16:38:56.393+0000][82.793s][info ][gc,task     ] GC(46) Using 2 workers of 2 for evacuation
[2025-06-05T16:38:56.637+0000][83.037s][info ][gc,phases   ] GC(46)   Pre Evacuate Collection Set: 2.7ms
[2025-06-05T16:38:56.637+0000][83.037s][info ][gc,phases   ] GC(46)   Merge Heap Roots: 1.2ms
[2025-06-05T16:38:56.637+0000][83.037s][info ][gc,phases   ] GC(46)   Evacuate Collection Set: 220.1ms
[2025-06-05T16:38:56.637+0000][83.037s][info ][gc,phases   ] GC(46)   Post Evacuate Collection Set: 18.5ms
[2025-06-05T16:38:56.637+0000][83.037s][info ][gc,phases   ] GC(46)   Other: 1.6ms
[2025-06-05T16:38:56.637+0000][83.037s][info ][gc,heap     ] GC(46) Eden regions: 304->0(297)
[2025-06-05T16:38:56.637+0000][83.037s][info ][gc,heap     ] GC(46) Survivor regions: 7->14(39)
[2025-06-05T16:38:56.638+0000][83.037s][info ][gc,heap     ] GC(46) Old regions: 71->71
[2025-06-05T16:38:56.638+0000][83.037s][info ][gc,heap     ] GC(46) Archive regions: 2->2
[2025-06-05T16:38:56.638+0000][83.037s][info ][gc,heap     ] GC(46) Humongous regions: 0->0
[2025-06-05T16:38:56.638+0000][83.037s][info ][gc,metaspace] GC(46) Metaspace: 92392K(92928K)->92392K(92928K) NonClass: 80494K(80768K)->80494K(80768K) Class: 11897K(12160K)->11897K(12160K)
[2025-06-05T16:38:56.638+0000][83.038s][info ][gc          ] GC(46) Pause Young (Normal) (G1 Evacuation Pause) 381M->84M(519M) 244.771ms
[2025-06-05T16:38:56.638+0000][83.038s][info ][gc,cpu      ] GC(46) User=0.48s Sys=0.00s Real=0.25s
[2025-06-05T16:38:56.638+0000][83.038s][info ][safepoint   ] Safepoint "G1CollectForAllocation", Time since last: 186421250 ns, Reaching safepoint: 292125 ns, Cleanup: 4375 ns, At safepoint: 245945084 ns, Total: 246241584 ns
[2025-06-05T16:38:57.105+0000][83.505s][debug][safepoint   ] Safepoint synchronization initiated using futex wait barrier. (24 threads)
[2025-06-05T16:38:57.106+0000][83.506s][info ][safepoint   ] Safepoint "ICBufferFull", Time since last: 467348042 ns, Reaching safepoint: 797458 ns, Cleanup: 132417 ns, At safepoint: 10791 ns, Total: 940666 ns
[2025-06-05T16:38:58.120+0000][84.520s][debug][safepoint   ] Safepoint synchronization initiated using futex wait barrier. (24 threads)
[2025-06-05T16:38:58.128+0000][84.528s][info ][safepoint   ] Safepoint "Cleanup", Time since last: 1013987501 ns, Reaching safepoint: 7214208 ns, Cleanup: 957417 ns, At safepoint: 27917 ns, Total: 8199542 ns
[2025-06-05T16:38:59.713+0000][86.113s][debug][safepoint   ] Safepoint synchronization initiated using futex wait barrier. (24 threads)
[2025-06-05T16:38:59.722+0000][86.121s][debug][safepoint   ] ... found polling page loop exception at pc = 0x0000ffff89066c14, stub =0x0000ffff8897ef00
[2025-06-05T16:38:59.725+0000][86.124s][info ][safepoint   ] Safepoint "Cleanup", Time since last: 1584533167 ns, Reaching safepoint: 11599958 ns, Cleanup: 158709 ns, At safepoint: 11208 ns, Total: 11769875 ns
[2025-06-05T16:39:00.734+0000][87.134s][debug][safepoint   ] Safepoint synchronization initiated using futex wait barrier. (24 threads)
[2025-06-05T16:39:00.772+0000][87.171s][info ][safepoint   ] Safepoint "Cleanup", Time since last: 1009273876 ns, Reaching safepoint: 17388625 ns, Cleanup: 20279750 ns, At safepoint: 41666 ns, Total: 37710041 ns
[2025-06-05T16:39:01.766+0000][88.204s][debug][safepoint   ] Safepoint synchronization initiated using futex wait barrier. (24 threads)
[2025-06-05T16:39:01.775+0000][88.214s][info ][safepoint   ] Safepoint "Cleanup", Time since last: 1033012376 ns, Reaching safepoint: 8973291 ns, Cleanup: 83167 ns, At safepoint: 7417 ns, Total: 9063875 ns
[2025-06-05T16:39:02.789+0000][89.228s][debug][safepoint   ] Safepoint synchronization initiated using futex wait barrier. (24 threads)
[2025-06-05T16:39:02.871+0000][89.310s][info ][safepoint   ] Safepoint "Cleanup", Time since last: 1014419625 ns, Reaching safepoint: 82071125 ns, Cleanup: 115042 ns, At safepoint: 23541 ns, Total: 82209708 ns
[2025-06-05T16:39:05.105+0000][91.543s][debug][safepoint   ] Safepoint synchronization initiated using futex wait barrier. (25 threads)
[2025-06-05T16:39:05.110+0000][91.549s][info ][safepoint   ] Safepoint "Cleanup", Time since last: 2233298376 ns, Reaching safepoint: 5432042 ns, Cleanup: 163083 ns, At safepoint: 8750 ns, Total: 5603875 ns
[2025-06-05T16:39:07.878+0000][94.317s][debug][safepoint   ] Safepoint synchronization initiated using futex wait barrier. (25 threads)
[2025-06-05T16:39:07.886+0000][94.325s][info ][safepoint   ] Safepoint "Cleanup", Time since last: 2767783085 ns, Reaching safepoint: 7746792 ns, Cleanup: 282583 ns, At safepoint: 15375 ns, Total: 8044750 ns
[2025-06-05T16:39:08.700+0000][95.139s][debug][safepoint   ] Safepoint synchronization initiated using futex wait barrier. (25 threads)
[2025-06-05T16:39:08.701+0000][95.139s][info ][gc,start    ] GC(47) Pause Young (Normal) (G1 Evacuation Pause)
[2025-06-05T16:39:08.701+0000][95.140s][info ][gc,task     ] GC(47) Using 2 workers of 2 for evacuation
[2025-06-05T16:39:08.950+0000][95.389s][info ][gc,phases   ] GC(47)   Pre Evacuate Collection Set: 4.0ms
[2025-06-05T16:39:08.950+0000][95.389s][info ][gc,phases   ] GC(47)   Merge Heap Roots: 0.9ms
[2025-06-05T16:39:08.950+0000][95.389s][info ][gc,phases   ] GC(47)   Evacuate Collection Set: 226.7ms
[2025-06-05T16:39:08.950+0000][95.389s][info ][gc,phases   ] GC(47)   Post Evacuate Collection Set: 16.2ms
[2025-06-05T16:39:08.950+0000][95.389s][info ][gc,phases   ] GC(47)   Other: 1.4ms
[2025-06-05T16:39:08.950+0000][95.389s][info ][gc,heap     ] GC(47) Eden regions: 297->0(291)
[2025-06-05T16:39:08.950+0000][95.389s][info ][gc,heap     ] GC(47) Survivor regions: 14->20(39)
[2025-06-05T16:39:08.950+0000][95.389s][info ][gc,heap     ] GC(47) Old regions: 71->71
[2025-06-05T16:39:08.950+0000][95.389s][info ][gc,heap     ] GC(47) Archive regions: 2->2
[2025-06-05T16:39:08.950+0000][95.389s][info ][gc,heap     ] GC(47) Humongous regions: 0->0
[2025-06-05T16:39:08.950+0000][95.389s][info ][gc,metaspace] GC(47) Metaspace: 100647K(101248K)->100647K(101248K) NonClass: 87438K(87744K)->87438K(87744K) Class: 13208K(13504K)->13208K(13504K)
[2025-06-05T16:39:08.951+0000][95.390s][info ][gc          ] GC(47) Pause Young (Normal) (G1 Evacuation Pause) 381M->90M(519M) 250.158ms
[2025-06-05T16:39:08.951+0000][95.390s][info ][gc,cpu      ] GC(47) User=0.50s Sys=0.00s Real=0.25s
[2025-06-05T16:39:08.951+0000][95.390s][info ][safepoint   ] Safepoint "G1CollectForAllocation", Time since last: 813648709 ns, Reaching safepoint: 389333 ns, Cleanup: 57709 ns, At safepoint: 250808958 ns, Total: 251256000 ns
[2025-06-05T16:39:09.843+0000][96.282s][debug][safepoint   ] Safepoint synchronization initiated using futex wait barrier. (27 threads)
[2025-06-05T16:39:09.844+0000][96.283s][info ][safepoint   ] Safepoint "ICBufferFull", Time since last: 892393500 ns, Reaching safepoint: 391959 ns, Cleanup: 126041 ns, At safepoint: 2500 ns, Total: 520500 ns
[2025-06-05T16:39:10.853+0000][97.292s][debug][safepoint   ] Safepoint synchronization initiated using futex wait barrier. (27 threads)
[2025-06-05T16:39:10.859+0000][97.298s][info ][safepoint   ] Safepoint "Cleanup", Time since last: 1008974209 ns, Reaching safepoint: 5690167 ns, Cleanup: 166000 ns, At safepoint: 18292 ns, Total: 5874459 ns
[2025-06-05T16:39:12.087+0000][98.525s][debug][safepoint   ] Safepoint synchronization initiated using futex wait barrier. (30 threads)
[2025-06-05T16:39:12.091+0000][98.530s][info ][safepoint   ] Safepoint "Cleanup", Time since last: 1227925250 ns, Reaching safepoint: 3992500 ns, Cleanup: 190542 ns, At safepoint: 12166 ns, Total: 4195208 ns
[2025-06-05T16:39:12.400+0000][98.838s][debug][safepoint   ] Safepoint synchronization initiated using futex wait barrier. (30 threads)
[2025-06-05T16:39:12.400+0000][98.839s][info ][gc,start    ] GC(48) Pause Young (Normal) (G1 Evacuation Pause)
[2025-06-05T16:39:12.401+0000][98.840s][info ][gc,task     ] GC(48) Using 2 workers of 2 for evacuation
[2025-06-05T16:39:12.537+0000][98.975s][info ][gc,phases   ] GC(48)   Pre Evacuate Collection Set: 1.4ms
[2025-06-05T16:39:12.542+0000][98.981s][info ][gc,phases   ] GC(48)   Merge Heap Roots: 0.5ms
[2025-06-05T16:39:12.543+0000][98.982s][info ][gc,phases   ] GC(48)   Evacuate Collection Set: 119.3ms
[2025-06-05T16:39:12.544+0000][98.982s][info ][gc,phases   ] GC(48)   Post Evacuate Collection Set: 13.9ms
[2025-06-05T16:39:12.544+0000][98.982s][info ][gc,phases   ] GC(48)   Other: 1.3ms
[2025-06-05T16:39:12.544+0000][98.983s][info ][gc,heap     ] GC(48) Eden regions: 291->0(286)
[2025-06-05T16:39:12.546+0000][98.984s][info ][gc,heap     ] GC(48) Survivor regions: 20->25(39)
[2025-06-05T16:39:12.547+0000][98.985s][info ][gc,heap     ] GC(48) Old regions: 71->71
[2025-06-05T16:39:12.547+0000][98.986s][info ][gc,heap     ] GC(48) Archive regions: 2->2
[2025-06-05T16:39:12.547+0000][98.986s][info ][gc,heap     ] GC(48) Humongous regions: 0->0
[2025-06-05T16:39:12.547+0000][98.986s][info ][gc,metaspace] GC(48) Metaspace: 107224K(107904K)->107224K(107904K) NonClass: 93236K(93568K)->93236K(93568K) Class: 13988K(14336K)->13988K(14336K)
[2025-06-05T16:39:12.548+0000][98.986s][info ][gc          ] GC(48) Pause Young (Normal) (G1 Evacuation Pause) 381M->95M(519M) 147.012ms
[2025-06-05T16:39:12.548+0000][98.987s][info ][gc,cpu      ] GC(48) User=0.27s Sys=0.00s Real=0.15s
[2025-06-05T16:39:12.548+0000][98.987s][info ][safepoint   ] Safepoint "G1CollectForAllocation", Time since last: 308676501 ns, Reaching safepoint: 435916 ns, Cleanup: 99750 ns, At safepoint: 148330042 ns, Total: 148865708 ns
[2025-06-05T16:39:13.549+0000][99.988s][debug][safepoint   ] Safepoint synchronization initiated using futex wait barrier. (36 threads)
[2025-06-05T16:39:13.551+0000][99.990s][info ][safepoint   ] Safepoint "Cleanup", Time since last: 1000283626 ns, Reaching safepoint: 2492166 ns, Cleanup: 109792 ns, At safepoint: 10458 ns, Total: 2612416 ns
[2025-06-05T16:39:14.027+0000][100.466s][debug][safepoint   ] ... found polling page loop exception at pc = 0x0000ffff8953798c, stub =0x0000ffff8897ef00
[2025-06-05T16:39:14.295+0000][100.734s][debug][safepoint   ] Safepoint synchronization initiated using futex wait barrier. (40 threads)
[2025-06-05T16:39:14.297+0000][100.736s][info ][safepoint   ] Safepoint "ICBufferFull", Time since last: 743937626 ns, Reaching safepoint: 747916 ns, Cleanup: 726834 ns, At safepoint: 4625 ns, Total: 1479375 ns
[2025-06-05T16:39:15.298+0000][101.737s][debug][safepoint   ] Safepoint synchronization initiated using futex wait barrier. (40 threads)
[2025-06-05T16:39:15.302+0000][101.741s][info ][safepoint   ] Safepoint "Cleanup", Time since last: 1000964583 ns, Reaching safepoint: 3952542 ns, Cleanup: 407625 ns, At safepoint: 54792 ns, Total: 4414959 ns
[2025-06-05T16:39:15.661+0000][102.099s][debug][safepoint   ] Safepoint synchronization initiated using futex wait barrier. (40 threads)
[2025-06-05T16:39:15.661+0000][102.100s][info ][safepoint   ] Safepoint "ICBufferFull", Time since last: 358411417 ns, Reaching safepoint: 420625 ns, Cleanup: 199166 ns, At safepoint: 34584 ns, Total: 654375 ns
[2025-06-05T16:39:15.981+0000][102.420s][debug][safepoint   ] Safepoint synchronization initiated using futex wait barrier. (40 threads)
[2025-06-05T16:39:15.981+0000][102.420s][info ][safepoint   ] Safepoint "ICBufferFull", Time since last: 319788333 ns, Reaching safepoint: 158625 ns, Cleanup: 93542 ns, At safepoint: 1958 ns, Total: 254125 ns
[2025-06-05T16:39:16.161+0000][102.600s][debug][safepoint   ] Safepoint synchronization initiated using futex wait barrier. (40 threads)
[2025-06-05T16:39:16.161+0000][102.600s][info ][safepoint   ] Safepoint "ICBufferFull", Time since last: 179515167 ns, Reaching safepoint: 381041 ns, Cleanup: 107792 ns, At safepoint: 18250 ns, Total: 507083 ns
[2025-06-05T16:39:17.454+0000][103.892s][debug][safepoint   ] Safepoint synchronization initiated using futex wait barrier. (40 threads)
[2025-06-05T16:39:17.456+0000][103.895s][info ][safepoint   ] Safepoint "ICBufferFull", Time since last: 1292302334 ns, Reaching safepoint: 761792 ns, Cleanup: 1525291 ns, At safepoint: 101000 ns, Total: 2388083 ns
[2025-06-05T16:39:17.747+0000][104.186s][debug][safepoint   ] Safepoint synchronization initiated using futex wait barrier. (40 threads)
[2025-06-05T16:39:17.748+0000][104.187s][info ][gc,start    ] GC(49) Pause Young (Normal) (G1 Evacuation Pause)
[2025-06-05T16:39:17.749+0000][104.188s][info ][gc,task     ] GC(49) Using 2 workers of 2 for evacuation
[2025-06-05T16:39:17.978+0000][104.416s][info ][gc,phases   ] GC(49)   Pre Evacuate Collection Set: 0.7ms
[2025-06-05T16:39:17.978+0000][104.417s][info ][gc,phases   ] GC(49)   Merge Heap Roots: 0.5ms
[2025-06-05T16:39:17.979+0000][104.417s][info ][gc,phases   ] GC(49)   Evacuate Collection Set: 202.8ms
[2025-06-05T16:39:17.979+0000][104.417s][info ][gc,phases   ] GC(49)   Post Evacuate Collection Set: 23.9ms
[2025-06-05T16:39:17.979+0000][104.417s][info ][gc,phases   ] GC(49)   Other: 2.0ms
[2025-06-05T16:39:17.979+0000][104.418s][info ][gc,heap     ] GC(49) Eden regions: 286->0(286)
[2025-06-05T16:39:17.979+0000][104.418s][info ][gc,heap     ] GC(49) Survivor regions: 25->25(39)
[2025-06-05T16:39:17.979+0000][104.418s][info ][gc,heap     ] GC(49) Old regions: 71->77
[2025-06-05T16:39:17.979+0000][104.418s][info ][gc,heap     ] GC(49) Archive regions: 2->2
[2025-06-05T16:39:17.979+0000][104.418s][info ][gc,heap     ] GC(49) Humongous regions: 0->0
[2025-06-05T16:39:17.979+0000][104.418s][info ][gc,metaspace] GC(49) Metaspace: 114270K(114944K)->114270K(114944K) NonClass: 99534K(99904K)->99534K(99904K) Class: 14736K(15040K)->14736K(15040K)
[2025-06-05T16:39:17.979+0000][104.418s][info ][gc          ] GC(49) Pause Young (Normal) (G1 Evacuation Pause) 381M->101M(519M) 231.290ms
[2025-06-05T16:39:17.979+0000][104.418s][info ][gc,cpu      ] GC(49) User=0.44s Sys=0.00s Real=0.23s
[2025-06-05T16:39:17.980+0000][104.418s][info ][safepoint   ] Safepoint "G1CollectForAllocation", Time since last: 291009959 ns, Reaching safepoint: 608083 ns, Cleanup: 52167 ns, At safepoint: 232050208 ns, Total: 232710458 ns
[2025-06-05T16:39:18.983+0000][105.421s][debug][safepoint   ] Safepoint synchronization initiated using futex wait barrier. (41 threads)
[2025-06-05T16:39:18.984+0000][105.423s][info ][safepoint   ] Safepoint "Cleanup", Time since last: 1002872251 ns, Reaching safepoint: 1098125 ns, Cleanup: 143291 ns, At safepoint: 5459 ns, Total: 1246875 ns
[2025-06-05T16:39:19.593+0000][106.032s][debug][safepoint   ] Safepoint synchronization initiated using futex wait barrier. (41 threads)
[2025-06-05T16:39:19.595+0000][106.034s][info ][safepoint   ] Safepoint "ICBufferFull", Time since last: 609628750 ns, Reaching safepoint: 1285583 ns, Cleanup: 138500 ns, At safepoint: 2959 ns, Total: 1427042 ns
[2025-06-05T16:39:20.193+0000][106.631s][debug][safepoint   ] Safepoint synchronization initiated using futex wait barrier. (44 threads)
[2025-06-05T16:39:20.195+0000][106.633s][info ][safepoint   ] Safepoint "ICBufferFull", Time since last: 597674875 ns, Reaching safepoint: 1998167 ns, Cleanup: 108041 ns, At safepoint: 4334 ns, Total: 2110542 ns
[2025-06-05T16:39:20.631+0000][107.070s][debug][safepoint   ] Safepoint synchronization initiated using futex wait barrier. (44 threads)
[2025-06-05T16:39:20.632+0000][107.071s][info ][gc,start    ] GC(50) Pause Young (Normal) (G1 Evacuation Pause)
[2025-06-05T16:39:20.632+0000][107.071s][info ][gc,task     ] GC(50) Using 2 workers of 2 for evacuation
[2025-06-05T16:39:20.774+0000][107.212s][info ][gc,phases   ] GC(50)   Pre Evacuate Collection Set: 0.6ms
[2025-06-05T16:39:20.774+0000][107.213s][info ][gc,phases   ] GC(50)   Merge Heap Roots: 1.0ms
[2025-06-05T16:39:20.774+0000][107.213s][info ][gc,phases   ] GC(50)   Evacuate Collection Set: 135.9ms
[2025-06-05T16:39:20.774+0000][107.213s][info ][gc,phases   ] GC(50)   Post Evacuate Collection Set: 3.9ms
[2025-06-05T16:39:20.774+0000][107.213s][info ][gc,phases   ] GC(50)   Other: 0.4ms
[2025-06-05T16:39:20.774+0000][107.213s][info ][gc,heap     ] GC(50) Eden regions: 286->0(284)
[2025-06-05T16:39:20.774+0000][107.213s][info ][gc,heap     ] GC(50) Survivor regions: 25->27(39)
[2025-06-05T16:39:20.774+0000][107.213s][info ][gc,heap     ] GC(50) Old regions: 77->83
[2025-06-05T16:39:20.774+0000][107.213s][info ][gc,heap     ] GC(50) Archive regions: 2->2
[2025-06-05T16:39:20.774+0000][107.213s][info ][gc,heap     ] GC(50) Humongous regions: 0->0
[2025-06-05T16:39:20.774+0000][107.213s][info ][gc,metaspace] GC(50) Metaspace: 122038K(122816K)->122038K(122816K) NonClass: 106434K(106816K)->106434K(106816K) Class: 15604K(16000K)->15604K(16000K)
[2025-06-05T16:39:20.774+0000][107.213s][info ][gc          ] GC(50) Pause Young (Normal) (G1 Evacuation Pause) 387M->110M(519M) 142.117ms
[2025-06-05T16:39:20.774+0000][107.213s][info ][gc,cpu      ] GC(50) User=0.28s Sys=0.00s Real=0.14s
[2025-06-05T16:39:20.774+0000][107.213s][info ][safepoint   ] Safepoint "G1CollectForAllocation", Time since last: 436786500 ns, Reaching safepoint: 345958 ns, Cleanup: 114875 ns, At safepoint: 142361792 ns, Total: 142822625 ns
[2025-06-05T16:39:21.283+0000][107.722s][debug][safepoint   ] Safepoint synchronization initiated using futex wait barrier. (44 threads)
[2025-06-05T16:39:21.284+0000][107.723s][info ][safepoint   ] Safepoint "ICBufferFull", Time since last: 508837042 ns, Reaching safepoint: 738083 ns, Cleanup: 124459 ns, At safepoint: 2375 ns, Total: 864917 ns
[2025-06-05T16:39:21.505+0000][107.944s][debug][safepoint   ] Safepoint synchronization initiated using futex wait barrier. (44 threads)
[2025-06-05T16:39:21.506+0000][107.944s][info ][safepoint   ] Safepoint "ICBufferFull", Time since last: 221087083 ns, Reaching safepoint: 528083 ns, Cleanup: 83417 ns, At safepoint: 3250 ns, Total: 614750 ns
[2025-06-05T16:39:21.615+0000][108.053s][debug][safepoint   ] Safepoint synchronization initiated using futex wait barrier. (44 threads)
[2025-06-05T16:39:21.615+0000][108.054s][info ][gc,start    ] GC(51) Pause Young (Concurrent Start) (Metadata GC Threshold)
[2025-06-05T16:39:21.615+0000][108.054s][info ][gc,task     ] GC(51) Using 2 workers of 2 for evacuation
[2025-06-05T16:39:21.753+0000][108.192s][info ][gc,phases   ] GC(51)   Pre Evacuate Collection Set: 0.7ms
[2025-06-05T16:39:21.754+0000][108.192s][info ][gc,phases   ] GC(51)   Merge Heap Roots: 0.2ms
[2025-06-05T16:39:21.754+0000][108.193s][info ][gc,phases   ] GC(51)   Evacuate Collection Set: 117.3ms
[2025-06-05T16:39:21.754+0000][108.193s][info ][gc,phases   ] GC(51)   Post Evacuate Collection Set: 19.7ms
[2025-06-05T16:39:21.754+0000][108.193s][info ][gc,phases   ] GC(51)   Other: 0.5ms
[2025-06-05T16:39:21.754+0000][108.193s][info ][gc,heap     ] GC(51) Eden regions: 134->0(293)
[2025-06-05T16:39:21.754+0000][108.193s][info ][gc,heap     ] GC(51) Survivor regions: 27->18(39)
[2025-06-05T16:39:21.754+0000][108.193s][info ][gc,heap     ] GC(51) Old regions: 83->94
[2025-06-05T16:39:21.754+0000][108.193s][info ][gc,heap     ] GC(51) Archive regions: 2->2
[2025-06-05T16:39:21.755+0000][108.193s][info ][gc,heap     ] GC(51) Humongous regions: 0->0
[2025-06-05T16:39:21.755+0000][108.193s][info ][gc,metaspace] GC(51) Metaspace: 127451K(128448K)->127451K(128448K) NonClass: 111231K(111744K)->111231K(111744K) Class: 16220K(16704K)->16220K(16704K)
[2025-06-05T16:39:21.755+0000][108.193s][info ][gc          ] GC(51) Pause Young (Concurrent Start) (Metadata GC Threshold) 243M->112M(519M) 139.802ms
[2025-06-05T16:39:21.755+0000][108.194s][info ][gc,cpu      ] GC(51) User=0.28s Sys=0.00s Real=0.14s
[2025-06-05T16:39:21.755+0000][108.194s][info ][gc          ] GC(52) Concurrent Mark Cycle
[2025-06-05T16:39:21.756+0000][108.194s][info ][safepoint   ] Safepoint "CollectForMetadataAllocation", Time since last: 108998375 ns, Reaching safepoint: 116333 ns, Cleanup: 80834 ns, At safepoint: 140714416 ns, Total: 140911583 ns
[2025-06-05T16:39:21.761+0000][108.200s][info ][gc,marking  ] GC(52) Concurrent Clear Claimed Marks
[2025-06-05T16:39:21.765+0000][108.204s][info ][gc,marking  ] GC(52) Concurrent Clear Claimed Marks 4.147ms
[2025-06-05T16:39:21.766+0000][108.205s][info ][gc,marking  ] GC(52) Concurrent Scan Root Regions
[2025-06-05T16:39:21.917+0000][108.356s][info ][gc,marking  ] GC(52) Concurrent Scan Root Regions 150.865ms
[2025-06-05T16:39:21.926+0000][108.365s][info ][gc,marking  ] GC(52) Concurrent Mark
[2025-06-05T16:39:21.932+0000][108.371s][info ][gc,marking  ] GC(52) Concurrent Mark From Roots
[2025-06-05T16:39:21.938+0000][108.376s][info ][gc,task     ] GC(52) Using 1 workers of 1 for marking
[2025-06-05T16:39:22.115+0000][108.554s][debug][safepoint   ] Safepoint synchronization initiated using futex wait barrier. (52 threads)
[2025-06-05T16:39:22.116+0000][108.554s][info ][safepoint   ] Safepoint "CollectForMetadataAllocation", Time since last: 359208001 ns, Reaching safepoint: 856958 ns, Cleanup: 21750 ns, At safepoint: 35167 ns, Total: 913875 ns
[2025-06-05T16:39:22.144+0000][108.583s][debug][safepoint   ] Safepoint synchronization initiated using futex wait barrier. (52 threads)
[2025-06-05T16:39:22.144+0000][108.583s][info ][safepoint   ] Safepoint "CollectForMetadataAllocation", Time since last: 28490666 ns, Reaching safepoint: 143042 ns, Cleanup: 3375 ns, At safepoint: 26708 ns, Total: 173125 ns
[2025-06-05T16:39:22.187+0000][108.626s][debug][safepoint   ] Safepoint synchronization initiated using futex wait barrier. (52 threads)
[2025-06-05T16:39:22.187+0000][108.626s][info ][safepoint   ] Safepoint "CollectForMetadataAllocation", Time since last: 42456209 ns, Reaching safepoint: 208291 ns, Cleanup: 5542 ns, At safepoint: 22667 ns, Total: 236500 ns
[2025-06-05T16:39:22.190+0000][108.628s][debug][safepoint   ] Safepoint synchronization initiated using futex wait barrier. (52 threads)
[2025-06-05T16:39:22.190+0000][108.628s][info ][safepoint   ] Safepoint "CollectForMetadataAllocation", Time since last: 2489166 ns, Reaching safepoint: 129792 ns, Cleanup: 3500 ns, At safepoint: 15667 ns, Total: 148959 ns
[2025-06-05T16:39:22.205+0000][108.644s][info ][gc,marking  ] GC(52) Concurrent Mark From Roots 272.451ms
[2025-06-05T16:39:22.208+0000][108.646s][info ][gc,marking  ] GC(52) Concurrent Preclean
[2025-06-05T16:39:22.208+0000][108.647s][info ][gc,marking  ] GC(52) Concurrent Preclean 0.354ms
[2025-06-05T16:39:22.208+0000][108.647s][debug][safepoint   ] Safepoint synchronization initiated using futex wait barrier. (52 threads)
[2025-06-05T16:39:22.208+0000][108.647s][info ][gc,start    ] GC(52) Pause Remark
[2025-06-05T16:39:22.225+0000][108.663s][info ][gc          ] GC(52) Pause Remark 143M->143M(487M) 16.228ms
[2025-06-05T16:39:22.225+0000][108.664s][info ][gc,cpu      ] GC(52) User=0.02s Sys=0.00s Real=0.01s
[2025-06-05T16:39:22.225+0000][108.664s][info ][safepoint   ] Safepoint "G1PauseRemark", Time since last: 18571791 ns, Reaching safepoint: 115959 ns, Cleanup: 2750 ns, At safepoint: 16429625 ns, Total: 16548334 ns
[2025-06-05T16:39:22.225+0000][108.664s][info ][gc,marking  ] GC(52) Concurrent Mark 299.065ms
[2025-06-05T16:39:22.225+0000][108.664s][info ][gc,marking  ] GC(52) Concurrent Rebuild Remembered Sets
[2025-06-05T16:39:22.225+0000][108.664s][debug][safepoint   ] Safepoint synchronization initiated using futex wait barrier. (52 threads)
[2025-06-05T16:39:22.225+0000][108.664s][info ][safepoint   ] Safepoint "CollectForMetadataAllocation", Time since last: 124750 ns, Reaching safepoint: 151458 ns, Cleanup: 3458 ns, At safepoint: 10000 ns, Total: 164916 ns
[2025-06-05T16:39:22.305+0000][108.744s][info ][gc,marking  ] GC(52) Concurrent Rebuild Remembered Sets 79.804ms
[2025-06-05T16:39:22.305+0000][108.744s][debug][safepoint   ] Safepoint synchronization initiated using futex wait barrier. (52 threads)
[2025-06-05T16:39:22.307+0000][108.745s][info ][gc,start    ] GC(52) Pause Cleanup
[2025-06-05T16:39:22.307+0000][108.745s][info ][gc          ] GC(52) Pause Cleanup 159M->159M(487M) 0.168ms
[2025-06-05T16:39:22.307+0000][108.746s][info ][gc,cpu      ] GC(52) User=0.00s Sys=0.00s Real=0.00s
[2025-06-05T16:39:22.307+0000][108.746s][info ][safepoint   ] Safepoint "G1PauseCleanup", Time since last: 80290167 ns, Reaching safepoint: 1151375 ns, Cleanup: 6542 ns, At safepoint: 312083 ns, Total: 1470000 ns
[2025-06-05T16:39:22.308+0000][108.746s][info ][gc,marking  ] GC(52) Concurrent Cleanup for Next Mark
[2025-06-05T16:39:22.343+0000][108.782s][info ][gc,marking  ] GC(52) Concurrent Cleanup for Next Mark 35.198ms
[2025-06-05T16:39:22.345+0000][108.783s][info ][gc          ] GC(52) Concurrent Mark Cycle 589.186ms
[2025-06-05T16:39:22.686+0000][109.124s][debug][safepoint   ] Safepoint synchronization initiated using futex wait barrier. (52 threads)
[2025-06-05T16:39:22.686+0000][109.125s][info ][safepoint   ] Safepoint "ICBufferFull", Time since last: 378805334 ns, Reaching safepoint: 193041 ns, Cleanup: 141750 ns, At safepoint: 5625 ns, Total: 340416 ns
[2025-06-05T16:39:23.514+0000][109.953s][debug][safepoint   ] Safepoint synchronization initiated using futex wait barrier. (52 threads)
[2025-06-05T16:39:23.514+0000][109.953s][info ][gc,start    ] GC(53) Pause Young (Prepare Mixed) (G1 Evacuation Pause)
[2025-06-05T16:39:23.515+0000][109.953s][info ][gc,task     ] GC(53) Using 2 workers of 2 for evacuation
[2025-06-05T16:39:23.638+0000][110.077s][info ][gc,phases   ] GC(53)   Pre Evacuate Collection Set: 0.6ms
[2025-06-05T16:39:23.638+0000][110.077s][info ][gc,phases   ] GC(53)   Merge Heap Roots: 0.8ms
[2025-06-05T16:39:23.638+0000][110.077s][info ][gc,phases   ] GC(53)   Evacuate Collection Set: 111.2ms
[2025-06-05T16:39:23.638+0000][110.077s][info ][gc,phases   ] GC(53)   Post Evacuate Collection Set: 10.5ms
[2025-06-05T16:39:23.638+0000][110.077s][info ][gc,phases   ] GC(53)   Other: 0.4ms
[2025-06-05T16:39:23.638+0000][110.077s][info ][gc,heap     ] GC(53) Eden regions: 274->0(1)
[2025-06-05T16:39:23.638+0000][110.077s][info ][gc,heap     ] GC(53) Survivor regions: 18->24(37)
[2025-06-05T16:39:23.638+0000][110.077s][info ][gc,heap     ] GC(53) Old regions: 94->94
[2025-06-05T16:39:23.638+0000][110.077s][info ][gc,heap     ] GC(53) Archive regions: 2->2
[2025-06-05T16:39:23.638+0000][110.077s][info ][gc,heap     ] GC(53) Humongous regions: 1->0
[2025-06-05T16:39:23.638+0000][110.077s][info ][gc,metaspace] GC(53) Metaspace: 133792K(134848K)->133792K(134848K) NonClass: 117097K(117632K)->117097K(117632K) Class: 16695K(17216K)->16695K(17216K)
[2025-06-05T16:39:23.638+0000][110.077s][info ][gc          ] GC(53) Pause Young (Prepare Mixed) (G1 Evacuation Pause) 387M->118M(487M) 123.974ms
[2025-06-05T16:39:23.639+0000][110.077s][info ][gc,cpu      ] GC(53) User=0.24s Sys=0.00s Real=0.13s
[2025-06-05T16:39:23.639+0000][110.077s][info ][safepoint   ] Safepoint "G1CollectForAllocation", Time since last: 828026751 ns, Reaching safepoint: 203083 ns, Cleanup: 82333 ns, At safepoint: 124323959 ns, Total: 124609375 ns
[2025-06-05T16:39:23.646+0000][110.084s][debug][safepoint   ] Safepoint synchronization initiated using futex wait barrier. (52 threads)
[2025-06-05T16:39:23.646+0000][110.085s][info ][gc,start    ] GC(54) Pause Young (Mixed) (G1 Evacuation Pause)
[2025-06-05T16:39:23.646+0000][110.085s][info ][gc,task     ] GC(54) Using 2 workers of 2 for evacuation
[2025-06-05T16:39:23.737+0000][110.176s][info ][gc,phases   ] GC(54)   Pre Evacuate Collection Set: 0.1ms
[2025-06-05T16:39:23.737+0000][110.176s][info ][gc,phases   ] GC(54)   Merge Heap Roots: 0.1ms
[2025-06-05T16:39:23.738+0000][110.176s][info ][gc,phases   ] GC(54)   Evacuate Collection Set: 89.5ms
[2025-06-05T16:39:23.738+0000][110.176s][info ][gc,phases   ] GC(54)   Post Evacuate Collection Set: 1.5ms
[2025-06-05T16:39:23.738+0000][110.176s][info ][gc,phases   ] GC(54)   Other: 0.3ms
[2025-06-05T16:39:23.738+0000][110.176s][info ][gc,heap     ] GC(54) Eden regions: 1->0(291)
[2025-06-05T16:39:23.738+0000][110.176s][info ][gc,heap     ] GC(54) Survivor regions: 24->1(4)
[2025-06-05T16:39:23.738+0000][110.177s][info ][gc,heap     ] GC(54) Old regions: 94->116
[2025-06-05T16:39:23.738+0000][110.177s][info ][gc,heap     ] GC(54) Archive regions: 2->2
[2025-06-05T16:39:23.738+0000][110.177s][info ][gc,heap     ] GC(54) Humongous regions: 0->0
[2025-06-05T16:39:23.738+0000][110.177s][info ][gc,metaspace] GC(54) Metaspace: 133844K(134912K)->133844K(134912K) NonClass: 117146K(117696K)->117146K(117696K) Class: 16698K(17216K)->16698K(17216K)
[2025-06-05T16:39:23.738+0000][110.177s][info ][gc          ] GC(54) Pause Young (Mixed) (G1 Evacuation Pause) 119M->117M(487M) 92.048ms
[2025-06-05T16:39:23.738+0000][110.177s][info ][gc,cpu      ] GC(54) User=0.18s Sys=0.00s Real=0.10s
[2025-06-05T16:39:23.738+0000][110.177s][info ][safepoint   ] Safepoint "G1CollectForAllocation", Time since last: 7074083 ns, Reaching safepoint: 106458 ns, Cleanup: 3125 ns, At safepoint: 92264750 ns, Total: 92374333 ns
[2025-06-05T16:39:24.741+0000][111.179s][debug][safepoint   ] Safepoint synchronization initiated using futex wait barrier. (52 threads)
[2025-06-05T16:39:24.745+0000][111.184s][info ][safepoint   ] Safepoint "Cleanup", Time since last: 1002492043 ns, Reaching safepoint: 4071208 ns, Cleanup: 73542 ns, At safepoint: 7083 ns, Total: 4151833 ns
[2025-06-05T16:39:25.751+0000][112.190s][debug][safepoint   ] Safepoint synchronization initiated using futex wait barrier. (52 threads)
[2025-06-05T16:39:25.753+0000][112.192s][info ][safepoint   ] Safepoint "Cleanup", Time since last: 1006597417 ns, Reaching safepoint: 1302833 ns, Cleanup: 181250 ns, At safepoint: 6750 ns, Total: 1490833 ns
[2025-06-05T16:39:28.393+0000][114.831s][debug][safepoint   ] Safepoint synchronization initiated using futex wait barrier. (52 threads)
[2025-06-05T16:39:28.405+0000][114.844s][debug][safepoint   ] ... found polling page loop exception at pc = 0x0000ffff89580808, stub =0x0000ffff8897ef00
[2025-06-05T16:39:28.418+0000][114.857s][info ][safepoint   ] Safepoint "Cleanup", Time since last: 2639442293 ns, Reaching safepoint: 20405334 ns, Cleanup: 5692083 ns, At safepoint: 82000 ns, Total: 26179417 ns
[2025-06-05T16:39:29.425+0000][115.864s][debug][safepoint   ] Safepoint synchronization initiated using futex wait barrier. (55 threads)
[2025-06-05T16:39:29.430+0000][115.869s][info ][safepoint   ] Safepoint "Cleanup", Time since last: 1006466459 ns, Reaching safepoint: 4730666 ns, Cleanup: 90417 ns, At safepoint: 8375 ns, Total: 4829458 ns
[2025-06-05T16:39:30.433+0000][116.871s][debug][safepoint   ] Safepoint synchronization initiated using futex wait barrier. (55 threads)
[2025-06-05T16:39:30.435+0000][116.873s][debug][safepoint   ] ... found polling page loop exception at pc = 0x0000ffff88fefc64, stub =0x0000ffff8897ef00
[2025-06-05T16:39:30.436+0000][116.875s][info ][safepoint   ] Safepoint "Cleanup", Time since last: 1002793626 ns, Reaching safepoint: 3203666 ns, Cleanup: 364834 ns, At safepoint: 7625 ns, Total: 3576125 ns
[2025-06-05T16:39:31.446+0000][117.885s][debug][safepoint   ] Safepoint synchronization initiated using futex wait barrier. (56 threads)
[2025-06-05T16:39:31.451+0000][117.890s][info ][safepoint   ] Safepoint "Cleanup", Time since last: 1007902125 ns, Reaching safepoint: 6882167 ns, Cleanup: 395875 ns, At safepoint: 46625 ns, Total: 7324667 ns
[2025-06-05T16:39:31.453+0000][117.891s][debug][safepoint   ] Safepoint synchronization initiated using futex wait barrier. (56 threads)
[2025-06-05T16:39:31.455+0000][117.893s][info ][gc,start    ] GC(55) Pause Young (Concurrent Start) (G1 Evacuation Pause)
[2025-06-05T16:39:31.455+0000][117.894s][info ][gc,task     ] GC(55) Using 2 workers of 2 for evacuation
[2025-06-05T16:39:32.137+0000][118.542s][info ][gc,mmu      ] GC(55) MMU target violated: 501.0ms (500.0ms/501.0ms)
[2025-06-05T16:39:32.137+0000][118.542s][info ][gc,phases   ] GC(55)   Pre Evacuate Collection Set: 16.4ms
[2025-06-05T16:39:32.137+0000][118.542s][info ][gc,phases   ] GC(55)   Merge Heap Roots: 4.1ms
[2025-06-05T16:39:32.137+0000][118.542s][info ][gc,phases   ] GC(55)   Evacuate Collection Set: 576.0ms
[2025-06-05T16:39:32.137+0000][118.542s][info ][gc,phases   ] GC(55)   Post Evacuate Collection Set: 49.0ms
[2025-06-05T16:39:32.138+0000][118.543s][info ][gc,phases   ] GC(55)   Other: 4.0ms
[2025-06-05T16:39:32.138+0000][118.543s][info ][gc,heap     ] GC(55) Eden regions: 291->0(133)
[2025-06-05T16:39:32.138+0000][118.543s][info ][gc,heap     ] GC(55) Survivor regions: 1->8(37)
[2025-06-05T16:39:32.138+0000][118.543s][info ][gc,heap     ] GC(55) Old regions: 116->116
[2025-06-05T16:39:32.138+0000][118.543s][info ][gc,heap     ] GC(55) Archive regions: 2->2
[2025-06-05T16:39:32.138+0000][118.543s][info ][gc,heap     ] GC(55) Humongous regions: 0->0
[2025-06-05T16:39:32.138+0000][118.543s][info ][gc,metaspace] GC(55) Metaspace: 139524K(140608K)->139524K(140608K) NonClass: 122313K(122880K)->122313K(122880K) Class: 17210K(17728K)->17210K(17728K)
[2025-06-05T16:39:32.138+0000][118.543s][info ][gc          ] GC(55) Pause Young (Concurrent Start) (G1 Evacuation Pause) 408M->124M(487M) 649.604ms
[2025-06-05T16:39:32.138+0000][118.543s][info ][gc,cpu      ] GC(55) User=1.21s Sys=0.03s Real=0.65s
[2025-06-05T16:39:32.138+0000][118.543s][info ][gc          ] GC(56) Concurrent Mark Cycle
[2025-06-05T16:39:32.143+0000][118.548s][info ][gc,marking  ] GC(56) Concurrent Clear Claimed Marks
[2025-06-05T16:39:32.142+0000][118.547s][info ][safepoint   ] Safepoint "G1CollectForAllocation", Time since last: 1344291 ns, Reaching safepoint: 377709 ns, Cleanup: 4250 ns, At safepoint: 655265625 ns, Total: 655647584 ns
[2025-06-05T16:39:32.152+0000][118.557s][info ][gc,marking  ] GC(56) Concurrent Clear Claimed Marks 9.375ms
[2025-06-05T16:39:32.152+0000][118.557s][info ][gc,marking  ] GC(56) Concurrent Scan Root Regions
[2025-06-05T16:39:32.339+0000][118.744s][info ][gc,marking  ] GC(56) Concurrent Scan Root Regions 186.536ms
[2025-06-05T16:39:32.343+0000][118.748s][info ][gc,marking  ] GC(56) Concurrent Mark
[2025-06-05T16:39:32.343+0000][118.748s][info ][gc,marking  ] GC(56) Concurrent Mark From Roots
[2025-06-05T16:39:32.344+0000][118.749s][info ][gc,task     ] GC(56) Using 1 workers of 1 for marking
[2025-06-05T16:39:33.147+0000][119.552s][debug][safepoint   ] Safepoint synchronization initiated using futex wait barrier. (56 threads)
[2025-06-05T16:39:33.149+0000][119.553s][info ][safepoint   ] Safepoint "Cleanup", Time since last: 1004342459 ns, Reaching safepoint: 1939666 ns, Cleanup: 91167 ns, At safepoint: 12625 ns, Total: 2043458 ns
[2025-06-05T16:39:34.060+0000][120.465s][info ][gc,marking  ] GC(56) Concurrent Mark From Roots 1716.276ms
[2025-06-05T16:39:34.061+0000][120.466s][info ][gc,marking  ] GC(56) Concurrent Preclean
[2025-06-05T16:39:34.064+0000][120.469s][info ][gc,marking  ] GC(56) Concurrent Preclean 3.099ms
[2025-06-05T16:39:34.067+0000][120.472s][debug][safepoint   ] Safepoint synchronization initiated using futex wait barrier. (56 threads)
[2025-06-05T16:39:34.069+0000][120.474s][info ][gc,start    ] GC(56) Pause Remark
[2025-06-05T16:39:34.252+0000][120.657s][info ][gc          ] GC(56) Pause Remark 155M->155M(487M) 183.333ms
[2025-06-05T16:39:34.253+0000][120.658s][info ][gc,cpu      ] GC(56) User=0.34s Sys=0.00s Real=0.19s
[2025-06-05T16:39:34.254+0000][120.659s][info ][safepoint   ] Safepoint "G1PauseRemark", Time since last: 918018501 ns, Reaching safepoint: 1846333 ns, Cleanup: 137042 ns, At safepoint: 185519375 ns, Total: 187502750 ns
[2025-06-05T16:39:34.256+0000][120.661s][info ][gc,marking  ] GC(56) Concurrent Mark 1912.745ms
[2025-06-05T16:39:34.258+0000][120.663s][info ][gc,marking  ] GC(56) Concurrent Rebuild Remembered Sets
[2025-06-05T16:39:34.557+0000][120.962s][info ][gc,marking  ] GC(56) Concurrent Rebuild Remembered Sets 298.830ms
[2025-06-05T16:39:34.557+0000][120.962s][debug][safepoint   ] Safepoint synchronization initiated using futex wait barrier. (56 threads)
[2025-06-05T16:39:34.561+0000][120.966s][info ][gc,start    ] GC(56) Pause Cleanup
[2025-06-05T16:39:34.561+0000][120.966s][info ][gc          ] GC(56) Pause Cleanup 165M->165M(487M) 0.355ms
[2025-06-05T16:39:34.561+0000][120.966s][info ][gc,cpu      ] GC(56) User=0.00s Sys=0.00s Real=0.00s
[2025-06-05T16:39:34.561+0000][120.966s][info ][safepoint   ] Safepoint "G1PauseCleanup", Time since last: 303439958 ns, Reaching safepoint: 3079458 ns, Cleanup: 59500 ns, At safepoint: 512167 ns, Total: 3651125 ns
[2025-06-05T16:39:34.567+0000][120.972s][info ][gc,marking  ] GC(56) Concurrent Cleanup for Next Mark
[2025-06-05T16:39:34.634+0000][121.039s][info ][gc,marking  ] GC(56) Concurrent Cleanup for Next Mark 66.320ms
[2025-06-05T16:39:34.634+0000][121.039s][info ][gc          ] GC(56) Concurrent Mark Cycle 2495.665ms
[2025-06-05T16:39:35.734+0000][122.139s][debug][safepoint   ] Safepoint synchronization initiated using futex wait barrier. (62 threads)
[2025-06-05T16:39:35.742+0000][122.147s][debug][safepoint   ] ... found polling page loop exception at pc = 0x0000ffff89043b7c, stub =0x0000ffff8897ef00
[2025-06-05T16:39:35.751+0000][122.156s][info ][safepoint   ] Safepoint "Cleanup", Time since last: 1172678751 ns, Reaching safepoint: 14864916 ns, Cleanup: 1904875 ns, At safepoint: 35750 ns, Total: 16805541 ns
[2025-06-05T16:39:36.759+0000][123.164s][debug][safepoint   ] Safepoint synchronization initiated using futex wait barrier. (62 threads)
[2025-06-05T16:39:36.766+0000][123.171s][info ][safepoint   ] Safepoint "Cleanup", Time since last: 1008812376 ns, Reaching safepoint: 6199333 ns, Cleanup: 121083 ns, At safepoint: 17750 ns, Total: 6338166 ns
[2025-06-05T16:39:36.813+0000][123.218s][info ][cds,heap    ] initialize_from_archived_subgraph jdk.internal.math.FDBigInteger 0x000000380014c8e8
[2025-06-05T16:39:36.927+0000][123.332s][debug][safepoint   ] Safepoint synchronization initiated using futex wait barrier. (62 threads)
[2025-06-05T16:39:36.928+0000][123.333s][info ][gc,start    ] GC(57) Pause Young (Prepare Mixed) (G1 Evacuation Pause)
[2025-06-05T16:39:36.928+0000][123.333s][info ][gc,task     ] GC(57) Using 2 workers of 2 for evacuation
[2025-06-05T16:39:36.996+0000][123.401s][info ][gc,phases   ] GC(57)   Pre Evacuate Collection Set: 0.9ms
[2025-06-05T16:39:36.997+0000][123.402s][info ][gc,phases   ] GC(57)   Merge Heap Roots: 1.3ms
[2025-06-05T16:39:36.997+0000][123.402s][info ][gc,phases   ] GC(57)   Evacuate Collection Set: 60.0ms
[2025-06-05T16:39:36.997+0000][123.402s][info ][gc,phases   ] GC(57)   Post Evacuate Collection Set: 6.0ms
[2025-06-05T16:39:36.997+0000][123.402s][info ][gc,phases   ] GC(57)   Other: 0.9ms
[2025-06-05T16:39:36.997+0000][123.402s][info ][gc,heap     ] GC(57) Eden regions: 133->0(13)
[2025-06-05T16:39:36.997+0000][123.402s][info ][gc,heap     ] GC(57) Survivor regions: 8->11(18)
[2025-06-05T16:39:36.997+0000][123.402s][info ][gc,heap     ] GC(57) Old regions: 116->116
[2025-06-05T16:39:36.997+0000][123.402s][info ][gc,heap     ] GC(57) Archive regions: 2->2
[2025-06-05T16:39:36.997+0000][123.402s][info ][gc,heap     ] GC(57) Humongous regions: 0->0
[2025-06-05T16:39:36.997+0000][123.402s][info ][gc,metaspace] GC(57) Metaspace: 144978K(146048K)->144978K(146048K) NonClass: 127166K(127680K)->127166K(127680K) Class: 17812K(18368K)->17812K(18368K)
[2025-06-05T16:39:36.997+0000][123.402s][info ][gc          ] GC(57) Pause Young (Prepare Mixed) (G1 Evacuation Pause) 257M->126M(487M) 69.544ms
[2025-06-05T16:39:36.997+0000][123.402s][info ][gc,cpu      ] GC(57) User=0.14s Sys=0.00s Real=0.07s
[2025-06-05T16:39:36.997+0000][123.402s][info ][safepoint   ] Safepoint "G1CollectForAllocation", Time since last: 161523417 ns, Reaching safepoint: 122667 ns, Cleanup: 14708 ns, At safepoint: 70004209 ns, Total: 70141584 ns
[2025-06-05T16:39:37.184+0000][123.589s][debug][safepoint   ] Safepoint synchronization initiated using futex wait barrier. (62 threads)
[2025-06-05T16:39:37.185+0000][123.590s][info ][gc,start    ] GC(58) Pause Young (Mixed) (G1 Evacuation Pause)
[2025-06-05T16:39:37.185+0000][123.590s][info ][gc,task     ] GC(58) Using 2 workers of 2 for evacuation
[2025-06-05T16:39:37.274+0000][123.679s][info ][gc,phases   ] GC(58)   Pre Evacuate Collection Set: 0.3ms
[2025-06-05T16:39:37.274+0000][123.679s][info ][gc,phases   ] GC(58)   Merge Heap Roots: 0.4ms
[2025-06-05T16:39:37.275+0000][123.679s][info ][gc,phases   ] GC(58)   Evacuate Collection Set: 86.3ms
[2025-06-05T16:39:37.275+0000][123.680s][info ][gc,phases   ] GC(58)   Post Evacuate Collection Set: 2.2ms
[2025-06-05T16:39:37.275+0000][123.680s][info ][gc,phases   ] GC(58)   Other: 0.4ms
[2025-06-05T16:39:37.275+0000][123.680s][info ][gc,heap     ] GC(58) Eden regions: 13->0(291)
[2025-06-05T16:39:37.275+0000][123.680s][info ][gc,heap     ] GC(58) Survivor regions: 11->1(3)
[2025-06-05T16:39:37.275+0000][123.680s][info ][gc,heap     ] GC(58) Old regions: 116->124
[2025-06-05T16:39:37.275+0000][123.680s][info ][gc,heap     ] GC(58) Archive regions: 2->2
[2025-06-05T16:39:37.275+0000][123.680s][info ][gc,heap     ] GC(58) Humongous regions: 0->0
[2025-06-05T16:39:37.275+0000][123.680s][info ][gc,metaspace] GC(58) Metaspace: 145792K(146880K)->145792K(146880K) NonClass: 127895K(128448K)->127895K(128448K) Class: 17897K(18432K)->17897K(18432K)
[2025-06-05T16:39:37.275+0000][123.680s][info ][gc          ] GC(58) Pause Young (Mixed) (G1 Evacuation Pause) 139M->125M(487M) 90.073ms
[2025-06-05T16:39:37.275+0000][123.680s][info ][gc,cpu      ] GC(58) User=0.14s Sys=0.00s Real=0.09s
[2025-06-05T16:39:37.275+0000][123.680s][info ][safepoint   ] Safepoint "G1CollectForAllocation", Time since last: 186981541 ns, Reaching safepoint: 254084 ns, Cleanup: 78000 ns, At safepoint: 90284625 ns, Total: 90616709 ns
[2025-06-05T16:39:37.826+0000][124.231s][debug][safepoint   ] Safepoint synchronization initiated using futex wait barrier. (72 threads)
[2025-06-05T16:39:37.826+0000][124.231s][info ][safepoint   ] Safepoint "ICBufferFull", Time since last: 550754708 ns, Reaching safepoint: 208250 ns, Cleanup: 130584 ns, At safepoint: 2875 ns, Total: 341709 ns
[2025-06-05T16:39:39.091+0000][125.496s][debug][safepoint   ] Safepoint synchronization initiated using futex wait barrier. (72 threads)
[2025-06-05T16:39:39.096+0000][125.501s][info ][safepoint   ] Safepoint "Cleanup", Time since last: 1265259625 ns, Reaching safepoint: 4078125 ns, Cleanup: 176667 ns, At safepoint: 7292 ns, Total: 4262084 ns
[2025-06-05T16:39:40.102+0000][126.507s][debug][safepoint   ] Safepoint synchronization initiated using futex wait barrier. (72 threads)
[2025-06-05T16:39:40.120+0000][126.525s][debug][safepoint   ] ... found polling page loop exception at pc = 0x0000ffff89300fc4, stub =0x0000ffff8897ef00
[2025-06-05T16:39:40.120+0000][126.525s][info ][safepoint   ] Safepoint "Cleanup", Time since last: 1006255708 ns, Reaching safepoint: 18493042 ns, Cleanup: 78750 ns, At safepoint: 12250 ns, Total: 18584042 ns
[2025-06-05T16:39:41.238+0000][127.643s][debug][safepoint   ] Safepoint synchronization initiated using futex wait barrier. (72 threads)
[2025-06-05T16:39:41.242+0000][127.647s][info ][safepoint   ] Safepoint "Cleanup", Time since last: 1117592001 ns, Reaching safepoint: 3632541 ns, Cleanup: 49042 ns, At safepoint: 18833 ns, Total: 3700416 ns
[2025-06-05T16:39:41.450+0000][127.855s][debug][safepoint   ] Safepoint synchronization initiated using futex wait barrier. (72 threads)
[2025-06-05T16:39:41.452+0000][127.857s][info ][safepoint   ] Safepoint "ICBufferFull", Time since last: 208662125 ns, Reaching safepoint: 1131417 ns, Cleanup: 62583 ns, At safepoint: 5959 ns, Total: 1199959 ns
[2025-06-05T16:39:41.496+0000][127.901s][debug][safepoint   ] Safepoint synchronization initiated using futex wait barrier. (72 threads)
[2025-06-05T16:39:41.497+0000][127.902s][info ][gc,start    ] GC(59) Pause Young (Normal) (G1 Evacuation Pause)
[2025-06-05T16:39:41.497+0000][127.902s][info ][gc,task     ] GC(59) Using 2 workers of 2 for evacuation
[2025-06-05T16:39:41.588+0000][127.993s][info ][gc,phases   ] GC(59)   Pre Evacuate Collection Set: 0.8ms
[2025-06-05T16:39:41.588+0000][127.993s][info ][gc,phases   ] GC(59)   Merge Heap Roots: 0.6ms
[2025-06-05T16:39:41.588+0000][127.993s][info ][gc,phases   ] GC(59)   Evacuate Collection Set: 79.5ms
[2025-06-05T16:39:41.588+0000][127.993s][info ][gc,phases   ] GC(59)   Post Evacuate Collection Set: 9.1ms
[2025-06-05T16:39:41.588+0000][127.993s][info ][gc,phases   ] GC(59)   Other: 1.1ms
[2025-06-05T16:39:41.588+0000][127.993s][info ][gc,heap     ] GC(59) Eden regions: 291->0(284)
[2025-06-05T16:39:41.588+0000][127.993s][info ][gc,heap     ] GC(59) Survivor regions: 1->8(37)
[2025-06-05T16:39:41.588+0000][127.993s][info ][gc,heap     ] GC(59) Old regions: 124->124
[2025-06-05T16:39:41.588+0000][127.993s][info ][gc,heap     ] GC(59) Archive regions: 2->2
[2025-06-05T16:39:41.588+0000][127.993s][info ][gc,heap     ] GC(59) Humongous regions: 0->0
[2025-06-05T16:39:41.588+0000][127.993s][info ][gc,metaspace] GC(59) Metaspace: 149939K(151040K)->149939K(151040K) NonClass: 131512K(132096K)->131512K(132096K) Class: 18427K(18944K)->18427K(18944K)
[2025-06-05T16:39:41.588+0000][127.993s][info ][gc          ] GC(59) Pause Young (Normal) (G1 Evacuation Pause) 416M->132M(487M) 91.193ms
[2025-06-05T16:39:41.588+0000][127.993s][info ][gc,cpu      ] GC(59) User=0.16s Sys=0.00s Real=0.09s
[2025-06-05T16:39:41.588+0000][127.993s][info ][safepoint   ] Safepoint "G1CollectForAllocation", Time since last: 44647166 ns, Reaching safepoint: 150042 ns, Cleanup: 29333 ns, At safepoint: 91940209 ns, Total: 92119584 ns
[2025-06-05T16:39:42.325+0000][128.730s][debug][safepoint   ] Safepoint synchronization initiated using futex wait barrier. (72 threads)
[2025-06-05T16:39:42.326+0000][128.731s][info ][safepoint   ] Safepoint "ICBufferFull", Time since last: 736987000 ns, Reaching safepoint: 362125 ns, Cleanup: 148417 ns, At safepoint: 4000 ns, Total: 514542 ns
[2025-06-05T16:39:43.329+0000][129.734s][debug][safepoint   ] Safepoint synchronization initiated using futex wait barrier. (72 threads)
[2025-06-05T16:39:43.336+0000][129.741s][info ][safepoint   ] Safepoint "Cleanup", Time since last: 1002758542 ns, Reaching safepoint: 6763667 ns, Cleanup: 149125 ns, At safepoint: 14250 ns, Total: 6927042 ns
[2025-06-05T16:39:43.990+0000][130.395s][debug][safepoint   ] ... found polling page loop exception at pc = 0x0000ffff89043b7c, stub =0x0000ffff8897ef00
[2025-06-05T16:39:44.996+0000][131.401s][debug][safepoint   ] Safepoint synchronization initiated using futex wait barrier. (72 threads)
[2025-06-05T16:39:45.001+0000][131.406s][debug][safepoint   ] ... found polling page loop exception at pc = 0x0000ffff89188248, stub =0x0000ffff8897ef00
[2025-06-05T16:39:45.017+0000][131.422s][info ][safepoint   ] Safepoint "Cleanup", Time since last: 1660212417 ns, Reaching safepoint: 6574292 ns, Cleanup: 14015083 ns, At safepoint: 159375 ns, Total: 20748750 ns
[2025-06-05T16:39:46.022+0000][132.427s][debug][safepoint   ] Safepoint synchronization initiated using futex wait barrier. (72 threads)
[2025-06-05T16:39:46.035+0000][132.440s][info ][safepoint   ] Safepoint "Cleanup", Time since last: 1005113751 ns, Reaching safepoint: 13045000 ns, Cleanup: 53666 ns, At safepoint: 7584 ns, Total: 13106250 ns
[2025-06-05T16:39:47.047+0000][133.452s][debug][safepoint   ] Safepoint synchronization initiated using futex wait barrier. (72 threads)
[2025-06-05T16:39:47.049+0000][133.454s][debug][safepoint   ] ... found polling page loop exception at pc = 0x0000ffff89381734, stub =0x0000ffff8897ef00
[2025-06-05T16:39:47.056+0000][133.460s][info ][safepoint   ] Safepoint "Cleanup", Time since last: 1012319042 ns, Reaching safepoint: 8361791 ns, Cleanup: 30209 ns, At safepoint: 42000 ns, Total: 8434000 ns
[2025-06-05T16:39:49.071+0000][135.476s][debug][safepoint   ] Safepoint synchronization initiated using futex wait barrier. (72 threads)
[2025-06-05T16:39:49.172+0000][135.577s][info ][safepoint   ] Safepoint "Cleanup", Time since last: 2015460167 ns, Reaching safepoint: 100693917 ns, Cleanup: 73500 ns, At safepoint: 64125 ns, Total: 100831542 ns
[2025-06-05T16:39:49.492+0000][135.897s][debug][safepoint   ] Safepoint synchronization initiated using futex wait barrier. (72 threads)
[2025-06-05T16:39:49.494+0000][135.899s][info ][gc,start    ] GC(60) Pause Young (Normal) (G1 Evacuation Pause)
[2025-06-05T16:39:49.494+0000][135.899s][info ][gc,task     ] GC(60) Using 2 workers of 2 for evacuation
[2025-06-05T16:39:49.660+0000][136.065s][info ][gc,phases   ] GC(60)   Pre Evacuate Collection Set: 1.7ms
[2025-06-05T16:39:49.660+0000][136.065s][info ][gc,phases   ] GC(60)   Merge Heap Roots: 0.9ms
[2025-06-05T16:39:49.660+0000][136.065s][info ][gc,phases   ] GC(60)   Evacuate Collection Set: 147.3ms
[2025-06-05T16:39:49.660+0000][136.065s][info ][gc,phases   ] GC(60)   Post Evacuate Collection Set: 15.3ms
[2025-06-05T16:39:49.660+0000][136.065s][info ][gc,phases   ] GC(60)   Other: 1.8ms
[2025-06-05T16:39:49.660+0000][136.065s][info ][gc,heap     ] GC(60) Eden regions: 284->0(279)
[2025-06-05T16:39:49.660+0000][136.065s][info ][gc,heap     ] GC(60) Survivor regions: 8->13(37)
[2025-06-05T16:39:49.660+0000][136.065s][info ][gc,heap     ] GC(60) Old regions: 124->124
[2025-06-05T16:39:49.660+0000][136.065s][info ][gc,heap     ] GC(60) Archive regions: 2->2
[2025-06-05T16:39:49.660+0000][136.065s][info ][gc,heap     ] GC(60) Humongous regions: 0->0
[2025-06-05T16:39:49.660+0000][136.065s][info ][gc,metaspace] GC(60) Metaspace: 152108K(153152K)->152108K(153152K) NonClass: 133324K(133888K)->133324K(133888K) Class: 18783K(19264K)->18783K(19264K)
[2025-06-05T16:39:49.660+0000][136.065s][info ][gc          ] GC(60) Pause Young (Normal) (G1 Evacuation Pause) 416M->137M(487M) 166.501ms
[2025-06-05T16:39:49.660+0000][136.065s][info ][gc,cpu      ] GC(60) User=0.33s Sys=0.00s Real=0.16s
[2025-06-05T16:39:49.661+0000][136.066s][info ][safepoint   ] Safepoint "G1CollectForAllocation", Time since last: 320628667 ns, Reaching safepoint: 255542 ns, Cleanup: 15125 ns, At safepoint: 167854083 ns, Total: 168124750 ns
[2025-06-05T16:39:50.355+0000][136.760s][debug][safepoint   ] Safepoint synchronization initiated using futex wait barrier. (72 threads)
[2025-06-05T16:39:50.356+0000][136.761s][info ][safepoint   ] Safepoint "ICBufferFull", Time since last: 694488125 ns, Reaching safepoint: 390042 ns, Cleanup: 145417 ns, At safepoint: 2666 ns, Total: 538125 ns
[2025-06-05T16:39:51.358+0000][137.763s][debug][safepoint   ] Safepoint synchronization initiated using futex wait barrier. (75 threads)
[2025-06-05T16:39:51.369+0000][137.774s][info ][safepoint   ] Safepoint "Cleanup", Time since last: 1002806251 ns, Reaching safepoint: 10269208 ns, Cleanup: 205250 ns, At safepoint: 27958 ns, Total: 10502416 ns
[2025-06-05T16:39:51.640+0000][138.045s][debug][safepoint   ] Safepoint synchronization initiated using futex wait barrier. (75 threads)
[2025-06-05T16:39:51.640+0000][138.045s][info ][gc,start    ] GC(61) Pause Young (Normal) (G1 Evacuation Pause)
[2025-06-05T16:39:51.641+0000][138.045s][info ][gc,task     ] GC(61) Using 2 workers of 2 for evacuation
[2025-06-05T16:39:51.786+0000][138.191s][info ][gc,phases   ] GC(61)   Pre Evacuate Collection Set: 0.5ms
[2025-06-05T16:39:51.786+0000][138.191s][info ][gc,phases   ] GC(61)   Merge Heap Roots: 0.4ms
[2025-06-05T16:39:51.786+0000][138.191s][info ][gc,phases   ] GC(61)   Evacuate Collection Set: 128.1ms
[2025-06-05T16:39:51.786+0000][138.191s][info ][gc,phases   ] GC(61)   Post Evacuate Collection Set: 15.8ms
[2025-06-05T16:39:51.786+0000][138.191s][info ][gc,phases   ] GC(61)   Other: 0.6ms
[2025-06-05T16:39:51.786+0000][138.191s][info ][gc,heap     ] GC(61) Eden regions: 279->0(273)
[2025-06-05T16:39:51.786+0000][138.191s][info ][gc,heap     ] GC(61) Survivor regions: 13->19(37)
[2025-06-05T16:39:51.786+0000][138.191s][info ][gc,heap     ] GC(61) Old regions: 124->124
[2025-06-05T16:39:51.786+0000][138.191s][info ][gc,heap     ] GC(61) Archive regions: 2->2
[2025-06-05T16:39:51.786+0000][138.191s][info ][gc,heap     ] GC(61) Humongous regions: 0->0
[2025-06-05T16:39:51.786+0000][138.191s][info ][gc,metaspace] GC(61) Metaspace: 155452K(156544K)->155452K(156544K) NonClass: 136143K(136704K)->136143K(136704K) Class: 19309K(19840K)->19309K(19840K)
[2025-06-05T16:39:51.787+0000][138.191s][info ][gc          ] GC(61) Pause Young (Normal) (G1 Evacuation Pause) 416M->143M(487M) 146.089ms
[2025-06-05T16:39:51.787+0000][138.192s][info ][gc,cpu      ] GC(61) User=0.28s Sys=0.00s Real=0.15s
[2025-06-05T16:39:51.787+0000][138.192s][info ][safepoint   ] Safepoint "G1CollectForAllocation", Time since last: 271061584 ns, Reaching safepoint: 223708 ns, Cleanup: 49417 ns, At safepoint: 146496000 ns, Total: 146769125 ns
[2025-06-05T16:39:52.821+0000][139.226s][debug][safepoint   ] Safepoint synchronization initiated using futex wait barrier. (89 threads)
[2025-06-05T16:39:52.822+0000][139.227s][info ][safepoint   ] Safepoint "ICBufferFull", Time since last: 1034281084 ns, Reaching safepoint: 406791 ns, Cleanup: 152375 ns, At safepoint: 4167 ns, Total: 563333 ns
[2025-06-05T16:39:53.427+0000][139.832s][debug][safepoint   ] Safepoint synchronization initiated using futex wait barrier. (138 threads)
[2025-06-05T16:39:53.428+0000][139.832s][info ][safepoint   ] Safepoint "ICBufferFull", Time since last: 605232250 ns, Reaching safepoint: 514792 ns, Cleanup: 175333 ns, At safepoint: 27709 ns, Total: 717834 ns
[2025-06-05T16:39:54.202+0000][140.607s][debug][safepoint   ] Safepoint synchronization initiated using futex wait barrier. (160 threads)
[2025-06-05T16:39:54.203+0000][140.608s][info ][safepoint   ] Safepoint "ICBufferFull", Time since last: 774422958 ns, Reaching safepoint: 1382250 ns, Cleanup: 139334 ns, At safepoint: 11916 ns, Total: 1533500 ns
[2025-06-05T16:39:55.038+0000][141.443s][debug][safepoint   ] Safepoint synchronization initiated using futex wait barrier. (161 threads)
[2025-06-05T16:39:55.043+0000][141.448s][info ][safepoint   ] Safepoint "ICBufferFull", Time since last: 834740959 ns, Reaching safepoint: 4525667 ns, Cleanup: 132958 ns, At safepoint: 30375 ns, Total: 4689000 ns
[2025-06-05T16:39:55.234+0000][141.639s][debug][safepoint   ] Safepoint synchronization initiated using futex wait barrier. (161 threads)
[2025-06-05T16:39:55.236+0000][141.641s][info ][gc,start    ] GC(62) Pause Young (Normal) (G1 Evacuation Pause)
[2025-06-05T16:39:55.237+0000][141.642s][info ][gc,task     ] GC(62) Using 2 workers of 2 for evacuation
[2025-06-05T16:39:55.497+0000][141.902s][info ][gc,phases   ] GC(62)   Pre Evacuate Collection Set: 2.6ms
[2025-06-05T16:39:55.498+0000][141.903s][info ][gc,phases   ] GC(62)   Merge Heap Roots: 2.7ms
[2025-06-05T16:39:55.498+0000][141.903s][info ][gc,phases   ] GC(62)   Evacuate Collection Set: 247.9ms
[2025-06-05T16:39:55.498+0000][141.903s][info ][gc,phases   ] GC(62)   Post Evacuate Collection Set: 6.7ms
[2025-06-05T16:39:55.498+0000][141.903s][info ][gc,phases   ] GC(62)   Other: 1.9ms
[2025-06-05T16:39:55.498+0000][141.903s][info ][gc,heap     ] GC(62) Eden regions: 273->0(258)
[2025-06-05T16:39:55.498+0000][141.903s][info ][gc,heap     ] GC(62) Survivor regions: 19->27(37)
[2025-06-05T16:39:55.498+0000][141.903s][info ][gc,heap     ] GC(62) Old regions: 124->124
[2025-06-05T16:39:55.498+0000][141.903s][info ][gc,heap     ] GC(62) Archive regions: 2->2
[2025-06-05T16:39:55.498+0000][141.903s][info ][gc,heap     ] GC(62) Humongous regions: 0->0
[2025-06-05T16:39:55.498+0000][141.903s][info ][gc,metaspace] GC(62) Metaspace: 161357K(162560K)->161357K(162560K) NonClass: 141331K(141952K)->141331K(141952K) Class: 20026K(20608K)->20026K(20608K)
[2025-06-05T16:39:55.498+0000][141.903s][info ][gc          ] GC(62) Pause Young (Normal) (G1 Evacuation Pause) 416M->151M(487M) 261.678ms
[2025-06-05T16:39:55.498+0000][141.903s][info ][gc,cpu      ] GC(62) User=0.50s Sys=0.01s Real=0.26s
[2025-06-05T16:39:55.500+0000][141.905s][info ][safepoint   ] Safepoint "G1CollectForAllocation", Time since last: 191553500 ns, Reaching safepoint: 955417 ns, Cleanup: 93917 ns, At safepoint: 264971041 ns, Total: 266020375 ns
[2025-06-05T16:39:55.748+0000][142.153s][debug][safepoint   ] Safepoint synchronization initiated using futex wait barrier. (161 threads)
[2025-06-05T16:39:55.748+0000][142.153s][info ][safepoint   ] Safepoint "ICBufferFull", Time since last: 247371167 ns, Reaching safepoint: 255584 ns, Cleanup: 105208 ns, At safepoint: 7500 ns, Total: 368292 ns
[2025-06-05T16:39:56.169+0000][142.574s][debug][safepoint   ] Safepoint synchronization initiated using futex wait barrier. (165 threads)
[2025-06-05T16:39:56.169+0000][142.574s][info ][safepoint   ] Safepoint "ICBufferFull", Time since last: 420506042 ns, Reaching safepoint: 376958 ns, Cleanup: 88833 ns, At safepoint: 3917 ns, Total: 469708 ns
[2025-06-05T16:39:57.170+0000][143.575s][debug][safepoint   ] Safepoint synchronization initiated using futex wait barrier. (174 threads)
[2025-06-05T16:39:57.172+0000][143.577s][info ][safepoint   ] Safepoint "Cleanup", Time since last: 1000462959 ns, Reaching safepoint: 1682750 ns, Cleanup: 402208 ns, At safepoint: 246084 ns, Total: 2331042 ns
[2025-06-05T16:39:57.549+0000][143.954s][debug][safepoint   ] Safepoint synchronization initiated using futex wait barrier. (180 threads)
[2025-06-05T16:39:57.550+0000][143.955s][info ][safepoint   ] Safepoint "ICBufferFull", Time since last: 376801041 ns, Reaching safepoint: 592750 ns, Cleanup: 131959 ns, At safepoint: 36250 ns, Total: 760959 ns
[2025-06-05T16:39:57.550+0000][143.955s][debug][safepoint   ] Safepoint synchronization initiated using futex wait barrier. (180 threads)
[2025-06-05T16:39:57.550+0000][143.955s][info ][safepoint   ] Safepoint "ICBufferFull", Time since last: 319541 ns, Reaching safepoint: 460709 ns, Cleanup: 6166 ns, At safepoint: 25500 ns, Total: 492375 ns
[2025-06-05T16:39:57.551+0000][143.956s][debug][safepoint   ] Safepoint synchronization initiated using futex wait barrier. (180 threads)
[2025-06-05T16:39:57.559+0000][143.964s][info ][safepoint   ] Safepoint "ICBufferFull", Time since last: 228250 ns, Reaching safepoint: 8729959 ns, Cleanup: 24208 ns, At safepoint: 45292 ns, Total: 8799459 ns
[2025-06-05T16:39:57.561+0000][143.966s][debug][safepoint   ] Safepoint synchronization initiated using futex wait barrier. (180 threads)
[2025-06-05T16:39:57.624+0000][144.029s][info ][safepoint   ] Safepoint "ICBufferFull", Time since last: 1659583 ns, Reaching safepoint: 59444208 ns, Cleanup: 16292 ns, At safepoint: 3793667 ns, Total: 63254167 ns
[2025-06-05T16:39:57.628+0000][144.033s][debug][safepoint   ] Safepoint synchronization initiated using futex wait barrier. (180 threads)
[2025-06-05T16:39:57.628+0000][144.033s][info ][safepoint   ] Safepoint "ICBufferFull", Time since last: 3542458 ns, Reaching safepoint: 263042 ns, Cleanup: 25708 ns, At safepoint: 27292 ns, Total: 316042 ns
[2025-06-05T16:39:57.629+0000][144.034s][debug][safepoint   ] Safepoint synchronization initiated using futex wait barrier. (180 threads)
[2025-06-05T16:39:57.630+0000][144.035s][info ][safepoint   ] Safepoint "ICBufferFull", Time since last: 1283375 ns, Reaching safepoint: 928500 ns, Cleanup: 14666 ns, At safepoint: 15584 ns, Total: 958750 ns
[2025-06-05T16:39:58.123+0000][144.528s][debug][safepoint   ] Safepoint synchronization initiated using futex wait barrier. (190 threads)
[2025-06-05T16:39:58.124+0000][144.529s][debug][safepoint   ] ... found polling page loop exception at pc = 0x0000ffff89a8d354, stub =0x0000ffff8897ef00
[2025-06-05T16:39:58.125+0000][144.530s][debug][safepoint   ] ... found polling page loop exception at pc = 0x0000ffff89242f54, stub =0x0000ffff8897ef00
[2025-06-05T16:39:58.126+0000][144.531s][info ][safepoint   ] Safepoint "ICBufferFull", Time since last: 492395708 ns, Reaching safepoint: 2662750 ns, Cleanup: 298709 ns, At safepoint: 123083 ns, Total: 3084542 ns
[2025-06-05T16:39:58.492+0000][144.897s][debug][safepoint   ] Safepoint synchronization initiated using futex wait barrier. (190 threads)
[2025-06-05T16:39:58.493+0000][144.898s][info ][safepoint   ] Safepoint "ICBufferFull", Time since last: 366253583 ns, Reaching safepoint: 718125 ns, Cleanup: 122167 ns, At safepoint: 13292 ns, Total: 853584 ns
[2025-06-05T16:39:59.592+0000][145.997s][debug][safepoint   ] Safepoint synchronization initiated using futex wait barrier. (190 threads)
[2025-06-05T16:39:59.595+0000][146.000s][info ][safepoint   ] Safepoint "Cleanup", Time since last: 1098848542 ns, Reaching safepoint: 2841750 ns, Cleanup: 299667 ns, At safepoint: 47625 ns, Total: 3189042 ns
[2025-06-05T16:40:00.597+0000][147.002s][debug][safepoint   ] Safepoint synchronization initiated using futex wait barrier. (190 threads)
[2025-06-05T16:40:00.598+0000][147.003s][info ][safepoint   ] Safepoint "Cleanup", Time since last: 1002113750 ns, Reaching safepoint: 1035250 ns, Cleanup: 193000 ns, At safepoint: 18167 ns, Total: 1246417 ns
[2025-06-05T16:40:02.593+0000][149.008s][debug][safepoint   ] Safepoint synchronization initiated using futex wait barrier. (189 threads)
[2025-06-05T16:40:02.594+0000][149.009s][info ][safepoint   ] Safepoint "Cleanup", Time since last: 2004481626 ns, Reaching safepoint: 1259541 ns, Cleanup: 61084 ns, At safepoint: 8916 ns, Total: 1329541 ns
[2025-06-05T16:40:03.611+0000][150.026s][debug][safepoint   ] Safepoint synchronization initiated using futex wait barrier. (189 threads)
[2025-06-05T16:40:03.613+0000][150.028s][info ][safepoint   ] Safepoint "Cleanup", Time since last: 1016430126 ns, Reaching safepoint: 2285667 ns, Cleanup: 90666 ns, At safepoint: 21084 ns, Total: 2397417 ns
[2025-06-05T16:40:05.615+0000][152.030s][debug][safepoint   ] Safepoint synchronization initiated using futex wait barrier. (189 threads)
[2025-06-05T16:40:05.616+0000][152.031s][info ][safepoint   ] Safepoint "Cleanup", Time since last: 2001632667 ns, Reaching safepoint: 1341083 ns, Cleanup: 51334 ns, At safepoint: 10083 ns, Total: 1402500 ns
[2025-06-05T16:40:06.617+0000][153.032s][debug][safepoint   ] Safepoint synchronization initiated using futex wait barrier. (189 threads)
[2025-06-05T16:40:06.619+0000][153.034s][info ][safepoint   ] Safepoint "Cleanup", Time since last: 1001198959 ns, Reaching safepoint: 1249333 ns, Cleanup: 241375 ns, At safepoint: 31500 ns, Total: 1522208 ns
[2025-06-05T16:40:13.642+0000][160.057s][debug][safepoint   ] Safepoint synchronization initiated using futex wait barrier. (189 threads)
[2025-06-05T16:40:13.668+0000][160.083s][info ][safepoint   ] Safepoint "Cleanup", Time since last: 7021086212 ns, Reaching safepoint: 28216417 ns, Cleanup: 70833 ns, At safepoint: 25750 ns, Total: 28313000 ns
[2025-06-05T16:40:14.671+0000][161.086s][debug][safepoint   ] Safepoint synchronization initiated using futex wait barrier. (189 threads)
[2025-06-05T16:40:14.671+0000][161.086s][info ][safepoint   ] Safepoint "Cleanup", Time since last: 1002487792 ns, Reaching safepoint: 484625 ns, Cleanup: 57208 ns, At safepoint: 17709 ns, Total: 559542 ns
[2025-06-05T16:40:20.696+0000][167.111s][debug][safepoint   ] Safepoint synchronization initiated using futex wait barrier. (189 threads)
[2025-06-05T16:40:20.718+0000][167.133s][info ][safepoint   ] Safepoint "Cleanup", Time since last: 6024433628 ns, Reaching safepoint: 22671666 ns, Cleanup: 83875 ns, At safepoint: 43584 ns, Total: 22799125 ns
[2025-06-05T16:40:21.719+0000][168.134s][debug][safepoint   ] Safepoint synchronization initiated using futex wait barrier. (189 threads)
[2025-06-05T16:40:21.720+0000][168.135s][info ][safepoint   ] Safepoint "Cleanup", Time since last: 1000875875 ns, Reaching safepoint: 382167 ns, Cleanup: 43500 ns, At safepoint: 4375 ns, Total: 430042 ns
[2025-06-05T16:40:28.733+0000][175.148s][debug][safepoint   ] Safepoint synchronization initiated using futex wait barrier. (189 threads)
[2025-06-05T16:40:28.739+0000][175.154s][info ][safepoint   ] Safepoint "Cleanup", Time since last: 7012609962 ns, Reaching safepoint: 6186708 ns, Cleanup: 163625 ns, At safepoint: 52958 ns, Total: 6403291 ns
[2025-06-05T16:40:38.056+0000][184.431s][debug][safepoint   ] Safepoint synchronization initiated using futex wait barrier. (189 threads)
[2025-06-05T16:40:38.059+0000][184.433s][info ][safepoint   ] Safepoint "Cleanup", Time since last: 9276719045 ns, Reaching safepoint: 2445000 ns, Cleanup: 99375 ns, At safepoint: 87042 ns, Total: 2631417 ns
[2025-06-05T16:40:53.077+0000][199.451s][debug][safepoint   ] Safepoint synchronization initiated using futex wait barrier. (188 threads)
[2025-06-05T16:40:53.081+0000][199.455s][info ][safepoint   ] Safepoint "Cleanup", Time since last: 15017500757 ns, Reaching safepoint: 3952917 ns, Cleanup: 87333 ns, At safepoint: 11750 ns, Total: 4052000 ns
[2025-06-05T16:40:54.081+0000][200.456s][debug][safepoint   ] Safepoint synchronization initiated using futex wait barrier. (185 threads)
[2025-06-05T16:40:54.082+0000][200.456s][info ][safepoint   ] Safepoint "Cleanup", Time since last: 1000898709 ns, Reaching safepoint: 540875 ns, Cleanup: 30667 ns, At safepoint: 10166 ns, Total: 581708 ns
[2025-06-05T16:40:58.091+0000][204.465s][debug][safepoint   ] Safepoint synchronization initiated using futex wait barrier. (180 threads)
[2025-06-05T16:40:58.092+0000][204.467s][info ][safepoint   ] Safepoint "Cleanup", Time since last: 4008540294 ns, Reaching safepoint: 1647958 ns, Cleanup: 145375 ns, At safepoint: 29750 ns, Total: 1823083 ns
[2025-06-05T16:41:02.098+0000][208.472s][debug][safepoint   ] Safepoint synchronization initiated using futex wait barrier. (178 threads)
[2025-06-05T16:41:02.106+0000][208.480s][info ][safepoint   ] Safepoint "Cleanup", Time since last: 4005596335 ns, Reaching safepoint: 7683084 ns, Cleanup: 75958 ns, At safepoint: 147083 ns, Total: 7906125 ns
[2025-06-05T16:41:03.113+0000][209.483s][debug][safepoint   ] Safepoint synchronization initiated using futex wait barrier. (178 threads)
[2025-06-05T16:41:03.113+0000][209.483s][info ][safepoint   ] Safepoint "Cleanup", Time since last: 1002520625 ns, Reaching safepoint: 873459 ns, Cleanup: 38208 ns, At safepoint: 16333 ns, Total: 928000 ns
[2025-06-05T16:41:05.842+0000][212.211s][debug][safepoint   ] Safepoint synchronization initiated using futex wait barrier. (178 threads)
[2025-06-05T16:41:05.847+0000][212.217s][info ][gc,start    ] GC(63) Pause Young (Normal) (G1 Evacuation Pause)
[2025-06-05T16:41:05.849+0000][212.219s][info ][gc,task     ] GC(63) Using 2 workers of 2 for evacuation
[2025-06-05T16:41:06.517+0000][212.887s][info ][gc,mmu      ] GC(63) MMU target violated: 501.0ms (500.0ms/501.0ms)
[2025-06-05T16:41:06.518+0000][212.888s][info ][gc,phases   ] GC(63)   Pre Evacuate Collection Set: 8.4ms
[2025-06-05T16:41:06.518+0000][212.888s][info ][gc,phases   ] GC(63)   Merge Heap Roots: 5.4ms
[2025-06-05T16:41:06.518+0000][212.888s][info ][gc,phases   ] GC(63)   Evacuate Collection Set: 620.2ms
[2025-06-05T16:41:06.518+0000][212.888s][info ][gc,phases   ] GC(63)   Post Evacuate Collection Set: 32.5ms
[2025-06-05T16:41:06.518+0000][212.888s][info ][gc,phases   ] GC(63)   Other: 5.2ms
[2025-06-05T16:41:06.518+0000][212.888s][info ][gc,heap     ] GC(63) Eden regions: 258->0(258)
[2025-06-05T16:41:06.518+0000][212.888s][info ][gc,heap     ] GC(63) Survivor regions: 27->20(36)
[2025-06-05T16:41:06.518+0000][212.888s][info ][gc,heap     ] GC(63) Old regions: 124->136
[2025-06-05T16:41:06.518+0000][212.888s][info ][gc,heap     ] GC(63) Archive regions: 2->2
[2025-06-05T16:41:06.518+0000][212.888s][info ][gc,heap     ] GC(63) Humongous regions: 0->0
[2025-06-05T16:41:06.518+0000][212.888s][info ][gc,metaspace] GC(63) Metaspace: 164833K(166080K)->164833K(166080K) NonClass: 144326K(144960K)->144326K(144960K) Class: 20507K(21120K)->20507K(21120K)
[2025-06-05T16:41:06.519+0000][212.889s][info ][gc          ] GC(63) Pause Young (Normal) (G1 Evacuation Pause) 409M->156M(487M) 671.520ms
[2025-06-05T16:41:06.519+0000][212.889s][info ][gc,cpu      ] GC(63) User=1.33s Sys=0.00s Real=0.67s
[2025-06-05T16:41:06.519+0000][212.889s][info ][safepoint   ] Safepoint "G1CollectForAllocation", Time since last: 2727986460 ns, Reaching safepoint: 4377708 ns, Cleanup: 37417 ns, At safepoint: 673153084 ns, Total: 677568209 ns
[2025-06-05T16:41:07.522+0000][213.892s][debug][safepoint   ] Safepoint synchronization initiated using futex wait barrier. (178 threads)
[2025-06-05T16:41:07.522+0000][213.892s][info ][safepoint   ] Safepoint "Cleanup", Time since last: 1002792542 ns, Reaching safepoint: 413250 ns, Cleanup: 97916 ns, At safepoint: 10459 ns, Total: 521625 ns
[2025-06-05T16:41:23.590+0000][229.960s][debug][safepoint   ] Safepoint synchronization initiated using futex wait barrier. (178 threads)
[2025-06-05T16:41:23.597+0000][229.967s][info ][safepoint   ] Safepoint "Cleanup", Time since last: 16067197924 ns, Reaching safepoint: 6892208 ns, Cleanup: 100709 ns, At safepoint: 52833 ns, Total: 7045750 ns
[2025-06-05T16:41:33.612+0000][239.985s][debug][safepoint   ] Safepoint synchronization initiated using futex wait barrier. (178 threads)
[2025-06-05T16:41:33.614+0000][239.987s][info ][safepoint   ] Safepoint "Cleanup", Time since last: 10018182588 ns, Reaching safepoint: 1868333 ns, Cleanup: 89667 ns, At safepoint: 44333 ns, Total: 2002333 ns
[2025-06-05T16:41:45.129+0000][251.502s][debug][safepoint   ] Safepoint synchronization initiated using futex wait barrier. (178 threads)
[2025-06-05T16:41:45.138+0000][251.511s][info ][safepoint   ] Safepoint "Cleanup", Time since last: 11514834214 ns, Reaching safepoint: 9272458 ns, Cleanup: 117834 ns, At safepoint: 29333 ns, Total: 9419625 ns
[2025-06-05T16:41:59.158+0000][265.531s][debug][safepoint   ] Safepoint synchronization initiated using futex wait barrier. (174 threads)
[2025-06-05T16:41:59.163+0000][265.536s][info ][safepoint   ] Safepoint "Cleanup", Time since last: 14020149257 ns, Reaching safepoint: 4247083 ns, Cleanup: 306625 ns, At safepoint: 20583 ns, Total: 4574291 ns
[2025-06-05T16:42:21.212+0000][287.588s][debug][safepoint   ] Safepoint synchronization initiated using futex wait barrier. (174 threads)
[2025-06-05T16:42:21.218+0000][287.594s][info ][safepoint   ] Safepoint "Cleanup", Time since last: 22052002469 ns, Reaching safepoint: 5545792 ns, Cleanup: 211791 ns, At safepoint: 60959 ns, Total: 5818542 ns
[2025-06-05T16:42:27.233+0000][293.608s][debug][safepoint   ] Safepoint synchronization initiated using futex wait barrier. (174 threads)
[2025-06-05T16:42:27.235+0000][293.611s][info ][safepoint   ] Safepoint "Cleanup", Time since last: 6014531002 ns, Reaching safepoint: 2792167 ns, Cleanup: 77250 ns, At safepoint: 33458 ns, Total: 2902875 ns
[2025-06-05T16:42:33.254+0000][299.622s][debug][safepoint   ] Safepoint synchronization initiated using futex wait barrier. (174 threads)
[2025-06-05T16:42:33.256+0000][299.624s][info ][safepoint   ] Safepoint "Cleanup", Time since last: 6010701877 ns, Reaching safepoint: 2507042 ns, Cleanup: 114667 ns, At safepoint: 14375 ns, Total: 2636084 ns
[2025-06-05T16:42:35.314+0000][301.682s][debug][safepoint   ] Safepoint synchronization initiated using futex wait barrier. (174 threads)
[2025-06-05T16:42:35.316+0000][301.684s][info ][safepoint   ] Safepoint "Cleanup", Time since last: 2057306459 ns, Reaching safepoint: 1918292 ns, Cleanup: 168041 ns, At safepoint: 26667 ns, Total: 2113000 ns
[2025-06-05T16:42:53.344+0000][319.712s][debug][safepoint   ] Safepoint synchronization initiated using futex wait barrier. (173 threads)
[2025-06-05T16:42:53.346+0000][319.714s][info ][safepoint   ] Safepoint "Cleanup", Time since last: 18027839842 ns, Reaching safepoint: 2331667 ns, Cleanup: 105625 ns, At safepoint: 22750 ns, Total: 2460042 ns
[2025-06-05T16:42:59.354+0000][325.722s][debug][safepoint   ] Safepoint synchronization initiated using futex wait barrier. (170 threads)
[2025-06-05T16:42:59.356+0000][325.724s][info ][safepoint   ] Safepoint "Cleanup", Time since last: 6007811544 ns, Reaching safepoint: 2151250 ns, Cleanup: 136500 ns, At safepoint: 42208 ns, Total: 2329958 ns
[2025-06-05T16:43:02.361+0000][328.729s][debug][safepoint   ] Safepoint synchronization initiated using futex wait barrier. (170 threads)
[2025-06-05T16:43:02.363+0000][328.731s][info ][safepoint   ] Safepoint "Cleanup", Time since last: 3004426960 ns, Reaching safepoint: 2167292 ns, Cleanup: 356166 ns, At safepoint: 17625 ns, Total: 2541083 ns
[2025-06-05T16:43:21.403+0000][347.771s][debug][safepoint   ] Safepoint synchronization initiated using futex wait barrier. (170 threads)
[2025-06-05T16:43:21.416+0000][347.784s][info ][safepoint   ] Safepoint "Cleanup", Time since last: 19039333134 ns, Reaching safepoint: 12623167 ns, Cleanup: 479250 ns, At safepoint: 72917 ns, Total: 13175334 ns
[2025-06-05T16:43:22.417+0000][348.785s][debug][safepoint   ] Safepoint synchronization initiated using futex wait barrier. (170 threads)
[2025-06-05T16:43:22.418+0000][348.786s][info ][safepoint   ] Safepoint "Cleanup", Time since last: 1001180042 ns, Reaching safepoint: 461416 ns, Cleanup: 191667 ns, At safepoint: 9917 ns, Total: 663000 ns
[2025-06-05T16:44:01.370+0000][387.736s][debug][safepoint   ] Safepoint synchronization initiated using futex wait barrier. (167 threads)
[2025-06-05T16:44:01.372+0000][387.738s][info ][safepoint   ] Safepoint "Cleanup", Time since last: 38950815184 ns, Reaching safepoint: 2053625 ns, Cleanup: 82917 ns, At safepoint: 9750 ns, Total: 2146292 ns
[2025-06-05T16:44:02.373+0000][388.740s][debug][safepoint   ] Safepoint synchronization initiated using futex wait barrier. (167 threads)
[2025-06-05T16:44:02.374+0000][388.741s][info ][safepoint   ] Safepoint "Cleanup", Time since last: 1001024542 ns, Reaching safepoint: 943958 ns, Cleanup: 115417 ns, At safepoint: 16541 ns, Total: 1075916 ns
[2025-06-05T16:44:04.378+0000][390.745s][debug][safepoint   ] Safepoint synchronization initiated using futex wait barrier. (167 threads)
[2025-06-05T16:44:04.381+0000][390.747s][info ][safepoint   ] Safepoint "Cleanup", Time since last: 2003925376 ns, Reaching safepoint: 2432500 ns, Cleanup: 197292 ns, At safepoint: 42666 ns, Total: 2672458 ns
[2025-06-05T16:44:15.401+0000][401.768s][debug][safepoint   ] Safepoint synchronization initiated using futex wait barrier. (167 threads)
[2025-06-05T16:44:15.407+0000][401.773s][info ][safepoint   ] Safepoint "Cleanup", Time since last: 11020371922 ns, Reaching safepoint: 5245084 ns, Cleanup: 179375 ns, At safepoint: 28875 ns, Total: 5453334 ns
[2025-06-05T16:44:24.418+0000][410.785s][debug][safepoint   ] Safepoint synchronization initiated using futex wait barrier. (167 threads)
[2025-06-05T16:44:24.425+0000][410.791s][info ][safepoint   ] Safepoint "Cleanup", Time since last: 9011500296 ns, Reaching safepoint: 6608708 ns, Cleanup: 136542 ns, At safepoint: 58791 ns, Total: 6804041 ns
[2025-06-05T16:44:48.411+0000][434.776s][debug][safepoint   ] Safepoint synchronization initiated using futex wait barrier. (167 threads)
[2025-06-05T16:44:48.417+0000][434.782s][info ][safepoint   ] Safepoint "Cleanup", Time since last: 23984191344 ns, Reaching safepoint: 6033084 ns, Cleanup: 171083 ns, At safepoint: 58417 ns, Total: 6262584 ns
[2025-06-05T16:44:55.948+0000][442.312s][debug][safepoint   ] Safepoint synchronization initiated using futex wait barrier. (167 threads)
[2025-06-05T16:44:55.951+0000][442.316s][info ][gc,start    ] GC(64) Pause Young (Normal) (G1 Evacuation Pause)
[2025-06-05T16:44:55.952+0000][442.316s][info ][gc,task     ] GC(64) Using 2 workers of 2 for evacuation
[2025-06-05T16:44:56.514+0000][442.878s][info ][gc,mmu      ] GC(64) MMU target violated: 501.0ms (500.0ms/501.0ms)
[2025-06-05T16:44:56.515+0000][442.880s][info ][gc,phases   ] GC(64)   Pre Evacuate Collection Set: 12.2ms
[2025-06-05T16:44:56.515+0000][442.880s][info ][gc,phases   ] GC(64)   Merge Heap Roots: 7.9ms
[2025-06-05T16:44:56.516+0000][442.880s][info ][gc,phases   ] GC(64)   Evacuate Collection Set: 473.0ms
[2025-06-05T16:44:56.516+0000][442.880s][info ][gc,phases   ] GC(64)   Post Evacuate Collection Set: 64.5ms
[2025-06-05T16:44:56.516+0000][442.880s][info ][gc,phases   ] GC(64)   Other: 7.4ms
[2025-06-05T16:44:56.516+0000][442.880s][info ][gc,heap     ] GC(64) Eden regions: 258->0(262)
[2025-06-05T16:44:56.516+0000][442.880s][info ][gc,heap     ] GC(64) Survivor regions: 20->14(35)
[2025-06-05T16:44:56.516+0000][442.880s][info ][gc,heap     ] GC(64) Old regions: 136->142
[2025-06-05T16:44:56.516+0000][442.880s][info ][gc,heap     ] GC(64) Archive regions: 2->2
[2025-06-05T16:44:56.516+0000][442.881s][info ][gc,heap     ] GC(64) Humongous regions: 0->0
[2025-06-05T16:44:56.516+0000][442.881s][info ][gc,metaspace] GC(64) Metaspace: 165087K(166336K)->165087K(166336K) NonClass: 144575K(145216K)->144575K(145216K) Class: 20512K(21120K)->20512K(21120K)
[2025-06-05T16:44:56.517+0000][442.882s][info ][gc          ] GC(64) Pause Young (Normal) (G1 Evacuation Pause) 414M->156M(487M) 565.875ms
[2025-06-05T16:44:56.517+0000][442.882s][info ][gc,cpu      ] GC(64) User=1.11s Sys=0.00s Real=0.57s
[2025-06-05T16:44:56.519+0000][442.883s][info ][safepoint   ] Safepoint "G1CollectForAllocation", Time since last: 7530470920 ns, Reaching safepoint: 2016542 ns, Cleanup: 105041 ns, At safepoint: 568862501 ns, Total: 570984084 ns
[2025-06-05T16:45:02.526+0000][448.893s][debug][safepoint   ] Safepoint synchronization initiated using futex wait barrier. (165 threads)
[2025-06-05T16:45:02.531+0000][448.898s][info ][safepoint   ] Safepoint "Cleanup", Time since last: 6009512086 ns, Reaching safepoint: 4783000 ns, Cleanup: 299333 ns, At safepoint: 151208 ns, Total: 5233541 ns
[2025-06-05T16:45:03.533+0000][449.900s][debug][safepoint   ] Safepoint synchronization initiated using futex wait barrier. (165 threads)
[2025-06-05T16:45:03.534+0000][449.901s][info ][safepoint   ] Safepoint "Cleanup", Time since last: 1002171376 ns, Reaching safepoint: 453291 ns, Cleanup: 119584 ns, At safepoint: 20833 ns, Total: 593708 ns
[2025-06-05T16:45:10.543+0000][456.910s][debug][safepoint   ] Safepoint synchronization initiated using futex wait barrier. (165 threads)
[2025-06-05T16:45:10.550+0000][456.917s][info ][safepoint   ] Safepoint "Cleanup", Time since last: 7009137712 ns, Reaching safepoint: 6999708 ns, Cleanup: 113958 ns, At safepoint: 39417 ns, Total: 7153083 ns
[2025-06-05T16:45:11.557+0000][457.924s][debug][safepoint   ] Safepoint synchronization initiated using futex wait barrier. (165 threads)
[2025-06-05T16:45:11.561+0000][457.927s][info ][safepoint   ] Safepoint "Cleanup", Time since last: 1006886000 ns, Reaching safepoint: 3453125 ns, Cleanup: 39084 ns, At safepoint: 24208 ns, Total: 3516417 ns
[2025-06-05T16:45:51.635+0000][497.997s][debug][safepoint   ] Safepoint synchronization initiated using futex wait barrier. (165 threads)
[2025-06-05T16:45:51.649+0000][498.012s][info ][safepoint   ] Safepoint "Cleanup", Time since last: 40067579269 ns, Reaching safepoint: 16418208 ns, Cleanup: 118125 ns, At safepoint: 34792 ns, Total: 16571125 ns
[2025-06-05T16:46:02.669+0000][509.032s][debug][safepoint   ] Safepoint synchronization initiated using futex wait barrier. (164 threads)
[2025-06-05T16:46:02.670+0000][509.033s][info ][safepoint   ] Safepoint "Cleanup", Time since last: 11020113213 ns, Reaching safepoint: 832792 ns, Cleanup: 223875 ns, At safepoint: 4916 ns, Total: 1061583 ns
[2025-06-05T16:46:21.733+0000][528.096s][debug][safepoint   ] Safepoint synchronization initiated using futex wait barrier. (164 threads)
[2025-06-05T16:46:21.739+0000][528.102s][info ][safepoint   ] Safepoint "Cleanup", Time since last: 19062366759 ns, Reaching safepoint: 6988167 ns, Cleanup: 120583 ns, At safepoint: 50917 ns, Total: 7159667 ns
[2025-06-05T16:46:52.773+0000][559.137s][debug][safepoint   ] Safepoint synchronization initiated using futex wait barrier. (164 threads)
[2025-06-05T16:46:52.787+0000][559.151s][info ][safepoint   ] Safepoint "Cleanup", Time since last: 31034677139 ns, Reaching safepoint: 13668708 ns, Cleanup: 131125 ns, At safepoint: 42334 ns, Total: 13842167 ns
[2025-06-05T16:46:53.788+0000][560.152s][debug][safepoint   ] Safepoint synchronization initiated using futex wait barrier. (164 threads)
[2025-06-05T16:46:53.789+0000][560.153s][info ][safepoint   ] Safepoint "Cleanup", Time since last: 1000978084 ns, Reaching safepoint: 811000 ns, Cleanup: 33666 ns, At safepoint: 7875 ns, Total: 852541 ns
[2025-06-05T16:47:03.807+0000][570.168s][debug][safepoint   ] Safepoint synchronization initiated using futex wait barrier. (163 threads)
[2025-06-05T16:47:03.808+0000][570.170s][info ][safepoint   ] Safepoint "Cleanup", Time since last: 10015514129 ns, Reaching safepoint: 1667584 ns, Cleanup: 105791 ns, At safepoint: 13709 ns, Total: 1787084 ns
[2025-06-05T16:47:13.831+0000][580.192s][debug][safepoint   ] Safepoint synchronization initiated using futex wait barrier. (163 threads)
[2025-06-05T16:47:13.834+0000][580.195s][info ][safepoint   ] Safepoint "Cleanup", Time since last: 10022496255 ns, Reaching safepoint: 2534958 ns, Cleanup: 151167 ns, At safepoint: 26000 ns, Total: 2712125 ns
[2025-06-05T16:47:23.855+0000][590.216s][debug][safepoint   ] Safepoint synchronization initiated using futex wait barrier. (163 threads)
[2025-06-05T16:47:23.860+0000][590.222s][info ][safepoint   ] Safepoint "Cleanup", Time since last: 10021009379 ns, Reaching safepoint: 5285542 ns, Cleanup: 90125 ns, At safepoint: 15250 ns, Total: 5390917 ns
[2025-06-05T16:47:33.893+0000][600.253s][debug][safepoint   ] Safepoint synchronization initiated using futex wait barrier. (163 threads)
[2025-06-05T16:47:33.894+0000][600.254s][info ][safepoint   ] Safepoint "Cleanup", Time since last: 10031060504 ns, Reaching safepoint: 1206917 ns, Cleanup: 77875 ns, At safepoint: 54167 ns, Total: 1338959 ns
[2025-06-05T16:47:43.966+0000][610.326s][debug][safepoint   ] Safepoint synchronization initiated using futex wait barrier. (163 threads)
[2025-06-05T16:47:43.968+0000][610.328s][info ][safepoint   ] Safepoint "Cleanup", Time since last: 10071776505 ns, Reaching safepoint: 2550666 ns, Cleanup: 162250 ns, At safepoint: 24042 ns, Total: 2736958 ns
[2025-06-05T16:48:02.003+0000][628.363s][debug][safepoint   ] Safepoint synchronization initiated using futex wait barrier. (161 threads)
[2025-06-05T16:48:02.005+0000][628.365s][info ][safepoint   ] Safepoint "Cleanup", Time since last: 18034651884 ns, Reaching safepoint: 1713166 ns, Cleanup: 48667 ns, At safepoint: 7917 ns, Total: 1769750 ns
[2025-06-05T16:48:05.008+0000][631.368s][debug][safepoint   ] Safepoint synchronization initiated using futex wait barrier. (161 threads)
[2025-06-05T16:48:05.009+0000][631.368s][info ][safepoint   ] Safepoint "Cleanup", Time since last: 3002771792 ns, Reaching safepoint: 739208 ns, Cleanup: 50834 ns, At safepoint: 6666 ns, Total: 796708 ns
[2025-06-05T16:48:23.051+0000][649.410s][debug][safepoint   ] Safepoint synchronization initiated using futex wait barrier. (161 threads)
[2025-06-05T16:48:23.058+0000][649.417s][info ][safepoint   ] Safepoint "Cleanup", Time since last: 18041128259 ns, Reaching safepoint: 7579042 ns, Cleanup: 295750 ns, At safepoint: 34625 ns, Total: 7909417 ns
[2025-06-05T16:48:32.083+0000][658.443s][debug][safepoint   ] Safepoint synchronization initiated using futex wait barrier. (161 threads)
[2025-06-05T16:48:32.090+0000][658.450s][info ][safepoint   ] Safepoint "Cleanup", Time since last: 9025135712 ns, Reaching safepoint: 6785000 ns, Cleanup: 260125 ns, At safepoint: 237417 ns, Total: 7282542 ns
[2025-06-05T16:48:41.661+0000][668.022s][debug][safepoint   ] Safepoint synchronization initiated using futex wait barrier. (161 threads)
[2025-06-05T16:48:41.663+0000][668.024s][info ][gc,start    ] GC(65) Pause Young (Normal) (G1 Evacuation Pause)
[2025-06-05T16:48:41.664+0000][668.024s][info ][gc,task     ] GC(65) Using 2 workers of 2 for evacuation
[2025-06-05T16:48:42.080+0000][668.440s][info ][gc,phases   ] GC(65)   Pre Evacuate Collection Set: 5.1ms
[2025-06-05T16:48:42.080+0000][668.440s][info ][gc,phases   ] GC(65)   Merge Heap Roots: 1.9ms
[2025-06-05T16:48:42.080+0000][668.441s][info ][gc,phases   ] GC(65)   Evacuate Collection Set: 383.2ms
[2025-06-05T16:48:42.080+0000][668.441s][info ][gc,phases   ] GC(65)   Post Evacuate Collection Set: 24.9ms
[2025-06-05T16:48:42.080+0000][668.441s][info ][gc,phases   ] GC(65)   Other: 1.9ms
[2025-06-05T16:48:42.081+0000][668.441s][info ][gc,heap     ] GC(65) Eden regions: 262->0(266)
[2025-06-05T16:48:42.081+0000][668.441s][info ][gc,heap     ] GC(65) Survivor regions: 14->14(35)
[2025-06-05T16:48:42.081+0000][668.441s][info ][gc,heap     ] GC(65) Old regions: 142->142
[2025-06-05T16:48:42.081+0000][668.441s][info ][gc,heap     ] GC(65) Archive regions: 2->2
[2025-06-05T16:48:42.081+0000][668.442s][info ][gc,heap     ] GC(65) Humongous regions: 0->0
[2025-06-05T16:48:42.081+0000][668.442s][info ][gc,metaspace] GC(65) Metaspace: 165777K(166976K)->165777K(166976K) NonClass: 145212K(145856K)->145212K(145856K) Class: 20565K(21120K)->20565K(21120K)
[2025-06-05T16:48:42.082+0000][668.443s][info ][gc          ] GC(65) Pause Young (Normal) (G1 Evacuation Pause) 418M->156M(487M) 418.829ms
[2025-06-05T16:48:42.083+0000][668.443s][info ][gc,cpu      ] GC(65) User=0.81s Sys=0.01s Real=0.42s
[2025-06-05T16:48:42.085+0000][668.445s][info ][safepoint   ] Safepoint "G1CollectForAllocation", Time since last: 9571681462 ns, Reaching safepoint: 1644292 ns, Cleanup: 36375 ns, At safepoint: 422208458 ns, Total: 423889125 ns
[2025-06-05T16:48:43.487+0000][669.847s][debug][safepoint   ] Safepoint synchronization initiated using futex wait barrier. (161 threads)
[2025-06-05T16:48:43.487+0000][669.848s][info ][safepoint   ] Safepoint "Cleanup", Time since last: 1401863084 ns, Reaching safepoint: 292292 ns, Cleanup: 125458 ns, At safepoint: 9875 ns, Total: 427625 ns
[2025-06-05T16:48:44.281+0000][670.642s][debug][safepoint   ] Safepoint synchronization initiated using futex wait barrier. (162 threads)
[2025-06-05T16:48:44.332+0000][670.693s][info ][safepoint   ] Safepoint "ICBufferFull", Time since last: 794111334 ns, Reaching safepoint: 37961125 ns, Cleanup: 12724875 ns, At safepoint: 382792 ns, Total: 51068792 ns
[2025-06-05T16:48:44.342+0000][670.703s][debug][safepoint   ] Safepoint synchronization initiated using futex wait barrier. (162 threads)
[2025-06-05T16:48:44.343+0000][670.703s][info ][safepoint   ] Safepoint "ICBufferFull", Time since last: 9647541 ns, Reaching safepoint: 774375 ns, Cleanup: 22292 ns, At safepoint: 12208 ns, Total: 808875 ns
[2025-06-05T16:48:45.365+0000][671.726s][debug][safepoint   ] Safepoint synchronization initiated using futex wait barrier. (162 threads)
[2025-06-05T16:48:45.367+0000][671.728s][info ][safepoint   ] Safepoint "Cleanup", Time since last: 1022573209 ns, Reaching safepoint: 1440750 ns, Cleanup: 159625 ns, At safepoint: 34500 ns, Total: 1634875 ns
[2025-06-05T16:48:46.395+0000][672.756s][debug][safepoint   ] Safepoint synchronization initiated using futex wait barrier. (162 threads)
[2025-06-05T16:48:46.397+0000][672.758s][info ][safepoint   ] Safepoint "Cleanup", Time since last: 1028408126 ns, Reaching safepoint: 1487833 ns, Cleanup: 404667 ns, At safepoint: 42166 ns, Total: 1934666 ns
[2025-06-05T16:48:47.366+0000][673.726s][debug][safepoint   ] Safepoint synchronization initiated using futex wait barrier. (162 threads)
[2025-06-05T16:48:47.366+0000][673.727s][info ][safepoint   ] Safepoint "ICBufferFull", Time since last: 968204834 ns, Reaching safepoint: 438334 ns, Cleanup: 217041 ns, At safepoint: 9417 ns, Total: 664792 ns
[2025-06-05T16:48:48.680+0000][675.040s][debug][safepoint   ] Safepoint synchronization initiated using futex wait barrier. (163 threads)
[2025-06-05T16:48:48.706+0000][675.067s][info ][safepoint   ] Safepoint "Cleanup", Time since last: 1306617709 ns, Reaching safepoint: 16083791 ns, Cleanup: 15121375 ns, At safepoint: 2057459 ns, Total: 33262625 ns
[2025-06-05T16:48:49.707+0000][676.068s][debug][safepoint   ] Safepoint synchronization initiated using futex wait barrier. (163 threads)
[2025-06-05T16:48:49.715+0000][676.076s][info ][safepoint   ] Safepoint "Cleanup", Time since last: 1000890750 ns, Reaching safepoint: 8204667 ns, Cleanup: 66417 ns, At safepoint: 195250 ns, Total: 8466334 ns
[2025-06-05T16:48:50.572+0000][676.933s][debug][safepoint   ] Safepoint synchronization initiated using futex wait barrier. (163 threads)
[2025-06-05T16:48:50.573+0000][676.933s][info ][safepoint   ] Safepoint "ICBufferFull", Time since last: 856894708 ns, Reaching safepoint: 216167 ns, Cleanup: 105417 ns, At safepoint: 7958 ns, Total: 329542 ns
[2025-06-05T16:48:50.958+0000][677.318s][debug][safepoint   ] Safepoint synchronization initiated using futex wait barrier. (163 threads)
[2025-06-05T16:48:50.958+0000][677.319s][info ][safepoint   ] Safepoint "ICBufferFull", Time since last: 384814000 ns, Reaching safepoint: 633292 ns, Cleanup: 132292 ns, At safepoint: 9125 ns, Total: 774709 ns
[2025-06-05T16:48:51.951+0000][678.311s][debug][safepoint   ] Safepoint synchronization initiated using futex wait barrier. (163 threads)
[2025-06-05T16:48:51.952+0000][678.312s][info ][safepoint   ] Safepoint "ICBufferFull", Time since last: 992402875 ns, Reaching safepoint: 628500 ns, Cleanup: 504875 ns, At safepoint: 5167 ns, Total: 1138542 ns
[2025-06-05T16:48:52.585+0000][678.946s][debug][safepoint   ] Safepoint synchronization initiated using futex wait barrier. (164 threads)
[2025-06-05T16:48:52.587+0000][678.947s][info ][gc,start    ] GC(66) Pause Young (Normal) (G1 Evacuation Pause)
[2025-06-05T16:48:52.587+0000][678.947s][info ][gc,task     ] GC(66) Using 2 workers of 2 for evacuation
[2025-06-05T16:48:52.958+0000][679.319s][info ][gc,phases   ] GC(66)   Pre Evacuate Collection Set: 3.5ms
[2025-06-05T16:48:52.959+0000][679.319s][info ][gc,phases   ] GC(66)   Merge Heap Roots: 0.7ms
[2025-06-05T16:48:52.959+0000][679.319s][info ][gc,phases   ] GC(66)   Evacuate Collection Set: 332.0ms
[2025-06-05T16:48:52.959+0000][679.319s][info ][gc,phases   ] GC(66)   Post Evacuate Collection Set: 33.4ms
[2025-06-05T16:48:52.959+0000][679.319s][info ][gc,phases   ] GC(66)   Other: 2.1ms
[2025-06-05T16:48:52.959+0000][679.319s][info ][gc,heap     ] GC(66) Eden regions: 266->0(254)
[2025-06-05T16:48:52.959+0000][679.319s][info ][gc,heap     ] GC(66) Survivor regions: 14->20(35)
[2025-06-05T16:48:52.959+0000][679.319s][info ][gc,heap     ] GC(66) Old regions: 142->142
[2025-06-05T16:48:52.959+0000][679.319s][info ][gc,heap     ] GC(66) Archive regions: 2->2
[2025-06-05T16:48:52.959+0000][679.319s][info ][gc,heap     ] GC(66) Humongous regions: 0->0
[2025-06-05T16:48:52.959+0000][679.320s][info ][gc,metaspace] GC(66) Metaspace: 172486K(173760K)->172486K(173760K) NonClass: 151088K(151744K)->151088K(151744K) Class: 21397K(22016K)->21397K(22016K)
[2025-06-05T16:48:52.959+0000][679.320s][info ][gc          ] GC(66) Pause Young (Normal) (G1 Evacuation Pause) 422M->162M(487M) 372.505ms
[2025-06-05T16:48:52.959+0000][679.320s][info ][gc,cpu      ] GC(66) User=0.74s Sys=0.00s Real=0.37s
[2025-06-05T16:48:52.960+0000][679.320s][info ][safepoint   ] Safepoint "G1CollectForAllocation", Time since last: 633583708 ns, Reaching safepoint: 899459 ns, Cleanup: 178583 ns, At safepoint: 373143959 ns, Total: 374222001 ns
[2025-06-05T16:48:53.643+0000][680.003s][debug][safepoint   ] Safepoint synchronization initiated using futex wait barrier. (164 threads)
[2025-06-05T16:48:53.643+0000][680.004s][info ][safepoint   ] Safepoint "ICBufferFull", Time since last: 683200208 ns, Reaching safepoint: 385917 ns, Cleanup: 156292 ns, At safepoint: 4333 ns, Total: 546542 ns
[2025-06-05T16:48:54.648+0000][681.008s][debug][safepoint   ] Safepoint synchronization initiated using futex wait barrier. (165 threads)
[2025-06-05T16:48:54.649+0000][681.010s][info ][safepoint   ] Safepoint "Cleanup", Time since last: 1004210500 ns, Reaching safepoint: 1227667 ns, Cleanup: 207208 ns, At safepoint: 41875 ns, Total: 1476750 ns
[2025-06-05T16:48:56.650+0000][683.011s][debug][safepoint   ] Safepoint synchronization initiated using futex wait barrier. (165 threads)
[2025-06-05T16:48:56.651+0000][683.012s][info ][safepoint   ] Safepoint "Cleanup", Time since last: 2001246085 ns, Reaching safepoint: 908625 ns, Cleanup: 96166 ns, At safepoint: 9959 ns, Total: 1014750 ns
[2025-06-05T16:48:57.136+0000][683.496s][debug][safepoint   ] Safepoint synchronization initiated using futex wait barrier. (166 threads)
[2025-06-05T16:48:57.137+0000][683.498s][debug][safepoint   ] ... found polling page loop exception at pc = 0x0000ffff891939d8, stub =0x0000ffff8897ef00
[2025-06-05T16:48:57.138+0000][683.499s][info ][safepoint   ] Safepoint "ICBufferFull", Time since last: 484443542 ns, Reaching safepoint: 2016500 ns, Cleanup: 161416 ns, At safepoint: 23500 ns, Total: 2201416 ns
[2025-06-05T16:48:57.882+0000][684.243s][debug][safepoint   ] Safepoint synchronization initiated using futex wait barrier. (168 threads)
[2025-06-05T16:48:57.883+0000][684.243s][info ][safepoint   ] Safepoint "ICBufferFull", Time since last: 744040917 ns, Reaching safepoint: 356084 ns, Cleanup: 180416 ns, At safepoint: 10125 ns, Total: 546625 ns
[2025-06-05T16:48:58.207+0000][684.567s][debug][safepoint   ] Safepoint synchronization initiated using futex wait barrier. (170 threads)
[2025-06-05T16:48:58.207+0000][684.567s][info ][safepoint   ] Safepoint "ICBufferFull", Time since last: 324014667 ns, Reaching safepoint: 197417 ns, Cleanup: 91875 ns, At safepoint: 8458 ns, Total: 297750 ns
[2025-06-05T16:48:59.209+0000][685.570s][debug][safepoint   ] Safepoint synchronization initiated using futex wait barrier. (170 threads)
[2025-06-05T16:48:59.210+0000][685.571s][info ][safepoint   ] Safepoint "Cleanup", Time since last: 1002200792 ns, Reaching safepoint: 924542 ns, Cleanup: 169041 ns, At safepoint: 29959 ns, Total: 1123542 ns
[2025-06-05T16:49:01.212+0000][687.573s][debug][safepoint   ] Safepoint synchronization initiated using futex wait barrier. (170 threads)
[2025-06-05T16:49:01.216+0000][687.576s][info ][safepoint   ] Safepoint "Cleanup", Time since last: 2002137542 ns, Reaching safepoint: 2808167 ns, Cleanup: 446958 ns, At safepoint: 14334 ns, Total: 3269459 ns
[2025-06-05T16:49:02.224+0000][688.585s][debug][safepoint   ] Safepoint synchronization initiated using futex wait barrier. (170 threads)
[2025-06-05T16:49:02.248+0000][688.608s][info ][safepoint   ] Safepoint "Cleanup", Time since last: 1008624959 ns, Reaching safepoint: 16526958 ns, Cleanup: 6970833 ns, At safepoint: 62042 ns, Total: 23559833 ns
[2025-06-05T16:49:03.201+0000][689.628s][debug][safepoint   ] Safepoint synchronization initiated using futex wait barrier. (170 threads)
[2025-06-05T16:49:03.378+0000][689.805s][info ][safepoint   ] Safepoint "Cleanup", Time since last: 1019294708 ns, Reaching safepoint: 101560167 ns, Cleanup: 73500875 ns, At safepoint: 1895500 ns, Total: 176956542 ns
[2025-06-05T16:49:04.385+0000][690.812s][debug][safepoint   ] Safepoint synchronization initiated using futex wait barrier. (170 threads)
[2025-06-05T16:49:04.402+0000][690.829s][info ][safepoint   ] Safepoint "Cleanup", Time since last: 1007199501 ns, Reaching safepoint: 16964500 ns, Cleanup: 74958 ns, At safepoint: 58750 ns, Total: 17098208 ns
[2025-06-05T16:49:07.415+0000][693.842s][debug][safepoint   ] Safepoint synchronization initiated using futex wait barrier. (170 threads)
[2025-06-05T16:49:07.420+0000][693.847s][info ][safepoint   ] Safepoint "Cleanup", Time since last: 3011523210 ns, Reaching safepoint: 5741333 ns, Cleanup: 368750 ns, At safepoint: 35500 ns, Total: 6145583 ns
[2025-06-05T16:49:08.421+0000][694.847s][debug][safepoint   ] Safepoint synchronization initiated using futex wait barrier. (170 threads)
[2025-06-05T16:49:08.432+0000][694.859s][info ][safepoint   ] Safepoint "Cleanup", Time since last: 1000880501 ns, Reaching safepoint: 10866541 ns, Cleanup: 446500 ns, At safepoint: 37250 ns, Total: 11350291 ns
[2025-06-05T16:49:10.437+0000][696.863s][debug][safepoint   ] Safepoint synchronization initiated using futex wait barrier. (170 threads)
[2025-06-05T16:49:10.460+0000][696.887s][info ][safepoint   ] Safepoint "Cleanup", Time since last: 2004671251 ns, Reaching safepoint: 23634958 ns, Cleanup: 67709 ns, At safepoint: 38208 ns, Total: 23740875 ns
[2025-06-05T16:49:11.462+0000][697.889s][debug][safepoint   ] Safepoint synchronization initiated using futex wait barrier. (170 threads)
[2025-06-05T16:49:11.463+0000][697.890s][info ][safepoint   ] Safepoint "Cleanup", Time since last: 1001361917 ns, Reaching safepoint: 758250 ns, Cleanup: 234750 ns, At safepoint: 31500 ns, Total: 1024500 ns
[2025-06-05T16:49:12.498+0000][698.925s][debug][safepoint   ] Safepoint synchronization initiated using futex wait barrier. (170 threads)
[2025-06-05T16:49:12.607+0000][699.034s][info ][safepoint   ] Safepoint "Cleanup", Time since last: 1035162876 ns, Reaching safepoint: 107628458 ns, Cleanup: 747667 ns, At safepoint: 1075917 ns, Total: 109452042 ns
[2025-06-05T16:49:13.619+0000][700.046s][debug][safepoint   ] Safepoint synchronization initiated using futex wait barrier. (170 threads)
[2025-06-05T16:49:13.623+0000][700.050s][info ][safepoint   ] Safepoint "Cleanup", Time since last: 1005229792 ns, Reaching safepoint: 10126958 ns, Cleanup: 256958 ns, At safepoint: 29584 ns, Total: 10413500 ns
[2025-06-05T16:49:14.627+0000][701.054s][debug][safepoint   ] Safepoint synchronization initiated using futex wait barrier. (170 threads)
[2025-06-05T16:49:14.637+0000][701.064s][info ][safepoint   ] Safepoint "Cleanup", Time since last: 1003892375 ns, Reaching safepoint: 10298667 ns, Cleanup: 105791 ns, At safepoint: 30875 ns, Total: 10435333 ns
[2025-06-05T16:49:15.648+0000][702.075s][debug][safepoint   ] Safepoint synchronization initiated using futex wait barrier. (170 threads)
[2025-06-05T16:49:15.655+0000][702.082s][info ][safepoint   ] Safepoint "Cleanup", Time since last: 1010357959 ns, Reaching safepoint: 6478334 ns, Cleanup: 634458 ns, At safepoint: 31042 ns, Total: 7143834 ns
[2025-06-05T16:49:16.656+0000][703.083s][debug][safepoint   ] Safepoint synchronization initiated using futex wait barrier. (170 threads)
[2025-06-05T16:49:16.658+0000][703.084s][info ][safepoint   ] Safepoint "Cleanup", Time since last: 1001288833 ns, Reaching safepoint: 1324792 ns, Cleanup: 109000 ns, At safepoint: 4833 ns, Total: 1438625 ns
[2025-06-05T16:49:24.721+0000][711.148s][debug][safepoint   ] Safepoint synchronization initiated using futex wait barrier. (170 threads)
[2025-06-05T16:49:24.723+0000][711.149s][info ][safepoint   ] Safepoint "Cleanup", Time since last: 8063289088 ns, Reaching safepoint: 1585416 ns, Cleanup: 82625 ns, At safepoint: 15584 ns, Total: 1683625 ns
[2025-06-05T16:49:25.724+0000][712.151s][debug][safepoint   ] Safepoint synchronization initiated using futex wait barrier. (170 threads)
[2025-06-05T16:49:25.727+0000][712.154s][info ][safepoint   ] Safepoint "Cleanup", Time since last: 1001284750 ns, Reaching safepoint: 3494958 ns, Cleanup: 67000 ns, At safepoint: 16334 ns, Total: 3578292 ns
[2025-06-05T16:49:26.736+0000][713.163s][debug][safepoint   ] Safepoint synchronization initiated using futex wait barrier. (170 threads)
[2025-06-05T16:49:26.741+0000][713.168s][info ][safepoint   ] Safepoint "Cleanup", Time since last: 1006998625 ns, Reaching safepoint: 6201000 ns, Cleanup: 292417 ns, At safepoint: 16917 ns, Total: 6510334 ns
[2025-06-05T16:49:27.744+0000][714.171s][debug][safepoint   ] Safepoint synchronization initiated using futex wait barrier. (170 threads)
[2025-06-05T16:49:27.755+0000][714.182s][info ][safepoint   ] Safepoint "Cleanup", Time since last: 1003243625 ns, Reaching safepoint: 10607625 ns, Cleanup: 304958 ns, At safepoint: 76500 ns, Total: 10989083 ns
[2025-06-05T16:49:28.756+0000][715.183s][debug][safepoint   ] Safepoint synchronization initiated using futex wait barrier. (170 threads)
[2025-06-05T16:49:28.769+0000][715.196s][debug][safepoint   ] ... found polling page loop exception at pc = 0x0000ffff89193954, stub =0x0000ffff8897ef00
[2025-06-05T16:49:28.771+0000][715.197s][info ][safepoint   ] Safepoint "Cleanup", Time since last: 1000576709 ns, Reaching safepoint: 14753084 ns, Cleanup: 113416 ns, At safepoint: 52000 ns, Total: 14918500 ns
[2025-06-05T16:49:30.774+0000][717.201s][debug][safepoint   ] Safepoint synchronization initiated using futex wait barrier. (170 threads)
[2025-06-05T16:49:30.798+0000][717.225s][info ][safepoint   ] Safepoint "Cleanup", Time since last: 2003289876 ns, Reaching safepoint: 23685417 ns, Cleanup: 52042 ns, At safepoint: 621416 ns, Total: 24358875 ns
[2025-06-05T16:49:31.799+0000][718.226s][debug][safepoint   ] Safepoint synchronization initiated using futex wait barrier. (170 threads)
[2025-06-05T16:49:31.802+0000][718.228s][info ][safepoint   ] Safepoint "Cleanup", Time since last: 1000704251 ns, Reaching safepoint: 2070791 ns, Cleanup: 544125 ns, At safepoint: 8917 ns, Total: 2623833 ns
[2025-06-05T16:49:32.804+0000][719.231s][debug][safepoint   ] Safepoint synchronization initiated using futex wait barrier. (170 threads)
[2025-06-05T16:49:32.805+0000][719.232s][info ][safepoint   ] Safepoint "Cleanup", Time since last: 1002201459 ns, Reaching safepoint: 1263291 ns, Cleanup: 141209 ns, At safepoint: 33083 ns, Total: 1437583 ns
[2025-06-05T16:49:34.876+0000][721.235s][debug][safepoint   ] Safepoint synchronization initiated using futex wait barrier. (170 threads)
[2025-06-05T16:49:34.878+0000][721.237s][info ][safepoint   ] Safepoint "Cleanup", Time since last: 2002485917 ns, Reaching safepoint: 1892500 ns, Cleanup: 90875 ns, At safepoint: 226667 ns, Total: 2210042 ns
[2025-06-05T16:49:36.937+0000][723.295s][debug][safepoint   ] Safepoint synchronization initiated using futex wait barrier. (170 threads)
[2025-06-05T16:49:36.937+0000][723.296s][info ][safepoint   ] Safepoint "Cleanup", Time since last: 2058448126 ns, Reaching safepoint: 487250 ns, Cleanup: 53250 ns, At safepoint: 8042 ns, Total: 548542 ns
[2025-06-05T16:49:37.966+0000][724.325s][debug][safepoint   ] Safepoint synchronization initiated using futex wait barrier. (170 threads)
[2025-06-05T16:49:37.979+0000][724.337s][debug][safepoint   ] ... found polling page loop exception at pc = 0x0000ffff89a0f388, stub =0x0000ffff8897ef00
[2025-06-05T16:49:37.984+0000][724.342s][info ][safepoint   ] Safepoint "Cleanup", Time since last: 1028927250 ns, Reaching safepoint: 15582792 ns, Cleanup: 1846750 ns, At safepoint: 55750 ns, Total: 17485292 ns
[2025-06-05T16:49:38.990+0000][725.349s][debug][safepoint   ] Safepoint synchronization initiated using futex wait barrier. (170 threads)
[2025-06-05T16:49:38.993+0000][725.352s][debug][safepoint   ] ... found polling page loop exception at pc = 0x0000ffff8999ac30, stub =0x0000ffff8897ef00
[2025-06-05T16:49:39.066+0000][725.425s][info ][safepoint   ] Safepoint "Cleanup", Time since last: 1006290417 ns, Reaching safepoint: 4988083 ns, Cleanup: 258042 ns, At safepoint: 70824833 ns, Total: 76070958 ns
[2025-06-05T16:49:40.067+0000][726.426s][debug][safepoint   ] Safepoint synchronization initiated using futex wait barrier. (170 threads)
[2025-06-05T16:49:40.072+0000][726.430s][info ][safepoint   ] Safepoint "Cleanup", Time since last: 1001252168 ns, Reaching safepoint: 4393500 ns, Cleanup: 112000 ns, At safepoint: 143791 ns, Total: 4649291 ns
[2025-06-05T16:49:41.083+0000][727.442s][debug][safepoint   ] Safepoint synchronization initiated using futex wait barrier. (170 threads)
[2025-06-05T16:49:41.098+0000][727.457s][info ][safepoint   ] Safepoint "Cleanup", Time since last: 1011584334 ns, Reaching safepoint: 14401875 ns, Cleanup: 168333 ns, At safepoint: 33250 ns, Total: 14603458 ns
[2025-06-05T16:49:42.103+0000][728.462s][debug][safepoint   ] Safepoint synchronization initiated using futex wait barrier. (170 threads)
[2025-06-05T16:49:42.117+0000][728.475s][info ][safepoint   ] Safepoint "Cleanup", Time since last: 1005060543 ns, Reaching safepoint: 11294875 ns, Cleanup: 2087541 ns, At safepoint: 69834 ns, Total: 13452250 ns
[2025-06-05T16:49:43.187+0000][729.545s][debug][safepoint   ] Safepoint synchronization initiated using futex wait barrier. (170 threads)
[2025-06-05T16:49:43.355+0000][729.714s][info ][safepoint   ] Safepoint "Cleanup", Time since last: 1070268208 ns, Reaching safepoint: 163889250 ns, Cleanup: 192500 ns, At safepoint: 4298000 ns, Total: 168379750 ns
[2025-06-05T16:49:44.367+0000][730.726s][debug][safepoint   ] Safepoint synchronization initiated using futex wait barrier. (170 threads)
[2025-06-05T16:49:44.370+0000][730.729s][info ][safepoint   ] Safepoint "Cleanup", Time since last: 1011833543 ns, Reaching safepoint: 2875625 ns, Cleanup: 90500 ns, At safepoint: 35791 ns, Total: 3001916 ns
[2025-06-05T16:49:45.375+0000][731.733s][debug][safepoint   ] Safepoint synchronization initiated using futex wait barrier. (170 threads)
[2025-06-05T16:49:45.383+0000][731.742s][info ][safepoint   ] Safepoint "Cleanup", Time since last: 1004565709 ns, Reaching safepoint: 8375292 ns, Cleanup: 114708 ns, At safepoint: 42042 ns, Total: 8532042 ns
[2025-06-05T16:49:46.829+0000][733.187s][debug][safepoint   ] Safepoint synchronization initiated using futex wait barrier. (170 threads)
[2025-06-05T16:49:46.830+0000][733.189s][info ][safepoint   ] Safepoint "ICBufferFull", Time since last: 1445461084 ns, Reaching safepoint: 1072666 ns, Cleanup: 200500 ns, At safepoint: 22542 ns, Total: 1295708 ns
[2025-06-05T16:49:47.832+0000][734.191s][debug][safepoint   ] Safepoint synchronization initiated using futex wait barrier. (170 threads)
[2025-06-05T16:49:47.850+0000][734.208s][info ][safepoint   ] Safepoint "Cleanup", Time since last: 1002191126 ns, Reaching safepoint: 17259208 ns, Cleanup: 321708 ns, At safepoint: 24625 ns, Total: 17605541 ns
[2025-06-05T16:49:52.875+0000][739.234s][debug][safepoint   ] Safepoint synchronization initiated using futex wait barrier. (170 threads)
[2025-06-05T16:49:52.981+0000][739.339s][info ][safepoint   ] Safepoint "Cleanup", Time since last: 5024047003 ns, Reaching safepoint: 94679541 ns, Cleanup: 494959 ns, At safepoint: 11715625 ns, Total: 106890125 ns
[2025-06-05T16:49:53.982+0000][740.341s][debug][safepoint   ] Safepoint synchronization initiated using futex wait barrier. (167 threads)
[2025-06-05T16:49:53.983+0000][740.341s][info ][safepoint   ] Safepoint "Cleanup", Time since last: 1001365667 ns, Reaching safepoint: 719583 ns, Cleanup: 102292 ns, At safepoint: 5625 ns, Total: 827500 ns
[2025-06-05T16:49:55.082+0000][741.441s][debug][safepoint   ] Safepoint synchronization initiated using futex wait barrier. (167 threads)
[2025-06-05T16:49:55.089+0000][741.448s][info ][safepoint   ] Safepoint "Cleanup", Time since last: 1099162834 ns, Reaching safepoint: 5440625 ns, Cleanup: 1576416 ns, At safepoint: 44417 ns, Total: 7061458 ns
[2025-06-05T16:49:56.649+0000][743.008s][debug][safepoint   ] Safepoint synchronization initiated using futex wait barrier. (167 threads)
[2025-06-05T16:49:56.670+0000][743.029s][info ][gc,start    ] GC(67) Pause Young (Normal) (G1 Evacuation Pause)
[2025-06-05T16:49:56.671+0000][743.030s][info ][gc,task     ] GC(67) Using 2 workers of 2 for evacuation
[2025-06-05T16:49:57.364+0000][743.723s][info ][gc,mmu      ] GC(67) MMU target violated: 501.0ms (500.0ms/501.0ms)
[2025-06-05T16:49:57.365+0000][743.723s][info ][gc,phases   ] GC(67)   Pre Evacuate Collection Set: 16.7ms
[2025-06-05T16:49:57.365+0000][743.724s][info ][gc,phases   ] GC(67)   Merge Heap Roots: 6.7ms
[2025-06-05T16:49:57.365+0000][743.724s][info ][gc,phases   ] GC(67)   Evacuate Collection Set: 598.8ms
[2025-06-05T16:49:57.365+0000][743.724s][info ][gc,phases   ] GC(67)   Post Evacuate Collection Set: 69.4ms
[2025-06-05T16:49:57.365+0000][743.724s][info ][gc,phases   ] GC(67)   Other: 16.0ms
[2025-06-05T16:49:57.365+0000][743.724s][info ][gc,heap     ] GC(67) Eden regions: 254->0(249)
[2025-06-05T16:49:57.365+0000][743.724s][info ][gc,heap     ] GC(67) Survivor regions: 20->19(35)
[2025-06-05T16:49:57.365+0000][743.724s][info ][gc,heap     ] GC(67) Old regions: 142->149
[2025-06-05T16:49:57.365+0000][743.724s][info ][gc,heap     ] GC(67) Archive regions: 2->2
[2025-06-05T16:49:57.365+0000][743.724s][info ][gc,heap     ] GC(67) Humongous regions: 19->0
[2025-06-05T16:49:57.365+0000][743.724s][info ][gc,metaspace] GC(67) Metaspace: 176536K(177920K)->176536K(177920K) NonClass: 154894K(155584K)->154894K(155584K) Class: 21641K(22336K)->21641K(22336K)
[2025-06-05T16:49:57.366+0000][743.724s][info ][gc          ] GC(67) Pause Young (Normal) (G1 Evacuation Pause) 435M->168M(487M) 695.597ms
[2025-06-05T16:49:57.366+0000][743.725s][info ][gc,cpu      ] GC(67) User=1.38s Sys=0.00s Real=0.69s
[2025-06-05T16:49:57.367+0000][743.725s][info ][safepoint   ] Safepoint "G1CollectForAllocation", Time since last: 1560151334 ns, Reaching safepoint: 7590625 ns, Cleanup: 47750 ns, At safepoint: 709914542 ns, Total: 717552917 ns
[2025-06-05T16:49:58.531+0000][744.889s][debug][safepoint   ] Safepoint synchronization initiated using futex wait barrier. (167 threads)
[2025-06-05T16:49:58.532+0000][744.891s][info ][safepoint   ] Safepoint "Cleanup", Time since last: 1164047042 ns, Reaching safepoint: 967459 ns, Cleanup: 380458 ns, At safepoint: 4917 ns, Total: 1352834 ns
[2025-06-05T16:50:00.684+0000][747.043s][debug][safepoint   ] Safepoint synchronization initiated using futex wait barrier. (167 threads)
[2025-06-05T16:50:00.686+0000][747.045s][info ][safepoint   ] Safepoint "Cleanup", Time since last: 2151896959 ns, Reaching safepoint: 1814792 ns, Cleanup: 38666 ns, At safepoint: 32167 ns, Total: 1885625 ns
[2025-06-05T16:50:01.028+0000][747.386s][debug][safepoint   ] Safepoint synchronization initiated using futex wait barrier. (167 threads)
[2025-06-05T16:50:01.028+0000][747.387s][info ][safepoint   ] Safepoint "ICBufferFull", Time since last: 341929167 ns, Reaching safepoint: 183750 ns, Cleanup: 92208 ns, At safepoint: 9417 ns, Total: 285375 ns
[2025-06-05T16:50:02.034+0000][748.393s][debug][safepoint   ] Safepoint synchronization initiated using futex wait barrier. (167 threads)
[2025-06-05T16:50:02.045+0000][748.404s][info ][safepoint   ] Safepoint "Cleanup", Time since last: 1006286834 ns, Reaching safepoint: 9339041 ns, Cleanup: 1108334 ns, At safepoint: 29583 ns, Total: 10476958 ns
[2025-06-05T16:50:03.068+0000][749.425s][debug][safepoint   ] Safepoint synchronization initiated using futex wait barrier. (167 threads)
[2025-06-05T16:50:03.069+0000][749.427s][debug][safepoint   ] ... found polling page loop exception at pc = 0x0000ffff89043b7c, stub =0x0000ffff8897ef00
[2025-06-05T16:50:03.069+0000][749.427s][debug][safepoint   ] ... found polling page loop exception at pc = 0x0000ffff89043b7c, stub =0x0000ffff8897ef00
[2025-06-05T16:50:03.074+0000][749.431s][info ][safepoint   ] Safepoint "Cleanup", Time since last: 1021961291 ns, Reaching safepoint: 5046292 ns, Cleanup: 87792 ns, At safepoint: 617541 ns, Total: 5751625 ns
[2025-06-05T16:50:04.078+0000][750.436s][debug][safepoint   ] Safepoint synchronization initiated using futex wait barrier. (167 threads)
[2025-06-05T16:50:04.079+0000][750.436s][info ][safepoint   ] Safepoint "Cleanup", Time since last: 1004304459 ns, Reaching safepoint: 786958 ns, Cleanup: 91584 ns, At safepoint: 9875 ns, Total: 888417 ns
[2025-06-05T16:50:05.080+0000][751.437s][debug][safepoint   ] Safepoint synchronization initiated using futex wait barrier. (167 threads)
[2025-06-05T16:50:05.109+0000][751.467s][info ][safepoint   ] Safepoint "Cleanup", Time since last: 1000968084 ns, Reaching safepoint: 29381125 ns, Cleanup: 167500 ns, At safepoint: 106750 ns, Total: 29655375 ns
[2025-06-05T16:50:06.171+0000][752.528s][debug][safepoint   ] Safepoint synchronization initiated using futex wait barrier. (167 threads)
[2025-06-05T16:50:06.177+0000][752.534s][debug][safepoint   ] ... found polling page loop exception at pc = 0x0000ffff8965c8c8, stub =0x0000ffff8897ef00
[2025-06-05T16:50:06.178+0000][752.536s][info ][safepoint   ] Safepoint "Cleanup", Time since last: 1061165833 ns, Reaching safepoint: 7301375 ns, Cleanup: 310959 ns, At safepoint: 65041 ns, Total: 7677375 ns
[2025-06-05T16:50:07.186+0000][753.544s][debug][safepoint   ] Safepoint synchronization initiated using futex wait barrier. (168 threads)
[2025-06-05T16:50:07.187+0000][753.545s][info ][safepoint   ] Safepoint "Cleanup", Time since last: 1007645959 ns, Reaching safepoint: 1054250 ns, Cleanup: 190750 ns, At safepoint: 169000 ns, Total: 1414000 ns
[2025-06-05T16:50:08.188+0000][754.546s][debug][safepoint   ] Safepoint synchronization initiated using futex wait barrier. (168 threads)
[2025-06-05T16:50:08.191+0000][754.549s][info ][safepoint   ] Safepoint "Cleanup", Time since last: 1000708959 ns, Reaching safepoint: 2211750 ns, Cleanup: 615167 ns, At safepoint: 16916 ns, Total: 2843833 ns
[2025-06-05T16:50:09.192+0000][755.550s][debug][safepoint   ] Safepoint synchronization initiated using futex wait barrier. (168 threads)
[2025-06-05T16:50:09.196+0000][755.554s][info ][safepoint   ] Safepoint "Cleanup", Time since last: 1001533334 ns, Reaching safepoint: 3444458 ns, Cleanup: 170334 ns, At safepoint: 29833 ns, Total: 3644625 ns
[2025-06-05T16:50:10.197+0000][756.555s][debug][safepoint   ] Safepoint synchronization initiated using futex wait barrier. (168 threads)
[2025-06-05T16:50:10.199+0000][756.556s][info ][safepoint   ] Safepoint "Cleanup", Time since last: 1000896251 ns, Reaching safepoint: 1605416 ns, Cleanup: 122334 ns, At safepoint: 12708 ns, Total: 1740458 ns
[2025-06-05T16:50:11.202+0000][757.560s][debug][safepoint   ] Safepoint synchronization initiated using futex wait barrier. (169 threads)
[2025-06-05T16:50:11.208+0000][757.566s][info ][safepoint   ] Safepoint "Cleanup", Time since last: 1003870792 ns, Reaching safepoint: 4126500 ns, Cleanup: 1231458 ns, At safepoint: 373834 ns, Total: 5731792 ns
[2025-06-05T16:50:12.278+0000][758.636s][debug][safepoint   ] Safepoint synchronization initiated using futex wait barrier. (175 threads)
[2025-06-05T16:50:12.284+0000][758.641s][debug][safepoint   ] ... found polling page loop exception at pc = 0x0000ffff89a8cfd4, stub =0x0000ffff8897ef00
[2025-06-05T16:50:12.284+0000][758.641s][debug][safepoint   ] ... found polling page loop exception at pc = 0x0000ffff89a8cfd4, stub =0x0000ffff8897ef00
[2025-06-05T16:50:12.284+0000][758.642s][debug][safepoint   ] ... found polling page loop exception at pc = 0x0000ffff89a8cfd4, stub =0x0000ffff8897ef00
[2025-06-05T16:50:12.284+0000][758.642s][debug][safepoint   ] ... found polling page loop exception at pc = 0x0000ffff89a8d354, stub =0x0000ffff8897ef00
[2025-06-05T16:50:12.284+0000][758.642s][debug][safepoint   ] ... found polling page loop exception at pc = 0x0000ffff89a8d354, stub =0x0000ffff8897ef00
[2025-06-05T16:50:12.301+0000][758.658s][info ][safepoint   ] Safepoint "Cleanup", Time since last: 1069706959 ns, Reaching safepoint: 14532666 ns, Cleanup: 5084667 ns, At safepoint: 3105083 ns, Total: 22722416 ns
[2025-06-05T16:50:13.899+0000][760.257s][debug][safepoint   ] Safepoint synchronization initiated using futex wait barrier. (176 threads)
[2025-06-05T16:50:13.900+0000][760.258s][info ][safepoint   ] Safepoint "Cleanup", Time since last: 1598582418 ns, Reaching safepoint: 753916 ns, Cleanup: 183375 ns, At safepoint: 4792 ns, Total: 942083 ns
[2025-06-05T16:50:14.601+0000][760.959s][debug][safepoint   ] Safepoint synchronization initiated using futex wait barrier. (176 threads)
[2025-06-05T16:50:14.603+0000][760.960s][info ][gc,start    ] GC(68) Pause Young (Normal) (G1 Evacuation Pause)
[2025-06-05T16:50:14.603+0000][760.961s][info ][gc,task     ] GC(68) Using 2 workers of 2 for evacuation
[2025-06-05T16:50:14.896+0000][761.253s][info ][gc,phases   ] GC(68)   Pre Evacuate Collection Set: 3.3ms
[2025-06-05T16:50:14.896+0000][761.254s][info ][gc,phases   ] GC(68)   Merge Heap Roots: 1.1ms
[2025-06-05T16:50:14.896+0000][761.254s][info ][gc,phases   ] GC(68)   Evacuate Collection Set: 266.0ms
[2025-06-05T16:50:14.896+0000][761.254s][info ][gc,phases   ] GC(68)   Post Evacuate Collection Set: 21.1ms
[2025-06-05T16:50:14.896+0000][761.254s][info ][gc,phases   ] GC(68)   Other: 2.1ms
[2025-06-05T16:50:14.896+0000][761.254s][info ][gc,heap     ] GC(68) Eden regions: 249->0(245)
[2025-06-05T16:50:14.896+0000][761.254s][info ][gc,heap     ] GC(68) Survivor regions: 19->18(34)
[2025-06-05T16:50:14.896+0000][761.254s][info ][gc,heap     ] GC(68) Old regions: 149->155
[2025-06-05T16:50:14.896+0000][761.254s][info ][gc,heap     ] GC(68) Archive regions: 2->2
[2025-06-05T16:50:14.896+0000][761.254s][info ][gc,heap     ] GC(68) Humongous regions: 1->0
[2025-06-05T16:50:14.896+0000][761.254s][info ][gc,metaspace] GC(68) Metaspace: 178479K(179840K)->178479K(179840K) NonClass: 156649K(157376K)->156649K(157376K) Class: 21830K(22464K)->21830K(22464K)
[2025-06-05T16:50:14.896+0000][761.254s][info ][gc          ] GC(68) Pause Young (Normal) (G1 Evacuation Pause) 418M->173M(487M) 293.737ms
[2025-06-05T16:50:14.897+0000][761.254s][info ][gc,cpu      ] GC(68) User=0.58s Sys=0.00s Real=0.29s
[2025-06-05T16:50:14.897+0000][761.255s][info ][safepoint   ] Safepoint "G1CollectForAllocation", Time since last: 701207250 ns, Reaching safepoint: 157917 ns, Cleanup: 49417 ns, At safepoint: 295402958 ns, Total: 295610292 ns
[2025-06-05T16:50:15.347+0000][761.704s][debug][safepoint   ] Safepoint synchronization initiated using futex wait barrier. (176 threads)
[2025-06-05T16:50:15.348+0000][761.706s][info ][safepoint   ] Safepoint "ICBufferFull", Time since last: 449787625 ns, Reaching safepoint: 950209 ns, Cleanup: 131958 ns, At safepoint: 4417 ns, Total: 1086584 ns
[2025-06-05T16:50:16.349+0000][762.707s][debug][safepoint   ] Safepoint synchronization initiated using futex wait barrier. (177 threads)
[2025-06-05T16:50:16.351+0000][762.708s][info ][safepoint   ] Safepoint "Cleanup", Time since last: 1001401875 ns, Reaching safepoint: 1283542 ns, Cleanup: 206417 ns, At safepoint: 15916 ns, Total: 1505875 ns
[2025-06-05T16:50:20.356+0000][766.713s][debug][safepoint   ] Safepoint synchronization initiated using futex wait barrier. (177 threads)
[2025-06-05T16:50:20.357+0000][766.715s][info ][safepoint   ] Safepoint "Cleanup", Time since last: 4004990627 ns, Reaching safepoint: 1447542 ns, Cleanup: 172708 ns, At safepoint: 12458 ns, Total: 1632708 ns
[2025-06-05T16:50:21.367+0000][767.725s][debug][safepoint   ] Safepoint synchronization initiated using futex wait barrier. (177 threads)
[2025-06-05T16:50:21.375+0000][767.732s][info ][safepoint   ] Safepoint "Cleanup", Time since last: 1009984293 ns, Reaching safepoint: 6518708 ns, Cleanup: 467292 ns, At safepoint: 157958 ns, Total: 7143958 ns
[2025-06-05T16:50:22.499+0000][768.856s][debug][safepoint   ] Safepoint synchronization initiated using futex wait barrier. (177 threads)
[2025-06-05T16:50:22.503+0000][768.861s][info ][safepoint   ] Safepoint "Cleanup", Time since last: 1123967084 ns, Reaching safepoint: 3872958 ns, Cleanup: 596083 ns, At safepoint: 24084 ns, Total: 4493125 ns
[2025-06-05T16:50:23.506+0000][769.864s][debug][safepoint   ] Safepoint synchronization initiated using futex wait barrier. (177 threads)
[2025-06-05T16:50:23.508+0000][769.866s][info ][safepoint   ] Safepoint "Cleanup", Time since last: 1003312209 ns, Reaching safepoint: 1509333 ns, Cleanup: 166917 ns, At safepoint: 12291 ns, Total: 1688541 ns
[2025-06-05T16:50:24.510+0000][770.868s][debug][safepoint   ] Safepoint synchronization initiated using futex wait barrier. (177 threads)
[2025-06-05T16:50:24.517+0000][770.875s][info ][safepoint   ] Safepoint "Cleanup", Time since last: 1002223042 ns, Reaching safepoint: 6768625 ns, Cleanup: 92542 ns, At safepoint: 6125 ns, Total: 6867292 ns
[2025-06-05T16:50:25.518+0000][771.875s][debug][safepoint   ] Safepoint synchronization initiated using futex wait barrier. (177 threads)
[2025-06-05T16:50:25.520+0000][771.877s][debug][safepoint   ] ... found polling page loop exception at pc = 0x0000ffff89da4f9c, stub =0x0000ffff8897ef00
[2025-06-05T16:50:25.522+0000][771.880s][info ][safepoint   ] Safepoint "Cleanup", Time since last: 1000655834 ns, Reaching safepoint: 4054458 ns, Cleanup: 465917 ns, At safepoint: 37625 ns, Total: 4558000 ns
[2025-06-05T16:50:26.527+0000][772.885s][debug][safepoint   ] Safepoint synchronization initiated using futex wait barrier. (177 threads)
[2025-06-05T16:50:26.571+0000][772.929s][info ][safepoint   ] Safepoint "Cleanup", Time since last: 1004743459 ns, Reaching safepoint: 42566666 ns, Cleanup: 656667 ns, At safepoint: 1039667 ns, Total: 44263000 ns
[2025-06-05T16:50:27.573+0000][773.931s][debug][safepoint   ] Safepoint synchronization initiated using futex wait barrier. (177 threads)
[2025-06-05T16:50:27.582+0000][773.939s][info ][safepoint   ] Safepoint "Cleanup", Time since last: 1002096292 ns, Reaching safepoint: 7494958 ns, Cleanup: 630500 ns, At safepoint: 65792 ns, Total: 8191250 ns
[2025-06-05T16:50:28.584+0000][774.941s][debug][safepoint   ] Safepoint synchronization initiated using futex wait barrier. (177 threads)
[2025-06-05T16:50:28.587+0000][774.945s][info ][safepoint   ] Safepoint "Cleanup", Time since last: 1002136375 ns, Reaching safepoint: 3254042 ns, Cleanup: 35042 ns, At safepoint: 9708 ns, Total: 3298792 ns
[2025-06-05T16:50:29.589+0000][775.947s][debug][safepoint   ] Safepoint synchronization initiated using futex wait barrier. (177 threads)
[2025-06-05T16:50:29.590+0000][775.948s][info ][safepoint   ] Safepoint "Cleanup", Time since last: 1002169251 ns, Reaching safepoint: 997166 ns, Cleanup: 198250 ns, At safepoint: 66625 ns, Total: 1262041 ns
[2025-06-05T16:50:30.593+0000][776.951s][debug][safepoint   ] Safepoint synchronization initiated using futex wait barrier. (177 threads)
[2025-06-05T16:50:30.595+0000][776.952s][info ][safepoint   ] Safepoint "Cleanup", Time since last: 1002493792 ns, Reaching safepoint: 1715792 ns, Cleanup: 47042 ns, At safepoint: 9375 ns, Total: 1772209 ns
[2025-06-05T16:50:34.596+0000][780.960s][debug][safepoint   ] Safepoint synchronization initiated using futex wait barrier. (177 threads)
[2025-06-05T16:50:34.599+0000][780.962s][info ][safepoint   ] Safepoint "Cleanup", Time since last: 4007159293 ns, Reaching safepoint: 2403667 ns, Cleanup: 220375 ns, At safepoint: 13166 ns, Total: 2637208 ns
[2025-06-05T16:50:36.375+0000][782.739s][debug][safepoint   ] Safepoint synchronization initiated using futex wait barrier. (177 threads)
[2025-06-05T16:50:36.378+0000][782.741s][info ][safepoint   ] Safepoint "Cleanup", Time since last: 1776276501 ns, Reaching safepoint: 2386208 ns, Cleanup: 432875 ns, At safepoint: 28375 ns, Total: 2847458 ns
[2025-06-05T16:50:37.385+0000][783.748s][debug][safepoint   ] Safepoint synchronization initiated using futex wait barrier. (177 threads)
[2025-06-05T16:50:37.386+0000][783.750s][info ][safepoint   ] Safepoint "Cleanup", Time since last: 1006810168 ns, Reaching safepoint: 1269791 ns, Cleanup: 227292 ns, At safepoint: 23250 ns, Total: 1520333 ns
[2025-06-05T16:50:38.387+0000][784.751s][debug][safepoint   ] Safepoint synchronization initiated using futex wait barrier. (177 threads)
[2025-06-05T16:50:38.389+0000][784.752s][info ][safepoint   ] Safepoint "Cleanup", Time since last: 1000879750 ns, Reaching safepoint: 1483084 ns, Cleanup: 48125 ns, At safepoint: 6958 ns, Total: 1538167 ns
[2025-06-05T16:50:39.391+0000][785.755s][debug][safepoint   ] Safepoint synchronization initiated using futex wait barrier. (177 threads)
[2025-06-05T16:50:39.392+0000][785.756s][info ][safepoint   ] Safepoint "Cleanup", Time since last: 1002670834 ns, Reaching safepoint: 692250 ns, Cleanup: 71750 ns, At safepoint: 5833 ns, Total: 769833 ns
[2025-06-05T16:50:40.394+0000][786.758s][debug][safepoint   ] Safepoint synchronization initiated using futex wait barrier. (177 threads)
[2025-06-05T16:50:40.396+0000][786.759s][info ][safepoint   ] Safepoint "Cleanup", Time since last: 1001984626 ns, Reaching safepoint: 1482750 ns, Cleanup: 158833 ns, At safepoint: 31167 ns, Total: 1672750 ns
[2025-06-05T16:50:43.401+0000][789.764s][debug][safepoint   ] Safepoint synchronization initiated using futex wait barrier. (177 threads)
[2025-06-05T16:50:43.403+0000][789.766s][info ][safepoint   ] Safepoint "Cleanup", Time since last: 3004798251 ns, Reaching safepoint: 2053500 ns, Cleanup: 103167 ns, At safepoint: 36583 ns, Total: 2193250 ns
[2025-06-05T16:50:48.411+0000][794.774s][debug][safepoint   ] Safepoint synchronization initiated using futex wait barrier. (177 threads)
[2025-06-05T16:50:48.414+0000][794.777s][info ][safepoint   ] Safepoint "Cleanup", Time since last: 5007899461 ns, Reaching safepoint: 2634667 ns, Cleanup: 314333 ns, At safepoint: 17875 ns, Total: 2966875 ns
[2025-06-05T16:50:49.416+0000][795.779s][debug][safepoint   ] Safepoint synchronization initiated using futex wait barrier. (177 threads)
[2025-06-05T16:50:49.417+0000][795.780s][info ][safepoint   ] Safepoint "Cleanup", Time since last: 1001878750 ns, Reaching safepoint: 925292 ns, Cleanup: 57917 ns, At safepoint: 69708 ns, Total: 1052917 ns
[2025-06-05T16:50:52.421+0000][798.784s][debug][safepoint   ] Safepoint synchronization initiated using futex wait barrier. (177 threads)
[2025-06-05T16:50:52.421+0000][798.785s][info ][safepoint   ] Safepoint "Cleanup", Time since last: 3003988335 ns, Reaching safepoint: 841250 ns, Cleanup: 78291 ns, At safepoint: 5042 ns, Total: 924583 ns
[2025-06-05T16:50:53.423+0000][799.787s][debug][safepoint   ] Safepoint synchronization initiated using futex wait barrier. (176 threads)
[2025-06-05T16:50:53.424+0000][799.787s][info ][safepoint   ] Safepoint "Cleanup", Time since last: 1001880126 ns, Reaching safepoint: 163041 ns, Cleanup: 55917 ns, At safepoint: 67875 ns, Total: 286833 ns
[2025-06-05T16:50:54.436+0000][800.799s][debug][safepoint   ] Safepoint synchronization initiated using futex wait barrier. (176 threads)
[2025-06-05T16:50:54.442+0000][800.805s][info ][safepoint   ] Safepoint "Cleanup", Time since last: 1012216625 ns, Reaching safepoint: 5739834 ns, Cleanup: 175041 ns, At safepoint: 8834 ns, Total: 5923709 ns
[2025-06-05T16:51:01.459+0000][807.823s][debug][safepoint   ] Safepoint synchronization initiated using futex wait barrier. (176 threads)
[2025-06-05T16:51:01.469+0000][807.833s][info ][safepoint   ] Safepoint "Cleanup", Time since last: 7016718295 ns, Reaching safepoint: 10679708 ns, Cleanup: 125292 ns, At safepoint: 43416 ns, Total: 10848416 ns
[2025-06-05T16:51:02.470+0000][808.834s][debug][safepoint   ] Safepoint synchronization initiated using futex wait barrier. (176 threads)
[2025-06-05T16:51:02.472+0000][808.835s][info ][safepoint   ] Safepoint "Cleanup", Time since last: 1000765501 ns, Reaching safepoint: 956792 ns, Cleanup: 430291 ns, At safepoint: 60500 ns, Total: 1447583 ns
[2025-06-05T16:51:03.480+0000][809.837s][debug][safepoint   ] Safepoint synchronization initiated using futex wait barrier. (176 threads)
[2025-06-05T16:51:03.481+0000][809.838s][info ][safepoint   ] Safepoint "Cleanup", Time since last: 1001598417 ns, Reaching safepoint: 864541 ns, Cleanup: 69250 ns, At safepoint: 18417 ns, Total: 952208 ns
[2025-06-05T16:51:06.485+0000][812.842s][debug][safepoint   ] Safepoint synchronization initiated using futex wait barrier. (176 threads)
[2025-06-05T16:51:06.486+0000][812.843s][info ][safepoint   ] Safepoint "Cleanup", Time since last: 3004137835 ns, Reaching safepoint: 790458 ns, Cleanup: 89125 ns, At safepoint: 41417 ns, Total: 921000 ns
[2025-06-05T16:51:07.487+0000][813.844s][debug][safepoint   ] Safepoint synchronization initiated using futex wait barrier. (176 threads)
[2025-06-05T16:51:07.488+0000][813.844s][info ][safepoint   ] Safepoint "Cleanup", Time since last: 1001051042 ns, Reaching safepoint: 399583 ns, Cleanup: 45542 ns, At safepoint: 13625 ns, Total: 458750 ns
[2025-06-05T16:51:08.488+0000][814.845s][debug][safepoint   ] Safepoint synchronization initiated using futex wait barrier. (176 threads)
[2025-06-05T16:51:08.490+0000][814.847s][info ][safepoint   ] Safepoint "Cleanup", Time since last: 1000544459 ns, Reaching safepoint: 1724833 ns, Cleanup: 212792 ns, At safepoint: 42500 ns, Total: 1980125 ns
[2025-06-05T16:51:13.498+0000][819.854s][debug][safepoint   ] Safepoint synchronization initiated using futex wait barrier. (176 threads)
[2025-06-05T16:51:13.501+0000][819.857s][info ][safepoint   ] Safepoint "Cleanup", Time since last: 5007333794 ns, Reaching safepoint: 3188875 ns, Cleanup: 194792 ns, At safepoint: 58458 ns, Total: 3442125 ns
[2025-06-05T16:51:16.507+0000][822.863s][debug][safepoint   ] Safepoint synchronization initiated using futex wait barrier. (176 threads)
[2025-06-05T16:51:16.508+0000][822.865s][info ][safepoint   ] Safepoint "Cleanup", Time since last: 3005590085 ns, Reaching safepoint: 1168375 ns, Cleanup: 541625 ns, At safepoint: 31375 ns, Total: 1741375 ns
[2025-06-05T16:51:17.509+0000][823.865s][debug][safepoint   ] Safepoint synchronization initiated using futex wait barrier. (176 threads)
[2025-06-05T16:51:17.510+0000][823.866s][info ][safepoint   ] Safepoint "Cleanup", Time since last: 1000734167 ns, Reaching safepoint: 949708 ns, Cleanup: 62417 ns, At safepoint: 4208 ns, Total: 1016333 ns
[2025-06-05T16:51:19.515+0000][825.872s][debug][safepoint   ] Safepoint synchronization initiated using futex wait barrier. (176 threads)
[2025-06-05T16:51:19.523+0000][825.880s][info ][safepoint   ] Safepoint "Cleanup", Time since last: 2005055418 ns, Reaching safepoint: 7800375 ns, Cleanup: 271208 ns, At safepoint: 107708 ns, Total: 8179291 ns
[2025-06-05T16:51:20.524+0000][826.881s][debug][safepoint   ] Safepoint synchronization initiated using futex wait barrier. (176 threads)
[2025-06-05T16:51:20.526+0000][826.882s][info ][safepoint   ] Safepoint "Cleanup", Time since last: 1000833918 ns, Reaching safepoint: 1320625 ns, Cleanup: 112875 ns, At safepoint: 7875 ns, Total: 1441375 ns
[2025-06-05T16:51:21.527+0000][827.883s][debug][safepoint   ] Safepoint synchronization initiated using futex wait barrier. (176 threads)
[2025-06-05T16:51:21.528+0000][827.885s][info ][safepoint   ] Safepoint "Cleanup", Time since last: 1001341208 ns, Reaching safepoint: 1265417 ns, Cleanup: 122667 ns, At safepoint: 10666 ns, Total: 1398750 ns
[2025-06-05T16:51:23.530+0000][829.887s][debug][safepoint   ] Safepoint synchronization initiated using futex wait barrier. (176 threads)
[2025-06-05T16:51:23.535+0000][829.891s][info ][safepoint   ] Safepoint "Cleanup", Time since last: 2001753001 ns, Reaching safepoint: 1980875 ns, Cleanup: 1427042 ns, At safepoint: 1273417 ns, Total: 4681334 ns
[2025-06-05T16:51:32.630+0000][838.987s][debug][safepoint   ] Safepoint synchronization initiated using futex wait barrier. (176 threads)
[2025-06-05T16:51:32.677+0000][839.033s][info ][safepoint   ] Safepoint "Cleanup", Time since last: 9095678504 ns, Reaching safepoint: 44785250 ns, Cleanup: 134917 ns, At safepoint: 1151458 ns, Total: 46071625 ns
[2025-06-05T16:51:33.681+0000][840.037s][debug][safepoint   ] Safepoint synchronization initiated using futex wait barrier. (176 threads)
[2025-06-05T16:51:33.685+0000][840.041s][info ][safepoint   ] Safepoint "Cleanup", Time since last: 1003648708 ns, Reaching safepoint: 3899709 ns, Cleanup: 119458 ns, At safepoint: 14333 ns, Total: 4033500 ns
[2025-06-05T16:51:38.487+0000][844.843s][debug][safepoint   ] Safepoint synchronization initiated using futex wait barrier. (176 threads)
[2025-06-05T16:51:38.503+0000][844.859s][info ][safepoint   ] Safepoint "Cleanup", Time since last: 4802315169 ns, Reaching safepoint: 12420250 ns, Cleanup: 177584 ns, At safepoint: 3700125 ns, Total: 16297959 ns
[2025-06-05T16:51:41.509+0000][847.865s][debug][safepoint   ] Safepoint synchronization initiated using futex wait barrier. (176 threads)
[2025-06-05T16:51:41.570+0000][847.926s][debug][safepoint   ] ... found polling page loop exception at pc = 0x0000ffff88fe2a98, stub =0x0000ffff8897ef00
[2025-06-05T16:51:41.576+0000][847.932s][info ][safepoint   ] Safepoint "Cleanup", Time since last: 3005675668 ns, Reaching safepoint: 66191167 ns, Cleanup: 236000 ns, At safepoint: 231666 ns, Total: 66658833 ns
[2025-06-05T16:51:42.581+0000][848.937s][debug][safepoint   ] Safepoint synchronization initiated using futex wait barrier. (176 threads)
[2025-06-05T16:51:42.587+0000][848.943s][info ][safepoint   ] Safepoint "Cleanup", Time since last: 1005474042 ns, Reaching safepoint: 5408000 ns, Cleanup: 164500 ns, At safepoint: 32584 ns, Total: 5605084 ns
[2025-06-05T16:51:43.589+0000][849.945s][debug][safepoint   ] Safepoint synchronization initiated using futex wait barrier. (176 threads)
[2025-06-05T16:51:43.591+0000][849.947s][info ][safepoint   ] Safepoint "Cleanup", Time since last: 1001927917 ns, Reaching safepoint: 2297583 ns, Cleanup: 173292 ns, At safepoint: 35000 ns, Total: 2505875 ns
[2025-06-05T16:51:44.593+0000][850.949s][debug][safepoint   ] Safepoint synchronization initiated using futex wait barrier. (176 threads)
[2025-06-05T16:51:45.031+0000][851.387s][info ][safepoint   ] Safepoint "Cleanup", Time since last: 1002071125 ns, Reaching safepoint: 436407792 ns, Cleanup: 641709 ns, At safepoint: 1299000 ns, Total: 438348501 ns
[2025-06-05T16:51:45.127+0000][851.483s][debug][safepoint   ] Safepoint synchronization initiated using futex wait barrier. (176 threads)
[2025-06-05T16:51:45.129+0000][851.485s][info ][gc,start    ] GC(69) Pause Young (Normal) (G1 Evacuation Pause)
[2025-06-05T16:51:45.130+0000][851.486s][info ][gc,task     ] GC(69) Using 2 workers of 2 for evacuation
[2025-06-05T16:51:46.193+0000][852.549s][info ][gc,mmu      ] GC(69) MMU target violated: 501.0ms (500.0ms/501.0ms)
[2025-06-05T16:51:46.195+0000][852.551s][info ][gc,phases   ] GC(69)   Pre Evacuate Collection Set: 8.0ms
[2025-06-05T16:51:46.195+0000][852.551s][info ][gc,phases   ] GC(69)   Merge Heap Roots: 3.3ms
[2025-06-05T16:51:46.195+0000][852.551s][info ][gc,phases   ] GC(69)   Evacuate Collection Set: 973.3ms
[2025-06-05T16:51:46.195+0000][852.551s][info ][gc,phases   ] GC(69)   Post Evacuate Collection Set: 77.3ms
[2025-06-05T16:51:46.195+0000][852.551s][info ][gc,phases   ] GC(69)   Other: 5.1ms
[2025-06-05T16:51:46.195+0000][852.551s][info ][gc,heap     ] GC(69) Eden regions: 245->0(243)
[2025-06-05T16:51:46.195+0000][852.551s][info ][gc,heap     ] GC(69) Survivor regions: 18->14(33)
[2025-06-05T16:51:46.195+0000][852.551s][info ][gc,heap     ] GC(69) Old regions: 155->163
[2025-06-05T16:51:46.195+0000][852.551s][info ][gc,heap     ] GC(69) Archive regions: 2->2
[2025-06-05T16:51:46.195+0000][852.551s][info ][gc,heap     ] GC(69) Humongous regions: 0->0
[2025-06-05T16:51:46.195+0000][852.551s][info ][gc,metaspace] GC(69) Metaspace: 180364K(181696K)->180364K(181696K) NonClass: 158441K(159104K)->158441K(159104K) Class: 21923K(22592K)->21923K(22592K)
[2025-06-05T16:51:46.196+0000][852.552s][info ][gc          ] GC(69) Pause Young (Normal) (G1 Evacuation Pause) 418M->176M(487M) 1066.653ms
[2025-06-05T16:51:46.197+0000][852.553s][info ][gc,cpu      ] GC(69) User=2.08s Sys=0.04s Real=1.07s
[2025-06-05T16:51:46.207+0000][852.563s][info ][safepoint   ] Safepoint "G1CollectForAllocation", Time since last: 95274250 ns, Reaching safepoint: 122375 ns, Cleanup: 195666 ns, At safepoint: 1080354959 ns, Total: 1080673000 ns
[2025-06-05T16:51:47.213+0000][853.569s][debug][safepoint   ] Safepoint synchronization initiated using futex wait barrier. (176 threads)
[2025-06-05T16:51:47.236+0000][853.592s][info ][safepoint   ] Safepoint "Cleanup", Time since last: 1005129834 ns, Reaching safepoint: 18727000 ns, Cleanup: 4534125 ns, At safepoint: 324125 ns, Total: 23585250 ns
[2025-06-05T16:51:48.237+0000][854.593s][debug][safepoint   ] Safepoint synchronization initiated using futex wait barrier. (176 threads)
[2025-06-05T16:51:48.238+0000][854.594s][info ][safepoint   ] Safepoint "Cleanup", Time since last: 1001310084 ns, Reaching safepoint: 633541 ns, Cleanup: 52709 ns, At safepoint: 5291 ns, Total: 691541 ns
[2025-06-05T16:51:49.471+0000][855.827s][debug][safepoint   ] Safepoint synchronization initiated using futex wait barrier. (176 threads)
[2025-06-05T16:51:49.474+0000][855.830s][info ][safepoint   ] Safepoint "Cleanup", Time since last: 1232311376 ns, Reaching safepoint: 2400333 ns, Cleanup: 1296000 ns, At safepoint: 48500 ns, Total: 3744833 ns
[2025-06-05T16:51:51.477+0000][857.833s][debug][safepoint   ] Safepoint synchronization initiated using futex wait barrier. (176 threads)
[2025-06-05T16:51:51.480+0000][857.836s][info ][safepoint   ] Safepoint "Cleanup", Time since last: 2002644668 ns, Reaching safepoint: 3059542 ns, Cleanup: 99666 ns, At safepoint: 13084 ns, Total: 3172292 ns
[2025-06-05T16:51:53.838+0000][860.194s][debug][safepoint   ] Safepoint synchronization initiated using futex wait barrier. (176 threads)
[2025-06-05T16:51:53.838+0000][860.194s][info ][safepoint   ] Safepoint "Cleanup", Time since last: 2357632042 ns, Reaching safepoint: 465667 ns, Cleanup: 45292 ns, At safepoint: 9041 ns, Total: 520000 ns
[2025-06-05T16:51:54.840+0000][861.196s][debug][safepoint   ] Safepoint synchronization initiated using futex wait barrier. (176 threads)
[2025-06-05T16:51:54.842+0000][861.198s][info ][safepoint   ] Safepoint "Cleanup", Time since last: 1001682543 ns, Reaching safepoint: 2046875 ns, Cleanup: 451375 ns, At safepoint: 54916 ns, Total: 2553166 ns
[2025-06-05T16:51:57.636+0000][863.992s][debug][safepoint   ] Safepoint synchronization initiated using futex wait barrier. (176 threads)
[2025-06-05T16:51:57.637+0000][863.993s][info ][safepoint   ] Safepoint "Cleanup", Time since last: 2793234752 ns, Reaching safepoint: 1049833 ns, Cleanup: 180042 ns, At safepoint: 11708 ns, Total: 1241583 ns
[2025-06-05T16:51:58.639+0000][864.995s][debug][safepoint   ] Safepoint synchronization initiated using futex wait barrier. (176 threads)
[2025-06-05T16:51:58.641+0000][864.997s][info ][safepoint   ] Safepoint "Cleanup", Time since last: 1001662750 ns, Reaching safepoint: 1868500 ns, Cleanup: 666625 ns, At safepoint: 29459 ns, Total: 2564584 ns
[2025-06-05T16:51:59.892+0000][866.248s][debug][safepoint   ] Safepoint synchronization initiated using futex wait barrier. (176 threads)
[2025-06-05T16:51:59.893+0000][866.249s][info ][safepoint   ] Safepoint "Cleanup", Time since last: 1250644750 ns, Reaching safepoint: 1248125 ns, Cleanup: 168834 ns, At safepoint: 24750 ns, Total: 1441709 ns
[2025-06-05T16:52:00.974+0000][867.330s][debug][safepoint   ] Safepoint synchronization initiated using futex wait barrier. (176 threads)
[2025-06-05T16:52:00.980+0000][867.336s][info ][safepoint   ] Safepoint "Cleanup", Time since last: 1081156792 ns, Reaching safepoint: 5402583 ns, Cleanup: 108375 ns, At safepoint: 23542 ns, Total: 5534500 ns
[2025-06-05T16:52:02.984+0000][869.340s][debug][safepoint   ] Safepoint synchronization initiated using futex wait barrier. (176 threads)
[2025-06-05T16:52:02.984+0000][869.340s][info ][safepoint   ] Safepoint "Cleanup", Time since last: 2003846084 ns, Reaching safepoint: 675833 ns, Cleanup: 68584 ns, At safepoint: 5708 ns, Total: 750125 ns
[2025-06-05T16:52:03.976+0000][870.342s][debug][safepoint   ] Safepoint synchronization initiated using futex wait barrier. (176 threads)
[2025-06-05T16:52:03.979+0000][870.345s][info ][safepoint   ] Safepoint "Cleanup", Time since last: 1001514583 ns, Reaching safepoint: 3393375 ns, Cleanup: 85500 ns, At safepoint: 14292 ns, Total: 3493167 ns
[2025-06-05T16:52:10.987+0000][877.354s][debug][safepoint   ] Safepoint synchronization initiated using futex wait barrier. (176 threads)
[2025-06-05T16:52:10.989+0000][877.356s][info ][safepoint   ] Safepoint "Cleanup", Time since last: 7008126670 ns, Reaching safepoint: 1944958 ns, Cleanup: 103042 ns, At safepoint: 12917 ns, Total: 2060917 ns
[2025-06-05T16:52:11.991+0000][878.357s][debug][safepoint   ] Safepoint synchronization initiated using futex wait barrier. (176 threads)
[2025-06-05T16:52:11.993+0000][878.359s][info ][safepoint   ] Safepoint "Cleanup", Time since last: 1001663917 ns, Reaching safepoint: 1864791 ns, Cleanup: 202709 ns, At safepoint: 6791 ns, Total: 2074291 ns
[2025-06-05T16:52:12.994+0000][879.361s][debug][safepoint   ] Safepoint synchronization initiated using futex wait barrier. (176 threads)
[2025-06-05T16:52:12.995+0000][879.361s][info ][safepoint   ] Safepoint "Cleanup", Time since last: 1001150543 ns, Reaching safepoint: 524541 ns, Cleanup: 28500 ns, At safepoint: 4792 ns, Total: 557833 ns
[2025-06-05T16:52:13.996+0000][880.363s][debug][safepoint   ] Safepoint synchronization initiated using futex wait barrier. (176 threads)
[2025-06-05T16:52:13.998+0000][880.364s][info ][safepoint   ] Safepoint "Cleanup", Time since last: 1001520375 ns, Reaching safepoint: 1163542 ns, Cleanup: 197833 ns, At safepoint: 29042 ns, Total: 1390417 ns
[2025-06-05T16:52:16.000+0000][882.366s][debug][safepoint   ] Safepoint synchronization initiated using futex wait barrier. (176 threads)
[2025-06-05T16:52:16.007+0000][882.373s][info ][safepoint   ] Safepoint "Cleanup", Time since last: 2002414293 ns, Reaching safepoint: 6598916 ns, Cleanup: 141542 ns, At safepoint: 16125 ns, Total: 6756583 ns
[2025-06-05T16:52:17.009+0000][883.375s][debug][safepoint   ] Safepoint synchronization initiated using futex wait barrier. (176 threads)
[2025-06-05T16:52:17.009+0000][883.376s][info ][safepoint   ] Safepoint "Cleanup", Time since last: 1001752250 ns, Reaching safepoint: 553792 ns, Cleanup: 37875 ns, At safepoint: 17333 ns, Total: 609000 ns
[2025-06-05T16:52:18.012+0000][884.378s][debug][safepoint   ] Safepoint synchronization initiated using futex wait barrier. (176 threads)
[2025-06-05T16:52:18.013+0000][884.380s][info ][safepoint   ] Safepoint "Cleanup", Time since last: 1002358084 ns, Reaching safepoint: 1696542 ns, Cleanup: 99667 ns, At safepoint: 14333 ns, Total: 1810542 ns
[2025-06-05T16:52:26.026+0000][892.392s][debug][safepoint   ] Safepoint synchronization initiated using futex wait barrier. (176 threads)
[2025-06-05T16:52:26.031+0000][892.397s][info ][safepoint   ] Safepoint "Cleanup", Time since last: 8012063004 ns, Reaching safepoint: 5035666 ns, Cleanup: 281375 ns, At safepoint: 31459 ns, Total: 5348500 ns
[2025-06-05T16:52:27.032+0000][893.399s][debug][safepoint   ] Safepoint synchronization initiated using futex wait barrier. (176 threads)
[2025-06-05T16:52:27.033+0000][893.400s][info ][safepoint   ] Safepoint "Cleanup", Time since last: 1001438834 ns, Reaching safepoint: 882250 ns, Cleanup: 49958 ns, At safepoint: 9292 ns, Total: 941500 ns
[2025-06-05T16:52:30.039+0000][896.406s][debug][safepoint   ] Safepoint synchronization initiated using futex wait barrier. (176 threads)
[2025-06-05T16:52:30.044+0000][896.410s][info ][safepoint   ] Safepoint "Cleanup", Time since last: 3006122501 ns, Reaching safepoint: 4142250 ns, Cleanup: 86625 ns, At safepoint: 27167 ns, Total: 4256042 ns
[2025-06-05T16:52:31.044+0000][897.411s][debug][safepoint   ] Safepoint synchronization initiated using futex wait barrier. (176 threads)
[2025-06-05T16:52:31.045+0000][897.412s][info ][safepoint   ] Safepoint "Cleanup", Time since last: 1000665292 ns, Reaching safepoint: 905208 ns, Cleanup: 53125 ns, At safepoint: 9417 ns, Total: 967750 ns
[2025-06-05T16:52:32.046+0000][898.413s][debug][safepoint   ] Safepoint synchronization initiated using futex wait barrier. (176 threads)
[2025-06-05T16:52:32.048+0000][898.415s][info ][safepoint   ] Safepoint "Cleanup", Time since last: 1001139459 ns, Reaching safepoint: 1830833 ns, Cleanup: 81792 ns, At safepoint: 7916 ns, Total: 1920541 ns
[2025-06-05T16:52:40.214+0000][906.569s][debug][safepoint   ] Safepoint synchronization initiated using futex wait barrier. (176 threads)
[2025-06-05T16:52:40.216+0000][906.571s][info ][safepoint   ] Safepoint "Cleanup", Time since last: 8154015879 ns, Reaching safepoint: 2156291 ns, Cleanup: 325750 ns, At safepoint: 37709 ns, Total: 2519750 ns
[2025-06-05T16:52:41.217+0000][907.572s][debug][safepoint   ] Safepoint synchronization initiated using futex wait barrier. (176 threads)
[2025-06-05T16:52:41.265+0000][907.620s][info ][safepoint   ] Safepoint "Cleanup", Time since last: 1001244000 ns, Reaching safepoint: 47048084 ns, Cleanup: 62625 ns, At safepoint: 12875 ns, Total: 47123584 ns
[2025-06-05T16:52:44.268+0000][910.623s][debug][safepoint   ] Safepoint synchronization initiated using futex wait barrier. (176 threads)
[2025-06-05T16:52:44.275+0000][910.630s][info ][safepoint   ] Safepoint "Cleanup", Time since last: 3003055293 ns, Reaching safepoint: 7269833 ns, Cleanup: 59750 ns, At safepoint: 56500 ns, Total: 7386083 ns
[2025-06-05T16:52:45.277+0000][911.632s][debug][safepoint   ] Safepoint synchronization initiated using futex wait barrier. (176 threads)
[2025-06-05T16:52:45.278+0000][911.633s][info ][safepoint   ] Safepoint "Cleanup", Time since last: 1002486376 ns, Reaching safepoint: 643125 ns, Cleanup: 54000 ns, At safepoint: 7958 ns, Total: 705083 ns
[2025-06-05T16:52:46.283+0000][912.638s][debug][safepoint   ] Safepoint synchronization initiated using futex wait barrier. (176 threads)
[2025-06-05T16:52:46.286+0000][912.641s][info ][safepoint   ] Safepoint "Cleanup", Time since last: 1004596417 ns, Reaching safepoint: 2997750 ns, Cleanup: 69500 ns, At safepoint: 13292 ns, Total: 3080542 ns
[2025-06-05T16:52:53.300+0000][919.655s][debug][safepoint   ] Safepoint synchronization initiated using futex wait barrier. (176 threads)
[2025-06-05T16:52:53.301+0000][919.656s][info ][safepoint   ] Safepoint "Cleanup", Time since last: 7014158795 ns, Reaching safepoint: 887791 ns, Cleanup: 46834 ns, At safepoint: 4375 ns, Total: 939000 ns
[2025-06-05T16:52:54.304+0000][920.659s][debug][safepoint   ] Safepoint synchronization initiated using futex wait barrier. (176 threads)
[2025-06-05T16:52:54.305+0000][920.660s][info ][safepoint   ] Safepoint "Cleanup", Time since last: 1002749167 ns, Reaching safepoint: 1191500 ns, Cleanup: 360542 ns, At safepoint: 101875 ns, Total: 1653917 ns
[2025-06-05T16:52:56.310+0000][922.665s][debug][safepoint   ] Safepoint synchronization initiated using futex wait barrier. (176 threads)
[2025-06-05T16:52:56.314+0000][922.669s][info ][safepoint   ] Safepoint "Cleanup", Time since last: 2004543834 ns, Reaching safepoint: 3343917 ns, Cleanup: 248458 ns, At safepoint: 71875 ns, Total: 3664250 ns
[2025-06-05T16:52:58.315+0000][924.670s][debug][safepoint   ] Safepoint synchronization initiated using futex wait barrier. (176 threads)
[2025-06-05T16:52:58.324+0000][924.679s][info ][safepoint   ] Safepoint "Cleanup", Time since last: 2001889917 ns, Reaching safepoint: 8421334 ns, Cleanup: 169958 ns, At safepoint: 59375 ns, Total: 8650667 ns
[2025-06-05T16:53:01.364+0000][927.719s][debug][safepoint   ] Safepoint synchronization initiated using futex wait barrier. (176 threads)
[2025-06-05T16:53:01.418+0000][927.773s][info ][safepoint   ] Safepoint "Cleanup", Time since last: 3039713502 ns, Reaching safepoint: 53430000 ns, Cleanup: 328208 ns, At safepoint: 167000 ns, Total: 53925208 ns
[2025-06-05T16:53:05.552+0000][931.950s][debug][safepoint   ] Safepoint synchronization initiated using futex wait barrier. (176 threads)
[2025-06-05T16:53:05.647+0000][932.045s][info ][safepoint   ] Safepoint "Cleanup", Time since last: 4177349084 ns, Reaching safepoint: 76427000 ns, Cleanup: 18686417 ns, At safepoint: 108542 ns, Total: 95221959 ns
[2025-06-05T16:53:07.658+0000][934.056s][debug][safepoint   ] Safepoint synchronization initiated using futex wait barrier. (176 threads)
[2025-06-05T16:53:07.661+0000][934.060s][info ][safepoint   ] Safepoint "Cleanup", Time since last: 2010612792 ns, Reaching safepoint: 3669917 ns, Cleanup: 66208 ns, At safepoint: 27667 ns, Total: 3763792 ns
[2025-06-05T16:53:09.663+0000][936.061s][debug][safepoint   ] Safepoint synchronization initiated using futex wait barrier. (176 threads)
[2025-06-05T16:53:09.669+0000][936.067s][info ][safepoint   ] Safepoint "Cleanup", Time since last: 2001255251 ns, Reaching safepoint: 5534917 ns, Cleanup: 908208 ns, At safepoint: 14375 ns, Total: 6457500 ns
[2025-06-05T16:53:10.670+0000][937.069s][debug][safepoint   ] Safepoint synchronization initiated using futex wait barrier. (176 threads)
[2025-06-05T16:53:10.679+0000][937.078s][info ][safepoint   ] Safepoint "Cleanup", Time since last: 1001290084 ns, Reaching safepoint: 8863458 ns, Cleanup: 220833 ns, At safepoint: 25375 ns, Total: 9109666 ns
[2025-06-05T16:53:14.685+0000][941.084s][debug][safepoint   ] Safepoint synchronization initiated using futex wait barrier. (176 threads)
[2025-06-05T16:53:14.689+0000][941.088s][info ][safepoint   ] Safepoint "Cleanup", Time since last: 4005469127 ns, Reaching safepoint: 4184042 ns, Cleanup: 179458 ns, At safepoint: 47542 ns, Total: 4411042 ns
[2025-06-05T16:53:53.367+0000][979.736s][debug][safepoint   ] Safepoint synchronization initiated using futex wait barrier. (176 threads)
[2025-06-05T16:53:53.370+0000][979.739s][info ][safepoint   ] Safepoint "Cleanup", Time since last: 38648074893 ns, Reaching safepoint: 3129959 ns, Cleanup: 143708 ns, At safepoint: 51708 ns, Total: 3325375 ns
[2025-06-05T16:53:55.373+0000][981.742s][debug][safepoint   ] Safepoint synchronization initiated using futex wait barrier. (176 threads)
[2025-06-05T16:53:55.376+0000][981.744s][info ][safepoint   ] Safepoint "Cleanup", Time since last: 2002890918 ns, Reaching safepoint: 2183416 ns, Cleanup: 83875 ns, At safepoint: 38834 ns, Total: 2306125 ns
[2025-06-05T16:54:02.385+0000][988.754s][debug][safepoint   ] Safepoint synchronization initiated using futex wait barrier. (176 threads)
[2025-06-05T16:54:02.387+0000][988.756s][info ][safepoint   ] Safepoint "Cleanup", Time since last: 7009684586 ns, Reaching safepoint: 1624125 ns, Cleanup: 73917 ns, At safepoint: 8625 ns, Total: 1706667 ns
[2025-06-05T16:54:03.388+0000][989.757s][debug][safepoint   ] Safepoint synchronization initiated using futex wait barrier. (176 threads)
[2025-06-05T16:54:03.389+0000][989.758s][info ][safepoint   ] Safepoint "Cleanup", Time since last: 1001009084 ns, Reaching safepoint: 1016708 ns, Cleanup: 41500 ns, At safepoint: 10917 ns, Total: 1069125 ns
[2025-06-05T16:54:12.387+0000][998.740s][debug][safepoint   ] Safepoint synchronization initiated using futex wait barrier. (173 threads)
[2025-06-05T16:54:12.394+0000][998.747s][info ][gc,start    ] GC(70) Pause Young (Normal) (G1 Evacuation Pause)
[2025-06-05T16:54:12.394+0000][998.747s][info ][gc,task     ] GC(70) Using 2 workers of 2 for evacuation
[2025-06-05T16:54:13.839+0000][1000.192s][info ][gc,mmu      ] GC(70) MMU target violated: 501.0ms (500.0ms/501.0ms)
[2025-06-05T16:54:13.841+0000][1000.194s][info ][gc,phases   ] GC(70)   Pre Evacuate Collection Set: 25.5ms
[2025-06-05T16:54:13.841+0000][1000.194s][info ][gc,phases   ] GC(70)   Merge Heap Roots: 6.7ms
[2025-06-05T16:54:13.841+0000][1000.194s][info ][gc,phases   ] GC(70)   Evacuate Collection Set: 1261.0ms
[2025-06-05T16:54:13.841+0000][1000.194s][info ][gc,phases   ] GC(70)   Post Evacuate Collection Set: 144.1ms
[2025-06-05T16:54:13.841+0000][1000.194s][info ][gc,phases   ] GC(70)   Other: 12.1ms
[2025-06-05T16:54:13.841+0000][1000.194s][info ][gc,heap     ] GC(70) Eden regions: 243->0(10)
[2025-06-05T16:54:13.841+0000][1000.195s][info ][gc,heap     ] GC(70) Survivor regions: 14->14(33)
[2025-06-05T16:54:13.841+0000][1000.195s][info ][gc,heap     ] GC(70) Old regions: 163->163
[2025-06-05T16:54:13.841+0000][1000.195s][info ][gc,heap     ] GC(70) Archive regions: 2->2
[2025-06-05T16:54:13.841+0000][1000.195s][info ][gc,heap     ] GC(70) Humongous regions: 0->0
[2025-06-05T16:54:13.841+0000][1000.195s][info ][gc,metaspace] GC(70) Metaspace: 180698K(182016K)->180698K(182016K) NonClass: 158764K(159424K)->158764K(159424K) Class: 21934K(22592K)->21934K(22592K)
[2025-06-05T16:54:13.843+0000][1000.197s][info ][gc          ] GC(70) Pause Young (Normal) (G1 Evacuation Pause) 419M->176M(487M) 1450.070ms
[2025-06-05T16:54:13.844+0000][1000.197s][info ][gc,cpu      ] GC(70) User=2.83s Sys=0.03s Real=1.45s
[2025-06-05T16:54:13.849+0000][1000.202s][info ][safepoint   ] Safepoint "G1CollectForAllocation", Time since last: 8982479046 ns, Reaching safepoint: 3626458 ns, Cleanup: 105000 ns, At safepoint: 1457970251 ns, Total: 1461701709 ns
[2025-06-05T16:54:14.853+0000][1001.207s][debug][safepoint   ] Safepoint synchronization initiated using futex wait barrier. (173 threads)
[2025-06-05T16:54:14.855+0000][1001.208s][info ][safepoint   ] Safepoint "Cleanup", Time since last: 1004731250 ns, Reaching safepoint: 1496000 ns, Cleanup: 101875 ns, At safepoint: 15250 ns, Total: 1613125 ns
[2025-06-05T16:54:20.834+0000][1007.188s][debug][safepoint   ] Safepoint synchronization initiated using futex wait barrier. (173 threads)
[2025-06-05T16:54:20.845+0000][1007.199s][info ][gc,start    ] GC(71) Pause Young (Normal) (G1 Evacuation Pause)
[2025-06-05T16:54:20.846+0000][1007.199s][info ][gc,task     ] GC(71) Using 2 workers of 2 for evacuation
[2025-06-05T16:54:21.029+0000][1007.382s][info ][gc,phases   ] GC(71)   Pre Evacuate Collection Set: 4.9ms
[2025-06-05T16:54:21.029+0000][1007.382s][info ][gc,phases   ] GC(71)   Merge Heap Roots: 1.5ms
[2025-06-05T16:54:21.029+0000][1007.382s][info ][gc,phases   ] GC(71)   Evacuate Collection Set: 165.2ms
[2025-06-05T16:54:21.029+0000][1007.383s][info ][gc,phases   ] GC(71)   Post Evacuate Collection Set: 8.9ms
[2025-06-05T16:54:21.029+0000][1007.383s][info ][gc,phases   ] GC(71)   Other: 3.6ms
[2025-06-05T16:54:21.029+0000][1007.383s][info ][gc,heap     ] GC(71) Eden regions: 10->0(248)
[2025-06-05T16:54:21.029+0000][1007.383s][info ][gc,heap     ] GC(71) Survivor regions: 14->1(3)
[2025-06-05T16:54:21.030+0000][1007.383s][info ][gc,heap     ] GC(71) Old regions: 163->176
[2025-06-05T16:54:21.030+0000][1007.383s][info ][gc,heap     ] GC(71) Archive regions: 2->2
[2025-06-05T16:54:21.030+0000][1007.383s][info ][gc,heap     ] GC(71) Humongous regions: 0->0
[2025-06-05T16:54:21.030+0000][1007.383s][info ][gc,metaspace] GC(71) Metaspace: 180705K(182016K)->180705K(182016K) NonClass: 158771K(159424K)->158771K(159424K) Class: 21934K(22592K)->21934K(22592K)
[2025-06-05T16:54:21.030+0000][1007.383s][info ][gc          ] GC(71) Pause Young (Normal) (G1 Evacuation Pause) 186M->177M(487M) 184.648ms
[2025-06-05T16:54:21.030+0000][1007.383s][info ][gc,cpu      ] GC(71) User=0.36s Sys=0.00s Real=0.18s
[2025-06-05T16:54:21.030+0000][1007.383s][info ][safepoint   ] Safepoint "G1CollectForAllocation", Time since last: 5979075170 ns, Reaching safepoint: 10599333 ns, Cleanup: 90958 ns, At safepoint: 185499875 ns, Total: 196190166 ns
[2025-06-05T16:54:32.049+0000][1018.403s][debug][safepoint   ] Safepoint synchronization initiated using futex wait barrier. (173 threads)
[2025-06-05T16:54:32.056+0000][1018.410s][info ][safepoint   ] Safepoint "Cleanup", Time since last: 11019172756 ns, Reaching safepoint: 6843208 ns, Cleanup: 142042 ns, At safepoint: 43333 ns, Total: 7028583 ns
[2025-06-05T16:54:53.412+0000][1039.742s][debug][safepoint   ] Safepoint synchronization initiated using futex wait barrier. (173 threads)
[2025-06-05T16:54:53.414+0000][1039.745s][info ][safepoint   ] Safepoint "Cleanup", Time since last: 21332629176 ns, Reaching safepoint: 2277875 ns, Cleanup: 117208 ns, At safepoint: 28250 ns, Total: 2423333 ns
[2025-06-05T16:55:04.433+0000][1050.761s][debug][safepoint   ] Safepoint synchronization initiated using futex wait barrier. (172 threads)
[2025-06-05T16:55:04.436+0000][1050.764s][info ][safepoint   ] Safepoint "Cleanup", Time since last: 11016334547 ns, Reaching safepoint: 2111416 ns, Cleanup: 346459 ns, At safepoint: 25083 ns, Total: 2482958 ns
[2025-06-05T16:55:15.453+0000][1061.781s][debug][safepoint   ] Safepoint synchronization initiated using futex wait barrier. (171 threads)
[2025-06-05T16:55:15.456+0000][1061.784s][info ][safepoint   ] Safepoint "Cleanup", Time since last: 11017305005 ns, Reaching safepoint: 2853875 ns, Cleanup: 245750 ns, At safepoint: 27417 ns, Total: 3127042 ns
[2025-06-05T16:55:50.642+0000][1096.973s][debug][safepoint   ] Safepoint synchronization initiated using futex wait barrier. (171 threads)
[2025-06-05T16:55:50.646+0000][1096.977s][info ][safepoint   ] Safepoint "Cleanup", Time since last: 35188401557 ns, Reaching safepoint: 3856750 ns, Cleanup: 214209 ns, At safepoint: 29916 ns, Total: 4100875 ns
[2025-06-05T16:56:39.862+0000][1146.193s][debug][safepoint   ] Safepoint synchronization initiated using futex wait barrier. (170 threads)
[2025-06-05T16:56:39.864+0000][1146.195s][info ][safepoint   ] Safepoint "Cleanup", Time since last: 49216395106 ns, Reaching safepoint: 2227292 ns, Cleanup: 89542 ns, At safepoint: 73791 ns, Total: 2390625 ns
[2025-06-05T16:57:04.931+0000][1171.258s][debug][safepoint   ] Safepoint synchronization initiated using futex wait barrier. (171 threads)
[2025-06-05T16:57:04.933+0000][1171.260s][info ][safepoint   ] Safepoint "Cleanup", Time since last: 25062443345 ns, Reaching safepoint: 1908917 ns, Cleanup: 607375 ns, At safepoint: 59541 ns, Total: 2575833 ns
[2025-06-05T16:57:07.939+0000][1174.266s][debug][safepoint   ] Safepoint synchronization initiated using futex wait barrier. (170 threads)
[2025-06-05T16:57:07.941+0000][1174.268s][info ][safepoint   ] Safepoint "Cleanup", Time since last: 3005578085 ns, Reaching safepoint: 2260167 ns, Cleanup: 107166 ns, At safepoint: 83834 ns, Total: 2451167 ns
[2025-06-05T16:57:18.061+0000][1184.388s][debug][safepoint   ] Safepoint synchronization initiated using futex wait barrier. (170 threads)
[2025-06-05T16:57:18.063+0000][1184.390s][info ][safepoint   ] Safepoint "Cleanup", Time since last: 10119451129 ns, Reaching safepoint: 1714000 ns, Cleanup: 85250 ns, At safepoint: 10834 ns, Total: 1810084 ns
[2025-06-05T16:57:33.104+0000][1199.430s][debug][safepoint   ] Safepoint synchronization initiated using futex wait barrier. (170 threads)
[2025-06-05T16:57:33.107+0000][1199.434s][info ][safepoint   ] Safepoint "Cleanup", Time since last: 15040847674 ns, Reaching safepoint: 3260583 ns, Cleanup: 123917 ns, At safepoint: 17166 ns, Total: 3401666 ns
[2025-06-05T16:57:35.195+0000][1201.517s][debug][safepoint   ] Safepoint synchronization initiated using futex wait barrier. (170 threads)
[2025-06-05T16:57:35.208+0000][1201.530s][info ][safepoint   ] Safepoint "Cleanup", Time since last: 2077185251 ns, Reaching safepoint: 17844875 ns, Cleanup: 1214291 ns, At safepoint: 64000 ns, Total: 19123166 ns
[2025-06-05T16:58:05.167+0000][1231.502s][debug][safepoint   ] Safepoint synchronization initiated using futex wait barrier. (170 threads)
[2025-06-05T16:58:05.171+0000][1231.506s][info ][safepoint   ] Safepoint "Cleanup", Time since last: 29971918014 ns, Reaching safepoint: 3327583 ns, Cleanup: 993667 ns, At safepoint: 16000 ns, Total: 4337250 ns
[2025-06-05T16:58:06.305+0000][1232.640s][debug][safepoint   ] Safepoint synchronization initiated using futex wait barrier. (170 threads)
[2025-06-05T16:58:06.309+0000][1232.645s][info ][gc,start    ] GC(72) Pause Young (Normal) (G1 Evacuation Pause)
[2025-06-05T16:58:06.310+0000][1232.645s][info ][gc,task     ] GC(72) Using 2 workers of 2 for evacuation
[2025-06-05T16:58:06.634+0000][1232.970s][info ][gc,phases   ] GC(72)   Pre Evacuate Collection Set: 20.9ms
[2025-06-05T16:58:06.635+0000][1232.970s][info ][gc,phases   ] GC(72)   Merge Heap Roots: 3.3ms
[2025-06-05T16:58:06.635+0000][1232.970s][info ][gc,phases   ] GC(72)   Evacuate Collection Set: 212.2ms
[2025-06-05T16:58:06.635+0000][1232.970s][info ][gc,phases   ] GC(72)   Post Evacuate Collection Set: 84.1ms
[2025-06-05T16:58:06.635+0000][1232.971s][info ][gc,phases   ] GC(72)   Other: 6.2ms
[2025-06-05T16:58:06.635+0000][1232.971s][info ][gc,heap     ] GC(72) Eden regions: 248->0(250)
[2025-06-05T16:58:06.635+0000][1232.971s][info ][gc,heap     ] GC(72) Survivor regions: 1->1(32)
[2025-06-05T16:58:06.635+0000][1232.971s][info ][gc,heap     ] GC(72) Old regions: 176->176
[2025-06-05T16:58:06.635+0000][1232.971s][info ][gc,heap     ] GC(72) Archive regions: 2->2
[2025-06-05T16:58:06.635+0000][1232.971s][info ][gc,heap     ] GC(72) Humongous regions: 0->0
[2025-06-05T16:58:06.635+0000][1232.971s][info ][gc,metaspace] GC(72) Metaspace: 180790K(182144K)->180790K(182144K) NonClass: 158851K(159552K)->158851K(159552K) Class: 21938K(22592K)->21938K(22592K)
[2025-06-05T16:58:06.635+0000][1232.971s][info ][gc          ] GC(72) Pause Young (Normal) (G1 Evacuation Pause) 425M->176M(487M) 326.318ms
[2025-06-05T16:58:06.636+0000][1232.971s][info ][gc,cpu      ] GC(72) User=0.63s Sys=0.00s Real=0.33s
[2025-06-05T16:58:06.636+0000][1232.971s][info ][safepoint   ] Safepoint "G1CollectForAllocation", Time since last: 1133807708 ns, Reaching safepoint: 1912834 ns, Cleanup: 204250 ns, At safepoint: 328876333 ns, Total: 330993417 ns
[2025-06-05T16:58:07.697+0000][1234.032s][debug][safepoint   ] Safepoint synchronization initiated using futex wait barrier. (170 threads)
[2025-06-05T16:58:07.733+0000][1234.068s][info ][safepoint   ] Safepoint "Cleanup", Time since last: 1059526167 ns, Reaching safepoint: 30923417 ns, Cleanup: 6296375 ns, At safepoint: 315667 ns, Total: 37535459 ns
[2025-06-05T16:58:18.838+0000][1245.173s][debug][safepoint   ] Safepoint synchronization initiated using futex wait barrier. (169 threads)
[2025-06-05T16:58:18.848+0000][1245.183s][info ][safepoint   ] Safepoint "Cleanup", Time since last: 11105049338 ns, Reaching safepoint: 9304542 ns, Cleanup: 626875 ns, At safepoint: 45500 ns, Total: 9976917 ns
[2025-06-05T16:58:35.989+0000][1262.313s][debug][safepoint   ] Safepoint synchronization initiated using futex wait barrier. (169 threads)
[2025-06-05T16:58:35.993+0000][1262.318s][info ][safepoint   ] Safepoint "Cleanup", Time since last: 17129230133 ns, Reaching safepoint: 5128500 ns, Cleanup: 263041 ns, At safepoint: 38500 ns, Total: 5430041 ns
[2025-06-05T16:58:36.994+0000][1263.319s][debug][safepoint   ] Safepoint synchronization initiated using futex wait barrier. (169 threads)
[2025-06-05T16:58:36.995+0000][1263.320s][info ][safepoint   ] Safepoint "Cleanup", Time since last: 1000610292 ns, Reaching safepoint: 660042 ns, Cleanup: 272167 ns, At safepoint: 18000 ns, Total: 950209 ns
[2025-06-05T16:58:42.331+0000][1268.655s][debug][safepoint   ] Safepoint synchronization initiated using futex wait barrier. (169 threads)
[2025-06-05T16:58:42.383+0000][1268.708s][info ][safepoint   ] Safepoint "Cleanup", Time since last: 5333693377 ns, Reaching safepoint: 50012459 ns, Cleanup: 4542083 ns, At safepoint: 50708 ns, Total: 54605250 ns
[2025-06-05T16:58:51.409+0000][1277.734s][debug][safepoint   ] Safepoint synchronization initiated using futex wait barrier. (169 threads)
[2025-06-05T16:58:51.432+0000][1277.757s][info ][safepoint   ] Safepoint "Cleanup", Time since last: 9025704588 ns, Reaching safepoint: 22852417 ns, Cleanup: 89458 ns, At safepoint: 39875 ns, Total: 22981750 ns
[2025-06-05T16:58:52.439+0000][1278.763s][debug][safepoint   ] Safepoint synchronization initiated using futex wait barrier. (169 threads)
[2025-06-05T16:58:52.440+0000][1278.764s][info ][safepoint   ] Safepoint "Cleanup", Time since last: 1006786500 ns, Reaching safepoint: 789417 ns, Cleanup: 112875 ns, At safepoint: 8958 ns, Total: 911250 ns
[2025-06-05T16:58:53.440+0000][1279.764s][debug][safepoint   ] Safepoint synchronization initiated using futex wait barrier. (173 threads)
[2025-06-05T16:58:53.444+0000][1279.769s][info ][safepoint   ] Safepoint "Cleanup", Time since last: 1000278293 ns, Reaching safepoint: 3812750 ns, Cleanup: 184208 ns, At safepoint: 56708 ns, Total: 4053666 ns
[2025-06-05T16:58:54.445+0000][1280.770s][debug][safepoint   ] Safepoint synchronization initiated using futex wait barrier. (174 threads)
[2025-06-05T16:58:54.446+0000][1280.771s][info ][safepoint   ] Safepoint "Cleanup", Time since last: 1001472834 ns, Reaching safepoint: 768042 ns, Cleanup: 149000 ns, At safepoint: 5041 ns, Total: 922083 ns
[2025-06-05T16:58:56.449+0000][1282.774s][debug][safepoint   ] Safepoint synchronization initiated using futex wait barrier. (174 threads)
[2025-06-05T16:58:56.453+0000][1282.777s][info ][safepoint   ] Safepoint "Cleanup", Time since last: 2003079460 ns, Reaching safepoint: 2759958 ns, Cleanup: 343667 ns, At safepoint: 116166 ns, Total: 3219791 ns
[2025-06-05T16:58:58.455+0000][1284.780s][debug][safepoint   ] Safepoint synchronization initiated using futex wait barrier. (174 threads)
[2025-06-05T16:58:58.458+0000][1284.783s][info ][safepoint   ] Safepoint "Cleanup", Time since last: 2002551543 ns, Reaching safepoint: 2387583 ns, Cleanup: 362459 ns, At safepoint: 40500 ns, Total: 2790542 ns
[2025-06-05T16:59:00.464+0000][1286.788s][debug][safepoint   ] Safepoint synchronization initiated using futex wait barrier. (174 threads)
[2025-06-05T16:59:00.466+0000][1286.790s][info ][safepoint   ] Safepoint "Cleanup", Time since last: 2005681417 ns, Reaching safepoint: 1911584 ns, Cleanup: 138791 ns, At safepoint: 37792 ns, Total: 2088167 ns
[2025-06-05T16:59:01.470+0000][1287.795s][debug][safepoint   ] Safepoint synchronization initiated using futex wait barrier. (174 threads)
[2025-06-05T16:59:01.496+0000][1287.821s][info ][safepoint   ] Safepoint "Cleanup", Time since last: 1004319417 ns, Reaching safepoint: 25804333 ns, Cleanup: 294084 ns, At safepoint: 61458 ns, Total: 26159875 ns
[2025-06-05T16:59:02.499+0000][1288.824s][debug][safepoint   ] Safepoint synchronization initiated using futex wait barrier. (174 threads)
[2025-06-05T16:59:02.501+0000][1288.826s][info ][safepoint   ] Safepoint "Cleanup", Time since last: 1002739292 ns, Reaching safepoint: 1910000 ns, Cleanup: 40625 ns, At safepoint: 12834 ns, Total: 1963459 ns
[2025-06-05T16:59:04.502+0000][1290.828s][debug][safepoint   ] Safepoint synchronization initiated using futex wait barrier. (174 threads)
[2025-06-05T16:59:04.503+0000][1290.829s][info ][safepoint   ] Safepoint "Cleanup", Time since last: 2002284375 ns, Reaching safepoint: 1009875 ns, Cleanup: 60000 ns, At safepoint: 5375 ns, Total: 1075250 ns
[2025-06-05T16:59:10.512+0000][1296.838s][debug][safepoint   ] Safepoint synchronization initiated using futex wait barrier. (174 threads)
[2025-06-05T16:59:10.518+0000][1296.844s][info ][safepoint   ] Safepoint "Cleanup", Time since last: 6008692294 ns, Reaching safepoint: 5988875 ns, Cleanup: 105542 ns, At safepoint: 32917 ns, Total: 6127334 ns
[2025-06-05T16:59:12.522+0000][1298.847s][debug][safepoint   ] Safepoint synchronization initiated using futex wait barrier. (174 threads)
[2025-06-05T16:59:12.524+0000][1298.850s][info ][safepoint   ] Safepoint "Cleanup", Time since last: 2003255917 ns, Reaching safepoint: 2624375 ns, Cleanup: 236000 ns, At safepoint: 32334 ns, Total: 2892709 ns
[2025-06-05T16:59:15.528+0000][1301.854s][debug][safepoint   ] Safepoint synchronization initiated using futex wait barrier. (174 threads)
[2025-06-05T16:59:15.540+0000][1301.866s][info ][safepoint   ] Safepoint "Cleanup", Time since last: 3004010001 ns, Reaching safepoint: 11690667 ns, Cleanup: 156417 ns, At safepoint: 55125 ns, Total: 11902209 ns
[2025-06-05T16:59:16.543+0000][1302.868s][debug][safepoint   ] Safepoint synchronization initiated using futex wait barrier. (174 threads)
[2025-06-05T16:59:16.543+0000][1302.869s][info ][safepoint   ] Safepoint "Cleanup", Time since last: 1002183167 ns, Reaching safepoint: 585583 ns, Cleanup: 40417 ns, At safepoint: 11250 ns, Total: 637250 ns
[2025-06-05T16:59:25.558+0000][1311.884s][debug][safepoint   ] Safepoint synchronization initiated using futex wait barrier. (174 threads)
[2025-06-05T16:59:25.560+0000][1311.886s][info ][safepoint   ] Safepoint "Cleanup", Time since last: 9015069046 ns, Reaching safepoint: 1701041 ns, Cleanup: 114792 ns, At safepoint: 28500 ns, Total: 1844333 ns
[2025-06-05T16:59:26.561+0000][1312.887s][debug][safepoint   ] Safepoint synchronization initiated using futex wait barrier. (174 threads)
[2025-06-05T16:59:26.564+0000][1312.889s][info ][safepoint   ] Safepoint "Cleanup", Time since last: 1001265667 ns, Reaching safepoint: 1982792 ns, Cleanup: 192375 ns, At safepoint: 43458 ns, Total: 2218625 ns
[2025-06-05T16:59:28.567+0000][1314.893s][debug][safepoint   ] Safepoint synchronization initiated using futex wait barrier. (174 threads)
[2025-06-05T16:59:28.569+0000][1314.894s][info ][safepoint   ] Safepoint "Cleanup", Time since last: 2003583376 ns, Reaching safepoint: 1571167 ns, Cleanup: 111791 ns, At safepoint: 82834 ns, Total: 1765792 ns
[2025-06-05T16:59:29.570+0000][1315.896s][debug][safepoint   ] Safepoint synchronization initiated using futex wait barrier. (174 threads)
[2025-06-05T16:59:29.588+0000][1315.914s][info ][safepoint   ] Safepoint "Cleanup", Time since last: 1001297625 ns, Reaching safepoint: 17491750 ns, Cleanup: 361334 ns, At safepoint: 149833 ns, Total: 18002917 ns
[2025-06-05T16:59:30.595+0000][1316.920s][debug][safepoint   ] Safepoint synchronization initiated using futex wait barrier. (174 threads)
[2025-06-05T16:59:30.606+0000][1316.932s][info ][safepoint   ] Safepoint "Cleanup", Time since last: 1006594834 ns, Reaching safepoint: 10228541 ns, Cleanup: 743917 ns, At safepoint: 318917 ns, Total: 11291375 ns
[2025-06-05T16:59:33.623+0000][1319.949s][debug][safepoint   ] Safepoint synchronization initiated using futex wait barrier. (174 threads)
[2025-06-05T16:59:33.632+0000][1319.958s][info ][safepoint   ] Safepoint "Cleanup", Time since last: 3008619793 ns, Reaching safepoint: 17478041 ns, Cleanup: 96500 ns, At safepoint: 101084 ns, Total: 17675625 ns
[2025-06-05T16:59:39.534+0000][1325.871s][debug][safepoint   ] Safepoint synchronization initiated using futex wait barrier. (174 threads)
[2025-06-05T16:59:39.538+0000][1325.875s][info ][safepoint   ] Safepoint "Cleanup", Time since last: 5913638544 ns, Reaching safepoint: 3685042 ns, Cleanup: 249541 ns, At safepoint: 8334 ns, Total: 3942917 ns
[2025-06-05T16:59:40.539+0000][1326.877s][debug][safepoint   ] Safepoint synchronization initiated using futex wait barrier. (174 threads)
[2025-06-05T16:59:40.540+0000][1326.878s][info ][safepoint   ] Safepoint "Cleanup", Time since last: 1001536792 ns, Reaching safepoint: 792625 ns, Cleanup: 184583 ns, At safepoint: 26542 ns, Total: 1003750 ns
[2025-06-05T16:59:41.541+0000][1327.879s][debug][safepoint   ] Safepoint synchronization initiated using futex wait barrier. (174 threads)
[2025-06-05T16:59:41.542+0000][1327.880s][info ][safepoint   ] Safepoint "Cleanup", Time since last: 1000647375 ns, Reaching safepoint: 1547875 ns, Cleanup: 54959 ns, At safepoint: 20000 ns, Total: 1622834 ns
[2025-06-05T16:59:42.544+0000][1328.881s][debug][safepoint   ] Safepoint synchronization initiated using futex wait barrier. (174 threads)
[2025-06-05T16:59:42.545+0000][1328.883s][info ][safepoint   ] Safepoint "Cleanup", Time since last: 1001221250 ns, Reaching safepoint: 1087458 ns, Cleanup: 67375 ns, At safepoint: 9417 ns, Total: 1164250 ns
[2025-06-05T16:59:43.546+0000][1329.884s][debug][safepoint   ] Safepoint synchronization initiated using futex wait barrier. (174 threads)
[2025-06-05T16:59:43.547+0000][1329.885s][info ][safepoint   ] Safepoint "Cleanup", Time since last: 1001255584 ns, Reaching safepoint: 653500 ns, Cleanup: 245458 ns, At safepoint: 9583 ns, Total: 908541 ns
[2025-06-05T16:59:44.548+0000][1330.886s][debug][safepoint   ] Safepoint synchronization initiated using futex wait barrier. (174 threads)
[2025-06-05T16:59:44.551+0000][1330.889s][info ][safepoint   ] Safepoint "Cleanup", Time since last: 1001119793 ns, Reaching safepoint: 2948000 ns, Cleanup: 144625 ns, At safepoint: 61541 ns, Total: 3154166 ns
[2025-06-05T16:59:58.576+0000][1344.914s][debug][safepoint   ] Safepoint synchronization initiated using futex wait barrier. (169 threads)
[2025-06-05T16:59:58.582+0000][1344.920s][info ][safepoint   ] Safepoint "Cleanup", Time since last: 14024645215 ns, Reaching safepoint: 6351250 ns, Cleanup: 96125 ns, At safepoint: 9375 ns, Total: 6456750 ns
[2025-06-05T17:00:04.607+0000][1350.928s][debug][safepoint   ] Safepoint synchronization initiated using futex wait barrier. (169 threads)
[2025-06-05T17:00:04.608+0000][1350.929s][info ][safepoint   ] Safepoint "Cleanup", Time since last: 6007740128 ns, Reaching safepoint: 1208875 ns, Cleanup: 58625 ns, At safepoint: 20083 ns, Total: 1287583 ns
[2025-06-05T17:00:06.610+0000][1352.931s][debug][safepoint   ] Safepoint synchronization initiated using futex wait barrier. (169 threads)
[2025-06-05T17:00:06.614+0000][1352.935s][info ][safepoint   ] Safepoint "Cleanup", Time since last: 2001665918 ns, Reaching safepoint: 3273416 ns, Cleanup: 368459 ns, At safepoint: 70500 ns, Total: 3712375 ns
[2025-06-05T17:00:09.620+0000][1355.941s][debug][safepoint   ] Safepoint synchronization initiated using futex wait barrier. (169 threads)
[2025-06-05T17:00:09.632+0000][1355.953s][info ][safepoint   ] Safepoint "Cleanup", Time since last: 3006633668 ns, Reaching safepoint: 11182625 ns, Cleanup: 151750 ns, At safepoint: 30542 ns, Total: 11364917 ns
[2025-06-05T17:00:10.889+0000][1357.210s][debug][safepoint   ] Safepoint synchronization initiated using futex wait barrier. (169 threads)
[2025-06-05T17:00:10.890+0000][1357.211s][debug][safepoint   ] ... found polling page loop exception at pc = 0x0000ffff89d4e888, stub =0x0000ffff8897ef00
[2025-06-05T17:00:10.892+0000][1357.213s][info ][safepoint   ] Safepoint "Cleanup", Time since last: 1257106250 ns, Reaching safepoint: 2863334 ns, Cleanup: 98333 ns, At safepoint: 19958 ns, Total: 2981625 ns
[2025-06-05T17:00:11.893+0000][1358.214s][debug][safepoint   ] Safepoint synchronization initiated using futex wait barrier. (169 threads)
[2025-06-05T17:00:11.894+0000][1358.215s][info ][safepoint   ] Safepoint "Cleanup", Time since last: 1000885542 ns, Reaching safepoint: 837167 ns, Cleanup: 118083 ns, At safepoint: 40917 ns, Total: 996167 ns
[2025-06-05T17:00:12.895+0000][1359.216s][debug][safepoint   ] Safepoint synchronization initiated using futex wait barrier. (169 threads)
[2025-06-05T17:00:12.896+0000][1359.217s][info ][safepoint   ] Safepoint "Cleanup", Time since last: 1001463167 ns, Reaching safepoint: 658542 ns, Cleanup: 358375 ns, At safepoint: 22208 ns, Total: 1039125 ns
[2025-06-05T17:00:14.905+0000][1361.226s][debug][safepoint   ] Safepoint synchronization initiated using futex wait barrier. (169 threads)
[2025-06-05T17:00:14.908+0000][1361.229s][info ][safepoint   ] Safepoint "Cleanup", Time since last: 2008920001 ns, Reaching safepoint: 2637792 ns, Cleanup: 376250 ns, At safepoint: 53250 ns, Total: 3067292 ns
[2025-06-05T17:00:20.917+0000][1367.238s][debug][safepoint   ] Safepoint synchronization initiated using futex wait barrier. (169 threads)
[2025-06-05T17:00:20.919+0000][1367.240s][info ][safepoint   ] Safepoint "Cleanup", Time since last: 6008839044 ns, Reaching safepoint: 1907917 ns, Cleanup: 123000 ns, At safepoint: 14625 ns, Total: 2045542 ns
[2025-06-05T17:00:21.920+0000][1368.241s][debug][safepoint   ] Safepoint synchronization initiated using futex wait barrier. (169 threads)
[2025-06-05T17:00:21.921+0000][1368.242s][info ][safepoint   ] Safepoint "Cleanup", Time since last: 1000725459 ns, Reaching safepoint: 1007583 ns, Cleanup: 37333 ns, At safepoint: 39042 ns, Total: 1083958 ns
[2025-06-05T17:00:25.942+0000][1372.263s][debug][safepoint   ] Safepoint synchronization initiated using futex wait barrier. (169 threads)
[2025-06-05T17:00:25.947+0000][1372.268s][info ][safepoint   ] Safepoint "Cleanup", Time since last: 4021210169 ns, Reaching safepoint: 4473916 ns, Cleanup: 181500 ns, At safepoint: 98417 ns, Total: 4753833 ns
[2025-06-05T17:00:29.385+0000][1375.706s][debug][safepoint   ] Safepoint synchronization initiated using futex wait barrier. (169 threads)
[2025-06-05T17:00:29.396+0000][1375.717s][info ][gc,start    ] GC(73) Pause Young (Normal) (G1 Evacuation Pause)
[2025-06-05T17:00:29.397+0000][1375.718s][info ][gc,task     ] GC(73) Using 2 workers of 2 for evacuation
[2025-06-05T17:00:29.634+0000][1375.955s][info ][gc,phases   ] GC(73)   Pre Evacuate Collection Set: 17.1ms
[2025-06-05T17:00:29.634+0000][1375.955s][info ][gc,phases   ] GC(73)   Merge Heap Roots: 2.4ms
[2025-06-05T17:00:29.634+0000][1375.955s][info ][gc,phases   ] GC(73)   Evacuate Collection Set: 148.6ms
[2025-06-05T17:00:29.634+0000][1375.955s][info ][gc,phases   ] GC(73)   Post Evacuate Collection Set: 65.0ms
[2025-06-05T17:00:29.634+0000][1375.955s][info ][gc,phases   ] GC(73)   Other: 6.6ms
[2025-06-05T17:00:29.634+0000][1375.955s][info ][gc,heap     ] GC(73) Eden regions: 250->0(252)
[2025-06-05T17:00:29.634+0000][1375.955s][info ][gc,heap     ] GC(73) Survivor regions: 1->1(32)
[2025-06-05T17:00:29.635+0000][1375.955s][info ][gc,heap     ] GC(73) Old regions: 176->176
[2025-06-05T17:00:29.635+0000][1375.955s][info ][gc,heap     ] GC(73) Archive regions: 2->2
[2025-06-05T17:00:29.635+0000][1375.956s][info ][gc,heap     ] GC(73) Humongous regions: 0->0
[2025-06-05T17:00:29.635+0000][1375.956s][info ][gc,metaspace] GC(73) Metaspace: 180871K(182272K)->180871K(182272K) NonClass: 158930K(159680K)->158930K(159680K) Class: 21940K(22592K)->21940K(22592K)
[2025-06-05T17:00:29.635+0000][1375.956s][info ][gc          ] GC(73) Pause Young (Normal) (G1 Evacuation Pause) 426M->176M(487M) 239.401ms
[2025-06-05T17:00:29.635+0000][1375.956s][info ][gc,cpu      ] GC(73) User=0.46s Sys=0.00s Real=0.24s
[2025-06-05T17:00:29.635+0000][1375.956s][info ][safepoint   ] Safepoint "G1CollectForAllocation", Time since last: 3438273002 ns, Reaching safepoint: 8130500 ns, Cleanup: 115541 ns, At safepoint: 242008625 ns, Total: 250254666 ns
[2025-06-05T17:00:30.639+0000][1376.960s][debug][safepoint   ] Safepoint synchronization initiated using futex wait barrier. (169 threads)
[2025-06-05T17:00:30.641+0000][1376.962s][info ][safepoint   ] Safepoint "Cleanup", Time since last: 1003451501 ns, Reaching safepoint: 2162083 ns, Cleanup: 258542 ns, At safepoint: 39542 ns, Total: 2460167 ns
[2025-06-05T17:00:34.650+0000][1380.968s][debug][safepoint   ] Safepoint synchronization initiated using futex wait barrier. (169 threads)
[2025-06-05T17:00:34.653+0000][1380.971s][info ][safepoint   ] Safepoint "Cleanup", Time since last: 4006157960 ns, Reaching safepoint: 2381500 ns, Cleanup: 274125 ns, At safepoint: 33541 ns, Total: 2689166 ns
[2025-06-05T17:00:36.658+0000][1382.976s][debug][safepoint   ] Safepoint synchronization initiated using futex wait barrier. (169 threads)
[2025-06-05T17:00:36.676+0000][1382.994s][info ][safepoint   ] Safepoint "Cleanup", Time since last: 2005311126 ns, Reaching safepoint: 8912958 ns, Cleanup: 8763500 ns, At safepoint: 55542 ns, Total: 17732000 ns
[2025-06-05T17:00:38.789+0000][1385.107s][debug][safepoint   ] Safepoint synchronization initiated using futex wait barrier. (169 threads)
[2025-06-05T17:00:38.790+0000][1385.109s][info ][safepoint   ] Safepoint "Cleanup", Time since last: 2113474543 ns, Reaching safepoint: 1228416 ns, Cleanup: 95459 ns, At safepoint: 29083 ns, Total: 1352958 ns
[2025-06-05T17:00:39.793+0000][1386.111s][debug][safepoint   ] Safepoint synchronization initiated using futex wait barrier. (169 threads)
[2025-06-05T17:00:39.794+0000][1386.112s][info ][safepoint   ] Safepoint "Cleanup", Time since last: 1002243417 ns, Reaching safepoint: 773125 ns, Cleanup: 39709 ns, At safepoint: 9625 ns, Total: 822459 ns
[2025-06-05T17:00:40.795+0000][1387.114s][debug][safepoint   ] Safepoint synchronization initiated using futex wait barrier. (169 threads)
[2025-06-05T17:00:40.797+0000][1387.115s][info ][safepoint   ] Safepoint "Cleanup", Time since last: 1001737500 ns, Reaching safepoint: 1445583 ns, Cleanup: 110667 ns, At safepoint: 14167 ns, Total: 1570417 ns
[2025-06-05T17:00:50.812+0000][1397.130s][debug][safepoint   ] Safepoint synchronization initiated using futex wait barrier. (169 threads)
[2025-06-05T17:00:50.816+0000][1397.134s][info ][safepoint   ] Safepoint "Cleanup", Time since last: 10015108046 ns, Reaching safepoint: 3638334 ns, Cleanup: 76375 ns, At safepoint: 42625 ns, Total: 3757334 ns
[2025-06-05T17:00:51.817+0000][1398.135s][debug][safepoint   ] Safepoint synchronization initiated using futex wait barrier. (169 threads)
[2025-06-05T17:00:51.843+0000][1398.162s][info ][safepoint   ] Safepoint "Cleanup", Time since last: 1001017167 ns, Reaching safepoint: 26456666 ns, Cleanup: 46959 ns, At safepoint: 125166 ns, Total: 26628791 ns
[2025-06-05T17:00:52.845+0000][1399.163s][debug][safepoint   ] Safepoint synchronization initiated using futex wait barrier. (169 threads)
[2025-06-05T17:00:52.845+0000][1399.164s][info ][safepoint   ] Safepoint "Cleanup", Time since last: 1001419751 ns, Reaching safepoint: 552625 ns, Cleanup: 75792 ns, At safepoint: 8791 ns, Total: 637208 ns
[2025-06-05T17:00:53.850+0000][1400.169s][debug][safepoint   ] Safepoint synchronization initiated using futex wait barrier. (168 threads)
[2025-06-05T17:00:53.854+0000][1400.172s][info ][safepoint   ] Safepoint "Cleanup", Time since last: 1004800542 ns, Reaching safepoint: 3222709 ns, Cleanup: 61375 ns, At safepoint: 28625 ns, Total: 3312709 ns
[2025-06-05T17:00:54.861+0000][1401.179s][debug][safepoint   ] Safepoint synchronization initiated using futex wait barrier. (168 threads)
[2025-06-05T17:00:54.864+0000][1401.182s][info ][safepoint   ] Safepoint "Cleanup", Time since last: 1004844000 ns, Reaching safepoint: 4838042 ns, Cleanup: 520541 ns, At safepoint: 76375 ns, Total: 5434958 ns
[2025-06-05T17:01:03.880+0000][1410.198s][debug][safepoint   ] Safepoint synchronization initiated using futex wait barrier. (167 threads)
[2025-06-05T17:01:03.884+0000][1410.203s][info ][safepoint   ] Safepoint "Cleanup", Time since last: 9015867130 ns, Reaching safepoint: 4491125 ns, Cleanup: 265250 ns, At safepoint: 36333 ns, Total: 4792708 ns
[2025-06-05T17:01:04.888+0000][1411.204s][debug][safepoint   ] Safepoint synchronization initiated using futex wait barrier. (167 threads)
[2025-06-05T17:01:04.889+0000][1411.205s][info ][safepoint   ] Safepoint "Cleanup", Time since last: 1001144541 ns, Reaching safepoint: 544167 ns, Cleanup: 41667 ns, At safepoint: 20166 ns, Total: 606000 ns
[2025-06-05T17:01:06.894+0000][1413.210s][debug][safepoint   ] Safepoint synchronization initiated using futex wait barrier. (167 threads)
[2025-06-05T17:01:06.896+0000][1413.212s][info ][safepoint   ] Safepoint "Cleanup", Time since last: 2005741876 ns, Reaching safepoint: 1762334 ns, Cleanup: 105708 ns, At safepoint: 11833 ns, Total: 1879875 ns
[2025-06-05T17:01:07.898+0000][1414.214s][debug][safepoint   ] Safepoint synchronization initiated using futex wait barrier. (167 threads)
[2025-06-05T17:01:07.898+0000][1414.214s][info ][safepoint   ] Safepoint "Cleanup", Time since last: 1001433209 ns, Reaching safepoint: 430583 ns, Cleanup: 35709 ns, At safepoint: 10833 ns, Total: 477125 ns
[2025-06-05T17:01:08.900+0000][1415.216s][debug][safepoint   ] Safepoint synchronization initiated using futex wait barrier. (167 threads)
[2025-06-05T17:01:08.903+0000][1415.219s][info ][safepoint   ] Safepoint "Cleanup", Time since last: 1002318501 ns, Reaching safepoint: 1913500 ns, Cleanup: 321333 ns, At safepoint: 40708 ns, Total: 2275541 ns
[2025-06-05T17:01:17.912+0000][1424.228s][debug][safepoint   ] Safepoint synchronization initiated using futex wait barrier. (167 threads)
[2025-06-05T17:01:17.916+0000][1424.232s][info ][safepoint   ] Safepoint "Cleanup", Time since last: 9008971088 ns, Reaching safepoint: 3687666 ns, Cleanup: 251834 ns, At safepoint: 52791 ns, Total: 3992291 ns
[2025-06-05T17:01:21.929+0000][1428.245s][debug][safepoint   ] Safepoint synchronization initiated using futex wait barrier. (167 threads)
[2025-06-05T17:01:21.935+0000][1428.251s][info ][safepoint   ] Safepoint "Cleanup", Time since last: 4012866836 ns, Reaching safepoint: 6070000 ns, Cleanup: 478375 ns, At safepoint: 28666 ns, Total: 6577041 ns
[2025-06-05T17:01:22.939+0000][1429.255s][debug][safepoint   ] Safepoint synchronization initiated using futex wait barrier. (167 threads)
[2025-06-05T17:01:22.943+0000][1429.259s][info ][safepoint   ] Safepoint "Cleanup", Time since last: 1003739918 ns, Reaching safepoint: 3821541 ns, Cleanup: 196334 ns, At safepoint: 49708 ns, Total: 4067583 ns
[2025-06-05T17:01:23.945+0000][1430.261s][debug][safepoint   ] Safepoint synchronization initiated using futex wait barrier. (167 threads)
[2025-06-05T17:01:23.946+0000][1430.262s][info ][safepoint   ] Safepoint "Cleanup", Time since last: 1002183417 ns, Reaching safepoint: 970417 ns, Cleanup: 368458 ns, At safepoint: 21958 ns, Total: 1360833 ns
[2025-06-05T17:01:25.950+0000][1432.266s][debug][safepoint   ] Safepoint synchronization initiated using futex wait barrier. (167 threads)
[2025-06-05T17:01:25.954+0000][1432.270s][info ][safepoint   ] Safepoint "Cleanup", Time since last: 2003225251 ns, Reaching safepoint: 4479584 ns, Cleanup: 218875 ns, At safepoint: 48916 ns, Total: 4747375 ns
[2025-06-05T17:01:29.975+0000][1436.291s][debug][safepoint   ] Safepoint synchronization initiated using futex wait barrier. (167 threads)
[2025-06-05T17:01:29.976+0000][1436.292s][info ][safepoint   ] Safepoint "Cleanup", Time since last: 4020445919 ns, Reaching safepoint: 1230333 ns, Cleanup: 55167 ns, At safepoint: 10750 ns, Total: 1296250 ns
[2025-06-05T17:01:30.977+0000][1437.293s][debug][safepoint   ] Safepoint synchronization initiated using futex wait barrier. (167 threads)
[2025-06-05T17:01:30.978+0000][1437.294s][info ][safepoint   ] Safepoint "Cleanup", Time since last: 1000646792 ns, Reaching safepoint: 655917 ns, Cleanup: 33958 ns, At safepoint: 40208 ns, Total: 730083 ns
[2025-06-05T17:01:31.979+0000][1438.295s][debug][safepoint   ] Safepoint synchronization initiated using futex wait barrier. (167 threads)
[2025-06-05T17:01:31.979+0000][1438.295s][info ][safepoint   ] Safepoint "Cleanup", Time since last: 1001391501 ns, Reaching safepoint: 329542 ns, Cleanup: 93958 ns, At safepoint: 11708 ns, Total: 435208 ns
[2025-06-05T17:01:32.982+0000][1439.298s][debug][safepoint   ] Safepoint synchronization initiated using futex wait barrier. (167 threads)
[2025-06-05T17:01:32.984+0000][1439.300s][info ][safepoint   ] Safepoint "Cleanup", Time since last: 1002219959 ns, Reaching safepoint: 1897375 ns, Cleanup: 90208 ns, At safepoint: 28500 ns, Total: 2016083 ns
[2025-06-05T17:01:35.974+0000][1442.304s][debug][safepoint   ] Safepoint synchronization initiated using futex wait barrier. (167 threads)
[2025-06-05T17:01:35.975+0000][1442.305s][info ][safepoint   ] Safepoint "Cleanup", Time since last: 3004137751 ns, Reaching safepoint: 791334 ns, Cleanup: 44875 ns, At safepoint: 4541 ns, Total: 840750 ns
[2025-06-05T17:01:48.895+0000][1455.225s][debug][safepoint   ] Safepoint synchronization initiated using futex wait barrier. (167 threads)
[2025-06-05T17:01:48.899+0000][1455.228s][info ][safepoint   ] Safepoint "Cleanup", Time since last: 12920218632 ns, Reaching safepoint: 3557250 ns, Cleanup: 137458 ns, At safepoint: 7375 ns, Total: 3702083 ns
[2025-06-05T17:01:58.913+0000][1465.242s][debug][safepoint   ] Safepoint synchronization initiated using futex wait barrier. (168 threads)
[2025-06-05T17:01:58.920+0000][1465.249s][info ][safepoint   ] Safepoint "Cleanup", Time since last: 10013978921 ns, Reaching safepoint: 6935417 ns, Cleanup: 50083 ns, At safepoint: 9042 ns, Total: 6994542 ns
[2025-06-05T17:02:03.932+0000][1470.262s][debug][safepoint   ] Safepoint synchronization initiated using futex wait barrier. (168 threads)
[2025-06-05T17:02:03.936+0000][1470.266s][info ][safepoint   ] Safepoint "Cleanup", Time since last: 5012425544 ns, Reaching safepoint: 4211542 ns, Cleanup: 123583 ns, At safepoint: 15708 ns, Total: 4350833 ns
[2025-06-05T17:02:04.950+0000][1471.269s][debug][safepoint   ] Safepoint synchronization initiated using futex wait barrier. (168 threads)
[2025-06-05T17:02:04.950+0000][1471.269s][info ][safepoint   ] Safepoint "Cleanup", Time since last: 1002318250 ns, Reaching safepoint: 595375 ns, Cleanup: 39083 ns, At safepoint: 9834 ns, Total: 644292 ns
[2025-06-05T17:02:13.961+0000][1480.280s][debug][safepoint   ] Safepoint synchronization initiated using futex wait barrier. (168 threads)
[2025-06-05T17:02:13.974+0000][1480.293s][info ][safepoint   ] Safepoint "Cleanup", Time since last: 9010327171 ns, Reaching safepoint: 7959500 ns, Cleanup: 4181750 ns, At safepoint: 841250 ns, Total: 12982500 ns
[2025-06-05T17:02:14.976+0000][1481.295s][debug][safepoint   ] Safepoint synchronization initiated using futex wait barrier. (168 threads)
[2025-06-05T17:02:14.977+0000][1481.296s][info ][safepoint   ] Safepoint "Cleanup", Time since last: 1002683917 ns, Reaching safepoint: 645041 ns, Cleanup: 120334 ns, At safepoint: 13958 ns, Total: 779333 ns
[2025-06-05T17:02:17.983+0000][1484.302s][debug][safepoint   ] Safepoint synchronization initiated using futex wait barrier. (168 threads)
[2025-06-05T17:02:17.989+0000][1484.308s][info ][safepoint   ] Safepoint "Cleanup", Time since last: 3005650335 ns, Reaching safepoint: 6374375 ns, Cleanup: 114416 ns, At safepoint: 14334 ns, Total: 6503125 ns
[2025-06-05T17:02:26.999+0000][1493.317s][debug][safepoint   ] Safepoint synchronization initiated using futex wait barrier. (168 threads)
[2025-06-05T17:02:27.004+0000][1493.322s][info ][safepoint   ] Safepoint "Cleanup", Time since last: 9009338796 ns, Reaching safepoint: 4688291 ns, Cleanup: 223417 ns, At safepoint: 47083 ns, Total: 4958791 ns
[2025-06-05T17:02:28.005+0000][1494.324s][debug][safepoint   ] Safepoint synchronization initiated using futex wait barrier. (168 threads)
[2025-06-05T17:02:28.006+0000][1494.324s][info ][safepoint   ] Safepoint "Cleanup", Time since last: 1001087334 ns, Reaching safepoint: 649500 ns, Cleanup: 68000 ns, At safepoint: 11667 ns, Total: 729167 ns
[2025-06-05T17:02:29.007+0000][1495.326s][debug][safepoint   ] Safepoint synchronization initiated using futex wait barrier. (168 threads)
[2025-06-05T17:02:29.008+0000][1495.327s][info ][safepoint   ] Safepoint "Cleanup", Time since last: 1001332667 ns, Reaching safepoint: 784917 ns, Cleanup: 127166 ns, At safepoint: 16959 ns, Total: 929042 ns
[2025-06-05T17:02:40.083+0000][1506.397s][debug][safepoint   ] Safepoint synchronization initiated using futex wait barrier. (168 threads)
[2025-06-05T17:02:40.085+0000][1506.400s][info ][safepoint   ] Safepoint "Cleanup", Time since last: 11070952379 ns, Reaching safepoint: 1940833 ns, Cleanup: 137000 ns, At safepoint: 10292 ns, Total: 2088125 ns
[2025-06-05T17:02:41.087+0000][1507.402s][debug][safepoint   ] Safepoint synchronization initiated using futex wait barrier. (168 threads)
[2025-06-05T17:02:41.089+0000][1507.404s][info ][safepoint   ] Safepoint "Cleanup", Time since last: 1002567542 ns, Reaching safepoint: 1567917 ns, Cleanup: 42958 ns, At safepoint: 11333 ns, Total: 1622208 ns
[2025-06-05T17:02:43.994+0000][1510.309s][debug][safepoint   ] Safepoint synchronization initiated using futex wait barrier. (168 threads)
[2025-06-05T17:02:43.998+0000][1510.313s][info ][gc,start    ] GC(74) Pause Young (Normal) (G1 Evacuation Pause)
[2025-06-05T17:02:43.999+0000][1510.314s][info ][gc,task     ] GC(74) Using 2 workers of 2 for evacuation
[2025-06-05T17:02:44.180+0000][1510.495s][info ][gc,phases   ] GC(74)   Pre Evacuate Collection Set: 14.3ms
[2025-06-05T17:02:44.180+0000][1510.495s][info ][gc,phases   ] GC(74)   Merge Heap Roots: 1.2ms
[2025-06-05T17:02:44.180+0000][1510.495s][info ][gc,phases   ] GC(74)   Evacuate Collection Set: 100.7ms
[2025-06-05T17:02:44.180+0000][1510.495s][info ][gc,phases   ] GC(74)   Post Evacuate Collection Set: 61.7ms
[2025-06-05T17:02:44.180+0000][1510.495s][info ][gc,phases   ] GC(74)   Other: 5.5ms
[2025-06-05T17:02:44.180+0000][1510.495s][info ][gc,heap     ] GC(74) Eden regions: 252->0(253)
[2025-06-05T17:02:44.180+0000][1510.495s][info ][gc,heap     ] GC(74) Survivor regions: 1->1(32)
[2025-06-05T17:02:44.180+0000][1510.495s][info ][gc,heap     ] GC(74) Old regions: 176->176
[2025-06-05T17:02:44.180+0000][1510.495s][info ][gc,heap     ] GC(74) Archive regions: 2->2
[2025-06-05T17:02:44.180+0000][1510.495s][info ][gc,heap     ] GC(74) Humongous regions: 0->0
[2025-06-05T17:02:44.180+0000][1510.495s][info ][gc,metaspace] GC(74) Metaspace: 180895K(182272K)->180895K(182272K) NonClass: 158954K(159680K)->158954K(159680K) Class: 21941K(22592K)->21941K(22592K)
[2025-06-05T17:02:44.180+0000][1510.495s][info ][gc          ] GC(74) Pause Young (Normal) (G1 Evacuation Pause) 428M->176M(487M) 182.360ms
[2025-06-05T17:02:44.180+0000][1510.495s][info ][gc,cpu      ] GC(74) User=0.35s Sys=0.00s Real=0.18s
[2025-06-05T17:02:44.181+0000][1510.495s][info ][safepoint   ] Safepoint "G1CollectForAllocation", Time since last: 2905110919 ns, Reaching safepoint: 1447250 ns, Cleanup: 63750 ns, At safepoint: 185103708 ns, Total: 186614708 ns
[2025-06-05T17:02:45.211+0000][1511.526s][debug][safepoint   ] Safepoint synchronization initiated using futex wait barrier. (168 threads)
[2025-06-05T17:02:45.338+0000][1511.653s][info ][safepoint   ] Safepoint "Cleanup", Time since last: 1030388459 ns, Reaching safepoint: 126391417 ns, Cleanup: 274458 ns, At safepoint: 19917 ns, Total: 126685792 ns
[2025-06-05T17:02:46.339+0000][1512.654s][debug][safepoint   ] Safepoint synchronization initiated using futex wait barrier. (168 threads)
[2025-06-05T17:02:46.341+0000][1512.656s][info ][safepoint   ] Safepoint "Cleanup", Time since last: 1001770083 ns, Reaching safepoint: 1044584 ns, Cleanup: 130333 ns, At safepoint: 17625 ns, Total: 1192542 ns
[2025-06-05T17:02:47.342+0000][1513.657s][debug][safepoint   ] Safepoint synchronization initiated using futex wait barrier. (168 threads)
[2025-06-05T17:02:47.344+0000][1513.659s][info ][safepoint   ] Safepoint "Cleanup", Time since last: 1001404125 ns, Reaching safepoint: 1496375 ns, Cleanup: 225209 ns, At safepoint: 26958 ns, Total: 1748542 ns
[2025-06-05T17:02:49.348+0000][1515.663s][debug][safepoint   ] Safepoint synchronization initiated using futex wait barrier. (169 threads)
[2025-06-05T17:02:49.351+0000][1515.666s][info ][safepoint   ] Safepoint "Cleanup", Time since last: 2004144834 ns, Reaching safepoint: 2502375 ns, Cleanup: 298875 ns, At safepoint: 29917 ns, Total: 2831167 ns
[2025-06-05T17:02:50.352+0000][1516.667s][debug][safepoint   ] Safepoint synchronization initiated using futex wait barrier. (174 threads)
[2025-06-05T17:02:50.355+0000][1516.670s][info ][safepoint   ] Safepoint "Cleanup", Time since last: 1001328667 ns, Reaching safepoint: 2222459 ns, Cleanup: 698166 ns, At safepoint: 58542 ns, Total: 2979167 ns
[2025-06-05T17:02:54.361+0000][1520.676s][debug][safepoint   ] Safepoint synchronization initiated using futex wait barrier. (174 threads)
[2025-06-05T17:02:54.373+0000][1520.687s][info ][safepoint   ] Safepoint "Cleanup", Time since last: 4005959168 ns, Reaching safepoint: 11437125 ns, Cleanup: 129875 ns, At safepoint: 25459 ns, Total: 11592459 ns
[2025-06-05T17:02:55.374+0000][1521.689s][debug][safepoint   ] Safepoint synchronization initiated using futex wait barrier. (174 threads)
[2025-06-05T17:02:55.379+0000][1521.694s][info ][safepoint   ] Safepoint "Cleanup", Time since last: 1001409250 ns, Reaching safepoint: 3587917 ns, Cleanup: 1131083 ns, At safepoint: 205084 ns, Total: 4924084 ns
[2025-06-05T17:02:56.386+0000][1522.701s][debug][safepoint   ] Safepoint synchronization initiated using futex wait barrier. (174 threads)
[2025-06-05T17:02:56.387+0000][1522.702s][info ][safepoint   ] Safepoint "Cleanup", Time since last: 1006741458 ns, Reaching safepoint: 1281459 ns, Cleanup: 77416 ns, At safepoint: 15084 ns, Total: 1373959 ns
[2025-06-05T17:02:57.388+0000][1523.703s][debug][safepoint   ] Safepoint synchronization initiated using futex wait barrier. (174 threads)
[2025-06-05T17:02:57.388+0000][1523.703s][info ][safepoint   ] Safepoint "Cleanup", Time since last: 1000591209 ns, Reaching safepoint: 582166 ns, Cleanup: 24334 ns, At safepoint: 9958 ns, Total: 616458 ns
[2025-06-05T17:02:58.390+0000][1524.705s][debug][safepoint   ] Safepoint synchronization initiated using futex wait barrier. (174 threads)
[2025-06-05T17:02:58.392+0000][1524.707s][info ][safepoint   ] Safepoint "Cleanup", Time since last: 1001911209 ns, Reaching safepoint: 1625916 ns, Cleanup: 94709 ns, At safepoint: 9875 ns, Total: 1730500 ns
[2025-06-05T17:02:59.393+0000][1525.707s][debug][safepoint   ] Safepoint synchronization initiated using futex wait barrier. (174 threads)
[2025-06-05T17:02:59.393+0000][1525.708s][info ][safepoint   ] Safepoint "Cleanup", Time since last: 1000688584 ns, Reaching safepoint: 547250 ns, Cleanup: 38750 ns, At safepoint: 9125 ns, Total: 595125 ns
[2025-06-05T17:03:04.398+0000][1530.713s][debug][safepoint   ] Safepoint synchronization initiated using futex wait barrier. (174 threads)
[2025-06-05T17:03:04.402+0000][1530.717s][info ][safepoint   ] Safepoint "Cleanup", Time since last: 5004801085 ns, Reaching safepoint: 4091959 ns, Cleanup: 54083 ns, At safepoint: 106750 ns, Total: 4252792 ns
[2025-06-05T17:03:09.411+0000][1535.726s][debug][safepoint   ] Safepoint synchronization initiated using futex wait barrier. (174 threads)
[2025-06-05T17:03:09.414+0000][1535.729s][info ][safepoint   ] Safepoint "Cleanup", Time since last: 5008956377 ns, Reaching safepoint: 2550000 ns, Cleanup: 92958 ns, At safepoint: 11625 ns, Total: 2654583 ns
[2025-06-05T17:03:12.418+0000][1538.733s][debug][safepoint   ] Safepoint synchronization initiated using futex wait barrier. (174 threads)
[2025-06-05T17:03:12.420+0000][1538.735s][info ][safepoint   ] Safepoint "Cleanup", Time since last: 3004459501 ns, Reaching safepoint: 1614167 ns, Cleanup: 63708 ns, At safepoint: 23084 ns, Total: 1700959 ns
[2025-06-05T17:03:13.421+0000][1539.736s][debug][safepoint   ] Safepoint synchronization initiated using futex wait barrier. (174 threads)
[2025-06-05T17:03:13.422+0000][1539.737s][info ][safepoint   ] Safepoint "Cleanup", Time since last: 1001081917 ns, Reaching safepoint: 532042 ns, Cleanup: 78416 ns, At safepoint: 8709 ns, Total: 619167 ns
[2025-06-05T17:03:20.434+0000][1546.749s][debug][safepoint   ] Safepoint synchronization initiated using futex wait barrier. (174 threads)
[2025-06-05T17:03:20.441+0000][1546.756s][info ][safepoint   ] Safepoint "Cleanup", Time since last: 7012146336 ns, Reaching safepoint: 7015834 ns, Cleanup: 250375 ns, At safepoint: 83708 ns, Total: 7349917 ns
[2025-06-05T17:03:21.443+0000][1547.758s][debug][safepoint   ] Safepoint synchronization initiated using futex wait barrier. (174 threads)
[2025-06-05T17:03:21.444+0000][1547.759s][info ][safepoint   ] Safepoint "Cleanup", Time since last: 1002084917 ns, Reaching safepoint: 920833 ns, Cleanup: 52209 ns, At safepoint: 6875 ns, Total: 979917 ns
[2025-06-05T17:03:22.453+0000][1548.768s][debug][safepoint   ] Safepoint synchronization initiated using futex wait barrier. (174 threads)
[2025-06-05T17:03:22.459+0000][1548.774s][info ][safepoint   ] Safepoint "Cleanup", Time since last: 1006720625 ns, Reaching safepoint: 7614500 ns, Cleanup: 625167 ns, At safepoint: 310042 ns, Total: 8549709 ns
[2025-06-05T17:03:26.471+0000][1552.786s][debug][safepoint   ] Safepoint synchronization initiated using futex wait barrier. (174 threads)
[2025-06-05T17:03:26.472+0000][1552.787s][info ][safepoint   ] Safepoint "Cleanup", Time since last: 4011099543 ns, Reaching safepoint: 1102125 ns, Cleanup: 68292 ns, At safepoint: 14958 ns, Total: 1185375 ns
[2025-06-05T17:03:36.486+0000][1562.800s][debug][safepoint   ] Safepoint synchronization initiated using futex wait barrier. (174 threads)
[2025-06-05T17:03:36.489+0000][1562.803s][info ][safepoint   ] Safepoint "Cleanup", Time since last: 10013350004 ns, Reaching safepoint: 2749584 ns, Cleanup: 149541 ns, At safepoint: 168959 ns, Total: 3068084 ns
[2025-06-05T17:03:40.246+0000][1566.561s][debug][safepoint   ] Safepoint synchronization initiated using futex wait barrier. (174 threads)
[2025-06-05T17:03:40.249+0000][1566.563s][info ][safepoint   ] Safepoint "Cleanup", Time since last: 3757812668 ns, Reaching safepoint: 2390083 ns, Cleanup: 110542 ns, At safepoint: 12417 ns, Total: 2513042 ns
[2025-06-05T17:03:42.258+0000][1568.572s][debug][safepoint   ] Safepoint synchronization initiated using futex wait barrier. (174 threads)
[2025-06-05T17:03:42.259+0000][1568.574s][info ][safepoint   ] Safepoint "Cleanup", Time since last: 2008955876 ns, Reaching safepoint: 1194041 ns, Cleanup: 162625 ns, At safepoint: 22125 ns, Total: 1378791 ns
[2025-06-05T17:03:49.270+0000][1575.584s][debug][safepoint   ] Safepoint synchronization initiated using futex wait barrier. (174 threads)
[2025-06-05T17:03:49.275+0000][1575.590s][info ][safepoint   ] Safepoint "Cleanup", Time since last: 7010593254 ns, Reaching safepoint: 5383208 ns, Cleanup: 41792 ns, At safepoint: 7625 ns, Total: 5432625 ns
[2025-06-05T17:03:51.300+0000][1577.615s][debug][safepoint   ] Safepoint synchronization initiated using futex wait barrier. (169 threads)
[2025-06-05T17:03:51.302+0000][1577.617s][info ][safepoint   ] Safepoint "Cleanup", Time since last: 2024846501 ns, Reaching safepoint: 1935916 ns, Cleanup: 218042 ns, At safepoint: 26167 ns, Total: 2180125 ns
[2025-06-05T17:03:53.306+0000][1579.621s][debug][safepoint   ] Safepoint synchronization initiated using futex wait barrier. (169 threads)
[2025-06-05T17:03:53.310+0000][1579.625s][info ][safepoint   ] Safepoint "Cleanup", Time since last: 2003625084 ns, Reaching safepoint: 4463375 ns, Cleanup: 42042 ns, At safepoint: 10625 ns, Total: 4516042 ns
[2025-06-05T17:03:54.315+0000][1580.630s][debug][safepoint   ] Safepoint synchronization initiated using futex wait barrier. (169 threads)
[2025-06-05T17:03:54.316+0000][1580.631s][info ][safepoint   ] Safepoint "Cleanup", Time since last: 1004597083 ns, Reaching safepoint: 1398584 ns, Cleanup: 59791 ns, At safepoint: 3750 ns, Total: 1462125 ns
[2025-06-05T17:03:55.317+0000][1581.631s][debug][safepoint   ] Safepoint synchronization initiated using futex wait barrier. (169 threads)
[2025-06-05T17:03:55.318+0000][1581.632s][info ][safepoint   ] Safepoint "Cleanup", Time since last: 1000397418 ns, Reaching safepoint: 1006458 ns, Cleanup: 41292 ns, At safepoint: 5166 ns, Total: 1052916 ns
[2025-06-05T17:04:05.336+0000][1591.648s][debug][safepoint   ] Safepoint synchronization initiated using futex wait barrier. (169 threads)
[2025-06-05T17:04:05.338+0000][1591.649s][info ][safepoint   ] Safepoint "Cleanup", Time since last: 10015183088 ns, Reaching safepoint: 1514416 ns, Cleanup: 267334 ns, At safepoint: 35708 ns, Total: 1817458 ns
[2025-06-05T17:04:06.344+0000][1592.655s][debug][safepoint   ] Safepoint synchronization initiated using futex wait barrier. (169 threads)
[2025-06-05T17:04:06.345+0000][1592.657s][info ][safepoint   ] Safepoint "Cleanup", Time since last: 1005855584 ns, Reaching safepoint: 1587458 ns, Cleanup: 79167 ns, At safepoint: 26917 ns, Total: 1693542 ns
[2025-06-05T17:04:08.347+0000][1594.659s][debug][safepoint   ] Safepoint synchronization initiated using futex wait barrier. (169 threads)
[2025-06-05T17:04:08.348+0000][1594.660s][info ][safepoint   ] Safepoint "Cleanup", Time since last: 2001599334 ns, Reaching safepoint: 1424625 ns, Cleanup: 63916 ns, At safepoint: 8459 ns, Total: 1497000 ns
[2025-06-05T17:04:25.380+0000][1611.692s][debug][safepoint   ] Safepoint synchronization initiated using futex wait barrier. (169 threads)
[2025-06-05T17:04:25.383+0000][1611.695s][info ][safepoint   ] Safepoint "Cleanup", Time since last: 17031640925 ns, Reaching safepoint: 2575583 ns, Cleanup: 429875 ns, At safepoint: 10458 ns, Total: 3015916 ns
[2025-06-05T17:04:31.392+0000][1617.704s][debug][safepoint   ] Safepoint synchronization initiated using futex wait barrier. (169 threads)
[2025-06-05T17:04:31.400+0000][1617.712s][info ][safepoint   ] Safepoint "Cleanup", Time since last: 6009419253 ns, Reaching safepoint: 7754292 ns, Cleanup: 99583 ns, At safepoint: 17625 ns, Total: 7871500 ns
[2025-06-05T17:04:32.402+0000][1618.713s][debug][safepoint   ] Safepoint synchronization initiated using futex wait barrier. (169 threads)
[2025-06-05T17:04:32.402+0000][1618.714s][info ][safepoint   ] Safepoint "Cleanup", Time since last: 1001267709 ns, Reaching safepoint: 357417 ns, Cleanup: 33791 ns, At safepoint: 18292 ns, Total: 409500 ns
[2025-06-05T17:04:35.408+0000][1621.718s][debug][safepoint   ] Safepoint synchronization initiated using futex wait barrier. (169 threads)
[2025-06-05T17:04:35.411+0000][1621.720s][info ][safepoint   ] Safepoint "Cleanup", Time since last: 3003898251 ns, Reaching safepoint: 2560625 ns, Cleanup: 211041 ns, At safepoint: 49125 ns, Total: 2820791 ns
[2025-06-05T17:04:36.412+0000][1622.722s][debug][safepoint   ] Safepoint synchronization initiated using futex wait barrier. (169 threads)
[2025-06-05T17:04:36.414+0000][1622.724s][info ][safepoint   ] Safepoint "Cleanup", Time since last: 1001158668 ns, Reaching safepoint: 1892125 ns, Cleanup: 38708 ns, At safepoint: 39542 ns, Total: 1970375 ns
[2025-06-05T17:04:45.273+0000][1631.582s][debug][safepoint   ] Safepoint synchronization initiated using futex wait barrier. (169 threads)
[2025-06-05T17:04:45.277+0000][1631.587s][info ][safepoint   ] Safepoint "Cleanup", Time since last: 8858852670 ns, Reaching safepoint: 3686459 ns, Cleanup: 392083 ns, At safepoint: 70500 ns, Total: 4149042 ns
[2025-06-05T17:04:46.278+0000][1632.588s][debug][safepoint   ] Safepoint synchronization initiated using futex wait barrier. (169 threads)
[2025-06-05T17:04:46.278+0000][1632.588s][info ][safepoint   ] Safepoint "Cleanup", Time since last: 1001192334 ns, Reaching safepoint: 495833 ns, Cleanup: 39334 ns, At safepoint: 21625 ns, Total: 556792 ns
[2025-06-05T17:04:49.954+0000][1636.264s][debug][safepoint   ] Safepoint synchronization initiated using futex wait barrier. (168 threads)
[2025-06-05T17:04:49.957+0000][1636.267s][info ][gc,start    ] GC(75) Pause Young (Normal) (G1 Evacuation Pause)
[2025-06-05T17:04:49.958+0000][1636.268s][info ][gc,task     ] GC(75) Using 2 workers of 2 for evacuation
[2025-06-05T17:04:50.100+0000][1636.410s][info ][gc,phases   ] GC(75)   Pre Evacuate Collection Set: 9.2ms
[2025-06-05T17:04:50.100+0000][1636.410s][info ][gc,phases   ] GC(75)   Merge Heap Roots: 4.7ms
[2025-06-05T17:04:50.100+0000][1636.410s][info ][gc,phases   ] GC(75)   Evacuate Collection Set: 87.2ms
[2025-06-05T17:04:50.100+0000][1636.410s][info ][gc,phases   ] GC(75)   Post Evacuate Collection Set: 39.0ms
[2025-06-05T17:04:50.100+0000][1636.410s][info ][gc,phases   ] GC(75)   Other: 3.4ms
[2025-06-05T17:04:50.100+0000][1636.410s][info ][gc,heap     ] GC(75) Eden regions: 253->0(254)
[2025-06-05T17:04:50.100+0000][1636.410s][info ][gc,heap     ] GC(75) Survivor regions: 1->1(32)
[2025-06-05T17:04:50.100+0000][1636.410s][info ][gc,heap     ] GC(75) Old regions: 176->176
[2025-06-05T17:04:50.100+0000][1636.410s][info ][gc,heap     ] GC(75) Archive regions: 2->2
[2025-06-05T17:04:50.100+0000][1636.410s][info ][gc,heap     ] GC(75) Humongous regions: 0->0
[2025-06-05T17:04:50.100+0000][1636.410s][info ][gc,metaspace] GC(75) Metaspace: 181061K(182464K)->181061K(182464K) NonClass: 159107K(159808K)->159107K(159808K) Class: 21953K(22656K)->21953K(22656K)
[2025-06-05T17:04:50.101+0000][1636.411s][info ][gc          ] GC(75) Pause Young (Normal) (G1 Evacuation Pause) 429M->176M(487M) 143.192ms
[2025-06-05T17:04:50.101+0000][1636.411s][info ][gc,cpu      ] GC(75) User=0.27s Sys=0.00s Real=0.14s
[2025-06-05T17:04:50.102+0000][1636.412s][info ][safepoint   ] Safepoint "G1CollectForAllocation", Time since last: 3675884126 ns, Reaching safepoint: 1395292 ns, Cleanup: 41792 ns, At safepoint: 145918875 ns, Total: 147355959 ns
[2025-06-05T17:04:51.103+0000][1637.413s][debug][safepoint   ] Safepoint synchronization initiated using futex wait barrier. (168 threads)
[2025-06-05T17:04:51.103+0000][1637.413s][info ][safepoint   ] Safepoint "Cleanup", Time since last: 1001058875 ns, Reaching safepoint: 577959 ns, Cleanup: 101666 ns, At safepoint: 10292 ns, Total: 689917 ns
[2025-06-05T17:04:59.117+0000][1645.427s][debug][safepoint   ] Safepoint synchronization initiated using futex wait barrier. (168 threads)
[2025-06-05T17:04:59.137+0000][1645.447s][info ][safepoint   ] Safepoint "Cleanup", Time since last: 8013350462 ns, Reaching safepoint: 19830583 ns, Cleanup: 73459 ns, At safepoint: 20583 ns, Total: 19924625 ns
[2025-06-05T17:05:01.139+0000][1647.449s][debug][safepoint   ] Safepoint synchronization initiated using futex wait barrier. (168 threads)
[2025-06-05T17:05:01.141+0000][1647.450s][info ][safepoint   ] Safepoint "Cleanup", Time since last: 2001977876 ns, Reaching safepoint: 1743500 ns, Cleanup: 104583 ns, At safepoint: 11000 ns, Total: 1859083 ns
[2025-06-05T17:05:05.146+0000][1651.455s][debug][safepoint   ] Safepoint synchronization initiated using futex wait barrier. (168 threads)
[2025-06-05T17:05:05.151+0000][1651.460s][info ][safepoint   ] Safepoint "Cleanup", Time since last: 4004551335 ns, Reaching safepoint: 4836417 ns, Cleanup: 146875 ns, At safepoint: 27541 ns, Total: 5010833 ns
[2025-06-05T17:05:18.172+0000][1664.481s][debug][safepoint   ] Safepoint synchronization initiated using futex wait barrier. (168 threads)
[2025-06-05T17:05:18.181+0000][1664.490s][info ][safepoint   ] Safepoint "Cleanup", Time since last: 13021105548 ns, Reaching safepoint: 8556833 ns, Cleanup: 86125 ns, At safepoint: 17959 ns, Total: 8660917 ns
[2025-06-05T17:05:27.189+0000][1673.498s][debug][safepoint   ] Safepoint synchronization initiated using futex wait barrier. (168 threads)
[2025-06-05T17:05:27.191+0000][1673.501s][info ][safepoint   ] Safepoint "Cleanup", Time since last: 9008410754 ns, Reaching safepoint: 2194250 ns, Cleanup: 138042 ns, At safepoint: 13458 ns, Total: 2345750 ns
[2025-06-05T17:05:31.073+0000][1677.382s][debug][safepoint   ] Safepoint synchronization initiated using futex wait barrier. (168 threads)
[2025-06-05T17:05:31.076+0000][1677.386s][info ][safepoint   ] Safepoint "Cleanup", Time since last: 3881589627 ns, Reaching safepoint: 3346875 ns, Cleanup: 27667 ns, At safepoint: 7291 ns, Total: 3381833 ns
[2025-06-05T17:05:32.079+0000][1678.388s][debug][safepoint   ] Safepoint synchronization initiated using futex wait barrier. (168 threads)
[2025-06-05T17:05:32.081+0000][1678.390s][debug][safepoint   ] ... found polling page loop exception at pc = 0x0000ffff89e0a690, stub =0x0000ffff8897ef00
[2025-06-05T17:05:32.082+0000][1678.391s][info ][safepoint   ] Safepoint "Cleanup", Time since last: 1002963042 ns, Reaching safepoint: 1818042 ns, Cleanup: 462667 ns, At safepoint: 23333 ns, Total: 2304042 ns
[2025-06-05T17:05:33.082+0000][1679.392s][debug][safepoint   ] Safepoint synchronization initiated using futex wait barrier. (168 threads)
[2025-06-05T17:05:33.083+0000][1679.392s][info ][safepoint   ] Safepoint "Cleanup", Time since last: 1000756001 ns, Reaching safepoint: 499791 ns, Cleanup: 60875 ns, At safepoint: 12667 ns, Total: 573333 ns
[2025-06-05T17:05:46.300+0000][1692.618s][debug][safepoint   ] Safepoint synchronization initiated using futex wait barrier. (168 threads)
[2025-06-05T17:05:46.303+0000][1692.621s][info ][safepoint   ] Safepoint "Cleanup", Time since last: 13225897756 ns, Reaching safepoint: 2849000 ns, Cleanup: 78875 ns, At safepoint: 12958 ns, Total: 2940833 ns
[2025-06-05T17:05:47.304+0000][1693.622s][debug][safepoint   ] Safepoint synchronization initiated using futex wait barrier. (168 threads)
[2025-06-05T17:05:47.304+0000][1693.623s][info ][safepoint   ] Safepoint "Cleanup", Time since last: 1001001375 ns, Reaching safepoint: 532834 ns, Cleanup: 68625 ns, At safepoint: 10583 ns, Total: 612042 ns
[2025-06-05T17:06:02.108+0000][1708.427s][debug][safepoint   ] Safepoint synchronization initiated using futex wait barrier. (168 threads)
[2025-06-05T17:06:02.217+0000][1708.535s][info ][safepoint   ] Safepoint "Cleanup", Time since last: 14803985674 ns, Reaching safepoint: 107141917 ns, Cleanup: 430333 ns, At safepoint: 700167 ns, Total: 108272417 ns
[2025-06-05T17:06:04.233+0000][1710.551s][debug][safepoint   ] Safepoint synchronization initiated using futex wait barrier. (168 threads)
[2025-06-05T17:06:04.236+0000][1710.555s][info ][safepoint   ] Safepoint "Cleanup", Time since last: 2015950625 ns, Reaching safepoint: 2658125 ns, Cleanup: 1079084 ns, At safepoint: 25208 ns, Total: 3762417 ns
[2025-06-05T17:06:05.246+0000][1711.557s][debug][safepoint   ] Safepoint synchronization initiated using futex wait barrier. (168 threads)
[2025-06-05T17:06:05.247+0000][1711.558s][info ][safepoint   ] Safepoint "Cleanup", Time since last: 1002506584 ns, Reaching safepoint: 907666 ns, Cleanup: 61750 ns, At safepoint: 4375 ns, Total: 973791 ns
[2025-06-05T17:06:09.253+0000][1715.564s][debug][safepoint   ] Safepoint synchronization initiated using futex wait barrier. (168 threads)
[2025-06-05T17:06:09.255+0000][1715.566s][info ][safepoint   ] Safepoint "Cleanup", Time since last: 4005688252 ns, Reaching safepoint: 2003625 ns, Cleanup: 62959 ns, At safepoint: 18125 ns, Total: 2084709 ns
[2025-06-05T17:06:10.256+0000][1716.567s][debug][safepoint   ] Safepoint synchronization initiated using futex wait barrier. (168 threads)
[2025-06-05T17:06:10.257+0000][1716.568s][info ][safepoint   ] Safepoint "Cleanup", Time since last: 1001055458 ns, Reaching safepoint: 679834 ns, Cleanup: 68875 ns, At safepoint: 22416 ns, Total: 771125 ns
[2025-06-05T17:06:13.261+0000][1719.572s][debug][safepoint   ] Safepoint synchronization initiated using futex wait barrier. (168 threads)
[2025-06-05T17:06:13.265+0000][1719.575s][info ][safepoint   ] Safepoint "Cleanup", Time since last: 3003890877 ns, Reaching safepoint: 3720875 ns, Cleanup: 172583 ns, At safepoint: 11458 ns, Total: 3904916 ns
[2025-06-05T17:06:14.266+0000][1720.576s][debug][safepoint   ] Safepoint synchronization initiated using futex wait barrier. (168 threads)
[2025-06-05T17:06:14.267+0000][1720.577s][info ][safepoint   ] Safepoint "Cleanup", Time since last: 1001013251 ns, Reaching safepoint: 682708 ns, Cleanup: 68167 ns, At safepoint: 8667 ns, Total: 759542 ns
[2025-06-05T17:06:24.280+0000][1730.591s][debug][safepoint   ] Safepoint synchronization initiated using futex wait barrier. (168 threads)
[2025-06-05T17:06:24.291+0000][1730.602s][info ][safepoint   ] Safepoint "Cleanup", Time since last: 10013361754 ns, Reaching safepoint: 10925500 ns, Cleanup: 450167 ns, At safepoint: 7583 ns, Total: 11383250 ns
[2025-06-05T17:06:25.294+0000][1731.604s][debug][safepoint   ] Safepoint synchronization initiated using futex wait barrier. (168 threads)
[2025-06-05T17:06:25.296+0000][1731.607s][info ][safepoint   ] Safepoint "Cleanup", Time since last: 1002315043 ns, Reaching safepoint: 2295583 ns, Cleanup: 148458 ns, At safepoint: 9084 ns, Total: 2453125 ns
[2025-06-05T17:06:26.299+0000][1732.610s][debug][safepoint   ] Safepoint synchronization initiated using futex wait barrier. (168 threads)
[2025-06-05T17:06:26.304+0000][1732.615s][info ][safepoint   ] Safepoint "Cleanup", Time since last: 1002935083 ns, Reaching safepoint: 4768500 ns, Cleanup: 147917 ns, At safepoint: 18417 ns, Total: 4934834 ns
[2025-06-05T17:06:28.309+0000][1734.619s][debug][safepoint   ] Safepoint synchronization initiated using futex wait barrier. (168 threads)
[2025-06-05T17:06:28.312+0000][1734.622s][info ][safepoint   ] Safepoint "Cleanup", Time since last: 2004814001 ns, Reaching safepoint: 2414583 ns, Cleanup: 480958 ns, At safepoint: 18042 ns, Total: 2913583 ns
[2025-06-05T17:06:29.313+0000][1735.624s][debug][safepoint   ] Safepoint synchronization initiated using futex wait barrier. (168 threads)
[2025-06-05T17:06:29.314+0000][1735.625s][info ][safepoint   ] Safepoint "Cleanup", Time since last: 1001685625 ns, Reaching safepoint: 713875 ns, Cleanup: 75875 ns, At safepoint: 15209 ns, Total: 804959 ns
[2025-06-05T17:06:40.489+0000][1746.812s][debug][safepoint   ] Safepoint synchronization initiated using futex wait barrier. (169 threads)
[2025-06-05T17:06:40.490+0000][1746.813s][info ][safepoint   ] Safepoint "Cleanup", Time since last: 11187605588 ns, Reaching safepoint: 791125 ns, Cleanup: 119792 ns, At safepoint: 10833 ns, Total: 921750 ns
[2025-06-05T17:06:41.493+0000][1747.816s][debug][safepoint   ] Safepoint synchronization initiated using futex wait barrier. (174 threads)
[2025-06-05T17:06:41.494+0000][1747.817s][info ][safepoint   ] Safepoint "Cleanup", Time since last: 1002667709 ns, Reaching safepoint: 881334 ns, Cleanup: 235166 ns, At safepoint: 15750 ns, Total: 1132250 ns
[2025-06-05T17:06:43.496+0000][1749.820s][debug][safepoint   ] Safepoint synchronization initiated using futex wait barrier. (174 threads)
[2025-06-05T17:06:43.498+0000][1749.822s][info ][safepoint   ] Safepoint "Cleanup", Time since last: 2002745835 ns, Reaching safepoint: 1817166 ns, Cleanup: 178500 ns, At safepoint: 13625 ns, Total: 2009291 ns
[2025-06-05T17:06:45.503+0000][1751.826s][debug][safepoint   ] Safepoint synchronization initiated using futex wait barrier. (174 threads)
[2025-06-05T17:06:45.507+0000][1751.831s][info ][safepoint   ] Safepoint "Cleanup", Time since last: 2004532001 ns, Reaching safepoint: 4341792 ns, Cleanup: 192208 ns, At safepoint: 35208 ns, Total: 4569208 ns
[2025-06-05T17:06:50.513+0000][1756.837s][debug][safepoint   ] Safepoint synchronization initiated using futex wait barrier. (174 threads)
[2025-06-05T17:06:50.520+0000][1756.844s][info ][safepoint   ] Safepoint "Cleanup", Time since last: 5005968753 ns, Reaching safepoint: 6577250 ns, Cleanup: 82125 ns, At safepoint: 51292 ns, Total: 6710667 ns
[2025-06-05T17:06:51.521+0000][1757.845s][debug][safepoint   ] Safepoint synchronization initiated using futex wait barrier. (179 threads)
[2025-06-05T17:06:51.529+0000][1757.852s][info ][safepoint   ] Safepoint "Cleanup", Time since last: 1000871167 ns, Reaching safepoint: 6340500 ns, Cleanup: 1265375 ns, At safepoint: 350750 ns, Total: 7956625 ns
[2025-06-05T17:06:51.878+0000][1758.201s][debug][safepoint   ] Safepoint synchronization initiated using futex wait barrier. (180 threads)
[2025-06-05T17:06:51.879+0000][1758.202s][info ][gc,start    ] GC(76) Pause Young (Normal) (G1 Evacuation Pause)
[2025-06-05T17:06:51.879+0000][1758.203s][info ][gc,task     ] GC(76) Using 2 workers of 2 for evacuation
[2025-06-05T17:06:51.943+0000][1758.267s][info ][gc,phases   ] GC(76)   Pre Evacuate Collection Set: 5.7ms
[2025-06-05T17:06:51.944+0000][1758.267s][info ][gc,phases   ] GC(76)   Merge Heap Roots: 1.6ms
[2025-06-05T17:06:51.944+0000][1758.267s][info ][gc,phases   ] GC(76)   Evacuate Collection Set: 42.2ms
[2025-06-05T17:06:51.944+0000][1758.267s][info ][gc,phases   ] GC(76)   Post Evacuate Collection Set: 13.3ms
[2025-06-05T17:06:51.944+0000][1758.267s][info ][gc,phases   ] GC(76)   Other: 1.9ms
[2025-06-05T17:06:51.944+0000][1758.267s][info ][gc,heap     ] GC(76) Eden regions: 254->0(255)
[2025-06-05T17:06:51.944+0000][1758.267s][info ][gc,heap     ] GC(76) Survivor regions: 1->1(32)
[2025-06-05T17:06:51.944+0000][1758.267s][info ][gc,heap     ] GC(76) Old regions: 176->176
[2025-06-05T17:06:51.944+0000][1758.267s][info ][gc,heap     ] GC(76) Archive regions: 2->2
[2025-06-05T17:06:51.944+0000][1758.267s][info ][gc,heap     ] GC(76) Humongous regions: 0->0
[2025-06-05T17:06:51.944+0000][1758.267s][info ][gc,metaspace] GC(76) Metaspace: 181806K(183232K)->181806K(183232K) NonClass: 159770K(160512K)->159770K(160512K) Class: 22036K(22720K)->22036K(22720K)
[2025-06-05T17:06:51.944+0000][1758.268s][info ][gc          ] GC(76) Pause Young (Normal) (G1 Evacuation Pause) 430M->177M(487M) 65.243ms
[2025-06-05T17:06:51.944+0000][1758.268s][info ][gc,cpu      ] GC(76) User=0.13s Sys=0.00s Real=0.07s
[2025-06-05T17:06:51.944+0000][1758.268s][info ][safepoint   ] Safepoint "G1CollectForAllocation", Time since last: 348968500 ns, Reaching safepoint: 394250 ns, Cleanup: 67583 ns, At safepoint: 65927250 ns, Total: 66389083 ns
[2025-06-05T17:06:52.949+0000][1759.272s][debug][safepoint   ] Safepoint synchronization initiated using futex wait barrier. (180 threads)
[2025-06-05T17:06:52.954+0000][1759.278s][info ][safepoint   ] Safepoint "Cleanup", Time since last: 1004482584 ns, Reaching safepoint: 5068625 ns, Cleanup: 265750 ns, At safepoint: 56917 ns, Total: 5391292 ns
[2025-06-05T17:06:53.955+0000][1760.279s][debug][safepoint   ] Safepoint synchronization initiated using futex wait barrier. (181 threads)
[2025-06-05T17:06:53.956+0000][1760.280s][info ][safepoint   ] Safepoint "Cleanup", Time since last: 1000819709 ns, Reaching safepoint: 981458 ns, Cleanup: 186083 ns, At safepoint: 9334 ns, Total: 1176875 ns
[2025-06-05T17:06:54.958+0000][1761.281s][debug][safepoint   ] Safepoint synchronization initiated using futex wait barrier. (181 threads)
[2025-06-05T17:06:54.959+0000][1761.282s][info ][safepoint   ] Safepoint "Cleanup", Time since last: 1001406458 ns, Reaching safepoint: 1011667 ns, Cleanup: 57583 ns, At safepoint: 20750 ns, Total: 1090000 ns
[2025-06-05T17:06:55.960+0000][1762.283s][debug][safepoint   ] Safepoint synchronization initiated using futex wait barrier. (181 threads)
[2025-06-05T17:06:55.962+0000][1762.285s][info ][safepoint   ] Safepoint "Cleanup", Time since last: 1001259459 ns, Reaching safepoint: 1565042 ns, Cleanup: 118791 ns, At safepoint: 42875 ns, Total: 1726708 ns
[2025-06-05T17:07:04.994+0000][1771.317s][debug][safepoint   ] Safepoint synchronization initiated using futex wait barrier. (180 threads)
[2025-06-05T17:07:04.995+0000][1771.319s][info ][safepoint   ] Safepoint "Cleanup", Time since last: 9032267338 ns, Reaching safepoint: 966542 ns, Cleanup: 127958 ns, At safepoint: 4250 ns, Total: 1098750 ns
[2025-06-05T17:07:06.014+0000][1772.320s][debug][safepoint   ] Safepoint synchronization initiated using futex wait barrier. (180 threads)
[2025-06-05T17:07:06.014+0000][1772.320s][info ][safepoint   ] Safepoint "Cleanup", Time since last: 1001160834 ns, Reaching safepoint: 380500 ns, Cleanup: 19541 ns, At safepoint: 4250 ns, Total: 404291 ns
[2025-06-05T17:07:07.016+0000][1773.323s][debug][safepoint   ] Safepoint synchronization initiated using futex wait barrier. (180 threads)
[2025-06-05T17:07:07.020+0000][1773.327s][info ][safepoint   ] Safepoint "Cleanup", Time since last: 1002535042 ns, Reaching safepoint: 3670875 ns, Cleanup: 182959 ns, At safepoint: 20666 ns, Total: 3874500 ns
[2025-06-05T17:07:08.022+0000][1774.328s][debug][safepoint   ] Safepoint synchronization initiated using futex wait barrier. (180 threads)
[2025-06-05T17:07:08.022+0000][1774.329s][info ][safepoint   ] Safepoint "Cleanup", Time since last: 1001242918 ns, Reaching safepoint: 844000 ns, Cleanup: 40000 ns, At safepoint: 10583 ns, Total: 894583 ns
[2025-06-05T17:07:09.023+0000][1775.329s][debug][safepoint   ] Safepoint synchronization initiated using futex wait barrier. (180 threads)
[2025-06-05T17:07:09.024+0000][1775.330s][info ][safepoint   ] Safepoint "Cleanup", Time since last: 1000718042 ns, Reaching safepoint: 865542 ns, Cleanup: 91416 ns, At safepoint: 5709 ns, Total: 962667 ns
[2025-06-05T17:07:10.026+0000][1776.332s][debug][safepoint   ] Safepoint synchronization initiated using futex wait barrier. (180 threads)
[2025-06-05T17:07:10.027+0000][1776.333s][info ][safepoint   ] Safepoint "Cleanup", Time since last: 1001859584 ns, Reaching safepoint: 591583 ns, Cleanup: 20958 ns, At safepoint: 7500 ns, Total: 620041 ns
[2025-06-05T17:07:19.038+0000][1785.344s][debug][safepoint   ] Safepoint synchronization initiated using futex wait barrier. (180 threads)
[2025-06-05T17:07:19.039+0000][1785.346s][info ][safepoint   ] Safepoint "Cleanup", Time since last: 9011199046 ns, Reaching safepoint: 1419583 ns, Cleanup: 174625 ns, At safepoint: 11750 ns, Total: 1605958 ns
[2025-06-05T17:07:20.040+0000][1786.347s][debug][safepoint   ] Safepoint synchronization initiated using futex wait barrier. (180 threads)
[2025-06-05T17:07:20.041+0000][1786.348s][info ][safepoint   ] Safepoint "Cleanup", Time since last: 1000876251 ns, Reaching safepoint: 982917 ns, Cleanup: 45083 ns, At safepoint: 5958 ns, Total: 1033958 ns
[2025-06-05T17:07:21.042+0000][1787.349s][debug][safepoint   ] Safepoint synchronization initiated using futex wait barrier. (180 threads)
[2025-06-05T17:07:21.044+0000][1787.351s][info ][safepoint   ] Safepoint "Cleanup", Time since last: 1000972334 ns, Reaching safepoint: 1976458 ns, Cleanup: 135875 ns, At safepoint: 65167 ns, Total: 2177500 ns
[2025-06-05T17:07:22.047+0000][1788.353s][debug][safepoint   ] Safepoint synchronization initiated using futex wait barrier. (180 threads)
[2025-06-05T17:07:22.050+0000][1788.356s][info ][safepoint   ] Safepoint "Cleanup", Time since last: 1002657834 ns, Reaching safepoint: 2526333 ns, Cleanup: 287042 ns, At safepoint: 69792 ns, Total: 2883167 ns
[2025-06-05T17:07:24.053+0000][1790.359s][debug][safepoint   ] Safepoint synchronization initiated using futex wait barrier. (179 threads)
[2025-06-05T17:07:24.126+0000][1790.432s][info ][safepoint   ] Safepoint "Cleanup", Time since last: 2002874001 ns, Reaching safepoint: 70437875 ns, Cleanup: 232125 ns, At safepoint: 2604916 ns, Total: 73274916 ns
[2025-06-05T17:07:25.228+0000][1791.534s][debug][safepoint   ] Safepoint synchronization initiated using futex wait barrier. (179 threads)
[2025-06-05T17:07:25.502+0000][1791.809s][info ][safepoint   ] Safepoint "Cleanup", Time since last: 1101318917 ns, Reaching safepoint: 272853209 ns, Cleanup: 489583 ns, At safepoint: 888917 ns, Total: 274231709 ns
[2025-06-05T17:07:26.519+0000][1792.825s][debug][safepoint   ] Safepoint synchronization initiated using futex wait barrier. (179 threads)
[2025-06-05T17:07:26.523+0000][1792.829s][debug][safepoint   ] ... found polling page loop exception at pc = 0x0000ffff89942868, stub =0x0000ffff8897ef00
[2025-06-05T17:07:26.534+0000][1792.841s][info ][safepoint   ] Safepoint "Cleanup", Time since last: 1017107250 ns, Reaching safepoint: 6392084 ns, Cleanup: 230583 ns, At safepoint: 8934292 ns, Total: 15556959 ns
[2025-06-05T17:07:27.536+0000][1793.842s][debug][safepoint   ] Safepoint synchronization initiated using futex wait barrier. (180 threads)
[2025-06-05T17:07:27.537+0000][1793.843s][info ][safepoint   ] Safepoint "Cleanup", Time since last: 1001410792 ns, Reaching safepoint: 866833 ns, Cleanup: 139000 ns, At safepoint: 4292 ns, Total: 1010125 ns
[2025-06-05T17:07:28.538+0000][1794.844s][debug][safepoint   ] Safepoint synchronization initiated using futex wait barrier. (180 threads)
[2025-06-05T17:07:28.549+0000][1794.855s][info ][safepoint   ] Safepoint "Cleanup", Time since last: 1000684209 ns, Reaching safepoint: 11105916 ns, Cleanup: 64167 ns, At safepoint: 6542 ns, Total: 11176625 ns
[2025-06-05T17:07:29.549+0000][1795.856s][debug][safepoint   ] Safepoint synchronization initiated using futex wait barrier. (180 threads)
[2025-06-05T17:07:29.553+0000][1795.860s][info ][safepoint   ] Safepoint "Cleanup", Time since last: 1000740917 ns, Reaching safepoint: 3429750 ns, Cleanup: 571417 ns, At safepoint: 37208 ns, Total: 4038375 ns
[2025-06-05T17:07:32.558+0000][1798.865s][debug][safepoint   ] Safepoint synchronization initiated using futex wait barrier. (180 threads)
[2025-06-05T17:07:32.559+0000][1798.865s][info ][safepoint   ] Safepoint "Cleanup", Time since last: 3004874668 ns, Reaching safepoint: 542750 ns, Cleanup: 45083 ns, At safepoint: 3834 ns, Total: 591667 ns
[2025-06-05T17:07:33.559+0000][1799.865s][debug][safepoint   ] Safepoint synchronization initiated using futex wait barrier. (180 threads)
[2025-06-05T17:07:33.560+0000][1799.866s][info ][safepoint   ] Safepoint "Cleanup", Time since last: 1000214708 ns, Reaching safepoint: 497792 ns, Cleanup: 24958 ns, At safepoint: 4334 ns, Total: 527084 ns
[2025-06-05T17:07:34.565+0000][1800.871s][debug][safepoint   ] Safepoint synchronization initiated using futex wait barrier. (180 threads)
[2025-06-05T17:07:34.567+0000][1800.874s][info ][safepoint   ] Safepoint "Cleanup", Time since last: 1003864084 ns, Reaching safepoint: 3396791 ns, Cleanup: 386209 ns, At safepoint: 33375 ns, Total: 3816375 ns
[2025-06-05T17:07:35.569+0000][1801.875s][debug][safepoint   ] Safepoint synchronization initiated using futex wait barrier. (180 threads)
[2025-06-05T17:07:35.569+0000][1801.876s][info ][safepoint   ] Safepoint "Cleanup", Time since last: 1001854999 ns, Reaching safepoint: 613917 ns, Cleanup: 146791 ns, At safepoint: 17209 ns, Total: 777917 ns
[2025-06-05T17:07:38.577+0000][1804.884s][debug][safepoint   ] Safepoint synchronization initiated using futex wait barrier. (180 threads)
[2025-06-05T17:07:38.578+0000][1804.885s][info ][safepoint   ] Safepoint "Cleanup", Time since last: 3007319918 ns, Reaching safepoint: 1276375 ns, Cleanup: 149916 ns, At safepoint: 14667 ns, Total: 1440958 ns
[2025-06-05T17:07:40.613+0000][1806.920s][debug][safepoint   ] Safepoint synchronization initiated using futex wait barrier. (180 threads)
[2025-06-05T17:07:40.618+0000][1806.925s][info ][safepoint   ] Safepoint "Cleanup", Time since last: 2034868751 ns, Reaching safepoint: 2587208 ns, Cleanup: 2554584 ns, At safepoint: 23916 ns, Total: 5165708 ns
[2025-06-05T17:07:42.621+0000][1808.928s][debug][safepoint   ] Safepoint synchronization initiated using futex wait barrier. (178 threads)
[2025-06-05T17:07:42.622+0000][1808.929s][info ][safepoint   ] Safepoint "Cleanup", Time since last: 2003074418 ns, Reaching safepoint: 1039167 ns, Cleanup: 71625 ns, At safepoint: 9666 ns, Total: 1120458 ns
[2025-06-05T17:07:46.627+0000][1812.934s][debug][safepoint   ] Safepoint synchronization initiated using futex wait barrier. (179 threads)
[2025-06-05T17:07:46.635+0000][1812.942s][info ][safepoint   ] Safepoint "Cleanup", Time since last: 4004718669 ns, Reaching safepoint: 8138375 ns, Cleanup: 79458 ns, At safepoint: 12792 ns, Total: 8230625 ns
[2025-06-05T17:07:48.720+0000][1815.027s][debug][safepoint   ] Safepoint synchronization initiated using futex wait barrier. (179 threads)
[2025-06-05T17:07:48.726+0000][1815.032s][debug][safepoint   ] ... found polling page loop exception at pc = 0x0000ffff897da688, stub =0x0000ffff8897ef00
[2025-06-05T17:07:48.726+0000][1815.033s][debug][safepoint   ] ... found polling page loop exception at pc = 0x0000ffff897da688, stub =0x0000ffff8897ef00
[2025-06-05T17:07:48.728+0000][1815.035s][info ][safepoint   ] Safepoint "Cleanup", Time since last: 2084997168 ns, Reaching safepoint: 7475500 ns, Cleanup: 241833 ns, At safepoint: 42417 ns, Total: 7759750 ns
[2025-06-05T17:07:49.743+0000][1816.050s][debug][safepoint   ] Safepoint synchronization initiated using futex wait barrier. (181 threads)
[2025-06-05T17:07:49.749+0000][1816.056s][debug][safepoint   ] ... found polling page loop exception at pc = 0x0000ffff89a8d354, stub =0x0000ffff8897ef00
[2025-06-05T17:07:49.751+0000][1816.058s][info ][safepoint   ] Safepoint "Cleanup", Time since last: 1015192542 ns, Reaching safepoint: 7521166 ns, Cleanup: 238792 ns, At safepoint: 26500 ns, Total: 7786458 ns
[2025-06-05T17:07:50.827+0000][1817.134s][debug][safepoint   ] Safepoint synchronization initiated using futex wait barrier. (181 threads)
[2025-06-05T17:07:50.828+0000][1817.135s][info ][safepoint   ] Safepoint "Cleanup", Time since last: 1075965459 ns, Reaching safepoint: 703417 ns, Cleanup: 112166 ns, At safepoint: 5084 ns, Total: 820667 ns
[2025-06-05T17:07:51.829+0000][1818.136s][debug][safepoint   ] Safepoint synchronization initiated using futex wait barrier. (181 threads)
[2025-06-05T17:07:51.832+0000][1818.139s][info ][safepoint   ] Safepoint "Cleanup", Time since last: 1001676083 ns, Reaching safepoint: 2694417 ns, Cleanup: 144333 ns, At safepoint: 24959 ns, Total: 2863709 ns
[2025-06-05T17:07:52.834+0000][1819.141s][debug][safepoint   ] Safepoint synchronization initiated using futex wait barrier. (181 threads)
[2025-06-05T17:07:52.835+0000][1819.142s][info ][safepoint   ] Safepoint "Cleanup", Time since last: 1001775042 ns, Reaching safepoint: 890792 ns, Cleanup: 83083 ns, At safepoint: 19750 ns, Total: 993625 ns
[2025-06-05T17:07:53.836+0000][1820.143s][debug][safepoint   ] Safepoint synchronization initiated using futex wait barrier. (180 threads)
[2025-06-05T17:07:53.836+0000][1820.143s][info ][safepoint   ] Safepoint "Cleanup", Time since last: 1000572000 ns, Reaching safepoint: 431959 ns, Cleanup: 47625 ns, At safepoint: 7375 ns, Total: 486959 ns
[2025-06-05T17:07:54.837+0000][1821.144s][debug][safepoint   ] Safepoint synchronization initiated using futex wait barrier. (180 threads)
[2025-06-05T17:07:54.839+0000][1821.145s][info ][safepoint   ] Safepoint "Cleanup", Time since last: 1001288959 ns, Reaching safepoint: 940666 ns, Cleanup: 132417 ns, At safepoint: 9875 ns, Total: 1082958 ns
[2025-06-05T17:07:59.961+0000][1826.268s][debug][safepoint   ] Safepoint synchronization initiated using futex wait barrier. (180 threads)
[2025-06-05T17:07:59.962+0000][1826.269s][info ][safepoint   ] Safepoint "Cleanup", Time since last: 5122169919 ns, Reaching safepoint: 1224958 ns, Cleanup: 125250 ns, At safepoint: 9834 ns, Total: 1360042 ns
[2025-06-05T17:08:00.963+0000][1827.270s][debug][safepoint   ] Safepoint synchronization initiated using futex wait barrier. (181 threads)
[2025-06-05T17:08:00.964+0000][1827.271s][info ][safepoint   ] Safepoint "Cleanup", Time since last: 1000752708 ns, Reaching safepoint: 963542 ns, Cleanup: 313792 ns, At safepoint: 29916 ns, Total: 1307250 ns
[2025-06-05T17:08:02.987+0000][1829.294s][debug][safepoint   ] Safepoint synchronization initiated using futex wait barrier. (181 threads)
[2025-06-05T17:08:03.063+0000][1829.369s][info ][safepoint   ] Safepoint "Cleanup", Time since last: 2023023168 ns, Reaching safepoint: 70365417 ns, Cleanup: 257916 ns, At safepoint: 4733917 ns, Total: 75357250 ns
[2025-06-05T17:08:03.787+0000][1830.094s][debug][safepoint   ] Safepoint synchronization initiated using futex wait barrier. (181 threads)
[2025-06-05T17:08:03.790+0000][1830.097s][info ][gc,start    ] GC(77) Pause Young (Normal) (G1 Evacuation Pause)
[2025-06-05T17:08:03.790+0000][1830.097s][info ][gc,task     ] GC(77) Using 2 workers of 2 for evacuation
[2025-06-05T17:08:04.034+0000][1830.341s][info ][gc,phases   ] GC(77)   Pre Evacuate Collection Set: 4.7ms
[2025-06-05T17:08:04.035+0000][1830.342s][info ][gc,phases   ] GC(77)   Merge Heap Roots: 0.7ms
[2025-06-05T17:08:04.035+0000][1830.342s][info ][gc,phases   ] GC(77)   Evacuate Collection Set: 186.3ms
[2025-06-05T17:08:04.035+0000][1830.342s][info ][gc,phases   ] GC(77)   Post Evacuate Collection Set: 51.5ms
[2025-06-05T17:08:04.035+0000][1830.342s][info ][gc,phases   ] GC(77)   Other: 2.2ms
[2025-06-05T17:08:04.035+0000][1830.342s][info ][gc,heap     ] GC(77) Eden regions: 255->0(248)
[2025-06-05T17:08:04.035+0000][1830.342s][info ][gc,heap     ] GC(77) Survivor regions: 1->5(32)
[2025-06-05T17:08:04.035+0000][1830.342s][info ][gc,heap     ] GC(77) Old regions: 176->176
[2025-06-05T17:08:04.035+0000][1830.342s][info ][gc,heap     ] GC(77) Archive regions: 2->2
[2025-06-05T17:08:04.036+0000][1830.342s][info ][gc,heap     ] GC(77) Humongous regions: 19->0
[2025-06-05T17:08:04.036+0000][1830.343s][info ][gc,metaspace] GC(77) Metaspace: 182398K(183808K)->182398K(183808K) NonClass: 160322K(161024K)->160322K(161024K) Class: 22076K(22784K)->22076K(22784K)
[2025-06-05T17:08:04.036+0000][1830.343s][info ][gc          ] GC(77) Pause Young (Normal) (G1 Evacuation Pause) 451M->180M(487M) 246.421ms
[2025-06-05T17:08:04.036+0000][1830.343s][info ][gc,cpu      ] GC(77) User=0.48s Sys=0.00s Real=0.25s
[2025-06-05T17:08:04.036+0000][1830.343s][info ][safepoint   ] Safepoint "G1CollectForAllocation", Time since last: 724632917 ns, Reaching safepoint: 1161667 ns, Cleanup: 211875 ns, At safepoint: 247580583 ns, Total: 248954125 ns
[2025-06-05T17:08:05.041+0000][1831.348s][debug][safepoint   ] Safepoint synchronization initiated using futex wait barrier. (179 threads)
[2025-06-05T17:08:05.058+0000][1831.365s][info ][safepoint   ] Safepoint "Cleanup", Time since last: 1005162501 ns, Reaching safepoint: 8708166 ns, Cleanup: 431834 ns, At safepoint: 11791 ns, Total: 9151791 ns
[2025-06-05T17:08:05.255+0000][1831.561s][debug][safepoint   ] ... found polling page loop exception at pc = 0x0000ffff890c6b44, stub =0x0000ffff8897ef00
[2025-06-05T17:08:06.258+0000][1832.563s][debug][safepoint   ] Safepoint synchronization initiated using futex wait barrier. (179 threads)
[2025-06-05T17:08:06.259+0000][1832.565s][info ][safepoint   ] Safepoint "Cleanup", Time since last: 1206169458 ns, Reaching safepoint: 1063417 ns, Cleanup: 413292 ns, At safepoint: 7458 ns, Total: 1484167 ns
[2025-06-05T17:08:07.262+0000][1833.568s][debug][safepoint   ] Safepoint synchronization initiated using futex wait barrier. (179 threads)
[2025-06-05T17:08:07.264+0000][1833.570s][info ][safepoint   ] Safepoint "Cleanup", Time since last: 1002862626 ns, Reaching safepoint: 1449666 ns, Cleanup: 465125 ns, At safepoint: 47959 ns, Total: 1962750 ns
[2025-06-05T17:08:12.270+0000][1838.576s][debug][safepoint   ] Safepoint synchronization initiated using futex wait barrier. (181 threads)
[2025-06-05T17:08:12.271+0000][1838.577s][info ][safepoint   ] Safepoint "Cleanup", Time since last: 5005944252 ns, Reaching safepoint: 1469917 ns, Cleanup: 148875 ns, At safepoint: 9875 ns, Total: 1628667 ns
[2025-06-05T17:08:14.274+0000][1840.580s][debug][safepoint   ] Safepoint synchronization initiated using futex wait barrier. (181 threads)
[2025-06-05T17:08:14.274+0000][1840.580s][info ][safepoint   ] Safepoint "Cleanup", Time since last: 2002200584 ns, Reaching safepoint: 533750 ns, Cleanup: 66208 ns, At safepoint: 9625 ns, Total: 609583 ns
[2025-06-05T17:08:15.275+0000][1841.581s][debug][safepoint   ] Safepoint synchronization initiated using futex wait barrier. (181 threads)
[2025-06-05T17:08:15.278+0000][1841.584s][info ][safepoint   ] Safepoint "Cleanup", Time since last: 1000948001 ns, Reaching safepoint: 2189541 ns, Cleanup: 738917 ns, At safepoint: 408333 ns, Total: 3336791 ns
[2025-06-05T17:08:16.279+0000][1842.585s][debug][safepoint   ] Safepoint synchronization initiated using futex wait barrier. (181 threads)
[2025-06-05T17:08:16.283+0000][1842.589s][info ][safepoint   ] Safepoint "Cleanup", Time since last: 1000472001 ns, Reaching safepoint: 4350916 ns, Cleanup: 73917 ns, At safepoint: 9167 ns, Total: 4434000 ns
[2025-06-05T17:08:19.287+0000][1845.593s][debug][safepoint   ] Safepoint synchronization initiated using futex wait barrier. (181 threads)
[2025-06-05T17:08:19.290+0000][1845.596s][info ][safepoint   ] Safepoint "Cleanup", Time since last: 3003908085 ns, Reaching safepoint: 2487333 ns, Cleanup: 56875 ns, At safepoint: 6792 ns, Total: 2551000 ns
[2025-06-05T17:08:20.291+0000][1846.597s][debug][safepoint   ] Safepoint synchronization initiated using futex wait barrier. (181 threads)
[2025-06-05T17:08:20.291+0000][1846.597s][info ][safepoint   ] Safepoint "Cleanup", Time since last: 1000764917 ns, Reaching safepoint: 634541 ns, Cleanup: 61625 ns, At safepoint: 6000 ns, Total: 702166 ns
[2025-06-05T17:08:22.297+0000][1848.603s][debug][safepoint   ] Safepoint synchronization initiated using futex wait barrier. (181 threads)
[2025-06-05T17:08:22.302+0000][1848.607s][info ][safepoint   ] Safepoint "Cleanup", Time since last: 2005655418 ns, Reaching safepoint: 4286125 ns, Cleanup: 251542 ns, At safepoint: 27833 ns, Total: 4565500 ns
[2025-06-05T17:08:28.309+0000][1854.615s][debug][safepoint   ] Safepoint synchronization initiated using futex wait barrier. (181 threads)
[2025-06-05T17:08:28.309+0000][1854.615s][info ][safepoint   ] Safepoint "Cleanup", Time since last: 6007071336 ns, Reaching safepoint: 680667 ns, Cleanup: 88625 ns, At safepoint: 5375 ns, Total: 774667 ns
[2025-06-05T17:08:30.325+0000][1856.631s][debug][safepoint   ] Safepoint synchronization initiated using futex wait barrier. (181 threads)
[2025-06-05T17:08:30.326+0000][1856.632s][info ][safepoint   ] Safepoint "Cleanup", Time since last: 2015208126 ns, Reaching safepoint: 1461375 ns, Cleanup: 192542 ns, At safepoint: 12375 ns, Total: 1666292 ns
[2025-06-05T17:08:34.334+0000][1860.640s][debug][safepoint   ] Safepoint synchronization initiated using futex wait barrier. (181 threads)
[2025-06-05T17:08:34.352+0000][1860.657s][info ][safepoint   ] Safepoint "Cleanup", Time since last: 4007879793 ns, Reaching safepoint: 17203167 ns, Cleanup: 133166 ns, At safepoint: 93167 ns, Total: 17429500 ns
[2025-06-05T17:08:35.353+0000][1861.662s][debug][safepoint   ] Safepoint synchronization initiated using futex wait barrier. (181 threads)
[2025-06-05T17:08:35.356+0000][1861.665s][info ][safepoint   ] Safepoint "Cleanup", Time since last: 1004361500 ns, Reaching safepoint: 2823542 ns, Cleanup: 299833 ns, At safepoint: 56208 ns, Total: 3179583 ns
[2025-06-05T17:08:42.755+0000][1869.065s][debug][safepoint   ] Safepoint synchronization initiated using futex wait barrier. (179 threads)
[2025-06-05T17:08:42.757+0000][1869.066s][info ][safepoint   ] Safepoint "Cleanup", Time since last: 7399567837 ns, Reaching safepoint: 1350167 ns, Cleanup: 369583 ns, At safepoint: 17667 ns, Total: 1737417 ns
[2025-06-05T17:08:44.759+0000][1871.069s][debug][safepoint   ] Safepoint synchronization initiated using futex wait barrier. (179 threads)
[2025-06-05T17:08:44.761+0000][1871.070s][info ][safepoint   ] Safepoint "Cleanup", Time since last: 2002345376 ns, Reaching safepoint: 1267291 ns, Cleanup: 125292 ns, At safepoint: 13583 ns, Total: 1406166 ns
[2025-06-05T17:08:46.763+0000][1873.073s][debug][safepoint   ] Safepoint synchronization initiated using futex wait barrier. (181 threads)
[2025-06-05T17:08:46.765+0000][1873.074s][info ][safepoint   ] Safepoint "Cleanup", Time since last: 2002423168 ns, Reaching safepoint: 1737750 ns, Cleanup: 112417 ns, At safepoint: 6208 ns, Total: 1856375 ns
[2025-06-05T17:08:47.649+0000][1873.958s][debug][safepoint   ] Safepoint synchronization initiated using futex wait barrier. (181 threads)
[2025-06-05T17:08:47.650+0000][1873.959s][info ][gc,start    ] GC(78) Pause Young (Normal) (G1 Evacuation Pause)
[2025-06-05T17:08:47.650+0000][1873.959s][info ][gc,task     ] GC(78) Using 2 workers of 2 for evacuation
[2025-06-05T17:08:47.920+0000][1874.229s][info ][gc,phases   ] GC(78)   Pre Evacuate Collection Set: 5.6ms
[2025-06-05T17:08:47.920+0000][1874.230s][info ][gc,phases   ] GC(78)   Merge Heap Roots: 62.1ms
[2025-06-05T17:08:47.920+0000][1874.230s][info ][gc,phases   ] GC(78)   Evacuate Collection Set: 189.1ms
[2025-06-05T17:08:47.920+0000][1874.230s][info ][gc,phases   ] GC(78)   Post Evacuate Collection Set: 12.1ms
[2025-06-05T17:08:47.920+0000][1874.230s][info ][gc,phases   ] GC(78)   Other: 1.7ms
[2025-06-05T17:08:47.921+0000][1874.230s][info ][gc,heap     ] GC(78) Eden regions: 248->0(243)
[2025-06-05T17:08:47.921+0000][1874.230s][info ][gc,heap     ] GC(78) Survivor regions: 5->8(32)
[2025-06-05T17:08:47.921+0000][1874.230s][info ][gc,heap     ] GC(78) Old regions: 176->176
[2025-06-05T17:08:47.921+0000][1874.230s][info ][gc,heap     ] GC(78) Archive regions: 2->2
[2025-06-05T17:08:47.921+0000][1874.230s][info ][gc,heap     ] GC(78) Humongous regions: 1->0
[2025-06-05T17:08:47.921+0000][1874.230s][info ][gc,metaspace] GC(78) Metaspace: 182931K(184384K)->182931K(184384K) NonClass: 160801K(161536K)->160801K(161536K) Class: 22130K(22848K)->22130K(22848K)
[2025-06-05T17:08:47.921+0000][1874.231s][info ][gc          ] GC(78) Pause Young (Normal) (G1 Evacuation Pause) 429M->184M(487M) 271.186ms
[2025-06-05T17:08:47.921+0000][1874.231s][info ][gc,cpu      ] GC(78) User=0.41s Sys=0.00s Real=0.27s
[2025-06-05T17:08:47.923+0000][1874.232s][info ][safepoint   ] Safepoint "G1CollectForAllocation", Time since last: 883639709 ns, Reaching safepoint: 561666 ns, Cleanup: 70625 ns, At safepoint: 273694126 ns, Total: 274326417 ns
[2025-06-05T17:08:48.756+0000][1875.065s][debug][safepoint   ] Safepoint synchronization initiated using futex wait barrier. (181 threads)
[2025-06-05T17:08:48.818+0000][1875.127s][info ][safepoint   ] Safepoint "ICBufferFull", Time since last: 833015292 ns, Reaching safepoint: 60942458 ns, Cleanup: 1111292 ns, At safepoint: 68958 ns, Total: 62122708 ns
[2025-06-05T17:08:48.820+0000][1875.130s][debug][safepoint   ] Safepoint synchronization initiated using futex wait barrier. (181 threads)
[2025-06-05T17:08:48.821+0000][1875.131s][debug][safepoint   ] ... found polling page loop exception at pc = 0x0000ffff89cc54b0, stub =0x0000ffff8897ef00
[2025-06-05T17:08:48.823+0000][1875.133s][info ][safepoint   ] Safepoint "ICBufferFull", Time since last: 2186208 ns, Reaching safepoint: 2781167 ns, Cleanup: 42208 ns, At safepoint: 119709 ns, Total: 2943084 ns
[2025-06-05T17:08:48.824+0000][1875.134s][debug][safepoint   ] Safepoint synchronization initiated using futex wait barrier. (181 threads)
[2025-06-05T17:08:48.825+0000][1875.134s][info ][safepoint   ] Safepoint "ICBufferFull", Time since last: 1154416 ns, Reaching safepoint: 562625 ns, Cleanup: 3792 ns, At safepoint: 66875 ns, Total: 633292 ns
[2025-06-05T17:08:48.826+0000][1875.135s][debug][safepoint   ] Safepoint synchronization initiated using futex wait barrier. (181 threads)
[2025-06-05T17:08:48.827+0000][1875.137s][info ][safepoint   ] Safepoint "ICBufferFull", Time since last: 582250 ns, Reaching safepoint: 1706125 ns, Cleanup: 6167 ns, At safepoint: 20375 ns, Total: 1732667 ns
[2025-06-05T17:08:49.828+0000][1876.138s][debug][safepoint   ] Safepoint synchronization initiated using futex wait barrier. (181 threads)
[2025-06-05T17:08:49.829+0000][1876.139s][info ][safepoint   ] Safepoint "Cleanup", Time since last: 1000853292 ns, Reaching safepoint: 873708 ns, Cleanup: 101834 ns, At safepoint: 9333 ns, Total: 984875 ns
[2025-06-05T17:08:50.831+0000][1877.140s][debug][safepoint   ] Safepoint synchronization initiated using futex wait barrier. (181 threads)
[2025-06-05T17:08:50.832+0000][1877.141s][info ][safepoint   ] Safepoint "Cleanup", Time since last: 1001665875 ns, Reaching safepoint: 850209 ns, Cleanup: 169875 ns, At safepoint: 12791 ns, Total: 1032875 ns
[2025-06-05T17:08:51.834+0000][1878.143s][debug][safepoint   ] Safepoint synchronization initiated using futex wait barrier. (181 threads)
[2025-06-05T17:08:51.843+0000][1878.152s][info ][safepoint   ] Safepoint "Cleanup", Time since last: 1001885751 ns, Reaching safepoint: 9247750 ns, Cleanup: 41458 ns, At safepoint: 11583 ns, Total: 9300791 ns
[2025-06-05T17:08:53.846+0000][1880.155s][debug][safepoint   ] Safepoint synchronization initiated using futex wait barrier. (181 threads)
[2025-06-05T17:08:53.849+0000][1880.158s][info ][safepoint   ] Safepoint "Cleanup", Time since last: 2002561251 ns, Reaching safepoint: 2679042 ns, Cleanup: 255125 ns, At safepoint: 27792 ns, Total: 2961959 ns
[2025-06-05T17:08:56.854+0000][1883.163s][debug][safepoint   ] Safepoint synchronization initiated using futex wait barrier. (181 threads)
[2025-06-05T17:08:56.856+0000][1883.165s][info ][safepoint   ] Safepoint "Cleanup", Time since last: 3004883001 ns, Reaching safepoint: 2168292 ns, Cleanup: 344875 ns, At safepoint: 13833 ns, Total: 2527000 ns
[2025-06-05T17:08:57.858+0000][1884.167s][debug][safepoint   ] Safepoint synchronization initiated using futex wait barrier. (181 threads)
[2025-06-05T17:08:57.860+0000][1884.169s][info ][safepoint   ] Safepoint "Cleanup", Time since last: 1001480709 ns, Reaching safepoint: 1818458 ns, Cleanup: 438125 ns, At safepoint: 13250 ns, Total: 2269833 ns
[2025-06-05T17:09:00.664+0000][1886.973s][debug][safepoint   ] Safepoint synchronization initiated using futex wait barrier. (181 threads)
[2025-06-05T17:09:00.665+0000][1886.975s][info ][gc,start    ] GC(79) Pause Young (Normal) (G1 Evacuation Pause)
[2025-06-05T17:09:00.666+0000][1886.975s][info ][gc,task     ] GC(79) Using 2 workers of 2 for evacuation
[2025-06-05T17:09:00.814+0000][1887.123s][info ][gc,phases   ] GC(79)   Pre Evacuate Collection Set: 3.1ms
[2025-06-05T17:09:00.814+0000][1887.123s][info ][gc,phases   ] GC(79)   Merge Heap Roots: 3.3ms
[2025-06-05T17:09:00.814+0000][1887.123s][info ][gc,phases   ] GC(79)   Evacuate Collection Set: 129.1ms
[2025-06-05T17:09:00.814+0000][1887.123s][info ][gc,phases   ] GC(79)   Post Evacuate Collection Set: 12.2ms
[2025-06-05T17:09:00.814+0000][1887.123s][info ][gc,phases   ] GC(79)   Other: 0.8ms
[2025-06-05T17:09:00.814+0000][1887.123s][info ][gc,heap     ] GC(79) Eden regions: 243->0(236)
[2025-06-05T17:09:00.814+0000][1887.123s][info ][gc,heap     ] GC(79) Survivor regions: 8->12(32)
[2025-06-05T17:09:00.814+0000][1887.123s][info ][gc,heap     ] GC(79) Old regions: 176->176
[2025-06-05T17:09:00.814+0000][1887.123s][info ][gc,heap     ] GC(79) Archive regions: 2->2
[2025-06-05T17:09:00.814+0000][1887.123s][info ][gc,heap     ] GC(79) Humongous regions: 5->0
[2025-06-05T17:09:00.814+0000][1887.123s][info ][gc,metaspace] GC(79) Metaspace: 183397K(184832K)->183397K(184832K) NonClass: 161218K(161920K)->161218K(161920K) Class: 22178K(22912K)->22178K(22912K)
[2025-06-05T17:09:00.814+0000][1887.124s][info ][gc          ] GC(79) Pause Young (Normal) (G1 Evacuation Pause) 432M->188M(487M) 148.805ms
[2025-06-05T17:09:00.814+0000][1887.124s][info ][gc,cpu      ] GC(79) User=0.29s Sys=0.00s Real=0.15s
[2025-06-05T17:09:00.815+0000][1887.125s][info ][safepoint   ] Safepoint "G1CollectForAllocation", Time since last: 2803906918 ns, Reaching safepoint: 1362584 ns, Cleanup: 48541 ns, At safepoint: 150301750 ns, Total: 151712875 ns
[2025-06-05T17:09:04.821+0000][1891.130s][debug][safepoint   ] Safepoint synchronization initiated using futex wait barrier. (181 threads)
[2025-06-05T17:09:04.823+0000][1891.132s][info ][safepoint   ] Safepoint "Cleanup", Time since last: 4005660502 ns, Reaching safepoint: 1604209 ns, Cleanup: 63333 ns, At safepoint: 5833 ns, Total: 1673375 ns
[2025-06-05T17:09:10.966+0000][1897.270s][debug][safepoint   ] Safepoint synchronization initiated using futex wait barrier. (181 threads)
[2025-06-05T17:09:11.337+0000][1897.641s][info ][safepoint   ] Safepoint "Cleanup", Time since last: 6138121628 ns, Reaching safepoint: 340568375 ns, Cleanup: 22951250 ns, At safepoint: 7384083 ns, Total: 370903708 ns
[2025-06-05T17:09:12.344+0000][1898.648s][debug][safepoint   ] Safepoint synchronization initiated using futex wait barrier. (181 threads)
[2025-06-05T17:09:12.355+0000][1898.659s][info ][safepoint   ] Safepoint "Cleanup", Time since last: 1006858334 ns, Reaching safepoint: 11171292 ns, Cleanup: 103833 ns, At safepoint: 18250 ns, Total: 11293375 ns
[2025-06-05T17:09:24.648+0000][1910.953s][debug][safepoint   ] Safepoint synchronization initiated using futex wait barrier. (180 threads)
[2025-06-05T17:09:24.651+0000][1910.956s][info ][safepoint   ] Safepoint "Cleanup", Time since last: 12293406256 ns, Reaching safepoint: 2069291 ns, Cleanup: 905167 ns, At safepoint: 69042 ns, Total: 3043500 ns
[2025-06-05T17:09:25.654+0000][1911.958s][debug][safepoint   ] Safepoint synchronization initiated using futex wait barrier. (180 threads)
[2025-06-05T17:09:25.655+0000][1911.959s][info ][safepoint   ] Safepoint "Cleanup", Time since last: 1002083250 ns, Reaching safepoint: 858500 ns, Cleanup: 148834 ns, At safepoint: 7541 ns, Total: 1014875 ns
[2025-06-05T17:09:26.655+0000][1912.960s][debug][safepoint   ] Safepoint synchronization initiated using futex wait barrier. (180 threads)
[2025-06-05T17:09:26.656+0000][1912.960s][info ][safepoint   ] Safepoint "Cleanup", Time since last: 1000708417 ns, Reaching safepoint: 513542 ns, Cleanup: 35417 ns, At safepoint: 6625 ns, Total: 555584 ns
[2025-06-05T17:09:28.660+0000][1914.964s][debug][safepoint   ] Safepoint synchronization initiated using futex wait barrier. (180 threads)
[2025-06-05T17:09:28.692+0000][1914.996s][info ][safepoint   ] Safepoint "Cleanup", Time since last: 2004426209 ns, Reaching safepoint: 31581667 ns, Cleanup: 89791 ns, At safepoint: 80875 ns, Total: 31752333 ns
[2025-06-05T17:09:30.699+0000][1917.003s][debug][safepoint   ] Safepoint synchronization initiated using futex wait barrier. (180 threads)
[2025-06-05T17:09:30.701+0000][1917.005s][info ][safepoint   ] Safepoint "Cleanup", Time since last: 2007151418 ns, Reaching safepoint: 1478792 ns, Cleanup: 139125 ns, At safepoint: 17791 ns, Total: 1635708 ns
[2025-06-05T17:09:38.714+0000][1925.016s][debug][safepoint   ] Safepoint synchronization initiated using futex wait barrier. (180 threads)
[2025-06-05T17:09:38.715+0000][1925.017s][info ][safepoint   ] Safepoint "Cleanup", Time since last: 8010740587 ns, Reaching safepoint: 1026625 ns, Cleanup: 95375 ns, At safepoint: 8833 ns, Total: 1130833 ns
[2025-06-05T17:09:40.940+0000][1927.241s][debug][safepoint   ] Safepoint synchronization initiated using futex wait barrier. (180 threads)
[2025-06-05T17:09:40.943+0000][1927.245s][info ][safepoint   ] Safepoint "Cleanup", Time since last: 2224440543 ns, Reaching safepoint: 3272125 ns, Cleanup: 308333 ns, At safepoint: 42833 ns, Total: 3623291 ns
[2025-06-05T17:09:42.955+0000][1929.257s][debug][safepoint   ] Safepoint synchronization initiated using futex wait barrier. (180 threads)
[2025-06-05T17:09:42.957+0000][1929.259s][info ][safepoint   ] Safepoint "Cleanup", Time since last: 2011739543 ns, Reaching safepoint: 2068792 ns, Cleanup: 81083 ns, At safepoint: 23125 ns, Total: 2173000 ns
[2025-06-05T17:09:44.959+0000][1931.261s][debug][safepoint   ] Safepoint synchronization initiated using futex wait barrier. (180 threads)
[2025-06-05T17:09:44.961+0000][1931.262s][info ][safepoint   ] Safepoint "Cleanup", Time since last: 2002100501 ns, Reaching safepoint: 1272375 ns, Cleanup: 199833 ns, At safepoint: 12167 ns, Total: 1484375 ns
[2025-06-05T17:09:51.974+0000][1938.276s][debug][safepoint   ] Safepoint synchronization initiated using futex wait barrier. (177 threads)
[2025-06-05T17:09:51.975+0000][1938.277s][info ][safepoint   ] Safepoint "Cleanup", Time since last: 7013148295 ns, Reaching safepoint: 1371333 ns, Cleanup: 174917 ns, At safepoint: 15167 ns, Total: 1561417 ns
[2025-06-05T17:09:56.983+0000][1943.285s][debug][safepoint   ] Safepoint synchronization initiated using futex wait barrier. (177 threads)
[2025-06-05T17:09:56.985+0000][1943.286s][info ][safepoint   ] Safepoint "Cleanup", Time since last: 5007691377 ns, Reaching safepoint: 1545583 ns, Cleanup: 75292 ns, At safepoint: 8500 ns, Total: 1629375 ns
[2025-06-05T17:09:57.988+0000][1944.290s][debug][safepoint   ] Safepoint synchronization initiated using futex wait barrier. (177 threads)
[2025-06-05T17:09:57.988+0000][1944.290s][info ][safepoint   ] Safepoint "Cleanup", Time since last: 1003048709 ns, Reaching safepoint: 602208 ns, Cleanup: 34042 ns, At safepoint: 7708 ns, Total: 643958 ns
[2025-06-05T17:10:04.004+0000][1950.306s][debug][safepoint   ] Safepoint synchronization initiated using futex wait barrier. (177 threads)
[2025-06-05T17:10:04.007+0000][1950.309s][info ][safepoint   ] Safepoint "Cleanup", Time since last: 6015680711 ns, Reaching safepoint: 2147584 ns, Cleanup: 407625 ns, At safepoint: 119791 ns, Total: 2675000 ns
[2025-06-05T17:10:06.009+0000][1952.311s][debug][safepoint   ] Safepoint synchronization initiated using futex wait barrier. (177 threads)
[2025-06-05T17:10:06.010+0000][1952.312s][info ][safepoint   ] Safepoint "Cleanup", Time since last: 2002935584 ns, Reaching safepoint: 613833 ns, Cleanup: 84625 ns, At safepoint: 6708 ns, Total: 705166 ns
[2025-06-05T17:10:08.012+0000][1954.315s][debug][safepoint   ] Safepoint synchronization initiated using futex wait barrier. (177 threads)
[2025-06-05T17:10:08.013+0000][1954.316s][info ][safepoint   ] Safepoint "Cleanup", Time since last: 2002529835 ns, Reaching safepoint: 1176541 ns, Cleanup: 77959 ns, At safepoint: 8208 ns, Total: 1262708 ns
[2025-06-05T17:10:09.016+0000][1955.318s][debug][safepoint   ] Safepoint synchronization initiated using futex wait barrier. (177 threads)
[2025-06-05T17:10:09.017+0000][1955.320s][info ][safepoint   ] Safepoint "Cleanup", Time since last: 1002098500 ns, Reaching safepoint: 1190334 ns, Cleanup: 409208 ns, At safepoint: 87583 ns, Total: 1687125 ns
[2025-06-05T17:10:11.019+0000][1957.322s][debug][safepoint   ] Safepoint synchronization initiated using futex wait barrier. (177 threads)
[2025-06-05T17:10:11.021+0000][1957.323s][info ][safepoint   ] Safepoint "Cleanup", Time since last: 2001801126 ns, Reaching safepoint: 1503250 ns, Cleanup: 142834 ns, At safepoint: 22375 ns, Total: 1668459 ns
[2025-06-05T17:10:13.023+0000][1959.325s][debug][safepoint   ] Safepoint synchronization initiated using futex wait barrier. (177 threads)
[2025-06-05T17:10:13.024+0000][1959.326s][info ][safepoint   ] Safepoint "Cleanup", Time since last: 2002151751 ns, Reaching safepoint: 776375 ns, Cleanup: 45041 ns, At safepoint: 9084 ns, Total: 830500 ns
[2025-06-05T17:10:20.031+0000][1966.333s][debug][safepoint   ] Safepoint synchronization initiated using futex wait barrier. (177 threads)
[2025-06-05T17:10:20.033+0000][1966.335s][info ][safepoint   ] Safepoint "Cleanup", Time since last: 7007288461 ns, Reaching safepoint: 1537500 ns, Cleanup: 172542 ns, At safepoint: 13167 ns, Total: 1723209 ns
[2025-06-05T17:10:24.040+0000][1970.343s][debug][safepoint   ] Safepoint synchronization initiated using futex wait barrier. (177 threads)
[2025-06-05T17:10:24.042+0000][1970.345s][info ][safepoint   ] Safepoint "Cleanup", Time since last: 4007643876 ns, Reaching safepoint: 1538250 ns, Cleanup: 126000 ns, At safepoint: 23209 ns, Total: 1687459 ns
[2025-06-05T17:10:34.057+0000][1980.359s][debug][safepoint   ] Safepoint synchronization initiated using futex wait barrier. (177 threads)
[2025-06-05T17:10:34.058+0000][1980.360s][info ][safepoint   ] Safepoint "Cleanup", Time since last: 10014899755 ns, Reaching safepoint: 954333 ns, Cleanup: 82667 ns, At safepoint: 8041 ns, Total: 1045041 ns
[2025-06-05T17:10:36.063+0000][1982.363s][debug][safepoint   ] Safepoint synchronization initiated using futex wait barrier. (177 threads)
[2025-06-05T17:10:36.066+0000][1982.365s][info ][safepoint   ] Safepoint "Cleanup", Time since last: 2002689751 ns, Reaching safepoint: 2018666 ns, Cleanup: 234375 ns, At safepoint: 33084 ns, Total: 2286125 ns
[2025-06-05T17:10:38.929+0000][1985.229s][debug][safepoint   ] Safepoint synchronization initiated using futex wait barrier. (177 threads)
[2025-06-05T17:10:38.930+0000][1985.230s][info ][safepoint   ] Safepoint "Cleanup", Time since last: 2863082168 ns, Reaching safepoint: 718041 ns, Cleanup: 304834 ns, At safepoint: 95666 ns, Total: 1118541 ns
[2025-06-05T17:10:40.147+0000][1986.446s][debug][safepoint   ] Safepoint synchronization initiated using futex wait barrier. (177 threads)
[2025-06-05T17:10:40.148+0000][1986.447s][info ][safepoint   ] Safepoint "Cleanup", Time since last: 1216816709 ns, Reaching safepoint: 884667 ns, Cleanup: 42500 ns, At safepoint: 17333 ns, Total: 944500 ns
[2025-06-05T17:10:47.634+0000][1993.934s][debug][safepoint   ] Safepoint synchronization initiated using futex wait barrier. (175 threads)
[2025-06-05T17:10:47.635+0000][1993.935s][info ][gc,start    ] GC(80) Pause Young (Normal) (G1 Evacuation Pause)
[2025-06-05T17:10:47.636+0000][1993.936s][info ][gc,task     ] GC(80) Using 2 workers of 2 for evacuation
[2025-06-05T17:10:47.764+0000][1994.064s][info ][gc,phases   ] GC(80)   Pre Evacuate Collection Set: 4.1ms
[2025-06-05T17:10:47.764+0000][1994.064s][info ][gc,phases   ] GC(80)   Merge Heap Roots: 1.8ms
[2025-06-05T17:10:47.764+0000][1994.064s][info ][gc,phases   ] GC(80)   Evacuate Collection Set: 106.1ms
[2025-06-05T17:10:47.764+0000][1994.064s][info ][gc,phases   ] GC(80)   Post Evacuate Collection Set: 15.3ms
[2025-06-05T17:10:47.764+0000][1994.064s][info ][gc,phases   ] GC(80)   Other: 1.4ms
[2025-06-05T17:10:47.764+0000][1994.064s][info ][gc,heap     ] GC(80) Eden regions: 236->0(236)
[2025-06-05T17:10:47.764+0000][1994.064s][info ][gc,heap     ] GC(80) Survivor regions: 12->12(31)
[2025-06-05T17:10:47.765+0000][1994.064s][info ][gc,heap     ] GC(80) Old regions: 176->176
[2025-06-05T17:10:47.765+0000][1994.064s][info ][gc,heap     ] GC(80) Archive regions: 2->2
[2025-06-05T17:10:47.765+0000][1994.064s][info ][gc,heap     ] GC(80) Humongous regions: 0->0
[2025-06-05T17:10:47.765+0000][1994.064s][info ][gc,metaspace] GC(80) Metaspace: 183607K(185088K)->183607K(185088K) NonClass: 161427K(162176K)->161427K(162176K) Class: 22180K(22912K)->22180K(22912K)
[2025-06-05T17:10:47.765+0000][1994.065s][info ][gc          ] GC(80) Pause Young (Normal) (G1 Evacuation Pause) 424M->187M(487M) 129.428ms
[2025-06-05T17:10:47.765+0000][1994.065s][info ][gc,cpu      ] GC(80) User=0.26s Sys=0.00s Real=0.13s
[2025-06-05T17:10:47.767+0000][1994.067s][info ][safepoint   ] Safepoint "G1CollectForAllocation", Time since last: 7486294587 ns, Reaching safepoint: 709375 ns, Cleanup: 53625 ns, At safepoint: 132397750 ns, Total: 133160750 ns
[2025-06-05T17:10:50.773+0000][1997.073s][debug][safepoint   ] Safepoint synchronization initiated using futex wait barrier. (175 threads)
[2025-06-05T17:10:50.774+0000][1997.074s][info ][safepoint   ] Safepoint "Cleanup", Time since last: 3006367002 ns, Reaching safepoint: 665416 ns, Cleanup: 138500 ns, At safepoint: 16750 ns, Total: 820666 ns
[2025-06-05T17:10:52.643+0000][1998.943s][debug][safepoint   ] Safepoint synchronization initiated using futex wait barrier. (175 threads)
[2025-06-05T17:10:52.643+0000][1998.943s][info ][safepoint   ] Safepoint "Cleanup", Time since last: 1868445834 ns, Reaching safepoint: 508084 ns, Cleanup: 29333 ns, At safepoint: 30083 ns, Total: 567500 ns
[2025-06-05T17:10:53.648+0000][1999.948s][debug][safepoint   ] Safepoint synchronization initiated using futex wait barrier. (175 threads)
[2025-06-05T17:10:53.648+0000][1999.948s][info ][safepoint   ] Safepoint "Cleanup", Time since last: 1004497751 ns, Reaching safepoint: 331875 ns, Cleanup: 239500 ns, At safepoint: 5125 ns, Total: 576500 ns
[2025-06-05T17:10:54.771+0000][2001.071s][debug][safepoint   ] Safepoint synchronization initiated using futex wait barrier. (178 threads)
[2025-06-05T17:10:54.773+0000][2001.073s][info ][safepoint   ] Safepoint "Cleanup", Time since last: 1122893125 ns, Reaching safepoint: 1160584 ns, Cleanup: 629916 ns, At safepoint: 25959 ns, Total: 1816459 ns
[2025-06-05T17:10:59.778+0000][2006.078s][debug][safepoint   ] Safepoint synchronization initiated using futex wait barrier. (177 threads)
[2025-06-05T17:10:59.783+0000][2006.083s][info ][safepoint   ] Safepoint "Cleanup", Time since last: 5005258336 ns, Reaching safepoint: 4925625 ns, Cleanup: 114958 ns, At safepoint: 12583 ns, Total: 5053166 ns
[2025-06-05T17:11:01.787+0000][2008.086s][debug][safepoint   ] Safepoint synchronization initiated using futex wait barrier. (177 threads)
[2025-06-05T17:11:01.791+0000][2008.091s][info ][safepoint   ] Safepoint "Cleanup", Time since last: 2002402835 ns, Reaching safepoint: 4862416 ns, Cleanup: 53167 ns, At safepoint: 25083 ns, Total: 4940666 ns
[2025-06-05T17:11:02.792+0000][2009.092s][debug][safepoint   ] Safepoint synchronization initiated using futex wait barrier. (177 threads)
[2025-06-05T17:11:02.803+0000][2009.103s][info ][safepoint   ] Safepoint "Cleanup", Time since last: 1001264709 ns, Reaching safepoint: 8612583 ns, Cleanup: 2086792 ns, At safepoint: 122792 ns, Total: 10822167 ns
[2025-06-05T17:11:03.805+0000][2010.105s][debug][safepoint   ] Safepoint synchronization initiated using futex wait barrier. (177 threads)
[2025-06-05T17:11:03.808+0000][2010.108s][info ][safepoint   ] Safepoint "Cleanup", Time since last: 1002502875 ns, Reaching safepoint: 2061375 ns, Cleanup: 781583 ns, At safepoint: 41125 ns, Total: 2884083 ns
[2025-06-05T17:11:05.811+0000][2012.110s][debug][safepoint   ] Safepoint synchronization initiated using futex wait barrier. (177 threads)
[2025-06-05T17:11:05.812+0000][2012.110s][info ][safepoint   ] Safepoint "Cleanup", Time since last: 2001572626 ns, Reaching safepoint: 864541 ns, Cleanup: 55875 ns, At safepoint: 6667 ns, Total: 927083 ns
[2025-06-05T17:11:06.813+0000][2013.111s][debug][safepoint   ] Safepoint synchronization initiated using futex wait barrier. (177 threads)
[2025-06-05T17:11:06.813+0000][2013.112s][info ][safepoint   ] Safepoint "Cleanup", Time since last: 1000934876 ns, Reaching safepoint: 446125 ns, Cleanup: 25250 ns, At safepoint: 7500 ns, Total: 478875 ns
[2025-06-05T17:11:14.826+0000][2021.125s][debug][safepoint   ] Safepoint synchronization initiated using futex wait barrier. (177 threads)
[2025-06-05T17:11:14.828+0000][2021.127s][info ][safepoint   ] Safepoint "Cleanup", Time since last: 8012898170 ns, Reaching safepoint: 1628583 ns, Cleanup: 56625 ns, At safepoint: 77167 ns, Total: 1762375 ns
[2025-06-05T17:11:15.829+0000][2022.128s][debug][safepoint   ] Safepoint synchronization initiated using futex wait barrier. (178 threads)
[2025-06-05T17:11:15.831+0000][2022.130s][info ][safepoint   ] Safepoint "Cleanup", Time since last: 1001425751 ns, Reaching safepoint: 708208 ns, Cleanup: 442750 ns, At safepoint: 431667 ns, Total: 1582625 ns
[2025-06-05T17:11:18.836+0000][2025.135s][debug][safepoint   ] Safepoint synchronization initiated using futex wait barrier. (178 threads)
[2025-06-05T17:11:18.837+0000][2025.136s][info ][safepoint   ] Safepoint "Cleanup", Time since last: 3005031293 ns, Reaching safepoint: 928750 ns, Cleanup: 62541 ns, At safepoint: 6959 ns, Total: 998250 ns
[2025-06-05T17:11:24.845+0000][2031.144s][debug][safepoint   ] Safepoint synchronization initiated using futex wait barrier. (178 threads)
[2025-06-05T17:11:24.848+0000][2031.147s][info ][safepoint   ] Safepoint "Cleanup", Time since last: 6008485878 ns, Reaching safepoint: 2356166 ns, Cleanup: 204750 ns, At safepoint: 12250 ns, Total: 2573166 ns
[2025-06-05T17:11:29.855+0000][2036.154s][debug][safepoint   ] Safepoint synchronization initiated using futex wait barrier. (178 threads)
[2025-06-05T17:11:29.857+0000][2036.156s][info ][safepoint   ] Safepoint "Cleanup", Time since last: 5007413336 ns, Reaching safepoint: 1427083 ns, Cleanup: 331334 ns, At safepoint: 8000 ns, Total: 1766417 ns
[2025-06-05T17:11:32.866+0000][2039.164s][debug][safepoint   ] Safepoint synchronization initiated using futex wait barrier. (178 threads)
[2025-06-05T17:11:32.869+0000][2039.167s][info ][safepoint   ] Safepoint "Cleanup", Time since last: 3008369959 ns, Reaching safepoint: 3011084 ns, Cleanup: 199291 ns, At safepoint: 28167 ns, Total: 3238542 ns
[2025-06-05T17:12:05.310+0000][2071.722s][debug][safepoint   ] Safepoint synchronization initiated using futex wait barrier. (177 threads)
[2025-06-05T17:12:05.314+0000][2071.727s][info ][safepoint   ] Safepoint "Cleanup", Time since last: 32554652223 ns, Reaching safepoint: 3213917 ns, Cleanup: 688458 ns, At safepoint: 497209 ns, Total: 4399584 ns
[2025-06-05T17:12:15.446+0000][2081.746s][debug][safepoint   ] Safepoint synchronization initiated using futex wait barrier. (177 threads)
[2025-06-05T17:12:15.448+0000][2081.748s][info ][safepoint   ] Safepoint "Cleanup", Time since last: 10019423254 ns, Reaching safepoint: 1918416 ns, Cleanup: 92375 ns, At safepoint: 9667 ns, Total: 2020458 ns
[2025-06-05T17:12:29.531+0000][2095.831s][debug][safepoint   ] Safepoint synchronization initiated using futex wait barrier. (177 threads)
[2025-06-05T17:12:29.534+0000][2095.834s][info ][safepoint   ] Safepoint "Cleanup", Time since last: 14083060840 ns, Reaching safepoint: 3019625 ns, Cleanup: 76292 ns, At safepoint: 31458 ns, Total: 3127375 ns
[2025-06-05T17:12:30.536+0000][2096.836s][debug][safepoint   ] Safepoint synchronization initiated using futex wait barrier. (174 threads)
[2025-06-05T17:12:30.537+0000][2096.837s][info ][safepoint   ] Safepoint "Cleanup", Time since last: 1002004834 ns, Reaching safepoint: 469208 ns, Cleanup: 68584 ns, At safepoint: 62583 ns, Total: 600375 ns
[2025-06-05T17:13:04.906+0000][2131.209s][debug][safepoint   ] Safepoint synchronization initiated using futex wait barrier. (169 threads)
[2025-06-05T17:13:04.912+0000][2131.216s][info ][gc,start    ] GC(81) Pause Young (Normal) (G1 Evacuation Pause)
[2025-06-05T17:13:04.913+0000][2131.216s][info ][gc,task     ] GC(81) Using 2 workers of 2 for evacuation
[2025-06-05T17:13:05.528+0000][2131.831s][info ][gc,mmu      ] GC(81) MMU target violated: 501.0ms (500.0ms/501.0ms)
[2025-06-05T17:13:05.529+0000][2131.832s][info ][gc,phases   ] GC(81)   Pre Evacuate Collection Set: 16.1ms
[2025-06-05T17:13:05.529+0000][2131.832s][info ][gc,phases   ] GC(81)   Merge Heap Roots: 14.4ms
[2025-06-05T17:13:05.529+0000][2131.832s][info ][gc,phases   ] GC(81)   Evacuate Collection Set: 529.0ms
[2025-06-05T17:13:05.529+0000][2131.832s][info ][gc,phases   ] GC(81)   Post Evacuate Collection Set: 51.7ms
[2025-06-05T17:13:05.529+0000][2131.832s][info ][gc,phases   ] GC(81)   Other: 6.1ms
[2025-06-05T17:13:05.529+0000][2131.832s][info ][gc,heap     ] GC(81) Eden regions: 236->0(236)
[2025-06-05T17:13:05.529+0000][2131.832s][info ][gc,heap     ] GC(81) Survivor regions: 12->12(31)
[2025-06-05T17:13:05.529+0000][2131.832s][info ][gc,heap     ] GC(81) Old regions: 176->176
[2025-06-05T17:13:05.529+0000][2131.833s][info ][gc,heap     ] GC(81) Archive regions: 2->2
[2025-06-05T17:13:05.529+0000][2131.833s][info ][gc,heap     ] GC(81) Humongous regions: 5->0
[2025-06-05T17:13:05.530+0000][2131.833s][info ][gc,metaspace] GC(81) Metaspace: 183813K(185280K)->183813K(185280K) NonClass: 161598K(162368K)->161598K(162368K) Class: 22214K(22912K)->22214K(22912K)
[2025-06-05T17:13:05.530+0000][2131.833s][info ][gc          ] GC(81) Pause Young (Normal) (G1 Evacuation Pause) 428M->187M(487M) 617.895ms
[2025-06-05T17:13:05.531+0000][2131.834s][info ][gc,cpu      ] GC(81) User=1.23s Sys=0.00s Real=0.62s
[2025-06-05T17:13:05.533+0000][2131.836s][info ][safepoint   ] Safepoint "G1CollectForAllocation", Time since last: 34371557683 ns, Reaching safepoint: 5080292 ns, Cleanup: 625250 ns, At safepoint: 622362958 ns, Total: 628068500 ns
[2025-06-05T17:13:35.610+0000][2161.906s][debug][safepoint   ] Safepoint synchronization initiated using futex wait barrier. (168 threads)
[2025-06-05T17:13:35.614+0000][2161.909s][info ][safepoint   ] Safepoint "Cleanup", Time since last: 30069334305 ns, Reaching safepoint: 3330084 ns, Cleanup: 336000 ns, At safepoint: 31458 ns, Total: 3697542 ns
[2025-06-05T17:15:37.343+0000][2283.613s][debug][safepoint   ] Safepoint synchronization initiated using futex wait barrier. (168 threads)
[2025-06-05T17:15:37.361+0000][2283.631s][info ][safepoint   ] Safepoint "Cleanup", Time since last: 121703904846 ns, Reaching safepoint: 17574125 ns, Cleanup: 321458 ns, At safepoint: 17584 ns, Total: 17913167 ns
[2025-06-05T17:16:36.028+0000][2342.298s][debug][safepoint   ] Safepoint synchronization initiated using futex wait barrier. (168 threads)
[2025-06-05T17:16:36.035+0000][2342.305s][info ][gc,start    ] GC(82) Pause Young (Normal) (G1 Evacuation Pause)
[2025-06-05T17:16:36.035+0000][2342.306s][info ][gc,task     ] GC(82) Using 2 workers of 2 for evacuation
[2025-06-05T17:16:36.464+0000][2342.743s][info ][gc,phases   ] GC(82)   Pre Evacuate Collection Set: 8.4ms
[2025-06-05T17:16:36.464+0000][2342.743s][info ][gc,phases   ] GC(82)   Merge Heap Roots: 6.5ms
[2025-06-05T17:16:36.464+0000][2342.744s][info ][gc,phases   ] GC(82)   Evacuate Collection Set: 378.2ms
[2025-06-05T17:16:36.464+0000][2342.744s][info ][gc,phases   ] GC(82)   Post Evacuate Collection Set: 42.4ms
[2025-06-05T17:16:36.465+0000][2342.744s][info ][gc,phases   ] GC(82)   Other: 3.3ms
[2025-06-05T17:16:36.465+0000][2342.744s][info ][gc,heap     ] GC(82) Eden regions: 236->0(236)
[2025-06-05T17:16:36.465+0000][2342.744s][info ][gc,heap     ] GC(82) Survivor regions: 12->12(31)
[2025-06-05T17:16:36.465+0000][2342.744s][info ][gc,heap     ] GC(82) Old regions: 176->176
[2025-06-05T17:16:36.465+0000][2342.744s][info ][gc,heap     ] GC(82) Archive regions: 2->2
[2025-06-05T17:16:36.465+0000][2342.744s][info ][gc,heap     ] GC(82) Humongous regions: 0->0
[2025-06-05T17:16:36.465+0000][2342.744s][info ][gc,metaspace] GC(82) Metaspace: 183829K(185280K)->183829K(185280K) NonClass: 161614K(162368K)->161614K(162368K) Class: 22214K(22912K)->22214K(22912K)
[2025-06-05T17:16:36.465+0000][2342.744s][info ][gc          ] GC(82) Pause Young (Normal) (G1 Evacuation Pause) 423M->187M(487M) 439.447ms
[2025-06-05T17:16:36.465+0000][2342.744s][info ][gc,cpu      ] GC(82) User=0.86s Sys=0.00s Real=0.44s
[2025-06-05T17:16:36.466+0000][2342.745s][info ][safepoint   ] Safepoint "G1CollectForAllocation", Time since last: 58666316693 ns, Reaching safepoint: 5914417 ns, Cleanup: 570917 ns, At safepoint: 440691041 ns, Total: 447176375 ns
[2025-06-05T17:17:13.185+0000][2379.484s][debug][safepoint   ] Safepoint synchronization initiated using futex wait barrier. (168 threads)
[2025-06-05T17:17:13.192+0000][2379.490s][info ][safepoint   ] Safepoint "Cleanup", Time since last: 36739105433 ns, Reaching safepoint: 5190959 ns, Cleanup: 1218166 ns, At safepoint: 179250 ns, Total: 6588375 ns
[2025-06-05T17:17:59.367+0000][2425.634s][debug][safepoint   ] Safepoint synchronization initiated using futex wait barrier. (168 threads)
[2025-06-05T17:17:59.369+0000][2425.636s][info ][safepoint   ] Safepoint "Cleanup", Time since last: 46143715730 ns, Reaching safepoint: 1868833 ns, Cleanup: 167750 ns, At safepoint: 4917 ns, Total: 2041500 ns
[2025-06-05T17:18:39.430+0000][2465.699s][debug][safepoint   ] Safepoint synchronization initiated using futex wait barrier. (168 threads)
[2025-06-05T17:18:39.439+0000][2465.709s][info ][safepoint   ] Safepoint "Cleanup", Time since last: 40061379643 ns, Reaching safepoint: 8975000 ns, Cleanup: 1804375 ns, At safepoint: 172875 ns, Total: 10952250 ns
[2025-06-05T17:19:16.545+0000][2502.811s][debug][safepoint   ] Safepoint synchronization initiated using futex wait barrier. (168 threads)
[2025-06-05T17:19:16.547+0000][2502.813s][info ][safepoint   ] Safepoint "Cleanup", Time since last: 37102079141 ns, Reaching safepoint: 1922667 ns, Cleanup: 239792 ns, At safepoint: 23958 ns, Total: 2186417 ns
[2025-06-05T17:19:36.643+0000][2522.911s][debug][safepoint   ] Safepoint synchronization initiated using futex wait barrier. (168 threads)
[2025-06-05T17:19:36.645+0000][2522.913s][info ][safepoint   ] Safepoint "Cleanup", Time since last: 20098059801 ns, Reaching safepoint: 1831667 ns, Cleanup: 122083 ns, At safepoint: 53667 ns, Total: 2007417 ns
[2025-06-05T17:19:39.652+0000][2525.920s][debug][safepoint   ] Safepoint synchronization initiated using futex wait barrier. (168 threads)
[2025-06-05T17:19:39.654+0000][2525.922s][info ][safepoint   ] Safepoint "Cleanup", Time since last: 3007137626 ns, Reaching safepoint: 1594875 ns, Cleanup: 82417 ns, At safepoint: 10000 ns, Total: 1687292 ns
[2025-06-05T17:19:50.544+0000][2536.812s][debug][safepoint   ] Safepoint synchronization initiated using futex wait barrier. (168 threads)
[2025-06-05T17:19:50.546+0000][2536.814s][info ][safepoint   ] Safepoint "Cleanup", Time since last: 10890079422 ns, Reaching safepoint: 2313416 ns, Cleanup: 269042 ns, At safepoint: 57583 ns, Total: 2640041 ns
[2025-06-05T17:19:59.559+0000][2545.827s][debug][safepoint   ] Safepoint synchronization initiated using futex wait barrier. (168 threads)
[2025-06-05T17:19:59.561+0000][2545.829s][info ][safepoint   ] Safepoint "Cleanup", Time since last: 9012949630 ns, Reaching safepoint: 1480625 ns, Cleanup: 135083 ns, At safepoint: 91542 ns, Total: 1707250 ns
[2025-06-05T17:20:07.467+0000][2553.732s][debug][safepoint   ] Safepoint synchronization initiated using futex wait barrier. (168 threads)
[2025-06-05T17:20:07.470+0000][2553.735s][info ][gc,start    ] GC(83) Pause Young (Normal) (G1 Evacuation Pause)
[2025-06-05T17:20:07.472+0000][2553.737s][info ][gc,task     ] GC(83) Using 2 workers of 2 for evacuation
[2025-06-05T17:20:07.893+0000][2554.157s][info ][gc,phases   ] GC(83)   Pre Evacuate Collection Set: 10.6ms
[2025-06-05T17:20:07.893+0000][2554.157s][info ][gc,phases   ] GC(83)   Merge Heap Roots: 4.6ms
[2025-06-05T17:20:07.893+0000][2554.157s][info ][gc,phases   ] GC(83)   Evacuate Collection Set: 372.7ms
[2025-06-05T17:20:07.893+0000][2554.157s][info ][gc,phases   ] GC(83)   Post Evacuate Collection Set: 28.3ms
[2025-06-05T17:20:07.893+0000][2554.157s][info ][gc,phases   ] GC(83)   Other: 6.4ms
[2025-06-05T17:20:07.893+0000][2554.157s][info ][gc,heap     ] GC(83) Eden regions: 236->0(236)
[2025-06-05T17:20:07.893+0000][2554.158s][info ][gc,heap     ] GC(83) Survivor regions: 12->12(31)
[2025-06-05T17:20:07.893+0000][2554.158s][info ][gc,heap     ] GC(83) Old regions: 176->176
[2025-06-05T17:20:07.893+0000][2554.158s][info ][gc,heap     ] GC(83) Archive regions: 2->2
[2025-06-05T17:20:07.893+0000][2554.158s][info ][gc,heap     ] GC(83) Humongous regions: 0->0
[2025-06-05T17:20:07.893+0000][2554.158s][info ][gc,metaspace] GC(83) Metaspace: 183840K(185280K)->183840K(185280K) NonClass: 161625K(162368K)->161625K(162368K) Class: 22214K(22912K)->22214K(22912K)
[2025-06-05T17:20:07.893+0000][2554.158s][info ][gc          ] GC(83) Pause Young (Normal) (G1 Evacuation Pause) 423M->187M(487M) 422.722ms
[2025-06-05T17:20:07.894+0000][2554.158s][info ][gc,cpu      ] GC(83) User=0.83s Sys=0.00s Real=0.43s
[2025-06-05T17:20:07.895+0000][2554.159s][info ][safepoint   ] Safepoint "G1CollectForAllocation", Time since last: 7902573711 ns, Reaching safepoint: 1537792 ns, Cleanup: 74708 ns, At safepoint: 426123209 ns, Total: 427735709 ns
[2025-06-05T17:20:35.953+0000][2582.217s][debug][safepoint   ] Safepoint synchronization initiated using futex wait barrier. (168 threads)
[2025-06-05T17:20:35.957+0000][2582.221s][info ][safepoint   ] Safepoint "Cleanup", Time since last: 28057909472 ns, Reaching safepoint: 3942625 ns, Cleanup: 179000 ns, At safepoint: 53083 ns, Total: 4174708 ns
[2025-06-05T17:21:50.717+0000][2656.979s][debug][safepoint   ] Safepoint synchronization initiated using futex wait barrier. (169 threads)
[2025-06-05T17:21:50.719+0000][2656.981s][info ][safepoint   ] Safepoint "Cleanup", Time since last: 74757706116 ns, Reaching safepoint: 1120084 ns, Cleanup: 1152583 ns, At safepoint: 31083 ns, Total: 2303750 ns
[2025-06-05T17:21:56.729+0000][2662.991s][debug][safepoint   ] Safepoint synchronization initiated using futex wait barrier. (169 threads)
[2025-06-05T17:21:56.733+0000][2662.995s][info ][safepoint   ] Safepoint "Cleanup", Time since last: 6009971045 ns, Reaching safepoint: 3041083 ns, Cleanup: 139250 ns, At safepoint: 189792 ns, Total: 3370125 ns
[2025-06-05T17:22:03.745+0000][2670.008s][debug][safepoint   ] Safepoint synchronization initiated using futex wait barrier. (169 threads)
[2025-06-05T17:22:03.747+0000][2670.009s][info ][safepoint   ] Safepoint "Cleanup", Time since last: 7012869670 ns, Reaching safepoint: 969666 ns, Cleanup: 134917 ns, At safepoint: 21208 ns, Total: 1125791 ns
[2025-06-05T17:22:06.753+0000][2673.014s][debug][safepoint   ] Safepoint synchronization initiated using futex wait barrier. (169 threads)
[2025-06-05T17:22:06.755+0000][2673.016s][info ][safepoint   ] Safepoint "Cleanup", Time since last: 3005186627 ns, Reaching safepoint: 1667875 ns, Cleanup: 171583 ns, At safepoint: 22125 ns, Total: 1861583 ns
[2025-06-05T17:22:13.778+0000][2680.039s][debug][safepoint   ] Safepoint synchronization initiated using futex wait barrier. (169 threads)
[2025-06-05T17:22:13.782+0000][2680.043s][info ][safepoint   ] Safepoint "Cleanup", Time since last: 7023318753 ns, Reaching safepoint: 2989167 ns, Cleanup: 627042 ns, At safepoint: 32583 ns, Total: 3648792 ns
[2025-06-05T17:22:59.951+0000][2726.211s][debug][safepoint   ] Safepoint synchronization initiated using futex wait barrier. (168 threads)
[2025-06-05T17:22:59.953+0000][2726.213s][info ][safepoint   ] Safepoint "Cleanup", Time since last: 46168577105 ns, Reaching safepoint: 1829083 ns, Cleanup: 141084 ns, At safepoint: 10666 ns, Total: 1980833 ns
[2025-06-05T17:23:38.971+0000][2765.232s][debug][safepoint   ] Safepoint synchronization initiated using futex wait barrier. (168 threads)
[2025-06-05T17:23:38.979+0000][2765.239s][info ][gc,start    ] GC(84) Pause Young (Normal) (G1 Evacuation Pause)
[2025-06-05T17:23:38.980+0000][2765.241s][info ][gc,task     ] GC(84) Using 2 workers of 2 for evacuation
[2025-06-05T17:23:39.369+0000][2765.630s][info ][gc,phases   ] GC(84)   Pre Evacuate Collection Set: 11.3ms
[2025-06-05T17:23:39.370+0000][2765.631s][info ][gc,phases   ] GC(84)   Merge Heap Roots: 4.7ms
[2025-06-05T17:23:39.370+0000][2765.631s][info ][gc,phases   ] GC(84)   Evacuate Collection Set: 262.8ms
[2025-06-05T17:23:39.371+0000][2765.632s][info ][gc,phases   ] GC(84)   Post Evacuate Collection Set: 104.6ms
[2025-06-05T17:23:39.372+0000][2765.632s][info ][gc,phases   ] GC(84)   Other: 7.9ms
[2025-06-05T17:23:39.372+0000][2765.633s][info ][gc,heap     ] GC(84) Eden regions: 236->0(236)
[2025-06-05T17:23:39.372+0000][2765.633s][info ][gc,heap     ] GC(84) Survivor regions: 12->12(31)
[2025-06-05T17:23:39.372+0000][2765.633s][info ][gc,heap     ] GC(84) Old regions: 176->176
[2025-06-05T17:23:39.372+0000][2765.633s][info ][gc,heap     ] GC(84) Archive regions: 2->2
[2025-06-05T17:23:39.373+0000][2765.634s][info ][gc,heap     ] GC(84) Humongous regions: 0->0
[2025-06-05T17:23:39.373+0000][2765.634s][info ][gc,metaspace] GC(84) Metaspace: 183909K(185344K)->183909K(185344K) NonClass: 161695K(162432K)->161695K(162432K) Class: 22214K(22912K)->22214K(22912K)
[2025-06-05T17:23:39.373+0000][2765.634s][info ][gc          ] GC(84) Pause Young (Normal) (G1 Evacuation Pause) 423M->187M(487M) 394.653ms
[2025-06-05T17:23:39.373+0000][2765.634s][info ][gc,cpu      ] GC(84) User=0.76s Sys=0.00s Real=0.39s
[2025-06-05T17:23:39.373+0000][2765.634s][info ][safepoint   ] Safepoint "G1CollectForAllocation", Time since last: 39018206935 ns, Reaching safepoint: 5928500 ns, Cleanup: 814708 ns, At safepoint: 396042458 ns, Total: 402785666 ns
[2025-06-05T17:25:17.404+0000][2863.660s][debug][safepoint   ] Safepoint synchronization initiated using futex wait barrier. (168 threads)
[2025-06-05T17:25:17.406+0000][2863.662s][info ][safepoint   ] Safepoint "Cleanup", Time since last: 98025439545 ns, Reaching safepoint: 1845458 ns, Cleanup: 256375 ns, At safepoint: 19167 ns, Total: 2121000 ns
[2025-06-05T17:26:57.152+0000][2963.404s][debug][safepoint   ] Safepoint synchronization initiated using futex wait barrier. (168 threads)
[2025-06-05T17:26:57.154+0000][2963.405s][info ][safepoint   ] Safepoint "Cleanup", Time since last: 99741597004 ns, Reaching safepoint: 1678542 ns, Cleanup: 172375 ns, At safepoint: 16083 ns, Total: 1867000 ns
[2025-06-05T17:27:01.945+0000][2968.197s][debug][safepoint   ] Safepoint synchronization initiated using futex wait barrier. (168 threads)
[2025-06-05T17:27:01.947+0000][2968.199s][info ][gc,start    ] GC(85) Pause Young (Normal) (G1 Evacuation Pause)
[2025-06-05T17:27:01.947+0000][2968.199s][info ][gc,task     ] GC(85) Using 2 workers of 2 for evacuation
[2025-06-05T17:27:02.333+0000][2968.585s][info ][gc,phases   ] GC(85)   Pre Evacuate Collection Set: 17.3ms
[2025-06-05T17:27:02.333+0000][2968.585s][info ][gc,phases   ] GC(85)   Merge Heap Roots: 7.8ms
[2025-06-05T17:27:02.334+0000][2968.586s][info ][gc,phases   ] GC(85)   Evacuate Collection Set: 245.8ms
[2025-06-05T17:27:02.334+0000][2968.586s][info ][gc,phases   ] GC(85)   Post Evacuate Collection Set: 112.0ms
[2025-06-05T17:27:02.334+0000][2968.586s][info ][gc,phases   ] GC(85)   Other: 3.6ms
[2025-06-05T17:27:02.334+0000][2968.586s][info ][gc,heap     ] GC(85) Eden regions: 236->0(236)
[2025-06-05T17:27:02.334+0000][2968.586s][info ][gc,heap     ] GC(85) Survivor regions: 12->12(31)
[2025-06-05T17:27:02.334+0000][2968.586s][info ][gc,heap     ] GC(85) Old regions: 176->176
[2025-06-05T17:27:02.335+0000][2968.586s][info ][gc,heap     ] GC(85) Archive regions: 2->2
[2025-06-05T17:27:02.335+0000][2968.586s][info ][gc,heap     ] GC(85) Humongous regions: 1->0
[2025-06-05T17:27:02.335+0000][2968.587s][info ][gc,metaspace] GC(85) Metaspace: 183926K(185344K)->183926K(185344K) NonClass: 161710K(162432K)->161710K(162432K) Class: 22216K(22912K)->22216K(22912K)
[2025-06-05T17:27:02.335+0000][2968.587s][info ][gc          ] GC(85) Pause Young (Normal) (G1 Evacuation Pause) 424M->188M(487M) 388.458ms
[2025-06-05T17:27:02.336+0000][2968.587s][info ][gc,cpu      ] GC(85) User=0.76s Sys=0.01s Real=0.39s
[2025-06-05T17:27:02.337+0000][2968.588s][info ][safepoint   ] Safepoint "G1CollectForAllocation", Time since last: 4791212169 ns, Reaching safepoint: 884958 ns, Cleanup: 46750 ns, At safepoint: 390850792 ns, Total: 391782500 ns
[2025-06-05T17:27:03.345+0000][2969.596s][debug][safepoint   ] Safepoint synchronization initiated using futex wait barrier. (168 threads)
[2025-06-05T17:27:03.346+0000][2969.598s][info ][safepoint   ] Safepoint "Cleanup", Time since last: 1008127251 ns, Reaching safepoint: 986083 ns, Cleanup: 146667 ns, At safepoint: 56708 ns, Total: 1189458 ns
[2025-06-05T17:27:39.405+0000][3005.656s][debug][safepoint   ] Safepoint synchronization initiated using futex wait barrier. (168 threads)
[2025-06-05T17:27:39.410+0000][3005.661s][info ][safepoint   ] Safepoint "Cleanup", Time since last: 36058339391 ns, Reaching safepoint: 4006250 ns, Cleanup: 541833 ns, At safepoint: 134917 ns, Total: 4683000 ns
[2025-06-05T17:27:44.932+0000][3011.183s][debug][safepoint   ] Safepoint synchronization initiated using futex wait barrier. (168 threads)
[2025-06-05T17:27:44.936+0000][3011.187s][info ][safepoint   ] Safepoint "Cleanup", Time since last: 5522005044 ns, Reaching safepoint: 4387375 ns, Cleanup: 306375 ns, At safepoint: 21625 ns, Total: 4715375 ns
[2025-06-05T17:27:53.952+0000][3020.203s][debug][safepoint   ] Safepoint synchronization initiated using futex wait barrier. (168 threads)
[2025-06-05T17:27:53.953+0000][3020.204s][info ][safepoint   ] Safepoint "Cleanup", Time since last: 9015292879 ns, Reaching safepoint: 1488959 ns, Cleanup: 180500 ns, At safepoint: 37875 ns, Total: 1707334 ns
[2025-06-05T17:28:03.970+0000][3030.221s][debug][safepoint   ] Safepoint synchronization initiated using futex wait barrier. (168 threads)
[2025-06-05T17:28:03.972+0000][3030.223s][info ][safepoint   ] Safepoint "Cleanup", Time since last: 10016167254 ns, Reaching safepoint: 1959000 ns, Cleanup: 105250 ns, At safepoint: 35292 ns, Total: 2099542 ns
[2025-06-05T17:28:04.973+0000][3031.224s][debug][safepoint   ] Safepoint synchronization initiated using futex wait barrier. (168 threads)
[2025-06-05T17:28:04.974+0000][3031.225s][info ][safepoint   ] Safepoint "Cleanup", Time since last: 1001153709 ns, Reaching safepoint: 668208 ns, Cleanup: 104292 ns, At safepoint: 45250 ns, Total: 817750 ns
[2025-06-05T17:28:06.977+0000][3033.228s][debug][safepoint   ] Safepoint synchronization initiated using futex wait barrier. (168 threads)
[2025-06-05T17:28:06.980+0000][3033.231s][info ][safepoint   ] Safepoint "Cleanup", Time since last: 2002826751 ns, Reaching safepoint: 3255000 ns, Cleanup: 213708 ns, At safepoint: 26834 ns, Total: 3495542 ns
[2025-06-05T17:28:15.264+0000][3041.531s][debug][safepoint   ] Safepoint synchronization initiated using futex wait barrier. (168 threads)
[2025-06-05T17:28:15.293+0000][3041.559s][info ][safepoint   ] Safepoint "Cleanup", Time since last: 8299341170 ns, Reaching safepoint: 28031208 ns, Cleanup: 477042 ns, At safepoint: 409958 ns, Total: 28918208 ns
[2025-06-05T17:28:17.296+0000][3043.562s][debug][safepoint   ] Safepoint synchronization initiated using futex wait barrier. (168 threads)
[2025-06-05T17:28:17.297+0000][3043.564s][info ][safepoint   ] Safepoint "Cleanup", Time since last: 2003077960 ns, Reaching safepoint: 1234583 ns, Cleanup: 103375 ns, At safepoint: 7875 ns, Total: 1345833 ns
[2025-06-05T17:28:24.308+0000][3050.574s][debug][safepoint   ] Safepoint synchronization initiated using futex wait barrier. (168 threads)
[2025-06-05T17:28:24.314+0000][3050.580s][info ][safepoint   ] Safepoint "Cleanup", Time since last: 7010347628 ns, Reaching safepoint: 5578167 ns, Cleanup: 564833 ns, At safepoint: 141209 ns, Total: 6284209 ns
[2025-06-05T17:28:26.317+0000][3052.583s][debug][safepoint   ] Safepoint synchronization initiated using futex wait barrier. (168 threads)
[2025-06-05T17:28:26.321+0000][3052.587s][info ][safepoint   ] Safepoint "Cleanup", Time since last: 2003011959 ns, Reaching safepoint: 3316625 ns, Cleanup: 90250 ns, At safepoint: 26333 ns, Total: 3433208 ns
[2025-06-05T17:28:57.183+0000][3083.445s][debug][safepoint   ] Safepoint synchronization initiated using futex wait barrier. (169 threads)
[2025-06-05T17:28:57.188+0000][3083.450s][info ][safepoint   ] Safepoint "Cleanup", Time since last: 30857912848 ns, Reaching safepoint: 4747375 ns, Cleanup: 246291 ns, At safepoint: 108500 ns, Total: 5102166 ns
[2025-06-05T17:28:58.189+0000][3084.451s][debug][safepoint   ] Safepoint synchronization initiated using futex wait barrier. (174 threads)
[2025-06-05T17:28:58.190+0000][3084.452s][info ][safepoint   ] Safepoint "Cleanup", Time since last: 1000909334 ns, Reaching safepoint: 868875 ns, Cleanup: 270375 ns, At safepoint: 14500 ns, Total: 1153750 ns
[2025-06-05T17:28:59.191+0000][3085.453s][debug][safepoint   ] Safepoint synchronization initiated using futex wait barrier. (174 threads)
[2025-06-05T17:28:59.192+0000][3085.454s][info ][safepoint   ] Safepoint "Cleanup", Time since last: 1001585417 ns, Reaching safepoint: 823209 ns, Cleanup: 72875 ns, At safepoint: 26375 ns, Total: 922459 ns
[2025-06-05T17:29:00.194+0000][3086.456s][debug][safepoint   ] Safepoint synchronization initiated using futex wait barrier. (174 threads)
[2025-06-05T17:29:00.197+0000][3086.459s][info ][safepoint   ] Safepoint "Cleanup", Time since last: 1001550542 ns, Reaching safepoint: 2783000 ns, Cleanup: 77541 ns, At safepoint: 16959 ns, Total: 2877500 ns
[2025-06-05T17:29:01.198+0000][3087.460s][debug][safepoint   ] Safepoint synchronization initiated using futex wait barrier. (174 threads)
[2025-06-05T17:29:01.198+0000][3087.460s][info ][safepoint   ] Safepoint "Cleanup", Time since last: 1001324125 ns, Reaching safepoint: 326167 ns, Cleanup: 55333 ns, At safepoint: 6917 ns, Total: 388417 ns
[2025-06-05T17:29:10.226+0000][3096.474s][debug][safepoint   ] Safepoint synchronization initiated using futex wait barrier. (179 threads)
[2025-06-05T17:29:10.227+0000][3096.475s][info ][safepoint   ] Safepoint "Cleanup", Time since last: 9013185337 ns, Reaching safepoint: 1012875 ns, Cleanup: 61792 ns, At safepoint: 19666 ns, Total: 1094333 ns
[2025-06-05T17:29:11.230+0000][3097.478s][debug][safepoint   ] Safepoint synchronization initiated using futex wait barrier. (179 threads)
[2025-06-05T17:29:11.232+0000][3097.479s][info ][safepoint   ] Safepoint "Cleanup", Time since last: 1003303626 ns, Reaching safepoint: 1189500 ns, Cleanup: 94458 ns, At safepoint: 8375 ns, Total: 1292333 ns
[2025-06-05T17:29:12.233+0000][3098.481s][debug][safepoint   ] Safepoint synchronization initiated using futex wait barrier. (180 threads)
[2025-06-05T17:29:12.235+0000][3098.483s][info ][safepoint   ] Safepoint "Cleanup", Time since last: 1001594334 ns, Reaching safepoint: 1230125 ns, Cleanup: 583125 ns, At safepoint: 37708 ns, Total: 1850958 ns
[2025-06-05T17:29:13.236+0000][3099.484s][debug][safepoint   ] Safepoint synchronization initiated using futex wait barrier. (180 threads)
[2025-06-05T17:29:13.238+0000][3099.486s][info ][safepoint   ] Safepoint "Cleanup", Time since last: 1001000126 ns, Reaching safepoint: 2017750 ns, Cleanup: 91708 ns, At safepoint: 28000 ns, Total: 2137458 ns
[2025-06-05T17:29:14.242+0000][3100.489s][debug][safepoint   ] Safepoint synchronization initiated using futex wait barrier. (180 threads)
[2025-06-05T17:29:14.244+0000][3100.491s][info ][safepoint   ] Safepoint "Cleanup", Time since last: 1003412209 ns, Reaching safepoint: 2037291 ns, Cleanup: 104084 ns, At safepoint: 11041 ns, Total: 2152416 ns
[2025-06-05T17:29:16.182+0000][3102.429s][debug][safepoint   ] Safepoint synchronization initiated using futex wait barrier. (180 threads)
[2025-06-05T17:29:16.189+0000][3102.437s][info ][safepoint   ] Safepoint "Cleanup", Time since last: 1937970376 ns, Reaching safepoint: 7087125 ns, Cleanup: 254792 ns, At safepoint: 51333 ns, Total: 7393250 ns
[2025-06-05T17:29:17.191+0000][3103.439s][debug][safepoint   ] Safepoint synchronization initiated using futex wait barrier. (180 threads)
[2025-06-05T17:29:17.192+0000][3103.440s][info ][safepoint   ] Safepoint "Cleanup", Time since last: 1002035501 ns, Reaching safepoint: 846292 ns, Cleanup: 89791 ns, At safepoint: 5459 ns, Total: 941542 ns
[2025-06-05T17:29:18.193+0000][3104.440s][debug][safepoint   ] Safepoint synchronization initiated using futex wait barrier. (180 threads)
[2025-06-05T17:29:18.194+0000][3104.441s][info ][safepoint   ] Safepoint "Cleanup", Time since last: 1000568083 ns, Reaching safepoint: 764959 ns, Cleanup: 158916 ns, At safepoint: 19084 ns, Total: 942959 ns
[2025-06-05T17:29:19.195+0000][3105.443s][debug][safepoint   ] Safepoint synchronization initiated using futex wait barrier. (180 threads)
[2025-06-05T17:29:19.199+0000][3105.447s][info ][safepoint   ] Safepoint "Cleanup", Time since last: 1001481709 ns, Reaching safepoint: 4253125 ns, Cleanup: 119208 ns, At safepoint: 14083 ns, Total: 4386416 ns
[2025-06-05T17:29:20.201+0000][3106.449s][debug][safepoint   ] Safepoint synchronization initiated using futex wait barrier. (180 threads)
[2025-06-05T17:29:20.201+0000][3106.449s][info ][safepoint   ] Safepoint "Cleanup", Time since last: 1001315417 ns, Reaching safepoint: 563584 ns, Cleanup: 22166 ns, At safepoint: 6709 ns, Total: 592459 ns
[2025-06-05T17:29:21.202+0000][3107.450s][debug][safepoint   ] Safepoint synchronization initiated using futex wait barrier. (180 threads)
[2025-06-05T17:29:21.203+0000][3107.451s][info ][safepoint   ] Safepoint "Cleanup", Time since last: 1000391333 ns, Reaching safepoint: 1048834 ns, Cleanup: 98916 ns, At safepoint: 4542 ns, Total: 1152292 ns
[2025-06-05T17:29:22.204+0000][3108.452s][debug][safepoint   ] Safepoint synchronization initiated using futex wait barrier. (180 threads)
[2025-06-05T17:29:22.206+0000][3108.453s][info ][safepoint   ] Safepoint "Cleanup", Time since last: 1001491084 ns, Reaching safepoint: 924417 ns, Cleanup: 241750 ns, At safepoint: 28500 ns, Total: 1194667 ns
[2025-06-05T17:29:24.211+0000][3110.459s][debug][safepoint   ] Safepoint synchronization initiated using futex wait barrier. (180 threads)
[2025-06-05T17:29:24.212+0000][3110.460s][info ][safepoint   ] Safepoint "Cleanup", Time since last: 2005431626 ns, Reaching safepoint: 673416 ns, Cleanup: 72875 ns, At safepoint: 4875 ns, Total: 751166 ns
[2025-06-05T17:29:25.213+0000][3111.460s][debug][safepoint   ] Safepoint synchronization initiated using futex wait barrier. (180 threads)
[2025-06-05T17:29:25.213+0000][3111.461s][info ][safepoint   ] Safepoint "Cleanup", Time since last: 1000803792 ns, Reaching safepoint: 385417 ns, Cleanup: 225458 ns, At safepoint: 4125 ns, Total: 615000 ns
[2025-06-05T17:29:26.214+0000][3112.462s][debug][safepoint   ] Safepoint synchronization initiated using futex wait barrier. (180 threads)
[2025-06-05T17:29:26.215+0000][3112.462s][info ][safepoint   ] Safepoint "Cleanup", Time since last: 1000853293 ns, Reaching safepoint: 393958 ns, Cleanup: 29750 ns, At safepoint: 4625 ns, Total: 428333 ns
[2025-06-05T17:29:27.217+0000][3113.464s][debug][safepoint   ] Safepoint synchronization initiated using futex wait barrier. (180 threads)
[2025-06-05T17:29:27.218+0000][3113.465s][info ][safepoint   ] Safepoint "Cleanup", Time since last: 1002126250 ns, Reaching safepoint: 856750 ns, Cleanup: 44875 ns, At safepoint: 5584 ns, Total: 907209 ns
[2025-06-05T17:29:28.140+0000][3114.387s][debug][safepoint   ] Safepoint synchronization initiated using futex wait barrier. (180 threads)
[2025-06-05T17:29:28.141+0000][3114.389s][info ][gc,start    ] GC(86) Pause Young (Normal) (G1 Evacuation Pause)
[2025-06-05T17:29:28.141+0000][3114.389s][info ][gc,task     ] GC(86) Using 2 workers of 2 for evacuation
[2025-06-05T17:29:28.261+0000][3114.509s][info ][gc,phases   ] GC(86)   Pre Evacuate Collection Set: 4.2ms
[2025-06-05T17:29:28.261+0000][3114.509s][info ][gc,phases   ] GC(86)   Merge Heap Roots: 2.1ms
[2025-06-05T17:29:28.261+0000][3114.509s][info ][gc,phases   ] GC(86)   Evacuate Collection Set: 95.3ms
[2025-06-05T17:29:28.261+0000][3114.509s][info ][gc,phases   ] GC(86)   Post Evacuate Collection Set: 16.0ms
[2025-06-05T17:29:28.261+0000][3114.509s][info ][gc,phases   ] GC(86)   Other: 2.8ms
[2025-06-05T17:29:28.262+0000][3114.509s][info ][gc,heap     ] GC(86) Eden regions: 236->0(238)
[2025-06-05T17:29:28.262+0000][3114.509s][info ][gc,heap     ] GC(86) Survivor regions: 12->11(31)
[2025-06-05T17:29:28.262+0000][3114.509s][info ][gc,heap     ] GC(86) Old regions: 176->176
[2025-06-05T17:29:28.262+0000][3114.509s][info ][gc,heap     ] GC(86) Archive regions: 2->2
[2025-06-05T17:29:28.262+0000][3114.509s][info ][gc,heap     ] GC(86) Humongous regions: 4->0
[2025-06-05T17:29:28.262+0000][3114.509s][info ][gc,metaspace] GC(86) Metaspace: 184158K(185664K)->184158K(185664K) NonClass: 161933K(162688K)->161933K(162688K) Class: 22224K(22976K)->22224K(22976K)
[2025-06-05T17:29:28.262+0000][3114.510s][info ][gc          ] GC(86) Pause Young (Normal) (G1 Evacuation Pause) 428M->187M(487M) 121.134ms
[2025-06-05T17:29:28.262+0000][3114.510s][info ][gc,cpu      ] GC(86) User=0.24s Sys=0.00s Real=0.12s
[2025-06-05T17:29:28.263+0000][3114.511s][info ][safepoint   ] Safepoint "G1CollectForAllocation", Time since last: 922230625 ns, Reaching safepoint: 303667 ns, Cleanup: 7125 ns, At safepoint: 123006458 ns, Total: 123317250 ns
[2025-06-05T17:29:29.265+0000][3115.513s][debug][safepoint   ] Safepoint synchronization initiated using futex wait barrier. (180 threads)
[2025-06-05T17:29:29.265+0000][3115.513s][info ][safepoint   ] Safepoint "Cleanup", Time since last: 1002003292 ns, Reaching safepoint: 327334 ns, Cleanup: 34583 ns, At safepoint: 4500 ns, Total: 366417 ns
[2025-06-05T17:29:32.271+0000][3118.519s][debug][safepoint   ] Safepoint synchronization initiated using futex wait barrier. (180 threads)
[2025-06-05T17:29:32.273+0000][3118.521s][info ][safepoint   ] Safepoint "Cleanup", Time since last: 3005626168 ns, Reaching safepoint: 2116833 ns, Cleanup: 146209 ns, At safepoint: 16500 ns, Total: 2279542 ns
[2025-06-05T17:29:34.277+0000][3120.525s][debug][safepoint   ] Safepoint synchronization initiated using futex wait barrier. (180 threads)
[2025-06-05T17:29:34.278+0000][3120.526s][info ][safepoint   ] Safepoint "Cleanup", Time since last: 2003921501 ns, Reaching safepoint: 1060666 ns, Cleanup: 76875 ns, At safepoint: 12542 ns, Total: 1150083 ns
[2025-06-05T17:29:36.281+0000][3122.529s][debug][safepoint   ] Safepoint synchronization initiated using futex wait barrier. (180 threads)
[2025-06-05T17:29:36.282+0000][3122.530s][info ][safepoint   ] Safepoint "Cleanup", Time since last: 2002399584 ns, Reaching safepoint: 975750 ns, Cleanup: 146334 ns, At safepoint: 4875 ns, Total: 1126959 ns
[2025-06-05T17:29:38.285+0000][3124.532s][debug][safepoint   ] Safepoint synchronization initiated using futex wait barrier. (180 threads)
[2025-06-05T17:29:38.288+0000][3124.534s][info ][safepoint   ] Safepoint "Cleanup", Time since last: 2002050416 ns, Reaching safepoint: 2579417 ns, Cleanup: 159958 ns, At safepoint: 17209 ns, Total: 2756584 ns
[2025-06-05T17:29:39.288+0000][3125.535s][debug][safepoint   ] Safepoint synchronization initiated using futex wait barrier. (180 threads)
[2025-06-05T17:29:39.290+0000][3125.536s][info ][safepoint   ] Safepoint "Cleanup", Time since last: 1000843125 ns, Reaching safepoint: 1000167 ns, Cleanup: 52416 ns, At safepoint: 8125 ns, Total: 1060708 ns
[2025-06-05T17:29:43.233+0000][3129.479s][debug][safepoint   ] Safepoint synchronization initiated using futex wait barrier. (180 threads)
[2025-06-05T17:29:43.233+0000][3129.480s][info ][safepoint   ] Safepoint "Cleanup", Time since last: 3942978544 ns, Reaching safepoint: 795167 ns, Cleanup: 124708 ns, At safepoint: 16375 ns, Total: 936250 ns
[2025-06-05T17:29:45.237+0000][3131.484s][debug][safepoint   ] Safepoint synchronization initiated using futex wait barrier. (180 threads)
[2025-06-05T17:29:45.238+0000][3131.485s][info ][safepoint   ] Safepoint "Cleanup", Time since last: 2003357584 ns, Reaching safepoint: 1284834 ns, Cleanup: 134916 ns, At safepoint: 11584 ns, Total: 1431334 ns
[2025-06-05T17:29:46.241+0000][3132.487s][debug][safepoint   ] Safepoint synchronization initiated using futex wait barrier. (180 threads)
[2025-06-05T17:29:46.241+0000][3132.488s][info ][safepoint   ] Safepoint "Cleanup", Time since last: 1002248375 ns, Reaching safepoint: 737750 ns, Cleanup: 70125 ns, At safepoint: 28292 ns, Total: 836167 ns
[2025-06-05T17:29:47.243+0000][3133.490s][debug][safepoint   ] Safepoint synchronization initiated using futex wait barrier. (180 threads)
[2025-06-05T17:29:47.244+0000][3133.491s][info ][safepoint   ] Safepoint "Cleanup", Time since last: 1002106292 ns, Reaching safepoint: 877333 ns, Cleanup: 132000 ns, At safepoint: 4792 ns, Total: 1014125 ns
[2025-06-05T17:29:52.258+0000][3138.505s][debug][safepoint   ] Safepoint synchronization initiated using futex wait barrier. (180 threads)
[2025-06-05T17:29:52.260+0000][3138.506s][info ][safepoint   ] Safepoint "Cleanup", Time since last: 5013252961 ns, Reaching safepoint: 1642791 ns, Cleanup: 224375 ns, At safepoint: 24209 ns, Total: 1891375 ns
[2025-06-05T17:29:56.266+0000][3142.513s][debug][safepoint   ] Safepoint synchronization initiated using futex wait barrier. (180 threads)
[2025-06-05T17:29:56.269+0000][3142.515s][info ][safepoint   ] Safepoint "Cleanup", Time since last: 4006358002 ns, Reaching safepoint: 2498083 ns, Cleanup: 48875 ns, At safepoint: 4625 ns, Total: 2551583 ns
[2025-06-05T17:30:00.274+0000][3146.521s][debug][safepoint   ] Safepoint synchronization initiated using futex wait barrier. (180 threads)
[2025-06-05T17:30:00.278+0000][3146.525s][info ][safepoint   ] Safepoint "Cleanup", Time since last: 4005781085 ns, Reaching safepoint: 3625958 ns, Cleanup: 139167 ns, At safepoint: 50708 ns, Total: 3815833 ns
[2025-06-05T17:30:04.283+0000][3150.530s][debug][safepoint   ] Safepoint synchronization initiated using futex wait barrier. (180 threads)
[2025-06-05T17:30:04.284+0000][3150.531s][info ][safepoint   ] Safepoint "Cleanup", Time since last: 4004589711 ns, Reaching safepoint: 1249375 ns, Cleanup: 69250 ns, At safepoint: 9583 ns, Total: 1328208 ns
[2025-06-05T17:30:06.287+0000][3152.534s][debug][safepoint   ] Safepoint synchronization initiated using futex wait barrier. (180 threads)
[2025-06-05T17:30:06.291+0000][3152.538s][info ][safepoint   ] Safepoint "Cleanup", Time since last: 2002793209 ns, Reaching safepoint: 4203209 ns, Cleanup: 77291 ns, At safepoint: 18917 ns, Total: 4299417 ns
[2025-06-05T17:30:12.299+0000][3158.558s][debug][safepoint   ] Safepoint synchronization initiated using futex wait barrier. (178 threads)
[2025-06-05T17:30:12.301+0000][3158.560s][info ][safepoint   ] Safepoint "Cleanup", Time since last: 6020489711 ns, Reaching safepoint: 1650250 ns, Cleanup: 144333 ns, At safepoint: 70542 ns, Total: 1865125 ns
[2025-06-05T17:30:14.304+0000][3160.563s][debug][safepoint   ] Safepoint synchronization initiated using futex wait barrier. (178 threads)
[2025-06-05T17:30:14.306+0000][3160.565s][info ][safepoint   ] Safepoint "Cleanup", Time since last: 2002691293 ns, Reaching safepoint: 1737791 ns, Cleanup: 124667 ns, At safepoint: 32250 ns, Total: 1894708 ns
[2025-06-05T17:30:20.316+0000][3166.575s][debug][safepoint   ] Safepoint synchronization initiated using futex wait barrier. (178 threads)
[2025-06-05T17:30:20.316+0000][3166.576s][info ][safepoint   ] Safepoint "Cleanup", Time since last: 6009895461 ns, Reaching safepoint: 767083 ns, Cleanup: 64625 ns, At safepoint: 11000 ns, Total: 842708 ns
[2025-06-05T17:30:21.318+0000][3167.577s][debug][safepoint   ] Safepoint synchronization initiated using futex wait barrier. (178 threads)
[2025-06-05T17:30:21.319+0000][3167.578s][info ][safepoint   ] Safepoint "Cleanup", Time since last: 1001763126 ns, Reaching safepoint: 603875 ns, Cleanup: 49667 ns, At safepoint: 18916 ns, Total: 672458 ns
[2025-06-05T17:30:23.326+0000][3169.585s][debug][safepoint   ] Safepoint synchronization initiated using futex wait barrier. (178 threads)
[2025-06-05T17:30:23.330+0000][3169.589s][info ][safepoint   ] Safepoint "Cleanup", Time since last: 2006977043 ns, Reaching safepoint: 3773666 ns, Cleanup: 178917 ns, At safepoint: 24083 ns, Total: 3976666 ns
[2025-06-05T17:30:24.332+0000][3170.591s][debug][safepoint   ] Safepoint synchronization initiated using futex wait barrier. (178 threads)
[2025-06-05T17:30:24.334+0000][3170.594s][info ][safepoint   ] Safepoint "Cleanup", Time since last: 1001780168 ns, Reaching safepoint: 2698083 ns, Cleanup: 98958 ns, At safepoint: 27042 ns, Total: 2824083 ns
[2025-06-05T17:30:26.339+0000][3172.598s][debug][safepoint   ] Safepoint synchronization initiated using futex wait barrier. (178 threads)
[2025-06-05T17:30:26.341+0000][3172.600s][info ][safepoint   ] Safepoint "Cleanup", Time since last: 2004329918 ns, Reaching safepoint: 1657000 ns, Cleanup: 82041 ns, At safepoint: 25750 ns, Total: 1764791 ns
[2025-06-05T17:30:29.344+0000][3175.603s][debug][safepoint   ] Safepoint synchronization initiated using futex wait barrier. (178 threads)
[2025-06-05T17:30:29.346+0000][3175.605s][info ][safepoint   ] Safepoint "Cleanup", Time since last: 3003170585 ns, Reaching safepoint: 2278583 ns, Cleanup: 128000 ns, At safepoint: 38709 ns, Total: 2445292 ns
[2025-06-05T17:30:31.348+0000][3177.608s][debug][safepoint   ] Safepoint synchronization initiated using futex wait barrier. (178 threads)
[2025-06-05T17:30:31.349+0000][3177.609s][info ][safepoint   ] Safepoint "Cleanup", Time since last: 2002368751 ns, Reaching safepoint: 812541 ns, Cleanup: 34459 ns, At safepoint: 40125 ns, Total: 887125 ns
[2025-06-05T17:30:33.353+0000][3179.612s][debug][safepoint   ] Safepoint synchronization initiated using futex wait barrier. (178 threads)
[2025-06-05T17:30:33.354+0000][3179.614s][info ][safepoint   ] Safepoint "Cleanup", Time since last: 2003292209 ns, Reaching safepoint: 1689833 ns, Cleanup: 35625 ns, At safepoint: 9167 ns, Total: 1734625 ns
[2025-06-05T17:30:34.357+0000][3180.616s][debug][safepoint   ] Safepoint synchronization initiated using futex wait barrier. (178 threads)
[2025-06-05T17:30:34.358+0000][3180.617s][info ][safepoint   ] Safepoint "Cleanup", Time since last: 1002295042 ns, Reaching safepoint: 997792 ns, Cleanup: 36333 ns, At safepoint: 13250 ns, Total: 1047375 ns
[2025-06-05T17:30:38.342+0000][3184.621s][debug][safepoint   ] Safepoint synchronization initiated using futex wait barrier. (175 threads)
[2025-06-05T17:30:38.347+0000][3184.625s][info ][safepoint   ] Safepoint "Cleanup", Time since last: 4003611918 ns, Reaching safepoint: 4270250 ns, Cleanup: 72333 ns, At safepoint: 21709 ns, Total: 4364292 ns
[2025-06-05T17:30:44.430+0000][3190.709s][debug][safepoint   ] Safepoint synchronization initiated using futex wait barrier. (175 threads)
[2025-06-05T17:30:44.431+0000][3190.710s][info ][safepoint   ] Safepoint "Cleanup", Time since last: 6083804253 ns, Reaching safepoint: 846916 ns, Cleanup: 105125 ns, At safepoint: 11917 ns, Total: 963958 ns
[2025-06-05T17:30:47.435+0000][3193.714s][debug][safepoint   ] Safepoint synchronization initiated using futex wait barrier. (175 threads)
[2025-06-05T17:30:47.436+0000][3193.714s][info ][safepoint   ] Safepoint "Cleanup", Time since last: 3004029335 ns, Reaching safepoint: 447958 ns, Cleanup: 37500 ns, At safepoint: 5667 ns, Total: 491125 ns
[2025-06-05T17:30:48.439+0000][3194.718s][debug][safepoint   ] Safepoint synchronization initiated using futex wait barrier. (175 threads)
[2025-06-05T17:30:48.440+0000][3194.718s][info ][safepoint   ] Safepoint "Cleanup", Time since last: 1003478083 ns, Reaching safepoint: 341167 ns, Cleanup: 58708 ns, At safepoint: 44542 ns, Total: 444417 ns
[2025-06-05T17:30:49.446+0000][3195.724s][debug][safepoint   ] Safepoint synchronization initiated using futex wait barrier. (175 threads)
[2025-06-05T17:30:49.447+0000][3195.725s][info ][safepoint   ] Safepoint "Cleanup", Time since last: 1005708751 ns, Reaching safepoint: 1338541 ns, Cleanup: 203750 ns, At safepoint: 22667 ns, Total: 1564958 ns
[2025-06-05T17:30:50.471+0000][3196.750s][debug][safepoint   ] Safepoint synchronization initiated using futex wait barrier. (175 threads)
[2025-06-05T17:30:50.474+0000][3196.752s][info ][gc,start    ] GC(87) Pause Young (Normal) (G1 Evacuation Pause)
[2025-06-05T17:30:50.474+0000][3196.753s][info ][gc,task     ] GC(87) Using 2 workers of 2 for evacuation
[2025-06-05T17:30:50.626+0000][3196.904s][info ][gc,phases   ] GC(87)   Pre Evacuate Collection Set: 8.9ms
[2025-06-05T17:30:50.626+0000][3196.904s][info ][gc,phases   ] GC(87)   Merge Heap Roots: 4.2ms
[2025-06-05T17:30:50.626+0000][3196.904s][info ][gc,phases   ] GC(87)   Evacuate Collection Set: 118.5ms
[2025-06-05T17:30:50.626+0000][3196.904s][info ][gc,phases   ] GC(87)   Post Evacuate Collection Set: 18.3ms
[2025-06-05T17:30:50.626+0000][3196.904s][info ][gc,phases   ] GC(87)   Other: 3.9ms
[2025-06-05T17:30:50.626+0000][3196.904s][info ][gc,heap     ] GC(87) Eden regions: 238->0(239)
[2025-06-05T17:30:50.626+0000][3196.905s][info ][gc,heap     ] GC(87) Survivor regions: 11->9(32)
[2025-06-05T17:30:50.626+0000][3196.905s][info ][gc,heap     ] GC(87) Old regions: 176->179
[2025-06-05T17:30:50.626+0000][3196.905s][info ][gc,heap     ] GC(87) Archive regions: 2->2
[2025-06-05T17:30:50.626+0000][3196.905s][info ][gc,heap     ] GC(87) Humongous regions: 10->0
[2025-06-05T17:30:50.626+0000][3196.905s][info ][gc,metaspace] GC(87) Metaspace: 184301K(185792K)->184301K(185792K) NonClass: 162065K(162816K)->162065K(162816K) Class: 22235K(22976K)->22235K(22976K)
[2025-06-05T17:30:50.626+0000][3196.905s][info ][gc          ] GC(87) Pause Young (Normal) (G1 Evacuation Pause) 435M->188M(487M) 153.107ms
[2025-06-05T17:30:50.626+0000][3196.905s][info ][gc,cpu      ] GC(87) User=0.30s Sys=0.00s Real=0.15s
[2025-06-05T17:30:50.627+0000][3196.905s][info ][safepoint   ] Safepoint "G1CollectForAllocation", Time since last: 1024120292 ns, Reaching safepoint: 604125 ns, Cleanup: 25125 ns, At safepoint: 154794667 ns, Total: 155423917 ns
[2025-06-05T17:30:51.628+0000][3197.907s][debug][safepoint   ] Safepoint synchronization initiated using futex wait barrier. (175 threads)
[2025-06-05T17:30:51.630+0000][3197.908s][info ][safepoint   ] Safepoint "Cleanup", Time since last: 1001593667 ns, Reaching safepoint: 1393750 ns, Cleanup: 112875 ns, At safepoint: 28292 ns, Total: 1534917 ns
[2025-06-05T17:30:52.633+0000][3198.911s][debug][safepoint   ] Safepoint synchronization initiated using futex wait barrier. (175 threads)
[2025-06-05T17:30:52.634+0000][3198.912s][info ][safepoint   ] Safepoint "Cleanup", Time since last: 1003241292 ns, Reaching safepoint: 992583 ns, Cleanup: 89542 ns, At safepoint: 22375 ns, Total: 1104500 ns
[2025-06-05T17:31:01.647+0000][3207.926s][debug][safepoint   ] Safepoint synchronization initiated using futex wait barrier. (175 threads)
[2025-06-05T17:31:01.653+0000][3207.932s][info ][safepoint   ] Safepoint "Cleanup", Time since last: 9013256004 ns, Reaching safepoint: 4351667 ns, Cleanup: 1770916 ns, At safepoint: 18459 ns, Total: 6141042 ns
[2025-06-05T17:31:04.659+0000][3210.937s][debug][safepoint   ] Safepoint synchronization initiated using futex wait barrier. (178 threads)
[2025-06-05T17:31:04.661+0000][3210.939s][info ][safepoint   ] Safepoint "Cleanup", Time since last: 3005054710 ns, Reaching safepoint: 1939833 ns, Cleanup: 214500 ns, At safepoint: 41792 ns, Total: 2196125 ns
[2025-06-05T17:31:24.727+0000][3230.989s][debug][safepoint   ] Safepoint synchronization initiated using futex wait barrier. (176 threads)
[2025-06-05T17:31:24.730+0000][3230.993s][info ][safepoint   ] Safepoint "Cleanup", Time since last: 20049761133 ns, Reaching safepoint: 2972417 ns, Cleanup: 615541 ns, At safepoint: 87417 ns, Total: 3675375 ns
[2025-06-05T17:31:29.736+0000][3235.998s][debug][safepoint   ] Safepoint synchronization initiated using futex wait barrier. (177 threads)
[2025-06-05T17:31:29.737+0000][3235.999s][info ][safepoint   ] Safepoint "Cleanup", Time since last: 5005312044 ns, Reaching safepoint: 717334 ns, Cleanup: 73000 ns, At safepoint: 5250 ns, Total: 795584 ns
[2025-06-05T17:31:35.744+0000][3242.006s][debug][safepoint   ] Safepoint synchronization initiated using futex wait barrier. (177 threads)
[2025-06-05T17:31:35.746+0000][3242.008s][info ][safepoint   ] Safepoint "Cleanup", Time since last: 6006981252 ns, Reaching safepoint: 2252959 ns, Cleanup: 128291 ns, At safepoint: 24000 ns, Total: 2405250 ns
[2025-06-05T17:31:36.747+0000][3243.009s][debug][safepoint   ] Safepoint synchronization initiated using futex wait barrier. (177 threads)
[2025-06-05T17:31:36.749+0000][3243.011s][info ][safepoint   ] Safepoint "Cleanup", Time since last: 1001146501 ns, Reaching safepoint: 1431667 ns, Cleanup: 103916 ns, At safepoint: 39042 ns, Total: 1574625 ns
[2025-06-05T17:31:43.662+0000][3249.926s][debug][safepoint   ] Safepoint synchronization initiated using futex wait barrier. (177 threads)
[2025-06-05T17:31:43.663+0000][3249.927s][info ][safepoint   ] Safepoint "Cleanup", Time since last: 6914893169 ns, Reaching safepoint: 1509167 ns, Cleanup: 211000 ns, At safepoint: 9458 ns, Total: 1729625 ns
[2025-06-05T17:31:48.671+0000][3254.935s][debug][safepoint   ] Safepoint synchronization initiated using futex wait barrier. (181 threads)
[2025-06-05T17:31:48.672+0000][3254.936s][info ][safepoint   ] Safepoint "Cleanup", Time since last: 5008068169 ns, Reaching safepoint: 868875 ns, Cleanup: 168459 ns, At safepoint: 7458 ns, Total: 1044792 ns
[2025-06-05T17:31:52.678+0000][3258.942s][debug][safepoint   ] Safepoint synchronization initiated using futex wait barrier. (181 threads)
[2025-06-05T17:31:52.681+0000][3258.945s][info ][safepoint   ] Safepoint "Cleanup", Time since last: 4005703002 ns, Reaching safepoint: 2806333 ns, Cleanup: 314292 ns, At safepoint: 28125 ns, Total: 3148750 ns
[2025-06-05T17:31:53.683+0000][3259.947s][debug][safepoint   ] Safepoint synchronization initiated using futex wait barrier. (181 threads)
[2025-06-05T17:31:53.683+0000][3259.947s][info ][safepoint   ] Safepoint "Cleanup", Time since last: 1001367250 ns, Reaching safepoint: 555375 ns, Cleanup: 52667 ns, At safepoint: 16333 ns, Total: 624375 ns
[2025-06-05T17:31:54.685+0000][3260.949s][debug][safepoint   ] Safepoint synchronization initiated using futex wait barrier. (181 threads)
[2025-06-05T17:31:54.686+0000][3260.950s][info ][safepoint   ] Safepoint "Cleanup", Time since last: 1001901959 ns, Reaching safepoint: 808042 ns, Cleanup: 46666 ns, At safepoint: 21042 ns, Total: 875750 ns
[2025-06-05T17:31:56.692+0000][3262.956s][debug][safepoint   ] Safepoint synchronization initiated using futex wait barrier. (181 threads)
[2025-06-05T17:31:56.693+0000][3262.957s][info ][safepoint   ] Safepoint "Cleanup", Time since last: 2005593834 ns, Reaching safepoint: 965709 ns, Cleanup: 64958 ns, At safepoint: 13542 ns, Total: 1044209 ns
[2025-06-05T17:31:57.695+0000][3263.959s][debug][safepoint   ] Safepoint synchronization initiated using futex wait barrier. (181 threads)
[2025-06-05T17:31:57.696+0000][3263.960s][info ][safepoint   ] Safepoint "Cleanup", Time since last: 1002736959 ns, Reaching safepoint: 529833 ns, Cleanup: 202750 ns, At safepoint: 14542 ns, Total: 747125 ns
[2025-06-05T17:32:06.756+0000][3273.020s][debug][safepoint   ] Safepoint synchronization initiated using futex wait barrier. (181 threads)
[2025-06-05T17:32:06.760+0000][3273.024s][info ][safepoint   ] Safepoint "Cleanup", Time since last: 9060121004 ns, Reaching safepoint: 3572292 ns, Cleanup: 97750 ns, At safepoint: 15958 ns, Total: 3686000 ns
[2025-06-05T17:32:11.742+0000][3278.033s][debug][safepoint   ] Safepoint synchronization initiated using futex wait barrier. (181 threads)
[2025-06-05T17:32:11.744+0000][3278.034s][info ][safepoint   ] Safepoint "Cleanup", Time since last: 5008547002 ns, Reaching safepoint: 1602791 ns, Cleanup: 71334 ns, At safepoint: 21541 ns, Total: 1695666 ns
[2025-06-05T17:32:12.745+0000][3279.036s][debug][safepoint   ] Safepoint synchronization initiated using futex wait barrier. (181 threads)
[2025-06-05T17:32:12.747+0000][3279.037s][info ][safepoint   ] Safepoint "Cleanup", Time since last: 1001580417 ns, Reaching safepoint: 981125 ns, Cleanup: 591500 ns, At safepoint: 41625 ns, Total: 1614250 ns
[2025-06-05T17:32:16.755+0000][3283.045s][debug][safepoint   ] Safepoint synchronization initiated using futex wait barrier. (181 threads)
[2025-06-05T17:32:16.756+0000][3283.047s][info ][safepoint   ] Safepoint "Cleanup", Time since last: 4007642461 ns, Reaching safepoint: 1515291 ns, Cleanup: 74500 ns, At safepoint: 10125 ns, Total: 1599916 ns
[2025-06-05T17:32:25.819+0000][3292.109s][debug][safepoint   ] Safepoint synchronization initiated using futex wait barrier. (181 threads)
[2025-06-05T17:32:25.822+0000][3292.112s][info ][safepoint   ] Safepoint "Cleanup", Time since last: 9062617463 ns, Reaching safepoint: 2044667 ns, Cleanup: 563125 ns, At safepoint: 45583 ns, Total: 2653375 ns
[2025-06-05T17:32:26.824+0000][3293.114s][debug][safepoint   ] Safepoint synchronization initiated using futex wait barrier. (181 threads)
[2025-06-05T17:32:26.827+0000][3293.118s][info ][safepoint   ] Safepoint "Cleanup", Time since last: 1002236167 ns, Reaching safepoint: 3481708 ns, Cleanup: 122042 ns, At safepoint: 30833 ns, Total: 3634583 ns
[2025-06-05T17:32:38.099+0000][3304.362s][debug][safepoint   ] Safepoint synchronization initiated using futex wait barrier. (181 threads)
[2025-06-05T17:32:38.134+0000][3304.397s][info ][gc,start    ] GC(88) Pause Young (Normal) (G1 Evacuation Pause)
[2025-06-05T17:32:38.135+0000][3304.398s][info ][gc,task     ] GC(88) Using 2 workers of 2 for evacuation
[2025-06-05T17:32:38.321+0000][3304.584s][info ][gc,phases   ] GC(88)   Pre Evacuate Collection Set: 13.7ms
[2025-06-05T17:32:38.322+0000][3304.584s][info ][gc,phases   ] GC(88)   Merge Heap Roots: 2.3ms
[2025-06-05T17:32:38.322+0000][3304.584s][info ][gc,phases   ] GC(88)   Evacuate Collection Set: 145.9ms
[2025-06-05T17:32:38.322+0000][3304.584s][info ][gc,phases   ] GC(88)   Post Evacuate Collection Set: 21.8ms
[2025-06-05T17:32:38.322+0000][3304.584s][info ][gc,phases   ] GC(88)   Other: 4.3ms
[2025-06-05T17:32:38.322+0000][3304.584s][info ][gc,heap     ] GC(88) Eden regions: 239->0(243)
[2025-06-05T17:32:38.322+0000][3304.584s][info ][gc,heap     ] GC(88) Survivor regions: 9->5(31)
[2025-06-05T17:32:38.322+0000][3304.584s][info ][gc,heap     ] GC(88) Old regions: 179->183
[2025-06-05T17:32:38.322+0000][3304.584s][info ][gc,heap     ] GC(88) Archive regions: 2->2
[2025-06-05T17:32:38.322+0000][3304.584s][info ][gc,heap     ] GC(88) Humongous regions: 0->0
[2025-06-05T17:32:38.322+0000][3304.585s][info ][gc,metaspace] GC(88) Metaspace: 184410K(185920K)->184410K(185920K) NonClass: 162168K(162944K)->162168K(162944K) Class: 22241K(22976K)->22241K(22976K)
[2025-06-05T17:32:38.322+0000][3304.585s][info ][gc          ] GC(88) Pause Young (Normal) (G1 Evacuation Pause) 427M->188M(487M) 188.043ms
[2025-06-05T17:32:38.322+0000][3304.585s][info ][gc,cpu      ] GC(88) User=0.36s Sys=0.00s Real=0.18s
[2025-06-05T17:32:38.323+0000][3304.585s][info ][safepoint   ] Safepoint "G1CollectForAllocation", Time since last: 11241745463 ns, Reaching safepoint: 34644000 ns, Cleanup: 607083 ns, At safepoint: 190332667 ns, Total: 225583750 ns
[2025-06-05T17:32:39.326+0000][3305.588s][debug][safepoint   ] Safepoint synchronization initiated using futex wait barrier. (181 threads)
[2025-06-05T17:32:39.327+0000][3305.589s][info ][safepoint   ] Safepoint "Cleanup", Time since last: 1002843917 ns, Reaching safepoint: 903334 ns, Cleanup: 298833 ns, At safepoint: 19292 ns, Total: 1221459 ns
[2025-06-05T17:32:52.893+0000][3319.156s][debug][safepoint   ] Safepoint synchronization initiated using futex wait barrier. (177 threads)
[2025-06-05T17:32:52.894+0000][3319.156s][info ][safepoint   ] Safepoint "Cleanup", Time since last: 13566389006 ns, Reaching safepoint: 683542 ns, Cleanup: 32750 ns, At safepoint: 4833 ns, Total: 721125 ns
[2025-06-05T17:32:54.896+0000][3321.158s][debug][safepoint   ] Safepoint synchronization initiated using futex wait barrier. (177 threads)
[2025-06-05T17:32:54.899+0000][3321.161s][info ][safepoint   ] Safepoint "Cleanup", Time since last: 2001638001 ns, Reaching safepoint: 3200000 ns, Cleanup: 223875 ns, At safepoint: 25292 ns, Total: 3449167 ns
[2025-06-05T17:33:06.924+0000][3333.186s][debug][safepoint   ] Safepoint synchronization initiated using futex wait barrier. (177 threads)
[2025-06-05T17:33:06.927+0000][3333.190s][info ][safepoint   ] Safepoint "Cleanup", Time since last: 12024950839 ns, Reaching safepoint: 3259333 ns, Cleanup: 71750 ns, At safepoint: 5334 ns, Total: 3336417 ns
[2025-06-05T17:33:20.950+0000][3347.210s][debug][safepoint   ] Safepoint synchronization initiated using futex wait barrier. (177 threads)
[2025-06-05T17:33:20.951+0000][3347.211s][info ][safepoint   ] Safepoint "Cleanup", Time since last: 14020215131 ns, Reaching safepoint: 934833 ns, Cleanup: 89292 ns, At safepoint: 6666 ns, Total: 1030791 ns
[2025-06-05T17:33:23.466+0000][3349.726s][debug][safepoint   ] Safepoint synchronization initiated using futex wait barrier. (177 threads)
[2025-06-05T17:33:23.470+0000][3349.730s][info ][safepoint   ] Safepoint "Cleanup", Time since last: 2513545585 ns, Reaching safepoint: 4544458 ns, Cleanup: 695417 ns, At safepoint: 19125 ns, Total: 5259000 ns
[2025-06-05T17:33:26.501+0000][3352.761s][debug][safepoint   ] Safepoint synchronization initiated using futex wait barrier. (177 threads)
[2025-06-05T17:33:26.503+0000][3352.763s][debug][safepoint   ] ... found polling page loop exception at pc = 0x0000ffff8a274814, stub =0x0000ffff8897ef00
[2025-06-05T17:33:26.505+0000][3352.765s][info ][safepoint   ] Safepoint "Cleanup", Time since last: 3031589376 ns, Reaching safepoint: 2953875 ns, Cleanup: 972834 ns, At safepoint: 90541 ns, Total: 4017250 ns
[2025-06-05T17:33:35.521+0000][3361.781s][debug][safepoint   ] Safepoint synchronization initiated using futex wait barrier. (177 threads)
[2025-06-05T17:33:35.522+0000][3361.782s][info ][safepoint   ] Safepoint "Cleanup", Time since last: 9015288546 ns, Reaching safepoint: 1199208 ns, Cleanup: 86375 ns, At safepoint: 9875 ns, Total: 1295458 ns
[2025-06-05T17:33:39.528+0000][3365.788s][debug][safepoint   ] Safepoint synchronization initiated using futex wait barrier. (177 threads)
[2025-06-05T17:33:39.530+0000][3365.789s][info ][safepoint   ] Safepoint "Cleanup", Time since last: 4006040543 ns, Reaching safepoint: 1358584 ns, Cleanup: 95416 ns, At safepoint: 13750 ns, Total: 1467750 ns
[2025-06-05T17:33:42.533+0000][3368.793s][debug][safepoint   ] Safepoint synchronization initiated using futex wait barrier. (177 threads)
[2025-06-05T17:33:42.535+0000][3368.795s][info ][safepoint   ] Safepoint "Cleanup", Time since last: 3003460460 ns, Reaching safepoint: 1581875 ns, Cleanup: 130542 ns, At safepoint: 38833 ns, Total: 1751250 ns
[2025-06-05T17:33:48.943+0000][3375.203s][debug][safepoint   ] Safepoint synchronization initiated using futex wait barrier. (175 threads)
[2025-06-05T17:33:48.944+0000][3375.204s][info ][safepoint   ] Safepoint "Cleanup", Time since last: 6408315962 ns, Reaching safepoint: 617458 ns, Cleanup: 40042 ns, At safepoint: 5416 ns, Total: 662916 ns
[2025-06-05T17:34:02.965+0000][3389.225s][debug][safepoint   ] Safepoint synchronization initiated using futex wait barrier. (175 threads)
[2025-06-05T17:34:02.969+0000][3389.229s][info ][safepoint   ] Safepoint "Cleanup", Time since last: 14020948090 ns, Reaching safepoint: 3855500 ns, Cleanup: 69875 ns, At safepoint: 33000 ns, Total: 3958375 ns
[2025-06-05T17:34:16.989+0000][3403.248s][debug][safepoint   ] Safepoint synchronization initiated using futex wait barrier. (175 threads)
[2025-06-05T17:34:16.991+0000][3403.250s][info ][safepoint   ] Safepoint "Cleanup", Time since last: 14019627756 ns, Reaching safepoint: 1795083 ns, Cleanup: 64375 ns, At safepoint: 11542 ns, Total: 1871000 ns
[2025-06-05T17:34:23.442+0000][3409.701s][debug][safepoint   ] Safepoint synchronization initiated using futex wait barrier. (175 threads)
[2025-06-05T17:34:23.443+0000][3409.703s][info ][safepoint   ] Safepoint "Cleanup", Time since last: 6450736420 ns, Reaching safepoint: 1490500 ns, Cleanup: 430416 ns, At safepoint: 30125 ns, Total: 1951041 ns
[2025-06-05T17:34:30.588+0000][3416.847s][debug][safepoint   ] Safepoint synchronization initiated using futex wait barrier. (175 threads)
[2025-06-05T17:34:30.588+0000][3416.848s][debug][safepoint   ] ... found polling page loop exception at pc = 0x0000ffff89c3d268, stub =0x0000ffff8897ef00
[2025-06-05T17:34:30.589+0000][3416.849s][info ][safepoint   ] Safepoint "Cleanup", Time since last: 7144264504 ns, Reaching safepoint: 1390333 ns, Cleanup: 96792 ns, At safepoint: 8791 ns, Total: 1495916 ns
[2025-06-05T17:34:32.591+0000][3418.851s][debug][safepoint   ] Safepoint synchronization initiated using futex wait barrier. (175 threads)
[2025-06-05T17:34:32.592+0000][3418.851s][info ][safepoint   ] Safepoint "Cleanup", Time since last: 2001971168 ns, Reaching safepoint: 834333 ns, Cleanup: 75334 ns, At safepoint: 23666 ns, Total: 933333 ns
[2025-06-05T17:34:33.056+0000][3419.315s][debug][safepoint   ] Safepoint synchronization initiated using futex wait barrier. (175 threads)
[2025-06-05T17:34:33.057+0000][3419.317s][info ][gc,start    ] GC(89) Pause Young (Normal) (G1 Evacuation Pause)
[2025-06-05T17:34:33.058+0000][3419.318s][info ][gc,task     ] GC(89) Using 2 workers of 2 for evacuation
[2025-06-05T17:34:33.212+0000][3419.471s][info ][gc,phases   ] GC(89)   Pre Evacuate Collection Set: 5.7ms
[2025-06-05T17:34:33.212+0000][3419.472s][info ][gc,phases   ] GC(89)   Merge Heap Roots: 1.5ms
[2025-06-05T17:34:33.212+0000][3419.472s][info ][gc,phases   ] GC(89)   Evacuate Collection Set: 110.2ms
[2025-06-05T17:34:33.212+0000][3419.472s][info ][gc,phases   ] GC(89)   Post Evacuate Collection Set: 34.8ms
[2025-06-05T17:34:33.212+0000][3419.472s][info ][gc,phases   ] GC(89)   Other: 3.5ms
[2025-06-05T17:34:33.212+0000][3419.472s][info ][gc,heap     ] GC(89) Eden regions: 243->0(245)
[2025-06-05T17:34:33.213+0000][3419.472s][info ][gc,heap     ] GC(89) Survivor regions: 5->2(31)
[2025-06-05T17:34:33.213+0000][3419.472s][info ][gc,heap     ] GC(89) Old regions: 183->187
[2025-06-05T17:34:33.213+0000][3419.472s][info ][gc,heap     ] GC(89) Archive regions: 2->2
[2025-06-05T17:34:33.213+0000][3419.472s][info ][gc,heap     ] GC(89) Humongous regions: 0->0
[2025-06-05T17:34:33.213+0000][3419.472s][info ][gc,metaspace] GC(89) Metaspace: 184485K(186048K)->184485K(186048K) NonClass: 162243K(163072K)->162243K(163072K) Class: 22242K(22976K)->22242K(22976K)
[2025-06-05T17:34:33.213+0000][3419.472s][info ][gc          ] GC(89) Pause Young (Normal) (G1 Evacuation Pause) 431M->189M(487M) 155.588ms
[2025-06-05T17:34:33.213+0000][3419.472s][info ][gc,cpu      ] GC(89) User=0.30s Sys=0.00s Real=0.15s
[2025-06-05T17:34:33.213+0000][3419.473s][info ][safepoint   ] Safepoint "G1CollectForAllocation", Time since last: 463640834 ns, Reaching safepoint: 344750 ns, Cleanup: 12375 ns, At safepoint: 157163708 ns, Total: 157520833 ns
[2025-06-05T17:34:36.219+0000][3422.479s][debug][safepoint   ] Safepoint synchronization initiated using futex wait barrier. (175 threads)
[2025-06-05T17:34:36.220+0000][3422.480s][info ][safepoint   ] Safepoint "Cleanup", Time since last: 3005988460 ns, Reaching safepoint: 844833 ns, Cleanup: 288500 ns, At safepoint: 14375 ns, Total: 1147708 ns
[2025-06-05T17:34:37.221+0000][3423.481s][debug][safepoint   ] Safepoint synchronization initiated using futex wait barrier. (175 threads)
[2025-06-05T17:34:37.222+0000][3423.481s][info ][safepoint   ] Safepoint "Cleanup", Time since last: 1000805876 ns, Reaching safepoint: 293125 ns, Cleanup: 30500 ns, At safepoint: 6125 ns, Total: 329750 ns
[2025-06-05T17:34:46.957+0000][3433.219s][debug][safepoint   ] Safepoint synchronization initiated using futex wait barrier. (175 threads)
[2025-06-05T17:34:46.960+0000][3433.222s][info ][safepoint   ] Safepoint "Cleanup", Time since last: 9737632004 ns, Reaching safepoint: 3153500 ns, Cleanup: 368167 ns, At safepoint: 190291 ns, Total: 3711958 ns
[2025-06-05T17:34:53.971+0000][3440.233s][debug][safepoint   ] Safepoint synchronization initiated using futex wait barrier. (175 threads)
[2025-06-05T17:34:53.973+0000][3440.235s][info ][safepoint   ] Safepoint "Cleanup", Time since last: 7010849712 ns, Reaching safepoint: 1929292 ns, Cleanup: 78500 ns, At safepoint: 89958 ns, Total: 2097750 ns
[2025-06-05T17:34:58.983+0000][3445.245s][debug][safepoint   ] Safepoint synchronization initiated using futex wait barrier. (175 threads)
[2025-06-05T17:34:58.984+0000][3445.246s][info ][safepoint   ] Safepoint "Cleanup", Time since last: 5009435294 ns, Reaching safepoint: 1236000 ns, Cleanup: 128042 ns, At safepoint: 19708 ns, Total: 1383750 ns
[2025-06-05T17:35:13.012+0000][3459.269s][debug][safepoint   ] Safepoint synchronization initiated using futex wait barrier. (175 threads)
[2025-06-05T17:35:13.014+0000][3459.270s][info ][safepoint   ] Safepoint "Cleanup", Time since last: 14023035839 ns, Reaching safepoint: 1357250 ns, Cleanup: 79833 ns, At safepoint: 10542 ns, Total: 1447625 ns
[2025-06-05T17:35:15.018+0000][3461.274s][debug][safepoint   ] Safepoint synchronization initiated using futex wait barrier. (175 threads)
[2025-06-05T17:35:15.019+0000][3461.275s][info ][safepoint   ] Safepoint "Cleanup", Time since last: 2003964918 ns, Reaching safepoint: 826625 ns, Cleanup: 96625 ns, At safepoint: 11416 ns, Total: 934666 ns
[2025-06-05T17:35:27.081+0000][3473.338s][debug][safepoint   ] Safepoint synchronization initiated using futex wait barrier. (175 threads)
[2025-06-05T17:35:27.118+0000][3473.375s][info ][safepoint   ] Safepoint "Cleanup", Time since last: 12062239923 ns, Reaching safepoint: 36426125 ns, Cleanup: 485250 ns, At safepoint: 8375 ns, Total: 36919750 ns
[2025-06-05T17:35:42.143+0000][3488.400s][debug][safepoint   ] Safepoint synchronization initiated using futex wait barrier. (175 threads)
[2025-06-05T17:35:42.145+0000][3488.402s][info ][safepoint   ] Safepoint "Cleanup", Time since last: 15025561507 ns, Reaching safepoint: 2007416 ns, Cleanup: 60792 ns, At safepoint: 30542 ns, Total: 2098750 ns
[2025-06-05T17:35:47.207+0000][3493.465s][debug][safepoint   ] Safepoint synchronization initiated using futex wait barrier. (175 threads)
[2025-06-05T17:35:47.209+0000][3493.467s][info ][safepoint   ] Safepoint "Cleanup", Time since last: 5062342960 ns, Reaching safepoint: 1911959 ns, Cleanup: 188875 ns, At safepoint: 12291 ns, Total: 2113125 ns
[2025-06-05T17:35:55.224+0000][3501.481s][debug][safepoint   ] Safepoint synchronization initiated using futex wait barrier. (175 threads)
[2025-06-05T17:35:55.226+0000][3501.484s][info ][safepoint   ] Safepoint "Cleanup", Time since last: 8014574379 ns, Reaching safepoint: 2034375 ns, Cleanup: 315375 ns, At safepoint: 21583 ns, Total: 2371333 ns
[2025-06-05T17:35:57.231+0000][3503.488s][debug][safepoint   ] Safepoint synchronization initiated using futex wait barrier. (175 threads)
[2025-06-05T17:35:57.232+0000][3503.489s][info ][safepoint   ] Safepoint "Cleanup", Time since last: 2004499835 ns, Reaching safepoint: 1142083 ns, Cleanup: 149708 ns, At safepoint: 8417 ns, Total: 1300208 ns
[2025-06-05T17:35:58.235+0000][3504.493s][debug][safepoint   ] Safepoint synchronization initiated using futex wait barrier. (175 threads)
[2025-06-05T17:35:58.236+0000][3504.494s][info ][safepoint   ] Safepoint "Cleanup", Time since last: 1003471417 ns, Reaching safepoint: 775167 ns, Cleanup: 86375 ns, At safepoint: 35625 ns, Total: 897167 ns
[2025-06-05T17:36:13.273+0000][3519.530s][debug][safepoint   ] Safepoint synchronization initiated using futex wait barrier. (175 threads)
[2025-06-05T17:36:13.275+0000][3519.532s][info ][safepoint   ] Safepoint "Cleanup", Time since last: 15036711923 ns, Reaching safepoint: 1730000 ns, Cleanup: 151375 ns, At safepoint: 14750 ns, Total: 1896125 ns
[2025-06-05T17:36:14.278+0000][3520.535s][debug][safepoint   ] Safepoint synchronization initiated using futex wait barrier. (175 threads)
[2025-06-05T17:36:14.279+0000][3520.536s][info ][safepoint   ] Safepoint "Cleanup", Time since last: 1003052167 ns, Reaching safepoint: 468417 ns, Cleanup: 80208 ns, At safepoint: 34667 ns, Total: 583292 ns
[2025-06-05T17:36:17.282+0000][3523.539s][debug][safepoint   ] Safepoint synchronization initiated using futex wait barrier. (175 threads)
[2025-06-05T17:36:17.283+0000][3523.541s][info ][safepoint   ] Safepoint "Cleanup", Time since last: 3002625626 ns, Reaching safepoint: 1747834 ns, Cleanup: 234625 ns, At safepoint: 55625 ns, Total: 2038084 ns
[2025-06-05T17:36:22.290+0000][3528.548s][debug][safepoint   ] Safepoint synchronization initiated using futex wait barrier. (175 threads)
[2025-06-05T17:36:22.291+0000][3528.548s][info ][safepoint   ] Safepoint "Cleanup", Time since last: 5006958377 ns, Reaching safepoint: 800167 ns, Cleanup: 38500 ns, At safepoint: 5708 ns, Total: 844375 ns
[2025-06-05T17:36:23.293+0000][3529.550s][debug][safepoint   ] Safepoint synchronization initiated using futex wait barrier. (175 threads)
[2025-06-05T17:36:23.293+0000][3529.550s][info ][safepoint   ] Safepoint "Cleanup", Time since last: 1001240376 ns, Reaching safepoint: 260041 ns, Cleanup: 21167 ns, At safepoint: 6667 ns, Total: 287875 ns
[2025-06-05T17:36:27.974+0000][3534.231s][debug][safepoint   ] Safepoint synchronization initiated using futex wait barrier. (175 threads)
[2025-06-05T17:36:27.977+0000][3534.235s][info ][gc,start    ] GC(90) Pause Young (Normal) (G1 Evacuation Pause)
[2025-06-05T17:36:27.978+0000][3534.235s][info ][gc,task     ] GC(90) Using 2 workers of 2 for evacuation
[2025-06-05T17:36:28.068+0000][3534.326s][info ][gc,phases   ] GC(90)   Pre Evacuate Collection Set: 5.5ms
[2025-06-05T17:36:28.069+0000][3534.326s][info ][gc,phases   ] GC(90)   Merge Heap Roots: 1.2ms
[2025-06-05T17:36:28.069+0000][3534.326s][info ][gc,phases   ] GC(90)   Evacuate Collection Set: 52.8ms
[2025-06-05T17:36:28.069+0000][3534.326s][info ][gc,phases   ] GC(90)   Post Evacuate Collection Set: 29.6ms
[2025-06-05T17:36:28.069+0000][3534.326s][info ][gc,phases   ] GC(90)   Other: 2.5ms
[2025-06-05T17:36:28.069+0000][3534.326s][info ][gc,heap     ] GC(90) Eden regions: 245->0(245)
[2025-06-05T17:36:28.069+0000][3534.326s][info ][gc,heap     ] GC(90) Survivor regions: 2->1(31)
[2025-06-05T17:36:28.069+0000][3534.326s][info ][gc,heap     ] GC(90) Old regions: 187->188
[2025-06-05T17:36:28.069+0000][3534.326s][info ][gc,heap     ] GC(90) Archive regions: 2->2
[2025-06-05T17:36:28.069+0000][3534.326s][info ][gc,heap     ] GC(90) Humongous regions: 0->0
[2025-06-05T17:36:28.069+0000][3534.326s][info ][gc,metaspace] GC(90) Metaspace: 184582K(186048K)->184582K(186048K) NonClass: 162339K(163072K)->162339K(163072K) Class: 22243K(22976K)->22243K(22976K)
[2025-06-05T17:36:28.069+0000][3534.326s][info ][gc          ] GC(90) Pause Young (Normal) (G1 Evacuation Pause) 434M->189M(487M) 91.856ms
[2025-06-05T17:36:28.069+0000][3534.326s][info ][gc,cpu      ] GC(90) User=0.18s Sys=0.00s Real=0.10s
[2025-06-05T17:36:28.070+0000][3534.327s][info ][safepoint   ] Safepoint "G1CollectForAllocation", Time since last: 4681033043 ns, Reaching safepoint: 2479542 ns, Cleanup: 60625 ns, At safepoint: 93162792 ns, Total: 95702959 ns
[2025-06-05T17:36:29.070+0000][3535.328s][debug][safepoint   ] Safepoint synchronization initiated using futex wait barrier. (175 threads)
[2025-06-05T17:36:29.073+0000][3535.330s][info ][safepoint   ] Safepoint "Cleanup", Time since last: 1000826792 ns, Reaching safepoint: 2631708 ns, Cleanup: 125584 ns, At safepoint: 7708 ns, Total: 2765000 ns
[2025-06-05T17:36:37.083+0000][3543.340s][debug][safepoint   ] Safepoint synchronization initiated using futex wait barrier. (175 threads)
[2025-06-05T17:36:37.084+0000][3543.342s][info ][safepoint   ] Safepoint "Cleanup", Time since last: 8009470420 ns, Reaching safepoint: 1303625 ns, Cleanup: 140667 ns, At safepoint: 271667 ns, Total: 1715959 ns
[2025-06-05T17:36:41.092+0000][3547.348s][debug][safepoint   ] Safepoint synchronization initiated using futex wait barrier. (175 threads)
[2025-06-05T17:36:41.094+0000][3547.350s][info ][safepoint   ] Safepoint "Cleanup", Time since last: 4006071209 ns, Reaching safepoint: 1851583 ns, Cleanup: 95209 ns, At safepoint: 19083 ns, Total: 1965875 ns
[2025-06-05T17:37:04.241+0000][3570.496s][debug][safepoint   ] Safepoint synchronization initiated using futex wait barrier. (177 threads)
[2025-06-05T17:37:04.242+0000][3570.497s][info ][safepoint   ] Safepoint "Cleanup", Time since last: 23146657386 ns, Reaching safepoint: 779667 ns, Cleanup: 54250 ns, At safepoint: 6000 ns, Total: 839917 ns
[2025-06-05T17:37:18.300+0000][3584.554s][debug][safepoint   ] Safepoint synchronization initiated using futex wait barrier. (177 threads)
[2025-06-05T17:37:18.301+0000][3584.555s][info ][safepoint   ] Safepoint "Cleanup", Time since last: 14057008339 ns, Reaching safepoint: 1112875 ns, Cleanup: 81125 ns, At safepoint: 8792 ns, Total: 1202792 ns
[2025-06-05T17:37:19.302+0000][3585.557s][debug][safepoint   ] Safepoint synchronization initiated using futex wait barrier. (179 threads)
[2025-06-05T17:37:19.304+0000][3585.558s][info ][safepoint   ] Safepoint "Cleanup", Time since last: 1001417750 ns, Reaching safepoint: 1683917 ns, Cleanup: 39417 ns, At safepoint: 10791 ns, Total: 1734125 ns
[2025-06-05T17:37:21.310+0000][3587.564s][debug][safepoint   ] Safepoint synchronization initiated using futex wait barrier. (179 threads)
[2025-06-05T17:37:21.311+0000][3587.566s][info ][safepoint   ] Safepoint "Cleanup", Time since last: 2005951460 ns, Reaching safepoint: 1266416 ns, Cleanup: 123167 ns, At safepoint: 29750 ns, Total: 1419333 ns
[2025-06-05T17:37:23.314+0000][3589.568s][debug][safepoint   ] Safepoint synchronization initiated using futex wait barrier. (179 threads)
[2025-06-05T17:37:23.314+0000][3589.569s][info ][safepoint   ] Safepoint "Cleanup", Time since last: 2002647251 ns, Reaching safepoint: 418958 ns, Cleanup: 28667 ns, At safepoint: 6042 ns, Total: 453667 ns
[2025-06-05T17:37:25.316+0000][3591.571s][debug][safepoint   ] Safepoint synchronization initiated using futex wait barrier. (179 threads)
[2025-06-05T17:37:25.317+0000][3591.571s][info ][safepoint   ] Safepoint "Cleanup", Time since last: 2001610542 ns, Reaching safepoint: 859500 ns, Cleanup: 90292 ns, At safepoint: 14666 ns, Total: 964458 ns
[2025-06-05T17:37:32.339+0000][3598.593s][debug][safepoint   ] Safepoint synchronization initiated using futex wait barrier. (177 threads)
[2025-06-05T17:37:32.341+0000][3598.595s][info ][safepoint   ] Safepoint "Cleanup", Time since last: 7021837045 ns, Reaching safepoint: 1750917 ns, Cleanup: 128125 ns, At safepoint: 15500 ns, Total: 1894542 ns
[2025-06-05T17:37:46.395+0000][3612.650s][debug][safepoint   ] Safepoint synchronization initiated using futex wait barrier. (179 threads)
[2025-06-05T17:37:46.397+0000][3612.651s][info ][safepoint   ] Safepoint "Cleanup", Time since last: 14054468256 ns, Reaching safepoint: 1208625 ns, Cleanup: 185250 ns, At safepoint: 28375 ns, Total: 1422250 ns
[2025-06-05T17:37:47.398+0000][3613.653s][debug][safepoint   ] Safepoint synchronization initiated using futex wait barrier. (179 threads)
[2025-06-05T17:37:47.399+0000][3613.653s][info ][safepoint   ] Safepoint "Cleanup", Time since last: 1001516834 ns, Reaching safepoint: 626208 ns, Cleanup: 106708 ns, At safepoint: 7417 ns, Total: 740333 ns
[2025-06-05T17:38:01.572+0000][3627.827s][debug][safepoint   ] Safepoint synchronization initiated using futex wait barrier. (179 threads)
[2025-06-05T17:38:01.590+0000][3627.845s][info ][safepoint   ] Safepoint "Cleanup", Time since last: 14173374340 ns, Reaching safepoint: 17754250 ns, Cleanup: 182958 ns, At safepoint: 52500 ns, Total: 17989708 ns
[2025-06-05T17:38:02.596+0000][3628.850s][debug][safepoint   ] Safepoint synchronization initiated using futex wait barrier. (179 threads)
[2025-06-05T17:38:02.597+0000][3628.851s][info ][safepoint   ] Safepoint "Cleanup", Time since last: 1005322876 ns, Reaching safepoint: 1225292 ns, Cleanup: 153333 ns, At safepoint: 14375 ns, Total: 1393000 ns
[2025-06-05T17:38:05.602+0000][3631.856s][debug][safepoint   ] Safepoint synchronization initiated using futex wait barrier. (179 threads)
[2025-06-05T17:38:05.606+0000][3631.860s][info ][safepoint   ] Safepoint "Cleanup", Time since last: 3004350126 ns, Reaching safepoint: 4044250 ns, Cleanup: 151834 ns, At safepoint: 17125 ns, Total: 4213209 ns
[2025-06-05T17:38:14.619+0000][3640.873s][debug][safepoint   ] Safepoint synchronization initiated using futex wait barrier. (177 threads)
[2025-06-05T17:38:14.620+0000][3640.875s][info ][safepoint   ] Safepoint "Cleanup", Time since last: 9013232628 ns, Reaching safepoint: 1425792 ns, Cleanup: 162042 ns, At safepoint: 32250 ns, Total: 1620084 ns
[2025-06-05T17:38:19.628+0000][3645.882s][debug][safepoint   ] Safepoint synchronization initiated using futex wait barrier. (179 threads)
[2025-06-05T17:38:19.629+0000][3645.883s][info ][safepoint   ] Safepoint "Cleanup", Time since last: 5007084377 ns, Reaching safepoint: 1141958 ns, Cleanup: 89584 ns, At safepoint: 6250 ns, Total: 1237792 ns
[2025-06-05T17:38:23.634+0000][3649.888s][debug][safepoint   ] Safepoint synchronization initiated using futex wait barrier. (179 threads)
[2025-06-05T17:38:23.636+0000][3649.890s][info ][safepoint   ] Safepoint "Cleanup", Time since last: 4005273752 ns, Reaching safepoint: 1466875 ns, Cleanup: 98125 ns, At safepoint: 13625 ns, Total: 1578625 ns
[2025-06-05T17:38:25.317+0000][3651.572s][debug][safepoint   ] Safepoint synchronization initiated using futex wait barrier. (179 threads)
[2025-06-05T17:38:25.319+0000][3651.573s][info ][gc,start    ] GC(91) Pause Young (Normal) (G1 Evacuation Pause)
[2025-06-05T17:38:25.319+0000][3651.574s][info ][gc,task     ] GC(91) Using 2 workers of 2 for evacuation
[2025-06-05T17:38:25.421+0000][3651.675s][info ][gc,phases   ] GC(91)   Pre Evacuate Collection Set: 9.4ms
[2025-06-05T17:38:25.421+0000][3651.675s][info ][gc,phases   ] GC(91)   Merge Heap Roots: 1.3ms
[2025-06-05T17:38:25.421+0000][3651.675s][info ][gc,phases   ] GC(91)   Evacuate Collection Set: 67.8ms
[2025-06-05T17:38:25.421+0000][3651.675s][info ][gc,phases   ] GC(91)   Post Evacuate Collection Set: 21.2ms
[2025-06-05T17:38:25.421+0000][3651.675s][info ][gc,phases   ] GC(91)   Other: 2.5ms
[2025-06-05T17:38:25.421+0000][3651.675s][info ][gc,heap     ] GC(91) Eden regions: 245->0(243)
[2025-06-05T17:38:25.421+0000][3651.675s][info ][gc,heap     ] GC(91) Survivor regions: 1->2(31)
[2025-06-05T17:38:25.421+0000][3651.675s][info ][gc,heap     ] GC(91) Old regions: 188->188
[2025-06-05T17:38:25.421+0000][3651.675s][info ][gc,heap     ] GC(91) Archive regions: 2->2
[2025-06-05T17:38:25.421+0000][3651.675s][info ][gc,heap     ] GC(91) Humongous regions: 0->0
[2025-06-05T17:38:25.421+0000][3651.675s][info ][gc,metaspace] GC(91) Metaspace: 184691K(186176K)->184691K(186176K) NonClass: 162448K(163200K)->162448K(163200K) Class: 22243K(22976K)->22243K(22976K)
[2025-06-05T17:38:25.421+0000][3651.675s][info ][gc          ] GC(91) Pause Young (Normal) (G1 Evacuation Pause) 434M->190M(487M) 102.256ms
[2025-06-05T17:38:25.421+0000][3651.676s][info ][gc,cpu      ] GC(91) User=0.20s Sys=0.00s Real=0.10s
[2025-06-05T17:38:25.422+0000][3651.676s][info ][safepoint   ] Safepoint "G1CollectForAllocation", Time since last: 1681685500 ns, Reaching safepoint: 642042 ns, Cleanup: 43250 ns, At safepoint: 103812625 ns, Total: 104497917 ns
[2025-06-05T17:38:28.427+0000][3654.682s][debug][safepoint   ] Safepoint synchronization initiated using futex wait barrier. (177 threads)
[2025-06-05T17:38:28.428+0000][3654.682s][info ][safepoint   ] Safepoint "Cleanup", Time since last: 3005616293 ns, Reaching safepoint: 563917 ns, Cleanup: 70625 ns, At safepoint: 14458 ns, Total: 649000 ns
[2025-06-05T17:38:37.444+0000][3663.699s][debug][safepoint   ] Safepoint synchronization initiated using futex wait barrier. (178 threads)
[2025-06-05T17:38:37.447+0000][3663.701s][info ][safepoint   ] Safepoint "Cleanup", Time since last: 9016348921 ns, Reaching safepoint: 2028084 ns, Cleanup: 124416 ns, At safepoint: 20375 ns, Total: 2172875 ns
[2025-06-05T17:38:42.458+0000][3668.712s][debug][safepoint   ] Safepoint synchronization initiated using futex wait barrier. (177 threads)
[2025-06-05T17:38:42.461+0000][3668.714s][info ][safepoint   ] Safepoint "Cleanup", Time since last: 5010588752 ns, Reaching safepoint: 1932584 ns, Cleanup: 316041 ns, At safepoint: 43584 ns, Total: 2292209 ns
[2025-06-05T17:38:56.780+0000][3683.033s][debug][safepoint   ] Safepoint synchronization initiated using futex wait barrier. (178 threads)
[2025-06-05T17:38:56.792+0000][3683.046s][debug][safepoint   ] ... found polling page loop exception at pc = 0x0000ffff89ec21a0, stub =0x0000ffff8897ef00
[2025-06-05T17:38:56.794+0000][3683.048s][info ][safepoint   ] Safepoint "Cleanup", Time since last: 14319257340 ns, Reaching safepoint: 14317083 ns, Cleanup: 195500 ns, At safepoint: 52458 ns, Total: 14565041 ns
[2025-06-05T17:39:23.584+0000][3709.837s][debug][safepoint   ] Safepoint synchronization initiated using futex wait barrier. (178 threads)
[2025-06-05T17:39:23.586+0000][3709.839s][info ][safepoint   ] Safepoint "Cleanup", Time since last: 26789798680 ns, Reaching safepoint: 1131208 ns, Cleanup: 36125 ns, At safepoint: 4542 ns, Total: 1171875 ns
[2025-06-05T17:39:24.588+0000][3710.841s][debug][safepoint   ] Safepoint synchronization initiated using futex wait barrier. (178 threads)
[2025-06-05T17:39:24.591+0000][3710.844s][info ][safepoint   ] Safepoint "Cleanup", Time since last: 1002543042 ns, Reaching safepoint: 2559958 ns, Cleanup: 196458 ns, At safepoint: 28500 ns, Total: 2784916 ns
[2025-06-05T17:39:26.594+0000][3712.847s][debug][safepoint   ] Safepoint synchronization initiated using futex wait barrier. (178 threads)
[2025-06-05T17:39:26.595+0000][3712.848s][info ][safepoint   ] Safepoint "Cleanup", Time since last: 2002949710 ns, Reaching safepoint: 1010541 ns, Cleanup: 111000 ns, At safepoint: 17500 ns, Total: 1139041 ns
[2025-06-05T17:39:43.589+0000][3729.840s][debug][safepoint   ] Safepoint synchronization initiated using futex wait barrier. (178 threads)
[2025-06-05T17:39:43.589+0000][3729.841s][info ][safepoint   ] Safepoint "Cleanup", Time since last: 16992244299 ns, Reaching safepoint: 448875 ns, Cleanup: 33042 ns, At safepoint: 4250 ns, Total: 486167 ns
[2025-06-05T17:39:51.599+0000][3737.850s][debug][safepoint   ] Safepoint synchronization initiated using futex wait barrier. (178 threads)
[2025-06-05T17:39:51.600+0000][3737.852s][info ][safepoint   ] Safepoint "Cleanup", Time since last: 8009656712 ns, Reaching safepoint: 1034292 ns, Cleanup: 53667 ns, At safepoint: 7791 ns, Total: 1095750 ns
[2025-06-05T17:39:53.603+0000][3739.855s][debug][safepoint   ] Safepoint synchronization initiated using futex wait barrier. (178 threads)
[2025-06-05T17:39:53.604+0000][3739.856s][info ][safepoint   ] Safepoint "Cleanup", Time since last: 2003091751 ns, Reaching safepoint: 1335959 ns, Cleanup: 77791 ns, At safepoint: 15292 ns, Total: 1429042 ns
[2025-06-05T17:39:58.612+0000][3744.863s][debug][safepoint   ] Safepoint synchronization initiated using futex wait barrier. (178 threads)
[2025-06-05T17:39:58.614+0000][3744.866s][info ][safepoint   ] Safepoint "Cleanup", Time since last: 5007045961 ns, Reaching safepoint: 2543458 ns, Cleanup: 45833 ns, At safepoint: 5042 ns, Total: 2594333 ns
[2025-06-05T17:40:01.618+0000][3747.870s][debug][safepoint   ] Safepoint synchronization initiated using futex wait barrier. (178 threads)
[2025-06-05T17:40:01.619+0000][3747.871s][info ][safepoint   ] Safepoint "Cleanup", Time since last: 3004085376 ns, Reaching safepoint: 1048250 ns, Cleanup: 48959 ns, At safepoint: 9541 ns, Total: 1106750 ns
[2025-06-05T17:40:02.620+0000][3748.872s][debug][safepoint   ] Safepoint synchronization initiated using futex wait barrier. (183 threads)
[2025-06-05T17:40:02.621+0000][3748.872s][info ][safepoint   ] Safepoint "Cleanup", Time since last: 1000683251 ns, Reaching safepoint: 530833 ns, Cleanup: 229584 ns, At safepoint: 10750 ns, Total: 771167 ns
[2025-06-05T17:40:05.625+0000][3751.876s][debug][safepoint   ] Safepoint synchronization initiated using futex wait barrier. (183 threads)
[2025-06-05T17:40:05.626+0000][3751.877s][info ][safepoint   ] Safepoint "Cleanup", Time since last: 3004072168 ns, Reaching safepoint: 744875 ns, Cleanup: 41708 ns, At safepoint: 4667 ns, Total: 791250 ns
[2025-06-05T17:40:13.792+0000][3760.044s][debug][safepoint   ] Safepoint synchronization initiated using futex wait barrier. (183 threads)
[2025-06-05T17:40:13.797+0000][3760.049s][info ][gc,start    ] GC(92) Pause Young (Normal) (G1 Evacuation Pause)
[2025-06-05T17:40:13.798+0000][3760.050s][info ][gc,task     ] GC(92) Using 2 workers of 2 for evacuation
[2025-06-05T17:40:13.910+0000][3760.161s][info ][gc,phases   ] GC(92)   Pre Evacuate Collection Set: 9.6ms
[2025-06-05T17:40:13.910+0000][3760.162s][info ][gc,phases   ] GC(92)   Merge Heap Roots: 1.5ms
[2025-06-05T17:40:13.910+0000][3760.162s][info ][gc,phases   ] GC(92)   Evacuate Collection Set: 73.1ms
[2025-06-05T17:40:13.910+0000][3760.162s][info ][gc,phases   ] GC(92)   Post Evacuate Collection Set: 24.8ms
[2025-06-05T17:40:13.910+0000][3760.162s][info ][gc,phases   ] GC(92)   Other: 4.2ms
[2025-06-05T17:40:13.910+0000][3760.162s][info ][gc,heap     ] GC(92) Eden regions: 243->0(244)
[2025-06-05T17:40:13.910+0000][3760.162s][info ][gc,heap     ] GC(92) Survivor regions: 2->2(31)
[2025-06-05T17:40:13.911+0000][3760.162s][info ][gc,heap     ] GC(92) Old regions: 188->188
[2025-06-05T17:40:13.911+0000][3760.162s][info ][gc,heap     ] GC(92) Archive regions: 2->2
[2025-06-05T17:40:13.911+0000][3760.162s][info ][gc,heap     ] GC(92) Humongous regions: 0->0
[2025-06-05T17:40:13.911+0000][3760.163s][info ][gc,metaspace] GC(92) Metaspace: 184819K(186368K)->184819K(186368K) NonClass: 162568K(163392K)->162568K(163392K) Class: 22250K(22976K)->22250K(22976K)
[2025-06-05T17:40:13.911+0000][3760.163s][info ][gc          ] GC(92) Pause Young (Normal) (G1 Evacuation Pause) 433M->190M(487M) 113.996ms
[2025-06-05T17:40:13.911+0000][3760.163s][info ][gc,cpu      ] GC(92) User=0.22s Sys=0.00s Real=0.11s
[2025-06-05T17:40:13.911+0000][3760.163s][info ][safepoint   ] Safepoint "G1CollectForAllocation", Time since last: 8166194544 ns, Reaching safepoint: 3263459 ns, Cleanup: 443916 ns, At safepoint: 116081000 ns, Total: 119788375 ns
[2025-06-05T17:40:19.920+0000][3766.171s][debug][safepoint   ] Safepoint synchronization initiated using futex wait barrier. (183 threads)
[2025-06-05T17:40:19.921+0000][3766.173s][info ][safepoint   ] Safepoint "Cleanup", Time since last: 6008182837 ns, Reaching safepoint: 1274833 ns, Cleanup: 101125 ns, At safepoint: 9000 ns, Total: 1384958 ns
[2025-06-05T17:40:20.936+0000][3767.187s][debug][safepoint   ] Safepoint synchronization initiated using futex wait barrier. (183 threads)
[2025-06-05T17:40:20.936+0000][3767.188s][info ][safepoint   ] Safepoint "Cleanup", Time since last: 1014613334 ns, Reaching safepoint: 643916 ns, Cleanup: 33750 ns, At safepoint: 7709 ns, Total: 685375 ns
[2025-06-05T17:40:24.944+0000][3771.196s][debug][safepoint   ] Safepoint synchronization initiated using futex wait barrier. (183 threads)
[2025-06-05T17:40:24.945+0000][3771.197s][info ][safepoint   ] Safepoint "Cleanup", Time since last: 4007830877 ns, Reaching safepoint: 1038458 ns, Cleanup: 64333 ns, At safepoint: 16209 ns, Total: 1119000 ns
[2025-06-05T17:40:35.023+0000][3781.275s][debug][safepoint   ] Safepoint synchronization initiated using futex wait barrier. (183 threads)
[2025-06-05T17:40:35.074+0000][3781.326s][info ][safepoint   ] Safepoint "Cleanup", Time since last: 10077796088 ns, Reaching safepoint: 51043541 ns, Cleanup: 152959 ns, At safepoint: 99375 ns, Total: 51295875 ns
[2025-06-05T17:40:37.081+0000][3783.333s][debug][safepoint   ] Safepoint synchronization initiated using futex wait barrier. (183 threads)
[2025-06-05T17:40:37.083+0000][3783.335s][info ][safepoint   ] Safepoint "Cleanup", Time since last: 2006759417 ns, Reaching safepoint: 1505209 ns, Cleanup: 151083 ns, At safepoint: 23208 ns, Total: 1679500 ns
[2025-06-05T17:40:39.086+0000][3785.338s][debug][safepoint   ] Safepoint synchronization initiated using futex wait barrier. (183 threads)
[2025-06-05T17:40:39.088+0000][3785.340s][info ][safepoint   ] Safepoint "Cleanup", Time since last: 2003531376 ns, Reaching safepoint: 1624500 ns, Cleanup: 108250 ns, At safepoint: 22917 ns, Total: 1755667 ns
[2025-06-05T17:40:41.094+0000][3787.346s][debug][safepoint   ] Safepoint synchronization initiated using futex wait barrier. (183 threads)
[2025-06-05T17:40:41.096+0000][3787.348s][info ][safepoint   ] Safepoint "Cleanup", Time since last: 2006012126 ns, Reaching safepoint: 2128583 ns, Cleanup: 160667 ns, At safepoint: 65666 ns, Total: 2354916 ns
[2025-06-05T17:40:47.677+0000][3793.929s][debug][safepoint   ] Safepoint synchronization initiated using futex wait barrier. (183 threads)
[2025-06-05T17:40:47.678+0000][3793.930s][info ][safepoint   ] Safepoint "Cleanup", Time since last: 6580667378 ns, Reaching safepoint: 1215167 ns, Cleanup: 70667 ns, At safepoint: 6750 ns, Total: 1292584 ns
[2025-06-05T17:40:56.690+0000][3802.942s][debug][safepoint   ] Safepoint synchronization initiated using futex wait barrier. (183 threads)
[2025-06-05T17:40:56.693+0000][3802.945s][info ][safepoint   ] Safepoint "Cleanup", Time since last: 9011750046 ns, Reaching safepoint: 2755875 ns, Cleanup: 108583 ns, At safepoint: 129042 ns, Total: 2993500 ns
[2025-06-05T17:41:01.703+0000][3807.955s][debug][safepoint   ] Safepoint synchronization initiated using futex wait barrier. (183 threads)
[2025-06-05T17:41:01.704+0000][3807.956s][info ][safepoint   ] Safepoint "Cleanup", Time since last: 5009943710 ns, Reaching safepoint: 793250 ns, Cleanup: 83875 ns, At safepoint: 6042 ns, Total: 883167 ns
[2025-06-05T17:41:07.715+0000][3813.967s][debug][safepoint   ] Safepoint synchronization initiated using futex wait barrier. (179 threads)
[2025-06-05T17:41:07.717+0000][3813.969s][info ][safepoint   ] Safepoint "Cleanup", Time since last: 6011442920 ns, Reaching safepoint: 1552041 ns, Cleanup: 90542 ns, At safepoint: 14500 ns, Total: 1657083 ns
[2025-06-05T17:41:15.739+0000][3821.989s][debug][safepoint   ] Safepoint synchronization initiated using futex wait barrier. (179 threads)
[2025-06-05T17:41:15.741+0000][3821.990s][info ][safepoint   ] Safepoint "Cleanup", Time since last: 8019698878 ns, Reaching safepoint: 1571375 ns, Cleanup: 308125 ns, At safepoint: 22708 ns, Total: 1902208 ns
[2025-06-05T17:41:29.763+0000][3836.013s][debug][safepoint   ] Safepoint synchronization initiated using futex wait barrier. (179 threads)
[2025-06-05T17:41:29.764+0000][3836.014s][info ][safepoint   ] Safepoint "Cleanup", Time since last: 14022250257 ns, Reaching safepoint: 1555750 ns, Cleanup: 159667 ns, At safepoint: 11542 ns, Total: 1726959 ns
[2025-06-05T17:41:34.773+0000][3841.023s][debug][safepoint   ] Safepoint synchronization initiated using futex wait barrier. (179 threads)
[2025-06-05T17:41:34.775+0000][3841.025s][info ][safepoint   ] Safepoint "Cleanup", Time since last: 5008469919 ns, Reaching safepoint: 1897083 ns, Cleanup: 146500 ns, At safepoint: 9208 ns, Total: 2052791 ns
[2025-06-05T17:41:43.685+0000][3849.943s][debug][safepoint   ] Safepoint synchronization initiated using futex wait barrier. (179 threads)
[2025-06-05T17:41:43.686+0000][3849.944s][info ][safepoint   ] Safepoint "Cleanup", Time since last: 8918103796 ns, Reaching safepoint: 808791 ns, Cleanup: 89959 ns, At safepoint: 7666 ns, Total: 906416 ns
[2025-06-05T17:41:49.626+0000][3855.884s][debug][safepoint   ] Safepoint synchronization initiated using futex wait barrier. (179 threads)
[2025-06-05T17:41:49.627+0000][3855.886s][info ][safepoint   ] Safepoint "Cleanup", Time since last: 5940516712 ns, Reaching safepoint: 1100041 ns, Cleanup: 105209 ns, At safepoint: 10166 ns, Total: 1215416 ns
[2025-06-05T17:41:57.643+0000][3863.902s][debug][safepoint   ] Safepoint synchronization initiated using futex wait barrier. (179 threads)
[2025-06-05T17:41:57.648+0000][3863.906s][info ][safepoint   ] Safepoint "Cleanup", Time since last: 8015973712 ns, Reaching safepoint: 4010584 ns, Cleanup: 122166 ns, At safepoint: 29792 ns, Total: 4162542 ns
[2025-06-05T17:41:59.651+0000][3865.909s][debug][safepoint   ] Safepoint synchronization initiated using futex wait barrier. (179 threads)
[2025-06-05T17:41:59.654+0000][3865.913s][info ][safepoint   ] Safepoint "Cleanup", Time since last: 2003310918 ns, Reaching safepoint: 3092875 ns, Cleanup: 402166 ns, At safepoint: 26709 ns, Total: 3521750 ns
[2025-06-05T17:42:01.657+0000][3867.916s][debug][safepoint   ] Safepoint synchronization initiated using futex wait barrier. (179 threads)
[2025-06-05T17:42:01.660+0000][3867.918s][info ][safepoint   ] Safepoint "Cleanup", Time since last: 2003114792 ns, Reaching safepoint: 2381292 ns, Cleanup: 176667 ns, At safepoint: 9583 ns, Total: 2567542 ns
[2025-06-05T17:42:02.661+0000][3868.920s][debug][safepoint   ] Safepoint synchronization initiated using futex wait barrier. (178 threads)
[2025-06-05T17:42:02.662+0000][3868.920s][info ][safepoint   ] Safepoint "Cleanup", Time since last: 1001186292 ns, Reaching safepoint: 473209 ns, Cleanup: 20125 ns, At safepoint: 4166 ns, Total: 497500 ns
[2025-06-05T17:42:11.218+0000][3877.468s][debug][safepoint   ] Safepoint synchronization initiated using futex wait barrier. (178 threads)
[2025-06-05T17:42:11.219+0000][3877.469s][info ][gc,start    ] GC(93) Pause Young (Normal) (G1 Evacuation Pause)
[2025-06-05T17:42:11.220+0000][3877.469s][info ][gc,task     ] GC(93) Using 2 workers of 2 for evacuation
[2025-06-05T17:42:11.301+0000][3877.550s][info ][gc,phases   ] GC(93)   Pre Evacuate Collection Set: 11.7ms
[2025-06-05T17:42:11.301+0000][3877.551s][info ][gc,phases   ] GC(93)   Merge Heap Roots: 0.9ms
[2025-06-05T17:42:11.301+0000][3877.551s][info ][gc,phases   ] GC(93)   Evacuate Collection Set: 49.2ms
[2025-06-05T17:42:11.301+0000][3877.551s][info ][gc,phases   ] GC(93)   Post Evacuate Collection Set: 18.1ms
[2025-06-05T17:42:11.301+0000][3877.551s][info ][gc,phases   ] GC(93)   Other: 1.6ms
[2025-06-05T17:42:11.301+0000][3877.551s][info ][gc,heap     ] GC(93) Eden regions: 244->0(244)
[2025-06-05T17:42:11.301+0000][3877.551s][info ][gc,heap     ] GC(93) Survivor regions: 2->2(31)
[2025-06-05T17:42:11.301+0000][3877.551s][info ][gc,heap     ] GC(93) Old regions: 188->188
[2025-06-05T17:42:11.301+0000][3877.551s][info ][gc,heap     ] GC(93) Archive regions: 2->2
[2025-06-05T17:42:11.301+0000][3877.551s][info ][gc,heap     ] GC(93) Humongous regions: 0->0
[2025-06-05T17:42:11.301+0000][3877.551s][info ][gc,metaspace] GC(93) Metaspace: 184850K(186368K)->184850K(186368K) NonClass: 162600K(163392K)->162600K(163392K) Class: 22250K(22976K)->22250K(22976K)
[2025-06-05T17:42:11.301+0000][3877.551s][info ][gc          ] GC(93) Pause Young (Normal) (G1 Evacuation Pause) 434M->190M(487M) 81.887ms
[2025-06-05T17:42:11.301+0000][3877.551s][info ][gc,cpu      ] GC(93) User=0.15s Sys=0.00s Real=0.08s
[2025-06-05T17:42:11.305+0000][3877.555s][info ][safepoint   ] Safepoint "G1CollectForAllocation", Time since last: 8547490962 ns, Reaching safepoint: 747625 ns, Cleanup: 68375 ns, At safepoint: 86660834 ns, Total: 87476834 ns
[2025-06-05T17:42:12.306+0000][3878.556s][debug][safepoint   ] Safepoint synchronization initiated using futex wait barrier. (178 threads)
[2025-06-05T17:42:12.307+0000][3878.557s][debug][safepoint   ] ... found polling page loop exception at pc = 0x0000ffff89946cf4, stub =0x0000ffff8897ef00
[2025-06-05T17:42:12.308+0000][3878.557s][info ][safepoint   ] Safepoint "Cleanup", Time since last: 1000700917 ns, Reaching safepoint: 1644791 ns, Cleanup: 163584 ns, At safepoint: 15125 ns, Total: 1823500 ns
[2025-06-05T17:42:25.326+0000][3891.576s][debug][safepoint   ] Safepoint synchronization initiated using futex wait barrier. (178 threads)
[2025-06-05T17:42:25.330+0000][3891.579s][info ][safepoint   ] Safepoint "Cleanup", Time since last: 13018456423 ns, Reaching safepoint: 3302875 ns, Cleanup: 167708 ns, At safepoint: 10000 ns, Total: 3480583 ns
[2025-06-05T17:42:27.334+0000][3893.584s][debug][safepoint   ] Safepoint synchronization initiated using futex wait barrier. (178 threads)
[2025-06-05T17:42:27.335+0000][3893.585s][info ][safepoint   ] Safepoint "Cleanup", Time since last: 2004161001 ns, Reaching safepoint: 1195208 ns, Cleanup: 356084 ns, At safepoint: 28625 ns, Total: 1579917 ns
[2025-06-05T17:42:40.369+0000][3906.630s][debug][safepoint   ] Safepoint synchronization initiated using futex wait barrier. (178 threads)
[2025-06-05T17:42:40.399+0000][3906.660s][info ][safepoint   ] Safepoint "Cleanup", Time since last: 13044931964 ns, Reaching safepoint: 29568917 ns, Cleanup: 246250 ns, At safepoint: 30791 ns, Total: 29845958 ns
[2025-06-05T17:42:41.407+0000][3907.668s][debug][safepoint   ] Safepoint synchronization initiated using futex wait barrier. (178 threads)
[2025-06-05T17:42:41.409+0000][3907.670s][info ][safepoint   ] Safepoint "Cleanup", Time since last: 1007942792 ns, Reaching safepoint: 1714792 ns, Cleanup: 428042 ns, At safepoint: 62000 ns, Total: 2204834 ns
[2025-06-05T17:42:43.804+0000][3910.065s][debug][safepoint   ] Safepoint synchronization initiated using futex wait barrier. (178 threads)
[2025-06-05T17:42:43.805+0000][3910.066s][info ][safepoint   ] Safepoint "Cleanup", Time since last: 2395132626 ns, Reaching safepoint: 440750 ns, Cleanup: 38208 ns, At safepoint: 3334 ns, Total: 482292 ns
[2025-06-05T17:42:45.810+0000][3912.071s][debug][safepoint   ] Safepoint synchronization initiated using futex wait barrier. (178 threads)
[2025-06-05T17:42:45.814+0000][3912.075s][info ][safepoint   ] Safepoint "Cleanup", Time since last: 2004836000 ns, Reaching safepoint: 4311959 ns, Cleanup: 302791 ns, At safepoint: 57250 ns, Total: 4672000 ns
[2025-06-05T17:42:56.869+0000][3923.130s][debug][safepoint   ] Safepoint synchronization initiated using futex wait barrier. (177 threads)
[2025-06-05T17:42:56.906+0000][3923.167s][info ][safepoint   ] Safepoint "Cleanup", Time since last: 11054426672 ns, Reaching safepoint: 33867459 ns, Cleanup: 330083 ns, At safepoint: 2825250 ns, Total: 37022792 ns
[2025-06-05T17:42:57.908+0000][3924.169s][debug][safepoint   ] Safepoint synchronization initiated using futex wait barrier. (177 threads)
[2025-06-05T17:42:57.912+0000][3924.173s][info ][safepoint   ] Safepoint "Cleanup", Time since last: 1001976751 ns, Reaching safepoint: 4092500 ns, Cleanup: 96416 ns, At safepoint: 26542 ns, Total: 4215458 ns
[2025-06-05T17:42:58.913+0000][3925.174s][debug][safepoint   ] Safepoint synchronization initiated using futex wait barrier. (177 threads)
[2025-06-05T17:42:58.929+0000][3925.190s][info ][safepoint   ] Safepoint "Cleanup", Time since last: 1001236292 ns, Reaching safepoint: 15366125 ns, Cleanup: 56833 ns, At safepoint: 33459 ns, Total: 15456417 ns
[2025-06-05T17:42:59.966+0000][3926.227s][debug][safepoint   ] Safepoint synchronization initiated using futex wait barrier. (178 threads)
[2025-06-05T17:42:59.969+0000][3926.230s][debug][safepoint   ] ... found polling page loop exception at pc = 0x0000ffff89043b7c, stub =0x0000ffff8897ef00
[2025-06-05T17:42:59.969+0000][3926.230s][debug][safepoint   ] ... found polling page loop exception at pc = 0x0000ffff891939d8, stub =0x0000ffff8897ef00
[2025-06-05T17:42:59.971+0000][3926.232s][info ][safepoint   ] Safepoint "Cleanup", Time since last: 1037043375 ns, Reaching safepoint: 4897584 ns, Cleanup: 187291 ns, At safepoint: 45292 ns, Total: 5130167 ns
[2025-06-05T17:43:00.972+0000][3927.233s][debug][safepoint   ] Safepoint synchronization initiated using futex wait barrier. (178 threads)
[2025-06-05T17:43:00.975+0000][3927.236s][info ][safepoint   ] Safepoint "Cleanup", Time since last: 1001045792 ns, Reaching safepoint: 2746708 ns, Cleanup: 135500 ns, At safepoint: 29209 ns, Total: 2911417 ns
[2025-06-05T17:43:01.976+0000][3928.237s][debug][safepoint   ] Safepoint synchronization initiated using futex wait barrier. (178 threads)
[2025-06-05T17:43:01.979+0000][3928.240s][info ][safepoint   ] Safepoint "Cleanup", Time since last: 1000872042 ns, Reaching safepoint: 2936500 ns, Cleanup: 100625 ns, At safepoint: 101708 ns, Total: 3138833 ns
[2025-06-05T17:43:03.982+0000][3930.242s][debug][safepoint   ] Safepoint synchronization initiated using futex wait barrier. (178 threads)
[2025-06-05T17:43:03.983+0000][3930.243s][info ][safepoint   ] Safepoint "Cleanup", Time since last: 2002765918 ns, Reaching safepoint: 851708 ns, Cleanup: 81792 ns, At safepoint: 14041 ns, Total: 947541 ns
[2025-06-05T17:43:04.985+0000][3931.246s][debug][safepoint   ] Safepoint synchronization initiated using futex wait barrier. (178 threads)
[2025-06-05T17:43:04.986+0000][3931.247s][info ][safepoint   ] Safepoint "Cleanup", Time since last: 1002430459 ns, Reaching safepoint: 959917 ns, Cleanup: 50708 ns, At safepoint: 7042 ns, Total: 1017667 ns
[2025-06-05T17:43:05.987+0000][3932.248s][debug][safepoint   ] Safepoint synchronization initiated using futex wait barrier. (178 threads)
[2025-06-05T17:43:05.989+0000][3932.249s][info ][safepoint   ] Safepoint "Cleanup", Time since last: 1000854375 ns, Reaching safepoint: 1647417 ns, Cleanup: 116667 ns, At safepoint: 10041 ns, Total: 1774125 ns
[2025-06-05T17:43:06.992+0000][3933.253s][debug][safepoint   ] Safepoint synchronization initiated using futex wait barrier. (178 threads)
[2025-06-05T17:43:06.993+0000][3933.254s][info ][safepoint   ] Safepoint "Cleanup", Time since last: 1003254709 ns, Reaching safepoint: 651709 ns, Cleanup: 110375 ns, At safepoint: 15291 ns, Total: 777375 ns
[2025-06-05T17:43:09.005+0000][3935.256s][debug][safepoint   ] Safepoint synchronization initiated using futex wait barrier. (178 threads)
[2025-06-05T17:43:09.006+0000][3935.257s][info ][safepoint   ] Safepoint "Cleanup", Time since last: 2002498667 ns, Reaching safepoint: 749417 ns, Cleanup: 71708 ns, At safepoint: 14334 ns, Total: 835459 ns
[2025-06-05T17:43:10.007+0000][3936.258s][debug][safepoint   ] Safepoint synchronization initiated using futex wait barrier. (178 threads)
[2025-06-05T17:43:10.034+0000][3936.285s][info ][safepoint   ] Safepoint "Cleanup", Time since last: 1001539583 ns, Reaching safepoint: 24638334 ns, Cleanup: 1493958 ns, At safepoint: 395125 ns, Total: 26527417 ns
[2025-06-05T17:43:12.038+0000][3938.289s][debug][safepoint   ] Safepoint synchronization initiated using futex wait barrier. (178 threads)
[2025-06-05T17:43:12.039+0000][3938.290s][info ][safepoint   ] Safepoint "Cleanup", Time since last: 2004306334 ns, Reaching safepoint: 994667 ns, Cleanup: 85583 ns, At safepoint: 4834 ns, Total: 1085084 ns
[2025-06-05T17:43:14.042+0000][3940.293s][debug][safepoint   ] Safepoint synchronization initiated using futex wait barrier. (178 threads)
[2025-06-05T17:43:14.042+0000][3940.293s][info ][safepoint   ] Safepoint "Cleanup", Time since last: 2002327959 ns, Reaching safepoint: 534375 ns, Cleanup: 43875 ns, At safepoint: 4542 ns, Total: 582792 ns
[2025-06-05T17:43:15.043+0000][3941.294s][debug][safepoint   ] Safepoint synchronization initiated using futex wait barrier. (178 threads)
[2025-06-05T17:43:15.043+0000][3941.294s][info ][safepoint   ] Safepoint "Cleanup", Time since last: 1000296417 ns, Reaching safepoint: 723291 ns, Cleanup: 65459 ns, At safepoint: 7541 ns, Total: 796291 ns
[2025-06-05T17:43:15.177+0000][3941.428s][debug][safepoint   ] Safepoint synchronization initiated using futex wait barrier. (178 threads)
[2025-06-05T17:43:15.185+0000][3941.436s][info ][gc,start    ] GC(94) Pause Young (Normal) (G1 Evacuation Pause)
[2025-06-05T17:43:15.187+0000][3941.438s][info ][gc,task     ] GC(94) Using 2 workers of 2 for evacuation
[2025-06-05T17:43:15.311+0000][3941.562s][info ][gc,phases   ] GC(94)   Pre Evacuate Collection Set: 5.1ms
[2025-06-05T17:43:15.312+0000][3941.563s][info ][gc,phases   ] GC(94)   Merge Heap Roots: 1.5ms
[2025-06-05T17:43:15.312+0000][3941.563s][info ][gc,phases   ] GC(94)   Evacuate Collection Set: 80.6ms
[2025-06-05T17:43:15.312+0000][3941.563s][info ][gc,phases   ] GC(94)   Post Evacuate Collection Set: 36.3ms
[2025-06-05T17:43:15.312+0000][3941.563s][info ][gc,phases   ] GC(94)   Other: 3.2ms
[2025-06-05T17:43:15.312+0000][3941.563s][info ][gc,heap     ] GC(94) Eden regions: 244->0(244)
[2025-06-05T17:43:15.312+0000][3941.563s][info ][gc,heap     ] GC(94) Survivor regions: 2->2(31)
[2025-06-05T17:43:15.312+0000][3941.563s][info ][gc,heap     ] GC(94) Old regions: 188->188
[2025-06-05T17:43:15.312+0000][3941.563s][info ][gc,heap     ] GC(94) Archive regions: 2->2
[2025-06-05T17:43:15.312+0000][3941.563s][info ][gc,heap     ] GC(94) Humongous regions: 20->0
[2025-06-05T17:43:15.312+0000][3941.563s][info ][gc,metaspace] GC(94) Metaspace: 184986K(186496K)->184986K(186496K) NonClass: 162736K(163520K)->162736K(163520K) Class: 22250K(22976K)->22250K(22976K)
[2025-06-05T17:43:15.312+0000][3941.563s][info ][gc          ] GC(94) Pause Young (Normal) (G1 Evacuation Pause) 454M->190M(487M) 126.898ms
[2025-06-05T17:43:15.312+0000][3941.563s][info ][gc,cpu      ] GC(94) User=0.24s Sys=0.00s Real=0.13s
[2025-06-05T17:43:15.312+0000][3941.563s][info ][safepoint   ] Safepoint "G1CollectForAllocation", Time since last: 133561625 ns, Reaching safepoint: 5677292 ns, Cleanup: 17667 ns, At safepoint: 129675875 ns, Total: 135370834 ns
[2025-06-05T17:43:19.321+0000][3945.572s][debug][safepoint   ] Safepoint synchronization initiated using futex wait barrier. (181 threads)
[2025-06-05T17:43:19.323+0000][3945.574s][info ][safepoint   ] Safepoint "Cleanup", Time since last: 4008950585 ns, Reaching safepoint: 1426833 ns, Cleanup: 236292 ns, At safepoint: 14792 ns, Total: 1677917 ns
[2025-06-05T17:43:20.326+0000][3946.577s][debug][safepoint   ] Safepoint synchronization initiated using futex wait barrier. (181 threads)
[2025-06-05T17:43:20.327+0000][3946.578s][info ][safepoint   ] Safepoint "Cleanup", Time since last: 1002774292 ns, Reaching safepoint: 961417 ns, Cleanup: 108000 ns, At safepoint: 22333 ns, Total: 1091750 ns
[2025-06-05T17:43:21.328+0000][3947.579s][debug][safepoint   ] Safepoint synchronization initiated using futex wait barrier. (181 threads)
[2025-06-05T17:43:21.329+0000][3947.580s][info ][safepoint   ] Safepoint "Cleanup", Time since last: 1000844584 ns, Reaching safepoint: 844791 ns, Cleanup: 155375 ns, At safepoint: 17959 ns, Total: 1018125 ns
[2025-06-05T17:43:22.332+0000][3948.583s][debug][safepoint   ] Safepoint synchronization initiated using futex wait barrier. (181 threads)
[2025-06-05T17:43:22.334+0000][3948.585s][info ][safepoint   ] Safepoint "Cleanup", Time since last: 1003564584 ns, Reaching safepoint: 1315166 ns, Cleanup: 154875 ns, At safepoint: 12334 ns, Total: 1482375 ns
[2025-06-05T17:43:23.336+0000][3949.587s][debug][safepoint   ] Safepoint synchronization initiated using futex wait barrier. (181 threads)
[2025-06-05T17:43:23.337+0000][3949.588s][info ][safepoint   ] Safepoint "Cleanup", Time since last: 1001972667 ns, Reaching safepoint: 1270958 ns, Cleanup: 86542 ns, At safepoint: 6166 ns, Total: 1363666 ns
[2025-06-05T17:43:24.339+0000][3950.590s][debug][safepoint   ] Safepoint synchronization initiated using futex wait barrier. (181 threads)
[2025-06-05T17:43:24.340+0000][3950.591s][info ][safepoint   ] Safepoint "Cleanup", Time since last: 1002184126 ns, Reaching safepoint: 332417 ns, Cleanup: 46625 ns, At safepoint: 4583 ns, Total: 383625 ns
[2025-06-05T17:43:26.341+0000][3952.592s][debug][safepoint   ] Safepoint synchronization initiated using futex wait barrier. (181 threads)
[2025-06-05T17:43:26.343+0000][3952.594s][info ][safepoint   ] Safepoint "Cleanup", Time since last: 2001893001 ns, Reaching safepoint: 1412666 ns, Cleanup: 64542 ns, At safepoint: 53625 ns, Total: 1530833 ns
[2025-06-05T17:43:27.345+0000][3953.596s][debug][safepoint   ] Safepoint synchronization initiated using futex wait barrier. (181 threads)
[2025-06-05T17:43:27.347+0000][3953.598s][info ][safepoint   ] Safepoint "Cleanup", Time since last: 1001870251 ns, Reaching safepoint: 1629166 ns, Cleanup: 131709 ns, At safepoint: 35041 ns, Total: 1795916 ns
[2025-06-05T17:43:32.354+0000][3958.605s][debug][safepoint   ] Safepoint synchronization initiated using futex wait barrier. (181 threads)
[2025-06-05T17:43:32.362+0000][3958.613s][info ][safepoint   ] Safepoint "Cleanup", Time since last: 5007186086 ns, Reaching safepoint: 7907917 ns, Cleanup: 473500 ns, At safepoint: 13166 ns, Total: 8394583 ns
[2025-06-05T17:43:49.901+0000][3976.148s][debug][safepoint   ] Safepoint synchronization initiated using futex wait barrier. (181 threads)
[2025-06-05T17:43:49.904+0000][3976.150s][info ][safepoint   ] Safepoint "Cleanup", Time since last: 17534952800 ns, Reaching safepoint: 1692083 ns, Cleanup: 463083 ns, At safepoint: 33334 ns, Total: 2188500 ns
[2025-06-05T17:43:51.906+0000][3978.153s][debug][safepoint   ] Safepoint synchronization initiated using futex wait barrier. (181 threads)
[2025-06-05T17:43:51.908+0000][3978.155s][info ][safepoint   ] Safepoint "Cleanup", Time since last: 2002685584 ns, Reaching safepoint: 1867625 ns, Cleanup: 118583 ns, At safepoint: 14334 ns, Total: 2000542 ns
[2025-06-05T17:43:54.912+0000][3981.159s][debug][safepoint   ] Safepoint synchronization initiated using futex wait barrier. (180 threads)
[2025-06-05T17:43:54.913+0000][3981.160s][info ][safepoint   ] Safepoint "Cleanup", Time since last: 3003785876 ns, Reaching safepoint: 1260750 ns, Cleanup: 44500 ns, At safepoint: 8667 ns, Total: 1313917 ns
[2025-06-05T17:43:55.915+0000][3982.162s][debug][safepoint   ] Safepoint synchronization initiated using futex wait barrier. (180 threads)
[2025-06-05T17:43:55.916+0000][3982.163s][info ][safepoint   ] Safepoint "Cleanup", Time since last: 1001756792 ns, Reaching safepoint: 666583 ns, Cleanup: 75584 ns, At safepoint: 19166 ns, Total: 761333 ns
[2025-06-05T17:44:08.495+0000][3994.742s][debug][safepoint   ] Safepoint synchronization initiated using futex wait barrier. (180 threads)
[2025-06-05T17:44:08.899+0000][3995.231s][info ][safepoint   ] Safepoint "Cleanup", Time since last: 12485840173 ns, Reaching safepoint: 468354416 ns, Cleanup: 4212542 ns, At safepoint: 108685541 ns, Total: 581252499 ns
[2025-06-05T17:44:11.919+0000][3998.252s][debug][safepoint   ] Safepoint synchronization initiated using futex wait barrier. (180 threads)
[2025-06-05T17:44:11.920+0000][3998.253s][debug][safepoint   ] ... found polling page loop exception at pc = 0x0000ffff89d6ea00, stub =0x0000ffff8897ef00
[2025-06-05T17:44:11.921+0000][3998.253s][info ][safepoint   ] Safepoint "Cleanup", Time since last: 3021840835 ns, Reaching safepoint: 1826125 ns, Cleanup: 33042 ns, At safepoint: 13000 ns, Total: 1872167 ns
[2025-06-05T17:44:21.933+0000][4008.266s][debug][safepoint   ] Safepoint synchronization initiated using futex wait barrier. (177 threads)
[2025-06-05T17:44:21.939+0000][4008.271s][info ][safepoint   ] Safepoint "Cleanup", Time since last: 10012194921 ns, Reaching safepoint: 4982125 ns, Cleanup: 173292 ns, At safepoint: 18583 ns, Total: 5174000 ns
[2025-06-05T17:44:22.940+0000][4009.273s][debug][safepoint   ] Safepoint synchronization initiated using futex wait barrier. (177 threads)
[2025-06-05T17:44:22.941+0000][4009.273s][info ][safepoint   ] Safepoint "Cleanup", Time since last: 1001698709 ns, Reaching safepoint: 321917 ns, Cleanup: 26333 ns, At safepoint: 4833 ns, Total: 353083 ns
[2025-06-05T17:44:29.950+0000][4016.283s][debug][safepoint   ] Safepoint synchronization initiated using futex wait barrier. (177 threads)
[2025-06-05T17:44:29.952+0000][4016.285s][info ][safepoint   ] Safepoint "Cleanup", Time since last: 7009631295 ns, Reaching safepoint: 2039209 ns, Cleanup: 115833 ns, At safepoint: 12167 ns, Total: 2167209 ns
[2025-06-05T17:44:33.958+0000][4020.290s][debug][safepoint   ] Safepoint synchronization initiated using futex wait barrier. (177 threads)
[2025-06-05T17:44:33.961+0000][4020.293s][info ][safepoint   ] Safepoint "Cleanup", Time since last: 4005645085 ns, Reaching safepoint: 2970625 ns, Cleanup: 86125 ns, At safepoint: 21167 ns, Total: 3077917 ns
[2025-06-05T17:44:47.072+0000][4033.319s][debug][safepoint   ] Safepoint synchronization initiated using futex wait barrier. (177 threads)
[2025-06-05T17:44:47.106+0000][4033.352s][info ][safepoint   ] Safepoint "Cleanup", Time since last: 13023219422 ns, Reaching safepoint: 33904791 ns, Cleanup: 1506334 ns, At safepoint: 80500 ns, Total: 35491625 ns
[2025-06-05T17:44:59.198+0000][4045.445s][debug][safepoint   ] Safepoint synchronization initiated using futex wait barrier. (177 threads)
[2025-06-05T17:44:59.201+0000][4045.448s][info ][safepoint   ] Safepoint "Cleanup", Time since last: 12092582256 ns, Reaching safepoint: 2947875 ns, Cleanup: 97041 ns, At safepoint: 21042 ns, Total: 3065958 ns
[2025-06-05T17:45:00.202+0000][4046.449s][debug][safepoint   ] Safepoint synchronization initiated using futex wait barrier. (177 threads)
[2025-06-05T17:45:00.203+0000][4046.450s][info ][safepoint   ] Safepoint "Cleanup", Time since last: 1000786584 ns, Reaching safepoint: 968083 ns, Cleanup: 136542 ns, At safepoint: 12458 ns, Total: 1117083 ns
[2025-06-05T17:45:06.080+0000][4052.326s][debug][safepoint   ] Safepoint synchronization initiated using futex wait barrier. (177 threads)
[2025-06-05T17:45:06.082+0000][4052.328s][info ][gc,start    ] GC(95) Pause Young (Normal) (G1 Evacuation Pause)
[2025-06-05T17:45:06.083+0000][4052.329s][info ][gc,task     ] GC(95) Using 2 workers of 2 for evacuation
[2025-06-05T17:45:06.278+0000][4052.525s][info ][gc,phases   ] GC(95)   Pre Evacuate Collection Set: 11.6ms
[2025-06-05T17:45:06.279+0000][4052.525s][info ][gc,phases   ] GC(95)   Merge Heap Roots: 1.9ms
[2025-06-05T17:45:06.279+0000][4052.525s][info ][gc,phases   ] GC(95)   Evacuate Collection Set: 149.7ms
[2025-06-05T17:45:06.279+0000][4052.525s][info ][gc,phases   ] GC(95)   Post Evacuate Collection Set: 29.9ms
[2025-06-05T17:45:06.279+0000][4052.525s][info ][gc,phases   ] GC(95)   Other: 3.7ms
[2025-06-05T17:45:06.279+0000][4052.525s][info ][gc,heap     ] GC(95) Eden regions: 244->0(242)
[2025-06-05T17:45:06.279+0000][4052.525s][info ][gc,heap     ] GC(95) Survivor regions: 2->3(31)
[2025-06-05T17:45:06.279+0000][4052.526s][info ][gc,heap     ] GC(95) Old regions: 188->188
[2025-06-05T17:45:06.279+0000][4052.526s][info ][gc,heap     ] GC(95) Archive regions: 2->2
[2025-06-05T17:45:06.279+0000][4052.526s][info ][gc,heap     ] GC(95) Humongous regions: 0->0
[2025-06-05T17:45:06.279+0000][4052.526s][info ][gc,metaspace] GC(95) Metaspace: 185298K(186880K)->185298K(186880K) NonClass: 163017K(163840K)->163017K(163840K) Class: 22281K(23040K)->22281K(23040K)
[2025-06-05T17:45:06.279+0000][4052.526s][info ][gc          ] GC(95) Pause Young (Normal) (G1 Evacuation Pause) 434M->190M(487M) 197.588ms
[2025-06-05T17:45:06.279+0000][4052.526s][info ][gc,cpu      ] GC(95) User=0.36s Sys=0.00s Real=0.19s
[2025-06-05T17:45:06.280+0000][4052.526s][info ][safepoint   ] Safepoint "G1CollectForAllocation", Time since last: 5876642045 ns, Reaching safepoint: 1197125 ns, Cleanup: 82833 ns, At safepoint: 198508542 ns, Total: 199788500 ns
[2025-06-05T17:45:17.312+0000][4063.559s][debug][safepoint   ] Safepoint synchronization initiated using futex wait barrier. (177 threads)
[2025-06-05T17:45:17.380+0000][4063.627s][info ][safepoint   ] Safepoint "Cleanup", Time since last: 11032827088 ns, Reaching safepoint: 67400875 ns, Cleanup: 124583 ns, At safepoint: 133458 ns, Total: 67658916 ns
[2025-06-05T17:45:18.382+0000][4064.629s][debug][safepoint   ] Safepoint synchronization initiated using futex wait barrier. (177 threads)
[2025-06-05T17:45:18.383+0000][4064.630s][info ][safepoint   ] Safepoint "Cleanup", Time since last: 1002040167 ns, Reaching safepoint: 898709 ns, Cleanup: 50583 ns, At safepoint: 11292 ns, Total: 960584 ns
[2025-06-05T17:45:42.383+0000][4088.661s][debug][safepoint   ] Safepoint synchronization initiated using futex wait barrier. (177 threads)
[2025-06-05T17:45:42.385+0000][4088.663s][info ][safepoint   ] Safepoint "Cleanup", Time since last: 24031799552 ns, Reaching safepoint: 1832417 ns, Cleanup: 230500 ns, At safepoint: 25708 ns, Total: 2088625 ns
[2025-06-05T17:45:48.128+0000][4094.407s][debug][safepoint   ] Safepoint synchronization initiated using futex wait barrier. (177 threads)
[2025-06-05T17:45:48.139+0000][4094.418s][info ][safepoint   ] Safepoint "Cleanup", Time since last: 5743138045 ns, Reaching safepoint: 9192041 ns, Cleanup: 225584 ns, At safepoint: 2005291 ns, Total: 11422916 ns
[2025-06-05T17:45:55.252+0000][4101.531s][debug][safepoint   ] Safepoint synchronization initiated using futex wait barrier. (177 threads)
[2025-06-05T17:45:55.253+0000][4101.532s][info ][safepoint   ] Safepoint "Cleanup", Time since last: 7112651337 ns, Reaching safepoint: 1049750 ns, Cleanup: 54958 ns, At safepoint: 10542 ns, Total: 1115250 ns
[2025-06-05T17:46:07.307+0000][4113.586s][debug][safepoint   ] Safepoint synchronization initiated using futex wait barrier. (177 threads)
[2025-06-05T17:46:07.308+0000][4113.587s][info ][safepoint   ] Safepoint "Cleanup", Time since last: 12053955714 ns, Reaching safepoint: 766542 ns, Cleanup: 66625 ns, At safepoint: 15083 ns, Total: 848250 ns
[2025-06-05T17:46:09.304+0000][4115.589s][debug][safepoint   ] Safepoint synchronization initiated using futex wait barrier. (177 threads)
[2025-06-05T17:46:09.305+0000][4115.590s][info ][safepoint   ] Safepoint "Cleanup", Time since last: 2002124167 ns, Reaching safepoint: 1105250 ns, Cleanup: 68167 ns, At safepoint: 13708 ns, Total: 1187125 ns
[2025-06-05T17:46:36.376+0000][4142.661s][debug][safepoint   ] Safepoint synchronization initiated using futex wait barrier. (177 threads)
[2025-06-05T17:46:36.376+0000][4142.662s][info ][safepoint   ] Safepoint "Cleanup", Time since last: 27070838013 ns, Reaching safepoint: 785167 ns, Cleanup: 57292 ns, At safepoint: 7000 ns, Total: 849459 ns
[2025-06-05T17:46:37.378+0000][4143.663s][debug][safepoint   ] Safepoint synchronization initiated using futex wait barrier. (177 threads)
[2025-06-05T17:46:37.383+0000][4143.669s][info ][safepoint   ] Safepoint "Cleanup", Time since last: 1001680833 ns, Reaching safepoint: 5134042 ns, Cleanup: 85958 ns, At safepoint: 29042 ns, Total: 5249042 ns
[2025-06-05T17:46:39.385+0000][4145.672s][debug][safepoint   ] Safepoint synchronization initiated using futex wait barrier. (177 threads)
[2025-06-05T17:46:39.389+0000][4145.677s][info ][safepoint   ] Safepoint "Cleanup", Time since last: 2003833833 ns, Reaching safepoint: 1761500 ns, Cleanup: 2634167 ns, At safepoint: 45292 ns, Total: 4440959 ns
[2025-06-05T17:46:51.280+0000][4157.567s][debug][safepoint   ] Safepoint synchronization initiated using futex wait barrier. (177 threads)
[2025-06-05T17:46:51.287+0000][4157.574s][info ][safepoint   ] Safepoint "Cleanup", Time since last: 11890429714 ns, Reaching safepoint: 7126291 ns, Cleanup: 83375 ns, At safepoint: 14250 ns, Total: 7223916 ns
[2025-06-05T17:46:52.288+0000][4158.576s][debug][safepoint   ] Safepoint synchronization initiated using futex wait barrier. (181 threads)
[2025-06-05T17:46:52.289+0000][4158.576s][info ][safepoint   ] Safepoint "Cleanup", Time since last: 1001072209 ns, Reaching safepoint: 837542 ns, Cleanup: 88667 ns, At safepoint: 20791 ns, Total: 947000 ns
[2025-06-05T17:46:57.162+0000][4163.450s][debug][safepoint   ] Safepoint synchronization initiated using futex wait barrier. (182 threads)
[2025-06-05T17:46:57.167+0000][4163.454s][info ][gc,start    ] GC(96) Pause Young (Normal) (G1 Evacuation Pause)
[2025-06-05T17:46:57.167+0000][4163.455s][info ][gc,task     ] GC(96) Using 2 workers of 2 for evacuation
[2025-06-05T17:46:57.266+0000][4163.553s][info ][gc,phases   ] GC(96)   Pre Evacuate Collection Set: 9.0ms
[2025-06-05T17:46:57.266+0000][4163.554s][info ][gc,phases   ] GC(96)   Merge Heap Roots: 1.1ms
[2025-06-05T17:46:57.266+0000][4163.554s][info ][gc,phases   ] GC(96)   Evacuate Collection Set: 70.0ms
[2025-06-05T17:46:57.266+0000][4163.554s][info ][gc,phases   ] GC(96)   Post Evacuate Collection Set: 16.2ms
[2025-06-05T17:46:57.266+0000][4163.554s][info ][gc,phases   ] GC(96)   Other: 3.5ms
[2025-06-05T17:46:57.266+0000][4163.554s][info ][gc,heap     ] GC(96) Eden regions: 242->0(242)
[2025-06-05T17:46:57.266+0000][4163.554s][info ][gc,heap     ] GC(96) Survivor regions: 3->3(31)
[2025-06-05T17:46:57.266+0000][4163.554s][info ][gc,heap     ] GC(96) Old regions: 188->188
[2025-06-05T17:46:57.266+0000][4163.554s][info ][gc,heap     ] GC(96) Archive regions: 2->2
[2025-06-05T17:46:57.266+0000][4163.554s][info ][gc,heap     ] GC(96) Humongous regions: 0->0
[2025-06-05T17:46:57.267+0000][4163.554s][info ][gc,metaspace] GC(96) Metaspace: 185384K(187008K)->185384K(187008K) NonClass: 163097K(163904K)->163097K(163904K) Class: 22286K(23104K)->22286K(23104K)
[2025-06-05T17:46:57.267+0000][4163.554s][info ][gc          ] GC(96) Pause Young (Normal) (G1 Evacuation Pause) 432M->191M(487M) 99.965ms
[2025-06-05T17:46:57.267+0000][4163.554s][info ][gc,cpu      ] GC(96) User=0.19s Sys=0.00s Real=0.10s
[2025-06-05T17:46:57.267+0000][4163.554s][info ][safepoint   ] Safepoint "G1CollectForAllocation", Time since last: 4872977628 ns, Reaching safepoint: 3036833 ns, Cleanup: 89000 ns, At safepoint: 101854500 ns, Total: 104980333 ns
[2025-06-05T17:46:58.269+0000][4164.556s][debug][safepoint   ] Safepoint synchronization initiated using futex wait barrier. (182 threads)
[2025-06-05T17:46:58.298+0000][4164.586s][info ][safepoint   ] Safepoint "Cleanup", Time since last: 1001325875 ns, Reaching safepoint: 29743125 ns, Cleanup: 192792 ns, At safepoint: 50917 ns, Total: 29986834 ns
[2025-06-05T17:47:04.309+0000][4170.596s][debug][safepoint   ] Safepoint synchronization initiated using futex wait barrier. (182 threads)
[2025-06-05T17:47:04.310+0000][4170.598s][info ][safepoint   ] Safepoint "Cleanup", Time since last: 6010356044 ns, Reaching safepoint: 1541042 ns, Cleanup: 92792 ns, At safepoint: 26708 ns, Total: 1660542 ns
[2025-06-05T17:47:05.311+0000][4171.599s][debug][safepoint   ] Safepoint synchronization initiated using futex wait barrier. (182 threads)
[2025-06-05T17:47:05.312+0000][4171.600s][info ][safepoint   ] Safepoint "Cleanup", Time since last: 1000835750 ns, Reaching safepoint: 912000 ns, Cleanup: 70375 ns, At safepoint: 31792 ns, Total: 1014167 ns
[2025-06-05T17:47:06.313+0000][4172.601s][debug][safepoint   ] Safepoint synchronization initiated using futex wait barrier. (182 threads)
[2025-06-05T17:47:06.314+0000][4172.601s][info ][safepoint   ] Safepoint "Cleanup", Time since last: 1000933834 ns, Reaching safepoint: 439792 ns, Cleanup: 45000 ns, At safepoint: 9541 ns, Total: 494333 ns
[2025-06-05T17:47:21.872+0000][4188.159s][debug][safepoint   ] Safepoint synchronization initiated using futex wait barrier. (182 threads)
[2025-06-05T17:47:21.890+0000][4188.177s][info ][safepoint   ] Safepoint "Cleanup", Time since last: 15557907507 ns, Reaching safepoint: 1446083 ns, Cleanup: 16548917 ns, At safepoint: 241583 ns, Total: 18236583 ns
[2025-06-05T17:47:22.894+0000][4189.180s][debug][safepoint   ] Safepoint synchronization initiated using futex wait barrier. (182 threads)
[2025-06-05T17:47:22.895+0000][4189.182s][info ][safepoint   ] Safepoint "Cleanup", Time since last: 1003268001 ns, Reaching safepoint: 950167 ns, Cleanup: 84875 ns, At safepoint: 25208 ns, Total: 1060250 ns
[2025-06-05T17:47:31.912+0000][4198.199s][debug][safepoint   ] Safepoint synchronization initiated using futex wait barrier. (182 threads)
[2025-06-05T17:47:31.918+0000][4198.204s][info ][safepoint   ] Safepoint "Cleanup", Time since last: 9017318671 ns, Reaching safepoint: 5272125 ns, Cleanup: 240625 ns, At safepoint: 8916 ns, Total: 5521666 ns
[2025-06-05T17:47:33.922+0000][4200.209s][debug][safepoint   ] Safepoint synchronization initiated using futex wait barrier. (182 threads)
[2025-06-05T17:47:33.924+0000][4200.211s][info ][safepoint   ] Safepoint "Cleanup", Time since last: 2004318126 ns, Reaching safepoint: 2230417 ns, Cleanup: 103167 ns, At safepoint: 16750 ns, Total: 2350334 ns
[2025-06-05T17:47:37.931+0000][4204.218s][debug][safepoint   ] Safepoint synchronization initiated using futex wait barrier. (182 threads)
[2025-06-05T17:47:37.935+0000][4204.222s][info ][safepoint   ] Safepoint "Cleanup", Time since last: 4006960460 ns, Reaching safepoint: 3658667 ns, Cleanup: 334583 ns, At safepoint: 66292 ns, Total: 4059542 ns
[2025-06-05T17:47:45.942+0000][4212.230s][debug][safepoint   ] Safepoint synchronization initiated using futex wait barrier. (182 threads)
[2025-06-05T17:47:45.943+0000][4212.231s][info ][safepoint   ] Safepoint "Cleanup", Time since last: 8008321336 ns, Reaching safepoint: 954000 ns, Cleanup: 56208 ns, At safepoint: 7292 ns, Total: 1017500 ns
[2025-06-05T17:47:59.959+0000][4226.247s][debug][safepoint   ] Safepoint synchronization initiated using futex wait barrier. (178 threads)
[2025-06-05T17:47:59.961+0000][4226.249s][info ][safepoint   ] Safepoint "Cleanup", Time since last: 14015966715 ns, Reaching safepoint: 1187583 ns, Cleanup: 59209 ns, At safepoint: 10500 ns, Total: 1257292 ns
[2025-06-05T17:48:04.966+0000][4231.254s][debug][safepoint   ] Safepoint synchronization initiated using futex wait barrier. (178 threads)
[2025-06-05T17:48:04.968+0000][4231.256s][info ][safepoint   ] Safepoint "Cleanup", Time since last: 5005278169 ns, Reaching safepoint: 1773916 ns, Cleanup: 91584 ns, At safepoint: 14833 ns, Total: 1880333 ns
[2025-06-05T17:48:12.976+0000][4239.269s][debug][safepoint   ] Safepoint synchronization initiated using futex wait barrier. (178 threads)
[2025-06-05T17:48:12.978+0000][4239.270s][info ][safepoint   ] Safepoint "Cleanup", Time since last: 8012865628 ns, Reaching safepoint: 1542209 ns, Cleanup: 166208 ns, At safepoint: 11917 ns, Total: 1720334 ns
[2025-06-05T17:48:14.641+0000][4240.933s][debug][safepoint   ] Safepoint synchronization initiated using futex wait barrier. (178 threads)
[2025-06-05T17:48:14.643+0000][4240.935s][info ][safepoint   ] Safepoint "Cleanup", Time since last: 1662930417 ns, Reaching safepoint: 1100000 ns, Cleanup: 416084 ns, At safepoint: 33166 ns, Total: 1549250 ns
[2025-06-05T17:48:18.393+0000][4244.686s][debug][safepoint   ] Safepoint synchronization initiated using futex wait barrier. (178 threads)
[2025-06-05T17:48:18.394+0000][4244.686s][info ][safepoint   ] Safepoint "Cleanup", Time since last: 3750674002 ns, Reaching safepoint: 817042 ns, Cleanup: 55500 ns, At safepoint: 9458 ns, Total: 882000 ns
[2025-06-05T17:48:19.396+0000][4245.688s][debug][safepoint   ] Safepoint synchronization initiated using futex wait barrier. (178 threads)
[2025-06-05T17:48:19.399+0000][4245.691s][info ][safepoint   ] Safepoint "Cleanup", Time since last: 1001548125 ns, Reaching safepoint: 3411000 ns, Cleanup: 37375 ns, At safepoint: 21334 ns, Total: 3469709 ns
[2025-06-05T17:48:28.413+0000][4254.705s][debug][safepoint   ] Safepoint synchronization initiated using futex wait barrier. (178 threads)
[2025-06-05T17:48:28.416+0000][4254.709s][info ][safepoint   ] Safepoint "Cleanup", Time since last: 9013364962 ns, Reaching safepoint: 3655459 ns, Cleanup: 139416 ns, At safepoint: 21584 ns, Total: 3816459 ns
[2025-06-05T17:48:42.440+0000][4268.731s][debug][safepoint   ] Safepoint synchronization initiated using futex wait barrier. (178 threads)
[2025-06-05T17:48:42.441+0000][4268.733s][info ][safepoint   ] Safepoint "Cleanup", Time since last: 14022637631 ns, Reaching safepoint: 1130208 ns, Cleanup: 152750 ns, At safepoint: 33459 ns, Total: 1316417 ns
[2025-06-05T17:48:55.309+0000][4281.601s][debug][safepoint   ] Safepoint synchronization initiated using futex wait barrier. (177 threads)
[2025-06-05T17:48:55.312+0000][4281.603s][info ][gc,start    ] GC(97) Pause Young (Normal) (G1 Evacuation Pause)
[2025-06-05T17:48:55.312+0000][4281.604s][info ][gc,task     ] GC(97) Using 2 workers of 2 for evacuation
[2025-06-05T17:48:55.399+0000][4281.690s][info ][gc,phases   ] GC(97)   Pre Evacuate Collection Set: 5.0ms
[2025-06-05T17:48:55.399+0000][4281.690s][info ][gc,phases   ] GC(97)   Merge Heap Roots: 1.2ms
[2025-06-05T17:48:55.399+0000][4281.690s][info ][gc,phases   ] GC(97)   Evacuate Collection Set: 61.0ms
[2025-06-05T17:48:55.399+0000][4281.690s][info ][gc,phases   ] GC(97)   Post Evacuate Collection Set: 18.1ms
[2025-06-05T17:48:55.399+0000][4281.690s][info ][gc,phases   ] GC(97)   Other: 2.7ms
[2025-06-05T17:48:55.399+0000][4281.690s][info ][gc,heap     ] GC(97) Eden regions: 242->0(243)
[2025-06-05T17:48:55.399+0000][4281.690s][info ][gc,heap     ] GC(97) Survivor regions: 3->2(31)
[2025-06-05T17:48:55.399+0000][4281.691s][info ][gc,heap     ] GC(97) Old regions: 188->189
[2025-06-05T17:48:55.399+0000][4281.691s][info ][gc,heap     ] GC(97) Archive regions: 2->2
[2025-06-05T17:48:55.399+0000][4281.691s][info ][gc,heap     ] GC(97) Humongous regions: 0->0
[2025-06-05T17:48:55.399+0000][4281.691s][info ][gc,metaspace] GC(97) Metaspace: 185463K(187136K)->185463K(187136K) NonClass: 163177K(164032K)->163177K(164032K) Class: 22286K(23104K)->22286K(23104K)
[2025-06-05T17:48:55.399+0000][4281.691s][info ][gc          ] GC(97) Pause Young (Normal) (G1 Evacuation Pause) 433M->190M(487M) 87.995ms
[2025-06-05T17:48:55.400+0000][4281.691s][info ][gc,cpu      ] GC(97) User=0.18s Sys=0.00s Real=0.09s
[2025-06-05T17:48:55.400+0000][4281.691s][info ][safepoint   ] Safepoint "G1CollectForAllocation", Time since last: 12868080672 ns, Reaching safepoint: 1155542 ns, Cleanup: 60208 ns, At safepoint: 89302375 ns, Total: 90518125 ns
[2025-06-05T17:48:56.401+0000][4282.693s][debug][safepoint   ] Safepoint synchronization initiated using futex wait barrier. (177 threads)
[2025-06-05T17:48:56.402+0000][4282.694s][info ][safepoint   ] Safepoint "Cleanup", Time since last: 1001528792 ns, Reaching safepoint: 867209 ns, Cleanup: 133416 ns, At safepoint: 15459 ns, Total: 1016084 ns
[2025-06-05T17:49:09.483+0000][4295.772s][debug][safepoint   ] Safepoint synchronization initiated using futex wait barrier. (177 threads)
[2025-06-05T17:49:09.484+0000][4295.773s][info ][safepoint   ] Safepoint "Cleanup", Time since last: 13077874839 ns, Reaching safepoint: 886333 ns, Cleanup: 50000 ns, At safepoint: 62584 ns, Total: 998917 ns
[2025-06-05T17:49:11.487+0000][4297.775s][debug][safepoint   ] Safepoint synchronization initiated using futex wait barrier. (177 threads)
[2025-06-05T17:49:11.487+0000][4297.776s][info ][safepoint   ] Safepoint "Cleanup", Time since last: 2002331209 ns, Reaching safepoint: 803042 ns, Cleanup: 59375 ns, At safepoint: 23750 ns, Total: 886167 ns
[2025-06-05T17:49:23.499+0000][4309.788s][debug][safepoint   ] Safepoint synchronization initiated using futex wait barrier. (177 threads)
[2025-06-05T17:49:23.500+0000][4309.789s][info ][safepoint   ] Safepoint "Cleanup", Time since last: 12011841422 ns, Reaching safepoint: 955500 ns, Cleanup: 44333 ns, At safepoint: 9959 ns, Total: 1009792 ns
[2025-06-05T17:49:32.513+0000][4318.802s][debug][safepoint   ] Safepoint synchronization initiated using futex wait barrier. (177 threads)
[2025-06-05T17:49:32.515+0000][4318.804s][info ][safepoint   ] Safepoint "Cleanup", Time since last: 9013160629 ns, Reaching safepoint: 1675833 ns, Cleanup: 100084 ns, At safepoint: 37041 ns, Total: 1812958 ns
[2025-06-05T17:49:37.522+0000][4323.811s][debug][safepoint   ] Safepoint synchronization initiated using futex wait barrier. (177 threads)
[2025-06-05T17:49:37.523+0000][4323.811s][info ][safepoint   ] Safepoint "Cleanup", Time since last: 5006992294 ns, Reaching safepoint: 682625 ns, Cleanup: 37917 ns, At safepoint: 5000 ns, Total: 725542 ns
[2025-06-05T17:49:51.774+0000][4338.061s][debug][safepoint   ] Safepoint synchronization initiated using futex wait barrier. (177 threads)
[2025-06-05T17:49:51.775+0000][4338.062s][info ][safepoint   ] Safepoint "Cleanup", Time since last: 14249203382 ns, Reaching safepoint: 1218583 ns, Cleanup: 75167 ns, At safepoint: 32041 ns, Total: 1325791 ns
[2025-06-05T17:49:53.780+0000][4340.067s][debug][safepoint   ] Safepoint synchronization initiated using futex wait barrier. (177 threads)
[2025-06-05T17:49:53.785+0000][4340.072s][info ][safepoint   ] Safepoint "Cleanup", Time since last: 2004639501 ns, Reaching safepoint: 5528042 ns, Cleanup: 65833 ns, At safepoint: 12125 ns, Total: 5606000 ns
[2025-06-05T17:50:07.803+0000][4354.089s][debug][safepoint   ] Safepoint synchronization initiated using futex wait barrier. (177 threads)
[2025-06-05T17:50:07.805+0000][4354.092s][info ][safepoint   ] Safepoint "Cleanup", Time since last: 14017088132 ns, Reaching safepoint: 2388333 ns, Cleanup: 156667 ns, At safepoint: 243625 ns, Total: 2788625 ns
[2025-06-05T17:50:10.812+0000][4357.098s][debug][safepoint   ] Safepoint synchronization initiated using futex wait barrier. (177 threads)
[2025-06-05T17:50:10.816+0000][4357.102s][info ][safepoint   ] Safepoint "Cleanup", Time since last: 3006166500 ns, Reaching safepoint: 3809709 ns, Cleanup: 189041 ns, At safepoint: 174084 ns, Total: 4172834 ns
[2025-06-05T17:50:12.818+0000][4359.104s][debug][safepoint   ] Safepoint synchronization initiated using futex wait barrier. (177 threads)
[2025-06-05T17:50:12.819+0000][4359.106s][info ][safepoint   ] Safepoint "Cleanup", Time since last: 2002133334 ns, Reaching safepoint: 933250 ns, Cleanup: 107042 ns, At safepoint: 8166 ns, Total: 1048458 ns
[2025-06-05T17:50:20.048+0000][4366.334s][debug][safepoint   ] Safepoint synchronization initiated using futex wait barrier. (177 threads)
[2025-06-05T17:50:20.053+0000][4366.340s][info ][safepoint   ] Safepoint "Cleanup", Time since last: 7228940004 ns, Reaching safepoint: 5036458 ns, Cleanup: 310125 ns, At safepoint: 26875 ns, Total: 5373458 ns
[2025-06-05T17:50:48.010+0000][4394.298s][debug][safepoint   ] Safepoint synchronization initiated using futex wait barrier. (177 threads)
[2025-06-05T17:50:48.014+0000][4394.302s][info ][gc,start    ] GC(98) Pause Young (Normal) (G1 Evacuation Pause)
[2025-06-05T17:50:48.015+0000][4394.303s][info ][gc,task     ] GC(98) Using 2 workers of 2 for evacuation
[2025-06-05T17:50:48.159+0000][4394.447s][info ][gc,phases   ] GC(98)   Pre Evacuate Collection Set: 6.5ms
[2025-06-05T17:50:48.159+0000][4394.447s][info ][gc,phases   ] GC(98)   Merge Heap Roots: 1.1ms
[2025-06-05T17:50:48.160+0000][4394.447s][info ][gc,phases   ] GC(98)   Evacuate Collection Set: 113.0ms
[2025-06-05T17:50:48.160+0000][4394.448s][info ][gc,phases   ] GC(98)   Post Evacuate Collection Set: 22.3ms
[2025-06-05T17:50:48.160+0000][4394.448s][info ][gc,phases   ] GC(98)   Other: 2.4ms
[2025-06-05T17:50:48.160+0000][4394.448s][info ][gc,heap     ] GC(98) Eden regions: 243->0(243)
[2025-06-05T17:50:48.160+0000][4394.448s][info ][gc,heap     ] GC(98) Survivor regions: 2->2(31)
[2025-06-05T17:50:48.160+0000][4394.448s][info ][gc,heap     ] GC(98) Old regions: 189->189
[2025-06-05T17:50:48.160+0000][4394.448s][info ][gc,heap     ] GC(98) Archive regions: 2->2
[2025-06-05T17:50:48.160+0000][4394.448s][info ][gc,heap     ] GC(98) Humongous regions: 0->0
[2025-06-05T17:50:48.160+0000][4394.448s][info ][gc,metaspace] GC(98) Metaspace: 185543K(187200K)->185543K(187200K) NonClass: 163254K(164096K)->163254K(164096K) Class: 22288K(23104K)->22288K(23104K)
[2025-06-05T17:50:48.161+0000][4394.448s][info ][gc          ] GC(98) Pause Young (Normal) (G1 Evacuation Pause) 433M->191M(487M) 146.552ms
[2025-06-05T17:50:48.161+0000][4394.449s][info ][gc,cpu      ] GC(98) User=0.28s Sys=0.00s Real=0.15s
[2025-06-05T17:50:48.163+0000][4394.451s][info ][safepoint   ] Safepoint "G1CollectForAllocation", Time since last: 27957739054 ns, Reaching safepoint: 3661958 ns, Cleanup: 101500 ns, At safepoint: 149223959 ns, Total: 152987417 ns
[2025-06-05T17:51:02.177+0000][4408.465s][debug][safepoint   ] Safepoint synchronization initiated using futex wait barrier. (177 threads)
[2025-06-05T17:51:02.178+0000][4408.466s][info ][safepoint   ] Safepoint "Cleanup", Time since last: 14014020215 ns, Reaching safepoint: 1311292 ns, Cleanup: 486125 ns, At safepoint: 12208 ns, Total: 1809625 ns
[2025-06-05T17:51:29.215+0000][4435.502s][debug][safepoint   ] Safepoint synchronization initiated using futex wait barrier. (177 threads)
[2025-06-05T17:51:29.217+0000][4435.503s][info ][safepoint   ] Safepoint "Cleanup", Time since last: 27035494387 ns, Reaching safepoint: 1364833 ns, Cleanup: 108834 ns, At safepoint: 9166 ns, Total: 1482833 ns
[2025-06-05T17:51:36.248+0000][4442.535s][debug][safepoint   ] Safepoint synchronization initiated using futex wait barrier. (177 threads)
[2025-06-05T17:51:36.257+0000][4442.543s][info ][safepoint   ] Safepoint "Cleanup", Time since last: 7031245129 ns, Reaching safepoint: 8468416 ns, Cleanup: 227750 ns, At safepoint: 57125 ns, Total: 8753291 ns
[2025-06-05T17:51:43.242+0000][4449.552s][debug][safepoint   ] Safepoint synchronization initiated using futex wait barrier. (177 threads)
[2025-06-05T17:51:43.242+0000][4449.552s][info ][safepoint   ] Safepoint "Cleanup", Time since last: 7008363086 ns, Reaching safepoint: 701292 ns, Cleanup: 52417 ns, At safepoint: 4875 ns, Total: 758584 ns
[2025-06-05T17:51:45.152+0000][4451.462s][debug][safepoint   ] Safepoint synchronization initiated using futex wait barrier. (177 threads)
[2025-06-05T17:51:45.153+0000][4451.463s][info ][safepoint   ] Safepoint "Cleanup", Time since last: 1909593501 ns, Reaching safepoint: 733666 ns, Cleanup: 103250 ns, At safepoint: 7750 ns, Total: 844666 ns
[2025-06-05T17:51:57.171+0000][4463.481s][debug][safepoint   ] Safepoint synchronization initiated using futex wait barrier. (177 threads)
[2025-06-05T17:51:57.172+0000][4463.482s][info ][safepoint   ] Safepoint "Cleanup", Time since last: 12017998464 ns, Reaching safepoint: 883834 ns, Cleanup: 44333 ns, At safepoint: 5083 ns, Total: 933250 ns
[2025-06-05T17:52:11.215+0000][4477.503s][debug][safepoint   ] Safepoint synchronization initiated using futex wait barrier. (177 threads)
[2025-06-05T17:52:11.218+0000][4477.506s][info ][safepoint   ] Safepoint "Cleanup", Time since last: 14021006673 ns, Reaching safepoint: 2735834 ns, Cleanup: 35916 ns, At safepoint: 4459 ns, Total: 2776209 ns
[2025-06-05T17:52:25.244+0000][4491.532s][debug][safepoint   ] Safepoint synchronization initiated using futex wait barrier. (177 threads)
[2025-06-05T17:52:25.266+0000][4491.554s][info ][safepoint   ] Safepoint "Cleanup", Time since last: 14025910881 ns, Reaching safepoint: 22241209 ns, Cleanup: 116083 ns, At safepoint: 222958 ns, Total: 22580250 ns
[2025-06-05T17:52:29.469+0000][4495.757s][debug][safepoint   ] Safepoint synchronization initiated using futex wait barrier. (177 threads)
[2025-06-05T17:52:29.475+0000][4495.763s][info ][safepoint   ] Safepoint "Cleanup", Time since last: 4202887669 ns, Reaching safepoint: 5328292 ns, Cleanup: 389166 ns, At safepoint: 142584 ns, Total: 5860042 ns
[2025-06-05T17:52:43.801+0000][4510.098s][debug][safepoint   ] Safepoint synchronization initiated using futex wait barrier. (177 threads)
[2025-06-05T17:52:43.807+0000][4510.105s][info ][gc,start    ] GC(99) Pause Young (Normal) (G1 Evacuation Pause)
[2025-06-05T17:52:43.808+0000][4510.105s][info ][gc,task     ] GC(99) Using 2 workers of 2 for evacuation
[2025-06-05T17:52:43.974+0000][4510.271s][info ][gc,phases   ] GC(99)   Pre Evacuate Collection Set: 7.8ms
[2025-06-05T17:52:43.974+0000][4510.272s][info ][gc,phases   ] GC(99)   Merge Heap Roots: 1.1ms
[2025-06-05T17:52:43.974+0000][4510.272s][info ][gc,phases   ] GC(99)   Evacuate Collection Set: 105.8ms
[2025-06-05T17:52:43.974+0000][4510.272s][info ][gc,phases   ] GC(99)   Post Evacuate Collection Set: 49.8ms
[2025-06-05T17:52:43.975+0000][4510.272s][info ][gc,phases   ] GC(99)   Other: 4.1ms
[2025-06-05T17:52:43.975+0000][4510.272s][info ][gc,heap     ] GC(99) Eden regions: 243->0(243)
[2025-06-05T17:52:43.975+0000][4510.272s][info ][gc,heap     ] GC(99) Survivor regions: 2->2(31)
[2025-06-05T17:52:43.975+0000][4510.272s][info ][gc,heap     ] GC(99) Old regions: 189->189
[2025-06-05T17:52:43.975+0000][4510.272s][info ][gc,heap     ] GC(99) Archive regions: 2->2
[2025-06-05T17:52:43.975+0000][4510.272s][info ][gc,heap     ] GC(99) Humongous regions: 0->0
[2025-06-05T17:52:43.975+0000][4510.272s][info ][gc,metaspace] GC(99) Metaspace: 185555K(187200K)->185555K(187200K) NonClass: 163267K(164096K)->163267K(164096K) Class: 22288K(23104K)->22288K(23104K)
[2025-06-05T17:52:43.975+0000][4510.272s][info ][gc          ] GC(99) Pause Young (Normal) (G1 Evacuation Pause) 434M->190M(487M) 167.535ms
[2025-06-05T17:52:43.975+0000][4510.272s][info ][gc,cpu      ] GC(99) User=0.32s Sys=0.00s Real=0.17s
[2025-06-05T17:52:43.976+0000][4510.273s][info ][safepoint   ] Safepoint "G1CollectForAllocation", Time since last: 14335233589 ns, Reaching safepoint: 4135417 ns, Cleanup: 401958 ns, At safepoint: 170781958 ns, Total: 175319333 ns
[2025-06-05T17:52:55.190+0000][4521.487s][debug][safepoint   ] Safepoint synchronization initiated using futex wait barrier. (177 threads)
[2025-06-05T17:52:55.192+0000][4521.489s][info ][safepoint   ] Safepoint "Cleanup", Time since last: 11213671881 ns, Reaching safepoint: 1381291 ns, Cleanup: 463000 ns, At safepoint: 14792 ns, Total: 1859083 ns
[2025-06-05T17:52:57.193+0000][4523.491s][debug][safepoint   ] Safepoint synchronization initiated using futex wait barrier. (177 threads)
[2025-06-05T17:52:57.196+0000][4523.494s][info ][safepoint   ] Safepoint "Cleanup", Time since last: 2001636418 ns, Reaching safepoint: 2976708 ns, Cleanup: 77625 ns, At safepoint: 24542 ns, Total: 3078875 ns
[2025-06-05T17:52:59.198+0000][4525.496s][debug][safepoint   ] Safepoint synchronization initiated using futex wait barrier. (177 threads)
[2025-06-05T17:52:59.200+0000][4525.497s][info ][safepoint   ] Safepoint "Cleanup", Time since last: 2001870959 ns, Reaching safepoint: 1390875 ns, Cleanup: 75083 ns, At safepoint: 104292 ns, Total: 1570250 ns
[2025-06-05T17:53:07.216+0000][4533.513s][debug][safepoint   ] Safepoint synchronization initiated using futex wait barrier. (177 threads)
[2025-06-05T17:53:07.218+0000][4533.515s][info ][safepoint   ] Safepoint "Cleanup", Time since last: 8015914879 ns, Reaching safepoint: 1760666 ns, Cleanup: 462542 ns, At safepoint: 75750 ns, Total: 2298958 ns
[2025-06-05T17:53:35.279+0000][4561.570s][debug][safepoint   ] Safepoint synchronization initiated using futex wait barrier. (177 threads)
[2025-06-05T17:53:35.285+0000][4561.577s][info ][safepoint   ] Safepoint "Cleanup", Time since last: 28055093638 ns, Reaching safepoint: 5483584 ns, Cleanup: 575333 ns, At safepoint: 24042 ns, Total: 6082959 ns
[2025-06-05T17:54:03.270+0000][4589.557s][debug][safepoint   ] Safepoint synchronization initiated using futex wait barrier. (177 threads)
[2025-06-05T17:54:03.272+0000][4589.559s][info ][safepoint   ] Safepoint "Cleanup", Time since last: 27980378804 ns, Reaching safepoint: 1842333 ns, Cleanup: 257667 ns, At safepoint: 38875 ns, Total: 2138875 ns
[2025-06-05T17:54:17.150+0000][4603.447s][debug][safepoint   ] Safepoint synchronization initiated using futex wait barrier. (177 threads)
[2025-06-05T17:54:17.157+0000][4603.453s][info ][safepoint   ] Safepoint "Cleanup", Time since last: 13887536714 ns, Reaching safepoint: 6316000 ns, Cleanup: 285833 ns, At safepoint: 26500 ns, Total: 6628333 ns
[2025-06-05T17:54:33.189+0000][4619.485s][debug][safepoint   ] Safepoint synchronization initiated using futex wait barrier. (177 threads)
[2025-06-05T17:54:33.200+0000][4619.496s][info ][safepoint   ] Safepoint "Cleanup", Time since last: 16031639550 ns, Reaching safepoint: 9812791 ns, Cleanup: 1430334 ns, At safepoint: 78125 ns, Total: 11321250 ns
[2025-06-05T17:54:41.594+0000][4627.883s][debug][safepoint   ] Safepoint synchronization initiated using futex wait barrier. (177 threads)
[2025-06-05T17:54:41.600+0000][4627.888s][info ][gc,start    ] GC(100) Pause Young (Normal) (G1 Evacuation Pause)
[2025-06-05T17:54:41.602+0000][4627.890s][info ][gc,task     ] GC(100) Using 2 workers of 2 for evacuation
[2025-06-05T17:54:41.793+0000][4628.081s][info ][gc,phases   ] GC(100)   Pre Evacuate Collection Set: 12.9ms
[2025-06-05T17:54:41.793+0000][4628.081s][info ][gc,phases   ] GC(100)   Merge Heap Roots: 2.3ms
[2025-06-05T17:54:41.793+0000][4628.081s][info ][gc,phases   ] GC(100)   Evacuate Collection Set: 131.1ms
[2025-06-05T17:54:41.793+0000][4628.081s][info ][gc,phases   ] GC(100)   Post Evacuate Collection Set: 40.5ms
[2025-06-05T17:54:41.793+0000][4628.081s][info ][gc,phases   ] GC(100)   Other: 8.6ms
[2025-06-05T17:54:41.793+0000][4628.081s][info ][gc,heap     ] GC(100) Eden regions: 243->0(243)
[2025-06-05T17:54:41.793+0000][4628.082s][info ][gc,heap     ] GC(100) Survivor regions: 2->2(31)
[2025-06-05T17:54:41.793+0000][4628.082s][info ][gc,heap     ] GC(100) Old regions: 189->189
[2025-06-05T17:54:41.793+0000][4628.082s][info ][gc,heap     ] GC(100) Archive regions: 2->2
[2025-06-05T17:54:41.793+0000][4628.082s][info ][gc,heap     ] GC(100) Humongous regions: 0->0
[2025-06-05T17:54:41.793+0000][4628.082s][info ][gc,metaspace] GC(100) Metaspace: 185628K(187264K)->185628K(187264K) NonClass: 163340K(164160K)->163340K(164160K) Class: 22288K(23104K)->22288K(23104K)
[2025-06-05T17:54:41.794+0000][4628.082s][info ][gc          ] GC(100) Pause Young (Normal) (G1 Evacuation Pause) 433M->190M(487M) 193.902ms
[2025-06-05T17:54:41.794+0000][4628.082s][info ][gc,cpu      ] GC(100) User=0.38s Sys=0.00s Real=0.19s
[2025-06-05T17:54:41.794+0000][4628.083s][info ][safepoint   ] Safepoint "G1CollectForAllocation", Time since last: 8386404961 ns, Reaching safepoint: 2044709 ns, Cleanup: 162791 ns, At safepoint: 197876334 ns, Total: 200083834 ns
[2025-06-05T17:54:44.805+0000][4631.093s][debug][safepoint   ] Safepoint synchronization initiated using futex wait barrier. (177 threads)
[2025-06-05T17:54:44.806+0000][4631.094s][info ][safepoint   ] Safepoint "Cleanup", Time since last: 3010320376 ns, Reaching safepoint: 1167833 ns, Cleanup: 128084 ns, At safepoint: 8625 ns, Total: 1304542 ns
[2025-06-05T17:54:49.331+0000][4635.619s][debug][safepoint   ] Safepoint synchronization initiated using futex wait barrier. (177 threads)
[2025-06-05T17:54:49.333+0000][4635.621s][info ][safepoint   ] Safepoint "Cleanup", Time since last: 4524693627 ns, Reaching safepoint: 2117792 ns, Cleanup: 123833 ns, At safepoint: 45792 ns, Total: 2287417 ns
[2025-06-05T17:54:58.345+0000][4644.633s][debug][safepoint   ] Safepoint synchronization initiated using futex wait barrier. (177 threads)
[2025-06-05T17:54:58.348+0000][4644.636s][info ][safepoint   ] Safepoint "Cleanup", Time since last: 9011904254 ns, Reaching safepoint: 3026792 ns, Cleanup: 247250 ns, At safepoint: 20125 ns, Total: 3294167 ns
[2025-06-05T17:55:00.352+0000][4646.640s][debug][safepoint   ] Safepoint synchronization initiated using futex wait barrier. (177 threads)
[2025-06-05T17:55:00.353+0000][4646.642s][info ][safepoint   ] Safepoint "Cleanup", Time since last: 2003469209 ns, Reaching safepoint: 1455166 ns, Cleanup: 155250 ns, At safepoint: 35959 ns, Total: 1646375 ns
[2025-06-05T17:55:18.411+0000][4664.698s][debug][safepoint   ] Safepoint synchronization initiated using futex wait barrier. (177 threads)
[2025-06-05T17:55:18.413+0000][4664.700s][info ][safepoint   ] Safepoint "Cleanup", Time since last: 18056830841 ns, Reaching safepoint: 2036917 ns, Cleanup: 53250 ns, At safepoint: 15208 ns, Total: 2105375 ns
[2025-06-05T17:55:19.417+0000][4665.705s][debug][safepoint   ] Safepoint synchronization initiated using futex wait barrier. (182 threads)
[2025-06-05T17:55:19.420+0000][4665.708s][info ][safepoint   ] Safepoint "Cleanup", Time since last: 1004456751 ns, Reaching safepoint: 2597583 ns, Cleanup: 499250 ns, At safepoint: 46083 ns, Total: 3142916 ns
[2025-06-05T17:55:26.429+0000][4672.717s][debug][safepoint   ] Safepoint synchronization initiated using futex wait barrier. (182 threads)
[2025-06-05T17:55:26.430+0000][4672.718s][info ][safepoint   ] Safepoint "Cleanup", Time since last: 7008792087 ns, Reaching safepoint: 770000 ns, Cleanup: 51542 ns, At safepoint: 5000 ns, Total: 826542 ns
[2025-06-05T17:55:27.431+0000][4673.719s][debug][safepoint   ] Safepoint synchronization initiated using futex wait barrier. (182 threads)
[2025-06-05T17:55:27.432+0000][4673.720s][info ][safepoint   ] Safepoint "Cleanup", Time since last: 1000916292 ns, Reaching safepoint: 836458 ns, Cleanup: 51125 ns, At safepoint: 62250 ns, Total: 949833 ns
[2025-06-05T17:55:40.448+0000][4686.736s][debug][safepoint   ] Safepoint synchronization initiated using futex wait barrier. (182 threads)
[2025-06-05T17:55:40.454+0000][4686.742s][info ][safepoint   ] Safepoint "Cleanup", Time since last: 13016341923 ns, Reaching safepoint: 5744541 ns, Cleanup: 100375 ns, At safepoint: 27042 ns, Total: 5871958 ns
[2025-06-05T17:55:54.393+0000][4700.680s][debug][safepoint   ] Safepoint synchronization initiated using futex wait barrier. (182 threads)
[2025-06-05T17:55:54.398+0000][4700.686s][info ][safepoint   ] Safepoint "Cleanup", Time since last: 13938643757 ns, Reaching safepoint: 4644458 ns, Cleanup: 876708 ns, At safepoint: 41334 ns, Total: 5562500 ns
[2025-06-05T17:55:55.400+0000][4701.688s][debug][safepoint   ] Safepoint synchronization initiated using futex wait barrier. (182 threads)
[2025-06-05T17:55:55.401+0000][4701.689s][info ][safepoint   ] Safepoint "Cleanup", Time since last: 1002041458 ns, Reaching safepoint: 735709 ns, Cleanup: 50375 ns, At safepoint: 5208 ns, Total: 791292 ns
[2025-06-05T17:55:56.402+0000][4702.690s][debug][safepoint   ] Safepoint synchronization initiated using futex wait barrier. (182 threads)
[2025-06-05T17:55:56.402+0000][4702.690s][info ][safepoint   ] Safepoint "Cleanup", Time since last: 1000705542 ns, Reaching safepoint: 531500 ns, Cleanup: 52667 ns, At safepoint: 12375 ns, Total: 596542 ns
[2025-06-05T17:55:59.406+0000][4705.693s][debug][safepoint   ] Safepoint synchronization initiated using futex wait barrier. (182 threads)
[2025-06-05T17:55:59.410+0000][4705.698s][info ][safepoint   ] Safepoint "Cleanup", Time since last: 3003245793 ns, Reaching safepoint: 4397417 ns, Cleanup: 328833 ns, At safepoint: 69083 ns, Total: 4795333 ns
[2025-06-05T17:56:08.421+0000][4714.709s][debug][safepoint   ] Safepoint synchronization initiated using futex wait barrier. (182 threads)
[2025-06-05T17:56:08.422+0000][4714.710s][info ][safepoint   ] Safepoint "Cleanup", Time since last: 9010609838 ns, Reaching safepoint: 1319875 ns, Cleanup: 67458 ns, At safepoint: 11375 ns, Total: 1398708 ns
[2025-06-05T17:56:22.429+0000][4728.742s][debug][safepoint   ] Safepoint synchronization initiated using futex wait barrier. (178 threads)
[2025-06-05T17:56:22.431+0000][4728.744s][info ][safepoint   ] Safepoint "Cleanup", Time since last: 14031472132 ns, Reaching safepoint: 1704333 ns, Cleanup: 202458 ns, At safepoint: 13375 ns, Total: 1920166 ns
[2025-06-05T17:56:31.068+0000][4737.380s][debug][safepoint   ] Safepoint synchronization initiated using futex wait barrier. (178 threads)
[2025-06-05T17:56:31.071+0000][4737.384s][info ][gc,start    ] GC(101) Pause Young (Normal) (G1 Evacuation Pause)
[2025-06-05T17:56:31.072+0000][4737.384s][info ][gc,task     ] GC(101) Using 2 workers of 2 for evacuation
[2025-06-05T17:56:31.178+0000][4737.490s][info ][gc,phases   ] GC(101)   Pre Evacuate Collection Set: 8.7ms
[2025-06-05T17:56:31.178+0000][4737.490s][info ][gc,phases   ] GC(101)   Merge Heap Roots: 1.7ms
[2025-06-05T17:56:31.178+0000][4737.490s][info ][gc,phases   ] GC(101)   Evacuate Collection Set: 71.8ms
[2025-06-05T17:56:31.178+0000][4737.490s][info ][gc,phases   ] GC(101)   Post Evacuate Collection Set: 22.4ms
[2025-06-05T17:56:31.178+0000][4737.491s][info ][gc,phases   ] GC(101)   Other: 3.1ms
[2025-06-05T17:56:31.178+0000][4737.491s][info ][gc,heap     ] GC(101) Eden regions: 243->0(244)
[2025-06-05T17:56:31.178+0000][4737.491s][info ][gc,heap     ] GC(101) Survivor regions: 2->1(31)
[2025-06-05T17:56:31.178+0000][4737.491s][info ][gc,heap     ] GC(101) Old regions: 189->190
[2025-06-05T17:56:31.178+0000][4737.491s][info ][gc,heap     ] GC(101) Archive regions: 2->2
[2025-06-05T17:56:31.178+0000][4737.491s][info ][gc,heap     ] GC(101) Humongous regions: 0->0
[2025-06-05T17:56:31.178+0000][4737.491s][info ][gc,metaspace] GC(101) Metaspace: 185674K(187328K)->185674K(187328K) NonClass: 163385K(164224K)->163385K(164224K) Class: 22288K(23104K)->22288K(23104K)
[2025-06-05T17:56:31.179+0000][4737.491s][info ][gc          ] GC(101) Pause Young (Normal) (G1 Evacuation Pause) 433M->191M(487M) 107.737ms
[2025-06-05T17:56:31.179+0000][4737.491s][info ][gc,cpu      ] GC(101) User=0.20s Sys=0.00s Real=0.11s
[2025-06-05T17:56:31.180+0000][4737.492s][info ][safepoint   ] Safepoint "G1CollectForAllocation", Time since last: 8636585504 ns, Reaching safepoint: 1819209 ns, Cleanup: 106125 ns, At safepoint: 109956833 ns, Total: 111882167 ns
[2025-06-05T17:56:50.457+0000][4756.744s][debug][safepoint   ] Safepoint synchronization initiated using futex wait barrier. (178 threads)
[2025-06-05T17:56:50.475+0000][4756.762s][info ][safepoint   ] Safepoint "Cleanup", Time since last: 19252314842 ns, Reaching safepoint: 17243291 ns, Cleanup: 109667 ns, At safepoint: 16167 ns, Total: 17369125 ns
[2025-06-05T17:56:52.484+0000][4758.771s][debug][safepoint   ] Safepoint synchronization initiated using futex wait barrier. (178 threads)
[2025-06-05T17:56:52.486+0000][4758.773s][info ][safepoint   ] Safepoint "Cleanup", Time since last: 2009059917 ns, Reaching safepoint: 1711084 ns, Cleanup: 218333 ns, At safepoint: 32042 ns, Total: 1961459 ns
[2025-06-05T17:56:59.496+0000][4765.783s][debug][safepoint   ] Safepoint synchronization initiated using futex wait barrier. (178 threads)
[2025-06-05T17:56:59.499+0000][4765.786s][info ][safepoint   ] Safepoint "Cleanup", Time since last: 7009980420 ns, Reaching safepoint: 3365833 ns, Cleanup: 270125 ns, At safepoint: 30125 ns, Total: 3666083 ns
[2025-06-05T17:57:31.550+0000][4797.840s][debug][safepoint   ] Safepoint synchronization initiated using futex wait barrier. (177 threads)
[2025-06-05T17:57:31.555+0000][4797.846s][info ][safepoint   ] Safepoint "Cleanup", Time since last: 32053268640 ns, Reaching safepoint: 5788500 ns, Cleanup: 64958 ns, At safepoint: 17958 ns, Total: 5871416 ns
[2025-06-05T17:58:13.689+0000][4839.977s][debug][safepoint   ] Safepoint synchronization initiated using futex wait barrier. (177 threads)
[2025-06-05T17:58:13.690+0000][4839.979s][info ][safepoint   ] Safepoint "Cleanup", Time since last: 42131942894 ns, Reaching safepoint: 1477417 ns, Cleanup: 94833 ns, At safepoint: 11083 ns, Total: 1583333 ns
[2025-06-05T17:58:24.709+0000][4850.998s][debug][safepoint   ] Safepoint synchronization initiated using futex wait barrier. (177 threads)
[2025-06-05T17:58:24.711+0000][4851.000s][info ][safepoint   ] Safepoint "Cleanup", Time since last: 11018173672 ns, Reaching safepoint: 2372459 ns, Cleanup: 174625 ns, At safepoint: 46916 ns, Total: 2594000 ns
[2025-06-05T17:58:41.197+0000][4867.516s][debug][safepoint   ] Safepoint synchronization initiated using futex wait barrier. (177 threads)
[2025-06-05T17:58:41.214+0000][4867.533s][info ][gc,start    ] GC(102) Pause Young (Normal) (G1 Evacuation Pause)
[2025-06-05T17:58:41.220+0000][4867.539s][info ][gc,task     ] GC(102) Using 2 workers of 2 for evacuation
[2025-06-05T17:58:41.815+0000][4868.134s][info ][gc,phases   ] GC(102)   Pre Evacuate Collection Set: 123.1ms
[2025-06-05T17:58:41.816+0000][4868.135s][info ][gc,phases   ] GC(102)   Merge Heap Roots: 17.2ms
[2025-06-05T17:58:41.816+0000][4868.135s][info ][gc,phases   ] GC(102)   Evacuate Collection Set: 371.6ms
[2025-06-05T17:58:41.816+0000][4868.135s][info ][gc,phases   ] GC(102)   Post Evacuate Collection Set: 40.4ms
[2025-06-05T17:58:41.816+0000][4868.135s][info ][gc,phases   ] GC(102)   Other: 58.7ms
[2025-06-05T17:58:41.816+0000][4868.135s][info ][gc,heap     ] GC(102) Eden regions: 244->0(244)
[2025-06-05T17:58:41.816+0000][4868.135s][info ][gc,heap     ] GC(102) Survivor regions: 1->1(31)
[2025-06-05T17:58:41.816+0000][4868.135s][info ][gc,heap     ] GC(102) Old regions: 190->190
[2025-06-05T17:58:41.816+0000][4868.135s][info ][gc,heap     ] GC(102) Archive regions: 2->2
[2025-06-05T17:58:41.816+0000][4868.135s][info ][gc,heap     ] GC(102) Humongous regions: 0->0
[2025-06-05T17:58:41.816+0000][4868.135s][info ][gc,metaspace] GC(102) Metaspace: 185677K(187328K)->185677K(187328K) NonClass: 163389K(164224K)->163389K(164224K) Class: 22288K(23104K)->22288K(23104K)
[2025-06-05T17:58:41.816+0000][4868.135s][info ][gc          ] GC(102) Pause Young (Normal) (G1 Evacuation Pause) 435M->190M(487M) 603.721ms
[2025-06-05T17:58:41.816+0000][4868.135s][info ][gc,cpu      ] GC(102) User=1.01s Sys=0.06s Real=0.60s
[2025-06-05T17:58:41.818+0000][4868.137s][info ][safepoint   ] Safepoint "G1CollectForAllocation", Time since last: 16516212132 ns, Reaching safepoint: 3775709 ns, Cleanup: 209250 ns, At safepoint: 617016833 ns, Total: 621001792 ns
[2025-06-05T17:58:52.670+0000][4878.989s][debug][safepoint   ] Safepoint synchronization initiated using futex wait barrier. (177 threads)
[2025-06-05T17:58:52.672+0000][4878.991s][debug][safepoint   ] ... found polling page loop exception at pc = 0x0000ffff89a50184, stub =0x0000ffff8897ef00
[2025-06-05T17:58:52.673+0000][4878.991s][info ][safepoint   ] Safepoint "Cleanup", Time since last: 10851540672 ns, Reaching safepoint: 2824709 ns, Cleanup: 47416 ns, At safepoint: 13042 ns, Total: 2885167 ns
[2025-06-05T17:58:53.674+0000][4879.993s][debug][safepoint   ] Safepoint synchronization initiated using futex wait barrier. (181 threads)
[2025-06-05T17:58:53.675+0000][4879.994s][info ][safepoint   ] Safepoint "Cleanup", Time since last: 1001231584 ns, Reaching safepoint: 942000 ns, Cleanup: 130125 ns, At safepoint: 37458 ns, Total: 1109583 ns
[2025-06-05T17:58:55.679+0000][4881.998s][debug][safepoint   ] Safepoint synchronization initiated using futex wait barrier. (181 threads)
[2025-06-05T17:58:55.680+0000][4881.999s][info ][safepoint   ] Safepoint "Cleanup", Time since last: 2003890584 ns, Reaching safepoint: 1449459 ns, Cleanup: 114458 ns, At safepoint: 63542 ns, Total: 1627459 ns
[2025-06-05T17:59:22.843+0000][4909.133s][debug][safepoint   ] Safepoint synchronization initiated using futex wait barrier. (181 threads)
[2025-06-05T17:59:22.845+0000][4909.135s][info ][safepoint   ] Safepoint "Cleanup", Time since last: 27133483220 ns, Reaching safepoint: 1675000 ns, Cleanup: 133750 ns, At safepoint: 11667 ns, Total: 1820417 ns
[2025-06-05T17:59:23.846+0000][4910.135s][debug][safepoint   ] Safepoint synchronization initiated using futex wait barrier. (181 threads)
[2025-06-05T17:59:23.846+0000][4910.136s][info ][safepoint   ] Safepoint "Cleanup", Time since last: 1000793167 ns, Reaching safepoint: 626292 ns, Cleanup: 257791 ns, At safepoint: 10167 ns, Total: 894250 ns
[2025-06-05T17:59:24.849+0000][4911.138s][debug][safepoint   ] Safepoint synchronization initiated using futex wait barrier. (181 threads)
[2025-06-05T17:59:24.849+0000][4911.139s][info ][safepoint   ] Safepoint "Cleanup", Time since last: 1002129209 ns, Reaching safepoint: 731000 ns, Cleanup: 63875 ns, At safepoint: 6125 ns, Total: 801000 ns
[2025-06-05T17:59:25.850+0000][4912.139s][debug][safepoint   ] Safepoint synchronization initiated using futex wait barrier. (181 threads)
[2025-06-05T17:59:25.851+0000][4912.140s][info ][safepoint   ] Safepoint "Cleanup", Time since last: 1000236584 ns, Reaching safepoint: 813916 ns, Cleanup: 58667 ns, At safepoint: 4500 ns, Total: 877083 ns
[2025-06-05T17:59:26.852+0000][4913.141s][debug][safepoint   ] Safepoint synchronization initiated using futex wait barrier. (181 threads)
[2025-06-05T17:59:26.853+0000][4913.143s][info ][safepoint   ] Safepoint "Cleanup", Time since last: 1001045126 ns, Reaching safepoint: 975166 ns, Cleanup: 178875 ns, At safepoint: 5042 ns, Total: 1159083 ns
[2025-06-05T17:59:27.854+0000][4914.144s][debug][safepoint   ] Safepoint synchronization initiated using futex wait barrier. (181 threads)
[2025-06-05T17:59:27.855+0000][4914.145s][info ][safepoint   ] Safepoint "Cleanup", Time since last: 1001375209 ns, Reaching safepoint: 670958 ns, Cleanup: 195042 ns, At safepoint: 19583 ns, Total: 885583 ns
[2025-06-05T17:59:28.856+0000][4915.146s][debug][safepoint   ] Safepoint synchronization initiated using futex wait barrier. (181 threads)
[2025-06-05T17:59:28.859+0000][4915.149s][info ][safepoint   ] Safepoint "Cleanup", Time since last: 1001193626 ns, Reaching safepoint: 2299125 ns, Cleanup: 170125 ns, At safepoint: 12083 ns, Total: 2481333 ns
[2025-06-05T17:59:29.860+0000][4916.150s][debug][safepoint   ] Safepoint synchronization initiated using futex wait barrier. (181 threads)
[2025-06-05T17:59:29.861+0000][4916.151s][info ][safepoint   ] Safepoint "Cleanup", Time since last: 1001390625 ns, Reaching safepoint: 851042 ns, Cleanup: 45875 ns, At safepoint: 13583 ns, Total: 910500 ns
[2025-06-05T17:59:32.867+0000][4919.157s][debug][safepoint   ] Safepoint synchronization initiated using futex wait barrier. (181 threads)
[2025-06-05T17:59:32.868+0000][4919.158s][info ][safepoint   ] Safepoint "Cleanup", Time since last: 3005783502 ns, Reaching safepoint: 1543125 ns, Cleanup: 70958 ns, At safepoint: 10167 ns, Total: 1624250 ns
[2025-06-05T17:59:37.877+0000][4924.167s][debug][safepoint   ] Safepoint synchronization initiated using futex wait barrier. (181 threads)
[2025-06-05T17:59:37.885+0000][4924.175s][info ][safepoint   ] Safepoint "Cleanup", Time since last: 5008497169 ns, Reaching safepoint: 7500000 ns, Cleanup: 285750 ns, At safepoint: 30916 ns, Total: 7816666 ns
[2025-06-05T17:59:46.842+0000][4933.130s][debug][safepoint   ] Safepoint synchronization initiated using futex wait barrier. (182 threads)
[2025-06-05T17:59:46.843+0000][4933.131s][info ][safepoint   ] Safepoint "Cleanup", Time since last: 8955623629 ns, Reaching safepoint: 1288083 ns, Cleanup: 34583 ns, At safepoint: 10709 ns, Total: 1333375 ns
[2025-06-05T17:59:47.844+0000][4934.132s][debug][safepoint   ] Safepoint synchronization initiated using futex wait barrier. (184 threads)
[2025-06-05T17:59:47.848+0000][4934.137s][info ][safepoint   ] Safepoint "Cleanup", Time since last: 1000568042 ns, Reaching safepoint: 4423708 ns, Cleanup: 63167 ns, At safepoint: 31875 ns, Total: 4518750 ns
[2025-06-05T17:59:48.835+0000][4935.123s][debug][safepoint   ] Safepoint synchronization initiated using futex wait barrier. (195 threads)
[2025-06-05T17:59:48.836+0000][4935.124s][info ][safepoint   ] Safepoint "ICBufferFull", Time since last: 986508125 ns, Reaching safepoint: 387834 ns, Cleanup: 217458 ns, At safepoint: 4000 ns, Total: 609292 ns
[2025-06-05T17:59:49.836+0000][4936.124s][debug][safepoint   ] Safepoint synchronization initiated using futex wait barrier. (195 threads)
[2025-06-05T17:59:49.841+0000][4936.130s][info ][safepoint   ] Safepoint "Cleanup", Time since last: 1000239042 ns, Reaching safepoint: 5287084 ns, Cleanup: 337208 ns, At safepoint: 15917 ns, Total: 5640209 ns
[2025-06-05T17:59:50.843+0000][4937.131s][debug][safepoint   ] Safepoint synchronization initiated using futex wait barrier. (195 threads)
[2025-06-05T17:59:50.845+0000][4937.133s][info ][safepoint   ] Safepoint "Cleanup", Time since last: 1001457083 ns, Reaching safepoint: 1676042 ns, Cleanup: 121583 ns, At safepoint: 11917 ns, Total: 1809542 ns
[2025-06-05T17:59:51.846+0000][4938.134s][debug][safepoint   ] Safepoint synchronization initiated using futex wait barrier. (195 threads)
[2025-06-05T17:59:51.849+0000][4938.137s][info ][safepoint   ] Safepoint "Cleanup", Time since last: 1001304376 ns, Reaching safepoint: 2402166 ns, Cleanup: 286917 ns, At safepoint: 12458 ns, Total: 2701541 ns
[2025-06-05T17:59:52.849+0000][4939.138s][debug][safepoint   ] Safepoint synchronization initiated using futex wait barrier. (194 threads)
[2025-06-05T17:59:52.851+0000][4939.139s][info ][safepoint   ] Safepoint "Cleanup", Time since last: 1000759292 ns, Reaching safepoint: 983000 ns, Cleanup: 317709 ns, At safepoint: 5083 ns, Total: 1305792 ns
[2025-06-05T17:59:53.851+0000][4940.139s][debug][safepoint   ] Safepoint synchronization initiated using futex wait barrier. (194 threads)
[2025-06-05T17:59:53.852+0000][4940.140s][info ][safepoint   ] Safepoint "Cleanup", Time since last: 1000359834 ns, Reaching safepoint: 752416 ns, Cleanup: 45834 ns, At safepoint: 11375 ns, Total: 809625 ns
[2025-06-05T17:59:56.867+0000][4943.155s][debug][safepoint   ] Safepoint synchronization initiated using futex wait barrier. (194 threads)
[2025-06-05T17:59:56.900+0000][4943.188s][info ][safepoint   ] Safepoint "Cleanup", Time since last: 3009608085 ns, Reaching safepoint: 38493958 ns, Cleanup: 77292 ns, At safepoint: 86583 ns, Total: 38657833 ns
[2025-06-05T17:59:56.954+0000][4943.242s][debug][safepoint   ] Safepoint synchronization initiated using futex wait barrier. (194 threads)
[2025-06-05T17:59:56.975+0000][4943.264s][info ][gc,start    ] GC(103) Pause Young (Normal) (G1 Evacuation Pause)
[2025-06-05T17:59:56.979+0000][4943.267s][info ][gc,task     ] GC(103) Using 2 workers of 2 for evacuation
[2025-06-05T17:59:58.925+0000][4945.213s][info ][gc,mmu      ] GC(103) MMU target violated: 501.0ms (500.0ms/501.0ms)
[2025-06-05T17:59:58.933+0000][4945.221s][info ][gc,phases   ] GC(103)   Pre Evacuate Collection Set: 78.9ms
[2025-06-05T17:59:58.933+0000][4945.221s][info ][gc,phases   ] GC(103)   Merge Heap Roots: 5.6ms
[2025-06-05T17:59:58.933+0000][4945.221s][info ][gc,phases   ] GC(103)   Evacuate Collection Set: 1484.8ms
[2025-06-05T17:59:58.933+0000][4945.221s][info ][gc,phases   ] GC(103)   Post Evacuate Collection Set: 361.5ms
[2025-06-05T17:59:58.933+0000][4945.221s][info ][gc,phases   ] GC(103)   Other: 36.0ms
[2025-06-05T17:59:58.933+0000][4945.222s][info ][gc,heap     ] GC(103) Eden regions: 244->0(20)
[2025-06-05T17:59:58.934+0000][4945.222s][info ][gc,heap     ] GC(103) Survivor regions: 1->4(31)
[2025-06-05T17:59:58.934+0000][4945.222s][info ][gc,heap     ] GC(103) Old regions: 190->190
[2025-06-05T17:59:58.934+0000][4945.222s][info ][gc,heap     ] GC(103) Archive regions: 2->2
[2025-06-05T17:59:58.934+0000][4945.222s][info ][gc,heap     ] GC(103) Humongous regions: 0->0
[2025-06-05T17:59:58.934+0000][4945.222s][info ][gc,metaspace] GC(103) Metaspace: 186466K(188096K)->186466K(188096K) NonClass: 164075K(164864K)->164075K(164864K) Class: 22390K(23232K)->22390K(23232K)
[2025-06-05T17:59:58.935+0000][4945.223s][info ][gc          ] GC(103) Pause Young (Normal) (G1 Evacuation Pause) 434M->193M(487M) 1959.293ms
[2025-06-05T17:59:58.938+0000][4945.227s][info ][gc,cpu      ] GC(103) User=3.48s Sys=0.30s Real=1.97s
[2025-06-05T17:59:58.947+0000][4945.235s][info ][safepoint   ] Safepoint "G1CollectForAllocation", Time since last: 54146125 ns, Reaching safepoint: 306917 ns, Cleanup: 9541 ns, At safepoint: 1991977001 ns, Total: 1992293459 ns
[2025-06-05T18:00:00.952+0000][4947.240s][debug][safepoint   ] Safepoint synchronization initiated using futex wait barrier. (194 threads)
[2025-06-05T18:00:00.971+0000][4947.259s][info ][safepoint   ] Safepoint "Cleanup", Time since last: 2005665543 ns, Reaching safepoint: 18297917 ns, Cleanup: 84458 ns, At safepoint: 286917 ns, Total: 18669292 ns
[2025-06-05T18:00:01.682+0000][4947.970s][debug][safepoint   ] Safepoint synchronization initiated using futex wait barrier. (194 threads)
[2025-06-05T18:00:01.692+0000][4947.980s][info ][gc,start    ] GC(104) Pause Young (Normal) (G1 Evacuation Pause)
[2025-06-05T18:00:01.692+0000][4947.980s][info ][gc,task     ] GC(104) Using 2 workers of 2 for evacuation
[2025-06-05T18:00:01.763+0000][4948.051s][info ][gc,phases   ] GC(104)   Pre Evacuate Collection Set: 3.4ms
[2025-06-05T18:00:01.763+0000][4948.051s][info ][gc,phases   ] GC(104)   Merge Heap Roots: 1.0ms
[2025-06-05T18:00:01.763+0000][4948.051s][info ][gc,phases   ] GC(104)   Evacuate Collection Set: 58.3ms
[2025-06-05T18:00:01.763+0000][4948.051s][info ][gc,phases   ] GC(104)   Post Evacuate Collection Set: 7.2ms
[2025-06-05T18:00:01.763+0000][4948.051s][info ][gc,phases   ] GC(104)   Other: 1.5ms
[2025-06-05T18:00:01.763+0000][4948.052s][info ][gc,heap     ] GC(104) Eden regions: 20->0(238)
[2025-06-05T18:00:01.763+0000][4948.052s][info ][gc,heap     ] GC(104) Survivor regions: 4->1(3)
[2025-06-05T18:00:01.763+0000][4948.052s][info ][gc,heap     ] GC(104) Old regions: 190->193
[2025-06-05T18:00:01.764+0000][4948.052s][info ][gc,heap     ] GC(104) Archive regions: 2->2
[2025-06-05T18:00:01.764+0000][4948.052s][info ][gc,heap     ] GC(104) Humongous regions: 0->0
[2025-06-05T18:00:01.764+0000][4948.052s][info ][gc,metaspace] GC(104) Metaspace: 186482K(188160K)->186482K(188160K) NonClass: 164091K(164928K)->164091K(164928K) Class: 22390K(23232K)->22390K(23232K)
[2025-06-05T18:00:01.764+0000][4948.052s][info ][gc          ] GC(104) Pause Young (Normal) (G1 Evacuation Pause) 213M->193M(487M) 71.639ms
[2025-06-05T18:00:01.764+0000][4948.052s][info ][gc,cpu      ] GC(104) User=0.12s Sys=0.00s Real=0.07s
[2025-06-05T18:00:01.765+0000][4948.053s][info ][safepoint   ] Safepoint "G1CollectForAllocation", Time since last: 710525375 ns, Reaching safepoint: 10092500 ns, Cleanup: 61167 ns, At safepoint: 73088041 ns, Total: 83241708 ns
[2025-06-05T18:00:02.767+0000][4949.056s][debug][safepoint   ] Safepoint synchronization initiated using futex wait barrier. (194 threads)
[2025-06-05T18:00:02.772+0000][4949.060s][info ][safepoint   ] Safepoint "Cleanup", Time since last: 1002583792 ns, Reaching safepoint: 3922584 ns, Cleanup: 388250 ns, At safepoint: 57625 ns, Total: 4368459 ns
[2025-06-05T18:00:05.778+0000][4952.066s][debug][safepoint   ] Safepoint synchronization initiated using futex wait barrier. (194 threads)
[2025-06-05T18:00:05.779+0000][4952.068s][info ][safepoint   ] Safepoint "Cleanup", Time since last: 3006158126 ns, Reaching safepoint: 1366417 ns, Cleanup: 145333 ns, At safepoint: 12250 ns, Total: 1524000 ns
[2025-06-05T18:00:10.929+0000][4957.226s][debug][safepoint   ] Safepoint synchronization initiated using futex wait barrier. (194 threads)
[2025-06-05T18:00:10.943+0000][4957.240s][info ][safepoint   ] Safepoint "Cleanup", Time since last: 5158491127 ns, Reaching safepoint: 11001417 ns, Cleanup: 3111833 ns, At safepoint: 89875 ns, Total: 14203125 ns
[2025-06-05T18:00:13.946+0000][4960.243s][debug][safepoint   ] Safepoint synchronization initiated using futex wait barrier. (194 threads)
[2025-06-05T18:00:13.951+0000][4960.248s][debug][safepoint   ] ... found polling page loop exception at pc = 0x0000ffff89043b7c, stub =0x0000ffff8897ef00
[2025-06-05T18:00:13.954+0000][4960.251s][info ][safepoint   ] Safepoint "Cleanup", Time since last: 3002557126 ns, Reaching safepoint: 7770417 ns, Cleanup: 108333 ns, At safepoint: 75334 ns, Total: 7954084 ns
[2025-06-05T18:00:14.960+0000][4961.257s][debug][safepoint   ] Safepoint synchronization initiated using futex wait barrier. (194 threads)
[2025-06-05T18:00:14.963+0000][4961.260s][info ][safepoint   ] Safepoint "Cleanup", Time since last: 1006167917 ns, Reaching safepoint: 2373167 ns, Cleanup: 387791 ns, At safepoint: 38709 ns, Total: 2799667 ns
[2025-06-05T18:00:15.964+0000][4962.261s][debug][safepoint   ] Safepoint synchronization initiated using futex wait barrier. (194 threads)
[2025-06-05T18:00:15.966+0000][4962.263s][info ][safepoint   ] Safepoint "Cleanup", Time since last: 1001270708 ns, Reaching safepoint: 1991625 ns, Cleanup: 87250 ns, At safepoint: 5250 ns, Total: 2084125 ns
[2025-06-05T18:00:16.966+0000][4963.263s][debug][safepoint   ] Safepoint synchronization initiated using futex wait barrier. (194 threads)
[2025-06-05T18:00:16.967+0000][4963.264s][info ][safepoint   ] Safepoint "Cleanup", Time since last: 1000363626 ns, Reaching safepoint: 673458 ns, Cleanup: 77333 ns, At safepoint: 5250 ns, Total: 756041 ns
[2025-06-05T18:00:17.968+0000][4964.265s][debug][safepoint   ] Safepoint synchronization initiated using futex wait barrier. (194 threads)
[2025-06-05T18:00:17.980+0000][4964.277s][info ][safepoint   ] Safepoint "Cleanup", Time since last: 1000933543 ns, Reaching safepoint: 11607416 ns, Cleanup: 102667 ns, At safepoint: 13625 ns, Total: 11723708 ns
[2025-06-05T18:00:21.033+0000][4967.330s][debug][safepoint   ] Safepoint synchronization initiated using futex wait barrier. (194 threads)
[2025-06-05T18:00:21.041+0000][4967.338s][info ][safepoint   ] Safepoint "Cleanup", Time since last: 3053005085 ns, Reaching safepoint: 7621416 ns, Cleanup: 406750 ns, At safepoint: 41500 ns, Total: 8069666 ns
[2025-06-05T18:00:22.044+0000][4968.341s][debug][safepoint   ] Safepoint synchronization initiated using futex wait barrier. (194 threads)
[2025-06-05T18:00:22.044+0000][4968.341s][info ][safepoint   ] Safepoint "Cleanup", Time since last: 1002808293 ns, Reaching safepoint: 440583 ns, Cleanup: 29250 ns, At safepoint: 7792 ns, Total: 477625 ns
[2025-06-05T18:00:25.159+0000][4971.456s][debug][safepoint   ] Safepoint synchronization initiated using futex wait barrier. (194 threads)
[2025-06-05T18:00:25.188+0000][4971.485s][info ][safepoint   ] Safepoint "Cleanup", Time since last: 3115196251 ns, Reaching safepoint: 18604542 ns, Cleanup: 8056916 ns, At safepoint: 1825917 ns, Total: 28487375 ns
[2025-06-05T18:00:30.194+0000][4976.491s][debug][safepoint   ] Safepoint synchronization initiated using futex wait barrier. (194 threads)
[2025-06-05T18:00:30.197+0000][4976.494s][info ][safepoint   ] Safepoint "Cleanup", Time since last: 5006488669 ns, Reaching safepoint: 2610792 ns, Cleanup: 41416 ns, At safepoint: 41292 ns, Total: 2693500 ns
[2025-06-05T18:00:33.205+0000][4979.502s][debug][safepoint   ] Safepoint synchronization initiated using futex wait barrier. (194 threads)
[2025-06-05T18:00:33.206+0000][4979.503s][info ][safepoint   ] Safepoint "Cleanup", Time since last: 3007913877 ns, Reaching safepoint: 1305166 ns, Cleanup: 133709 ns, At safepoint: 9458 ns, Total: 1448333 ns
[2025-06-05T18:00:40.210+0000][4986.515s][debug][safepoint   ] Safepoint synchronization initiated using futex wait barrier. (194 threads)
[2025-06-05T18:00:40.211+0000][4986.516s][info ][safepoint   ] Safepoint "Cleanup", Time since last: 7011161044 ns, Reaching safepoint: 1585542 ns, Cleanup: 277958 ns, At safepoint: 28292 ns, Total: 1891792 ns
[2025-06-05T18:00:41.212+0000][4987.517s][debug][safepoint   ] Safepoint synchronization initiated using futex wait barrier. (194 threads)
[2025-06-05T18:00:41.213+0000][4987.518s][info ][safepoint   ] Safepoint "Cleanup", Time since last: 1000901917 ns, Reaching safepoint: 347875 ns, Cleanup: 20333 ns, At safepoint: 13875 ns, Total: 382083 ns
[2025-06-05T18:00:47.004+0000][4993.309s][debug][safepoint   ] Safepoint synchronization initiated using futex wait barrier. (194 threads)
[2025-06-05T18:00:47.005+0000][4993.310s][info ][safepoint   ] Safepoint "Cleanup", Time since last: 5790847336 ns, Reaching safepoint: 707792 ns, Cleanup: 274541 ns, At safepoint: 46375 ns, Total: 1028708 ns
[2025-06-05T18:00:48.007+0000][4994.312s][debug][safepoint   ] Safepoint synchronization initiated using futex wait barrier. (194 threads)
[2025-06-05T18:00:48.008+0000][4994.313s][info ][safepoint   ] Safepoint "Cleanup", Time since last: 1002177251 ns, Reaching safepoint: 777917 ns, Cleanup: 59416 ns, At safepoint: 20292 ns, Total: 857625 ns
[2025-06-05T18:01:25.041+0000][5031.328s][debug][safepoint   ] Safepoint synchronization initiated using futex wait barrier. (190 threads)
[2025-06-05T18:01:25.077+0000][5031.363s][info ][gc,start    ] GC(105) Pause Young (Normal) (G1 Evacuation Pause)
[2025-06-05T18:01:25.078+0000][5031.364s][info ][gc,task     ] GC(105) Using 2 workers of 2 for evacuation
[2025-06-05T18:01:25.543+0000][5031.830s][info ][gc,phases   ] GC(105)   Pre Evacuate Collection Set: 62.0ms
[2025-06-05T18:01:25.543+0000][5031.830s][info ][gc,phases   ] GC(105)   Merge Heap Roots: 4.9ms
[2025-06-05T18:01:25.544+0000][5031.830s][info ][gc,phases   ] GC(105)   Evacuate Collection Set: 347.9ms
[2025-06-05T18:01:25.544+0000][5031.830s][info ][gc,phases   ] GC(105)   Post Evacuate Collection Set: 48.7ms
[2025-06-05T18:01:25.544+0000][5031.830s][info ][gc,phases   ] GC(105)   Other: 15.4ms
[2025-06-05T18:01:25.544+0000][5031.830s][info ][gc,heap     ] GC(105) Eden regions: 238->0(238)
[2025-06-05T18:01:25.544+0000][5031.830s][info ][gc,heap     ] GC(105) Survivor regions: 1->1(30)
[2025-06-05T18:01:25.544+0000][5031.830s][info ][gc,heap     ] GC(105) Old regions: 193->193
[2025-06-05T18:01:25.544+0000][5031.831s][info ][gc,heap     ] GC(105) Archive regions: 2->2
[2025-06-05T18:01:25.544+0000][5031.831s][info ][gc,heap     ] GC(105) Humongous regions: 19->0
[2025-06-05T18:01:25.544+0000][5031.831s][info ][gc,metaspace] GC(105) Metaspace: 186571K(188288K)->186571K(188288K) NonClass: 164178K(165056K)->164178K(165056K) Class: 22392K(23232K)->22392K(23232K)
[2025-06-05T18:01:25.544+0000][5031.831s][info ][gc          ] GC(105) Pause Young (Normal) (G1 Evacuation Pause) 450M->193M(487M) 467.716ms
[2025-06-05T18:01:25.544+0000][5031.831s][info ][gc,cpu      ] GC(105) User=0.87s Sys=0.00s Real=0.47s
[2025-06-05T18:01:25.545+0000][5031.832s][info ][safepoint   ] Safepoint "G1CollectForAllocation", Time since last: 37014976559 ns, Reaching safepoint: 21554083 ns, Cleanup: 263459 ns, At safepoint: 482281750 ns, Total: 504099292 ns
[2025-06-05T18:01:29.553+0000][5035.840s][debug][safepoint   ] Safepoint synchronization initiated using futex wait barrier. (190 threads)
[2025-06-05T18:01:29.573+0000][5035.860s][info ][safepoint   ] Safepoint "Cleanup", Time since last: 4008088043 ns, Reaching safepoint: 19624959 ns, Cleanup: 153958 ns, At safepoint: 223792 ns, Total: 20002709 ns
[2025-06-05T18:01:49.134+0000][5055.423s][debug][safepoint   ] Safepoint synchronization initiated using futex wait barrier. (190 threads)
[2025-06-05T18:01:49.138+0000][5055.427s][info ][safepoint   ] Safepoint "Cleanup", Time since last: 19563216466 ns, Reaching safepoint: 4349917 ns, Cleanup: 92042 ns, At safepoint: 11750 ns, Total: 4453709 ns
[2025-06-05T18:02:00.245+0000][5066.534s][debug][safepoint   ] Safepoint synchronization initiated using futex wait barrier. (190 threads)
[2025-06-05T18:02:00.280+0000][5066.569s][info ][safepoint   ] Safepoint "Cleanup", Time since last: 11103996213 ns, Reaching safepoint: 31865667 ns, Cleanup: 5235667 ns, At safepoint: 764708 ns, Total: 37866042 ns
[2025-06-05T18:02:25.361+0000][5091.650s][debug][safepoint   ] Safepoint synchronization initiated using futex wait barrier. (187 threads)
[2025-06-05T18:02:25.367+0000][5091.656s][info ][safepoint   ] Safepoint "Cleanup", Time since last: 25080388345 ns, Reaching safepoint: 5042625 ns, Cleanup: 827708 ns, At safepoint: 56000 ns, Total: 5926333 ns
[2025-06-05T18:03:20.502+0000][5146.789s][debug][safepoint   ] Safepoint synchronization initiated using futex wait barrier. (185 threads)
[2025-06-05T18:03:20.512+0000][5146.799s][info ][gc,start    ] GC(106) Pause Young (Normal) (G1 Evacuation Pause)
[2025-06-05T18:03:20.513+0000][5146.800s][info ][gc,task     ] GC(106) Using 2 workers of 2 for evacuation
[2025-06-05T18:03:20.900+0000][5147.187s][info ][gc,phases   ] GC(106)   Pre Evacuate Collection Set: 18.2ms
[2025-06-05T18:03:20.900+0000][5147.188s][info ][gc,phases   ] GC(106)   Merge Heap Roots: 4.8ms
[2025-06-05T18:03:20.900+0000][5147.188s][info ][gc,phases   ] GC(106)   Evacuate Collection Set: 291.8ms
[2025-06-05T18:03:20.900+0000][5147.188s][info ][gc,phases   ] GC(106)   Post Evacuate Collection Set: 69.0ms
[2025-06-05T18:03:20.900+0000][5147.188s][info ][gc,phases   ] GC(106)   Other: 6.2ms
[2025-06-05T18:03:20.900+0000][5147.188s][info ][gc,heap     ] GC(106) Eden regions: 238->0(239)
[2025-06-05T18:03:20.901+0000][5147.188s][info ][gc,heap     ] GC(106) Survivor regions: 1->1(30)
[2025-06-05T18:03:20.901+0000][5147.188s][info ][gc,heap     ] GC(106) Old regions: 193->193
[2025-06-05T18:03:20.901+0000][5147.188s][info ][gc,heap     ] GC(106) Archive regions: 2->2
[2025-06-05T18:03:20.901+0000][5147.188s][info ][gc,heap     ] GC(106) Humongous regions: 0->0
[2025-06-05T18:03:20.901+0000][5147.188s][info ][gc,metaspace] GC(106) Metaspace: 186598K(188288K)->186598K(188288K) NonClass: 164206K(165056K)->164206K(165056K) Class: 22392K(23232K)->22392K(23232K)
[2025-06-05T18:03:20.901+0000][5147.188s][info ][gc          ] GC(106) Pause Young (Normal) (G1 Evacuation Pause) 431M->193M(487M) 389.288ms
[2025-06-05T18:03:20.901+0000][5147.189s][info ][gc,cpu      ] GC(106) User=0.74s Sys=0.01s Real=0.39s
[2025-06-05T18:03:20.902+0000][5147.189s][info ][safepoint   ] Safepoint "G1CollectForAllocation", Time since last: 55133498733 ns, Reaching safepoint: 7432792 ns, Cleanup: 184958 ns, At safepoint: 392661001 ns, Total: 400278751 ns
[2025-06-05T18:03:35.071+0000][5161.358s][debug][safepoint   ] Safepoint synchronization initiated using futex wait barrier. (185 threads)
[2025-06-05T18:03:35.076+0000][5161.363s][info ][safepoint   ] Safepoint "Cleanup", Time since last: 14168381590 ns, Reaching safepoint: 5085000 ns, Cleanup: 415333 ns, At safepoint: 48333 ns, Total: 5548666 ns
[2025-06-05T18:03:50.529+0000][5176.817s][debug][safepoint   ] Safepoint synchronization initiated using futex wait barrier. (185 threads)
[2025-06-05T18:03:50.529+0000][5176.818s][info ][safepoint   ] Safepoint "Cleanup", Time since last: 15453366590 ns, Reaching safepoint: 721209 ns, Cleanup: 61458 ns, At safepoint: 4458 ns, Total: 787125 ns
[2025-06-05T18:03:54.534+0000][5180.822s][debug][safepoint   ] Safepoint synchronization initiated using futex wait barrier. (185 threads)
[2025-06-05T18:03:54.536+0000][5180.824s][info ][safepoint   ] Safepoint "Cleanup", Time since last: 4004894044 ns, Reaching safepoint: 1334375 ns, Cleanup: 138958 ns, At safepoint: 32917 ns, Total: 1506250 ns
[2025-06-05T18:04:08.554+0000][5194.842s][debug][safepoint   ] Safepoint synchronization initiated using futex wait barrier. (183 threads)
[2025-06-05T18:04:08.555+0000][5194.843s][info ][safepoint   ] Safepoint "Cleanup", Time since last: 14018166715 ns, Reaching safepoint: 1110792 ns, Cleanup: 50875 ns, At safepoint: 4916 ns, Total: 1166583 ns
[2025-06-05T18:04:10.554+0000][5196.846s][debug][safepoint   ] Safepoint synchronization initiated using futex wait barrier. (183 threads)
[2025-06-05T18:04:10.555+0000][5196.847s][info ][safepoint   ] Safepoint "Cleanup", Time since last: 2002265375 ns, Reaching safepoint: 1193792 ns, Cleanup: 112125 ns, At safepoint: 35625 ns, Total: 1341542 ns
[2025-06-05T18:04:43.824+0000][5230.120s][debug][safepoint   ] Safepoint synchronization initiated using futex wait barrier. (183 threads)
[2025-06-05T18:04:43.828+0000][5230.124s][info ][safepoint   ] Safepoint "Cleanup", Time since last: 33272683474 ns, Reaching safepoint: 3826000 ns, Cleanup: 81291 ns, At safepoint: 59084 ns, Total: 3966375 ns
[2025-06-05T18:04:44.834+0000][5231.129s][debug][safepoint   ] Safepoint synchronization initiated using futex wait barrier. (183 threads)
[2025-06-05T18:04:44.837+0000][5231.133s][info ][safepoint   ] Safepoint "Cleanup", Time since last: 1005869750 ns, Reaching safepoint: 2261292 ns, Cleanup: 798542 ns, At safepoint: 281541 ns, Total: 3341375 ns
[2025-06-05T18:04:47.567+0000][5233.862s][debug][safepoint   ] Safepoint synchronization initiated using futex wait barrier. (183 threads)
[2025-06-05T18:04:47.637+0000][5233.932s][debug][safepoint   ] ... found polling page loop exception at pc = 0x0000ffff89fecf74, stub =0x0000ffff8897ef00
[2025-06-05T18:04:47.639+0000][5233.934s][info ][safepoint   ] Safepoint "Cleanup", Time since last: 2715646835 ns, Reaching safepoint: 84939125 ns, Cleanup: 781167 ns, At safepoint: 39083 ns, Total: 85759375 ns
[2025-06-05T18:04:48.639+0000][5234.935s][debug][safepoint   ] Safepoint synchronization initiated using futex wait barrier. (183 threads)
[2025-06-05T18:04:48.657+0000][5234.953s][info ][safepoint   ] Safepoint "Cleanup", Time since last: 1000430875 ns, Reaching safepoint: 18115042 ns, Cleanup: 94125 ns, At safepoint: 18375 ns, Total: 18227542 ns
[2025-06-05T18:04:51.661+0000][5237.956s][debug][safepoint   ] Safepoint synchronization initiated using futex wait barrier. (183 threads)
[2025-06-05T18:04:51.662+0000][5237.958s][info ][safepoint   ] Safepoint "Cleanup", Time since last: 3003583793 ns, Reaching safepoint: 1077833 ns, Cleanup: 56209 ns, At safepoint: 4833 ns, Total: 1138875 ns
[2025-06-05T18:04:52.663+0000][5238.959s][debug][safepoint   ] Safepoint synchronization initiated using futex wait barrier. (183 threads)
[2025-06-05T18:04:52.664+0000][5238.960s][info ][safepoint   ] Safepoint "Cleanup", Time since last: 1001396709 ns, Reaching safepoint: 605250 ns, Cleanup: 88125 ns, At safepoint: 9667 ns, Total: 703042 ns
[2025-06-05T18:04:53.669+0000][5239.965s][debug][safepoint   ] Safepoint synchronization initiated using futex wait barrier. (183 threads)
[2025-06-05T18:04:53.691+0000][5239.987s][info ][safepoint   ] Safepoint "Cleanup", Time since last: 1005272667 ns, Reaching safepoint: 21478291 ns, Cleanup: 526625 ns, At safepoint: 158167 ns, Total: 22163083 ns
[2025-06-05T18:04:54.077+0000][5240.372s][debug][safepoint   ] Safepoint synchronization initiated using futex wait barrier. (183 threads)
[2025-06-05T18:04:54.078+0000][5240.374s][info ][gc,start    ] GC(107) Pause Young (Normal) (G1 Evacuation Pause)
[2025-06-05T18:04:54.079+0000][5240.374s][info ][gc,task     ] GC(107) Using 2 workers of 2 for evacuation
[2025-06-05T18:04:54.254+0000][5240.550s][info ][gc,phases   ] GC(107)   Pre Evacuate Collection Set: 8.9ms
[2025-06-05T18:04:54.254+0000][5240.550s][info ][gc,phases   ] GC(107)   Merge Heap Roots: 2.2ms
[2025-06-05T18:04:54.254+0000][5240.550s][info ][gc,phases   ] GC(107)   Evacuate Collection Set: 137.7ms
[2025-06-05T18:04:54.254+0000][5240.550s][info ][gc,phases   ] GC(107)   Post Evacuate Collection Set: 24.8ms
[2025-06-05T18:04:54.255+0000][5240.550s][info ][gc,phases   ] GC(107)   Other: 3.3ms
[2025-06-05T18:04:54.255+0000][5240.550s][info ][gc,heap     ] GC(107) Eden regions: 239->0(239)
[2025-06-05T18:04:54.255+0000][5240.550s][info ][gc,heap     ] GC(107) Survivor regions: 1->1(30)
[2025-06-05T18:04:54.255+0000][5240.550s][info ][gc,heap     ] GC(107) Old regions: 193->193
[2025-06-05T18:04:54.255+0000][5240.551s][info ][gc,heap     ] GC(107) Archive regions: 2->2
[2025-06-05T18:04:54.255+0000][5240.551s][info ][gc,heap     ] GC(107) Humongous regions: 19->0
[2025-06-05T18:04:54.255+0000][5240.551s][info ][gc,metaspace] GC(107) Metaspace: 186640K(188352K)->186640K(188352K) NonClass: 164247K(165120K)->164247K(165120K) Class: 22392K(23232K)->22392K(23232K)
[2025-06-05T18:04:54.256+0000][5240.551s][info ][gc          ] GC(107) Pause Young (Normal) (G1 Evacuation Pause) 451M->193M(487M) 177.134ms
[2025-06-05T18:04:54.256+0000][5240.552s][info ][gc,cpu      ] GC(107) User=0.35s Sys=0.00s Real=0.18s
[2025-06-05T18:04:54.258+0000][5240.554s][info ][safepoint   ] Safepoint "G1CollectForAllocation", Time since last: 385177250 ns, Reaching safepoint: 231917 ns, Cleanup: 21333 ns, At safepoint: 181214167 ns, Total: 181467417 ns
[2025-06-05T18:04:57.274+0000][5243.569s][debug][safepoint   ] Safepoint synchronization initiated using futex wait barrier. (183 threads)
[2025-06-05T18:04:57.331+0000][5243.626s][info ][safepoint   ] Safepoint "Cleanup", Time since last: 3013728335 ns, Reaching safepoint: 56796708 ns, Cleanup: 896500 ns, At safepoint: 1202917 ns, Total: 58896125 ns
[2025-06-05T18:05:09.356+0000][5255.652s][debug][safepoint   ] Safepoint synchronization initiated using futex wait barrier. (181 threads)
[2025-06-05T18:05:09.359+0000][5255.655s][debug][safepoint   ] ... found polling page loop exception at pc = 0x0000ffff89a50184, stub =0x0000ffff8897ef00
[2025-06-05T18:05:09.360+0000][5255.655s][info ][safepoint   ] Safepoint "Cleanup", Time since last: 12025692006 ns, Reaching safepoint: 3298375 ns, Cleanup: 50583 ns, At safepoint: 9208 ns, Total: 3358166 ns
[2025-06-05T18:05:10.939+0000][5257.353s][debug][safepoint   ] Safepoint synchronization initiated using futex wait barrier. (183 threads)
[2025-06-05T18:05:10.944+0000][5257.357s][info ][safepoint   ] Safepoint "Cleanup", Time since last: 1697259876 ns, Reaching safepoint: 2915666 ns, Cleanup: 1484792 ns, At safepoint: 139583 ns, Total: 4540041 ns
[2025-06-05T18:05:14.949+0000][5261.362s][debug][safepoint   ] Safepoint synchronization initiated using futex wait barrier. (183 threads)
[2025-06-05T18:05:14.950+0000][5261.363s][info ][safepoint   ] Safepoint "Cleanup", Time since last: 4004809627 ns, Reaching safepoint: 1323084 ns, Cleanup: 160041 ns, At safepoint: 31334 ns, Total: 1514459 ns
[2025-06-05T18:05:15.952+0000][5262.365s][debug][safepoint   ] Safepoint synchronization initiated using futex wait barrier. (183 threads)
[2025-06-05T18:05:15.952+0000][5262.366s][info ][safepoint   ] Safepoint "Cleanup", Time since last: 1001668917 ns, Reaching safepoint: 430875 ns, Cleanup: 67416 ns, At safepoint: 10542 ns, Total: 508833 ns
[2025-06-05T18:05:33.977+0000][5280.390s][debug][safepoint   ] Safepoint synchronization initiated using futex wait barrier. (179 threads)
[2025-06-05T18:05:33.980+0000][5280.394s][info ][safepoint   ] Safepoint "Cleanup", Time since last: 18024386717 ns, Reaching safepoint: 3278833 ns, Cleanup: 174000 ns, At safepoint: 22834 ns, Total: 3475667 ns
[2025-06-05T18:06:49.579+0000][5355.998s][debug][safepoint   ] Safepoint synchronization initiated using futex wait barrier. (175 threads)
[2025-06-05T18:06:49.581+0000][5356.000s][info ][safepoint   ] Safepoint "Cleanup", Time since last: 75604024242 ns, Reaching safepoint: 1969916 ns, Cleanup: 264209 ns, At safepoint: 23166 ns, Total: 2257291 ns
[2025-06-05T18:07:25.637+0000][5392.057s][debug][safepoint   ] Safepoint synchronization initiated using futex wait barrier. (180 threads)
[2025-06-05T18:07:25.638+0000][5392.058s][info ][safepoint   ] Safepoint "Cleanup", Time since last: 36057606559 ns, Reaching safepoint: 870250 ns, Cleanup: 72208 ns, At safepoint: 4375 ns, Total: 946833 ns
[2025-06-05T18:07:30.651+0000][5397.071s][debug][safepoint   ] Safepoint synchronization initiated using futex wait barrier. (178 threads)
[2025-06-05T18:07:30.656+0000][5397.077s][info ][safepoint   ] Safepoint "Cleanup", Time since last: 5012225211 ns, Reaching safepoint: 5736416 ns, Cleanup: 161875 ns, At safepoint: 11459 ns, Total: 5909750 ns
[2025-06-05T18:07:32.713+0000][5399.133s][debug][safepoint   ] Safepoint synchronization initiated using futex wait barrier. (181 threads)
[2025-06-05T18:07:32.733+0000][5399.154s][info ][safepoint   ] Safepoint "Cleanup", Time since last: 2056811459 ns, Reaching safepoint: 12972625 ns, Cleanup: 7180042 ns, At safepoint: 133375 ns, Total: 20286042 ns
[2025-06-05T18:07:34.735+0000][5401.155s][debug][safepoint   ] Safepoint synchronization initiated using futex wait barrier. (181 threads)
[2025-06-05T18:07:34.811+0000][5401.231s][info ][safepoint   ] Safepoint "Cleanup", Time since last: 2001856709 ns, Reaching safepoint: 73960458 ns, Cleanup: 1461750 ns, At safepoint: 328042 ns, Total: 75750250 ns
[2025-06-05T18:07:37.907+0000][5404.327s][debug][safepoint   ] Safepoint synchronization initiated using futex wait barrier. (180 threads)
[2025-06-05T18:07:38.007+0000][5404.427s][info ][safepoint   ] Safepoint "Cleanup", Time since last: 3028289168 ns, Reaching safepoint: 106786625 ns, Cleanup: 423500 ns, At safepoint: 59916459 ns, Total: 167126584 ns
[2025-06-05T18:07:39.010+0000][5405.430s][debug][safepoint   ] Safepoint synchronization initiated using futex wait barrier. (180 threads)
[2025-06-05T18:07:39.012+0000][5405.432s][debug][safepoint   ] ... found polling page loop exception at pc = 0x0000ffff89381734, stub =0x0000ffff8897ef00
[2025-06-05T18:07:39.012+0000][5405.432s][debug][safepoint   ] ... found polling page loop exception at pc = 0x0000ffff89381734, stub =0x0000ffff8897ef00
[2025-06-05T18:07:39.012+0000][5405.432s][debug][safepoint   ] ... found polling page loop exception at pc = 0x0000ffff89381734, stub =0x0000ffff8897ef00
[2025-06-05T18:07:39.022+0000][5405.442s][info ][safepoint   ] Safepoint "Cleanup", Time since last: 1003180708 ns, Reaching safepoint: 4832875 ns, Cleanup: 686625 ns, At safepoint: 7127750 ns, Total: 12647250 ns
[2025-06-05T18:07:40.519+0000][5406.940s][debug][safepoint   ] Safepoint synchronization initiated using futex wait barrier. (179 threads)
[2025-06-05T18:07:40.532+0000][5406.952s][info ][gc,start    ] GC(108) Pause Young (Normal) (G1 Evacuation Pause)
[2025-06-05T18:07:40.533+0000][5406.953s][info ][gc,task     ] GC(108) Using 2 workers of 2 for evacuation
[2025-06-05T18:07:41.199+0000][5407.620s][info ][gc,mmu      ] GC(108) MMU target violated: 501.0ms (500.0ms/501.0ms)
[2025-06-05T18:07:41.200+0000][5407.621s][info ][gc,phases   ] GC(108)   Pre Evacuate Collection Set: 82.5ms
[2025-06-05T18:07:41.200+0000][5407.621s][info ][gc,phases   ] GC(108)   Merge Heap Roots: 13.3ms
[2025-06-05T18:07:41.200+0000][5407.621s][info ][gc,phases   ] GC(108)   Evacuate Collection Set: 502.4ms
[2025-06-05T18:07:41.200+0000][5407.621s][info ][gc,phases   ] GC(108)   Post Evacuate Collection Set: 56.8ms
[2025-06-05T18:07:41.200+0000][5407.621s][info ][gc,phases   ] GC(108)   Other: 17.1ms
[2025-06-05T18:07:41.200+0000][5407.621s][info ][gc,heap     ] GC(108) Eden regions: 239->0(238)
[2025-06-05T18:07:41.200+0000][5407.621s][info ][gc,heap     ] GC(108) Survivor regions: 1->2(30)
[2025-06-05T18:07:41.200+0000][5407.621s][info ][gc,heap     ] GC(108) Old regions: 193->193
[2025-06-05T18:07:41.200+0000][5407.621s][info ][gc,heap     ] GC(108) Archive regions: 2->2
[2025-06-05T18:07:41.200+0000][5407.621s][info ][gc,heap     ] GC(108) Humongous regions: 1->0
[2025-06-05T18:07:41.200+0000][5407.621s][info ][gc,metaspace] GC(108) Metaspace: 186717K(188416K)->186717K(188416K) NonClass: 164324K(165184K)->164324K(165184K) Class: 22393K(23232K)->22393K(23232K)
[2025-06-05T18:07:41.200+0000][5407.621s][info ][gc          ] GC(108) Pause Young (Normal) (G1 Evacuation Pause) 433M->194M(487M) 669.698ms
[2025-06-05T18:07:41.200+0000][5407.622s][info ][gc,cpu      ] GC(108) User=0.98s Sys=0.01s Real=0.67s
[2025-06-05T18:07:41.204+0000][5407.625s][info ][safepoint   ] Safepoint "G1CollectForAllocation", Time since last: 1497052084 ns, Reaching safepoint: 3941084 ns, Cleanup: 26666 ns, At safepoint: 681550125 ns, Total: 685517875 ns
[2025-06-05T18:07:42.206+0000][5408.627s][debug][safepoint   ] Safepoint synchronization initiated using futex wait barrier. (179 threads)
[2025-06-05T18:07:42.324+0000][5408.745s][info ][safepoint   ] Safepoint "Cleanup", Time since last: 1001898376 ns, Reaching safepoint: 117575291 ns, Cleanup: 66792 ns, At safepoint: 567583 ns, Total: 118209666 ns
[2025-06-05T18:07:46.409+0000][5412.831s][debug][safepoint   ] Safepoint synchronization initiated using futex wait barrier. (181 threads)
[2025-06-05T18:07:46.533+0000][5412.954s][info ][safepoint   ] Safepoint "Cleanup", Time since last: 4085414086 ns, Reaching safepoint: 123089666 ns, Cleanup: 116875 ns, At safepoint: 271042 ns, Total: 123477583 ns
[2025-06-05T18:07:47.625+0000][5414.046s][debug][safepoint   ] Safepoint synchronization initiated using futex wait barrier. (181 threads)
[2025-06-05T18:07:47.633+0000][5414.054s][info ][safepoint   ] Safepoint "Cleanup", Time since last: 1092352334 ns, Reaching safepoint: 7302625 ns, Cleanup: 149042 ns, At safepoint: 11458 ns, Total: 7463125 ns
[2025-06-05T18:07:48.634+0000][5415.055s][debug][safepoint   ] Safepoint synchronization initiated using futex wait barrier. (181 threads)
[2025-06-05T18:07:48.635+0000][5415.056s][info ][safepoint   ] Safepoint "Cleanup", Time since last: 1001103000 ns, Reaching safepoint: 1018542 ns, Cleanup: 198000 ns, At safepoint: 22208 ns, Total: 1238750 ns
[2025-06-05T18:07:49.637+0000][5416.059s][debug][safepoint   ] Safepoint synchronization initiated using futex wait barrier. (181 threads)
[2025-06-05T18:07:49.638+0000][5416.059s][info ][safepoint   ] Safepoint "Cleanup", Time since last: 1002383959 ns, Reaching safepoint: 617917 ns, Cleanup: 128333 ns, At safepoint: 16917 ns, Total: 763167 ns
[2025-06-05T18:07:51.641+0000][5418.062s][debug][safepoint   ] Safepoint synchronization initiated using futex wait barrier. (180 threads)
[2025-06-05T18:07:51.643+0000][5418.065s][info ][safepoint   ] Safepoint "Cleanup", Time since last: 2002929876 ns, Reaching safepoint: 2146791 ns, Cleanup: 325709 ns, At safepoint: 15041 ns, Total: 2487541 ns
[2025-06-05T18:07:52.644+0000][5419.065s][debug][safepoint   ] Safepoint synchronization initiated using futex wait barrier. (180 threads)
[2025-06-05T18:07:52.648+0000][5419.070s][info ][safepoint   ] Safepoint "Cleanup", Time since last: 1000710834 ns, Reaching safepoint: 4019209 ns, Cleanup: 70000 ns, At safepoint: 7791 ns, Total: 4097000 ns
[2025-06-05T18:07:54.652+0000][5421.073s][debug][safepoint   ] Safepoint synchronization initiated using futex wait barrier. (180 threads)
[2025-06-05T18:07:54.657+0000][5421.078s][info ][safepoint   ] Safepoint "Cleanup", Time since last: 2003550501 ns, Reaching safepoint: 5251792 ns, Cleanup: 92167 ns, At safepoint: 14166 ns, Total: 5358125 ns
[2025-06-05T18:08:23.661+0000][5450.123s][debug][safepoint   ] Safepoint synchronization initiated using futex wait barrier. (178 threads)
[2025-06-05T18:08:23.668+0000][5450.130s][info ][safepoint   ] Safepoint "Cleanup", Time since last: 29044549430 ns, Reaching safepoint: 6590334 ns, Cleanup: 744625 ns, At safepoint: 24125 ns, Total: 7359084 ns
[2025-06-05T18:08:24.670+0000][5451.132s][debug][safepoint   ] Safepoint synchronization initiated using futex wait barrier. (178 threads)
[2025-06-05T18:08:24.671+0000][5451.133s][info ][safepoint   ] Safepoint "Cleanup", Time since last: 1001634792 ns, Reaching safepoint: 1326500 ns, Cleanup: 61583 ns, At safepoint: 22333 ns, Total: 1410416 ns
[2025-06-05T18:08:54.837+0000][5481.279s][debug][safepoint   ] Safepoint synchronization initiated using futex wait barrier. (174 threads)
[2025-06-05T18:08:54.840+0000][5481.283s][info ][safepoint   ] Safepoint "Cleanup", Time since last: 30145548889 ns, Reaching safepoint: 2951875 ns, Cleanup: 657959 ns, At safepoint: 17916 ns, Total: 3627750 ns
[2025-06-05T18:08:57.551+0000][5483.993s][debug][safepoint   ] Safepoint synchronization initiated using futex wait barrier. (178 threads)
[2025-06-05T18:08:57.551+0000][5483.994s][info ][safepoint   ] Safepoint "Cleanup", Time since last: 2710353960 ns, Reaching safepoint: 608458 ns, Cleanup: 43917 ns, At safepoint: 6667 ns, Total: 659042 ns
[2025-06-05T18:08:58.552+0000][5484.995s][debug][safepoint   ] Safepoint synchronization initiated using futex wait barrier. (178 threads)
[2025-06-05T18:08:58.553+0000][5484.996s][info ][safepoint   ] Safepoint "Cleanup", Time since last: 1001081000 ns, Reaching safepoint: 810083 ns, Cleanup: 169917 ns, At safepoint: 12250 ns, Total: 992250 ns
[2025-06-05T18:09:08.610+0000][5495.053s][debug][safepoint   ] Safepoint synchronization initiated using futex wait barrier. (179 threads)
[2025-06-05T18:09:08.612+0000][5495.055s][info ][safepoint   ] Safepoint "Cleanup", Time since last: 10056980713 ns, Reaching safepoint: 1868417 ns, Cleanup: 198417 ns, At safepoint: 10083 ns, Total: 2076917 ns
[2025-06-05T18:09:24.671+0000][5511.097s][debug][safepoint   ] Safepoint synchronization initiated using futex wait barrier. (179 threads)
[2025-06-05T18:09:24.674+0000][5511.100s][info ][safepoint   ] Safepoint "Cleanup", Time since last: 16041989424 ns, Reaching safepoint: 3490583 ns, Cleanup: 260709 ns, At safepoint: 22708 ns, Total: 3774000 ns
[2025-06-05T18:09:26.085+0000][5512.511s][debug][safepoint   ] Safepoint synchronization initiated using futex wait barrier. (179 threads)
[2025-06-05T18:09:26.087+0000][5512.513s][info ][safepoint   ] Safepoint "Cleanup", Time since last: 1410874626 ns, Reaching safepoint: 1184583 ns, Cleanup: 188583 ns, At safepoint: 27750 ns, Total: 1400916 ns
[2025-06-05T18:09:30.124+0000][5516.550s][debug][safepoint   ] Safepoint synchronization initiated using futex wait barrier. (179 threads)
[2025-06-05T18:09:30.129+0000][5516.555s][info ][safepoint   ] Safepoint "Cleanup", Time since last: 4036847752 ns, Reaching safepoint: 4499792 ns, Cleanup: 528583 ns, At safepoint: 28334 ns, Total: 5056709 ns
[2025-06-05T18:09:30.129+0000][5516.555s][debug][safepoint   ] Safepoint synchronization initiated using futex wait barrier. (179 threads)
[2025-06-05T18:09:30.130+0000][5516.556s][debug][safepoint   ] ... found polling page loop exception at pc = 0x0000ffff8a898ec8, stub =0x0000ffff8897ef00
[2025-06-05T18:09:30.141+0000][5516.567s][info ][gc,start    ] GC(109) Pause Young (Normal) (G1 Evacuation Pause)
[2025-06-05T18:09:30.143+0000][5516.569s][info ][gc,task     ] GC(109) Using 2 workers of 2 for evacuation
[2025-06-05T18:09:30.306+0000][5516.732s][info ][gc,phases   ] GC(109)   Pre Evacuate Collection Set: 13.8ms
[2025-06-05T18:09:30.306+0000][5516.733s][info ][gc,phases   ] GC(109)   Merge Heap Roots: 3.7ms
[2025-06-05T18:09:30.307+0000][5516.733s][info ][gc,phases   ] GC(109)   Evacuate Collection Set: 106.6ms
[2025-06-05T18:09:30.307+0000][5516.733s][info ][gc,phases   ] GC(109)   Post Evacuate Collection Set: 36.1ms
[2025-06-05T18:09:30.307+0000][5516.733s][info ][gc,phases   ] GC(109)   Other: 15.5ms
[2025-06-05T18:09:30.307+0000][5516.733s][info ][gc,heap     ] GC(109) Eden regions: 238->0(238)
[2025-06-05T18:09:30.307+0000][5516.733s][info ][gc,heap     ] GC(109) Survivor regions: 2->2(30)
[2025-06-05T18:09:30.307+0000][5516.733s][info ][gc,heap     ] GC(109) Old regions: 193->193
[2025-06-05T18:09:30.307+0000][5516.733s][info ][gc,heap     ] GC(109) Archive regions: 2->2
[2025-06-05T18:09:30.307+0000][5516.733s][info ][gc,heap     ] GC(109) Humongous regions: 19->0
[2025-06-05T18:09:30.307+0000][5516.733s][info ][gc,metaspace] GC(109) Metaspace: 186823K(188480K)->186823K(188480K) NonClass: 164425K(165248K)->164425K(165248K) Class: 22397K(23232K)->22397K(23232K)
[2025-06-05T18:09:30.307+0000][5516.733s][info ][gc          ] GC(109) Pause Young (Normal) (G1 Evacuation Pause) 451M->194M(487M) 166.861ms
[2025-06-05T18:09:30.307+0000][5516.733s][info ][gc,cpu      ] GC(109) User=0.32s Sys=0.00s Real=0.17s
[2025-06-05T18:09:30.309+0000][5516.735s][info ][safepoint   ] Safepoint "G1CollectForAllocation", Time since last: 692333 ns, Reaching safepoint: 1028792 ns, Cleanup: 9041 ns, At safepoint: 178399709 ns, Total: 179437542 ns
[2025-06-05T18:09:34.317+0000][5520.743s][debug][safepoint   ] Safepoint synchronization initiated using futex wait barrier. (180 threads)
[2025-06-05T18:09:34.325+0000][5520.751s][info ][safepoint   ] Safepoint "Cleanup", Time since last: 4007756585 ns, Reaching safepoint: 2523000 ns, Cleanup: 4174542 ns, At safepoint: 2227166 ns, Total: 8924708 ns
[2025-06-05T18:09:35.329+0000][5521.755s][debug][safepoint   ] Safepoint synchronization initiated using futex wait barrier. (182 threads)
[2025-06-05T18:09:35.331+0000][5521.757s][info ][safepoint   ] Safepoint "Cleanup", Time since last: 1003638417 ns, Reaching safepoint: 2179334 ns, Cleanup: 68041 ns, At safepoint: 13292 ns, Total: 2260667 ns
[2025-06-05T18:09:40.405+0000][5526.831s][debug][safepoint   ] Safepoint synchronization initiated using futex wait barrier. (184 threads)
[2025-06-05T18:09:40.606+0000][5527.032s][debug][safepoint   ] ... found polling page loop exception at pc = 0x0000ffff89bef314, stub =0x0000ffff8897ef00
[2025-06-05T18:09:40.708+0000][5527.134s][info ][safepoint   ] Safepoint "Cleanup", Time since last: 5073802086 ns, Reaching safepoint: 295291833 ns, Cleanup: 1079792 ns, At safepoint: 6199417 ns, Total: 302571042 ns
[2025-06-05T18:09:41.716+0000][5528.144s][debug][safepoint   ] Safepoint synchronization initiated using futex wait barrier. (184 threads)
[2025-06-05T18:09:41.721+0000][5528.149s][info ][safepoint   ] Safepoint "Cleanup", Time since last: 1010579417 ns, Reaching safepoint: 4539666 ns, Cleanup: 163209 ns, At safepoint: 42208 ns, Total: 4745083 ns
[2025-06-05T18:09:42.725+0000][5529.153s][debug][safepoint   ] Safepoint synchronization initiated using futex wait barrier. (184 threads)
[2025-06-05T18:09:42.726+0000][5529.154s][info ][safepoint   ] Safepoint "Cleanup", Time since last: 1003825709 ns, Reaching safepoint: 938083 ns, Cleanup: 82375 ns, At safepoint: 15292 ns, Total: 1035750 ns
[2025-06-05T18:09:43.909+0000][5530.337s][debug][safepoint   ] Safepoint synchronization initiated using futex wait barrier. (184 threads)
[2025-06-05T18:09:43.920+0000][5530.348s][info ][safepoint   ] Safepoint "G1TryInitiateConcMark", Time since last: 1183089209 ns, Reaching safepoint: 10462500 ns, Cleanup: 67000 ns, At safepoint: 267333 ns, Total: 10796833 ns
[2025-06-05T18:09:43.920+0000][5530.348s][debug][safepoint   ] Safepoint synchronization initiated using futex wait barrier. (184 threads)
[2025-06-05T18:09:43.922+0000][5530.350s][info ][gc,start    ] GC(110) Pause Young (Concurrent Start) (G1 Humongous Allocation)
[2025-06-05T18:09:43.922+0000][5530.350s][info ][gc,task     ] GC(110) Using 2 workers of 2 for evacuation
[2025-06-05T18:09:44.054+0000][5530.483s][info ][gc,phases   ] GC(110)   Pre Evacuate Collection Set: 12.0ms
[2025-06-05T18:09:44.055+0000][5530.483s][info ][gc,phases   ] GC(110)   Merge Heap Roots: 0.6ms
[2025-06-05T18:09:44.055+0000][5530.483s][info ][gc,phases   ] GC(110)   Evacuate Collection Set: 107.4ms
[2025-06-05T18:09:44.055+0000][5530.483s][info ][gc,phases   ] GC(110)   Post Evacuate Collection Set: 11.0ms
[2025-06-05T18:09:44.055+0000][5530.483s][info ][gc,phases   ] GC(110)   Other: 2.2ms
[2025-06-05T18:09:44.055+0000][5530.483s][info ][gc,heap     ] GC(110) Eden regions: 129->0(231)
[2025-06-05T18:09:44.055+0000][5530.483s][info ][gc,heap     ] GC(110) Survivor regions: 2->2(30)
[2025-06-05T18:09:44.055+0000][5530.483s][info ][gc,heap     ] GC(110) Old regions: 193->193
[2025-06-05T18:09:44.055+0000][5530.483s][info ][gc,heap     ] GC(110) Archive regions: 2->2
[2025-06-05T18:09:44.055+0000][5530.483s][info ][gc,heap     ] GC(110) Humongous regions: 27->7
[2025-06-05T18:09:44.055+0000][5530.483s][info ][gc,metaspace] GC(110) Metaspace: 186832K(188480K)->186832K(188480K) NonClass: 164434K(165248K)->164434K(165248K) Class: 22397K(23232K)->22397K(23232K)
[2025-06-05T18:09:44.055+0000][5530.484s][info ][gc          ] GC(110) Pause Young (Concurrent Start) (G1 Humongous Allocation) 350M->201M(487M) 133.767ms
[2025-06-05T18:09:44.055+0000][5530.484s][info ][gc,cpu      ] GC(110) User=0.25s Sys=0.00s Real=0.13s
[2025-06-05T18:09:44.056+0000][5530.484s][info ][gc          ] GC(111) Concurrent Undo Cycle
[2025-06-05T18:09:44.056+0000][5530.485s][info ][gc,marking  ] GC(111) Concurrent Cleanup for Next Mark
[2025-06-05T18:09:44.056+0000][5530.485s][info ][safepoint   ] Safepoint "G1TryInitiateConcMark", Time since last: 299042 ns, Reaching safepoint: 1425125 ns, Cleanup: 4875 ns, At safepoint: 134950875 ns, Total: 136380875 ns
[2025-06-05T18:09:44.175+0000][5530.603s][info ][gc,marking  ] GC(111) Concurrent Cleanup for Next Mark 118.306ms
[2025-06-05T18:09:44.175+0000][5530.603s][info ][gc          ] GC(111) Concurrent Undo Cycle 118.658ms
[2025-06-05T18:09:46.999+0000][5533.428s][debug][safepoint   ] ... found polling page loop exception at pc = 0x0000ffff8a90b8d4, stub =0x0000ffff8897ef00
[2025-06-05T18:09:48.004+0000][5534.432s][debug][safepoint   ] Safepoint synchronization initiated using futex wait barrier. (184 threads)
[2025-06-05T18:09:48.005+0000][5534.433s][info ][safepoint   ] Safepoint "Cleanup", Time since last: 3947631252 ns, Reaching safepoint: 1013958 ns, Cleanup: 61958 ns, At safepoint: 12750 ns, Total: 1088666 ns
[2025-06-05T18:09:50.014+0000][5536.442s][debug][safepoint   ] Safepoint synchronization initiated using futex wait barrier. (184 threads)
[2025-06-05T18:09:50.016+0000][5536.444s][info ][safepoint   ] Safepoint "Cleanup", Time since last: 2008602001 ns, Reaching safepoint: 1942959 ns, Cleanup: 160750 ns, At safepoint: 15000 ns, Total: 2118709 ns
[2025-06-05T18:10:02.029+0000][5548.458s][debug][safepoint   ] Safepoint synchronization initiated using futex wait barrier. (184 threads)
[2025-06-05T18:10:02.032+0000][5548.460s][info ][safepoint   ] Safepoint "Cleanup", Time since last: 12013677089 ns, Reaching safepoint: 2006416 ns, Cleanup: 370917 ns, At safepoint: 30000 ns, Total: 2407333 ns
[2025-06-05T18:10:03.034+0000][5549.462s][debug][safepoint   ] Safepoint synchronization initiated using futex wait barrier. (184 threads)
[2025-06-05T18:10:03.035+0000][5549.463s][info ][safepoint   ] Safepoint "Cleanup", Time since last: 1002061126 ns, Reaching safepoint: 660291 ns, Cleanup: 103917 ns, At safepoint: 20458 ns, Total: 784666 ns
[2025-06-05T18:10:05.038+0000][5551.467s][debug][safepoint   ] Safepoint synchronization initiated using futex wait barrier. (184 threads)
[2025-06-05T18:10:05.041+0000][5551.469s][info ][safepoint   ] Safepoint "Cleanup", Time since last: 2003737710 ns, Reaching safepoint: 2138000 ns, Cleanup: 217375 ns, At safepoint: 36916 ns, Total: 2392291 ns
[2025-06-05T18:10:25.094+0000][5571.523s][debug][safepoint   ] Safepoint synchronization initiated using futex wait barrier. (184 threads)
[2025-06-05T18:10:25.100+0000][5571.529s][info ][safepoint   ] Safepoint "Cleanup", Time since last: 20053430551 ns, Reaching safepoint: 5175666 ns, Cleanup: 519667 ns, At safepoint: 545917 ns, Total: 6241250 ns
[2025-06-05T18:10:30.106+0000][5576.535s][debug][safepoint   ] Safepoint synchronization initiated using futex wait barrier. (180 threads)
[2025-06-05T18:10:30.111+0000][5576.539s][info ][safepoint   ] Safepoint "Cleanup", Time since last: 5005881961 ns, Reaching safepoint: 3339333 ns, Cleanup: 1405708 ns, At safepoint: 52042 ns, Total: 4797083 ns
[2025-06-05T18:10:32.114+0000][5578.542s][debug][safepoint   ] Safepoint synchronization initiated using futex wait barrier. (181 threads)
[2025-06-05T18:10:32.126+0000][5578.555s][info ][safepoint   ] Safepoint "Cleanup", Time since last: 2003074126 ns, Reaching safepoint: 12083583 ns, Cleanup: 76333 ns, At safepoint: 43667 ns, Total: 12203583 ns
[2025-06-05T18:10:33.127+0000][5579.555s][debug][safepoint   ] Safepoint synchronization initiated using futex wait barrier. (183 threads)
[2025-06-05T18:10:33.128+0000][5579.556s][info ][safepoint   ] Safepoint "Cleanup", Time since last: 1000822001 ns, Reaching safepoint: 756750 ns, Cleanup: 170000 ns, At safepoint: 17541 ns, Total: 944291 ns
[2025-06-05T18:10:44.135+0000][5590.575s][debug][safepoint   ] Safepoint synchronization initiated using futex wait barrier. (183 threads)
[2025-06-05T18:10:44.155+0000][5590.595s][info ][safepoint   ] Safepoint "Cleanup", Time since last: 11018182089 ns, Reaching safepoint: 16343250 ns, Cleanup: 3688750 ns, At safepoint: 73458 ns, Total: 20105458 ns
[2025-06-05T18:10:51.216+0000][5597.656s][debug][safepoint   ] Safepoint synchronization initiated using futex wait barrier. (183 threads)
[2025-06-05T18:10:51.219+0000][5597.658s][info ][safepoint   ] Safepoint "Cleanup", Time since last: 7060979003 ns, Reaching safepoint: 1973417 ns, Cleanup: 216042 ns, At safepoint: 30000 ns, Total: 2219459 ns
[2025-06-05T18:10:53.789+0000][5600.228s][debug][safepoint   ] Safepoint synchronization initiated using futex wait barrier. (183 threads)
[2025-06-05T18:10:53.796+0000][5600.235s][info ][gc,start    ] GC(112) Pause Young (Normal) (G1 Evacuation Pause)
[2025-06-05T18:10:53.796+0000][5600.236s][info ][gc,task     ] GC(112) Using 2 workers of 2 for evacuation
[2025-06-05T18:10:54.014+0000][5600.453s][info ][gc,phases   ] GC(112)   Pre Evacuate Collection Set: 14.7ms
[2025-06-05T18:10:54.014+0000][5600.453s][info ][gc,phases   ] GC(112)   Merge Heap Roots: 1.8ms
[2025-06-05T18:10:54.014+0000][5600.453s][info ][gc,phases   ] GC(112)   Evacuate Collection Set: 176.6ms
[2025-06-05T18:10:54.014+0000][5600.453s][info ][gc,phases   ] GC(112)   Post Evacuate Collection Set: 22.2ms
[2025-06-05T18:10:54.014+0000][5600.453s][info ][gc,phases   ] GC(112)   Other: 7.1ms
[2025-06-05T18:10:54.014+0000][5600.453s][info ][gc,heap     ] GC(112) Eden regions: 231->0(238)
[2025-06-05T18:10:54.014+0000][5600.454s][info ][gc,heap     ] GC(112) Survivor regions: 2->2(30)
[2025-06-05T18:10:54.014+0000][5600.454s][info ][gc,heap     ] GC(112) Old regions: 193->193
[2025-06-05T18:10:54.014+0000][5600.454s][info ][gc,heap     ] GC(112) Archive regions: 2->2
[2025-06-05T18:10:54.014+0000][5600.454s][info ][gc,heap     ] GC(112) Humongous regions: 20->0
[2025-06-05T18:10:54.014+0000][5600.454s][info ][gc,metaspace] GC(112) Metaspace: 186983K(188672K)->186983K(188672K) NonClass: 164578K(165440K)->164578K(165440K) Class: 22404K(23232K)->22404K(23232K)
[2025-06-05T18:10:54.015+0000][5600.454s][info ][gc          ] GC(112) Pause Young (Normal) (G1 Evacuation Pause) 445M->194M(487M) 218.909ms
[2025-06-05T18:10:54.015+0000][5600.454s][info ][gc,cpu      ] GC(112) User=0.43s Sys=0.00s Real=0.22s
[2025-06-05T18:10:54.016+0000][5600.455s][info ][safepoint   ] Safepoint "G1CollectForAllocation", Time since last: 2570233084 ns, Reaching safepoint: 1602500 ns, Cleanup: 56667 ns, At safepoint: 225119667 ns, Total: 226778834 ns
[2025-06-05T18:11:17.061+0000][5623.492s][debug][safepoint   ] Safepoint synchronization initiated using futex wait barrier. (183 threads)
[2025-06-05T18:11:17.072+0000][5623.503s][info ][safepoint   ] Safepoint "Cleanup", Time since last: 23036608468 ns, Reaching safepoint: 10743292 ns, Cleanup: 358333 ns, At safepoint: 15000 ns, Total: 11116625 ns
[2025-06-05T18:11:22.082+0000][5628.512s][debug][safepoint   ] Safepoint synchronization initiated using futex wait barrier. (183 threads)
[2025-06-05T18:11:22.084+0000][5628.515s][info ][safepoint   ] Safepoint "Cleanup", Time since last: 5009729503 ns, Reaching safepoint: 2071375 ns, Cleanup: 179875 ns, At safepoint: 36166 ns, Total: 2287416 ns
[2025-06-05T18:11:23.085+0000][5629.516s][debug][safepoint   ] Safepoint synchronization initiated using futex wait barrier. (183 threads)
[2025-06-05T18:11:23.087+0000][5629.517s][info ][safepoint   ] Safepoint "Cleanup", Time since last: 1001031751 ns, Reaching safepoint: 987083 ns, Cleanup: 78125 ns, At safepoint: 18208 ns, Total: 1083416 ns
[2025-06-05T18:11:24.088+0000][5630.518s][debug][safepoint   ] Safepoint synchronization initiated using futex wait barrier. (183 threads)
[2025-06-05T18:11:24.089+0000][5630.519s][info ][safepoint   ] Safepoint "Cleanup", Time since last: 1001491168 ns, Reaching safepoint: 922875 ns, Cleanup: 53375 ns, At safepoint: 12875 ns, Total: 989125 ns
[2025-06-05T18:11:25.094+0000][5631.524s][debug][safepoint   ] Safepoint synchronization initiated using futex wait barrier. (183 threads)
[2025-06-05T18:11:25.099+0000][5631.530s][debug][safepoint   ] ... found polling page loop exception at pc = 0x0000ffff89cdbc7c, stub =0x0000ffff8897ef00
[2025-06-05T18:11:25.103+0000][5631.533s][info ][safepoint   ] Safepoint "Cleanup", Time since last: 1004931583 ns, Reaching safepoint: 8399875 ns, Cleanup: 723250 ns, At safepoint: 94709 ns, Total: 9217834 ns
[2025-06-05T18:11:27.107+0000][5633.537s][debug][safepoint   ] Safepoint synchronization initiated using futex wait barrier. (183 threads)
[2025-06-05T18:11:27.108+0000][5633.538s][info ][safepoint   ] Safepoint "Cleanup", Time since last: 2003861417 ns, Reaching safepoint: 848750 ns, Cleanup: 83625 ns, At safepoint: 4334 ns, Total: 936709 ns
[2025-06-05T18:11:28.109+0000][5634.540s][debug][safepoint   ] Safepoint synchronization initiated using futex wait barrier. (183 threads)
[2025-06-05T18:11:28.110+0000][5634.540s][info ][safepoint   ] Safepoint "Cleanup", Time since last: 1001338334 ns, Reaching safepoint: 785416 ns, Cleanup: 74667 ns, At safepoint: 18750 ns, Total: 878833 ns
[2025-06-05T18:11:29.111+0000][5635.542s][debug][safepoint   ] Safepoint synchronization initiated using futex wait barrier. (183 threads)
[2025-06-05T18:11:29.114+0000][5635.545s][info ][safepoint   ] Safepoint "Cleanup", Time since last: 1001197334 ns, Reaching safepoint: 2847583 ns, Cleanup: 31208 ns, At safepoint: 21459 ns, Total: 2900250 ns
[2025-06-05T18:11:30.116+0000][5636.546s][debug][safepoint   ] Safepoint synchronization initiated using futex wait barrier. (183 threads)
[2025-06-05T18:11:30.118+0000][5636.548s][info ][safepoint   ] Safepoint "Cleanup", Time since last: 1001987292 ns, Reaching safepoint: 1257958 ns, Cleanup: 53958 ns, At safepoint: 9417 ns, Total: 1321333 ns
[2025-06-05T18:11:31.118+0000][5637.548s][debug][safepoint   ] Safepoint synchronization initiated using futex wait barrier. (183 threads)
[2025-06-05T18:11:31.119+0000][5637.549s][debug][safepoint   ] ... found polling page loop exception at pc = 0x0000ffff88f11ac8, stub =0x0000ffff8897ef00
[2025-06-05T18:11:31.120+0000][5637.551s][info ][safepoint   ] Safepoint "Cleanup", Time since last: 1000543001 ns, Reaching safepoint: 2070875 ns, Cleanup: 138125 ns, At safepoint: 32458 ns, Total: 2241458 ns
[2025-06-05T18:11:32.122+0000][5638.552s][debug][safepoint   ] Safepoint synchronization initiated using futex wait barrier. (183 threads)
[2025-06-05T18:11:32.123+0000][5638.553s][info ][safepoint   ] Safepoint "Cleanup", Time since last: 1001383084 ns, Reaching safepoint: 844416 ns, Cleanup: 64042 ns, At safepoint: 23000 ns, Total: 931458 ns
[2025-06-05T18:11:33.127+0000][5639.557s][debug][safepoint   ] Safepoint synchronization initiated using futex wait barrier. (180 threads)
[2025-06-05T18:11:33.136+0000][5639.566s][info ][safepoint   ] Safepoint "Cleanup", Time since last: 1004424667 ns, Reaching safepoint: 8330125 ns, Cleanup: 177000 ns, At safepoint: 33167 ns, Total: 8540292 ns
[2025-06-05T18:11:35.138+0000][5641.568s][debug][safepoint   ] Safepoint synchronization initiated using futex wait barrier. (180 threads)
[2025-06-05T18:11:35.141+0000][5641.571s][info ][safepoint   ] Safepoint "Cleanup", Time since last: 2002516126 ns, Reaching safepoint: 1865625 ns, Cleanup: 411583 ns, At safepoint: 52000 ns, Total: 2329208 ns
[2025-06-05T18:11:37.158+0000][5643.588s][debug][safepoint   ] Safepoint synchronization initiated using futex wait barrier. (180 threads)
[2025-06-05T18:11:37.161+0000][5643.591s][debug][safepoint   ] ... found polling page loop exception at pc = 0x0000ffff8a2c51f0, stub =0x0000ffff8897ef00
[2025-06-05T18:11:37.163+0000][5643.593s][info ][safepoint   ] Safepoint "Cleanup", Time since last: 2017202543 ns, Reaching safepoint: 4596750 ns, Cleanup: 95500 ns, At safepoint: 136708 ns, Total: 4828958 ns
[2025-06-05T18:11:38.166+0000][5644.596s][debug][safepoint   ] Safepoint synchronization initiated using futex wait barrier. (180 threads)
[2025-06-05T18:11:38.167+0000][5644.597s][info ][safepoint   ] Safepoint "Cleanup", Time since last: 1003591209 ns, Reaching safepoint: 490000 ns, Cleanup: 190417 ns, At safepoint: 5250 ns, Total: 685667 ns
[2025-06-05T18:11:39.169+0000][5645.599s][debug][safepoint   ] Safepoint synchronization initiated using futex wait barrier. (180 threads)
[2025-06-05T18:11:39.171+0000][5645.601s][info ][safepoint   ] Safepoint "Cleanup", Time since last: 1001965125 ns, Reaching safepoint: 2003458 ns, Cleanup: 378000 ns, At safepoint: 13167 ns, Total: 2394625 ns
[2025-06-05T18:11:41.395+0000][5647.832s][debug][safepoint   ] Safepoint synchronization initiated using futex wait barrier. (185 threads)
[2025-06-05T18:11:41.403+0000][5647.840s][debug][safepoint   ] ... found polling page loop exception at pc = 0x0000ffff89cffbb4, stub =0x0000ffff8897ef00
[2025-06-05T18:11:41.406+0000][5647.843s][info ][safepoint   ] Safepoint "Cleanup", Time since last: 2230928460 ns, Reaching safepoint: 9247000 ns, Cleanup: 862625 ns, At safepoint: 77541 ns, Total: 10187166 ns
[2025-06-05T18:11:42.415+0000][5648.852s][debug][safepoint   ] Safepoint synchronization initiated using futex wait barrier. (185 threads)
[2025-06-05T18:11:42.445+0000][5648.882s][info ][safepoint   ] Safepoint "Cleanup", Time since last: 1009111126 ns, Reaching safepoint: 30448083 ns, Cleanup: 176958 ns, At safepoint: 110792 ns, Total: 30735833 ns
[2025-06-05T18:11:45.691+0000][5652.128s][debug][safepoint   ] Safepoint synchronization initiated using futex wait barrier. (185 threads)
[2025-06-05T18:11:45.693+0000][5652.130s][info ][safepoint   ] Safepoint "Cleanup", Time since last: 3245681668 ns, Reaching safepoint: 2144250 ns, Cleanup: 184750 ns, At safepoint: 17959 ns, Total: 2346959 ns
[2025-06-05T18:11:46.695+0000][5653.132s][debug][safepoint   ] Safepoint synchronization initiated using futex wait barrier. (185 threads)
[2025-06-05T18:11:46.696+0000][5653.133s][info ][safepoint   ] Safepoint "Cleanup", Time since last: 1001270750 ns, Reaching safepoint: 1675417 ns, Cleanup: 58375 ns, At safepoint: 26500 ns, Total: 1760292 ns
[2025-06-05T18:11:51.314+0000][5657.750s][debug][safepoint   ] Safepoint synchronization initiated using futex wait barrier. (185 threads)
[2025-06-05T18:11:51.336+0000][5657.773s][info ][safepoint   ] Safepoint "Cleanup", Time since last: 4617032794 ns, Reaching safepoint: 20194708 ns, Cleanup: 2530750 ns, At safepoint: 126833 ns, Total: 22852291 ns
[2025-06-05T18:11:52.342+0000][5658.779s][debug][safepoint   ] Safepoint synchronization initiated using futex wait barrier. (185 threads)
[2025-06-05T18:11:52.347+0000][5658.784s][info ][safepoint   ] Safepoint "Cleanup", Time since last: 1005220501 ns, Reaching safepoint: 3787666 ns, Cleanup: 1185375 ns, At safepoint: 90500 ns, Total: 5063541 ns
[2025-06-05T18:11:53.399+0000][5659.836s][debug][safepoint   ] Safepoint synchronization initiated using futex wait barrier. (188 threads)
[2025-06-05T18:11:53.409+0000][5659.846s][info ][safepoint   ] Safepoint "Cleanup", Time since last: 1052380501 ns, Reaching safepoint: 9571792 ns, Cleanup: 172791 ns, At safepoint: 148375 ns, Total: 9892958 ns
[2025-06-05T18:11:54.419+0000][5660.856s][debug][safepoint   ] Safepoint synchronization initiated using futex wait barrier. (188 threads)
[2025-06-05T18:11:54.419+0000][5660.856s][info ][safepoint   ] Safepoint "Cleanup", Time since last: 1009673126 ns, Reaching safepoint: 578791 ns, Cleanup: 83375 ns, At safepoint: 4292 ns, Total: 666458 ns
[2025-06-05T18:12:04.435+0000][5670.871s][debug][safepoint   ] Safepoint synchronization initiated using futex wait barrier. (188 threads)
[2025-06-05T18:12:04.436+0000][5670.873s][info ][safepoint   ] Safepoint "Cleanup", Time since last: 10015254588 ns, Reaching safepoint: 1166042 ns, Cleanup: 83791 ns, At safepoint: 8375 ns, Total: 1258208 ns
[2025-06-05T18:12:07.439+0000][5673.876s][debug][safepoint   ] Safepoint synchronization initiated using futex wait barrier. (188 threads)
[2025-06-05T18:12:07.441+0000][5673.878s][info ][safepoint   ] Safepoint "Cleanup", Time since last: 3003467460 ns, Reaching safepoint: 1955167 ns, Cleanup: 129167 ns, At safepoint: 59791 ns, Total: 2144125 ns
[2025-06-05T18:12:11.447+0000][5677.884s][debug][safepoint   ] Safepoint synchronization initiated using futex wait barrier. (188 threads)
[2025-06-05T18:12:11.449+0000][5677.885s][info ][safepoint   ] Safepoint "Cleanup", Time since last: 4005267544 ns, Reaching safepoint: 1733708 ns, Cleanup: 159792 ns, At safepoint: 13792 ns, Total: 1907292 ns
[2025-06-05T18:12:21.463+0000][5687.913s][debug][safepoint   ] Safepoint synchronization initiated using futex wait barrier. (188 threads)
[2025-06-05T18:12:21.464+0000][5687.915s][info ][safepoint   ] Safepoint "Cleanup", Time since last: 10027720087 ns, Reaching safepoint: 1547959 ns, Cleanup: 46041 ns, At safepoint: 4792 ns, Total: 1598792 ns
[2025-06-05T18:12:25.860+0000][5692.310s][debug][safepoint   ] Safepoint synchronization initiated using futex wait barrier. (188 threads)
[2025-06-05T18:12:25.862+0000][5692.313s][info ][gc,start    ] GC(113) Pause Young (Normal) (G1 Evacuation Pause)
[2025-06-05T18:12:25.862+0000][5692.313s][info ][gc,task     ] GC(113) Using 2 workers of 2 for evacuation
[2025-06-05T18:12:25.985+0000][5692.435s][info ][gc,phases   ] GC(113)   Pre Evacuate Collection Set: 6.2ms
[2025-06-05T18:12:25.985+0000][5692.436s][info ][gc,phases   ] GC(113)   Merge Heap Roots: 1.4ms
[2025-06-05T18:12:25.985+0000][5692.436s][info ][gc,phases   ] GC(113)   Evacuate Collection Set: 94.7ms
[2025-06-05T18:12:25.985+0000][5692.436s][info ][gc,phases   ] GC(113)   Post Evacuate Collection Set: 18.7ms
[2025-06-05T18:12:25.985+0000][5692.436s][info ][gc,phases   ] GC(113)   Other: 2.7ms
[2025-06-05T18:12:25.985+0000][5692.436s][info ][gc,heap     ] GC(113) Eden regions: 238->0(237)
[2025-06-05T18:12:25.985+0000][5692.436s][info ][gc,heap     ] GC(113) Survivor regions: 2->3(30)
[2025-06-05T18:12:25.985+0000][5692.436s][info ][gc,heap     ] GC(113) Old regions: 193->193
[2025-06-05T18:12:25.985+0000][5692.436s][info ][gc,heap     ] GC(113) Archive regions: 2->2
[2025-06-05T18:12:25.985+0000][5692.436s][info ][gc,heap     ] GC(113) Humongous regions: 0->0
[2025-06-05T18:12:25.985+0000][5692.436s][info ][gc,metaspace] GC(113) Metaspace: 187220K(188928K)->187220K(188928K) NonClass: 164783K(165632K)->164783K(165632K) Class: 22436K(23296K)->22436K(23296K)
[2025-06-05T18:12:25.985+0000][5692.436s][info ][gc          ] GC(113) Pause Young (Normal) (G1 Evacuation Pause) 432M->195M(487M) 123.699ms
[2025-06-05T18:12:25.986+0000][5692.436s][info ][gc,cpu      ] GC(113) User=0.24s Sys=0.00s Real=0.12s
[2025-06-05T18:12:25.986+0000][5692.436s][info ][safepoint   ] Safepoint "G1CollectForAllocation", Time since last: 4395302669 ns, Reaching safepoint: 1302958 ns, Cleanup: 52083 ns, At safepoint: 124850917 ns, Total: 126205958 ns
[2025-06-05T18:12:38.002+0000][5704.452s][debug][safepoint   ] Safepoint synchronization initiated using futex wait barrier. (188 threads)
[2025-06-05T18:12:38.009+0000][5704.459s][debug][safepoint   ] ... found polling page loop exception at pc = 0x0000ffff89045ae4, stub =0x0000ffff8897ef00
[2025-06-05T18:12:38.010+0000][5704.461s][debug][safepoint   ] ... found polling page loop exception at pc = 0x0000ffff89043b7c, stub =0x0000ffff8897ef00
[2025-06-05T18:12:38.011+0000][5704.461s][info ][safepoint   ] Safepoint "Cleanup", Time since last: 12015755798 ns, Reaching safepoint: 9228291 ns, Cleanup: 63167 ns, At safepoint: 37000 ns, Total: 9328458 ns
[2025-06-05T18:12:40.013+0000][5706.464s][debug][safepoint   ] Safepoint synchronization initiated using futex wait barrier. (188 threads)
[2025-06-05T18:12:40.023+0000][5706.474s][info ][safepoint   ] Safepoint "Cleanup", Time since last: 2002513626 ns, Reaching safepoint: 6975500 ns, Cleanup: 2319166 ns, At safepoint: 422542 ns, Total: 9717208 ns
[2025-06-05T18:12:45.049+0000][5711.485s][debug][safepoint   ] Safepoint synchronization initiated using futex wait barrier. (187 threads)
[2025-06-05T18:12:45.055+0000][5711.491s][info ][safepoint   ] Safepoint "Cleanup", Time since last: 5011227085 ns, Reaching safepoint: 5572500 ns, Cleanup: 161292 ns, At safepoint: 151125 ns, Total: 5884917 ns
[2025-06-05T18:12:55.327+0000][5721.763s][debug][safepoint   ] Safepoint synchronization initiated using futex wait barrier. (186 threads)
[2025-06-05T18:12:55.349+0000][5721.785s][info ][safepoint   ] Safepoint "Cleanup", Time since last: 10272345088 ns, Reaching safepoint: 22102416 ns, Cleanup: 88917 ns, At safepoint: 19750 ns, Total: 22211083 ns
[2025-06-05T18:13:05.365+0000][5731.801s][debug][safepoint   ] Safepoint synchronization initiated using futex wait barrier. (186 threads)
[2025-06-05T18:13:05.367+0000][5731.803s][info ][safepoint   ] Safepoint "Cleanup", Time since last: 10015167672 ns, Reaching safepoint: 2183500 ns, Cleanup: 121208 ns, At safepoint: 289500 ns, Total: 2594208 ns
[2025-06-05T18:13:17.387+0000][5743.823s][debug][safepoint   ] Safepoint synchronization initiated using futex wait barrier. (186 threads)
[2025-06-05T18:13:17.387+0000][5743.824s][info ][safepoint   ] Safepoint "Cleanup", Time since last: 12019680505 ns, Reaching safepoint: 775500 ns, Cleanup: 91792 ns, At safepoint: 4292 ns, Total: 871584 ns
[2025-06-05T18:13:30.408+0000][5756.845s][debug][safepoint   ] Safepoint synchronization initiated using futex wait barrier. (186 threads)
[2025-06-05T18:13:30.417+0000][5756.853s][info ][safepoint   ] Safepoint "Cleanup", Time since last: 13020925798 ns, Reaching safepoint: 8265583 ns, Cleanup: 208458 ns, At safepoint: 84792 ns, Total: 8558833 ns
[2025-06-05T18:13:50.030+0000][5776.469s][debug][safepoint   ] Safepoint synchronization initiated using futex wait barrier. (185 threads)
[2025-06-05T18:13:50.033+0000][5776.471s][info ][gc,start    ] GC(114) Pause Young (Normal) (G1 Evacuation Pause)
[2025-06-05T18:13:50.033+0000][5776.472s][info ][gc,task     ] GC(114) Using 2 workers of 2 for evacuation
[2025-06-05T18:13:50.432+0000][5776.870s][info ][gc,phases   ] GC(114)   Pre Evacuate Collection Set: 8.7ms
[2025-06-05T18:13:50.432+0000][5776.870s][info ][gc,phases   ] GC(114)   Merge Heap Roots: 1.2ms
[2025-06-05T18:13:50.432+0000][5776.870s][info ][gc,phases   ] GC(114)   Evacuate Collection Set: 345.9ms
[2025-06-05T18:13:50.432+0000][5776.870s][info ][gc,phases   ] GC(114)   Post Evacuate Collection Set: 41.0ms
[2025-06-05T18:13:50.432+0000][5776.871s][info ][gc,phases   ] GC(114)   Other: 2.5ms
[2025-06-05T18:13:50.434+0000][5776.872s][info ][gc,heap     ] GC(114) Eden regions: 237->0(237)
[2025-06-05T18:13:50.434+0000][5776.872s][info ][gc,heap     ] GC(114) Survivor regions: 3->3(30)
[2025-06-05T18:13:50.434+0000][5776.872s][info ][gc,heap     ] GC(114) Old regions: 193->193
[2025-06-05T18:13:50.434+0000][5776.872s][info ][gc,heap     ] GC(114) Archive regions: 2->2
[2025-06-05T18:13:50.434+0000][5776.872s][info ][gc,heap     ] GC(114) Humongous regions: 0->0
[2025-06-05T18:13:50.434+0000][5776.872s][info ][gc,metaspace] GC(114) Metaspace: 187225K(188928K)->187225K(188928K) NonClass: 164789K(165632K)->164789K(165632K) Class: 22436K(23296K)->22436K(23296K)
[2025-06-05T18:13:50.434+0000][5776.872s][info ][gc          ] GC(114) Pause Young (Normal) (G1 Evacuation Pause) 432M->195M(487M) 400.969ms
[2025-06-05T18:13:50.434+0000][5776.872s][info ][gc,cpu      ] GC(114) User=0.76s Sys=0.03s Real=0.40s
[2025-06-05T18:13:50.434+0000][5776.873s][info ][safepoint   ] Safepoint "G1CollectForAllocation", Time since last: 19615452592 ns, Reaching safepoint: 1736792 ns, Cleanup: 78083 ns, At safepoint: 402172000 ns, Total: 403986875 ns
[2025-06-05T18:13:58.444+0000][5784.882s][debug][safepoint   ] Safepoint synchronization initiated using futex wait barrier. (184 threads)
[2025-06-05T18:13:58.444+0000][5784.883s][info ][safepoint   ] Safepoint "Cleanup", Time since last: 8009230337 ns, Reaching safepoint: 822209 ns, Cleanup: 59625 ns, At safepoint: 6416 ns, Total: 888250 ns
[2025-06-05T18:14:13.465+0000][5799.905s][debug][safepoint   ] Safepoint synchronization initiated using futex wait barrier. (184 threads)
[2025-06-05T18:14:13.466+0000][5799.906s][info ][safepoint   ] Safepoint "Cleanup", Time since last: 15021986340 ns, Reaching safepoint: 1194334 ns, Cleanup: 132750 ns, At safepoint: 8250 ns, Total: 1335334 ns
[2025-06-05T18:14:24.479+0000][5810.919s][debug][safepoint   ] Safepoint synchronization initiated using futex wait barrier. (184 threads)
[2025-06-05T18:14:24.481+0000][5810.920s][info ][safepoint   ] Safepoint "Cleanup", Time since last: 11013149297 ns, Reaching safepoint: 1204208 ns, Cleanup: 77833 ns, At safepoint: 22500 ns, Total: 1304541 ns
[2025-06-05T18:14:25.482+0000][5811.922s][debug][safepoint   ] Safepoint synchronization initiated using futex wait barrier. (187 threads)
[2025-06-05T18:14:25.482+0000][5811.922s][info ][safepoint   ] Safepoint "Cleanup", Time since last: 1001112834 ns, Reaching safepoint: 369375 ns, Cleanup: 23167 ns, At safepoint: 8083 ns, Total: 400625 ns
[2025-06-05T18:14:26.487+0000][5812.927s][debug][safepoint   ] Safepoint synchronization initiated using futex wait barrier. (187 threads)
[2025-06-05T18:14:26.503+0000][5812.943s][info ][safepoint   ] Safepoint "Cleanup", Time since last: 1000842751 ns, Reaching safepoint: 20022916 ns, Cleanup: 59750 ns, At safepoint: 63792 ns, Total: 20146458 ns
[2025-06-05T18:14:34.521+0000][5820.961s][debug][safepoint   ] Safepoint synchronization initiated using futex wait barrier. (188 threads)
[2025-06-05T18:14:34.525+0000][5820.965s][info ][safepoint   ] Safepoint "Cleanup", Time since last: 8017621254 ns, Reaching safepoint: 3023583 ns, Cleanup: 536792 ns, At safepoint: 374208 ns, Total: 3934583 ns
[2025-06-05T18:14:41.533+0000][5827.972s][debug][safepoint   ] Safepoint synchronization initiated using futex wait barrier. (187 threads)
[2025-06-05T18:14:41.551+0000][5827.991s][info ][safepoint   ] Safepoint "Cleanup", Time since last: 7007046587 ns, Reaching safepoint: 16853916 ns, Cleanup: 2048292 ns, At safepoint: 91333 ns, Total: 18993541 ns
[2025-06-05T18:14:42.528+0000][5828.995s][debug][safepoint   ] Safepoint synchronization initiated using futex wait barrier. (187 threads)
[2025-06-05T18:14:42.528+0000][5828.996s][info ][safepoint   ] Safepoint "Cleanup", Time since last: 1004694584 ns, Reaching safepoint: 605708 ns, Cleanup: 73583 ns, At safepoint: 14500 ns, Total: 693791 ns
[2025-06-05T18:14:47.534+0000][5834.002s][debug][safepoint   ] Safepoint synchronization initiated using futex wait barrier. (187 threads)
[2025-06-05T18:14:47.536+0000][5834.004s][info ][safepoint   ] Safepoint "Cleanup", Time since last: 5005699003 ns, Reaching safepoint: 2005791 ns, Cleanup: 163000 ns, At safepoint: 31292 ns, Total: 2200083 ns
[2025-06-05T18:15:00.624+0000][5847.092s][debug][safepoint   ] Safepoint synchronization initiated using futex wait barrier. (186 threads)
[2025-06-05T18:15:00.626+0000][5847.094s][info ][safepoint   ] Safepoint "Cleanup", Time since last: 13087738090 ns, Reaching safepoint: 2198083 ns, Cleanup: 100208 ns, At safepoint: 84542 ns, Total: 2382833 ns
[2025-06-05T18:15:02.660+0000][5849.127s][debug][safepoint   ] Safepoint synchronization initiated using futex wait barrier. (186 threads)
[2025-06-05T18:15:02.670+0000][5849.137s][info ][safepoint   ] Safepoint "Cleanup", Time since last: 2033536418 ns, Reaching safepoint: 9717333 ns, Cleanup: 53042 ns, At safepoint: 34250 ns, Total: 9804625 ns
[2025-06-05T18:15:03.674+0000][5850.142s][debug][safepoint   ] Safepoint synchronization initiated using futex wait barrier. (187 threads)
[2025-06-05T18:15:03.676+0000][5850.143s][info ][safepoint   ] Safepoint "Cleanup", Time since last: 1004793542 ns, Reaching safepoint: 1145208 ns, Cleanup: 208083 ns, At safepoint: 31292 ns, Total: 1384583 ns
[2025-06-05T18:15:09.881+0000][5856.349s][debug][safepoint   ] Safepoint synchronization initiated using futex wait barrier. (187 threads)
[2025-06-05T18:15:09.883+0000][5856.351s][info ][gc,start    ] GC(115) Pause Young (Normal) (G1 Evacuation Pause)
[2025-06-05T18:15:09.883+0000][5856.351s][info ][gc,task     ] GC(115) Using 2 workers of 2 for evacuation
[2025-06-05T18:15:09.977+0000][5856.445s][info ][gc,phases   ] GC(115)   Pre Evacuate Collection Set: 3.9ms
[2025-06-05T18:15:09.977+0000][5856.445s][info ][gc,phases   ] GC(115)   Merge Heap Roots: 1.3ms
[2025-06-05T18:15:09.977+0000][5856.445s][info ][gc,phases   ] GC(115)   Evacuate Collection Set: 64.2ms
[2025-06-05T18:15:09.977+0000][5856.445s][info ][gc,phases   ] GC(115)   Post Evacuate Collection Set: 22.5ms
[2025-06-05T18:15:09.977+0000][5856.445s][info ][gc,phases   ] GC(115)   Other: 2.6ms
[2025-06-05T18:15:09.977+0000][5856.445s][info ][gc,heap     ] GC(115) Eden regions: 237->0(237)
[2025-06-05T18:15:09.977+0000][5856.445s][info ][gc,heap     ] GC(115) Survivor regions: 3->3(30)
[2025-06-05T18:15:09.977+0000][5856.445s][info ][gc,heap     ] GC(115) Old regions: 193->193
[2025-06-05T18:15:09.977+0000][5856.445s][info ][gc,heap     ] GC(115) Archive regions: 2->2
[2025-06-05T18:15:09.977+0000][5856.445s][info ][gc,heap     ] GC(115) Humongous regions: 19->0
[2025-06-05T18:15:09.978+0000][5856.445s][info ][gc,metaspace] GC(115) Metaspace: 187305K(188992K)->187305K(188992K) NonClass: 164866K(165696K)->164866K(165696K) Class: 22439K(23296K)->22439K(23296K)
[2025-06-05T18:15:09.978+0000][5856.446s][info ][gc          ] GC(115) Pause Young (Normal) (G1 Evacuation Pause) 451M->195M(487M) 94.904ms
[2025-06-05T18:15:09.978+0000][5856.446s][info ][gc,cpu      ] GC(115) User=0.18s Sys=0.00s Real=0.09s
[2025-06-05T18:15:09.979+0000][5856.446s][info ][safepoint   ] Safepoint "G1CollectForAllocation", Time since last: 6205659378 ns, Reaching safepoint: 827708 ns, Cleanup: 32334 ns, At safepoint: 96340416 ns, Total: 97200458 ns
[2025-06-05T18:15:10.980+0000][5857.448s][debug][safepoint   ] Safepoint synchronization initiated using futex wait barrier. (187 threads)
[2025-06-05T18:15:10.981+0000][5857.449s][info ][safepoint   ] Safepoint "Cleanup", Time since last: 1001521459 ns, Reaching safepoint: 855708 ns, Cleanup: 129709 ns, At safepoint: 8875 ns, Total: 994292 ns
[2025-06-05T18:15:23.024+0000][5869.465s][debug][safepoint   ] Safepoint synchronization initiated using futex wait barrier. (187 threads)
[2025-06-05T18:15:23.025+0000][5869.465s][info ][safepoint   ] Safepoint "Cleanup", Time since last: 12015663130 ns, Reaching safepoint: 794333 ns, Cleanup: 88959 ns, At safepoint: 12750 ns, Total: 896042 ns
[2025-06-05T18:15:44.069+0000][5890.533s][debug][safepoint   ] Safepoint synchronization initiated using futex wait barrier. (182 threads)
[2025-06-05T18:15:44.072+0000][5890.535s][info ][safepoint   ] Safepoint "Cleanup", Time since last: 21067555259 ns, Reaching safepoint: 2214333 ns, Cleanup: 78375 ns, At safepoint: 9083 ns, Total: 2301791 ns
[2025-06-05T18:15:46.074+0000][5892.538s][debug][safepoint   ] Safepoint synchronization initiated using futex wait barrier. (182 threads)
[2025-06-05T18:15:46.076+0000][5892.540s][info ][safepoint   ] Safepoint "Cleanup", Time since last: 2002647626 ns, Reaching safepoint: 2027167 ns, Cleanup: 44125 ns, At safepoint: 7125 ns, Total: 2078417 ns
[2025-06-05T18:15:50.652+0000][5897.116s][debug][safepoint   ] Safepoint synchronization initiated using futex wait barrier. (182 threads)
[2025-06-05T18:15:50.653+0000][5897.117s][info ][safepoint   ] Safepoint "Cleanup", Time since last: 4575565544 ns, Reaching safepoint: 1112958 ns, Cleanup: 120083 ns, At safepoint: 9292 ns, Total: 1242333 ns
[2025-06-05T18:17:00.704+0000][5967.151s][debug][safepoint   ] Safepoint synchronization initiated using futex wait barrier. (180 threads)
[2025-06-05T18:17:00.709+0000][5967.156s][info ][safepoint   ] Safepoint "Cleanup", Time since last: 70033312950 ns, Reaching safepoint: 5055041 ns, Cleanup: 1171542 ns, At safepoint: 34542 ns, Total: 6261125 ns
[2025-06-05T18:17:40.451+0000][6006.898s][debug][safepoint   ] Safepoint synchronization initiated using futex wait barrier. (175 threads)
[2025-06-05T18:17:40.495+0000][6006.942s][info ][gc,start    ] GC(116) Pause Young (Normal) (G1 Evacuation Pause)
[2025-06-05T18:17:40.498+0000][6006.945s][info ][gc,task     ] GC(116) Using 2 workers of 2 for evacuation
[2025-06-05T18:17:41.432+0000][6007.879s][info ][gc,mmu      ] GC(116) MMU target violated: 501.0ms (500.0ms/501.0ms)
[2025-06-05T18:17:41.434+0000][6007.881s][info ][gc,phases   ] GC(116)   Pre Evacuate Collection Set: 47.4ms
[2025-06-05T18:17:41.434+0000][6007.881s][info ][gc,phases   ] GC(116)   Merge Heap Roots: 14.9ms
[2025-06-05T18:17:41.434+0000][6007.881s][info ][gc,phases   ] GC(116)   Evacuate Collection Set: 779.0ms
[2025-06-05T18:17:41.435+0000][6007.881s][info ][gc,phases   ] GC(116)   Post Evacuate Collection Set: 80.7ms
[2025-06-05T18:17:41.435+0000][6007.882s][info ][gc,phases   ] GC(116)   Other: 20.1ms
[2025-06-05T18:17:41.435+0000][6007.882s][info ][gc,heap     ] GC(116) Eden regions: 237->0(239)
[2025-06-05T18:17:41.435+0000][6007.882s][info ][gc,heap     ] GC(116) Survivor regions: 3->2(30)
[2025-06-05T18:17:41.435+0000][6007.882s][info ][gc,heap     ] GC(116) Old regions: 193->193
[2025-06-05T18:17:41.435+0000][6007.882s][info ][gc,heap     ] GC(116) Archive regions: 2->2
[2025-06-05T18:17:41.435+0000][6007.882s][info ][gc,heap     ] GC(116) Humongous regions: 0->0
[2025-06-05T18:17:41.435+0000][6007.882s][info ][gc,metaspace] GC(116) Metaspace: 187325K(188992K)->187325K(188992K) NonClass: 164886K(165696K)->164886K(165696K) Class: 22439K(23296K)->22439K(23296K)
[2025-06-05T18:17:41.436+0000][6007.883s][info ][gc          ] GC(116) Pause Young (Normal) (G1 Evacuation Pause) 432M->195M(487M) 940.857ms
[2025-06-05T18:17:41.436+0000][6007.883s][info ][gc,cpu      ] GC(116) User=1.81s Sys=0.00s Real=0.94s
[2025-06-05T18:17:41.444+0000][6007.891s][info ][safepoint   ] Safepoint "G1CollectForAllocation", Time since last: 39739930518 ns, Reaching safepoint: 40334500 ns, Cleanup: 1631250 ns, At safepoint: 953116001 ns, Total: 995081751 ns
[2025-06-05T18:17:50.900+0000][6017.350s][debug][safepoint   ] Safepoint synchronization initiated using futex wait barrier. (176 threads)
[2025-06-05T18:17:50.910+0000][6017.360s][info ][safepoint   ] Safepoint "Cleanup", Time since last: 9458640879 ns, Reaching safepoint: 7473541 ns, Cleanup: 2681459 ns, At safepoint: 50416 ns, Total: 10205416 ns
[2025-06-05T18:17:51.911+0000][6018.361s][debug][safepoint   ] Safepoint synchronization initiated using futex wait barrier. (180 threads)
[2025-06-05T18:17:51.914+0000][6018.364s][info ][safepoint   ] Safepoint "Cleanup", Time since last: 1000574834 ns, Reaching safepoint: 3005792 ns, Cleanup: 154708 ns, At safepoint: 21542 ns, Total: 3182042 ns
[2025-06-05T18:18:46.994+0000][6073.450s][debug][safepoint   ] Safepoint synchronization initiated using futex wait barrier. (179 threads)
[2025-06-05T18:18:46.998+0000][6073.454s][info ][safepoint   ] Safepoint "Cleanup", Time since last: 55086046441 ns, Reaching safepoint: 2940541 ns, Cleanup: 661875 ns, At safepoint: 401292 ns, Total: 4003708 ns
[2025-06-05T18:19:48.205+0000][6134.658s][debug][safepoint   ] Safepoint synchronization initiated using futex wait barrier. (174 threads)
[2025-06-05T18:19:48.209+0000][6134.663s][info ][safepoint   ] Safepoint "Cleanup", Time since last: 61204265903 ns, Reaching safepoint: 4131542 ns, Cleanup: 561208 ns, At safepoint: 33500 ns, Total: 4726250 ns
[2025-06-05T18:21:01.338+0000][6207.797s][debug][safepoint   ] Safepoint synchronization initiated using futex wait barrier. (174 threads)
[2025-06-05T18:21:01.347+0000][6207.805s][info ][gc,start    ] GC(117) Pause Young (Normal) (G1 Evacuation Pause)
[2025-06-05T18:21:01.348+0000][6207.806s][info ][gc,task     ] GC(117) Using 2 workers of 2 for evacuation
[2025-06-05T18:21:01.889+0000][6208.347s][info ][gc,mmu      ] GC(117) MMU target violated: 501.0ms (500.0ms/501.0ms)
[2025-06-05T18:21:01.889+0000][6208.347s][info ][gc,phases   ] GC(117)   Pre Evacuate Collection Set: 19.8ms
[2025-06-05T18:21:01.889+0000][6208.347s][info ][gc,phases   ] GC(117)   Merge Heap Roots: 2.9ms
[2025-06-05T18:21:01.889+0000][6208.348s][info ][gc,phases   ] GC(117)   Evacuate Collection Set: 456.3ms
[2025-06-05T18:21:01.889+0000][6208.348s][info ][gc,phases   ] GC(117)   Post Evacuate Collection Set: 57.2ms
[2025-06-05T18:21:01.889+0000][6208.348s][info ][gc,phases   ] GC(117)   Other: 7.2ms
[2025-06-05T18:21:01.889+0000][6208.348s][info ][gc,heap     ] GC(117) Eden regions: 239->0(239)
[2025-06-05T18:21:01.890+0000][6208.348s][info ][gc,heap     ] GC(117) Survivor regions: 2->2(31)
[2025-06-05T18:21:01.890+0000][6208.348s][info ][gc,heap     ] GC(117) Old regions: 193->193
[2025-06-05T18:21:01.890+0000][6208.348s][info ][gc,heap     ] GC(117) Archive regions: 2->2
[2025-06-05T18:21:01.890+0000][6208.348s][info ][gc,heap     ] GC(117) Humongous regions: 0->0
[2025-06-05T18:21:01.890+0000][6208.349s][info ][gc,metaspace] GC(117) Metaspace: 187360K(189056K)->187360K(189056K) NonClass: 164920K(165760K)->164920K(165760K) Class: 22439K(23296K)->22439K(23296K)
[2025-06-05T18:21:01.891+0000][6208.350s][info ][gc          ] GC(117) Pause Young (Normal) (G1 Evacuation Pause) 434M->195M(487M) 544.961ms
[2025-06-05T18:21:01.892+0000][6208.350s][info ][gc,cpu      ] GC(117) User=1.06s Sys=0.00s Real=0.55s
[2025-06-05T18:21:01.896+0000][6208.355s][info ][safepoint   ] Safepoint "G1CollectForAllocation", Time since last: 73133169742 ns, Reaching safepoint: 6563834 ns, Cleanup: 434000 ns, At safepoint: 551512042 ns, Total: 558509876 ns
[2025-06-05T18:21:40.995+0000][6247.453s][debug][safepoint   ] Safepoint synchronization initiated using futex wait barrier. (179 threads)
[2025-06-05T18:21:41.018+0000][6247.476s][info ][safepoint   ] Safepoint "Cleanup", Time since last: 39098306393 ns, Reaching safepoint: 22337917 ns, Cleanup: 216791 ns, At safepoint: 35167 ns, Total: 22589875 ns
[2025-06-05T18:21:52.575+0000][6259.035s][debug][safepoint   ] Safepoint synchronization initiated using futex wait barrier. (180 threads)
[2025-06-05T18:21:52.577+0000][6259.037s][info ][safepoint   ] Safepoint "Cleanup", Time since last: 11559755046 ns, Reaching safepoint: 1727084 ns, Cleanup: 213666 ns, At safepoint: 5667 ns, Total: 1946417 ns
[2025-06-05T18:22:08.609+0000][6275.070s][debug][safepoint   ] Safepoint synchronization initiated using futex wait barrier. (180 threads)
[2025-06-05T18:22:08.619+0000][6275.079s][info ][safepoint   ] Safepoint "Cleanup", Time since last: 16032460758 ns, Reaching safepoint: 8728750 ns, Cleanup: 795791 ns, At safepoint: 54917 ns, Total: 9579458 ns
[2025-06-05T18:22:09.620+0000][6276.081s][debug][safepoint   ] Safepoint synchronization initiated using futex wait barrier. (180 threads)
[2025-06-05T18:22:09.622+0000][6276.082s][info ][safepoint   ] Safepoint "Cleanup", Time since last: 1001335667 ns, Reaching safepoint: 1689250 ns, Cleanup: 102333 ns, At safepoint: 30625 ns, Total: 1822208 ns
[2025-06-05T18:22:10.627+0000][6277.087s][debug][safepoint   ] Safepoint synchronization initiated using futex wait barrier. (180 threads)
[2025-06-05T18:22:10.627+0000][6277.088s][info ][safepoint   ] Safepoint "Cleanup", Time since last: 1004695418 ns, Reaching safepoint: 422833 ns, Cleanup: 94667 ns, At safepoint: 7875 ns, Total: 525375 ns
[2025-06-05T18:22:12.628+0000][6279.090s][debug][safepoint   ] Safepoint synchronization initiated using futex wait barrier. (180 threads)
[2025-06-05T18:22:12.629+0000][6279.091s][info ][safepoint   ] Safepoint "Cleanup", Time since last: 2001906333 ns, Reaching safepoint: 916459 ns, Cleanup: 48916 ns, At safepoint: 77334 ns, Total: 1042709 ns
[2025-06-05T18:22:13.631+0000][6280.092s][debug][safepoint   ] Safepoint synchronization initiated using futex wait barrier. (180 threads)
[2025-06-05T18:22:13.632+0000][6280.093s][info ][safepoint   ] Safepoint "Cleanup", Time since last: 1001393542 ns, Reaching safepoint: 1056458 ns, Cleanup: 134458 ns, At safepoint: 65917 ns, Total: 1256833 ns
[2025-06-05T18:22:24.650+0000][6291.112s][debug][safepoint   ] Safepoint synchronization initiated using futex wait barrier. (180 threads)
[2025-06-05T18:22:24.660+0000][6291.122s][info ][safepoint   ] Safepoint "Cleanup", Time since last: 11018150922 ns, Reaching safepoint: 8235792 ns, Cleanup: 1857708 ns, At safepoint: 34667 ns, Total: 10128167 ns
[2025-06-05T18:23:23.741+0000][6350.208s][debug][safepoint   ] Safepoint synchronization initiated using futex wait barrier. (175 threads)
[2025-06-05T18:23:23.748+0000][6350.215s][info ][gc,start    ] GC(118) Pause Young (Normal) (G1 Evacuation Pause)
[2025-06-05T18:23:23.749+0000][6350.216s][info ][gc,task     ] GC(118) Using 2 workers of 2 for evacuation
[2025-06-05T18:23:24.112+0000][6350.579s][info ][gc,phases   ] GC(118)   Pre Evacuate Collection Set: 14.5ms
[2025-06-05T18:23:24.112+0000][6350.579s][info ][gc,phases   ] GC(118)   Merge Heap Roots: 3.4ms
[2025-06-05T18:23:24.112+0000][6350.579s][info ][gc,phases   ] GC(118)   Evacuate Collection Set: 292.5ms
[2025-06-05T18:23:24.112+0000][6350.579s][info ][gc,phases   ] GC(118)   Post Evacuate Collection Set: 46.7ms
[2025-06-05T18:23:24.112+0000][6350.579s][info ][gc,phases   ] GC(118)   Other: 7.8ms
[2025-06-05T18:23:24.113+0000][6350.579s][info ][gc,heap     ] GC(118) Eden regions: 239->0(239)
[2025-06-05T18:23:24.113+0000][6350.579s][info ][gc,heap     ] GC(118) Survivor regions: 2->2(31)
[2025-06-05T18:23:24.113+0000][6350.579s][info ][gc,heap     ] GC(118) Old regions: 193->193
[2025-06-05T18:23:24.113+0000][6350.579s][info ][gc,heap     ] GC(118) Archive regions: 2->2
[2025-06-05T18:23:24.113+0000][6350.579s][info ][gc,heap     ] GC(118) Humongous regions: 19->0
[2025-06-05T18:23:24.113+0000][6350.580s][info ][gc,metaspace] GC(118) Metaspace: 187388K(189056K)->187388K(189056K) NonClass: 164947K(165760K)->164947K(165760K) Class: 22440K(23296K)->22440K(23296K)
[2025-06-05T18:23:24.113+0000][6350.580s][info ][gc          ] GC(118) Pause Young (Normal) (G1 Evacuation Pause) 453M->195M(487M) 364.938ms
[2025-06-05T18:23:24.113+0000][6350.580s][info ][gc,cpu      ] GC(118) User=0.71s Sys=0.00s Real=0.37s
[2025-06-05T18:23:24.115+0000][6350.581s][info ][safepoint   ] Safepoint "G1CollectForAllocation", Time since last: 59085969319 ns, Reaching safepoint: 5590916 ns, Cleanup: 320625 ns, At safepoint: 367669209 ns, Total: 373580750 ns
[2025-06-05T18:23:34.167+0000][6360.634s][debug][safepoint   ] Safepoint synchronization initiated using futex wait barrier. (180 threads)
[2025-06-05T18:23:34.168+0000][6360.635s][info ][safepoint   ] Safepoint "Cleanup", Time since last: 10052875171 ns, Reaching safepoint: 946959 ns, Cleanup: 125583 ns, At safepoint: 10292 ns, Total: 1082834 ns
[2025-06-05T18:23:36.172+0000][6362.638s][debug][safepoint   ] Safepoint synchronization initiated using futex wait barrier. (180 threads)
[2025-06-05T18:23:36.173+0000][6362.640s][info ][safepoint   ] Safepoint "Cleanup", Time since last: 2003251959 ns, Reaching safepoint: 1305291 ns, Cleanup: 42834 ns, At safepoint: 10416 ns, Total: 1358541 ns
[2025-06-05T18:23:53.916+0000][6380.447s][debug][safepoint   ] Safepoint synchronization initiated using futex wait barrier. (185 threads)
[2025-06-05T18:23:53.943+0000][6380.473s][info ][safepoint   ] Safepoint "Cleanup", Time since last: 17806980675 ns, Reaching safepoint: 23699625 ns, Cleanup: 2935000 ns, At safepoint: 30583 ns, Total: 26665208 ns
[2025-06-05T18:23:54.946+0000][6381.477s][debug][safepoint   ] Safepoint synchronization initiated using futex wait barrier. (185 threads)
[2025-06-05T18:23:54.990+0000][6381.521s][info ][safepoint   ] Safepoint "Cleanup", Time since last: 1003864834 ns, Reaching safepoint: 43503542 ns, Cleanup: 137250 ns, At safepoint: 10000 ns, Total: 43650792 ns
[2025-06-05T18:24:07.011+0000][6393.541s][debug][safepoint   ] Safepoint synchronization initiated using futex wait barrier. (185 threads)
[2025-06-05T18:24:07.012+0000][6393.543s][info ][safepoint   ] Safepoint "Cleanup", Time since last: 12020563464 ns, Reaching safepoint: 1293291 ns, Cleanup: 81875 ns, At safepoint: 27042 ns, Total: 1402208 ns
[2025-06-05T18:24:09.015+0000][6395.546s][debug][safepoint   ] Safepoint synchronization initiated using futex wait barrier. (185 threads)
[2025-06-05T18:24:09.016+0000][6395.547s][info ][safepoint   ] Safepoint "Cleanup", Time since last: 2003031043 ns, Reaching safepoint: 1141625 ns, Cleanup: 65291 ns, At safepoint: 8667 ns, Total: 1215583 ns
[2025-06-05T18:24:44.851+0000][6431.335s][debug][safepoint   ] Safepoint synchronization initiated using futex wait barrier. (185 threads)
[2025-06-05T18:24:44.855+0000][6431.339s][info ][safepoint   ] Safepoint "Cleanup", Time since last: 35788006058 ns, Reaching safepoint: 3550375 ns, Cleanup: 259000 ns, At safepoint: 52291 ns, Total: 3861666 ns
[2025-06-05T18:25:12.566+0000][6459.050s][debug][safepoint   ] Safepoint synchronization initiated using futex wait barrier. (181 threads)
[2025-06-05T18:25:12.573+0000][6459.058s][info ][gc,start    ] GC(119) Pause Young (Normal) (G1 Evacuation Pause)
[2025-06-05T18:25:12.577+0000][6459.062s][info ][gc,task     ] GC(119) Using 2 workers of 2 for evacuation
[2025-06-05T18:25:12.862+0000][6459.347s][info ][gc,phases   ] GC(119)   Pre Evacuate Collection Set: 17.3ms
[2025-06-05T18:25:12.862+0000][6459.347s][info ][gc,phases   ] GC(119)   Merge Heap Roots: 3.7ms
[2025-06-05T18:25:12.863+0000][6459.347s][info ][gc,phases   ] GC(119)   Evacuate Collection Set: 231.1ms
[2025-06-05T18:25:12.863+0000][6459.347s][info ][gc,phases   ] GC(119)   Post Evacuate Collection Set: 28.6ms
[2025-06-05T18:25:12.863+0000][6459.347s][info ][gc,phases   ] GC(119)   Other: 9.6ms
[2025-06-05T18:25:12.863+0000][6459.347s][info ][gc,heap     ] GC(119) Eden regions: 239->0(238)
[2025-06-05T18:25:12.863+0000][6459.347s][info ][gc,heap     ] GC(119) Survivor regions: 2->2(31)
[2025-06-05T18:25:12.863+0000][6459.347s][info ][gc,heap     ] GC(119) Old regions: 193->194
[2025-06-05T18:25:12.863+0000][6459.347s][info ][gc,heap     ] GC(119) Archive regions: 2->2
[2025-06-05T18:25:12.863+0000][6459.347s][info ][gc,heap     ] GC(119) Humongous regions: 1->0
[2025-06-05T18:25:12.863+0000][6459.347s][info ][gc,metaspace] GC(119) Metaspace: 187439K(189120K)->187439K(189120K) NonClass: 164997K(165824K)->164997K(165824K) Class: 22441K(23296K)->22441K(23296K)
[2025-06-05T18:25:12.863+0000][6459.347s][info ][gc          ] GC(119) Pause Young (Normal) (G1 Evacuation Pause) 435M->195M(487M) 289.834ms
[2025-06-05T18:25:12.863+0000][6459.347s][info ][gc,cpu      ] GC(119) User=0.56s Sys=0.00s Real=0.29s
[2025-06-05T18:25:12.863+0000][6459.347s][info ][safepoint   ] Safepoint "G1CollectForAllocation", Time since last: 27711005764 ns, Reaching safepoint: 5462291 ns, Cleanup: 468625 ns, At safepoint: 291587334 ns, Total: 297518250 ns
[2025-06-05T18:25:13.878+0000][6460.349s][debug][safepoint   ] Safepoint synchronization initiated using futex wait barrier. (181 threads)
[2025-06-05T18:25:13.883+0000][6460.355s][info ][safepoint   ] Safepoint "Cleanup", Time since last: 1001841041 ns, Reaching safepoint: 5276458 ns, Cleanup: 39875 ns, At safepoint: 17292 ns, Total: 5333625 ns
[2025-06-05T18:25:14.884+0000][6461.356s][debug][safepoint   ] Safepoint synchronization initiated using futex wait barrier. (181 threads)
[2025-06-05T18:25:14.887+0000][6461.358s][info ][safepoint   ] Safepoint "Cleanup", Time since last: 1001169625 ns, Reaching safepoint: 1928834 ns, Cleanup: 488083 ns, At safepoint: 21667 ns, Total: 2438584 ns
[2025-06-05T18:25:18.896+0000][6465.367s][debug][safepoint   ] Safepoint synchronization initiated using futex wait barrier. (181 threads)
[2025-06-05T18:25:18.906+0000][6465.378s][info ][safepoint   ] Safepoint "Cleanup", Time since last: 4009018127 ns, Reaching safepoint: 10292208 ns, Cleanup: 76667 ns, At safepoint: 154458 ns, Total: 10523333 ns
[2025-06-05T18:25:19.907+0000][6466.379s][debug][safepoint   ] Safepoint synchronization initiated using futex wait barrier. (181 threads)
[2025-06-05T18:25:19.908+0000][6466.379s][info ][safepoint   ] Safepoint "Cleanup", Time since last: 1000729667 ns, Reaching safepoint: 388292 ns, Cleanup: 64167 ns, At safepoint: 7958 ns, Total: 460417 ns
[2025-06-05T18:25:24.918+0000][6471.390s][debug][safepoint   ] Safepoint synchronization initiated using futex wait barrier. (183 threads)
[2025-06-05T18:25:24.922+0000][6471.393s][info ][safepoint   ] Safepoint "Cleanup", Time since last: 5010492752 ns, Reaching safepoint: 3359292 ns, Cleanup: 408250 ns, At safepoint: 49000 ns, Total: 3816542 ns
[2025-06-05T18:27:12.114+0000][6578.590s][debug][safepoint   ] Safepoint synchronization initiated using futex wait barrier. (179 threads)
[2025-06-05T18:27:12.119+0000][6578.595s][info ][gc,start    ] GC(120) Pause Young (Normal) (G1 Evacuation Pause)
[2025-06-05T18:27:12.120+0000][6578.596s][info ][gc,task     ] GC(120) Using 2 workers of 2 for evacuation
[2025-06-05T18:27:12.262+0000][6578.738s][info ][gc,phases   ] GC(120)   Pre Evacuate Collection Set: 10.5ms
[2025-06-05T18:27:12.262+0000][6578.738s][info ][gc,phases   ] GC(120)   Merge Heap Roots: 1.7ms
[2025-06-05T18:27:12.263+0000][6578.738s][info ][gc,phases   ] GC(120)   Evacuate Collection Set: 89.0ms
[2025-06-05T18:27:12.263+0000][6578.738s][info ][gc,phases   ] GC(120)   Post Evacuate Collection Set: 36.0ms
[2025-06-05T18:27:12.263+0000][6578.738s][info ][gc,phases   ] GC(120)   Other: 7.1ms
[2025-06-05T18:27:12.263+0000][6578.738s][info ][gc,heap     ] GC(120) Eden regions: 238->0(238)
[2025-06-05T18:27:12.263+0000][6578.738s][info ][gc,heap     ] GC(120) Survivor regions: 2->2(30)
[2025-06-05T18:27:12.263+0000][6578.738s][info ][gc,heap     ] GC(120) Old regions: 194->194
[2025-06-05T18:27:12.263+0000][6578.738s][info ][gc,heap     ] GC(120) Archive regions: 2->2
[2025-06-05T18:27:12.263+0000][6578.738s][info ][gc,heap     ] GC(120) Humongous regions: 5->0
[2025-06-05T18:27:12.263+0000][6578.738s][info ][gc,metaspace] GC(120) Metaspace: 187476K(189120K)->187476K(189120K) NonClass: 165033K(165824K)->165033K(165824K) Class: 22442K(23296K)->22442K(23296K)
[2025-06-05T18:27:12.263+0000][6578.739s][info ][gc          ] GC(120) Pause Young (Normal) (G1 Evacuation Pause) 438M->195M(487M) 144.208ms
[2025-06-05T18:27:12.263+0000][6578.739s][info ][gc,cpu      ] GC(120) User=0.28s Sys=0.00s Real=0.15s
[2025-06-05T18:27:12.265+0000][6578.740s][info ][safepoint   ] Safepoint "G1CollectForAllocation", Time since last: 107196283049 ns, Reaching safepoint: 3048416 ns, Cleanup: 100750 ns, At safepoint: 147474167 ns, Total: 150623333 ns
[2025-06-05T18:27:13.293+0000][6579.769s][debug][safepoint   ] Safepoint synchronization initiated using futex wait barrier. (179 threads)
[2025-06-05T18:27:13.294+0000][6579.770s][info ][safepoint   ] Safepoint "Cleanup", Time since last: 1028354542 ns, Reaching safepoint: 826459 ns, Cleanup: 153750 ns, At safepoint: 12375 ns, Total: 992584 ns
[2025-06-05T18:27:26.311+0000][6592.789s][debug][safepoint   ] Safepoint synchronization initiated using futex wait barrier. (184 threads)
[2025-06-05T18:27:26.312+0000][6592.790s][info ][safepoint   ] Safepoint "Cleanup", Time since last: 13019111131 ns, Reaching safepoint: 951125 ns, Cleanup: 58625 ns, At safepoint: 18250 ns, Total: 1028000 ns
[2025-06-05T18:29:55.924+0000][6742.409s][debug][safepoint   ] Safepoint synchronization initiated using futex wait barrier. (174 threads)
[2025-06-05T18:29:55.932+0000][6742.416s][info ][safepoint   ] Safepoint "Cleanup", Time since last: 149618848110 ns, Reaching safepoint: 7139125 ns, Cleanup: 518959 ns, At safepoint: 20916 ns, Total: 7679000 ns
[2025-06-05T18:29:56.933+0000][6743.418s][debug][safepoint   ] Safepoint synchronization initiated using futex wait barrier. (178 threads)
[2025-06-05T18:29:56.934+0000][6743.418s][info ][safepoint   ] Safepoint "Cleanup", Time since last: 1001483917 ns, Reaching safepoint: 343834 ns, Cleanup: 32083 ns, At safepoint: 7958 ns, Total: 383875 ns
[2025-06-05T18:29:57.934+0000][6744.419s][debug][safepoint   ] Safepoint synchronization initiated using futex wait barrier. (183 threads)
[2025-06-05T18:29:57.936+0000][6744.420s][info ][safepoint   ] Safepoint "Cleanup", Time since last: 1000697543 ns, Reaching safepoint: 957416 ns, Cleanup: 465500 ns, At safepoint: 12334 ns, Total: 1435250 ns
[2025-06-05T18:30:04.286+0000][6750.770s][debug][safepoint   ] Safepoint synchronization initiated using futex wait barrier. (184 threads)
[2025-06-05T18:30:04.291+0000][6750.775s][info ][gc,start    ] GC(121) Pause Young (Normal) (G1 Evacuation Pause)
[2025-06-05T18:30:04.292+0000][6750.776s][info ][gc,task     ] GC(121) Using 2 workers of 2 for evacuation
[2025-06-05T18:30:04.386+0000][6750.871s][info ][gc,phases   ] GC(121)   Pre Evacuate Collection Set: 9.2ms
[2025-06-05T18:30:04.386+0000][6750.871s][info ][gc,phases   ] GC(121)   Merge Heap Roots: 1.3ms
[2025-06-05T18:30:04.387+0000][6750.871s][info ][gc,phases   ] GC(121)   Evacuate Collection Set: 57.4ms
[2025-06-05T18:30:04.387+0000][6750.871s][info ][gc,phases   ] GC(121)   Post Evacuate Collection Set: 24.8ms
[2025-06-05T18:30:04.387+0000][6750.871s][info ][gc,phases   ] GC(121)   Other: 3.1ms
[2025-06-05T18:30:04.387+0000][6750.871s][info ][gc,heap     ] GC(121) Eden regions: 238->0(238)
[2025-06-05T18:30:04.387+0000][6750.872s][info ][gc,heap     ] GC(121) Survivor regions: 2->2(30)
[2025-06-05T18:30:04.387+0000][6750.872s][info ][gc,heap     ] GC(121) Old regions: 194->194
[2025-06-05T18:30:04.387+0000][6750.872s][info ][gc,heap     ] GC(121) Archive regions: 2->2
[2025-06-05T18:30:04.387+0000][6750.872s][info ][gc,heap     ] GC(121) Humongous regions: 0->0
[2025-06-05T18:30:04.387+0000][6750.872s][info ][gc,metaspace] GC(121) Metaspace: 187504K(189184K)->187504K(189184K) NonClass: 165062K(165888K)->165062K(165888K) Class: 22442K(23296K)->22442K(23296K)
[2025-06-05T18:30:04.388+0000][6750.872s][info ][gc          ] GC(121) Pause Young (Normal) (G1 Evacuation Pause) 433M->195M(487M) 96.719ms
[2025-06-05T18:30:04.388+0000][6750.872s][info ][gc,cpu      ] GC(121) User=0.19s Sys=0.00s Real=0.10s
[2025-06-05T18:30:04.388+0000][6750.872s][info ][safepoint   ] Safepoint "G1CollectForAllocation", Time since last: 6350171128 ns, Reaching safepoint: 4005375 ns, Cleanup: 171458 ns, At safepoint: 97895917 ns, Total: 102072750 ns
[2025-06-05T18:30:11.680+0000][6758.164s][debug][safepoint   ] Safepoint synchronization initiated using futex wait barrier. (184 threads)
[2025-06-05T18:30:11.681+0000][6758.166s][info ][safepoint   ] Safepoint "Cleanup", Time since last: 7291926670 ns, Reaching safepoint: 1146000 ns, Cleanup: 105750 ns, At safepoint: 7708 ns, Total: 1259458 ns
[2025-06-05T18:30:21.705+0000][6768.188s][debug][safepoint   ] Safepoint synchronization initiated using futex wait barrier. (184 threads)
[2025-06-05T18:30:21.708+0000][6768.191s][info ][safepoint   ] Safepoint "Cleanup", Time since last: 10022179463 ns, Reaching safepoint: 2887417 ns, Cleanup: 732541 ns, At safepoint: 11750 ns, Total: 3631708 ns
[2025-06-05T18:31:06.144+0000][6812.629s][debug][safepoint   ] Safepoint synchronization initiated using futex wait barrier. (184 threads)
[2025-06-05T18:31:06.150+0000][6812.636s][info ][safepoint   ] Safepoint "Cleanup", Time since last: 44437935854 ns, Reaching safepoint: 6014791 ns, Cleanup: 536042 ns, At safepoint: 39000 ns, Total: 6589833 ns
[2025-06-05T18:32:35.005+0000][6901.494s][debug][safepoint   ] Safepoint synchronization initiated using futex wait barrier. (179 threads)
[2025-06-05T18:32:35.008+0000][6901.497s][info ][gc,start    ] GC(122) Pause Young (Normal) (G1 Evacuation Pause)
[2025-06-05T18:32:35.008+0000][6901.498s][info ][gc,task     ] GC(122) Using 2 workers of 2 for evacuation
[2025-06-05T18:32:35.467+0000][6901.956s][info ][gc,phases   ] GC(122)   Pre Evacuate Collection Set: 36.9ms
[2025-06-05T18:32:35.467+0000][6901.956s][info ][gc,phases   ] GC(122)   Merge Heap Roots: 5.3ms
[2025-06-05T18:32:35.467+0000][6901.957s][info ][gc,phases   ] GC(122)   Evacuate Collection Set: 375.5ms
[2025-06-05T18:32:35.467+0000][6901.957s][info ][gc,phases   ] GC(122)   Post Evacuate Collection Set: 31.2ms
[2025-06-05T18:32:35.467+0000][6901.957s][info ][gc,phases   ] GC(122)   Other: 10.2ms
[2025-06-05T18:32:35.467+0000][6901.957s][info ][gc,heap     ] GC(122) Eden regions: 238->0(238)
[2025-06-05T18:32:35.467+0000][6901.957s][info ][gc,heap     ] GC(122) Survivor regions: 2->2(30)
[2025-06-05T18:32:35.467+0000][6901.957s][info ][gc,heap     ] GC(122) Old regions: 194->194
[2025-06-05T18:32:35.467+0000][6901.957s][info ][gc,heap     ] GC(122) Archive regions: 2->2
[2025-06-05T18:32:35.467+0000][6901.957s][info ][gc,heap     ] GC(122) Humongous regions: 0->0
[2025-06-05T18:32:35.468+0000][6901.957s][info ][gc,metaspace] GC(122) Metaspace: 187538K(189184K)->187538K(189184K) NonClass: 165096K(165888K)->165096K(165888K) Class: 22442K(23296K)->22442K(23296K)
[2025-06-05T18:32:35.468+0000][6901.957s][info ][gc          ] GC(122) Pause Young (Normal) (G1 Evacuation Pause) 433M->195M(487M) 459.877ms
[2025-06-05T18:32:35.468+0000][6901.958s][info ][gc,cpu      ] GC(122) User=0.88s Sys=0.00s Real=0.46s
[2025-06-05T18:32:35.469+0000][6901.958s][info ][safepoint   ] Safepoint "G1CollectForAllocation", Time since last: 88858370790 ns, Reaching safepoint: 2263542 ns, Cleanup: 38208 ns, At safepoint: 461497750 ns, Total: 463799500 ns
[2025-06-05T18:32:36.479+0000][6902.969s][debug][safepoint   ] Safepoint synchronization initiated using futex wait barrier. (179 threads)
[2025-06-05T18:32:36.481+0000][6902.971s][info ][safepoint   ] Safepoint "Cleanup", Time since last: 1010782084 ns, Reaching safepoint: 1685042 ns, Cleanup: 192667 ns, At safepoint: 43666 ns, Total: 1921375 ns
[2025-06-05T18:32:43.499+0000][6909.988s][debug][safepoint   ] Safepoint synchronization initiated using futex wait barrier. (180 threads)
[2025-06-05T18:32:43.500+0000][6909.990s][info ][safepoint   ] Safepoint "Cleanup", Time since last: 7017471670 ns, Reaching safepoint: 1042667 ns, Cleanup: 274833 ns, At safepoint: 7084 ns, Total: 1324584 ns
[2025-06-05T18:34:42.550+0000][7029.045s][debug][safepoint   ] Safepoint synchronization initiated using futex wait barrier. (177 threads)
[2025-06-05T18:34:42.563+0000][7029.057s][info ][safepoint   ] Safepoint "Cleanup", Time since last: 119054916804 ns, Reaching safepoint: 12569625 ns, Cleanup: 230833 ns, At safepoint: 75125 ns, Total: 12875583 ns
[2025-06-05T18:35:36.765+0000][7083.263s][debug][safepoint   ] Safepoint synchronization initiated using futex wait barrier. (175 threads)
[2025-06-05T18:35:36.776+0000][7083.275s][info ][safepoint   ] Safepoint "Cleanup", Time since last: 54205726107 ns, Reaching safepoint: 11138209 ns, Cleanup: 256291 ns, At safepoint: 85709 ns, Total: 11480209 ns
[2025-06-05T18:35:36.815+0000][7083.314s][debug][safepoint   ] Safepoint synchronization initiated using futex wait barrier. (175 threads)
[2025-06-05T18:35:36.819+0000][7083.317s][info ][gc,start    ] GC(123) Pause Young (Normal) (G1 Evacuation Pause)
[2025-06-05T18:35:36.819+0000][7083.318s][info ][gc,task     ] GC(123) Using 2 workers of 2 for evacuation
[2025-06-05T18:35:37.122+0000][7083.620s][info ][gc,phases   ] GC(123)   Pre Evacuate Collection Set: 22.3ms
[2025-06-05T18:35:37.122+0000][7083.620s][info ][gc,phases   ] GC(123)   Merge Heap Roots: 2.1ms
[2025-06-05T18:35:37.122+0000][7083.620s][info ][gc,phases   ] GC(123)   Evacuate Collection Set: 240.2ms
[2025-06-05T18:35:37.122+0000][7083.621s][info ][gc,phases   ] GC(123)   Post Evacuate Collection Set: 35.2ms
[2025-06-05T18:35:37.123+0000][7083.621s][info ][gc,phases   ] GC(123)   Other: 3.9ms
[2025-06-05T18:35:37.123+0000][7083.621s][info ][gc,heap     ] GC(123) Eden regions: 238->0(239)
[2025-06-05T18:35:37.123+0000][7083.621s][info ][gc,heap     ] GC(123) Survivor regions: 2->1(30)
[2025-06-05T18:35:37.123+0000][7083.621s][info ][gc,heap     ] GC(123) Old regions: 194->195
[2025-06-05T18:35:37.123+0000][7083.621s][info ][gc,heap     ] GC(123) Archive regions: 2->2
[2025-06-05T18:35:37.123+0000][7083.622s][info ][gc,heap     ] GC(123) Humongous regions: 0->0
[2025-06-05T18:35:37.123+0000][7083.622s][info ][gc,metaspace] GC(123) Metaspace: 187557K(189248K)->187557K(189248K) NonClass: 165115K(165952K)->165115K(165952K) Class: 22442K(23296K)->22442K(23296K)
[2025-06-05T18:35:37.123+0000][7083.622s][info ][gc          ] GC(123) Pause Young (Normal) (G1 Evacuation Pause) 433M->195M(487M) 304.959ms
[2025-06-05T18:35:37.124+0000][7083.622s][info ][gc,cpu      ] GC(123) User=0.60s Sys=0.00s Real=0.30s
[2025-06-05T18:35:37.124+0000][7083.622s][info ][safepoint   ] Safepoint "G1CollectForAllocation", Time since last: 39012000 ns, Reaching safepoint: 1827958 ns, Cleanup: 11542 ns, At safepoint: 306719166 ns, Total: 308558666 ns
[2025-06-05T18:37:18.069+0000][7184.574s][debug][safepoint   ] Safepoint synchronization initiated using futex wait barrier. (175 threads)
[2025-06-05T18:37:18.073+0000][7184.578s][info ][safepoint   ] Safepoint "Cleanup", Time since last: 100951951338 ns, Reaching safepoint: 3405917 ns, Cleanup: 441833 ns, At safepoint: 65625 ns, Total: 3913375 ns
[2025-06-05T18:37:21.121+0000][7187.626s][debug][safepoint   ] Safepoint synchronization initiated using futex wait barrier. (177 threads)
[2025-06-05T18:37:21.123+0000][7187.627s][debug][safepoint   ] ... found polling page loop exception at pc = 0x0000ffff89763808, stub =0x0000ffff8897ef00
[2025-06-05T18:37:21.127+0000][7187.632s][info ][safepoint   ] Safepoint "Cleanup", Time since last: 3047716293 ns, Reaching safepoint: 4772875 ns, Cleanup: 1146042 ns, At safepoint: 396916 ns, Total: 6315833 ns
[2025-06-05T18:38:30.140+0000][7256.648s][debug][safepoint   ] Safepoint synchronization initiated using futex wait barrier. (175 threads)
[2025-06-05T18:38:30.149+0000][7256.657s][info ][gc,start    ] GC(124) Pause Young (Normal) (G1 Evacuation Pause)
[2025-06-05T18:38:30.150+0000][7256.658s][info ][gc,task     ] GC(124) Using 2 workers of 2 for evacuation
[2025-06-05T18:38:30.606+0000][7257.114s][info ][gc,phases   ] GC(124)   Pre Evacuate Collection Set: 36.0ms
[2025-06-05T18:38:30.606+0000][7257.114s][info ][gc,phases   ] GC(124)   Merge Heap Roots: 3.1ms
[2025-06-05T18:38:30.606+0000][7257.114s][info ][gc,phases   ] GC(124)   Evacuate Collection Set: 332.6ms
[2025-06-05T18:38:30.607+0000][7257.114s][info ][gc,phases   ] GC(124)   Post Evacuate Collection Set: 80.2ms
[2025-06-05T18:38:30.607+0000][7257.114s][info ][gc,phases   ] GC(124)   Other: 6.6ms
[2025-06-05T18:38:30.607+0000][7257.114s][info ][gc,heap     ] GC(124) Eden regions: 239->0(237)
[2025-06-05T18:38:30.607+0000][7257.114s][info ][gc,heap     ] GC(124) Survivor regions: 1->2(30)
[2025-06-05T18:38:30.607+0000][7257.114s][info ][gc,heap     ] GC(124) Old regions: 195->195
[2025-06-05T18:38:30.607+0000][7257.114s][info ][gc,heap     ] GC(124) Archive regions: 2->2
[2025-06-05T18:38:30.607+0000][7257.114s][info ][gc,heap     ] GC(124) Humongous regions: 10->0
[2025-06-05T18:38:30.607+0000][7257.114s][info ][gc,metaspace] GC(124) Metaspace: 187595K(189312K)->187595K(189312K) NonClass: 165153K(166016K)->165153K(166016K) Class: 22442K(23296K)->22442K(23296K)
[2025-06-05T18:38:30.607+0000][7257.115s][info ][gc          ] GC(124) Pause Young (Normal) (G1 Evacuation Pause) 444M->196M(487M) 457.657ms
[2025-06-05T18:38:30.607+0000][7257.115s][info ][gc,cpu      ] GC(124) User=0.90s Sys=0.00s Real=0.45s
[2025-06-05T18:38:30.608+0000][7257.115s][info ][safepoint   ] Safepoint "G1CollectForAllocation", Time since last: 69015684657 ns, Reaching safepoint: 6673750 ns, Cleanup: 207042 ns, At safepoint: 460422792 ns, Total: 467303584 ns
[2025-06-05T18:38:31.610+0000][7258.117s][debug][safepoint   ] Safepoint synchronization initiated using futex wait barrier. (175 threads)
[2025-06-05T18:38:31.611+0000][7258.119s][info ][safepoint   ] Safepoint "Cleanup", Time since last: 1002142417 ns, Reaching safepoint: 1191208 ns, Cleanup: 183750 ns, At safepoint: 32792 ns, Total: 1407750 ns
[2025-06-05T18:39:23.431+0000][7309.941s][debug][safepoint   ] Safepoint synchronization initiated using futex wait barrier. (175 threads)
[2025-06-05T18:39:23.445+0000][7309.956s][info ][safepoint   ] Safepoint "Cleanup", Time since last: 51821951023 ns, Reaching safepoint: 13194833 ns, Cleanup: 1687209 ns, At safepoint: 41708 ns, Total: 14923750 ns
[2025-06-05T18:42:01.081+0000][7467.400s][debug][safepoint   ] Safepoint synchronization initiated using futex wait barrier. (173 threads)
[2025-06-05T18:42:01.091+0000][7467.409s][info ][gc,start    ] GC(125) Pause Young (Normal) (G1 Evacuation Pause)
[2025-06-05T18:42:01.091+0000][7467.410s][info ][gc,task     ] GC(125) Using 2 workers of 2 for evacuation
[2025-06-05T18:42:01.293+0000][7467.612s][info ][gc,phases   ] GC(125)   Pre Evacuate Collection Set: 13.3ms
[2025-06-05T18:42:01.294+0000][7467.612s][info ][gc,phases   ] GC(125)   Merge Heap Roots: 1.6ms
[2025-06-05T18:42:01.294+0000][7467.612s][info ][gc,phases   ] GC(125)   Evacuate Collection Set: 148.4ms
[2025-06-05T18:42:01.294+0000][7467.612s][info ][gc,phases   ] GC(125)   Post Evacuate Collection Set: 35.2ms
[2025-06-05T18:42:01.294+0000][7467.612s][info ][gc,phases   ] GC(125)   Other: 5.9ms
[2025-06-05T18:42:01.294+0000][7467.612s][info ][gc,heap     ] GC(125) Eden regions: 237->0(237)
[2025-06-05T18:42:01.294+0000][7467.613s][info ][gc,heap     ] GC(125) Survivor regions: 2->2(30)
[2025-06-05T18:42:01.294+0000][7467.613s][info ][gc,heap     ] GC(125) Old regions: 195->195
[2025-06-05T18:42:01.294+0000][7467.613s][info ][gc,heap     ] GC(125) Archive regions: 2->2
[2025-06-05T18:42:01.294+0000][7467.613s][info ][gc,heap     ] GC(125) Humongous regions: 0->0
[2025-06-05T18:42:01.294+0000][7467.613s][info ][gc,metaspace] GC(125) Metaspace: 187600K(189312K)->187600K(189312K) NonClass: 165157K(166016K)->165157K(166016K) Class: 22442K(23296K)->22442K(23296K)
[2025-06-05T18:42:01.294+0000][7467.613s][info ][gc          ] GC(125) Pause Young (Normal) (G1 Evacuation Pause) 433M->196M(487M) 203.729ms
[2025-06-05T18:42:01.295+0000][7467.613s][info ][gc,cpu      ] GC(125) User=0.39s Sys=0.00s Real=0.20s
[2025-06-05T18:42:01.296+0000][7467.615s][info ][safepoint   ] Safepoint "G1CollectForAllocation", Time since last: 157444034697 ns, Reaching safepoint: 5154042 ns, Cleanup: 318583 ns, At safepoint: 209565542 ns, Total: 215038167 ns
[2025-06-05T18:42:51.386+0000][7517.704s][debug][safepoint   ] Safepoint synchronization initiated using futex wait barrier. (175 threads)
[2025-06-05T18:42:51.387+0000][7517.706s][info ][safepoint   ] Safepoint "Cleanup", Time since last: 50088904773 ns, Reaching safepoint: 1939458 ns, Cleanup: 59417 ns, At safepoint: 7000 ns, Total: 2005875 ns
[2025-06-05T18:42:52.389+0000][7518.707s][debug][safepoint   ] Safepoint synchronization initiated using futex wait barrier. (175 threads)
[2025-06-05T18:42:52.390+0000][7518.708s][info ][safepoint   ] Safepoint "Cleanup", Time since last: 1001242709 ns, Reaching safepoint: 479291 ns, Cleanup: 568959 ns, At safepoint: 22625 ns, Total: 1070875 ns
[2025-06-05T18:45:35.208+0000][7681.525s][debug][safepoint   ] Safepoint synchronization initiated using futex wait barrier. (171 threads)
[2025-06-05T18:45:35.260+0000][7681.577s][info ][gc,start    ] GC(126) Pause Young (Normal) (G1 Evacuation Pause)
[2025-06-05T18:45:35.264+0000][7681.580s][info ][gc,task     ] GC(126) Using 2 workers of 2 for evacuation
[2025-06-05T18:45:35.706+0000][7682.022s][info ][gc,phases   ] GC(126)   Pre Evacuate Collection Set: 16.6ms
[2025-06-05T18:45:35.706+0000][7682.023s][info ][gc,phases   ] GC(126)   Merge Heap Roots: 1.3ms
[2025-06-05T18:45:35.706+0000][7682.023s][info ][gc,phases   ] GC(126)   Evacuate Collection Set: 363.0ms
[2025-06-05T18:45:35.706+0000][7682.023s][info ][gc,phases   ] GC(126)   Post Evacuate Collection Set: 53.2ms
[2025-06-05T18:45:35.707+0000][7682.023s][info ][gc,phases   ] GC(126)   Other: 15.0ms
[2025-06-05T18:45:35.707+0000][7682.023s][info ][gc,heap     ] GC(126) Eden regions: 237->0(237)
[2025-06-05T18:45:35.707+0000][7682.023s][info ][gc,heap     ] GC(126) Survivor regions: 2->2(30)
[2025-06-05T18:45:35.707+0000][7682.023s][info ][gc,heap     ] GC(126) Old regions: 195->195
[2025-06-05T18:45:35.707+0000][7682.023s][info ][gc,heap     ] GC(126) Archive regions: 2->2
[2025-06-05T18:45:35.707+0000][7682.023s][info ][gc,heap     ] GC(126) Humongous regions: 0->0
[2025-06-05T18:45:35.707+0000][7682.024s][info ][gc,metaspace] GC(126) Metaspace: 187603K(189312K)->187603K(189312K) NonClass: 165160K(166016K)->165160K(166016K) Class: 22442K(23296K)->22442K(23296K)
[2025-06-05T18:45:35.707+0000][7682.024s][info ][gc          ] GC(126) Pause Young (Normal) (G1 Evacuation Pause) 433M->196M(487M) 447.877ms
[2025-06-05T18:45:35.708+0000][7682.024s][info ][gc,cpu      ] GC(126) User=0.85s Sys=0.01s Real=0.45s
[2025-06-05T18:45:35.709+0000][7682.025s][info ][safepoint   ] Safepoint "G1CollectForAllocation", Time since last: 162816000740 ns, Reaching safepoint: 48164958 ns, Cleanup: 571959 ns, At safepoint: 452758708 ns, Total: 501495625 ns
[2025-06-05T18:48:18.657+0000][7844.975s][debug][safepoint   ] Safepoint synchronization initiated using futex wait barrier. (171 threads)
[2025-06-05T18:48:18.661+0000][7844.978s][info ][safepoint   ] Safepoint "Cleanup", Time since last: 162949539116 ns, Reaching safepoint: 3147833 ns, Cleanup: 315417 ns, At safepoint: 15375 ns, Total: 3478625 ns
[2025-06-05T18:49:08.000+0000][7894.318s][debug][safepoint   ] Safepoint synchronization initiated using futex wait barrier. (171 threads)
[2025-06-05T18:49:08.006+0000][7894.324s][info ][gc,start    ] GC(127) Pause Young (Normal) (G1 Evacuation Pause)
[2025-06-05T18:49:08.007+0000][7894.325s][info ][gc,task     ] GC(127) Using 2 workers of 2 for evacuation
[2025-06-05T18:49:08.089+0000][7894.407s][info ][gc,phases   ] GC(127)   Pre Evacuate Collection Set: 6.4ms
[2025-06-05T18:49:08.089+0000][7894.407s][info ][gc,phases   ] GC(127)   Merge Heap Roots: 0.5ms
[2025-06-05T18:49:08.089+0000][7894.407s][info ][gc,phases   ] GC(127)   Evacuate Collection Set: 53.0ms
[2025-06-05T18:49:08.089+0000][7894.407s][info ][gc,phases   ] GC(127)   Post Evacuate Collection Set: 20.8ms
[2025-06-05T18:49:08.090+0000][7894.407s][info ][gc,phases   ] GC(127)   Other: 4.8ms
[2025-06-05T18:49:08.090+0000][7894.407s][info ][gc,heap     ] GC(127) Eden regions: 237->0(237)
[2025-06-05T18:49:08.090+0000][7894.408s][info ][gc,heap     ] GC(127) Survivor regions: 2->2(30)
[2025-06-05T18:49:08.090+0000][7894.408s][info ][gc,heap     ] GC(127) Old regions: 195->195
[2025-06-05T18:49:08.090+0000][7894.408s][info ][gc,heap     ] GC(127) Archive regions: 2->2
[2025-06-05T18:49:08.090+0000][7894.408s][info ][gc,heap     ] GC(127) Humongous regions: 0->0
[2025-06-05T18:49:08.090+0000][7894.408s][info ][gc,metaspace] GC(127) Metaspace: 187631K(189376K)->187631K(189376K) NonClass: 165188K(166080K)->165188K(166080K) Class: 22442K(23296K)->22442K(23296K)
[2025-06-05T18:49:08.090+0000][7894.408s][info ][gc          ] GC(127) Pause Young (Normal) (G1 Evacuation Pause) 433M->196M(487M) 84.444ms
[2025-06-05T18:49:08.090+0000][7894.408s][info ][gc,cpu      ] GC(127) User=0.16s Sys=0.00s Real=0.09s
[2025-06-05T18:49:08.090+0000][7894.408s][info ][safepoint   ] Safepoint "G1CollectForAllocation", Time since last: 49339349647 ns, Reaching safepoint: 3202125 ns, Cleanup: 130542 ns, At safepoint: 86950667 ns, Total: 90283334 ns
[2025-06-05T18:49:42.412+0000][7928.729s][debug][safepoint   ] Safepoint synchronization initiated using futex wait barrier. (176 threads)
[2025-06-05T18:49:42.415+0000][7928.732s][info ][safepoint   ] Safepoint "Cleanup", Time since last: 34321127766 ns, Reaching safepoint: 2262750 ns, Cleanup: 796333 ns, At safepoint: 34833 ns, Total: 3093916 ns
[2025-06-05T18:49:58.059+0000][7944.376s][debug][safepoint   ] Safepoint synchronization initiated using futex wait barrier. (181 threads)
[2025-06-05T18:49:58.062+0000][7944.379s][info ][safepoint   ] Safepoint "Cleanup", Time since last: 15643165507 ns, Reaching safepoint: 2777125 ns, Cleanup: 747584 ns, At safepoint: 61125 ns, Total: 3585834 ns
[2025-06-05T18:50:01.109+0000][7947.425s][debug][safepoint   ] Safepoint synchronization initiated using futex wait barrier. (181 threads)
[2025-06-05T18:50:01.113+0000][7947.430s][debug][safepoint   ] ... found polling page loop exception at pc = 0x0000ffff897636f4, stub =0x0000ffff8897ef00
[2025-06-05T18:50:01.114+0000][7947.431s][info ][safepoint   ] Safepoint "Cleanup", Time since last: 3046515501 ns, Reaching safepoint: 4968917 ns, Cleanup: 96792 ns, At safepoint: 46083 ns, Total: 5111792 ns
[2025-06-05T18:50:02.117+0000][7948.434s][debug][safepoint   ] Safepoint synchronization initiated using futex wait barrier. (180 threads)
[2025-06-05T18:50:02.124+0000][7948.441s][debug][safepoint   ] ... found polling page loop exception at pc = 0x0000ffff89998504, stub =0x0000ffff8897ef00
[2025-06-05T18:50:02.127+0000][7948.444s][info ][safepoint   ] Safepoint "Cleanup", Time since last: 1003025375 ns, Reaching safepoint: 9560375 ns, Cleanup: 548917 ns, At safepoint: 53167 ns, Total: 10162459 ns
[2025-06-05T18:50:04.215+0000][7950.532s][debug][safepoint   ] Safepoint synchronization initiated using futex wait barrier. (180 threads)
[2025-06-05T18:50:04.233+0000][7950.550s][info ][safepoint   ] Safepoint "Cleanup", Time since last: 2088110001 ns, Reaching safepoint: 17554166 ns, Cleanup: 211917 ns, At safepoint: 245917 ns, Total: 18012000 ns
[2025-06-05T18:50:06.236+0000][7952.553s][debug][safepoint   ] Safepoint synchronization initiated using futex wait barrier. (181 threads)
[2025-06-05T18:50:06.237+0000][7952.554s][info ][safepoint   ] Safepoint "Cleanup", Time since last: 2002912417 ns, Reaching safepoint: 784750 ns, Cleanup: 134542 ns, At safepoint: 15500 ns, Total: 934792 ns
[2025-06-05T18:50:11.242+0000][7957.559s][debug][safepoint   ] Safepoint synchronization initiated using futex wait barrier. (181 threads)
[2025-06-05T18:50:11.245+0000][7957.561s][info ][safepoint   ] Safepoint "Cleanup", Time since last: 5005311502 ns, Reaching safepoint: 2349625 ns, Cleanup: 70542 ns, At safepoint: 22292 ns, Total: 2442459 ns
[2025-06-05T18:50:18.258+0000][7964.573s][debug][safepoint   ] Safepoint synchronization initiated using futex wait barrier. (181 threads)
[2025-06-05T18:50:18.259+0000][7964.574s][info ][safepoint   ] Safepoint "Cleanup", Time since last: 7011850628 ns, Reaching safepoint: 993750 ns, Cleanup: 43541 ns, At safepoint: 4250 ns, Total: 1041541 ns
[2025-06-05T18:50:19.261+0000][7965.576s][debug][safepoint   ] Safepoint synchronization initiated using futex wait barrier. (181 threads)
[2025-06-05T18:50:19.261+0000][7965.577s][info ][safepoint   ] Safepoint "Cleanup", Time since last: 1001915209 ns, Reaching safepoint: 613709 ns, Cleanup: 40791 ns, At safepoint: 8542 ns, Total: 663042 ns
[2025-06-05T18:50:22.484+0000][7968.800s][debug][safepoint   ] Safepoint synchronization initiated using futex wait barrier. (181 threads)
[2025-06-05T18:50:22.491+0000][7968.806s][info ][gc,start    ] GC(128) Pause Young (Normal) (G1 Evacuation Pause)
[2025-06-05T18:50:22.492+0000][7968.807s][info ][gc,task     ] GC(128) Using 2 workers of 2 for evacuation
[2025-06-05T18:50:22.631+0000][7968.947s][info ][gc,phases   ] GC(128)   Pre Evacuate Collection Set: 6.2ms
[2025-06-05T18:50:22.631+0000][7968.947s][info ][gc,phases   ] GC(128)   Merge Heap Roots: 1.4ms
[2025-06-05T18:50:22.631+0000][7968.947s][info ][gc,phases   ] GC(128)   Evacuate Collection Set: 105.3ms
[2025-06-05T18:50:22.631+0000][7968.947s][info ][gc,phases   ] GC(128)   Post Evacuate Collection Set: 25.1ms
[2025-06-05T18:50:22.632+0000][7968.947s][info ][gc,phases   ] GC(128)   Other: 4.8ms
[2025-06-05T18:50:22.632+0000][7968.947s][info ][gc,heap     ] GC(128) Eden regions: 237->0(237)
[2025-06-05T18:50:22.632+0000][7968.947s][info ][gc,heap     ] GC(128) Survivor regions: 2->2(30)
[2025-06-05T18:50:22.632+0000][7968.947s][info ][gc,heap     ] GC(128) Old regions: 195->195
[2025-06-05T18:50:22.632+0000][7968.947s][info ][gc,heap     ] GC(128) Archive regions: 2->2
[2025-06-05T18:50:22.632+0000][7968.947s][info ][gc,heap     ] GC(128) Humongous regions: 20->0
[2025-06-05T18:50:22.632+0000][7968.947s][info ][gc,metaspace] GC(128) Metaspace: 187644K(189376K)->187644K(189376K) NonClass: 165201K(166080K)->165201K(166080K) Class: 22442K(23296K)->22442K(23296K)
[2025-06-05T18:50:22.632+0000][7968.948s][info ][gc          ] GC(128) Pause Young (Normal) (G1 Evacuation Pause) 453M->196M(487M) 141.034ms
[2025-06-05T18:50:22.632+0000][7968.948s][info ][gc,cpu      ] GC(128) User=0.28s Sys=0.00s Real=0.14s
[2025-06-05T18:50:22.632+0000][7968.948s][info ][safepoint   ] Safepoint "G1CollectForAllocation", Time since last: 3223135126 ns, Reaching safepoint: 1577584 ns, Cleanup: 106166 ns, At safepoint: 146186709 ns, Total: 147870459 ns
[2025-06-05T18:50:41.676+0000][7987.991s][debug][safepoint   ] Safepoint synchronization initiated using futex wait barrier. (181 threads)
[2025-06-05T18:50:41.689+0000][7988.004s][info ][safepoint   ] Safepoint "Cleanup", Time since last: 19041460801 ns, Reaching safepoint: 13597500 ns, Cleanup: 1091791 ns, At safepoint: 292000 ns, Total: 14981291 ns
[2025-06-05T18:50:43.697+0000][7990.013s][debug][safepoint   ] Safepoint synchronization initiated using futex wait barrier. (181 threads)
[2025-06-05T18:50:43.720+0000][7990.036s][info ][safepoint   ] Safepoint "Cleanup", Time since last: 2008256918 ns, Reaching safepoint: 22940708 ns, Cleanup: 181750 ns, At safepoint: 35917 ns, Total: 23158375 ns
[2025-06-05T18:50:44.722+0000][7991.038s][debug][safepoint   ] Safepoint synchronization initiated using futex wait barrier. (181 threads)
[2025-06-05T18:50:44.822+0000][7991.137s][info ][safepoint   ] Safepoint "Cleanup", Time since last: 1002176334 ns, Reaching safepoint: 93737500 ns, Cleanup: 2090791 ns, At safepoint: 3517125 ns, Total: 99345416 ns
[2025-06-05T18:50:45.819+0000][7992.177s][debug][safepoint   ] Safepoint synchronization initiated using futex wait barrier. (182 threads)
[2025-06-05T18:50:45.924+0000][7992.282s][info ][safepoint   ] Safepoint "Cleanup", Time since last: 1039179500 ns, Reaching safepoint: 79143125 ns, Cleanup: 23524792 ns, At safepoint: 2878708 ns, Total: 105546625 ns
[2025-06-05T18:51:11.381+0000][8017.738s][debug][safepoint   ] Safepoint synchronization initiated using futex wait barrier. (182 threads)
[2025-06-05T18:51:11.382+0000][8017.740s][info ][safepoint   ] Safepoint "Cleanup", Time since last: 25456228637 ns, Reaching safepoint: 1471250 ns, Cleanup: 67417 ns, At safepoint: 19708 ns, Total: 1558375 ns
[2025-06-05T18:51:26.159+0000][8032.477s][debug][safepoint   ] Safepoint synchronization initiated using futex wait barrier. (182 threads)
[2025-06-05T18:51:26.164+0000][8032.481s][info ][gc,start    ] GC(129) Pause Young (Normal) (G1 Evacuation Pause)
[2025-06-05T18:51:26.164+0000][8032.482s][info ][gc,task     ] GC(129) Using 2 workers of 2 for evacuation
[2025-06-05T18:51:26.305+0000][8032.623s][info ][gc,phases   ] GC(129)   Pre Evacuate Collection Set: 4.8ms
[2025-06-05T18:51:26.306+0000][8032.623s][info ][gc,phases   ] GC(129)   Merge Heap Roots: 5.7ms
[2025-06-05T18:51:26.306+0000][8032.624s][info ][gc,phases   ] GC(129)   Evacuate Collection Set: 91.5ms
[2025-06-05T18:51:26.306+0000][8032.624s][info ][gc,phases   ] GC(129)   Post Evacuate Collection Set: 37.9ms
[2025-06-05T18:51:26.306+0000][8032.624s][info ][gc,phases   ] GC(129)   Other: 3.0ms
[2025-06-05T18:51:26.306+0000][8032.624s][info ][gc,heap     ] GC(129) Eden regions: 237->0(237)
[2025-06-05T18:51:26.306+0000][8032.624s][info ][gc,heap     ] GC(129) Survivor regions: 2->2(30)
[2025-06-05T18:51:26.306+0000][8032.624s][info ][gc,heap     ] GC(129) Old regions: 195->195
[2025-06-05T18:51:26.306+0000][8032.624s][info ][gc,heap     ] GC(129) Archive regions: 2->2
[2025-06-05T18:51:26.306+0000][8032.624s][info ][gc,heap     ] GC(129) Humongous regions: 20->0
[2025-06-05T18:51:26.306+0000][8032.624s][info ][gc,metaspace] GC(129) Metaspace: 187667K(189376K)->187667K(189376K) NonClass: 165224K(166080K)->165224K(166080K) Class: 22443K(23296K)->22443K(23296K)
[2025-06-05T18:51:26.306+0000][8032.624s][info ][gc          ] GC(129) Pause Young (Normal) (G1 Evacuation Pause) 453M->196M(487M) 143.000ms
[2025-06-05T18:51:26.307+0000][8032.625s][info ][gc,cpu      ] GC(129) User=0.28s Sys=0.00s Real=0.14s
[2025-06-05T18:51:26.308+0000][8032.626s][info ][safepoint   ] Safepoint "G1CollectForAllocation", Time since last: 14736831049 ns, Reaching safepoint: 1903500 ns, Cleanup: 588083 ns, At safepoint: 147064292 ns, Total: 149555875 ns
[2025-06-05T18:51:47.340+0000][8053.656s][debug][safepoint   ] Safepoint synchronization initiated using futex wait barrier. (178 threads)
[2025-06-05T18:51:47.341+0000][8053.658s][info ][safepoint   ] Safepoint "Cleanup", Time since last: 21030081801 ns, Reaching safepoint: 1180708 ns, Cleanup: 63208 ns, At safepoint: 19834 ns, Total: 1263750 ns
[2025-06-05T18:52:03.415+0000][8069.731s][debug][safepoint   ] Safepoint synchronization initiated using futex wait barrier. (178 threads)
[2025-06-05T18:52:03.418+0000][8069.735s][info ][safepoint   ] Safepoint "Cleanup", Time since last: 16073491924 ns, Reaching safepoint: 3360917 ns, Cleanup: 232875 ns, At safepoint: 19416 ns, Total: 3613208 ns
[2025-06-05T18:52:08.424+0000][8074.741s][debug][safepoint   ] Safepoint synchronization initiated using futex wait barrier. (178 threads)
[2025-06-05T18:52:08.425+0000][8074.742s][info ][safepoint   ] Safepoint "Cleanup", Time since last: 5005838919 ns, Reaching safepoint: 969792 ns, Cleanup: 59833 ns, At safepoint: 6667 ns, Total: 1036292 ns
[2025-06-05T18:52:10.431+0000][8076.748s][debug][safepoint   ] Safepoint synchronization initiated using futex wait barrier. (178 threads)
[2025-06-05T18:52:10.435+0000][8076.751s][info ][safepoint   ] Safepoint "Cleanup", Time since last: 2004666501 ns, Reaching safepoint: 4515875 ns, Cleanup: 563542 ns, At safepoint: 27458 ns, Total: 5106875 ns
[2025-06-05T18:52:15.435+0000][8081.761s][debug][safepoint   ] Safepoint synchronization initiated using futex wait barrier. (178 threads)
[2025-06-05T18:52:15.438+0000][8081.763s][debug][safepoint   ] ... found polling page loop exception at pc = 0x0000ffff88f05560, stub =0x0000ffff8897ef00
[2025-06-05T18:52:15.439+0000][8081.765s][info ][safepoint   ] Safepoint "Cleanup", Time since last: 5009297210 ns, Reaching safepoint: 4048042 ns, Cleanup: 57625 ns, At safepoint: 47666 ns, Total: 4153333 ns
[2025-06-05T18:52:31.472+0000][8097.798s][debug][safepoint   ] Safepoint synchronization initiated using futex wait barrier. (178 threads)
[2025-06-05T18:52:31.474+0000][8097.799s][info ][safepoint   ] Safepoint "Cleanup", Time since last: 16032860550 ns, Reaching safepoint: 1529833 ns, Cleanup: 196792 ns, At safepoint: 17750 ns, Total: 1744375 ns
[2025-06-05T18:52:33.479+0000][8099.804s][debug][safepoint   ] Safepoint synchronization initiated using futex wait barrier. (178 threads)
[2025-06-05T18:52:33.482+0000][8099.808s][info ][safepoint   ] Safepoint "Cleanup", Time since last: 2004592584 ns, Reaching safepoint: 3322333 ns, Cleanup: 340375 ns, At safepoint: 114375 ns, Total: 3777083 ns
[2025-06-05T18:52:36.320+0000][8102.646s][debug][safepoint   ] Safepoint synchronization initiated using futex wait barrier. (178 threads)
[2025-06-05T18:52:36.322+0000][8102.647s][info ][gc,start    ] GC(130) Pause Young (Normal) (G1 Evacuation Pause)
[2025-06-05T18:52:36.322+0000][8102.647s][info ][gc,task     ] GC(130) Using 2 workers of 2 for evacuation
[2025-06-05T18:52:36.401+0000][8102.726s][info ][gc,phases   ] GC(130)   Pre Evacuate Collection Set: 6.2ms
[2025-06-05T18:52:36.401+0000][8102.726s][info ][gc,phases   ] GC(130)   Merge Heap Roots: 0.9ms
[2025-06-05T18:52:36.401+0000][8102.726s][info ][gc,phases   ] GC(130)   Evacuate Collection Set: 50.5ms
[2025-06-05T18:52:36.401+0000][8102.726s][info ][gc,phases   ] GC(130)   Post Evacuate Collection Set: 18.5ms
[2025-06-05T18:52:36.401+0000][8102.727s][info ][gc,phases   ] GC(130)   Other: 2.9ms
[2025-06-05T18:52:36.401+0000][8102.727s][info ][gc,heap     ] GC(130) Eden regions: 237->0(237)
[2025-06-05T18:52:36.401+0000][8102.727s][info ][gc,heap     ] GC(130) Survivor regions: 2->2(30)
[2025-06-05T18:52:36.401+0000][8102.727s][info ][gc,heap     ] GC(130) Old regions: 195->195
[2025-06-05T18:52:36.401+0000][8102.727s][info ][gc,heap     ] GC(130) Archive regions: 2->2
[2025-06-05T18:52:36.401+0000][8102.727s][info ][gc,heap     ] GC(130) Humongous regions: 5->0
[2025-06-05T18:52:36.401+0000][8102.727s][info ][gc,metaspace] GC(130) Metaspace: 187679K(189376K)->187679K(189376K) NonClass: 165235K(166080K)->165235K(166080K) Class: 22444K(23296K)->22444K(23296K)
[2025-06-05T18:52:36.402+0000][8102.727s][info ][gc          ] GC(130) Pause Young (Normal) (G1 Evacuation Pause) 438M->196M(487M) 79.825ms
[2025-06-05T18:52:36.402+0000][8102.727s][info ][gc,cpu      ] GC(130) User=0.15s Sys=0.00s Real=0.08s
[2025-06-05T18:52:36.402+0000][8102.728s][info ][safepoint   ] Safepoint "G1CollectForAllocation", Time since last: 2837922460 ns, Reaching safepoint: 1142333 ns, Cleanup: 34417 ns, At safepoint: 80885625 ns, Total: 82062375 ns
[2025-06-05T18:52:59.435+0000][8125.753s][debug][safepoint   ] Safepoint synchronization initiated using futex wait barrier. (177 threads)
[2025-06-05T18:52:59.437+0000][8125.756s][debug][safepoint   ] ... found polling page loop exception at pc = 0x0000ffff8965c8c8, stub =0x0000ffff8897ef00
[2025-06-05T18:52:59.439+0000][8125.757s][info ][safepoint   ] Safepoint "Cleanup", Time since last: 23025197719 ns, Reaching safepoint: 3483208 ns, Cleanup: 499542 ns, At safepoint: 16250 ns, Total: 3999000 ns
[2025-06-05T18:53:08.561+0000][8134.879s][debug][safepoint   ] Safepoint synchronization initiated using futex wait barrier. (180 threads)
[2025-06-05T18:53:08.565+0000][8134.884s][info ][safepoint   ] Safepoint "Cleanup", Time since last: 9122032463 ns, Reaching safepoint: 4470000 ns, Cleanup: 81458 ns, At safepoint: 35708 ns, Total: 4587166 ns
[2025-06-05T18:53:26.590+0000][8152.911s][debug][safepoint   ] Safepoint synchronization initiated using futex wait barrier. (179 threads)
[2025-06-05T18:53:26.614+0000][8152.935s][info ][safepoint   ] Safepoint "Cleanup", Time since last: 18027398009 ns, Reaching safepoint: 23625583 ns, Cleanup: 272167 ns, At safepoint: 43208 ns, Total: 23940958 ns
[2025-06-05T18:53:27.615+0000][8153.937s][debug][safepoint   ] Safepoint synchronization initiated using futex wait barrier. (179 threads)
[2025-06-05T18:53:27.616+0000][8153.938s][info ][safepoint   ] Safepoint "Cleanup", Time since last: 1001625417 ns, Reaching safepoint: 1111125 ns, Cleanup: 61792 ns, At safepoint: 23041 ns, Total: 1195958 ns
[2025-06-05T18:53:41.641+0000][8167.962s][debug][safepoint   ] Safepoint synchronization initiated using futex wait barrier. (183 threads)
[2025-06-05T18:53:41.645+0000][8167.966s][info ][safepoint   ] Safepoint "Cleanup", Time since last: 14024372549 ns, Reaching safepoint: 4096875 ns, Cleanup: 171875 ns, At safepoint: 24583 ns, Total: 4293333 ns
[2025-06-05T18:53:59.735+0000][8186.058s][debug][safepoint   ] Safepoint synchronization initiated using futex wait barrier. (183 threads)
[2025-06-05T18:53:59.739+0000][8186.062s][info ][safepoint   ] Safepoint "Cleanup", Time since last: 18091432883 ns, Reaching safepoint: 3850417 ns, Cleanup: 334583 ns, At safepoint: 43292 ns, Total: 4228292 ns
[2025-06-05T18:54:23.084+0000][8209.416s][debug][safepoint   ] Safepoint synchronization initiated using futex wait barrier. (182 threads)
[2025-06-05T18:54:23.088+0000][8209.421s][info ][gc,start    ] GC(131) Pause Young (Normal) (G1 Evacuation Pause)
[2025-06-05T18:54:23.089+0000][8209.421s][info ][gc,task     ] GC(131) Using 2 workers of 2 for evacuation
[2025-06-05T18:54:23.505+0000][8209.838s][info ][gc,phases   ] GC(131)   Pre Evacuate Collection Set: 15.1ms
[2025-06-05T18:54:23.506+0000][8209.838s][info ][gc,phases   ] GC(131)   Merge Heap Roots: 2.7ms
[2025-06-05T18:54:23.506+0000][8209.838s][info ][gc,phases   ] GC(131)   Evacuate Collection Set: 250.7ms
[2025-06-05T18:54:23.506+0000][8209.838s][info ][gc,phases   ] GC(131)   Post Evacuate Collection Set: 145.1ms
[2025-06-05T18:54:23.506+0000][8209.838s][info ][gc,phases   ] GC(131)   Other: 4.2ms
[2025-06-05T18:54:23.506+0000][8209.838s][info ][gc,heap     ] GC(131) Eden regions: 237->0(237)
[2025-06-05T18:54:23.506+0000][8209.839s][info ][gc,heap     ] GC(131) Survivor regions: 2->2(30)
[2025-06-05T18:54:23.506+0000][8209.839s][info ][gc,heap     ] GC(131) Old regions: 195->195
[2025-06-05T18:54:23.506+0000][8209.839s][info ][gc,heap     ] GC(131) Archive regions: 2->2
[2025-06-05T18:54:23.506+0000][8209.839s][info ][gc,heap     ] GC(131) Humongous regions: 0->0
[2025-06-05T18:54:23.507+0000][8209.839s][info ][gc,metaspace] GC(131) Metaspace: 187690K(189376K)->187690K(189376K) NonClass: 165243K(166080K)->165243K(166080K) Class: 22447K(23296K)->22447K(23296K)
[2025-06-05T18:54:23.507+0000][8209.839s][info ][gc          ] GC(131) Pause Young (Normal) (G1 Evacuation Pause) 433M->196M(487M) 418.551ms
[2025-06-05T18:54:23.508+0000][8209.840s][info ][gc,cpu      ] GC(131) User=0.80s Sys=0.00s Real=0.42s
[2025-06-05T18:54:23.508+0000][8209.841s][info ][safepoint   ] Safepoint "G1CollectForAllocation", Time since last: 23354155803 ns, Reaching safepoint: 3150583 ns, Cleanup: 216417 ns, At safepoint: 421120208 ns, Total: 424487208 ns
[2025-06-05T18:55:05.747+0000][8252.080s][debug][safepoint   ] Safepoint synchronization initiated using futex wait barrier. (183 threads)
[2025-06-05T18:55:05.779+0000][8252.112s][info ][safepoint   ] Safepoint "Cleanup", Time since last: 42238690895 ns, Reaching safepoint: 31511208 ns, Cleanup: 607375 ns, At safepoint: 27334 ns, Total: 32145917 ns
[2025-06-05T18:55:28.825+0000][8275.141s][debug][safepoint   ] Safepoint synchronization initiated using futex wait barrier. (181 threads)
[2025-06-05T18:55:28.828+0000][8275.144s][info ][safepoint   ] Safepoint "Cleanup", Time since last: 23028805344 ns, Reaching safepoint: 3579625 ns, Cleanup: 74750 ns, At safepoint: 15291 ns, Total: 3669666 ns
[2025-06-05T18:55:32.835+0000][8279.151s][debug][safepoint   ] Safepoint synchronization initiated using futex wait barrier. (181 threads)
[2025-06-05T18:55:32.836+0000][8279.152s][info ][safepoint   ] Safepoint "Cleanup", Time since last: 4006742502 ns, Reaching safepoint: 1344584 ns, Cleanup: 197375 ns, At safepoint: 12083 ns, Total: 1554042 ns
[2025-06-05T18:55:33.839+0000][8280.155s][debug][safepoint   ] Safepoint synchronization initiated using futex wait barrier. (181 threads)
[2025-06-05T18:55:33.852+0000][8280.168s][debug][safepoint   ] ... found polling page loop exception at pc = 0x0000ffff89d27294, stub =0x0000ffff8897ef00
[2025-06-05T18:55:33.853+0000][8280.169s][info ][safepoint   ] Safepoint "Cleanup", Time since last: 1002856084 ns, Reaching safepoint: 13285750 ns, Cleanup: 69375 ns, At safepoint: 39292 ns, Total: 13394417 ns
[2025-06-05T18:55:37.859+0000][8284.175s][debug][safepoint   ] Safepoint synchronization initiated using futex wait barrier. (181 threads)
[2025-06-05T18:55:37.860+0000][8284.176s][info ][safepoint   ] Safepoint "Cleanup", Time since last: 4006299835 ns, Reaching safepoint: 1109916 ns, Cleanup: 54292 ns, At safepoint: 5917 ns, Total: 1170125 ns
[2025-06-05T18:56:14.228+0000][8320.545s][debug][safepoint   ] Safepoint synchronization initiated using futex wait barrier. (181 threads)
[2025-06-05T18:56:14.233+0000][8320.550s][info ][gc,start    ] GC(132) Pause Young (Normal) (G1 Evacuation Pause)
[2025-06-05T18:56:14.234+0000][8320.551s][info ][gc,task     ] GC(132) Using 2 workers of 2 for evacuation
[2025-06-05T18:56:14.631+0000][8320.949s][info ][gc,phases   ] GC(132)   Pre Evacuate Collection Set: 26.9ms
[2025-06-05T18:56:14.632+0000][8320.949s][info ][gc,phases   ] GC(132)   Merge Heap Roots: 2.3ms
[2025-06-05T18:56:14.632+0000][8320.949s][info ][gc,phases   ] GC(132)   Evacuate Collection Set: 280.5ms
[2025-06-05T18:56:14.632+0000][8320.949s][info ][gc,phases   ] GC(132)   Post Evacuate Collection Set: 78.0ms
[2025-06-05T18:56:14.633+0000][8320.951s][info ][gc,phases   ] GC(132)   Other: 10.1ms
[2025-06-05T18:56:14.633+0000][8320.951s][info ][gc,heap     ] GC(132) Eden regions: 237->0(237)
[2025-06-05T18:56:14.633+0000][8320.951s][info ][gc,heap     ] GC(132) Survivor regions: 2->2(30)
[2025-06-05T18:56:14.633+0000][8320.951s][info ][gc,heap     ] GC(132) Old regions: 195->195
[2025-06-05T18:56:14.633+0000][8320.951s][info ][gc,heap     ] GC(132) Archive regions: 2->2
[2025-06-05T18:56:14.633+0000][8320.951s][info ][gc,heap     ] GC(132) Humongous regions: 0->0
[2025-06-05T18:56:14.633+0000][8320.951s][info ][gc,metaspace] GC(132) Metaspace: 187707K(189376K)->187707K(189376K) NonClass: 165260K(166080K)->165260K(166080K) Class: 22447K(23296K)->22447K(23296K)
[2025-06-05T18:56:14.639+0000][8320.956s][info ][gc          ] GC(132) Pause Young (Normal) (G1 Evacuation Pause) 433M->196M(487M) 402.586ms
[2025-06-05T18:56:14.639+0000][8320.957s][info ][gc,cpu      ] GC(132) User=0.78s Sys=0.00s Real=0.41s
[2025-06-05T18:56:14.640+0000][8320.958s][info ][safepoint   ] Safepoint "G1CollectForAllocation", Time since last: 36369005683 ns, Reaching safepoint: 3541792 ns, Cleanup: 223625 ns, At safepoint: 408757792 ns, Total: 412523209 ns
[2025-06-05T18:56:15.643+0000][8321.960s][debug][safepoint   ] Safepoint synchronization initiated using futex wait barrier. (181 threads)
[2025-06-05T18:56:15.645+0000][8321.963s][info ][safepoint   ] Safepoint "Cleanup", Time since last: 1002911750 ns, Reaching safepoint: 2026042 ns, Cleanup: 166375 ns, At safepoint: 27125 ns, Total: 2219542 ns
[2025-06-05T18:56:28.658+0000][8334.978s][debug][safepoint   ] Safepoint synchronization initiated using futex wait barrier. (181 threads)
[2025-06-05T18:56:28.661+0000][8334.980s][info ][safepoint   ] Safepoint "Cleanup", Time since last: 13015153464 ns, Reaching safepoint: 2122167 ns, Cleanup: 281500 ns, At safepoint: 7083 ns, Total: 2410750 ns
[2025-06-05T18:56:42.697+0000][8349.017s][debug][safepoint   ] Safepoint synchronization initiated using futex wait barrier. (181 threads)
[2025-06-05T18:56:42.709+0000][8349.029s][info ][safepoint   ] Safepoint "Cleanup", Time since last: 14036440757 ns, Reaching safepoint: 12047250 ns, Cleanup: 168833 ns, At safepoint: 272834 ns, Total: 12488917 ns
[2025-06-05T18:57:03.294+0000][8369.611s][debug][safepoint   ] Safepoint synchronization initiated using futex wait barrier. (181 threads)
[2025-06-05T18:57:03.297+0000][8369.613s][info ][safepoint   ] Safepoint "Cleanup", Time since last: 20581539676 ns, Reaching safepoint: 2260625 ns, Cleanup: 435333 ns, At safepoint: 10917 ns, Total: 2706875 ns
[2025-06-05T18:57:05.322+0000][8371.639s][debug][safepoint   ] Safepoint synchronization initiated using futex wait barrier. (185 threads)
[2025-06-05T18:57:05.382+0000][8371.699s][info ][safepoint   ] Safepoint "Cleanup", Time since last: 2025502750 ns, Reaching safepoint: 55598709 ns, Cleanup: 2206125 ns, At safepoint: 2428667 ns, Total: 60233501 ns
[2025-06-05T18:57:15.414+0000][8381.731s][debug][safepoint   ] Safepoint synchronization initiated using futex wait barrier. (185 threads)
[2025-06-05T18:57:15.425+0000][8381.742s][info ][safepoint   ] Safepoint "Cleanup", Time since last: 10031470379 ns, Reaching safepoint: 10606459 ns, Cleanup: 456916 ns, At safepoint: 35500 ns, Total: 11098875 ns
[2025-06-05T18:57:17.424+0000][8383.743s][debug][safepoint   ] Safepoint synchronization initiated using futex wait barrier. (184 threads)
[2025-06-05T18:57:17.427+0000][8383.746s][info ][safepoint   ] Safepoint "Cleanup", Time since last: 2001493126 ns, Reaching safepoint: 2309958 ns, Cleanup: 194250 ns, At safepoint: 67500 ns, Total: 2571708 ns
[2025-06-05T18:57:18.428+0000][8384.748s][debug][safepoint   ] Safepoint synchronization initiated using futex wait barrier. (184 threads)
[2025-06-05T18:57:18.431+0000][8384.750s][info ][safepoint   ] Safepoint "Cleanup", Time since last: 1001797334 ns, Reaching safepoint: 2243208 ns, Cleanup: 109917 ns, At safepoint: 32625 ns, Total: 2385750 ns
[2025-06-05T18:57:20.436+0000][8386.755s][debug][safepoint   ] Safepoint synchronization initiated using futex wait barrier. (184 threads)
[2025-06-05T18:57:20.442+0000][8386.761s][info ][safepoint   ] Safepoint "Cleanup", Time since last: 2004834418 ns, Reaching safepoint: 6188416 ns, Cleanup: 156875 ns, At safepoint: 12584 ns, Total: 6357875 ns
[2025-06-05T18:57:23.514+0000][8389.833s][debug][safepoint   ] Safepoint synchronization initiated using futex wait barrier. (185 threads)
[2025-06-05T18:57:23.517+0000][8389.837s][info ][safepoint   ] Safepoint "Cleanup", Time since last: 3072121334 ns, Reaching safepoint: 2857834 ns, Cleanup: 462875 ns, At safepoint: 26875 ns, Total: 3347584 ns
[2025-06-05T18:57:24.521+0000][8390.840s][debug][safepoint   ] Safepoint synchronization initiated using futex wait barrier. (185 threads)
[2025-06-05T18:57:24.532+0000][8390.851s][info ][safepoint   ] Safepoint "Cleanup", Time since last: 1003652959 ns, Reaching safepoint: 11013833 ns, Cleanup: 59583 ns, At safepoint: 23084 ns, Total: 11096500 ns
[2025-06-05T18:57:27.539+0000][8393.858s][debug][safepoint   ] Safepoint synchronization initiated using futex wait barrier. (185 threads)
[2025-06-05T18:57:27.545+0000][8393.864s][info ][safepoint   ] Safepoint "Cleanup", Time since last: 3006506293 ns, Reaching safepoint: 6125083 ns, Cleanup: 262208 ns, At safepoint: 30417 ns, Total: 6417708 ns
[2025-06-05T18:57:30.549+0000][8396.868s][debug][safepoint   ] Safepoint synchronization initiated using futex wait barrier. (185 threads)
[2025-06-05T18:57:30.552+0000][8396.871s][info ][safepoint   ] Safepoint "Cleanup", Time since last: 3003312752 ns, Reaching safepoint: 3293166 ns, Cleanup: 179959 ns, At safepoint: 61791 ns, Total: 3534916 ns
[2025-06-05T18:57:31.553+0000][8397.872s][debug][safepoint   ] Safepoint synchronization initiated using futex wait barrier. (185 threads)
[2025-06-05T18:57:31.559+0000][8397.878s][info ][safepoint   ] Safepoint "Cleanup", Time since last: 1000584626 ns, Reaching safepoint: 5970291 ns, Cleanup: 72375 ns, At safepoint: 40250 ns, Total: 6082916 ns
[2025-06-05T18:57:32.559+0000][8398.878s][debug][safepoint   ] Safepoint synchronization initiated using futex wait barrier. (185 threads)
[2025-06-05T18:57:32.585+0000][8398.904s][info ][safepoint   ] Safepoint "Cleanup", Time since last: 1000590709 ns, Reaching safepoint: 666167 ns, Cleanup: 24701166 ns, At safepoint: 278292 ns, Total: 25645625 ns
[2025-06-05T18:57:38.597+0000][8404.917s][debug][safepoint   ] Safepoint synchronization initiated using futex wait barrier. (185 threads)
[2025-06-05T18:57:38.598+0000][8404.917s][info ][safepoint   ] Safepoint "Cleanup", Time since last: 6012496628 ns, Reaching safepoint: 759250 ns, Cleanup: 63458 ns, At safepoint: 6667 ns, Total: 829375 ns
[2025-06-05T18:57:39.161+0000][8405.480s][debug][safepoint   ] Safepoint synchronization initiated using futex wait barrier. (185 threads)
[2025-06-05T18:57:39.166+0000][8405.486s][info ][gc,start    ] GC(133) Pause Young (Normal) (G1 Evacuation Pause)
[2025-06-05T18:57:39.167+0000][8405.486s][info ][gc,task     ] GC(133) Using 2 workers of 2 for evacuation
[2025-06-05T18:57:39.600+0000][8405.919s][info ][gc,phases   ] GC(133)   Pre Evacuate Collection Set: 33.1ms
[2025-06-05T18:57:39.600+0000][8405.919s][info ][gc,phases   ] GC(133)   Merge Heap Roots: 5.0ms
[2025-06-05T18:57:39.600+0000][8405.919s][info ][gc,phases   ] GC(133)   Evacuate Collection Set: 298.9ms
[2025-06-05T18:57:39.600+0000][8405.919s][info ][gc,phases   ] GC(133)   Post Evacuate Collection Set: 81.8ms
[2025-06-05T18:57:39.600+0000][8405.919s][info ][gc,phases   ] GC(133)   Other: 18.3ms
[2025-06-05T18:57:39.600+0000][8405.919s][info ][gc,heap     ] GC(133) Eden regions: 237->0(237)
[2025-06-05T18:57:39.600+0000][8405.919s][info ][gc,heap     ] GC(133) Survivor regions: 2->2(30)
[2025-06-05T18:57:39.600+0000][8405.919s][info ][gc,heap     ] GC(133) Old regions: 195->195
[2025-06-05T18:57:39.600+0000][8405.919s][info ][gc,heap     ] GC(133) Archive regions: 2->2
[2025-06-05T18:57:39.600+0000][8405.919s][info ][gc,heap     ] GC(133) Humongous regions: 19->0
[2025-06-05T18:57:39.600+0000][8405.919s][info ][gc,metaspace] GC(133) Metaspace: 187800K(189504K)->187800K(189504K) NonClass: 165347K(166208K)->165347K(166208K) Class: 22453K(23296K)->22453K(23296K)
[2025-06-05T18:57:39.600+0000][8405.919s][info ][gc          ] GC(133) Pause Young (Normal) (G1 Evacuation Pause) 452M->196M(487M) 434.363ms
[2025-06-05T18:57:39.600+0000][8405.919s][info ][gc,cpu      ] GC(133) User=0.83s Sys=0.00s Real=0.44s
[2025-06-05T18:57:39.600+0000][8405.920s][info ][safepoint   ] Safepoint "G1CollectForAllocation", Time since last: 562505292 ns, Reaching safepoint: 945375 ns, Cleanup: 26000 ns, At safepoint: 438746625 ns, Total: 439718000 ns
[2025-06-05T18:58:52.205+0000][8478.543s][debug][safepoint   ] Safepoint synchronization initiated using futex wait barrier. (181 threads)
[2025-06-05T18:58:52.214+0000][8478.552s][info ][safepoint   ] Safepoint "Cleanup", Time since last: 72622860284 ns, Reaching safepoint: 9224166 ns, Cleanup: 227292 ns, At safepoint: 19792 ns, Total: 9471250 ns
[2025-06-05T18:58:58.331+0000][8484.669s][debug][safepoint   ] Safepoint synchronization initiated using futex wait barrier. (181 threads)
[2025-06-05T18:58:58.333+0000][8484.671s][info ][safepoint   ] Safepoint "Cleanup", Time since last: 6117155961 ns, Reaching safepoint: 1436333 ns, Cleanup: 541709 ns, At safepoint: 26416 ns, Total: 2004458 ns
[2025-06-05T18:59:08.353+0000][8494.691s][debug][safepoint   ] Safepoint synchronization initiated using futex wait barrier. (181 threads)
[2025-06-05T18:59:08.355+0000][8494.693s][info ][safepoint   ] Safepoint "Cleanup", Time since last: 10019657463 ns, Reaching safepoint: 1949834 ns, Cleanup: 166375 ns, At safepoint: 35291 ns, Total: 2151500 ns
[2025-06-05T18:59:26.392+0000][8512.723s][debug][safepoint   ] Safepoint synchronization initiated using futex wait barrier. (181 threads)
[2025-06-05T18:59:26.409+0000][8512.739s][info ][safepoint   ] Safepoint "Cleanup", Time since last: 18029426967 ns, Reaching safepoint: 13884875 ns, Cleanup: 2075666 ns, At safepoint: 714375 ns, Total: 16674916 ns
[2025-06-05T18:59:30.171+0000][8516.501s][debug][safepoint   ] Safepoint synchronization initiated using futex wait barrier. (181 threads)
[2025-06-05T18:59:30.182+0000][8516.512s][info ][gc,start    ] GC(134) Pause Young (Normal) (G1 Evacuation Pause)
[2025-06-05T18:59:30.190+0000][8516.520s][info ][gc,task     ] GC(134) Using 2 workers of 2 for evacuation
[2025-06-05T18:59:30.702+0000][8517.033s][info ][gc,phases   ] GC(134)   Pre Evacuate Collection Set: 46.1ms
[2025-06-05T18:59:30.703+0000][8517.033s][info ][gc,phases   ] GC(134)   Merge Heap Roots: 19.0ms
[2025-06-05T18:59:30.703+0000][8517.033s][info ][gc,phases   ] GC(134)   Evacuate Collection Set: 373.3ms
[2025-06-05T18:59:30.703+0000][8517.033s][info ][gc,phases   ] GC(134)   Post Evacuate Collection Set: 62.0ms
[2025-06-05T18:59:30.703+0000][8517.033s][info ][gc,phases   ] GC(134)   Other: 25.3ms
[2025-06-05T18:59:30.703+0000][8517.034s][info ][gc,heap     ] GC(134) Eden regions: 237->0(238)
[2025-06-05T18:59:30.703+0000][8517.034s][info ][gc,heap     ] GC(134) Survivor regions: 2->1(30)
[2025-06-05T18:59:30.703+0000][8517.034s][info ][gc,heap     ] GC(134) Old regions: 195->196
[2025-06-05T18:59:30.703+0000][8517.034s][info ][gc,heap     ] GC(134) Archive regions: 2->2
[2025-06-05T18:59:30.703+0000][8517.034s][info ][gc,heap     ] GC(134) Humongous regions: 0->0
[2025-06-05T18:59:30.703+0000][8517.034s][info ][gc,metaspace] GC(134) Metaspace: 187807K(189504K)->187807K(189504K) NonClass: 165353K(166208K)->165353K(166208K) Class: 22453K(23296K)->22453K(23296K)
[2025-06-05T18:59:30.704+0000][8517.034s][info ][gc          ] GC(134) Pause Young (Normal) (G1 Evacuation Pause) 433M->196M(487M) 523.884ms
[2025-06-05T18:59:30.704+0000][8517.035s][info ][gc,cpu      ] GC(134) User=0.94s Sys=0.00s Real=0.52s
[2025-06-05T18:59:30.704+0000][8517.035s][info ][safepoint   ] Safepoint "G1CollectForAllocation", Time since last: 3762023127 ns, Reaching safepoint: 4266125 ns, Cleanup: 533583 ns, At safepoint: 528831542 ns, Total: 533631250 ns
[2025-06-05T19:01:21.810+0000][8628.123s][debug][safepoint   ] Safepoint synchronization initiated using futex wait barrier. (181 threads)
[2025-06-05T19:01:21.885+0000][8628.198s][info ][gc,start    ] GC(135) Pause Young (Normal) (G1 Evacuation Pause)
[2025-06-05T19:01:21.887+0000][8628.201s][info ][gc,task     ] GC(135) Using 2 workers of 2 for evacuation
[2025-06-05T19:01:23.170+0000][8629.484s][info ][gc,mmu      ] GC(135) MMU target violated: 501.0ms (500.0ms/501.0ms)
[2025-06-05T19:01:23.183+0000][8629.496s][info ][gc,phases   ] GC(135)   Pre Evacuate Collection Set: 34.3ms
[2025-06-05T19:01:23.183+0000][8629.497s][info ][gc,phases   ] GC(135)   Merge Heap Roots: 18.6ms
[2025-06-05T19:01:23.183+0000][8629.497s][info ][gc,phases   ] GC(135)   Evacuate Collection Set: 922.0ms
[2025-06-05T19:01:23.184+0000][8629.497s][info ][gc,phases   ] GC(135)   Post Evacuate Collection Set: 298.8ms
[2025-06-05T19:01:23.184+0000][8629.497s][info ][gc,phases   ] GC(135)   Other: 34.0ms
[2025-06-05T19:01:23.185+0000][8629.498s][info ][gc,heap     ] GC(135) Eden regions: 238->0(238)
[2025-06-05T19:01:23.185+0000][8629.498s][info ][gc,heap     ] GC(135) Survivor regions: 1->1(30)
[2025-06-05T19:01:23.185+0000][8629.498s][info ][gc,heap     ] GC(135) Old regions: 196->196
[2025-06-05T19:01:23.185+0000][8629.498s][info ][gc,heap     ] GC(135) Archive regions: 2->2
[2025-06-05T19:01:23.185+0000][8629.499s][info ][gc,heap     ] GC(135) Humongous regions: 0->0
[2025-06-05T19:01:23.186+0000][8629.500s][info ][gc,metaspace] GC(135) Metaspace: 187972K(189632K)->187972K(189632K) NonClass: 165519K(166336K)->165519K(166336K) Class: 22453K(23296K)->22453K(23296K)
[2025-06-05T19:01:23.188+0000][8629.501s][info ][gc          ] GC(135) Pause Young (Normal) (G1 Evacuation Pause) 434M->196M(487M) 1303.833ms
[2025-06-05T19:01:23.192+0000][8629.505s][info ][gc,cpu      ] GC(135) User=2.49s Sys=0.00s Real=1.31s
[2025-06-05T19:01:23.196+0000][8629.509s][info ][safepoint   ] Safepoint "G1CollectForAllocation", Time since last: 111088175010 ns, Reaching safepoint: 35325459 ns, Cleanup: 734250 ns, At safepoint: 1350007584 ns, Total: 1386067293 ns
[2025-06-05T19:01:48.267+0000][8654.577s][debug][safepoint   ] Safepoint synchronization initiated using futex wait barrier. (181 threads)
[2025-06-05T19:01:48.369+0000][8654.679s][info ][safepoint   ] Safepoint "Cleanup", Time since last: 25067634970 ns, Reaching safepoint: 101034541 ns, Cleanup: 764417 ns, At safepoint: 206417 ns, Total: 102005375 ns
[2025-06-05T19:02:13.864+0000][8680.174s][debug][safepoint   ] Safepoint synchronization initiated using futex wait barrier. (181 threads)
[2025-06-05T19:02:13.917+0000][8680.227s][info ][safepoint   ] Safepoint "Cleanup", Time since last: 25494965887 ns, Reaching safepoint: 52713292 ns, Cleanup: 789208 ns, At safepoint: 168417 ns, Total: 53670917 ns
[2025-06-05T19:02:34.963+0000][8701.275s][debug][safepoint   ] Safepoint synchronization initiated using futex wait barrier. (181 threads)
[2025-06-05T19:02:35.025+0000][8701.336s][info ][safepoint   ] Safepoint "Cleanup", Time since last: 21047638051 ns, Reaching safepoint: 61104000 ns, Cleanup: 307875 ns, At safepoint: 146666 ns, Total: 61558541 ns
[2025-06-05T19:02:59.196+0000][8725.545s][debug][safepoint   ] Safepoint synchronization initiated using futex wait barrier. (181 threads)
[2025-06-05T19:02:59.279+0000][8725.627s][info ][safepoint   ] Safepoint "Cleanup", Time since last: 24208390595 ns, Reaching safepoint: 80870375 ns, Cleanup: 984083 ns, At safepoint: 731500 ns, Total: 82585958 ns
[2025-06-05T19:03:11.310+0000][8737.658s][debug][safepoint   ] Safepoint synchronization initiated using futex wait barrier. (181 threads)
[2025-06-05T19:03:11.332+0000][8737.681s][info ][safepoint   ] Safepoint "Cleanup", Time since last: 12030823215 ns, Reaching safepoint: 21291750 ns, Cleanup: 1071583 ns, At safepoint: 92458 ns, Total: 22455791 ns
[2025-06-05T19:03:13.495+0000][8739.844s][debug][safepoint   ] Safepoint synchronization initiated using futex wait barrier. (181 threads)
[2025-06-05T19:03:13.605+0000][8739.954s][info ][gc,start    ] GC(136) Pause Young (Normal) (G1 Evacuation Pause)
[2025-06-05T19:03:13.608+0000][8739.957s][info ][gc,task     ] GC(136) Using 2 workers of 2 for evacuation
[2025-06-05T19:03:17.535+0000][8743.884s][info ][gc,mmu      ] GC(136) MMU target violated: 501.0ms (500.0ms/501.0ms)
[2025-06-05T19:03:17.543+0000][8743.891s][info ][gc,phases   ] GC(136)   Pre Evacuate Collection Set: 100.2ms
[2025-06-05T19:03:17.543+0000][8743.891s][info ][gc,phases   ] GC(136)   Merge Heap Roots: 19.3ms
[2025-06-05T19:03:17.543+0000][8743.892s][info ][gc,phases   ] GC(136)   Evacuate Collection Set: 3057.9ms
[2025-06-05T19:03:17.543+0000][8743.892s][info ][gc,phases   ] GC(136)   Post Evacuate Collection Set: 696.1ms
[2025-06-05T19:03:17.544+0000][8743.893s][info ][gc,phases   ] GC(136)   Other: 72.2ms
[2025-06-05T19:03:17.547+0000][8743.895s][info ][gc,heap     ] GC(136) Eden regions: 238->0(23)
[2025-06-05T19:03:17.547+0000][8743.895s][info ][gc,heap     ] GC(136) Survivor regions: 1->1(30)
[2025-06-05T19:03:17.547+0000][8743.895s][info ][gc,heap     ] GC(136) Old regions: 196->196
[2025-06-05T19:03:17.547+0000][8743.895s][info ][gc,heap     ] GC(136) Archive regions: 2->2
[2025-06-05T19:03:17.547+0000][8743.895s][info ][gc,heap     ] GC(136) Humongous regions: 0->0
[2025-06-05T19:03:17.550+0000][8743.899s][info ][gc,metaspace] GC(136) Metaspace: 187988K(189696K)->187988K(189696K) NonClass: 165535K(166400K)->165535K(166400K) Class: 22453K(23296K)->22453K(23296K)
[2025-06-05T19:03:17.552+0000][8743.901s][info ][gc          ] GC(136) Pause Young (Normal) (G1 Evacuation Pause) 434M->196M(487M) 3947.494ms
[2025-06-05T19:03:17.559+0000][8743.907s][info ][gc,cpu      ] GC(136) User=6.90s Sys=0.68s Real=3.96s
[2025-06-05T19:03:17.588+0000][8743.936s][info ][safepoint   ] Safepoint "G1CollectForAllocation", Time since last: 2157766335 ns, Reaching safepoint: 106506500 ns, Cleanup: 84125 ns, At safepoint: 3991326752 ns, Total: 4097917377 ns
[2025-06-05T19:03:26.658+0000][8753.032s][debug][safepoint   ] Safepoint synchronization initiated using futex wait barrier. (181 threads)
[2025-06-05T19:03:26.675+0000][8753.049s][debug][safepoint   ] ... found polling page loop exception at pc = 0x0000ffff8a2b53e4, stub =0x0000ffff8897ef00
[2025-06-05T19:03:26.776+0000][8753.150s][info ][safepoint   ] Safepoint "Cleanup", Time since last: 9093767129 ns, Reaching safepoint: 116464250 ns, Cleanup: 2825583 ns, At safepoint: 544750 ns, Total: 119834583 ns
[2025-06-05T19:03:29.194+0000][8755.568s][debug][safepoint   ] Safepoint synchronization initiated using futex wait barrier. (181 threads)
[2025-06-05T19:03:29.454+0000][8755.828s][info ][gc,start    ] GC(137) Pause Young (Normal) (G1 Evacuation Pause)
[2025-06-05T19:03:29.500+0000][8755.875s][info ][gc,task     ] GC(137) Using 2 workers of 2 for evacuation
[2025-06-05T19:03:36.234+0000][8762.608s][info ][gc,mmu      ] GC(137) MMU target violated: 501.0ms (500.0ms/501.0ms)
[2025-06-05T19:03:36.337+0000][8762.712s][info ][gc,phases   ] GC(137)   Pre Evacuate Collection Set: 62.2ms
[2025-06-05T19:03:36.338+0000][8762.712s][info ][gc,phases   ] GC(137)   Merge Heap Roots: 6.8ms
[2025-06-05T19:03:36.338+0000][8762.712s][info ][gc,phases   ] GC(137)   Evacuate Collection Set: 3045.3ms
[2025-06-05T19:03:36.338+0000][8762.712s][info ][gc,phases   ] GC(137)   Post Evacuate Collection Set: 3556.1ms
[2025-06-05T19:03:36.338+0000][8762.713s][info ][gc,phases   ] GC(137)   Other: 225.0ms
[2025-06-05T19:03:36.348+0000][8762.723s][info ][gc,heap     ] GC(137) Eden regions: 23->0(23)
[2025-06-05T19:03:36.348+0000][8762.723s][info ][gc,heap     ] GC(137) Survivor regions: 1->1(3)
[2025-06-05T19:03:36.348+0000][8762.723s][info ][gc,heap     ] GC(137) Old regions: 196->196
[2025-06-05T19:03:36.348+0000][8762.723s][info ][gc,heap     ] GC(137) Archive regions: 2->2
[2025-06-05T19:03:36.348+0000][8762.723s][info ][gc,heap     ] GC(137) Humongous regions: 0->0
[2025-06-05T19:03:36.357+0000][8762.731s][info ][gc,metaspace] GC(137) Metaspace: 187988K(189696K)->187988K(189696K) NonClass: 165535K(166400K)->165535K(166400K) Class: 22453K(23296K)->22453K(23296K)
[2025-06-05T19:03:36.362+0000][8762.736s][info ][gc          ] GC(137) Pause Young (Normal) (G1 Evacuation Pause) 219M->196M(487M) 6906.187ms
[2025-06-05T19:03:36.382+0000][8762.756s][info ][gc,cpu      ] GC(137) User=8.94s Sys=1.20s Real=6.93s
[2025-06-05T19:03:36.397+0000][8762.771s][info ][safepoint   ] Safepoint "G1CollectForAllocation", Time since last: 2396437793 ns, Reaching safepoint: 257932708 ns, Cleanup: 5750834 ns, At safepoint: 6961275670 ns, Total: 7224959212 ns
[2025-06-05T19:03:40.576+0000][8766.950s][debug][safepoint   ] Safepoint synchronization initiated using futex wait barrier. (181 threads)
[2025-06-05T19:03:40.674+0000][8767.048s][info ][safepoint   ] Safepoint "Cleanup", Time since last: 4177627835 ns, Reaching safepoint: 90568125 ns, Cleanup: 4587917 ns, At safepoint: 4038083 ns, Total: 99194125 ns
[2025-06-05T19:03:45.019+0000][8771.393s][debug][safepoint   ] Safepoint synchronization initiated using futex wait barrier. (181 threads)
[2025-06-05T19:03:45.074+0000][8771.449s][info ][gc,start    ] GC(138) Pause Young (Normal) (G1 Evacuation Pause)
[2025-06-05T19:03:45.075+0000][8771.449s][info ][gc,task     ] GC(138) Using 2 workers of 2 for evacuation
[2025-06-05T19:03:46.551+0000][8772.925s][info ][gc,mmu      ] GC(138) MMU target violated: 501.0ms (500.0ms/501.0ms)
[2025-06-05T19:03:46.559+0000][8772.933s][info ][gc,phases   ] GC(138)   Pre Evacuate Collection Set: 15.3ms
[2025-06-05T19:03:46.559+0000][8772.933s][info ][gc,phases   ] GC(138)   Merge Heap Roots: 6.4ms
[2025-06-05T19:03:46.559+0000][8772.933s][info ][gc,phases   ] GC(138)   Evacuate Collection Set: 1273.6ms
[2025-06-05T19:03:46.559+0000][8772.933s][info ][gc,phases   ] GC(138)   Post Evacuate Collection Set: 173.3ms
[2025-06-05T19:03:46.559+0000][8772.934s][info ][gc,phases   ] GC(138)   Other: 22.0ms
[2025-06-05T19:03:46.561+0000][8772.935s][info ][gc,heap     ] GC(138) Eden regions: 23->0(23)
[2025-06-05T19:03:46.561+0000][8772.935s][info ][gc,heap     ] GC(138) Survivor regions: 1->1(3)
[2025-06-05T19:03:46.561+0000][8772.935s][info ][gc,heap     ] GC(138) Old regions: 196->196
[2025-06-05T19:03:46.561+0000][8772.935s][info ][gc,heap     ] GC(138) Archive regions: 2->2
[2025-06-05T19:03:46.561+0000][8772.935s][info ][gc,heap     ] GC(138) Humongous regions: 0->0
[2025-06-05T19:03:46.561+0000][8772.936s][info ][gc,metaspace] GC(138) Metaspace: 187988K(189696K)->187988K(189696K) NonClass: 165535K(166400K)->165535K(166400K) Class: 22453K(23296K)->22453K(23296K)
[2025-06-05T19:03:46.563+0000][8772.938s][info ][gc          ] GC(138) Pause Young (Normal) (G1 Evacuation Pause) 219M->196M(487M) 1487.123ms
[2025-06-05T19:03:46.568+0000][8772.942s][info ][gc,cpu      ] GC(138) User=2.67s Sys=0.18s Real=1.49s
[2025-06-05T19:03:46.570+0000][8772.945s][info ][safepoint   ] Safepoint "G1CollectForAllocation", Time since last: 4344783127 ns, Reaching safepoint: 44307208 ns, Cleanup: 5333959 ns, At safepoint: 1501920500 ns, Total: 1551561667 ns
[2025-06-05T19:03:52.963+0000][8779.383s][debug][safepoint   ] Safepoint synchronization initiated using futex wait barrier. (181 threads)
[2025-06-05T19:03:52.996+0000][8779.416s][info ][gc,start    ] GC(139) Pause Young (Normal) (G1 Evacuation Pause)
[2025-06-05T19:03:53.034+0000][8779.454s][info ][gc,task     ] GC(139) Using 2 workers of 2 for evacuation
[2025-06-05T19:03:53.362+0000][8779.782s][info ][gc,phases   ] GC(139)   Pre Evacuate Collection Set: 18.9ms
[2025-06-05T19:03:53.369+0000][8779.789s][info ][gc,phases   ] GC(139)   Merge Heap Roots: 0.3ms
[2025-06-05T19:03:53.370+0000][8779.789s][info ][gc,phases   ] GC(139)   Evacuate Collection Set: 133.3ms
[2025-06-05T19:03:53.370+0000][8779.789s][info ][gc,phases   ] GC(139)   Post Evacuate Collection Set: 168.1ms
[2025-06-05T19:03:53.372+0000][8779.791s][info ][gc,phases   ] GC(139)   Other: 45.3ms
[2025-06-05T19:03:53.372+0000][8779.792s][info ][gc,heap     ] GC(139) Eden regions: 23->0(23)
[2025-06-05T19:03:53.372+0000][8779.792s][info ][gc,heap     ] GC(139) Survivor regions: 1->1(3)
[2025-06-05T19:03:53.373+0000][8779.792s][info ][gc,heap     ] GC(139) Old regions: 196->196
[2025-06-05T19:03:53.373+0000][8779.792s][info ][gc,heap     ] GC(139) Archive regions: 2->2
[2025-06-05T19:03:53.373+0000][8779.792s][info ][gc,heap     ] GC(139) Humongous regions: 0->0
[2025-06-05T19:03:53.374+0000][8779.793s][info ][gc,metaspace] GC(139) Metaspace: 187988K(189696K)->187988K(189696K) NonClass: 165535K(166400K)->165535K(166400K) Class: 22453K(23296K)->22453K(23296K)
[2025-06-05T19:03:53.374+0000][8779.794s][info ][gc          ] GC(139) Pause Young (Normal) (G1 Evacuation Pause) 219M->196M(487M) 377.714ms
[2025-06-05T19:03:53.378+0000][8779.797s][info ][gc,cpu      ] GC(139) User=0.57s Sys=0.02s Real=0.39s
[2025-06-05T19:03:53.381+0000][8779.800s][info ][safepoint   ] Safepoint "G1CollectForAllocation", Time since last: 6437944920 ns, Reaching safepoint: 32975542 ns, Cleanup: 91583 ns, At safepoint: 384623167 ns, Total: 417690292 ns
[2025-06-05T19:03:54.410+0000][8780.829s][debug][safepoint   ] Safepoint synchronization initiated using futex wait barrier. (181 threads)
[2025-06-05T19:03:54.522+0000][8780.942s][info ][safepoint   ] Safepoint "Cleanup", Time since last: 1021446459 ns, Reaching safepoint: 117878791 ns, Cleanup: 2010500 ns, At safepoint: 133125 ns, Total: 120022416 ns
[2025-06-05T19:04:02.612+0000][8789.032s][debug][safepoint   ] Safepoint synchronization initiated using futex wait barrier. (181 threads)
[2025-06-05T19:04:02.695+0000][8789.115s][info ][gc,start    ] GC(140) Pause Young (Normal) (G1 Evacuation Pause)
[2025-06-05T19:04:02.695+0000][8789.115s][info ][gc,task     ] GC(140) Using 2 workers of 2 for evacuation
[2025-06-05T19:04:03.212+0000][8789.631s][info ][gc,phases   ] GC(140)   Pre Evacuate Collection Set: 56.5ms
[2025-06-05T19:04:03.212+0000][8789.632s][info ][gc,phases   ] GC(140)   Merge Heap Roots: 10.4ms
[2025-06-05T19:04:03.212+0000][8789.632s][info ][gc,phases   ] GC(140)   Evacuate Collection Set: 388.8ms
[2025-06-05T19:04:03.212+0000][8789.632s][info ][gc,phases   ] GC(140)   Post Evacuate Collection Set: 40.8ms
[2025-06-05T19:04:03.212+0000][8789.632s][info ][gc,phases   ] GC(140)   Other: 28.6ms
[2025-06-05T19:04:03.212+0000][8789.632s][info ][gc,heap     ] GC(140) Eden regions: 23->0(23)
[2025-06-05T19:04:03.212+0000][8789.632s][info ][gc,heap     ] GC(140) Survivor regions: 1->1(3)
[2025-06-05T19:04:03.212+0000][8789.632s][info ][gc,heap     ] GC(140) Old regions: 196->196
[2025-06-05T19:04:03.213+0000][8789.632s][info ][gc,heap     ] GC(140) Archive regions: 2->2
[2025-06-05T19:04:03.213+0000][8789.632s][info ][gc,heap     ] GC(140) Humongous regions: 0->0
[2025-06-05T19:04:03.213+0000][8789.632s][info ][gc,metaspace] GC(140) Metaspace: 187988K(189696K)->187988K(189696K) NonClass: 165535K(166400K)->165535K(166400K) Class: 22453K(23296K)->22453K(23296K)
[2025-06-05T19:04:03.213+0000][8789.632s][info ][gc          ] GC(140) Pause Young (Normal) (G1 Evacuation Pause) 219M->196M(487M) 517.819ms
[2025-06-05T19:04:03.213+0000][8789.633s][info ][gc,cpu      ] GC(140) User=0.86s Sys=0.08s Real=0.52s
[2025-06-05T19:04:03.216+0000][8789.635s][info ][safepoint   ] Safepoint "G1CollectForAllocation", Time since last: 8090266463 ns, Reaching safepoint: 73987333 ns, Cleanup: 198500 ns, At safepoint: 529187292 ns, Total: 603373125 ns
[2025-06-05T19:04:13.422+0000][8799.842s][debug][safepoint   ] Safepoint synchronization initiated using futex wait barrier. (181 threads)
[2025-06-05T19:04:13.483+0000][8799.902s][info ][gc,start    ] GC(141) Pause Young (Normal) (G1 Evacuation Pause)
[2025-06-05T19:04:13.483+0000][8799.902s][info ][gc,task     ] GC(141) Using 2 workers of 2 for evacuation
[2025-06-05T19:04:13.969+0000][8800.389s][info ][gc,phases   ] GC(141)   Pre Evacuate Collection Set: 42.4ms
[2025-06-05T19:04:13.973+0000][8800.393s][info ][gc,phases   ] GC(141)   Merge Heap Roots: 21.9ms
[2025-06-05T19:04:13.973+0000][8800.393s][info ][gc,phases   ] GC(141)   Evacuate Collection Set: 297.6ms
[2025-06-05T19:04:13.973+0000][8800.393s][info ][gc,phases   ] GC(141)   Post Evacuate Collection Set: 104.3ms
[2025-06-05T19:04:13.973+0000][8800.393s][info ][gc,phases   ] GC(141)   Other: 29.4ms
[2025-06-05T19:04:13.974+0000][8800.394s][info ][gc,heap     ] GC(141) Eden regions: 23->0(23)
[2025-06-05T19:04:13.974+0000][8800.394s][info ][gc,heap     ] GC(141) Survivor regions: 1->1(3)
[2025-06-05T19:04:13.974+0000][8800.394s][info ][gc,heap     ] GC(141) Old regions: 196->196
[2025-06-05T19:04:13.974+0000][8800.394s][info ][gc,heap     ] GC(141) Archive regions: 2->2
[2025-06-05T19:04:13.974+0000][8800.394s][info ][gc,heap     ] GC(141) Humongous regions: 0->0
[2025-06-05T19:04:13.975+0000][8800.394s][info ][gc,metaspace] GC(141) Metaspace: 187990K(189696K)->187990K(189696K) NonClass: 165536K(166400K)->165536K(166400K) Class: 22453K(23296K)->22453K(23296K)
[2025-06-05T19:04:13.975+0000][8800.394s][info ][gc          ] GC(141) Pause Young (Normal) (G1 Evacuation Pause) 219M->196M(487M) 492.228ms
[2025-06-05T19:04:13.975+0000][8800.395s][info ][gc,cpu      ] GC(141) User=0.84s Sys=0.04s Real=0.49s
[2025-06-05T19:04:13.977+0000][8800.397s][info ][safepoint   ] Safepoint "G1CollectForAllocation", Time since last: 10206242213 ns, Reaching safepoint: 50547500 ns, Cleanup: 100208 ns, At safepoint: 504559126 ns, Total: 555206834 ns
[2025-06-05T19:04:23.210+0000][8809.524s][debug][safepoint   ] Safepoint synchronization initiated using futex wait barrier. (181 threads)
[2025-06-05T19:04:23.582+0000][8809.895s][info ][gc,start    ] GC(142) Pause Young (Normal) (G1 Evacuation Pause)
[2025-06-05T19:04:23.604+0000][8809.918s][info ][gc,task     ] GC(142) Using 2 workers of 2 for evacuation
[2025-06-05T19:04:27.054+0000][8813.368s][info ][gc,mmu      ] GC(142) MMU target violated: 501.0ms (500.0ms/501.0ms)
[2025-06-05T19:04:27.118+0000][8813.432s][info ][gc,phases   ] GC(142)   Pre Evacuate Collection Set: 356.9ms
[2025-06-05T19:04:27.119+0000][8813.433s][info ][gc,phases   ] GC(142)   Merge Heap Roots: 10.1ms
[2025-06-05T19:04:27.119+0000][8813.433s][info ][gc,phases   ] GC(142)   Evacuate Collection Set: 1852.6ms
[2025-06-05T19:04:27.121+0000][8813.435s][info ][gc,phases   ] GC(142)   Post Evacuate Collection Set: 1093.0ms
[2025-06-05T19:04:27.125+0000][8813.439s][info ][gc,phases   ] GC(142)   Other: 304.1ms
[2025-06-05T19:04:27.131+0000][8813.445s][info ][gc,heap     ] GC(142) Eden regions: 23->0(23)
[2025-06-05T19:04:27.132+0000][8813.445s][info ][gc,heap     ] GC(142) Survivor regions: 1->1(3)
[2025-06-05T19:04:27.132+0000][8813.446s][info ][gc,heap     ] GC(142) Old regions: 196->196
[2025-06-05T19:04:27.137+0000][8813.451s][info ][gc,heap     ] GC(142) Archive regions: 2->2
[2025-06-05T19:04:27.137+0000][8813.451s][info ][gc,heap     ] GC(142) Humongous regions: 0->0
[2025-06-05T19:04:27.138+0000][8813.451s][info ][gc,metaspace] GC(142) Metaspace: 187992K(189696K)->187992K(189696K) NonClass: 165538K(166400K)->165538K(166400K) Class: 22453K(23296K)->22453K(23296K)
[2025-06-05T19:04:27.158+0000][8813.472s][info ][gc          ] GC(142) Pause Young (Normal) (G1 Evacuation Pause) 219M->196M(487M) 3564.438ms
[2025-06-05T19:04:27.173+0000][8813.487s][info ][gc,cpu      ] GC(142) User=5.17s Sys=0.99s Real=3.61s
[2025-06-05T19:04:27.208+0000][8813.522s][info ][safepoint   ] Safepoint "G1CollectForAllocation", Time since last: 9117298587 ns, Reaching safepoint: 282723167 ns, Cleanup: 714083 ns, At safepoint: 3723176961 ns, Total: 4006614211 ns
[2025-06-05T19:04:35.833+0000][8822.147s][debug][safepoint   ] Safepoint synchronization initiated using futex wait barrier. (181 threads)
[2025-06-05T19:04:35.856+0000][8822.170s][info ][gc,start    ] GC(143) Pause Young (Normal) (G1 Evacuation Pause)
[2025-06-05T19:04:35.859+0000][8822.173s][info ][gc,task     ] GC(143) Using 2 workers of 2 for evacuation
[2025-06-05T19:04:35.922+0000][8822.236s][info ][gc,phases   ] GC(143)   Pre Evacuate Collection Set: 2.4ms
[2025-06-05T19:04:35.922+0000][8822.236s][info ][gc,phases   ] GC(143)   Merge Heap Roots: 0.3ms
[2025-06-05T19:04:35.922+0000][8822.236s][info ][gc,phases   ] GC(143)   Evacuate Collection Set: 50.4ms
[2025-06-05T19:04:35.922+0000][8822.236s][info ][gc,phases   ] GC(143)   Post Evacuate Collection Set: 8.9ms
[2025-06-05T19:04:35.922+0000][8822.236s][info ][gc,phases   ] GC(143)   Other: 7.0ms
[2025-06-05T19:04:35.922+0000][8822.236s][info ][gc,heap     ] GC(143) Eden regions: 23->0(23)
[2025-06-05T19:04:35.922+0000][8822.236s][info ][gc,heap     ] GC(143) Survivor regions: 1->1(3)
[2025-06-05T19:04:35.922+0000][8822.236s][info ][gc,heap     ] GC(143) Old regions: 196->196
[2025-06-05T19:04:35.922+0000][8822.236s][info ][gc,heap     ] GC(143) Archive regions: 2->2
[2025-06-05T19:04:35.922+0000][8822.236s][info ][gc,heap     ] GC(143) Humongous regions: 0->0
[2025-06-05T19:04:35.922+0000][8822.236s][info ][gc,metaspace] GC(143) Metaspace: 187992K(189696K)->187992K(189696K) NonClass: 165538K(166400K)->165538K(166400K) Class: 22453K(23296K)->22453K(23296K)
[2025-06-05T19:04:35.922+0000][8822.236s][info ][gc          ] GC(143) Pause Young (Normal) (G1 Evacuation Pause) 219M->196M(487M) 66.527ms
[2025-06-05T19:04:35.923+0000][8822.236s][info ][gc,cpu      ] GC(143) User=0.12s Sys=0.00s Real=0.07s
[2025-06-05T19:04:35.923+0000][8822.237s][info ][safepoint   ] Safepoint "G1CollectForAllocation", Time since last: 8624082170 ns, Reaching safepoint: 18194500 ns, Cleanup: 3833334 ns, At safepoint: 69877666 ns, Total: 91905500 ns
[2025-06-05T19:04:46.673+0000][8832.987s][debug][safepoint   ] Safepoint synchronization initiated using futex wait barrier. (181 threads)
[2025-06-05T19:04:46.689+0000][8833.003s][info ][gc,start    ] GC(144) Pause Young (Normal) (G1 Evacuation Pause)
[2025-06-05T19:04:46.690+0000][8833.003s][info ][gc,task     ] GC(144) Using 2 workers of 2 for evacuation
[2025-06-05T19:04:46.931+0000][8833.245s][info ][gc,phases   ] GC(144)   Pre Evacuate Collection Set: 22.4ms
[2025-06-05T19:04:46.931+0000][8833.245s][info ][gc,phases   ] GC(144)   Merge Heap Roots: 1.2ms
[2025-06-05T19:04:46.931+0000][8833.245s][info ][gc,phases   ] GC(144)   Evacuate Collection Set: 150.9ms
[2025-06-05T19:04:46.931+0000][8833.245s][info ][gc,phases   ] GC(144)   Post Evacuate Collection Set: 60.0ms
[2025-06-05T19:04:46.931+0000][8833.245s][info ][gc,phases   ] GC(144)   Other: 13.4ms
[2025-06-05T19:04:46.933+0000][8833.247s][info ][gc,heap     ] GC(144) Eden regions: 23->0(23)
[2025-06-05T19:04:46.933+0000][8833.247s][info ][gc,heap     ] GC(144) Survivor regions: 1->1(3)
[2025-06-05T19:04:46.933+0000][8833.247s][info ][gc,heap     ] GC(144) Old regions: 196->196
[2025-06-05T19:04:46.933+0000][8833.247s][info ][gc,heap     ] GC(144) Archive regions: 2->2
[2025-06-05T19:04:46.933+0000][8833.247s][info ][gc,heap     ] GC(144) Humongous regions: 0->0
[2025-06-05T19:04:46.935+0000][8833.249s][info ][gc,metaspace] GC(144) Metaspace: 187992K(189696K)->187992K(189696K) NonClass: 165538K(166400K)->165538K(166400K) Class: 22453K(23296K)->22453K(23296K)
[2025-06-05T19:04:46.935+0000][8833.249s][info ][gc          ] GC(144) Pause Young (Normal) (G1 Evacuation Pause) 219M->196M(487M) 246.494ms
[2025-06-05T19:04:46.935+0000][8833.249s][info ][gc,cpu      ] GC(144) User=0.47s Sys=0.00s Real=0.25s
[2025-06-05T19:04:46.936+0000][8833.249s][info ][safepoint   ] Safepoint "G1CollectForAllocation", Time since last: 10746461214 ns, Reaching safepoint: 13032083 ns, Cleanup: 401000 ns, At safepoint: 252993084 ns, Total: 266426167 ns
[2025-06-05T19:04:53.849+0000][8840.163s][debug][safepoint   ] Safepoint synchronization initiated using futex wait barrier. (181 threads)
[2025-06-05T19:04:53.851+0000][8840.165s][info ][gc,start    ] GC(145) Pause Young (Normal) (G1 Evacuation Pause)
[2025-06-05T19:04:53.851+0000][8840.166s][info ][gc,task     ] GC(145) Using 2 workers of 2 for evacuation
[2025-06-05T19:04:53.891+0000][8840.206s][info ][gc,phases   ] GC(145)   Pre Evacuate Collection Set: 1.7ms
[2025-06-05T19:04:53.891+0000][8840.206s][info ][gc,phases   ] GC(145)   Merge Heap Roots: 0.1ms
[2025-06-05T19:04:53.891+0000][8840.206s][info ][gc,phases   ] GC(145)   Evacuate Collection Set: 22.2ms
[2025-06-05T19:04:53.891+0000][8840.206s][info ][gc,phases   ] GC(145)   Post Evacuate Collection Set: 14.8ms
[2025-06-05T19:04:53.891+0000][8840.206s][info ][gc,phases   ] GC(145)   Other: 1.4ms
[2025-06-05T19:04:53.891+0000][8840.206s][info ][gc,heap     ] GC(145) Eden regions: 23->0(23)
[2025-06-05T19:04:53.892+0000][8840.206s][info ][gc,heap     ] GC(145) Survivor regions: 1->1(3)
[2025-06-05T19:04:53.892+0000][8840.206s][info ][gc,heap     ] GC(145) Old regions: 196->196
[2025-06-05T19:04:53.892+0000][8840.206s][info ][gc,heap     ] GC(145) Archive regions: 2->2
[2025-06-05T19:04:53.892+0000][8840.206s][info ][gc,heap     ] GC(145) Humongous regions: 0->0
[2025-06-05T19:04:53.892+0000][8840.206s][info ][gc,metaspace] GC(145) Metaspace: 187992K(189696K)->187992K(189696K) NonClass: 165538K(166400K)->165538K(166400K) Class: 22453K(23296K)->22453K(23296K)
[2025-06-05T19:04:53.892+0000][8840.206s][info ][gc          ] GC(145) Pause Young (Normal) (G1 Evacuation Pause) 219M->196M(487M) 40.717ms
[2025-06-05T19:04:53.892+0000][8840.206s][info ][gc,cpu      ] GC(145) User=0.08s Sys=0.00s Real=0.05s
[2025-06-05T19:04:53.892+0000][8840.206s][info ][safepoint   ] Safepoint "G1CollectForAllocation", Time since last: 6913900420 ns, Reaching safepoint: 1796666 ns, Cleanup: 101709 ns, At safepoint: 41211291 ns, Total: 43109666 ns
[2025-06-05T19:05:03.231+0000][8849.546s][debug][safepoint   ] Safepoint synchronization initiated using futex wait barrier. (181 threads)
[2025-06-05T19:05:03.352+0000][8849.666s][info ][safepoint   ] Safepoint "Cleanup", Time since last: 9335408380 ns, Reaching safepoint: 123841083 ns, Cleanup: 79292 ns, At safepoint: 124250 ns, Total: 124044625 ns
[2025-06-05T19:05:05.646+0000][8851.961s][debug][safepoint   ] Safepoint synchronization initiated using futex wait barrier. (182 threads)
[2025-06-05T19:05:05.683+0000][8851.998s][info ][gc,start    ] GC(146) Pause Young (Normal) (G1 Evacuation Pause)
[2025-06-05T19:05:05.684+0000][8851.998s][info ][gc,task     ] GC(146) Using 2 workers of 2 for evacuation
[2025-06-05T19:05:05.895+0000][8852.210s][info ][gc,phases   ] GC(146)   Pre Evacuate Collection Set: 18.8ms
[2025-06-05T19:05:05.896+0000][8852.210s][info ][gc,phases   ] GC(146)   Merge Heap Roots: 2.3ms
[2025-06-05T19:05:05.896+0000][8852.210s][info ][gc,phases   ] GC(146)   Evacuate Collection Set: 118.1ms
[2025-06-05T19:05:05.896+0000][8852.210s][info ][gc,phases   ] GC(146)   Post Evacuate Collection Set: 71.6ms
[2025-06-05T19:05:05.896+0000][8852.211s][info ][gc,phases   ] GC(146)   Other: 10.0ms
[2025-06-05T19:05:05.896+0000][8852.211s][info ][gc,heap     ] GC(146) Eden regions: 23->0(48)
[2025-06-05T19:05:05.896+0000][8852.211s][info ][gc,heap     ] GC(146) Survivor regions: 1->1(3)
[2025-06-05T19:05:05.897+0000][8852.211s][info ][gc,heap     ] GC(146) Old regions: 196->196
[2025-06-05T19:05:05.897+0000][8852.211s][info ][gc,heap     ] GC(146) Archive regions: 2->2
[2025-06-05T19:05:05.897+0000][8852.211s][info ][gc,heap     ] GC(146) Humongous regions: 0->0
[2025-06-05T19:05:05.897+0000][8852.211s][info ][gc,metaspace] GC(146) Metaspace: 187992K(189696K)->187992K(189696K) NonClass: 165538K(166400K)->165538K(166400K) Class: 22453K(23296K)->22453K(23296K)
[2025-06-05T19:05:05.897+0000][8852.211s][info ][gc          ] GC(146) Pause Young (Normal) (G1 Evacuation Pause) 219M->196M(487M) 213.697ms
[2025-06-05T19:05:05.897+0000][8852.212s][info ][gc,cpu      ] GC(146) User=0.41s Sys=0.00s Real=0.22s
[2025-06-05T19:05:05.898+0000][8852.212s][info ][safepoint   ] Safepoint "G1CollectForAllocation", Time since last: 2294397043 ns, Reaching safepoint: 26570583 ns, Cleanup: 47208 ns, At safepoint: 224979417 ns, Total: 251597208 ns
[2025-06-05T19:05:27.928+0000][8874.296s][debug][safepoint   ] Safepoint synchronization initiated using futex wait barrier. (182 threads)
[2025-06-05T19:05:27.936+0000][8874.303s][info ][safepoint   ] Safepoint "Cleanup", Time since last: 22083841885 ns, Reaching safepoint: 7331375 ns, Cleanup: 209334 ns, At safepoint: 17041 ns, Total: 7557750 ns
[2025-06-05T19:05:28.679+0000][8875.046s][debug][safepoint   ] Safepoint synchronization initiated using futex wait barrier. (182 threads)
[2025-06-05T19:05:28.683+0000][8875.050s][info ][gc,start    ] GC(147) Pause Young (Normal) (G1 Evacuation Pause)
[2025-06-05T19:05:28.683+0000][8875.051s][info ][gc,task     ] GC(147) Using 2 workers of 2 for evacuation
[2025-06-05T19:05:29.051+0000][8875.419s][info ][gc,phases   ] GC(147)   Pre Evacuate Collection Set: 27.5ms
[2025-06-05T19:05:29.051+0000][8875.419s][info ][gc,phases   ] GC(147)   Merge Heap Roots: 0.9ms
[2025-06-05T19:05:29.051+0000][8875.419s][info ][gc,phases   ] GC(147)   Evacuate Collection Set: 80.3ms
[2025-06-05T19:05:29.052+0000][8875.419s][info ][gc,phases   ] GC(147)   Post Evacuate Collection Set: 250.5ms
[2025-06-05T19:05:29.052+0000][8875.419s][info ][gc,phases   ] GC(147)   Other: 10.4ms
[2025-06-05T19:05:29.052+0000][8875.419s][info ][gc,heap     ] GC(147) Eden regions: 48->0(92)
[2025-06-05T19:05:29.052+0000][8875.419s][info ][gc,heap     ] GC(147) Survivor regions: 1->1(7)
[2025-06-05T19:05:29.052+0000][8875.419s][info ][gc,heap     ] GC(147) Old regions: 196->196
[2025-06-05T19:05:29.052+0000][8875.419s][info ][gc,heap     ] GC(147) Archive regions: 2->2
[2025-06-05T19:05:29.052+0000][8875.419s][info ][gc,heap     ] GC(147) Humongous regions: 0->0
[2025-06-05T19:05:29.052+0000][8875.420s][info ][gc,metaspace] GC(147) Metaspace: 187993K(189696K)->187993K(189696K) NonClass: 165540K(166400K)->165540K(166400K) Class: 22453K(23296K)->22453K(23296K)
[2025-06-05T19:05:29.052+0000][8875.420s][info ][gc          ] GC(147) Pause Young (Normal) (G1 Evacuation Pause) 244M->196M(487M) 369.350ms
[2025-06-05T19:05:29.052+0000][8875.420s][info ][gc,cpu      ] GC(147) User=0.64s Sys=0.03s Real=0.37s
[2025-06-05T19:05:29.058+0000][8875.425s][info ][safepoint   ] Safepoint "G1CollectForAllocation", Time since last: 743037751 ns, Reaching safepoint: 2101500 ns, Cleanup: 5458 ns, At safepoint: 376602750 ns, Total: 378709708 ns
[2025-06-05T19:05:52.151+0000][8898.456s][debug][safepoint   ] Safepoint synchronization initiated using futex wait barrier. (184 threads)
[2025-06-05T19:05:52.153+0000][8898.458s][info ][safepoint   ] Safepoint "Cleanup", Time since last: 23031113886 ns, Reaching safepoint: 1446375 ns, Cleanup: 543708 ns, At safepoint: 21792 ns, Total: 2011875 ns
[2025-06-05T19:06:11.398+0000][8917.703s][debug][safepoint   ] Safepoint synchronization initiated using futex wait barrier. (184 threads)
[2025-06-05T19:06:11.415+0000][8917.721s][info ][gc,start    ] GC(148) Pause Young (Normal) (G1 Evacuation Pause)
[2025-06-05T19:06:11.425+0000][8917.731s][info ][gc,task     ] GC(148) Using 2 workers of 2 for evacuation
[2025-06-05T19:06:12.448+0000][8918.753s][info ][gc,mmu      ] GC(148) MMU target violated: 501.0ms (500.0ms/501.0ms)
[2025-06-05T19:06:12.452+0000][8918.758s][info ][gc,phases   ] GC(148)   Pre Evacuate Collection Set: 62.8ms
[2025-06-05T19:06:12.452+0000][8918.758s][info ][gc,phases   ] GC(148)   Merge Heap Roots: 6.3ms
[2025-06-05T19:06:12.452+0000][8918.758s][info ][gc,phases   ] GC(148)   Evacuate Collection Set: 378.5ms
[2025-06-05T19:06:12.452+0000][8918.758s][info ][gc,phases   ] GC(148)   Post Evacuate Collection Set: 563.1ms
[2025-06-05T19:06:12.452+0000][8918.758s][info ][gc,phases   ] GC(148)   Other: 26.9ms
[2025-06-05T19:06:12.453+0000][8918.758s][info ][gc,heap     ] GC(148) Eden regions: 92->0(23)
[2025-06-05T19:06:12.453+0000][8918.758s][info ][gc,heap     ] GC(148) Survivor regions: 1->1(12)
[2025-06-05T19:06:12.453+0000][8918.758s][info ][gc,heap     ] GC(148) Old regions: 196->196
[2025-06-05T19:06:12.453+0000][8918.758s][info ][gc,heap     ] GC(148) Archive regions: 2->2
[2025-06-05T19:06:12.453+0000][8918.758s][info ][gc,heap     ] GC(148) Humongous regions: 0->0
[2025-06-05T19:06:12.453+0000][8918.758s][info ][gc,metaspace] GC(148) Metaspace: 188000K(189696K)->188000K(189696K) NonClass: 165547K(166400K)->165547K(166400K) Class: 22453K(23296K)->22453K(23296K)
[2025-06-05T19:06:12.453+0000][8918.758s][info ][gc          ] GC(148) Pause Young (Normal) (G1 Evacuation Pause) 288M->197M(487M) 1037.723ms
[2025-06-05T19:06:12.453+0000][8918.758s][info ][gc,cpu      ] GC(148) User=1.83s Sys=0.08s Real=1.04s
[2025-06-05T19:06:12.453+0000][8918.759s][info ][safepoint   ] Safepoint "G1CollectForAllocation", Time since last: 19242594592 ns, Reaching safepoint: 14256334 ns, Cleanup: 74041 ns, At safepoint: 1043776876 ns, Total: 1058107251 ns
[2025-06-05T19:06:20.177+0000][8926.480s][debug][safepoint   ] Safepoint synchronization initiated using futex wait barrier. (183 threads)
[2025-06-05T19:06:20.189+0000][8926.492s][info ][gc,start    ] GC(149) Pause Young (Normal) (G1 Evacuation Pause)
[2025-06-05T19:06:20.190+0000][8926.493s][info ][gc,task     ] GC(149) Using 2 workers of 2 for evacuation
[2025-06-05T19:06:20.551+0000][8926.854s][info ][gc,phases   ] GC(149)   Pre Evacuate Collection Set: 22.9ms
[2025-06-05T19:06:20.551+0000][8926.854s][info ][gc,phases   ] GC(149)   Merge Heap Roots: 1.3ms
[2025-06-05T19:06:20.551+0000][8926.854s][info ][gc,phases   ] GC(149)   Evacuate Collection Set: 283.3ms
[2025-06-05T19:06:20.551+0000][8926.854s][info ][gc,phases   ] GC(149)   Post Evacuate Collection Set: 45.6ms
[2025-06-05T19:06:20.553+0000][8926.856s][info ][gc,phases   ] GC(149)   Other: 8.9ms
[2025-06-05T19:06:20.554+0000][8926.858s][info ][gc,heap     ] GC(149) Eden regions: 23->0(134)
[2025-06-05T19:06:20.555+0000][8926.858s][info ][gc,heap     ] GC(149) Survivor regions: 1->1(3)
[2025-06-05T19:06:20.555+0000][8926.859s][info ][gc,heap     ] GC(149) Old regions: 196->196
[2025-06-05T19:06:20.556+0000][8926.859s][info ][gc,heap     ] GC(149) Archive regions: 2->2
[2025-06-05T19:06:20.557+0000][8926.860s][info ][gc,heap     ] GC(149) Humongous regions: 0->0
[2025-06-05T19:06:20.557+0000][8926.861s][info ][gc,metaspace] GC(149) Metaspace: 188000K(189696K)->188000K(189696K) NonClass: 165547K(166400K)->165547K(166400K) Class: 22453K(23296K)->22453K(23296K)
[2025-06-05T19:06:20.558+0000][8926.861s][info ][gc          ] GC(149) Pause Young (Normal) (G1 Evacuation Pause) 220M->197M(487M) 368.454ms
[2025-06-05T19:06:20.558+0000][8926.861s][info ][gc,cpu      ] GC(149) User=0.65s Sys=0.04s Real=0.37s
[2025-06-05T19:06:20.560+0000][8926.863s][info ][safepoint   ] Safepoint "G1CollectForAllocation", Time since last: 7721250669 ns, Reaching safepoint: 9327375 ns, Cleanup: 80042 ns, At safepoint: 373896458 ns, Total: 383303875 ns
[2025-06-05T19:06:23.566+0000][8929.869s][debug][safepoint   ] Safepoint synchronization initiated using futex wait barrier. (183 threads)
[2025-06-05T19:06:23.576+0000][8929.880s][info ][safepoint   ] Safepoint "Cleanup", Time since last: 3005640960 ns, Reaching safepoint: 10233959 ns, Cleanup: 188750 ns, At safepoint: 38083 ns, Total: 10460792 ns
[2025-06-05T19:07:08.512+0000][8974.859s][debug][safepoint   ] Safepoint synchronization initiated using futex wait barrier. (184 threads)
[2025-06-05T19:07:08.516+0000][8974.862s][info ][safepoint   ] Safepoint "Cleanup", Time since last: 44979262938 ns, Reaching safepoint: 3399292 ns, Cleanup: 212250 ns, At safepoint: 9541 ns, Total: 3621083 ns
[2025-06-05T19:07:21.534+0000][8987.837s][debug][safepoint   ] Safepoint synchronization initiated using futex wait barrier. (182 threads)
[2025-06-05T19:07:21.561+0000][8987.864s][info ][gc,start    ] GC(150) Pause Young (Normal) (G1 Evacuation Pause)
[2025-06-05T19:07:21.561+0000][8987.865s][info ][gc,task     ] GC(150) Using 2 workers of 2 for evacuation
[2025-06-05T19:07:22.231+0000][8988.534s][info ][gc,mmu      ] GC(150) MMU target violated: 501.0ms (500.0ms/501.0ms)
[2025-06-05T19:07:22.232+0000][8988.535s][info ][gc,phases   ] GC(150)   Pre Evacuate Collection Set: 43.2ms
[2025-06-05T19:07:22.232+0000][8988.535s][info ][gc,phases   ] GC(150)   Merge Heap Roots: 6.6ms
[2025-06-05T19:07:22.232+0000][8988.535s][info ][gc,phases   ] GC(150)   Evacuate Collection Set: 389.6ms
[2025-06-05T19:07:22.232+0000][8988.535s][info ][gc,phases   ] GC(150)   Post Evacuate Collection Set: 213.3ms
[2025-06-05T19:07:22.232+0000][8988.535s][info ][gc,phases   ] GC(150)   Other: 26.5ms
[2025-06-05T19:07:22.232+0000][8988.535s][info ][gc,heap     ] GC(150) Eden regions: 134->0(69)
[2025-06-05T19:07:22.232+0000][8988.535s][info ][gc,heap     ] GC(150) Survivor regions: 1->2(17)
[2025-06-05T19:07:22.232+0000][8988.535s][info ][gc,heap     ] GC(150) Old regions: 196->196
[2025-06-05T19:07:22.232+0000][8988.535s][info ][gc,heap     ] GC(150) Archive regions: 2->2
[2025-06-05T19:07:22.232+0000][8988.535s][info ][gc,heap     ] GC(150) Humongous regions: 0->0
[2025-06-05T19:07:22.232+0000][8988.535s][info ][gc,metaspace] GC(150) Metaspace: 188030K(189760K)->188030K(189760K) NonClass: 165577K(166464K)->165577K(166464K) Class: 22453K(23296K)->22453K(23296K)
[2025-06-05T19:07:22.232+0000][8988.536s][info ][gc          ] GC(150) Pause Young (Normal) (G1 Evacuation Pause) 331M->197M(487M) 671.589ms
[2025-06-05T19:07:22.232+0000][8988.536s][info ][gc,cpu      ] GC(150) User=1.30s Sys=0.00s Real=0.67s
[2025-06-05T19:07:22.238+0000][8988.541s][info ][safepoint   ] Safepoint "G1CollectForAllocation", Time since last: 12974265798 ns, Reaching safepoint: 14988875 ns, Cleanup: 2136083 ns, At safepoint: 687339126 ns, Total: 704464084 ns
[2025-06-05T19:07:29.253+0000][8995.556s][debug][safepoint   ] Safepoint synchronization initiated using futex wait barrier. (182 threads)
[2025-06-05T19:07:29.256+0000][8995.560s][info ][safepoint   ] Safepoint "Cleanup", Time since last: 7014692836 ns, Reaching safepoint: 3333000 ns, Cleanup: 287917 ns, At safepoint: 178208 ns, Total: 3799125 ns
[2025-06-05T19:07:36.269+0000][9002.572s][debug][safepoint   ] Safepoint synchronization initiated using futex wait barrier. (182 threads)
[2025-06-05T19:07:36.292+0000][9002.595s][info ][safepoint   ] Safepoint "Cleanup", Time since last: 7012117962 ns, Reaching safepoint: 20176417 ns, Cleanup: 2821250 ns, At safepoint: 668083 ns, Total: 23665750 ns
[2025-06-05T19:07:39.297+0000][9005.600s][debug][safepoint   ] Safepoint synchronization initiated using futex wait barrier. (182 threads)
[2025-06-05T19:07:39.338+0000][9005.642s][info ][safepoint   ] Safepoint "Cleanup", Time since last: 3004340585 ns, Reaching safepoint: 41742417 ns, Cleanup: 52666 ns, At safepoint: 89500 ns, Total: 41884583 ns
[2025-06-05T19:07:52.365+0000][9018.664s][debug][safepoint   ] Safepoint synchronization initiated using futex wait barrier. (182 threads)
[2025-06-05T19:07:52.380+0000][9018.680s][info ][gc,start    ] GC(151) Pause Young (Normal) (G1 Evacuation Pause)
[2025-06-05T19:07:52.382+0000][9018.682s][info ][gc,task     ] GC(151) Using 2 workers of 2 for evacuation
[2025-06-05T19:07:52.734+0000][9019.033s][info ][gc,phases   ] GC(151)   Pre Evacuate Collection Set: 19.7ms
[2025-06-05T19:07:52.734+0000][9019.033s][info ][gc,phases   ] GC(151)   Merge Heap Roots: 3.2ms
[2025-06-05T19:07:52.734+0000][9019.033s][info ][gc,phases   ] GC(151)   Evacuate Collection Set: 165.5ms
[2025-06-05T19:07:52.734+0000][9019.033s][info ][gc,phases   ] GC(151)   Post Evacuate Collection Set: 160.1ms
[2025-06-05T19:07:52.734+0000][9019.034s][info ][gc,phases   ] GC(151)   Other: 11.3ms
[2025-06-05T19:07:52.734+0000][9019.034s][info ][gc,heap     ] GC(151) Eden regions: 69->0(116)
[2025-06-05T19:07:52.734+0000][9019.034s][info ][gc,heap     ] GC(151) Survivor regions: 2->2(9)
[2025-06-05T19:07:52.734+0000][9019.034s][info ][gc,heap     ] GC(151) Old regions: 196->196
[2025-06-05T19:07:52.734+0000][9019.034s][info ][gc,heap     ] GC(151) Archive regions: 2->2
[2025-06-05T19:07:52.735+0000][9019.034s][info ][gc,heap     ] GC(151) Humongous regions: 0->0
[2025-06-05T19:07:52.735+0000][9019.034s][info ][gc,metaspace] GC(151) Metaspace: 188032K(189760K)->188032K(189760K) NonClass: 165578K(166464K)->165578K(166464K) Class: 22453K(23296K)->22453K(23296K)
[2025-06-05T19:07:52.735+0000][9019.034s][info ][gc          ] GC(151) Pause Young (Normal) (G1 Evacuation Pause) 266M->197M(487M) 355.101ms
[2025-06-05T19:07:52.735+0000][9019.034s][info ][gc,cpu      ] GC(151) User=0.69s Sys=0.00s Real=0.35s
[2025-06-05T19:07:52.735+0000][9019.035s][info ][safepoint   ] Safepoint "G1CollectForAllocation", Time since last: 13022609423 ns, Reaching safepoint: 5979750 ns, Cleanup: 895625 ns, At safepoint: 363366209 ns, Total: 370241584 ns
[2025-06-05T19:08:32.740+0000][9059.037s][debug][safepoint   ] Safepoint synchronization initiated using futex wait barrier. (182 threads)
[2025-06-05T19:08:32.788+0000][9059.085s][info ][safepoint   ] Safepoint "Cleanup", Time since last: 40001892019 ns, Reaching safepoint: 39743291 ns, Cleanup: 6708792 ns, At safepoint: 1762333 ns, Total: 48214416 ns
[2025-06-05T19:08:45.477+0000][9071.774s][debug][safepoint   ] Safepoint synchronization initiated using futex wait barrier. (182 threads)
[2025-06-05T19:08:45.484+0000][9071.780s][info ][gc,start    ] GC(152) Pause Young (Normal) (G1 Evacuation Pause)
[2025-06-05T19:08:45.484+0000][9071.781s][info ][gc,task     ] GC(152) Using 2 workers of 2 for evacuation
[2025-06-05T19:08:45.858+0000][9072.155s][info ][gc,phases   ] GC(152)   Pre Evacuate Collection Set: 18.6ms
[2025-06-05T19:08:45.858+0000][9072.155s][info ][gc,phases   ] GC(152)   Merge Heap Roots: 1.7ms
[2025-06-05T19:08:45.858+0000][9072.155s][info ][gc,phases   ] GC(152)   Evacuate Collection Set: 170.6ms
[2025-06-05T19:08:45.858+0000][9072.155s][info ][gc,phases   ] GC(152)   Post Evacuate Collection Set: 180.2ms
[2025-06-05T19:08:45.858+0000][9072.155s][info ][gc,phases   ] GC(152)   Other: 4.7ms
[2025-06-05T19:08:45.858+0000][9072.155s][info ][gc,heap     ] GC(152) Eden regions: 116->0(236)
[2025-06-05T19:08:45.858+0000][9072.155s][info ][gc,heap     ] GC(152) Survivor regions: 2->2(15)
[2025-06-05T19:08:45.858+0000][9072.155s][info ][gc,heap     ] GC(152) Old regions: 196->196
[2025-06-05T19:08:45.858+0000][9072.155s][info ][gc,heap     ] GC(152) Archive regions: 2->2
[2025-06-05T19:08:45.858+0000][9072.155s][info ][gc,heap     ] GC(152) Humongous regions: 0->0
[2025-06-05T19:08:45.859+0000][9072.156s][info ][gc,metaspace] GC(152) Metaspace: 188034K(189760K)->188034K(189760K) NonClass: 165580K(166464K)->165580K(166464K) Class: 22453K(23296K)->22453K(23296K)
[2025-06-05T19:08:45.859+0000][9072.156s][info ][gc          ] GC(152) Pause Young (Normal) (G1 Evacuation Pause) 313M->197M(487M) 375.623ms
[2025-06-05T19:08:45.859+0000][9072.156s][info ][gc,cpu      ] GC(152) User=0.69s Sys=0.00s Real=0.37s
[2025-06-05T19:08:45.859+0000][9072.156s][info ][safepoint   ] Safepoint "G1CollectForAllocation", Time since last: 12688833881 ns, Reaching safepoint: 4443334 ns, Cleanup: 378291 ns, At safepoint: 377796292 ns, Total: 382617917 ns
[2025-06-05T19:09:55.813+0000][9142.175s][debug][safepoint   ] Safepoint synchronization initiated using futex wait barrier. (182 threads)
[2025-06-05T19:09:55.825+0000][9142.187s][info ][safepoint   ] Safepoint "Cleanup", Time since last: 70019001615 ns, Reaching safepoint: 10336375 ns, Cleanup: 1994125 ns, At safepoint: 29708 ns, Total: 12360208 ns
[2025-06-05T19:10:36.247+0000][9182.535s][debug][safepoint   ] Safepoint synchronization initiated using futex wait barrier. (182 threads)
[2025-06-05T19:10:36.283+0000][9182.571s][info ][gc,start    ] GC(153) Pause Young (Normal) (G1 Evacuation Pause)
[2025-06-05T19:10:36.297+0000][9182.584s][info ][gc,task     ] GC(153) Using 2 workers of 2 for evacuation
[2025-06-05T19:10:36.888+0000][9183.175s][info ][gc,mmu      ] GC(153) MMU target violated: 501.0ms (500.0ms/501.0ms)
[2025-06-05T19:10:36.888+0000][9183.175s][info ][gc,phases   ] GC(153)   Pre Evacuate Collection Set: 27.4ms
[2025-06-05T19:10:36.888+0000][9183.176s][info ][gc,phases   ] GC(153)   Merge Heap Roots: 1.5ms
[2025-06-05T19:10:36.888+0000][9183.176s][info ][gc,phases   ] GC(153)   Evacuate Collection Set: 327.4ms
[2025-06-05T19:10:36.888+0000][9183.176s][info ][gc,phases   ] GC(153)   Post Evacuate Collection Set: 198.3ms
[2025-06-05T19:10:36.888+0000][9183.176s][info ][gc,phases   ] GC(153)   Other: 58.7ms
[2025-06-05T19:10:36.889+0000][9183.176s][info ][gc,heap     ] GC(153) Eden regions: 236->0(236)
[2025-06-05T19:10:36.889+0000][9183.176s][info ][gc,heap     ] GC(153) Survivor regions: 2->2(30)
[2025-06-05T19:10:36.889+0000][9183.176s][info ][gc,heap     ] GC(153) Old regions: 196->196
[2025-06-05T19:10:36.889+0000][9183.176s][info ][gc,heap     ] GC(153) Archive regions: 2->2
[2025-06-05T19:10:36.889+0000][9183.176s][info ][gc,heap     ] GC(153) Humongous regions: 0->0
[2025-06-05T19:10:36.889+0000][9183.176s][info ][gc,metaspace] GC(153) Metaspace: 188036K(189760K)->188036K(189760K) NonClass: 165583K(166464K)->165583K(166464K) Class: 22453K(23296K)->22453K(23296K)
[2025-06-05T19:10:36.889+0000][9183.176s][info ][gc          ] GC(153) Pause Young (Normal) (G1 Evacuation Pause) 433M->197M(487M) 607.913ms
[2025-06-05T19:10:36.889+0000][9183.176s][info ][gc,cpu      ] GC(153) User=1.15s Sys=0.00s Real=0.61s
[2025-06-05T19:10:36.889+0000][9183.177s][info ][safepoint   ] Safepoint "G1CollectForAllocation", Time since last: 40345176435 ns, Reaching safepoint: 28379375 ns, Cleanup: 814500 ns, At safepoint: 614883834 ns, Total: 644077709 ns
[2025-06-05T19:10:50.953+0000][9197.241s][debug][safepoint   ] Safepoint synchronization initiated using futex wait barrier. (182 threads)
[2025-06-05T19:10:50.997+0000][9197.284s][info ][safepoint   ] Safepoint "Cleanup", Time since last: 14063986590 ns, Reaching safepoint: 38122792 ns, Cleanup: 2087375 ns, At safepoint: 3109166 ns, Total: 43319333 ns
[2025-06-05T19:11:05.065+0000][9211.385s][debug][safepoint   ] Safepoint synchronization initiated using futex wait barrier. (182 threads)
[2025-06-05T19:11:05.085+0000][9211.405s][info ][safepoint   ] Safepoint "Cleanup", Time since last: 14101264381 ns, Reaching safepoint: 17404417 ns, Cleanup: 2371250 ns, At safepoint: 56458 ns, Total: 19832125 ns
[2025-06-05T19:11:18.112+0000][9224.432s][debug][safepoint   ] Safepoint synchronization initiated using futex wait barrier. (182 threads)
[2025-06-05T19:11:18.113+0000][9224.433s][info ][safepoint   ] Safepoint "Cleanup", Time since last: 13026770340 ns, Reaching safepoint: 985750 ns, Cleanup: 41125 ns, At safepoint: 4500 ns, Total: 1031375 ns
[2025-06-05T19:11:32.167+0000][9238.452s][debug][safepoint   ] Safepoint synchronization initiated using futex wait barrier. (182 threads)
[2025-06-05T19:11:32.177+0000][9238.463s][info ][safepoint   ] Safepoint "Cleanup", Time since last: 14019383589 ns, Reaching safepoint: 10875667 ns, Cleanup: 70375 ns, At safepoint: 31667 ns, Total: 10977709 ns
[2025-06-05T19:12:24.152+0000][9290.436s][debug][safepoint   ] Safepoint synchronization initiated using futex wait barrier. (182 threads)
[2025-06-05T19:12:24.225+0000][9290.508s][info ][gc,start    ] GC(154) Pause Young (Normal) (G1 Evacuation Pause)
[2025-06-05T19:12:24.226+0000][9290.510s][info ][gc,task     ] GC(154) Using 2 workers of 2 for evacuation
[2025-06-05T19:12:25.129+0000][9291.412s][info ][gc,mmu      ] GC(154) MMU target violated: 501.0ms (500.0ms/501.0ms)
[2025-06-05T19:12:25.129+0000][9291.413s][info ][gc,phases   ] GC(154)   Pre Evacuate Collection Set: 83.3ms
[2025-06-05T19:12:25.129+0000][9291.413s][info ][gc,phases   ] GC(154)   Merge Heap Roots: 9.3ms
[2025-06-05T19:12:25.130+0000][9291.413s][info ][gc,phases   ] GC(154)   Evacuate Collection Set: 584.6ms
[2025-06-05T19:12:25.130+0000][9291.413s][info ][gc,phases   ] GC(154)   Post Evacuate Collection Set: 203.8ms
[2025-06-05T19:12:25.130+0000][9291.413s][info ][gc,phases   ] GC(154)   Other: 37.2ms
[2025-06-05T19:12:25.130+0000][9291.414s][info ][gc,heap     ] GC(154) Eden regions: 236->0(236)
[2025-06-05T19:12:25.130+0000][9291.414s][info ][gc,heap     ] GC(154) Survivor regions: 2->2(30)
[2025-06-05T19:12:25.130+0000][9291.414s][info ][gc,heap     ] GC(154) Old regions: 196->196
[2025-06-05T19:12:25.130+0000][9291.414s][info ][gc,heap     ] GC(154) Archive regions: 2->2
[2025-06-05T19:12:25.130+0000][9291.414s][info ][gc,heap     ] GC(154) Humongous regions: 0->0
[2025-06-05T19:12:25.131+0000][9291.414s][info ][gc,metaspace] GC(154) Metaspace: 188044K(189760K)->188044K(189760K) NonClass: 165590K(166464K)->165590K(166464K) Class: 22453K(23296K)->22453K(23296K)
[2025-06-05T19:12:25.131+0000][9291.415s][info ][gc          ] GC(154) Pause Young (Normal) (G1 Evacuation Pause) 433M->197M(487M) 907.069ms
[2025-06-05T19:12:25.131+0000][9291.415s][info ][gc,cpu      ] GC(154) User=1.71s Sys=0.00s Real=0.91s
[2025-06-05T19:12:25.131+0000][9291.415s][info ][safepoint   ] Safepoint "G1CollectForAllocation", Time since last: 51969629149 ns, Reaching safepoint: 55548541 ns, Cleanup: 3654667 ns, At safepoint: 923038959 ns, Total: 982242167 ns
[2025-06-05T19:12:56.172+0000][9322.469s][debug][safepoint   ] Safepoint synchronization initiated using futex wait barrier. (182 threads)
[2025-06-05T19:12:56.180+0000][9322.477s][info ][safepoint   ] Safepoint "Cleanup", Time since last: 31053559931 ns, Reaching safepoint: 7053541 ns, Cleanup: 909292 ns, At safepoint: 25542 ns, Total: 7988375 ns
[2025-06-05T19:12:57.183+0000][9323.480s][debug][safepoint   ] Safepoint synchronization initiated using futex wait barrier. (182 threads)
[2025-06-05T19:12:57.187+0000][9323.484s][info ][safepoint   ] Safepoint "Cleanup", Time since last: 1003601959 ns, Reaching safepoint: 3820833 ns, Cleanup: 204833 ns, At safepoint: 32792 ns, Total: 4058458 ns
[2025-06-05T19:14:05.226+0000][9391.584s][debug][safepoint   ] Safepoint synchronization initiated using futex wait barrier. (182 threads)
[2025-06-05T19:14:05.229+0000][9391.588s][info ][safepoint   ] Safepoint "Cleanup", Time since last: 68099924990 ns, Reaching safepoint: 3239375 ns, Cleanup: 59000 ns, At safepoint: 13458 ns, Total: 3311833 ns
[2025-06-05T19:14:10.905+0000][9397.263s][debug][safepoint   ] Safepoint synchronization initiated using futex wait barrier. (182 threads)
[2025-06-05T19:14:10.941+0000][9397.300s][info ][gc,start    ] GC(155) Pause Young (Normal) (G1 Evacuation Pause)
[2025-06-05T19:14:10.942+0000][9397.301s][info ][gc,task     ] GC(155) Using 2 workers of 2 for evacuation
[2025-06-05T19:14:12.111+0000][9398.470s][info ][gc,mmu      ] GC(155) MMU target violated: 501.0ms (500.0ms/501.0ms)
[2025-06-05T19:14:12.112+0000][9398.471s][info ][gc,phases   ] GC(155)   Pre Evacuate Collection Set: 77.1ms
[2025-06-05T19:14:12.112+0000][9398.471s][info ][gc,phases   ] GC(155)   Merge Heap Roots: 15.5ms
[2025-06-05T19:14:12.112+0000][9398.471s][info ][gc,phases   ] GC(155)   Evacuate Collection Set: 817.6ms
[2025-06-05T19:14:12.112+0000][9398.471s][info ][gc,phases   ] GC(155)   Post Evacuate Collection Set: 240.2ms
[2025-06-05T19:14:12.113+0000][9398.471s][info ][gc,phases   ] GC(155)   Other: 22.9ms
[2025-06-05T19:14:12.113+0000][9398.472s][info ][gc,heap     ] GC(155) Eden regions: 236->0(163)
[2025-06-05T19:14:12.113+0000][9398.472s][info ][gc,heap     ] GC(155) Survivor regions: 2->2(30)
[2025-06-05T19:14:12.113+0000][9398.472s][info ][gc,heap     ] GC(155) Old regions: 196->196
[2025-06-05T19:14:12.113+0000][9398.472s][info ][gc,heap     ] GC(155) Archive regions: 2->2
[2025-06-05T19:14:12.113+0000][9398.472s][info ][gc,heap     ] GC(155) Humongous regions: 0->0
[2025-06-05T19:14:12.113+0000][9398.472s][info ][gc,metaspace] GC(155) Metaspace: 188049K(189760K)->188049K(189760K) NonClass: 165596K(166464K)->165596K(166464K) Class: 22453K(23296K)->22453K(23296K)
[2025-06-05T19:14:12.113+0000][9398.472s][info ][gc          ] GC(155) Pause Young (Normal) (G1 Evacuation Pause) 433M->198M(487M) 1172.484ms
[2025-06-05T19:14:12.114+0000][9398.472s][info ][gc,cpu      ] GC(155) User=1.76s Sys=0.03s Real=1.17s
[2025-06-05T19:14:12.115+0000][9398.474s][info ][safepoint   ] Safepoint "G1CollectForAllocation", Time since last: 5675797503 ns, Reaching safepoint: 24721167 ns, Cleanup: 6696333 ns, At safepoint: 1179021459 ns, Total: 1210438959 ns
[2025-06-05T19:15:14.482+0000][9460.766s][debug][safepoint   ] Safepoint synchronization initiated using futex wait barrier. (182 threads)
[2025-06-05T19:15:14.505+0000][9460.789s][info ][safepoint   ] Safepoint "Cleanup", Time since last: 62291970779 ns, Reaching safepoint: 20270333 ns, Cleanup: 2754500 ns, At safepoint: 61959 ns, Total: 23086792 ns
[2025-06-05T19:15:29.505+0000][9475.789s][debug][safepoint   ] Safepoint synchronization initiated using futex wait barrier. (182 threads)
[2025-06-05T19:15:29.554+0000][9475.839s][info ][gc,start    ] GC(156) Pause Young (Normal) (G1 Evacuation Pause)
[2025-06-05T19:15:29.558+0000][9475.843s][info ][gc,task     ] GC(156) Using 2 workers of 2 for evacuation
[2025-06-05T19:15:30.325+0000][9476.610s][info ][gc,mmu      ] GC(156) MMU target violated: 501.0ms (500.0ms/501.0ms)
[2025-06-05T19:15:30.326+0000][9476.610s][info ][gc,phases   ] GC(156)   Pre Evacuate Collection Set: 71.4ms
[2025-06-05T19:15:30.326+0000][9476.610s][info ][gc,phases   ] GC(156)   Merge Heap Roots: 6.1ms
[2025-06-05T19:15:30.326+0000][9476.610s][info ][gc,phases   ] GC(156)   Evacuate Collection Set: 427.9ms
[2025-06-05T19:15:30.326+0000][9476.610s][info ][gc,phases   ] GC(156)   Post Evacuate Collection Set: 244.3ms
[2025-06-05T19:15:30.326+0000][9476.610s][info ][gc,phases   ] GC(156)   Other: 30.7ms
[2025-06-05T19:15:30.326+0000][9476.611s][info ][gc,heap     ] GC(156) Eden regions: 163->0(236)
[2025-06-05T19:15:30.326+0000][9476.611s][info ][gc,heap     ] GC(156) Survivor regions: 2->2(21)
[2025-06-05T19:15:30.326+0000][9476.611s][info ][gc,heap     ] GC(156) Old regions: 196->196
[2025-06-05T19:15:30.326+0000][9476.611s][info ][gc,heap     ] GC(156) Archive regions: 2->2
[2025-06-05T19:15:30.326+0000][9476.611s][info ][gc,heap     ] GC(156) Humongous regions: 0->0
[2025-06-05T19:15:30.326+0000][9476.611s][info ][gc,metaspace] GC(156) Metaspace: 188050K(189760K)->188050K(189760K) NonClass: 165597K(166464K)->165597K(166464K) Class: 22453K(23296K)->22453K(23296K)
[2025-06-05T19:15:30.327+0000][9476.611s][info ][gc          ] GC(156) Pause Young (Normal) (G1 Evacuation Pause) 361M->198M(487M) 773.908ms
[2025-06-05T19:15:30.327+0000][9476.612s][info ][gc,cpu      ] GC(156) User=1.48s Sys=0.00s Real=0.77s
[2025-06-05T19:15:30.328+0000][9476.612s][info ][safepoint   ] Safepoint "G1CollectForAllocation", Time since last: 14998166507 ns, Reaching safepoint: 15200583 ns, Cleanup: 1838208 ns, At safepoint: 808333376 ns, Total: 825372167 ns
[2025-06-05T19:17:02.842+0000][9569.142s][debug][safepoint   ] Safepoint synchronization initiated using futex wait barrier. (182 threads)
[2025-06-05T19:17:02.982+0000][9569.282s][info ][safepoint   ] Safepoint "Cleanup", Time since last: 92529586001 ns, Reaching safepoint: 114758917 ns, Cleanup: 20706958 ns, At safepoint: 4290750 ns, Total: 139756625 ns
[2025-06-05T19:17:06.996+0000][9573.296s][debug][safepoint   ] Safepoint synchronization initiated using futex wait barrier. (182 threads)
[2025-06-05T19:17:06.997+0000][9573.297s][info ][safepoint   ] Safepoint "Cleanup", Time since last: 4014165419 ns, Reaching safepoint: 1203042 ns, Cleanup: 208958 ns, At safepoint: 13208 ns, Total: 1425208 ns
[2025-06-05T19:17:08.999+0000][9575.300s][debug][safepoint   ] Safepoint synchronization initiated using futex wait barrier. (182 threads)
[2025-06-05T19:17:09.003+0000][9575.303s][info ][safepoint   ] Safepoint "Cleanup", Time since last: 2002246751 ns, Reaching safepoint: 2440292 ns, Cleanup: 839083 ns, At safepoint: 66709 ns, Total: 3346084 ns
[2025-06-05T19:17:19.921+0000][9586.221s][debug][safepoint   ] Safepoint synchronization initiated using futex wait barrier. (182 threads)
[2025-06-05T19:17:19.978+0000][9586.278s][debug][safepoint   ] ... found polling page loop exception at pc = 0x0000ffff8a6e7844, stub =0x0000ffff8897ec00
[2025-06-05T19:17:20.086+0000][9586.386s][info ][gc,start    ] GC(157) Pause Young (Normal) (G1 Evacuation Pause)
[2025-06-05T19:17:20.103+0000][9586.403s][info ][gc,task     ] GC(157) Using 2 workers of 2 for evacuation
[2025-06-05T19:17:21.489+0000][9587.789s][info ][gc,mmu      ] GC(157) MMU target violated: 501.0ms (500.0ms/501.0ms)
[2025-06-05T19:17:21.492+0000][9587.792s][info ][gc,phases   ] GC(157)   Pre Evacuate Collection Set: 161.0ms
[2025-06-05T19:17:21.492+0000][9587.792s][info ][gc,phases   ] GC(157)   Merge Heap Roots: 4.5ms
[2025-06-05T19:17:21.492+0000][9587.792s][info ][gc,phases   ] GC(157)   Evacuate Collection Set: 958.5ms
[2025-06-05T19:17:21.492+0000][9587.792s][info ][gc,phases   ] GC(157)   Post Evacuate Collection Set: 205.7ms
[2025-06-05T19:17:21.492+0000][9587.792s][info ][gc,phases   ] GC(157)   Other: 126.6ms
[2025-06-05T19:17:21.492+0000][9587.792s][info ][gc,heap     ] GC(157) Eden regions: 236->0(206)
[2025-06-05T19:17:21.492+0000][9587.792s][info ][gc,heap     ] GC(157) Survivor regions: 2->2(30)
[2025-06-05T19:17:21.492+0000][9587.792s][info ][gc,heap     ] GC(157) Old regions: 196->196
[2025-06-05T19:17:21.492+0000][9587.792s][info ][gc,heap     ] GC(157) Archive regions: 2->2
[2025-06-05T19:17:21.492+0000][9587.792s][info ][gc,heap     ] GC(157) Humongous regions: 0->0
[2025-06-05T19:17:21.492+0000][9587.792s][info ][gc,metaspace] GC(157) Metaspace: 188053K(189760K)->188053K(189760K) NonClass: 165600K(166464K)->165600K(166464K) Class: 22453K(23296K)->22453K(23296K)
[2025-06-05T19:17:21.492+0000][9587.793s][info ][gc          ] GC(157) Pause Young (Normal) (G1 Evacuation Pause) 434M->197M(487M) 1406.754ms
[2025-06-05T19:17:21.496+0000][9587.796s][info ][gc,cpu      ] GC(157) User=2.51s Sys=0.12s Real=1.41s
[2025-06-05T19:17:21.505+0000][9587.805s][info ][safepoint   ] Safepoint "G1CollectForAllocation", Time since last: 10912587255 ns, Reaching safepoint: 81859333 ns, Cleanup: 106292 ns, At safepoint: 1507540917 ns, Total: 1589506542 ns
[2025-06-05T19:18:01.982+0000][9628.276s][debug][safepoint   ] Safepoint synchronization initiated using futex wait barrier. (182 threads)
[2025-06-05T19:18:01.987+0000][9628.281s][info ][safepoint   ] Safepoint "Cleanup", Time since last: 40471125477 ns, Reaching safepoint: 4344375 ns, Cleanup: 843708 ns, At safepoint: 63417 ns, Total: 5251500 ns
[2025-06-05T19:18:31.711+0000][9658.063s][debug][safepoint   ] Safepoint synchronization initiated using futex wait barrier. (182 threads)
[2025-06-05T19:18:31.780+0000][9658.131s][info ][gc,start    ] GC(158) Pause Young (Normal) (G1 Evacuation Pause)
[2025-06-05T19:18:31.781+0000][9658.133s][info ][gc,task     ] GC(158) Using 2 workers of 2 for evacuation
[2025-06-05T19:18:32.863+0000][9659.215s][info ][gc,mmu      ] GC(158) MMU target violated: 501.0ms (500.0ms/501.0ms)
[2025-06-05T19:18:32.869+0000][9659.221s][info ][gc,phases   ] GC(158)   Pre Evacuate Collection Set: 70.8ms
[2025-06-05T19:18:32.872+0000][9659.224s][info ][gc,phases   ] GC(158)   Merge Heap Roots: 4.4ms
[2025-06-05T19:18:32.873+0000][9659.224s][info ][gc,phases   ] GC(158)   Evacuate Collection Set: 584.3ms
[2025-06-05T19:18:32.873+0000][9659.225s][info ][gc,phases   ] GC(158)   Post Evacuate Collection Set: 413.0ms
[2025-06-05T19:18:32.873+0000][9659.225s][info ][gc,phases   ] GC(158)   Other: 18.1ms
[2025-06-05T19:18:32.874+0000][9659.225s][info ][gc,heap     ] GC(158) Eden regions: 156->0(237)
[2025-06-05T19:18:32.875+0000][9659.226s][info ][gc,heap     ] GC(158) Survivor regions: 2->1(20)
[2025-06-05T19:18:32.875+0000][9659.227s][info ][gc,heap     ] GC(158) Old regions: 196->197
[2025-06-05T19:18:32.875+0000][9659.227s][info ][gc,heap     ] GC(158) Archive regions: 2->2
[2025-06-05T19:18:32.875+0000][9659.227s][info ][gc,heap     ] GC(158) Humongous regions: 0->0
[2025-06-05T19:18:32.875+0000][9659.227s][info ][gc,metaspace] GC(158) Metaspace: 188058K(189760K)->188058K(189760K) NonClass: 165604K(166464K)->165604K(166464K) Class: 22453K(23296K)->22453K(23296K)
[2025-06-05T19:18:32.879+0000][9659.231s][info ][gc          ] GC(158) Pause Young (Normal) (G1 Evacuation Pause) 353M->197M(487M) 1097.148ms
[2025-06-05T19:18:32.881+0000][9659.233s][info ][gc,cpu      ] GC(158) User=2.04s Sys=0.06s Real=1.10s
[2025-06-05T19:18:32.886+0000][9659.237s][info ][safepoint   ] Safepoint "G1CollectForAllocation", Time since last: 29778670598 ns, Reaching safepoint: 67792333 ns, Cleanup: 1670000 ns, At safepoint: 1107689500 ns, Total: 1177151833 ns
[2025-06-05T19:20:21.621+0000][9767.906s][debug][safepoint   ] Safepoint synchronization initiated using futex wait barrier. (183 threads)
[2025-06-05T19:20:21.657+0000][9767.942s][info ][gc,start    ] GC(159) Pause Young (Normal) (G1 Evacuation Pause)
[2025-06-05T19:20:21.658+0000][9767.943s][info ][gc,task     ] GC(159) Using 2 workers of 2 for evacuation
[2025-06-05T19:20:22.170+0000][9768.455s][info ][gc,mmu      ] GC(159) MMU target violated: 501.0ms (500.0ms/501.0ms)
[2025-06-05T19:20:22.171+0000][9768.455s][info ][gc,phases   ] GC(159)   Pre Evacuate Collection Set: 14.2ms
[2025-06-05T19:20:22.171+0000][9768.455s][info ][gc,phases   ] GC(159)   Merge Heap Roots: 2.1ms
[2025-06-05T19:20:22.171+0000][9768.455s][info ][gc,phases   ] GC(159)   Evacuate Collection Set: 426.4ms
[2025-06-05T19:20:22.171+0000][9768.455s][info ][gc,phases   ] GC(159)   Post Evacuate Collection Set: 65.9ms
[2025-06-05T19:20:22.171+0000][9768.456s][info ][gc,phases   ] GC(159)   Other: 10.6ms
[2025-06-05T19:20:22.171+0000][9768.456s][info ][gc,heap     ] GC(159) Eden regions: 237->0(237)
[2025-06-05T19:20:22.171+0000][9768.456s][info ][gc,heap     ] GC(159) Survivor regions: 1->1(30)
[2025-06-05T19:20:22.171+0000][9768.456s][info ][gc,heap     ] GC(159) Old regions: 197->197
[2025-06-05T19:20:22.171+0000][9768.456s][info ][gc,heap     ] GC(159) Archive regions: 2->2
[2025-06-05T19:20:22.171+0000][9768.456s][info ][gc,heap     ] GC(159) Humongous regions: 0->0
[2025-06-05T19:20:22.171+0000][9768.456s][info ][gc,metaspace] GC(159) Metaspace: 188062K(189760K)->188062K(189760K) NonClass: 165608K(166464K)->165608K(166464K) Class: 22453K(23296K)->22453K(23296K)
[2025-06-05T19:20:22.171+0000][9768.456s][info ][gc          ] GC(159) Pause Young (Normal) (G1 Evacuation Pause) 434M->197M(487M) 514.430ms
[2025-06-05T19:20:22.171+0000][9768.456s][info ][gc,cpu      ] GC(159) User=1.02s Sys=0.00s Real=0.51s
[2025-06-05T19:20:22.172+0000][9768.456s][info ][safepoint   ] Safepoint "G1CollectForAllocation", Time since last: 108668753133 ns, Reaching safepoint: 15346458 ns, Cleanup: 5941042 ns, At safepoint: 529084917 ns, Total: 550372417 ns
[2025-06-05T19:20:23.174+0000][9769.458s][debug][safepoint   ] Safepoint synchronization initiated using futex wait barrier. (183 threads)
[2025-06-05T19:20:23.177+0000][9769.462s][info ][safepoint   ] Safepoint "Cleanup", Time since last: 1002049042 ns, Reaching safepoint: 3134833 ns, Cleanup: 120500 ns, At safepoint: 36042 ns, Total: 3291375 ns
[2025-06-05T19:20:37.216+0000][9783.503s][debug][safepoint   ] Safepoint synchronization initiated using futex wait barrier. (183 threads)
[2025-06-05T19:20:37.225+0000][9783.512s][info ][safepoint   ] Safepoint "Cleanup", Time since last: 14040915964 ns, Reaching safepoint: 8820625 ns, Cleanup: 128417 ns, At safepoint: 130458 ns, Total: 9079500 ns
[2025-06-05T19:20:57.351+0000][9803.771s][debug][safepoint   ] ... found polling page loop exception at pc = 0x0000ffff8add7480, stub =0x0000ffff8897ef00
[2025-06-05T19:21:17.429+0000][9823.848s][debug][safepoint   ] Safepoint synchronization initiated using futex wait barrier. (184 threads)
[2025-06-05T19:21:17.447+0000][9823.866s][info ][safepoint   ] Safepoint "Cleanup", Time since last: 40336372227 ns, Reaching safepoint: 14523959 ns, Cleanup: 3262541 ns, At safepoint: 365459 ns, Total: 18151959 ns
[2025-06-05T19:22:12.626+0000][9878.998s][debug][safepoint   ] Safepoint synchronization initiated using futex wait barrier. (184 threads)
[2025-06-05T19:22:12.634+0000][9879.006s][info ][gc,start    ] GC(160) Pause Young (Normal) (G1 Evacuation Pause)
[2025-06-05T19:22:12.634+0000][9879.006s][info ][gc,task     ] GC(160) Using 2 workers of 2 for evacuation
[2025-06-05T19:22:13.034+0000][9879.405s][info ][gc,phases   ] GC(160)   Pre Evacuate Collection Set: 16.1ms
[2025-06-05T19:22:13.034+0000][9879.406s][info ][gc,phases   ] GC(160)   Merge Heap Roots: 3.1ms
[2025-06-05T19:22:13.034+0000][9879.406s][info ][gc,phases   ] GC(160)   Evacuate Collection Set: 228.4ms
[2025-06-05T19:22:13.034+0000][9879.406s][info ][gc,phases   ] GC(160)   Post Evacuate Collection Set: 147.3ms
[2025-06-05T19:22:13.034+0000][9879.406s][info ][gc,phases   ] GC(160)   Other: 6.7ms
[2025-06-05T19:22:13.034+0000][9879.406s][info ][gc,heap     ] GC(160) Eden regions: 237->0(237)
[2025-06-05T19:22:13.034+0000][9879.406s][info ][gc,heap     ] GC(160) Survivor regions: 1->1(30)
[2025-06-05T19:22:13.034+0000][9879.406s][info ][gc,heap     ] GC(160) Old regions: 197->197
[2025-06-05T19:22:13.034+0000][9879.406s][info ][gc,heap     ] GC(160) Archive regions: 2->2
[2025-06-05T19:22:13.034+0000][9879.406s][info ][gc,heap     ] GC(160) Humongous regions: 0->0
[2025-06-05T19:22:13.035+0000][9879.407s][info ][gc,metaspace] GC(160) Metaspace: 188062K(189760K)->188062K(189760K) NonClass: 165608K(166464K)->165608K(166464K) Class: 22453K(23296K)->22453K(23296K)
[2025-06-05T19:22:13.035+0000][9879.407s][info ][gc          ] GC(160) Pause Young (Normal) (G1 Evacuation Pause) 434M->197M(487M) 401.651ms
[2025-06-05T19:22:13.035+0000][9879.407s][info ][gc,cpu      ] GC(160) User=0.77s Sys=0.00s Real=0.41s
[2025-06-05T19:22:13.036+0000][9879.407s][info ][safepoint   ] Safepoint "G1CollectForAllocation", Time since last: 55131366358 ns, Reaching safepoint: 4565667 ns, Cleanup: 922500 ns, At safepoint: 404394042 ns, Total: 409882209 ns
[2025-06-05T19:22:30.160+0000][9896.440s][debug][safepoint   ] Safepoint synchronization initiated using futex wait barrier. (184 threads)
[2025-06-05T19:22:30.164+0000][9896.444s][info ][safepoint   ] Safepoint "Cleanup", Time since last: 17032559382 ns, Reaching safepoint: 3163833 ns, Cleanup: 311667 ns, At safepoint: 20875 ns, Total: 3496375 ns
[2025-06-05T19:22:41.183+0000][9907.463s][debug][safepoint   ] Safepoint synchronization initiated using futex wait barrier. (184 threads)
[2025-06-05T19:22:41.202+0000][9907.481s][info ][safepoint   ] Safepoint "Cleanup", Time since last: 11019302005 ns, Reaching safepoint: 12510084 ns, Cleanup: 3965375 ns, At safepoint: 2082416 ns, Total: 18557875 ns
[2025-06-05T19:23:23.873+0000][9950.202s][debug][safepoint   ] Safepoint synchronization initiated using futex wait barrier. (184 threads)
[2025-06-05T19:23:23.880+0000][9950.208s][info ][safepoint   ] Safepoint "Cleanup", Time since last: 42720259687 ns, Reaching safepoint: 6350709 ns, Cleanup: 401833 ns, At safepoint: 26042 ns, Total: 6778584 ns
[2025-06-05T19:24:02.048+0000][9988.336s][debug][safepoint   ] Safepoint synchronization initiated using futex wait barrier. (184 threads)
[2025-06-05T19:24:02.082+0000][9988.371s][info ][gc,start    ] GC(161) Pause Young (Normal) (G1 Evacuation Pause)
[2025-06-05T19:24:02.092+0000][9988.380s][info ][gc,task     ] GC(161) Using 2 workers of 2 for evacuation
[2025-06-05T19:24:03.054+0000][9989.342s][info ][gc,mmu      ] GC(161) MMU target violated: 501.0ms (500.0ms/501.0ms)
[2025-06-05T19:24:03.055+0000][9989.344s][info ][gc,phases   ] GC(161)   Pre Evacuate Collection Set: 40.5ms
[2025-06-05T19:24:03.056+0000][9989.344s][info ][gc,phases   ] GC(161)   Merge Heap Roots: 6.9ms
[2025-06-05T19:24:03.060+0000][9989.348s][info ][gc,phases   ] GC(161)   Evacuate Collection Set: 607.3ms
[2025-06-05T19:24:03.065+0000][9989.353s][info ][gc,phases   ] GC(161)   Post Evacuate Collection Set: 285.8ms
[2025-06-05T19:24:03.069+0000][9989.358s][info ][gc,phases   ] GC(161)   Other: 35.4ms
[2025-06-05T19:24:03.073+0000][9989.362s][info ][gc,heap     ] GC(161) Eden regions: 237->0(237)
[2025-06-05T19:24:03.076+0000][9989.365s][info ][gc,heap     ] GC(161) Survivor regions: 1->1(30)
[2025-06-05T19:24:03.083+0000][9989.371s][info ][gc,heap     ] GC(161) Old regions: 197->197
[2025-06-05T19:24:03.083+0000][9989.371s][info ][gc,heap     ] GC(161) Archive regions: 2->2
[2025-06-05T19:24:03.083+0000][9989.372s][info ][gc,heap     ] GC(161) Humongous regions: 0->0
[2025-06-05T19:24:03.085+0000][9989.374s][info ][gc,metaspace] GC(161) Metaspace: 188065K(189760K)->188065K(189760K) NonClass: 165612K(166464K)->165612K(166464K) Class: 22453K(23296K)->22453K(23296K)
[2025-06-05T19:24:03.085+0000][9989.374s][info ][gc          ] GC(161) Pause Young (Normal) (G1 Evacuation Pause) 434M->197M(487M) 1003.127ms
[2025-06-05T19:24:03.086+0000][9989.375s][info ][gc,cpu      ] GC(161) User=1.83s Sys=0.02s Real=1.00s
[2025-06-05T19:24:03.088+0000][9989.376s][info ][safepoint   ] Safepoint "G1CollectForAllocation", Time since last: 38127259601 ns, Reaching safepoint: 20933208 ns, Cleanup: 4116917 ns, At safepoint: 1015412000 ns, Total: 1040462125 ns
[2025-06-05T19:24:07.102+0000][9993.391s][debug][safepoint   ] Safepoint synchronization initiated using futex wait barrier. (184 threads)
[2025-06-05T19:24:07.113+0000][9993.402s][info ][safepoint   ] Safepoint "Cleanup", Time since last: 4014524002 ns, Reaching safepoint: 10117542 ns, Cleanup: 463500 ns, At safepoint: 362708 ns, Total: 10943750 ns
[2025-06-05T19:24:22.159+0000][10008.448s][debug][safepoint   ] Safepoint synchronization initiated using futex wait barrier. (184 threads)
[2025-06-05T19:24:22.167+0000][10008.456s][info ][safepoint   ] Safepoint "Cleanup", Time since last: 15045882049 ns, Reaching safepoint: 7147833 ns, Cleanup: 836875 ns, At safepoint: 175500 ns, Total: 8160208 ns
[2025-06-05T19:24:50.238+0000][10036.511s][debug][safepoint   ] Safepoint synchronization initiated using futex wait barrier. (184 threads)
[2025-06-05T19:24:50.269+0000][10036.542s][info ][safepoint   ] Safepoint "Cleanup", Time since last: 28052408889 ns, Reaching safepoint: 31266125 ns, Cleanup: 2693708 ns, At safepoint: 54292 ns, Total: 34014125 ns
[2025-06-05T19:25:15.171+0000][10061.435s][debug][safepoint   ] Safepoint synchronization initiated using futex wait barrier. (184 threads)
[2025-06-05T19:25:15.180+0000][10061.444s][info ][safepoint   ] Safepoint "Cleanup", Time since last: 24892932469 ns, Reaching safepoint: 8087250 ns, Cleanup: 1194792 ns, At safepoint: 15042 ns, Total: 9297084 ns
[2025-06-05T19:25:42.245+0000][10088.648s][debug][safepoint   ] Safepoint synchronization initiated using futex wait barrier. (184 threads)
[2025-06-05T19:25:42.591+0000][10088.994s][info ][safepoint   ] Safepoint "Cleanup", Time since last: 27203502762 ns, Reaching safepoint: 339501917 ns, Cleanup: 6470417 ns, At safepoint: 233291 ns, Total: 346205625 ns
[2025-06-05T19:25:57.916+0000][10104.319s][debug][safepoint   ] Safepoint synchronization initiated using futex wait barrier. (184 threads)
[2025-06-05T19:25:58.294+0000][10104.697s][info ][gc,start    ] GC(162) Pause Young (Normal) (G1 Evacuation Pause)
[2025-06-05T19:25:58.335+0000][10104.738s][info ][gc,task     ] GC(162) Using 2 workers of 2 for evacuation
[2025-06-05T19:26:05.483+0000][10111.893s][info ][gc,mmu      ] GC(162) MMU target violated: 501.0ms (500.0ms/501.0ms)
[2025-06-05T19:26:05.552+0000][10111.962s][info ][gc,phases   ] GC(162)   Pre Evacuate Collection Set: 605.4ms
[2025-06-05T19:26:05.559+0000][10111.968s][info ][gc,phases   ] GC(162)   Merge Heap Roots: 53.1ms
[2025-06-05T19:26:05.559+0000][10111.969s][info ][gc,phases   ] GC(162)   Evacuate Collection Set: 4792.4ms
[2025-06-05T19:26:05.559+0000][10111.969s][info ][gc,phases   ] GC(162)   Post Evacuate Collection Set: 1590.2ms
[2025-06-05T19:26:05.564+0000][10111.973s][info ][gc,phases   ] GC(162)   Other: 256.7ms
[2025-06-05T19:26:05.571+0000][10111.981s][info ][gc,heap     ] GC(162) Eden regions: 237->0(23)
[2025-06-05T19:26:05.573+0000][10111.983s][info ][gc,heap     ] GC(162) Survivor regions: 1->1(30)
[2025-06-05T19:26:05.579+0000][10111.988s][info ][gc,heap     ] GC(162) Old regions: 197->197
[2025-06-05T19:26:05.581+0000][10111.990s][info ][gc,heap     ] GC(162) Archive regions: 2->2
[2025-06-05T19:26:05.588+0000][10111.998s][info ][gc,heap     ] GC(162) Humongous regions: 0->0
[2025-06-05T19:26:05.593+0000][10112.003s][info ][gc,metaspace] GC(162) Metaspace: 188069K(189760K)->188069K(189760K) NonClass: 165615K(166464K)->165615K(166464K) Class: 22454K(23296K)->22454K(23296K)
[2025-06-05T19:26:05.598+0000][10112.008s][info ][gc          ] GC(162) Pause Young (Normal) (G1 Evacuation Pause) 434M->197M(487M) 7311.119ms
[2025-06-05T19:26:05.607+0000][10112.016s][info ][gc,cpu      ] GC(162) User=11.83s Sys=1.39s Real=7.33s
[2025-06-05T19:26:05.626+0000][10112.036s][info ][safepoint   ] Safepoint "G1CollectForAllocation", Time since last: 15317015383 ns, Reaching safepoint: 316714333 ns, Cleanup: 16772375 ns, At safepoint: 7391526545 ns, Total: 7725013253 ns
[2025-06-05T19:26:19.174+0000][10125.584s][debug][safepoint   ] Safepoint synchronization initiated using futex wait barrier. (184 threads)
[2025-06-05T19:26:19.200+0000][10125.610s][info ][gc,start    ] GC(163) Pause Young (Normal) (G1 Evacuation Pause)
[2025-06-05T19:26:19.202+0000][10125.612s][info ][gc,task     ] GC(163) Using 2 workers of 2 for evacuation
[2025-06-05T19:26:20.507+0000][10126.916s][info ][gc,mmu      ] GC(163) MMU target violated: 501.0ms (500.0ms/501.0ms)
[2025-06-05T19:26:20.513+0000][10126.923s][info ][gc,phases   ] GC(163)   Pre Evacuate Collection Set: 31.9ms
[2025-06-05T19:26:20.513+0000][10126.923s][info ][gc,phases   ] GC(163)   Merge Heap Roots: 1.1ms
[2025-06-05T19:26:20.513+0000][10126.923s][info ][gc,phases   ] GC(163)   Evacuate Collection Set: 971.1ms
[2025-06-05T19:26:20.513+0000][10126.923s][info ][gc,phases   ] GC(163)   Post Evacuate Collection Set: 292.5ms
[2025-06-05T19:26:20.515+0000][10126.925s][info ][gc,phases   ] GC(163)   Other: 21.1ms
[2025-06-05T19:26:20.515+0000][10126.925s][info ][gc,heap     ] GC(163) Eden regions: 23->0(23)
[2025-06-05T19:26:20.515+0000][10126.925s][info ][gc,heap     ] GC(163) Survivor regions: 1->1(3)
[2025-06-05T19:26:20.515+0000][10126.925s][info ][gc,heap     ] GC(163) Old regions: 197->197
[2025-06-05T19:26:20.516+0000][10126.925s][info ][gc,heap     ] GC(163) Archive regions: 2->2
[2025-06-05T19:26:20.516+0000][10126.925s][info ][gc,heap     ] GC(163) Humongous regions: 0->0
[2025-06-05T19:26:20.516+0000][10126.925s][info ][gc,metaspace] GC(163) Metaspace: 188070K(189760K)->188070K(189760K) NonClass: 165615K(166464K)->165615K(166464K) Class: 22454K(23296K)->22454K(23296K)
[2025-06-05T19:26:20.519+0000][10126.929s][info ][gc          ] GC(163) Pause Young (Normal) (G1 Evacuation Pause) 220M->197M(487M) 1319.031ms
[2025-06-05T19:26:20.527+0000][10126.937s][info ][gc,cpu      ] GC(163) User=2.43s Sys=0.03s Real=1.33s
[2025-06-05T19:26:20.534+0000][10126.943s][info ][safepoint   ] Safepoint "G1CollectForAllocation", Time since last: 13543111173 ns, Reaching safepoint: 23185125 ns, Cleanup: 757875 ns, At safepoint: 1340076542 ns, Total: 1364019542 ns
[2025-06-05T19:26:22.975+0000][10129.384s][debug][safepoint   ] Safepoint synchronization initiated using futex wait barrier. (184 threads)
[2025-06-05T19:26:22.990+0000][10129.399s][info ][gc,start    ] GC(164) Pause Young (Normal) (G1 Evacuation Pause)
[2025-06-05T19:26:22.991+0000][10129.400s][info ][gc,task     ] GC(164) Using 2 workers of 2 for evacuation
[2025-06-05T19:26:23.239+0000][10129.649s][info ][gc,phases   ] GC(164)   Pre Evacuate Collection Set: 19.6ms
[2025-06-05T19:26:23.239+0000][10129.649s][info ][gc,phases   ] GC(164)   Merge Heap Roots: 0.4ms
[2025-06-05T19:26:23.239+0000][10129.649s][info ][gc,phases   ] GC(164)   Evacuate Collection Set: 159.3ms
[2025-06-05T19:26:23.239+0000][10129.649s][info ][gc,phases   ] GC(164)   Post Evacuate Collection Set: 61.5ms
[2025-06-05T19:26:23.239+0000][10129.649s][info ][gc,phases   ] GC(164)   Other: 10.5ms
[2025-06-05T19:26:23.239+0000][10129.649s][info ][gc,heap     ] GC(164) Eden regions: 23->0(23)
[2025-06-05T19:26:23.239+0000][10129.649s][info ][gc,heap     ] GC(164) Survivor regions: 1->1(3)
[2025-06-05T19:26:23.240+0000][10129.649s][info ][gc,heap     ] GC(164) Old regions: 197->197
[2025-06-05T19:26:23.240+0000][10129.649s][info ][gc,heap     ] GC(164) Archive regions: 2->2
[2025-06-05T19:26:23.240+0000][10129.649s][info ][gc,heap     ] GC(164) Humongous regions: 0->0
[2025-06-05T19:26:23.240+0000][10129.649s][info ][gc,metaspace] GC(164) Metaspace: 188070K(189760K)->188070K(189760K) NonClass: 165615K(166464K)->165615K(166464K) Class: 22454K(23296K)->22454K(23296K)
[2025-06-05T19:26:23.240+0000][10129.649s][info ][gc          ] GC(164) Pause Young (Normal) (G1 Evacuation Pause) 220M->197M(487M) 250.444ms
[2025-06-05T19:26:23.240+0000][10129.650s][info ][gc,cpu      ] GC(164) User=0.47s Sys=0.00s Real=0.25s
[2025-06-05T19:26:23.243+0000][10129.653s][info ][safepoint   ] Safepoint "G1CollectForAllocation", Time since last: 2441022626 ns, Reaching safepoint: 8479000 ns, Cleanup: 4262042 ns, At safepoint: 255871792 ns, Total: 268612834 ns
[2025-06-05T19:26:24.260+0000][10130.670s][debug][safepoint   ] Safepoint synchronization initiated using futex wait barrier. (184 threads)
[2025-06-05T19:26:24.266+0000][10130.676s][info ][safepoint   ] Safepoint "Cleanup", Time since last: 1017081625 ns, Reaching safepoint: 4940167 ns, Cleanup: 871291 ns, At safepoint: 25125 ns, Total: 5836583 ns
[2025-06-05T19:26:26.315+0000][10132.725s][debug][safepoint   ] Safepoint synchronization initiated using futex wait barrier. (184 threads)
[2025-06-05T19:26:26.423+0000][10132.833s][debug][safepoint   ] ... found polling page loop exception at pc = 0x0000ffff8a48a468, stub =0x0000ffff8897ef00
[2025-06-05T19:26:26.441+0000][10132.851s][info ][safepoint   ] Safepoint "Cleanup", Time since last: 2015732876 ns, Reaching safepoint: 154854750 ns, Cleanup: 4552834 ns, At safepoint: 171916 ns, Total: 159579500 ns
[2025-06-05T19:26:30.110+0000][10136.519s][debug][safepoint   ] Safepoint synchronization initiated using futex wait barrier. (184 threads)
[2025-06-05T19:26:30.365+0000][10136.775s][info ][gc,start    ] GC(165) Pause Young (Normal) (G1 Evacuation Pause)
[2025-06-05T19:26:30.374+0000][10136.784s][info ][gc,task     ] GC(165) Using 2 workers of 2 for evacuation
[2025-06-05T19:26:31.110+0000][10137.410s][info ][gc,mmu      ] GC(165) MMU target violated: 501.0ms (500.0ms/501.0ms)
[2025-06-05T19:26:31.111+0000][10137.412s][info ][gc,phases   ] GC(165)   Pre Evacuate Collection Set: 55.8ms
[2025-06-05T19:26:31.112+0000][10137.412s][info ][gc,phases   ] GC(165)   Merge Heap Roots: 12.0ms
[2025-06-05T19:26:31.112+0000][10137.413s][info ][gc,phases   ] GC(165)   Evacuate Collection Set: 470.8ms
[2025-06-05T19:26:31.112+0000][10137.413s][info ][gc,phases   ] GC(165)   Post Evacuate Collection Set: 71.3ms
[2025-06-05T19:26:31.112+0000][10137.413s][info ][gc,phases   ] GC(165)   Other: 43.9ms
[2025-06-05T19:26:31.114+0000][10137.414s][info ][gc,heap     ] GC(165) Eden regions: 23->0(23)
[2025-06-05T19:26:31.114+0000][10137.414s][info ][gc,heap     ] GC(165) Survivor regions: 1->1(3)
[2025-06-05T19:26:31.114+0000][10137.414s][info ][gc,heap     ] GC(165) Old regions: 197->197
[2025-06-05T19:26:31.114+0000][10137.414s][info ][gc,heap     ] GC(165) Archive regions: 2->2
[2025-06-05T19:26:31.114+0000][10137.415s][info ][gc,heap     ] GC(165) Humongous regions: 0->0
[2025-06-05T19:26:31.116+0000][10137.416s][info ][gc,metaspace] GC(165) Metaspace: 188070K(189760K)->188070K(189760K) NonClass: 165615K(166464K)->165615K(166464K) Class: 22454K(23296K)->22454K(23296K)
[2025-06-05T19:26:31.116+0000][10137.416s][info ][gc          ] GC(165) Pause Young (Normal) (G1 Evacuation Pause) 220M->197M(487M) 641.680ms
[2025-06-05T19:26:31.118+0000][10137.418s][info ][gc,cpu      ] GC(165) User=1.13s Sys=0.07s Real=0.65s
[2025-06-05T19:26:31.118+0000][10137.419s][info ][safepoint   ] Safepoint "G1CollectForAllocation", Time since last: 3649960044 ns, Reaching safepoint: 247330208 ns, Cleanup: 8987625 ns, At safepoint: 661339376 ns, Total: 917657209 ns
[2025-06-05T19:26:42.330+0000][10148.631s][debug][safepoint   ] Safepoint synchronization initiated using futex wait barrier. (184 threads)
[2025-06-05T19:26:42.343+0000][10148.643s][info ][gc,start    ] GC(166) Pause Young (Normal) (G1 Evacuation Pause)
[2025-06-05T19:26:42.345+0000][10148.645s][info ][gc,task     ] GC(166) Using 2 workers of 2 for evacuation
[2025-06-05T19:26:42.725+0000][10149.025s][info ][gc,phases   ] GC(166)   Pre Evacuate Collection Set: 31.0ms
[2025-06-05T19:26:42.725+0000][10149.025s][info ][gc,phases   ] GC(166)   Merge Heap Roots: 0.8ms
[2025-06-05T19:26:42.725+0000][10149.025s][info ][gc,phases   ] GC(166)   Evacuate Collection Set: 293.3ms
[2025-06-05T19:26:42.725+0000][10149.025s][info ][gc,phases   ] GC(166)   Post Evacuate Collection Set: 46.6ms
[2025-06-05T19:26:42.725+0000][10149.025s][info ][gc,phases   ] GC(166)   Other: 12.0ms
[2025-06-05T19:26:42.725+0000][10149.026s][info ][gc,heap     ] GC(166) Eden regions: 23->0(23)
[2025-06-05T19:26:42.725+0000][10149.026s][info ][gc,heap     ] GC(166) Survivor regions: 1->1(3)
[2025-06-05T19:26:42.725+0000][10149.026s][info ][gc,heap     ] GC(166) Old regions: 197->197
[2025-06-05T19:26:42.725+0000][10149.026s][info ][gc,heap     ] GC(166) Archive regions: 2->2
[2025-06-05T19:26:42.725+0000][10149.026s][info ][gc,heap     ] GC(166) Humongous regions: 0->0
[2025-06-05T19:26:42.725+0000][10149.026s][info ][gc,metaspace] GC(166) Metaspace: 188070K(189760K)->188070K(189760K) NonClass: 165615K(166464K)->165615K(166464K) Class: 22454K(23296K)->22454K(23296K)
[2025-06-05T19:26:42.725+0000][10149.026s][info ][gc          ] GC(166) Pause Young (Normal) (G1 Evacuation Pause) 220M->197M(487M) 382.461ms
[2025-06-05T19:26:42.725+0000][10149.026s][info ][gc,cpu      ] GC(166) User=0.70s Sys=0.00s Real=0.38s
[2025-06-05T19:26:42.726+0000][10149.026s][info ][safepoint   ] Safepoint "G1CollectForAllocation", Time since last: 11212144880 ns, Reaching safepoint: 8983417 ns, Cleanup: 1302916 ns, At safepoint: 385232209 ns, Total: 395518542 ns
[2025-06-05T19:26:53.833+0000][10160.134s][debug][safepoint   ] Safepoint synchronization initiated using futex wait barrier. (184 threads)
[2025-06-05T19:26:53.846+0000][10160.147s][info ][gc,start    ] GC(167) Pause Young (Normal) (G1 Evacuation Pause)
[2025-06-05T19:26:53.847+0000][10160.148s][info ][gc,task     ] GC(167) Using 2 workers of 2 for evacuation
[2025-06-05T19:26:54.154+0000][10160.455s][info ][gc,phases   ] GC(167)   Pre Evacuate Collection Set: 9.9ms
[2025-06-05T19:26:54.155+0000][10160.455s][info ][gc,phases   ] GC(167)   Merge Heap Roots: 0.9ms
[2025-06-05T19:26:54.155+0000][10160.455s][info ][gc,phases   ] GC(167)   Evacuate Collection Set: 163.6ms
[2025-06-05T19:26:54.155+0000][10160.456s][info ][gc,phases   ] GC(167)   Post Evacuate Collection Set: 129.0ms
[2025-06-05T19:26:54.156+0000][10160.456s][info ][gc,phases   ] GC(167)   Other: 4.0ms
[2025-06-05T19:26:54.156+0000][10160.456s][info ][gc,heap     ] GC(167) Eden regions: 23->0(23)
[2025-06-05T19:26:54.156+0000][10160.457s][info ][gc,heap     ] GC(167) Survivor regions: 1->1(3)
[2025-06-05T19:26:54.156+0000][10160.457s][info ][gc,heap     ] GC(167) Old regions: 197->197
[2025-06-05T19:26:54.156+0000][10160.457s][info ][gc,heap     ] GC(167) Archive regions: 2->2
[2025-06-05T19:26:54.156+0000][10160.457s][info ][gc,heap     ] GC(167) Humongous regions: 0->0
[2025-06-05T19:26:54.157+0000][10160.457s][info ][gc,metaspace] GC(167) Metaspace: 188071K(189760K)->188071K(189760K) NonClass: 165617K(166464K)->165617K(166464K) Class: 22454K(23296K)->22454K(23296K)
[2025-06-05T19:26:54.157+0000][10160.458s][info ][gc          ] GC(167) Pause Young (Normal) (G1 Evacuation Pause) 220M->197M(487M) 310.853ms
[2025-06-05T19:26:54.158+0000][10160.458s][info ][gc,cpu      ] GC(167) User=0.60s Sys=0.00s Real=0.31s
[2025-06-05T19:26:54.163+0000][10160.464s][info ][safepoint   ] Safepoint "G1CollectForAllocation", Time since last: 11107574838 ns, Reaching safepoint: 9471125 ns, Cleanup: 1807667 ns, At safepoint: 318716209 ns, Total: 329995001 ns
[2025-06-05T19:26:55.168+0000][10161.469s][debug][safepoint   ] Safepoint synchronization initiated using futex wait barrier. (184 threads)
[2025-06-05T19:26:55.173+0000][10161.473s][info ][safepoint   ] Safepoint "Cleanup", Time since last: 1004611083 ns, Reaching safepoint: 4736375 ns, Cleanup: 92917 ns, At safepoint: 15375 ns, Total: 4844667 ns
[2025-06-05T19:26:57.177+0000][10163.477s][debug][safepoint   ] Safepoint synchronization initiated using futex wait barrier. (184 threads)
[2025-06-05T19:26:57.185+0000][10163.486s][info ][safepoint   ] Safepoint "Cleanup", Time since last: 2003744334 ns, Reaching safepoint: 7700917 ns, Cleanup: 1019458 ns, At safepoint: 39334 ns, Total: 8759709 ns
[2025-06-05T19:26:58.227+0000][10164.528s][debug][safepoint   ] Safepoint synchronization initiated using futex wait barrier. (184 threads)
[2025-06-05T19:26:58.243+0000][10164.543s][info ][safepoint   ] Safepoint "Cleanup", Time since last: 1042205208 ns, Reaching safepoint: 12241625 ns, Cleanup: 1100667 ns, At safepoint: 1916750 ns, Total: 15259042 ns
[2025-06-05T19:27:01.379+0000][10167.641s][debug][safepoint   ] Safepoint synchronization initiated using futex wait barrier. (184 threads)
[2025-06-05T19:27:01.383+0000][10167.645s][info ][safepoint   ] Safepoint "Cleanup", Time since last: 3097771002 ns, Reaching safepoint: 3050375 ns, Cleanup: 784333 ns, At safepoint: 20333 ns, Total: 3855041 ns
[2025-06-05T19:27:02.383+0000][10168.646s][debug][safepoint   ] Safepoint synchronization initiated using futex wait barrier. (184 threads)
[2025-06-05T19:27:02.390+0000][10168.652s][info ][safepoint   ] Safepoint "Cleanup", Time since last: 1000685126 ns, Reaching safepoint: 5899500 ns, Cleanup: 142125 ns, At safepoint: 99208 ns, Total: 6140833 ns
[2025-06-05T19:27:03.398+0000][10169.660s][debug][safepoint   ] Safepoint synchronization initiated using futex wait barrier. (184 threads)
[2025-06-05T19:27:03.425+0000][10169.688s][info ][safepoint   ] Safepoint "Cleanup", Time since last: 1006133251 ns, Reaching safepoint: 23617958 ns, Cleanup: 4998500 ns, At safepoint: 1064458 ns, Total: 29680916 ns
[2025-06-05T19:27:05.688+0000][10171.950s][debug][safepoint   ] Safepoint synchronization initiated using futex wait barrier. (184 threads)
[2025-06-05T19:27:05.716+0000][10171.978s][info ][gc,start    ] GC(168) Pause Young (Normal) (G1 Evacuation Pause)
[2025-06-05T19:27:05.717+0000][10171.980s][info ][gc,task     ] GC(168) Using 2 workers of 2 for evacuation
[2025-06-05T19:27:06.150+0000][10172.412s][info ][gc,phases   ] GC(168)   Pre Evacuate Collection Set: 19.4ms
[2025-06-05T19:27:06.150+0000][10172.412s][info ][gc,phases   ] GC(168)   Merge Heap Roots: 5.0ms
[2025-06-05T19:27:06.150+0000][10172.412s][info ][gc,phases   ] GC(168)   Evacuate Collection Set: 278.6ms
[2025-06-05T19:27:06.150+0000][10172.412s][info ][gc,phases   ] GC(168)   Post Evacuate Collection Set: 120.0ms
[2025-06-05T19:27:06.150+0000][10172.413s][info ][gc,phases   ] GC(168)   Other: 22.1ms
[2025-06-05T19:27:06.150+0000][10172.413s][info ][gc,heap     ] GC(168) Eden regions: 23->0(82)
[2025-06-05T19:27:06.150+0000][10172.413s][info ][gc,heap     ] GC(168) Survivor regions: 1->1(3)
[2025-06-05T19:27:06.151+0000][10172.413s][info ][gc,heap     ] GC(168) Old regions: 197->197
[2025-06-05T19:27:06.151+0000][10172.413s][info ][gc,heap     ] GC(168) Archive regions: 2->2
[2025-06-05T19:27:06.151+0000][10172.413s][info ][gc,heap     ] GC(168) Humongous regions: 0->0
[2025-06-05T19:27:06.151+0000][10172.413s][info ][gc,metaspace] GC(168) Metaspace: 188071K(189760K)->188071K(189760K) NonClass: 165617K(166464K)->165617K(166464K) Class: 22454K(23296K)->22454K(23296K)
[2025-06-05T19:27:06.151+0000][10172.413s][info ][gc          ] GC(168) Pause Young (Normal) (G1 Evacuation Pause) 220M->197M(487M) 435.818ms
[2025-06-05T19:27:06.152+0000][10172.414s][info ][gc,cpu      ] GC(168) User=0.83s Sys=0.00s Real=0.44s
[2025-06-05T19:27:06.165+0000][10172.428s][info ][safepoint   ] Safepoint "G1CollectForAllocation", Time since last: 2260757210 ns, Reaching safepoint: 17112708 ns, Cleanup: 306125 ns, At safepoint: 461835459 ns, Total: 479254292 ns
[2025-06-05T19:27:08.185+0000][10174.447s][debug][safepoint   ] Safepoint synchronization initiated using futex wait barrier. (184 threads)
[2025-06-05T19:27:08.197+0000][10174.459s][info ][safepoint   ] Safepoint "Cleanup", Time since last: 2016485334 ns, Reaching safepoint: 12038875 ns, Cleanup: 3078583 ns, At safepoint: 191834 ns, Total: 15309292 ns
[2025-06-05T19:27:40.423+0000][10206.713s][debug][safepoint   ] Safepoint synchronization initiated using futex wait barrier. (184 threads)
[2025-06-05T19:27:40.436+0000][10206.726s][info ][gc,start    ] GC(169) Pause Young (Normal) (G1 Evacuation Pause)
[2025-06-05T19:27:40.437+0000][10206.727s][info ][gc,task     ] GC(169) Using 2 workers of 2 for evacuation
[2025-06-05T19:27:41.006+0000][10207.296s][info ][gc,mmu      ] GC(169) MMU target violated: 501.0ms (500.0ms/501.0ms)
[2025-06-05T19:27:41.011+0000][10207.301s][info ][gc,phases   ] GC(169)   Pre Evacuate Collection Set: 46.7ms
[2025-06-05T19:27:41.011+0000][10207.301s][info ][gc,phases   ] GC(169)   Merge Heap Roots: 17.7ms
[2025-06-05T19:27:41.011+0000][10207.301s][info ][gc,phases   ] GC(169)   Evacuate Collection Set: 376.6ms
[2025-06-05T19:27:41.011+0000][10207.301s][info ][gc,phases   ] GC(169)   Post Evacuate Collection Set: 121.2ms
[2025-06-05T19:27:41.013+0000][10207.303s][info ][gc,phases   ] GC(169)   Other: 14.4ms
[2025-06-05T19:27:41.013+0000][10207.303s][info ][gc,heap     ] GC(169) Eden regions: 82->0(184)
[2025-06-05T19:27:41.013+0000][10207.303s][info ][gc,heap     ] GC(169) Survivor regions: 1->1(11)
[2025-06-05T19:27:41.013+0000][10207.303s][info ][gc,heap     ] GC(169) Old regions: 197->197
[2025-06-05T19:27:41.013+0000][10207.303s][info ][gc,heap     ] GC(169) Archive regions: 2->2
[2025-06-05T19:27:41.013+0000][10207.303s][info ][gc,heap     ] GC(169) Humongous regions: 0->0
[2025-06-05T19:27:41.013+0000][10207.303s][info ][gc,metaspace] GC(169) Metaspace: 188071K(189760K)->188071K(189760K) NonClass: 165617K(166464K)->165617K(166464K) Class: 22454K(23296K)->22454K(23296K)
[2025-06-05T19:27:41.014+0000][10207.304s][info ][gc          ] GC(169) Pause Young (Normal) (G1 Evacuation Pause) 279M->197M(487M) 577.062ms
[2025-06-05T19:27:41.014+0000][10207.304s][info ][gc,cpu      ] GC(169) User=1.06s Sys=0.02s Real=0.58s
[2025-06-05T19:27:41.014+0000][10207.304s][info ][safepoint   ] Safepoint "G1CollectForAllocation", Time since last: 32253405390 ns, Reaching safepoint: 10522500 ns, Cleanup: 401416 ns, At safepoint: 580284209 ns, Total: 591208125 ns
[2025-06-05T19:28:29.878+0000][10256.139s][debug][safepoint   ] Safepoint synchronization initiated using futex wait barrier. (184 threads)
[2025-06-05T19:28:29.905+0000][10256.165s][info ][safepoint   ] Safepoint "Cleanup", Time since last: 48834526897 ns, Reaching safepoint: 25967625 ns, Cleanup: 212500 ns, At safepoint: 190125 ns, Total: 26370250 ns
[2025-06-05T19:29:09.643+0000][10295.908s][debug][safepoint   ] Safepoint synchronization initiated using futex wait barrier. (184 threads)
[2025-06-05T19:29:09.912+0000][10296.177s][info ][gc,start    ] GC(170) Pause Young (Normal) (G1 Evacuation Pause)
[2025-06-05T19:29:09.919+0000][10296.184s][info ][gc,task     ] GC(170) Using 2 workers of 2 for evacuation
[2025-06-05T19:29:11.430+0000][10297.695s][info ][gc,mmu      ] GC(170) MMU target violated: 501.0ms (500.0ms/501.0ms)
[2025-06-05T19:29:11.432+0000][10297.697s][info ][gc,phases   ] GC(170)   Pre Evacuate Collection Set: 52.3ms
[2025-06-05T19:29:11.432+0000][10297.697s][info ][gc,phases   ] GC(170)   Merge Heap Roots: 26.9ms
[2025-06-05T19:29:11.432+0000][10297.697s][info ][gc,phases   ] GC(170)   Evacuate Collection Set: 1296.2ms
[2025-06-05T19:29:11.432+0000][10297.697s][info ][gc,phases   ] GC(170)   Post Evacuate Collection Set: 104.7ms
[2025-06-05T19:29:11.438+0000][10297.703s][info ][gc,phases   ] GC(170)   Other: 64.0ms
[2025-06-05T19:29:11.438+0000][10297.704s][info ][gc,heap     ] GC(170) Eden regions: 184->0(172)
[2025-06-05T19:29:11.438+0000][10297.704s][info ][gc,heap     ] GC(170) Survivor regions: 1->1(24)
[2025-06-05T19:29:11.439+0000][10297.704s][info ][gc,heap     ] GC(170) Old regions: 197->197
[2025-06-05T19:29:11.439+0000][10297.704s][info ][gc,heap     ] GC(170) Archive regions: 2->2
[2025-06-05T19:29:11.439+0000][10297.704s][info ][gc,heap     ] GC(170) Humongous regions: 0->0
[2025-06-05T19:29:11.439+0000][10297.704s][info ][gc,metaspace] GC(170) Metaspace: 188073K(189824K)->188073K(189824K) NonClass: 165619K(166528K)->165619K(166528K) Class: 22454K(23296K)->22454K(23296K)
[2025-06-05T19:29:11.439+0000][10297.704s][info ][gc          ] GC(170) Pause Young (Normal) (G1 Evacuation Pause) 381M->197M(487M) 1528.079ms
[2025-06-05T19:29:11.440+0000][10297.705s][info ][gc,cpu      ] GC(170) User=2.80s Sys=0.05s Real=1.53s
[2025-06-05T19:29:11.479+0000][10297.744s][info ][safepoint   ] Safepoint "G1CollectForAllocation", Time since last: 39731549518 ns, Reaching safepoint: 237428333 ns, Cleanup: 12229209 ns, At safepoint: 1597766001 ns, Total: 1847423543 ns
[2025-06-05T19:30:08.643+0000][10354.904s][debug][safepoint   ] Safepoint synchronization initiated using futex wait barrier. (184 threads)
[2025-06-05T19:30:08.646+0000][10354.907s][info ][safepoint   ] Safepoint "Cleanup", Time since last: 57160007483 ns, Reaching safepoint: 2023042 ns, Cleanup: 1026167 ns, At safepoint: 5583 ns, Total: 3054792 ns
[2025-06-05T19:30:21.681+0000][10367.942s][debug][safepoint   ] Safepoint synchronization initiated using futex wait barrier. (184 threads)
[2025-06-05T19:30:21.683+0000][10367.944s][info ][safepoint   ] Safepoint "Cleanup", Time since last: 13035229423 ns, Reaching safepoint: 1355417 ns, Cleanup: 51791 ns, At safepoint: 17209 ns, Total: 1424417 ns
[2025-06-05T19:30:24.493+0000][10370.754s][debug][safepoint   ] Safepoint synchronization initiated using futex wait barrier. (184 threads)
[2025-06-05T19:30:24.508+0000][10370.769s][info ][gc,start    ] GC(171) Pause Young (Normal) (G1 Evacuation Pause)
[2025-06-05T19:30:24.509+0000][10370.770s][info ][gc,task     ] GC(171) Using 2 workers of 2 for evacuation
[2025-06-05T19:30:25.456+0000][10371.717s][info ][gc,mmu      ] GC(171) MMU target violated: 501.0ms (500.0ms/501.0ms)
[2025-06-05T19:30:25.457+0000][10371.718s][info ][gc,phases   ] GC(171)   Pre Evacuate Collection Set: 54.0ms
[2025-06-05T19:30:25.457+0000][10371.718s][info ][gc,phases   ] GC(171)   Merge Heap Roots: 2.6ms
[2025-06-05T19:30:25.457+0000][10371.718s][info ][gc,phases   ] GC(171)   Evacuate Collection Set: 790.0ms
[2025-06-05T19:30:25.457+0000][10371.718s][info ][gc,phases   ] GC(171)   Post Evacuate Collection Set: 95.9ms
[2025-06-05T19:30:25.457+0000][10371.718s][info ][gc,phases   ] GC(171)   Other: 12.7ms
[2025-06-05T19:30:25.458+0000][10371.719s][info ][gc,heap     ] GC(171) Eden regions: 160->0(237)
[2025-06-05T19:30:25.458+0000][10371.719s][info ][gc,heap     ] GC(171) Survivor regions: 1->1(21)
[2025-06-05T19:30:25.458+0000][10371.719s][info ][gc,heap     ] GC(171) Old regions: 197->197
[2025-06-05T19:30:25.458+0000][10371.719s][info ][gc,heap     ] GC(171) Archive regions: 2->2
[2025-06-05T19:30:25.458+0000][10371.719s][info ][gc,heap     ] GC(171) Humongous regions: 0->0
[2025-06-05T19:30:25.458+0000][10371.719s][info ][gc,metaspace] GC(171) Metaspace: 188075K(189824K)->188075K(189824K) NonClass: 165621K(166528K)->165621K(166528K) Class: 22454K(23296K)->22454K(23296K)
[2025-06-05T19:30:25.459+0000][10371.720s][info ][gc          ] GC(171) Pause Young (Normal) (G1 Evacuation Pause) 357M->197M(487M) 952.566ms
[2025-06-05T19:30:25.459+0000][10371.720s][info ][gc,cpu      ] GC(171) User=1.82s Sys=0.00s Real=0.95s
[2025-06-05T19:30:25.460+0000][10371.721s][info ][safepoint   ] Safepoint "G1CollectForAllocation", Time since last: 2809747209 ns, Reaching safepoint: 8316834 ns, Cleanup: 65708 ns, At safepoint: 959377459 ns, Total: 967760001 ns
[2025-06-05T19:33:33.713+0000][10560.002s][debug][safepoint   ] Safepoint synchronization initiated using futex wait barrier. (177 threads)
[2025-06-05T19:33:33.804+0000][10560.094s][info ][gc,start    ] GC(172) Pause Young (Normal) (G1 Evacuation Pause)
[2025-06-05T19:33:33.815+0000][10560.104s][info ][gc,task     ] GC(172) Using 2 workers of 2 for evacuation
[2025-06-05T19:33:35.536+0000][10561.812s][info ][gc,mmu      ] GC(172) MMU target violated: 501.0ms (500.0ms/501.0ms)
[2025-06-05T19:33:35.541+0000][10561.817s][info ][gc,phases   ] GC(172)   Pre Evacuate Collection Set: 97.1ms
[2025-06-05T19:33:35.541+0000][10561.817s][info ][gc,phases   ] GC(172)   Merge Heap Roots: 47.8ms
[2025-06-05T19:33:35.541+0000][10561.817s][info ][gc,phases   ] GC(172)   Evacuate Collection Set: 1376.3ms
[2025-06-05T19:33:35.541+0000][10561.817s][info ][gc,phases   ] GC(172)   Post Evacuate Collection Set: 171.0ms
[2025-06-05T19:33:35.541+0000][10561.817s][info ][gc,phases   ] GC(172)   Other: 47.0ms
[2025-06-05T19:33:35.541+0000][10561.817s][info ][gc,heap     ] GC(172) Eden regions: 237->0(146)
[2025-06-05T19:33:35.541+0000][10561.817s][info ][gc,heap     ] GC(172) Survivor regions: 1->1(30)
[2025-06-05T19:33:35.541+0000][10561.817s][info ][gc,heap     ] GC(172) Old regions: 197->197
[2025-06-05T19:33:35.541+0000][10561.817s][info ][gc,heap     ] GC(172) Archive regions: 2->2
[2025-06-05T19:33:35.541+0000][10561.817s][info ][gc,heap     ] GC(172) Humongous regions: 0->0
[2025-06-05T19:33:35.541+0000][10561.818s][info ][gc,metaspace] GC(172) Metaspace: 188075K(189824K)->188075K(189824K) NonClass: 165621K(166528K)->165621K(166528K) Class: 22454K(23296K)->22454K(23296K)
[2025-06-05T19:33:35.542+0000][10561.818s][info ][gc          ] GC(172) Pause Young (Normal) (G1 Evacuation Pause) 434M->197M(487M) 1724.125ms
[2025-06-05T19:33:35.545+0000][10561.821s][info ][gc,cpu      ] GC(172) User=3.12s Sys=0.10s Real=1.73s
[2025-06-05T19:33:35.565+0000][10561.841s][info ][safepoint   ] Safepoint "G1CollectForAllocation", Time since last: 188280450420 ns, Reaching safepoint: 60150958 ns, Cleanup: 9806584 ns, At safepoint: 1769620708 ns, Total: 1839578250 ns
[2025-06-05T19:34:18.971+0000][10605.267s][debug][safepoint   ] Safepoint synchronization initiated using futex wait barrier. (175 threads)
[2025-06-05T19:34:19.011+0000][10605.308s][info ][safepoint   ] Safepoint "Cleanup", Time since last: 43426310103 ns, Reaching safepoint: 37565584 ns, Cleanup: 2481416 ns, At safepoint: 148792 ns, Total: 40195792 ns
[2025-06-05T19:37:46.888+0000][10670.687s][debug][safepoint   ] Safepoint synchronization initiated using futex wait barrier. (170 threads)
[2025-06-05T19:37:46.963+0000][10670.761s][info ][safepoint   ] Safepoint "Cleanup", Time since last: 65377242447 ns, Reaching safepoint: 61682584 ns, Cleanup: 6758791 ns, At safepoint: 7755875 ns, Total: 76197250 ns
[2025-06-05T19:37:49.987+0000][10673.786s][debug][safepoint   ] Safepoint synchronization initiated using futex wait barrier. (170 threads)
[2025-06-05T19:37:50.151+0000][10673.950s][info ][safepoint   ] Safepoint "Cleanup", Time since last: 3020476293 ns, Reaching safepoint: 167870209 ns, Cleanup: 92375 ns, At safepoint: 173542 ns, Total: 168136126 ns
[2025-06-05T19:38:00.676+0000][10684.475s][debug][safepoint   ] Safepoint synchronization initiated using futex wait barrier. (171 threads)
[2025-06-05T19:38:00.882+0000][10684.681s][info ][safepoint   ] Safepoint "Cleanup", Time since last: 10318330254 ns, Reaching safepoint: 398367084 ns, Cleanup: 10055375 ns, At safepoint: 4101333 ns, Total: 412523792 ns
[2025-06-05T19:38:04.121+0000][10688.851s][debug][safepoint   ] Safepoint synchronization initiated using futex wait barrier. (172 threads)
[2025-06-05T19:38:04.500+0000][10689.229s][info ][safepoint   ] Safepoint "Cleanup", Time since last: 4169812751 ns, Reaching safepoint: 296376584 ns, Cleanup: 6473583 ns, At safepoint: 75628625 ns, Total: 378478792 ns
[2025-06-05T19:38:05.716+0000][10690.445s][debug][safepoint   ] Safepoint synchronization initiated using futex wait barrier. (172 threads)
[2025-06-05T19:38:06.206+0000][10690.935s][debug][safepoint   ] ... found polling page loop exception at pc = 0x0000ffff8acd3644, stub =0x0000ffff8897ef00
[2025-06-05T19:38:06.399+0000][10691.128s][info ][safepoint   ] Safepoint "Cleanup", Time since last: 1205485251 ns, Reaching safepoint: 603662792 ns, Cleanup: 37097666 ns, At safepoint: 52586500 ns, Total: 693346958 ns
[2025-06-05T19:38:12.606+0000][10697.335s][debug][safepoint   ] Safepoint synchronization initiated using futex wait barrier. (172 threads)
[2025-06-05T19:38:14.207+0000][10698.936s][info ][safepoint   ] Safepoint "Cleanup", Time since last: 6207195587 ns, Reaching safepoint: 1204833584 ns, Cleanup: 84933625 ns, At safepoint: 118496666 ns, Total: 1408263875 ns
[2025-06-05T19:38:31.068+0000][10715.797s][debug][safepoint   ] Safepoint synchronization initiated using futex wait barrier. (171 threads)
[2025-06-05T19:38:31.191+0000][10715.920s][info ][gc,start    ] GC(173) Pause Young (Normal) (G1 Evacuation Pause)
[2025-06-05T19:38:31.228+0000][10715.958s][info ][gc,task     ] GC(173) Using 2 workers of 2 for evacuation
[2025-06-05T19:38:41.194+0000][10725.128s][info ][gc,mmu      ] GC(173) MMU target violated: 501.0ms (500.0ms/501.0ms)
[2025-06-05T19:38:41.230+0000][10725.164s][info ][gc,phases   ] GC(173)   Pre Evacuate Collection Set: 368.7ms
[2025-06-05T19:38:41.230+0000][10725.164s][info ][gc,phases   ] GC(173)   Merge Heap Roots: 80.5ms
[2025-06-05T19:38:41.230+0000][10725.165s][info ][gc,phases   ] GC(173)   Evacuate Collection Set: 6609.1ms
[2025-06-05T19:38:41.230+0000][10725.165s][info ][gc,phases   ] GC(173)   Post Evacuate Collection Set: 1975.8ms
[2025-06-05T19:38:41.231+0000][10725.165s][info ][gc,phases   ] GC(173)   Other: 232.4ms
[2025-06-05T19:38:41.233+0000][10725.167s][info ][gc,heap     ] GC(173) Eden regions: 138->0(23)
[2025-06-05T19:38:41.233+0000][10725.167s][info ][gc,heap     ] GC(173) Survivor regions: 1->1(18)
[2025-06-05T19:38:41.238+0000][10725.172s][info ][gc,heap     ] GC(173) Old regions: 197->197
[2025-06-05T19:38:41.238+0000][10725.172s][info ][gc,heap     ] GC(173) Archive regions: 2->2
[2025-06-05T19:38:41.238+0000][10725.172s][info ][gc,heap     ] GC(173) Humongous regions: 0->0
[2025-06-05T19:38:41.240+0000][10725.174s][info ][gc,metaspace] GC(173) Metaspace: 188083K(189824K)->188083K(189824K) NonClass: 165627K(166528K)->165627K(166528K) Class: 22455K(23296K)->22455K(23296K)
[2025-06-05T19:38:41.245+0000][10725.180s][info ][gc          ] GC(173) Pause Young (Normal) (G1 Evacuation Pause) 335M->198M(487M) 9261.363ms
[2025-06-05T19:38:41.251+0000][10725.185s][info ][gc,cpu      ] GC(173) User=13.23s Sys=1.27s Real=9.27s
[2025-06-05T19:38:41.514+0000][10725.448s][info ][safepoint   ] Safepoint "G1CollectForAllocation", Time since last: 17049920800 ns, Reaching safepoint: 96239917 ns, Cleanup: 3785125 ns, At safepoint: 9550770546 ns, Total: 9650795588 ns
[2025-06-05T19:38:45.696+0000][10729.630s][debug][safepoint   ] Safepoint synchronization initiated using futex wait barrier. (169 threads)
[2025-06-05T19:38:46.805+0000][10730.739s][info ][safepoint   ] Safepoint "Cleanup", Time since last: 4185768335 ns, Reaching safepoint: 810118084 ns, Cleanup: 185149292 ns, At safepoint: 114522333 ns, Total: 1109789709 ns
[2025-06-05T19:39:08.097+0000][10751.943s][debug][safepoint   ] Safepoint synchronization initiated using futex wait barrier. (169 threads)
[2025-06-05T19:39:08.180+0000][10752.026s][info ][gc,start    ] GC(174) Pause Young (Normal) (G1 Evacuation Pause)
[2025-06-05T19:39:08.182+0000][10752.028s][info ][gc,task     ] GC(174) Using 2 workers of 2 for evacuation
[2025-06-05T19:39:11.546+0000][10755.392s][info ][gc,mmu      ] GC(174) MMU target violated: 501.0ms (500.0ms/501.0ms)
[2025-06-05T19:39:11.668+0000][10755.514s][info ][gc,phases   ] GC(174)   Pre Evacuate Collection Set: 204.9ms
[2025-06-05T19:39:11.669+0000][10755.515s][info ][gc,phases   ] GC(174)   Merge Heap Roots: 38.2ms
[2025-06-05T19:39:11.669+0000][10755.515s][info ][gc,phases   ] GC(174)   Evacuate Collection Set: 2107.5ms
[2025-06-05T19:39:11.675+0000][10755.521s][info ][gc,phases   ] GC(174)   Post Evacuate Collection Set: 971.7ms
[2025-06-05T19:39:11.677+0000][10755.523s][info ][gc,phases   ] GC(174)   Other: 179.3ms
[2025-06-05T19:39:11.677+0000][10755.523s][info ][gc,heap     ] GC(174) Eden regions: 23->0(23)
[2025-06-05T19:39:11.677+0000][10755.523s][info ][gc,heap     ] GC(174) Survivor regions: 1->1(3)
[2025-06-05T19:39:11.677+0000][10755.523s][info ][gc,heap     ] GC(174) Old regions: 197->197
[2025-06-05T19:39:11.677+0000][10755.523s][info ][gc,heap     ] GC(174) Archive regions: 2->2
[2025-06-05T19:39:11.677+0000][10755.523s][info ][gc,heap     ] GC(174) Humongous regions: 0->0
[2025-06-05T19:39:11.685+0000][10755.531s][info ][gc,metaspace] GC(174) Metaspace: 188085K(189824K)->188085K(189824K) NonClass: 165629K(166528K)->165629K(166528K) Class: 22455K(23296K)->22455K(23296K)
[2025-06-05T19:39:11.691+0000][10755.537s][info ][gc          ] GC(174) Pause Young (Normal) (G1 Evacuation Pause) 221M->198M(487M) 3511.382ms
[2025-06-05T19:39:11.711+0000][10755.558s][info ][gc,cpu      ] GC(174) User=5.85s Sys=0.40s Real=3.54s
[2025-06-05T19:39:11.740+0000][10755.587s][info ][safepoint   ] Safepoint "G1CollectForAllocation", Time since last: 21202412010 ns, Reaching safepoint: 59275875 ns, Cleanup: 4394208 ns, At safepoint: 3581104960 ns, Total: 3644775043 ns
