[2025-06-05T03:03:58.287+0000][0.006s][info][gc] Using G1
[2025-06-05T03:03:58.289+0000][0.009s][info][gc,init] Version: 17.0.14+7-Debian-1deb12u1 (release)
[2025-06-05T03:03:58.290+0000][0.009s][info][gc,init] CPUs: 8 total, 2 available
[2025-06-05T03:03:58.290+0000][0.009s][info][gc,init] Memory: 3919M
[2025-06-05T03:03:58.290+0000][0.009s][info][gc,init] Large Page Support: Disabled
[2025-06-05T03:03:58.290+0000][0.009s][info][gc,init] NUMA Support: Disabled
[2025-06-05T03:03:58.290+0000][0.009s][info][gc,init] Compressed Oops: Enabled (32-bit)
[2025-06-05T03:03:58.290+0000][0.009s][info][gc,init] Heap Region Size: 1M
[2025-06-05T03:03:58.290+0000][0.009s][info][gc,init] Heap Min Capacity: 8M
[2025-06-05T03:03:58.290+0000][0.009s][info][gc,init] Heap Initial Capacity: 62M
[2025-06-05T03:03:58.290+0000][0.009s][info][gc,init] Heap Max Capacity: 980M
[2025-06-05T03:03:58.290+0000][0.009s][info][gc,init] Pre-touch: Disabled
[2025-06-05T03:03:58.290+0000][0.009s][info][gc,init] Parallel Workers: 2
[2025-06-05T03:03:58.290+0000][0.009s][info][gc,init] Concurrent Workers: 1
[2025-06-05T03:03:58.290+0000][0.009s][info][gc,init] Concurrent Refinement Workers: 2
[2025-06-05T03:03:58.290+0000][0.009s][info][gc,init] Periodic GC: Disabled
[2025-06-05T03:03:58.319+0000][0.039s][info][gc,metaspace] CDS archive(s) mapped at: [0x0000000300000000-0x0000000300be0000-0x0000000300be0000), size 12451840, SharedBaseAddress: 0x0000000300000000, ArchiveRelocationMode: 1.
[2025-06-05T03:03:58.319+0000][0.039s][info][gc,metaspace] Compressed class space mapped at: 0x0000000301000000-0x0000000341000000, reserved size: 1073741824
[2025-06-05T03:03:58.319+0000][0.039s][info][gc,metaspace] Narrow klass base: 0x0000000300000000, Narrow klass shift: 0, Narrow klass range: 0x100000000
[2025-06-05T03:03:58.332+0000][0.051s][info][cds,heap    ] initialize_from_archived_subgraph java.lang.Module$ArchivedData 0x00000003001823a8 (early)
[2025-06-05T03:03:58.341+0000][0.061s][info][cds,heap    ] initialize_from_archived_subgraph java.util.ImmutableCollections 0x0000000300070d08 (early)
[2025-06-05T03:03:58.344+0000][0.063s][info][cds,heap    ] initialize_from_archived_subgraph java.lang.Integer$IntegerCache 0x0000000300036060 (early)
[2025-06-05T03:03:58.348+0000][0.068s][info][cds,heap    ] initialize_from_archived_subgraph java.lang.module.Configuration 0x0000000300170328 (early)
[2025-06-05T03:03:58.349+0000][0.068s][info][cds,heap    ] initialize_from_archived_subgraph java.lang.ModuleLayer 0x0000000300144760 (early)
[2025-06-05T03:03:58.350+0000][0.069s][info][cds,heap    ] initialize_from_archived_subgraph jdk.internal.loader.ArchivedClassLoaders 0x00000003001a6a10 (early)
[2025-06-05T03:03:58.350+0000][0.069s][info][cds,heap    ] initialize_from_archived_subgraph jdk.internal.module.ArchivedBootLayer 0x0000000300176f68 (early)
[2025-06-05T03:03:58.352+0000][0.071s][info][cds,heap    ] initialize_from_archived_subgraph sun.util.locale.BaseLocale 0x000000030026d798
[2025-06-05T03:03:58.359+0000][0.078s][info][cds,heap    ] initialize_from_archived_subgraph java.util.jar.Attributes$Name 0x0000000300198488
[2025-06-05T03:03:58.376+0000][0.095s][info][cds,heap    ] initialize_from_archived_subgraph java.lang.Long$LongCache 0x000000030001f998
[2025-06-05T03:03:58.422+0000][0.141s][info][cds,heap    ] initialize_from_archived_subgraph java.lang.Character$CharacterCache 0x00000003000393e8
[2025-06-05T03:03:58.472+0000][0.191s][debug][safepoint   ] Safepoint synchronization initiated using futex wait barrier. (12 threads)
[2025-06-05T03:03:58.472+0000][0.192s][info ][safepoint   ] Safepoint "ICBufferFull", Time since last: 140747458 ns, Reaching safepoint: 238209 ns, Cleanup: 56208 ns, At safepoint: 5792 ns, Total: 300209 ns
[2025-06-05T03:03:58.526+0000][0.245s][debug][safepoint   ] Safepoint synchronization initiated using futex wait barrier. (12 threads)
[2025-06-05T03:03:58.526+0000][0.245s][info ][gc,start    ] GC(0) Pause Young (Normal) (G1 Evacuation Pause)
[2025-06-05T03:03:58.526+0000][0.246s][info ][gc,task     ] GC(0) Using 2 workers of 2 for evacuation
[2025-06-05T03:03:58.531+0000][0.250s][info ][gc,phases   ] GC(0)   Pre Evacuate Collection Set: 0.1ms
[2025-06-05T03:03:58.531+0000][0.250s][info ][gc,phases   ] GC(0)   Merge Heap Roots: 0.2ms
[2025-06-05T03:03:58.531+0000][0.250s][info ][gc,phases   ] GC(0)   Evacuate Collection Set: 3.0ms
[2025-06-05T03:03:58.531+0000][0.250s][info ][gc,phases   ] GC(0)   Post Evacuate Collection Set: 0.5ms
[2025-06-05T03:03:58.531+0000][0.250s][info ][gc,phases   ] GC(0)   Other: 0.6ms
[2025-06-05T03:03:58.531+0000][0.250s][info ][gc,heap     ] GC(0) Eden regions: 18->0(22)
[2025-06-05T03:03:58.531+0000][0.250s][info ][gc,heap     ] GC(0) Survivor regions: 0->3(3)
[2025-06-05T03:03:58.531+0000][0.250s][info ][gc,heap     ] GC(0) Old regions: 0->1
[2025-06-05T03:03:58.531+0000][0.250s][info ][gc,heap     ] GC(0) Archive regions: 2->2
[2025-06-05T03:03:58.531+0000][0.250s][info ][gc,heap     ] GC(0) Humongous regions: 0->0
[2025-06-05T03:03:58.531+0000][0.250s][info ][gc,metaspace] GC(0) Metaspace: 1952K(2176K)->1952K(2176K) NonClass: 1746K(1856K)->1746K(1856K) Class: 205K(320K)->205K(320K)
[2025-06-05T03:03:58.531+0000][0.250s][info ][gc          ] GC(0) Pause Young (Normal) (G1 Evacuation Pause) 18M->4M(64M) 5.005ms
[2025-06-05T03:03:58.531+0000][0.250s][info ][gc,cpu      ] GC(0) User=0.00s Sys=0.00s Real=0.01s
[2025-06-05T03:03:58.531+0000][0.251s][info ][safepoint   ] Safepoint "G1CollectForAllocation", Time since last: 53578458 ns, Reaching safepoint: 157000 ns, Cleanup: 24583 ns, At safepoint: 5138084 ns, Total: 5319667 ns
[2025-06-05T03:03:58.661+0000][0.380s][debug][safepoint   ] Safepoint synchronization initiated using futex wait barrier. (12 threads)
[2025-06-05T03:03:58.661+0000][0.381s][info ][gc,start    ] GC(1) Pause Young (Normal) (G1 Evacuation Pause)
[2025-06-05T03:03:58.661+0000][0.381s][info ][gc,task     ] GC(1) Using 2 workers of 2 for evacuation
[2025-06-05T03:03:58.665+0000][0.384s][info ][gc,phases   ] GC(1)   Pre Evacuate Collection Set: 0.0ms
[2025-06-05T03:03:58.665+0000][0.385s][info ][gc,phases   ] GC(1)   Merge Heap Roots: 0.0ms
[2025-06-05T03:03:58.665+0000][0.385s][info ][gc,phases   ] GC(1)   Evacuate Collection Set: 3.3ms
[2025-06-05T03:03:58.665+0000][0.385s][info ][gc,phases   ] GC(1)   Post Evacuate Collection Set: 0.4ms
[2025-06-05T03:03:58.665+0000][0.385s][info ][gc,phases   ] GC(1)   Other: 0.2ms
[2025-06-05T03:03:58.665+0000][0.385s][info ][gc,heap     ] GC(1) Eden regions: 22->0(32)
[2025-06-05T03:03:58.665+0000][0.385s][info ][gc,heap     ] GC(1) Survivor regions: 3->3(4)
[2025-06-05T03:03:58.666+0000][0.385s][info ][gc,heap     ] GC(1) Old regions: 1->4
[2025-06-05T03:03:58.666+0000][0.385s][info ][gc,heap     ] GC(1) Archive regions: 2->2
[2025-06-05T03:03:58.666+0000][0.385s][info ][gc,heap     ] GC(1) Humongous regions: 0->0
[2025-06-05T03:03:58.666+0000][0.385s][info ][gc,metaspace] GC(1) Metaspace: 2102K(2368K)->2102K(2368K) NonClass: 1896K(2048K)->1896K(2048K) Class: 205K(320K)->205K(320K)
[2025-06-05T03:03:58.666+0000][0.385s][info ][gc          ] GC(1) Pause Young (Normal) (G1 Evacuation Pause) 26M->7M(64M) 4.342ms
[2025-06-05T03:03:58.666+0000][0.385s][info ][gc,cpu      ] GC(1) User=0.01s Sys=0.00s Real=0.00s
[2025-06-05T03:03:58.666+0000][0.385s][info ][safepoint   ] Safepoint "G1CollectForAllocation", Time since last: 129887708 ns, Reaching safepoint: 103459 ns, Cleanup: 31541 ns, At safepoint: 4425750 ns, Total: 4560750 ns
[2025-06-05T03:03:59.049+0000][0.769s][debug][safepoint   ] Safepoint synchronization initiated using futex wait barrier. (12 threads)
[2025-06-05T03:03:59.050+0000][0.770s][info ][safepoint   ] Safepoint "ICBufferFull", Time since last: 383785584 ns, Reaching safepoint: 549250 ns, Cleanup: 193166 ns, At safepoint: 7167 ns, Total: 749583 ns
[2025-06-05T03:03:59.106+0000][0.825s][debug][safepoint   ] Safepoint synchronization initiated using futex wait barrier. (12 threads)
[2025-06-05T03:03:59.106+0000][0.825s][info ][gc,start    ] GC(2) Pause Young (Normal) (G1 Evacuation Pause)
[2025-06-05T03:03:59.106+0000][0.825s][info ][gc,task     ] GC(2) Using 2 workers of 2 for evacuation
[2025-06-05T03:03:59.111+0000][0.830s][info ][gc,phases   ] GC(2)   Pre Evacuate Collection Set: 0.1ms
[2025-06-05T03:03:59.111+0000][0.830s][info ][gc,phases   ] GC(2)   Merge Heap Roots: 0.1ms
[2025-06-05T03:03:59.111+0000][0.830s][info ][gc,phases   ] GC(2)   Evacuate Collection Set: 3.8ms
[2025-06-05T03:03:59.111+0000][0.830s][info ][gc,phases   ] GC(2)   Post Evacuate Collection Set: 0.5ms
[2025-06-05T03:03:59.111+0000][0.830s][info ][gc,phases   ] GC(2)   Other: 0.2ms
[2025-06-05T03:03:59.111+0000][0.830s][info ][gc,heap     ] GC(2) Eden regions: 32->0(30)
[2025-06-05T03:03:59.111+0000][0.830s][info ][gc,heap     ] GC(2) Survivor regions: 3->3(5)
[2025-06-05T03:03:59.111+0000][0.830s][info ][gc,heap     ] GC(2) Old regions: 4->7
[2025-06-05T03:03:59.111+0000][0.830s][info ][gc,heap     ] GC(2) Archive regions: 2->2
[2025-06-05T03:03:59.111+0000][0.830s][info ][gc,heap     ] GC(2) Humongous regions: 0->0
[2025-06-05T03:03:59.111+0000][0.830s][info ][gc,metaspace] GC(2) Metaspace: 3059K(3328K)->3059K(3328K) NonClass: 2761K(2880K)->2761K(2880K) Class: 297K(448K)->297K(448K)
[2025-06-05T03:03:59.111+0000][0.830s][info ][gc          ] GC(2) Pause Young (Normal) (G1 Evacuation Pause) 39M->10M(64M) 5.083ms
[2025-06-05T03:03:59.111+0000][0.831s][info ][gc,cpu      ] GC(2) User=0.01s Sys=0.01s Real=0.01s
[2025-06-05T03:03:59.111+0000][0.831s][info ][safepoint   ] Safepoint "G1CollectForAllocation", Time since last: 55751125 ns, Reaching safepoint: 100917 ns, Cleanup: 21791 ns, At safepoint: 5181834 ns, Total: 5304542 ns
[2025-06-05T03:03:59.228+0000][0.947s][debug][safepoint   ] Safepoint synchronization initiated using futex wait barrier. (12 threads)
[2025-06-05T03:03:59.228+0000][0.948s][info ][gc,start    ] GC(3) Pause Young (Normal) (G1 Evacuation Pause)
[2025-06-05T03:03:59.228+0000][0.948s][info ][gc,task     ] GC(3) Using 2 workers of 2 for evacuation
[2025-06-05T03:03:59.231+0000][0.950s][info ][gc,phases   ] GC(3)   Pre Evacuate Collection Set: 0.1ms
[2025-06-05T03:03:59.231+0000][0.950s][info ][gc,phases   ] GC(3)   Merge Heap Roots: 0.0ms
[2025-06-05T03:03:59.231+0000][0.950s][info ][gc,phases   ] GC(3)   Evacuate Collection Set: 1.6ms
[2025-06-05T03:03:59.231+0000][0.950s][info ][gc,phases   ] GC(3)   Post Evacuate Collection Set: 0.4ms
[2025-06-05T03:03:59.231+0000][0.950s][info ][gc,phases   ] GC(3)   Other: 0.2ms
[2025-06-05T03:03:59.231+0000][0.950s][info ][gc,heap     ] GC(3) Eden regions: 30->0(33)
[2025-06-05T03:03:59.231+0000][0.950s][info ][gc,heap     ] GC(3) Survivor regions: 3->3(5)
[2025-06-05T03:03:59.231+0000][0.950s][info ][gc,heap     ] GC(3) Old regions: 7->7
[2025-06-05T03:03:59.231+0000][0.950s][info ][gc,heap     ] GC(3) Archive regions: 2->2
[2025-06-05T03:03:59.231+0000][0.950s][info ][gc,heap     ] GC(3) Humongous regions: 0->0
[2025-06-05T03:03:59.231+0000][0.950s][info ][gc,metaspace] GC(3) Metaspace: 4612K(4864K)->4612K(4864K) NonClass: 4083K(4224K)->4083K(4224K) Class: 529K(640K)->529K(640K)
[2025-06-05T03:03:59.231+0000][0.950s][info ][gc          ] GC(3) Pause Young (Normal) (G1 Evacuation Pause) 40M->10M(64M) 2.746ms
[2025-06-05T03:03:59.231+0000][0.950s][info ][gc,cpu      ] GC(3) User=0.00s Sys=0.00s Real=0.01s
[2025-06-05T03:03:59.231+0000][0.950s][info ][safepoint   ] Safepoint "G1CollectForAllocation", Time since last: 116805875 ns, Reaching safepoint: 128500 ns, Cleanup: 68416 ns, At safepoint: 2846417 ns, Total: 3043333 ns
[2025-06-05T03:03:59.343+0000][1.062s][debug][safepoint   ] Safepoint synchronization initiated using futex wait barrier. (13 threads)
[2025-06-05T03:03:59.343+0000][1.062s][info ][gc,start    ] GC(4) Pause Young (Normal) (G1 Evacuation Pause)
[2025-06-05T03:03:59.343+0000][1.062s][info ][gc,task     ] GC(4) Using 2 workers of 2 for evacuation
[2025-06-05T03:03:59.346+0000][1.066s][info ][gc,phases   ] GC(4)   Pre Evacuate Collection Set: 0.1ms
[2025-06-05T03:03:59.346+0000][1.066s][info ][gc,phases   ] GC(4)   Merge Heap Roots: 0.1ms
[2025-06-05T03:03:59.347+0000][1.066s][info ][gc,phases   ] GC(4)   Evacuate Collection Set: 2.5ms
[2025-06-05T03:03:59.347+0000][1.066s][info ][gc,phases   ] GC(4)   Post Evacuate Collection Set: 0.6ms
[2025-06-05T03:03:59.347+0000][1.066s][info ][gc,phases   ] GC(4)   Other: 0.1ms
[2025-06-05T03:03:59.347+0000][1.066s][info ][gc,heap     ] GC(4) Eden regions: 33->0(45)
[2025-06-05T03:03:59.347+0000][1.066s][info ][gc,heap     ] GC(4) Survivor regions: 3->1(5)
[2025-06-05T03:03:59.347+0000][1.066s][info ][gc,heap     ] GC(4) Old regions: 7->10
[2025-06-05T03:03:59.347+0000][1.066s][info ][gc,heap     ] GC(4) Archive regions: 2->2
[2025-06-05T03:03:59.347+0000][1.066s][info ][gc,heap     ] GC(4) Humongous regions: 0->0
[2025-06-05T03:03:59.347+0000][1.066s][info ][gc,metaspace] GC(4) Metaspace: 5830K(6080K)->5830K(6080K) NonClass: 5106K(5248K)->5106K(5248K) Class: 723K(832K)->723K(832K)
[2025-06-05T03:03:59.347+0000][1.066s][info ][gc          ] GC(4) Pause Young (Normal) (G1 Evacuation Pause) 43M->11M(77M) 4.015ms
[2025-06-05T03:03:59.347+0000][1.066s][info ][gc,cpu      ] GC(4) User=0.01s Sys=0.00s Real=0.00s
[2025-06-05T03:03:59.347+0000][1.066s][info ][safepoint   ] Safepoint "G1CollectForAllocation", Time since last: 111619709 ns, Reaching safepoint: 118958 ns, Cleanup: 102333 ns, At safepoint: 4121500 ns, Total: 4342791 ns
[2025-06-05T03:03:59.533+0000][1.252s][debug][safepoint   ] Safepoint synchronization initiated using futex wait barrier. (13 threads)
[2025-06-05T03:03:59.533+0000][1.252s][info ][safepoint   ] Safepoint "ICBufferFull", Time since last: 185904417 ns, Reaching safepoint: 122458 ns, Cleanup: 43334 ns, At safepoint: 2125 ns, Total: 167917 ns
[2025-06-05T03:03:59.601+0000][1.320s][debug][safepoint   ] Safepoint synchronization initiated using futex wait barrier. (13 threads)
[2025-06-05T03:03:59.601+0000][1.321s][info ][gc,start    ] GC(5) Pause Young (Normal) (G1 Evacuation Pause)
[2025-06-05T03:03:59.601+0000][1.321s][info ][gc,task     ] GC(5) Using 2 workers of 2 for evacuation
[2025-06-05T03:03:59.604+0000][1.323s][info ][gc,phases   ] GC(5)   Pre Evacuate Collection Set: 0.1ms
[2025-06-05T03:03:59.604+0000][1.323s][info ][gc,phases   ] GC(5)   Merge Heap Roots: 0.1ms
[2025-06-05T03:03:59.604+0000][1.323s][info ][gc,phases   ] GC(5)   Evacuate Collection Set: 1.9ms
[2025-06-05T03:03:59.604+0000][1.323s][info ][gc,phases   ] GC(5)   Post Evacuate Collection Set: 0.4ms
[2025-06-05T03:03:59.604+0000][1.323s][info ][gc,phases   ] GC(5)   Other: 0.2ms
[2025-06-05T03:03:59.604+0000][1.323s][info ][gc,heap     ] GC(5) Eden regions: 45->0(43)
[2025-06-05T03:03:59.604+0000][1.323s][info ][gc,heap     ] GC(5) Survivor regions: 1->3(6)
[2025-06-05T03:03:59.604+0000][1.323s][info ][gc,heap     ] GC(5) Old regions: 10->10
[2025-06-05T03:03:59.604+0000][1.324s][info ][gc,heap     ] GC(5) Archive regions: 2->2
[2025-06-05T03:03:59.604+0000][1.324s][info ][gc,heap     ] GC(5) Humongous regions: 0->0
[2025-06-05T03:03:59.604+0000][1.324s][info ][gc,metaspace] GC(5) Metaspace: 8110K(8384K)->8110K(8384K) NonClass: 7086K(7232K)->7086K(7232K) Class: 1023K(1152K)->1023K(1152K)
[2025-06-05T03:03:59.604+0000][1.324s][info ][gc          ] GC(5) Pause Young (Normal) (G1 Evacuation Pause) 56M->12M(77M) 3.068ms
[2025-06-05T03:03:59.604+0000][1.324s][info ][gc,cpu      ] GC(5) User=0.01s Sys=0.00s Real=0.00s
[2025-06-05T03:03:59.604+0000][1.324s][info ][safepoint   ] Safepoint "G1CollectForAllocation", Time since last: 67933583 ns, Reaching safepoint: 125000 ns, Cleanup: 39667 ns, At safepoint: 3192000 ns, Total: 3356667 ns
[2025-06-05T03:03:59.750+0000][1.469s][debug][safepoint   ] Safepoint synchronization initiated using futex wait barrier. (13 threads)
[2025-06-05T03:03:59.750+0000][1.469s][info ][gc,start    ] GC(6) Pause Young (Normal) (G1 Evacuation Pause)
[2025-06-05T03:03:59.750+0000][1.469s][info ][gc,task     ] GC(6) Using 2 workers of 2 for evacuation
[2025-06-05T03:03:59.753+0000][1.472s][info ][gc,phases   ] GC(6)   Pre Evacuate Collection Set: 0.1ms
[2025-06-05T03:03:59.753+0000][1.473s][info ][gc,phases   ] GC(6)   Merge Heap Roots: 0.1ms
[2025-06-05T03:03:59.753+0000][1.473s][info ][gc,phases   ] GC(6)   Evacuate Collection Set: 2.3ms
[2025-06-05T03:03:59.753+0000][1.473s][info ][gc,phases   ] GC(6)   Post Evacuate Collection Set: 0.5ms
[2025-06-05T03:03:59.754+0000][1.473s][info ][gc,phases   ] GC(6)   Other: 0.2ms
[2025-06-05T03:03:59.754+0000][1.473s][info ][gc,heap     ] GC(6) Eden regions: 43->0(42)
[2025-06-05T03:03:59.754+0000][1.473s][info ][gc,heap     ] GC(6) Survivor regions: 3->4(6)
[2025-06-05T03:03:59.754+0000][1.473s][info ][gc,heap     ] GC(6) Old regions: 10->10
[2025-06-05T03:03:59.754+0000][1.473s][info ][gc,heap     ] GC(6) Archive regions: 2->2
[2025-06-05T03:03:59.754+0000][1.473s][info ][gc,heap     ] GC(6) Humongous regions: 0->0
[2025-06-05T03:03:59.754+0000][1.473s][info ][gc,metaspace] GC(6) Metaspace: 10371K(10624K)->10371K(10624K) NonClass: 9029K(9152K)->9029K(9152K) Class: 1342K(1472K)->1342K(1472K)
[2025-06-05T03:03:59.754+0000][1.473s][info ][gc          ] GC(6) Pause Young (Normal) (G1 Evacuation Pause) 55M->13M(77M) 3.676ms
[2025-06-05T03:03:59.754+0000][1.473s][info ][gc,cpu      ] GC(6) User=0.01s Sys=0.00s Real=0.00s
[2025-06-05T03:03:59.754+0000][1.473s][info ][safepoint   ] Safepoint "G1CollectForAllocation", Time since last: 145499750 ns, Reaching safepoint: 135333 ns, Cleanup: 36667 ns, At safepoint: 3787875 ns, Total: 3959875 ns
[2025-06-05T03:03:59.874+0000][1.593s][debug][safepoint   ] Safepoint synchronization initiated using futex wait barrier. (13 threads)
[2025-06-05T03:03:59.874+0000][1.593s][info ][gc,start    ] GC(7) Pause Young (Normal) (G1 Evacuation Pause)
[2025-06-05T03:03:59.874+0000][1.593s][info ][gc,task     ] GC(7) Using 2 workers of 2 for evacuation
[2025-06-05T03:03:59.877+0000][1.596s][info ][gc,phases   ] GC(7)   Pre Evacuate Collection Set: 0.1ms
[2025-06-05T03:03:59.877+0000][1.596s][info ][gc,phases   ] GC(7)   Merge Heap Roots: 0.0ms
[2025-06-05T03:03:59.877+0000][1.596s][info ][gc,phases   ] GC(7)   Evacuate Collection Set: 2.2ms
[2025-06-05T03:03:59.877+0000][1.596s][info ][gc,phases   ] GC(7)   Post Evacuate Collection Set: 0.4ms
[2025-06-05T03:03:59.877+0000][1.596s][info ][gc,phases   ] GC(7)   Other: 0.2ms
[2025-06-05T03:03:59.877+0000][1.596s][info ][gc,heap     ] GC(7) Eden regions: 42->0(42)
[2025-06-05T03:03:59.877+0000][1.596s][info ][gc,heap     ] GC(7) Survivor regions: 4->4(6)
[2025-06-05T03:03:59.877+0000][1.596s][info ][gc,heap     ] GC(7) Old regions: 10->10
[2025-06-05T03:03:59.877+0000][1.596s][info ][gc,heap     ] GC(7) Archive regions: 2->2
[2025-06-05T03:03:59.877+0000][1.596s][info ][gc,heap     ] GC(7) Humongous regions: 0->0
[2025-06-05T03:03:59.877+0000][1.596s][info ][gc,metaspace] GC(7) Metaspace: 11256K(11520K)->11256K(11520K) NonClass: 9778K(9920K)->9778K(9920K) Class: 1478K(1600K)->1478K(1600K)
[2025-06-05T03:03:59.877+0000][1.597s][info ][gc          ] GC(7) Pause Young (Normal) (G1 Evacuation Pause) 55M->13M(77M) 3.216ms
[2025-06-05T03:03:59.877+0000][1.597s][info ][gc,cpu      ] GC(7) User=0.01s Sys=0.00s Real=0.00s
[2025-06-05T03:03:59.877+0000][1.597s][info ][safepoint   ] Safepoint "G1CollectForAllocation", Time since last: 119940875 ns, Reaching safepoint: 118833 ns, Cleanup: 24458 ns, At safepoint: 3308875 ns, Total: 3452166 ns
[2025-06-05T03:04:00.006+0000][1.725s][debug][safepoint   ] Safepoint synchronization initiated using futex wait barrier. (13 threads)
[2025-06-05T03:04:00.006+0000][1.725s][info ][safepoint   ] Safepoint "ICBufferFull", Time since last: 128478126 ns, Reaching safepoint: 266666 ns, Cleanup: 48750 ns, At safepoint: 6500 ns, Total: 321916 ns
[2025-06-05T03:04:00.108+0000][1.827s][debug][safepoint   ] Safepoint synchronization initiated using futex wait barrier. (13 threads)
[2025-06-05T03:04:00.108+0000][1.827s][info ][safepoint   ] Safepoint "ICBufferFull", Time since last: 101823250 ns, Reaching safepoint: 134542 ns, Cleanup: 60792 ns, At safepoint: 1416 ns, Total: 196750 ns
[2025-06-05T03:04:00.122+0000][1.841s][debug][safepoint   ] Safepoint synchronization initiated using futex wait barrier. (13 threads)
[2025-06-05T03:04:00.124+0000][1.843s][info ][safepoint   ] Safepoint "ICBufferFull", Time since last: 13516042 ns, Reaching safepoint: 1866542 ns, Cleanup: 62291 ns, At safepoint: 6292 ns, Total: 1935125 ns
[2025-06-05T03:04:00.207+0000][1.927s][debug][safepoint   ] Safepoint synchronization initiated using futex wait barrier. (14 threads)
[2025-06-05T03:04:00.208+0000][1.928s][info ][safepoint   ] Safepoint "ICBufferFull", Time since last: 83681333 ns, Reaching safepoint: 1036792 ns, Cleanup: 56333 ns, At safepoint: 5834 ns, Total: 1098959 ns
[2025-06-05T03:04:00.224+0000][1.943s][debug][safepoint   ] Safepoint synchronization initiated using futex wait barrier. (14 threads)
[2025-06-05T03:04:00.224+0000][1.943s][info ][gc,start    ] GC(8) Pause Young (Normal) (G1 Evacuation Pause)
[2025-06-05T03:04:00.224+0000][1.943s][info ][gc,task     ] GC(8) Using 2 workers of 2 for evacuation
[2025-06-05T03:04:00.230+0000][1.949s][info ][gc,phases   ] GC(8)   Pre Evacuate Collection Set: 0.1ms
[2025-06-05T03:04:00.230+0000][1.949s][info ][gc,phases   ] GC(8)   Merge Heap Roots: 0.1ms
[2025-06-05T03:04:00.230+0000][1.949s][info ][gc,phases   ] GC(8)   Evacuate Collection Set: 3.7ms
[2025-06-05T03:04:00.230+0000][1.949s][info ][gc,phases   ] GC(8)   Post Evacuate Collection Set: 1.4ms
[2025-06-05T03:04:00.230+0000][1.949s][info ][gc,phases   ] GC(8)   Other: 0.2ms
[2025-06-05T03:04:00.230+0000][1.949s][info ][gc,heap     ] GC(8) Eden regions: 42->0(41)
[2025-06-05T03:04:00.230+0000][1.950s][info ][gc,heap     ] GC(8) Survivor regions: 4->5(6)
[2025-06-05T03:04:00.230+0000][1.950s][info ][gc,heap     ] GC(8) Old regions: 10->10
[2025-06-05T03:04:00.230+0000][1.950s][info ][gc,heap     ] GC(8) Archive regions: 2->2
[2025-06-05T03:04:00.230+0000][1.950s][info ][gc,heap     ] GC(8) Humongous regions: 0->0
[2025-06-05T03:04:00.231+0000][1.950s][info ][gc,metaspace] GC(8) Metaspace: 13091K(13376K)->13091K(13376K) NonClass: 11408K(11584K)->11408K(11584K) Class: 1683K(1792K)->1683K(1792K)
[2025-06-05T03:04:00.231+0000][1.950s][info ][gc          ] GC(8) Pause Young (Normal) (G1 Evacuation Pause) 55M->15M(77M) 6.559ms
[2025-06-05T03:04:00.231+0000][1.950s][info ][gc,cpu      ] GC(8) User=0.01s Sys=0.00s Real=0.01s
[2025-06-05T03:04:00.231+0000][1.950s][info ][safepoint   ] Safepoint "G1CollectForAllocation", Time since last: 15367416 ns, Reaching safepoint: 276834 ns, Cleanup: 11041 ns, At safepoint: 6751250 ns, Total: 7039125 ns
[2025-06-05T03:04:00.397+0000][2.116s][debug][safepoint   ] Safepoint synchronization initiated using futex wait barrier. (14 threads)
[2025-06-05T03:04:00.397+0000][2.117s][info ][gc,start    ] GC(9) Pause Young (Normal) (G1 Evacuation Pause)
[2025-06-05T03:04:00.397+0000][2.117s][info ][gc,task     ] GC(9) Using 2 workers of 2 for evacuation
[2025-06-05T03:04:00.406+0000][2.125s][info ][gc,phases   ] GC(9)   Pre Evacuate Collection Set: 0.1ms
[2025-06-05T03:04:00.406+0000][2.126s][info ][gc,phases   ] GC(9)   Merge Heap Roots: 0.1ms
[2025-06-05T03:04:00.406+0000][2.126s][info ][gc,phases   ] GC(9)   Evacuate Collection Set: 6.9ms
[2025-06-05T03:04:00.406+0000][2.126s][info ][gc,phases   ] GC(9)   Post Evacuate Collection Set: 1.7ms
[2025-06-05T03:04:00.406+0000][2.126s][info ][gc,phases   ] GC(9)   Other: 0.2ms
[2025-06-05T03:04:00.407+0000][2.126s][info ][gc,heap     ] GC(9) Eden regions: 41->0(52)
[2025-06-05T03:04:00.407+0000][2.126s][info ][gc,heap     ] GC(9) Survivor regions: 5->3(6)
[2025-06-05T03:04:00.407+0000][2.126s][info ][gc,heap     ] GC(9) Old regions: 10->13
[2025-06-05T03:04:00.407+0000][2.126s][info ][gc,heap     ] GC(9) Archive regions: 2->2
[2025-06-05T03:04:00.407+0000][2.126s][info ][gc,heap     ] GC(9) Humongous regions: 0->0
[2025-06-05T03:04:00.407+0000][2.126s][info ][gc,metaspace] GC(9) Metaspace: 14480K(14784K)->14480K(14784K) NonClass: 12608K(12736K)->12608K(12736K) Class: 1871K(2048K)->1871K(2048K)
[2025-06-05T03:04:00.407+0000][2.126s][info ][gc          ] GC(9) Pause Young (Normal) (G1 Evacuation Pause) 56M->15M(93M) 9.350ms
[2025-06-05T03:04:00.407+0000][2.126s][info ][gc,cpu      ] GC(9) User=0.01s Sys=0.01s Real=0.01s
[2025-06-05T03:04:00.407+0000][2.126s][info ][safepoint   ] Safepoint "G1CollectForAllocation", Time since last: 166171042 ns, Reaching safepoint: 368542 ns, Cleanup: 30041 ns, At safepoint: 9451250 ns, Total: 9849833 ns
[2025-06-05T03:04:00.534+0000][2.253s][info ][cds,heap    ] initialize_from_archived_subgraph java.lang.Byte$ByteCache 0x00000003000395f8
[2025-06-05T03:04:00.534+0000][2.253s][info ][cds,heap    ] initialize_from_archived_subgraph java.lang.Short$ShortCache 0x000000030003fce8
[2025-06-05T03:04:00.535+0000][2.254s][debug][safepoint   ] Safepoint synchronization initiated using futex wait barrier. (14 threads)
[2025-06-05T03:04:00.535+0000][2.254s][info ][gc,start    ] GC(10) Pause Young (Normal) (G1 Evacuation Pause)
[2025-06-05T03:04:00.535+0000][2.254s][info ][gc,task     ] GC(10) Using 2 workers of 2 for evacuation
[2025-06-05T03:04:00.538+0000][2.257s][info ][gc,phases   ] GC(10)   Pre Evacuate Collection Set: 0.1ms
[2025-06-05T03:04:00.538+0000][2.258s][info ][gc,phases   ] GC(10)   Merge Heap Roots: 0.1ms
[2025-06-05T03:04:00.538+0000][2.258s][info ][gc,phases   ] GC(10)   Evacuate Collection Set: 2.7ms
[2025-06-05T03:04:00.538+0000][2.258s][info ][gc,phases   ] GC(10)   Post Evacuate Collection Set: 0.3ms
[2025-06-05T03:04:00.538+0000][2.258s][info ][gc,phases   ] GC(10)   Other: 0.1ms
[2025-06-05T03:04:00.538+0000][2.258s][info ][gc,heap     ] GC(10) Eden regions: 52->0(51)
[2025-06-05T03:04:00.538+0000][2.258s][info ][gc,heap     ] GC(10) Survivor regions: 3->4(7)
[2025-06-05T03:04:00.538+0000][2.258s][info ][gc,heap     ] GC(10) Old regions: 13->13
[2025-06-05T03:04:00.538+0000][2.258s][info ][gc,heap     ] GC(10) Archive regions: 2->2
[2025-06-05T03:04:00.539+0000][2.258s][info ][gc,heap     ] GC(10) Humongous regions: 0->0
[2025-06-05T03:04:00.539+0000][2.258s][info ][gc,metaspace] GC(10) Metaspace: 15897K(16256K)->15897K(16256K) NonClass: 13757K(13952K)->13757K(13952K) Class: 2140K(2304K)->2140K(2304K)
[2025-06-05T03:04:00.539+0000][2.258s][info ][gc          ] GC(10) Pause Young (Normal) (G1 Evacuation Pause) 67M->16M(93M) 3.706ms
[2025-06-05T03:04:00.539+0000][2.258s][info ][gc,cpu      ] GC(10) User=0.00s Sys=0.00s Real=0.00s
[2025-06-05T03:04:00.539+0000][2.258s][info ][safepoint   ] Safepoint "G1CollectForAllocation", Time since last: 127764459 ns, Reaching safepoint: 260625 ns, Cleanup: 39958 ns, At safepoint: 3814375 ns, Total: 4114958 ns
[2025-06-05T03:04:00.694+0000][2.413s][debug][safepoint   ] Safepoint synchronization initiated using futex wait barrier. (14 threads)
[2025-06-05T03:04:00.694+0000][2.414s][info ][gc,start    ] GC(11) Pause Young (Normal) (G1 Evacuation Pause)
[2025-06-05T03:04:00.695+0000][2.414s][info ][gc,task     ] GC(11) Using 2 workers of 2 for evacuation
[2025-06-05T03:04:00.705+0000][2.424s][info ][gc,phases   ] GC(11)   Pre Evacuate Collection Set: 0.1ms
[2025-06-05T03:04:00.705+0000][2.425s][info ][gc,phases   ] GC(11)   Merge Heap Roots: 0.1ms
[2025-06-05T03:04:00.705+0000][2.425s][info ][gc,phases   ] GC(11)   Evacuate Collection Set: 8.5ms
[2025-06-05T03:04:00.705+0000][2.425s][info ][gc,phases   ] GC(11)   Post Evacuate Collection Set: 1.4ms
[2025-06-05T03:04:00.706+0000][2.425s][info ][gc,phases   ] GC(11)   Other: 0.3ms
[2025-06-05T03:04:00.706+0000][2.425s][info ][gc,heap     ] GC(11) Eden regions: 51->0(49)
[2025-06-05T03:04:00.706+0000][2.425s][info ][gc,heap     ] GC(11) Survivor regions: 4->6(7)
[2025-06-05T03:04:00.706+0000][2.425s][info ][gc,heap     ] GC(11) Old regions: 13->13
[2025-06-05T03:04:00.706+0000][2.425s][info ][gc,heap     ] GC(11) Archive regions: 2->2
[2025-06-05T03:04:00.706+0000][2.425s][info ][gc,heap     ] GC(11) Humongous regions: 0->0
[2025-06-05T03:04:00.706+0000][2.425s][info ][gc,metaspace] GC(11) Metaspace: 17000K(17280K)->17000K(17280K) NonClass: 14690K(14848K)->14690K(14848K) Class: 2310K(2432K)->2310K(2432K)
[2025-06-05T03:04:00.706+0000][2.425s][info ][gc          ] GC(11) Pause Young (Normal) (G1 Evacuation Pause) 67M->18M(93M) 11.633ms
[2025-06-05T03:04:00.706+0000][2.425s][info ][gc,cpu      ] GC(11) User=0.02s Sys=0.00s Real=0.01s
[2025-06-05T03:04:00.706+0000][2.426s][info ][safepoint   ] Safepoint "G1CollectForAllocation", Time since last: 154836125 ns, Reaching safepoint: 875375 ns, Cleanup: 78750 ns, At safepoint: 11946917 ns, Total: 12901042 ns
[2025-06-05T03:04:00.843+0000][2.562s][debug][safepoint   ] Safepoint synchronization initiated using futex wait barrier. (14 threads)
[2025-06-05T03:04:00.845+0000][2.564s][info ][gc,start    ] GC(12) Pause Young (Normal) (G1 Evacuation Pause)
[2025-06-05T03:04:00.845+0000][2.564s][info ][gc,task     ] GC(12) Using 2 workers of 2 for evacuation
[2025-06-05T03:04:00.891+0000][2.610s][info ][gc,phases   ] GC(12)   Pre Evacuate Collection Set: 0.1ms
[2025-06-05T03:04:00.891+0000][2.611s][info ][gc,phases   ] GC(12)   Merge Heap Roots: 0.0ms
[2025-06-05T03:04:00.891+0000][2.611s][info ][gc,phases   ] GC(12)   Evacuate Collection Set: 45.6ms
[2025-06-05T03:04:00.891+0000][2.611s][info ][gc,phases   ] GC(12)   Post Evacuate Collection Set: 0.7ms
[2025-06-05T03:04:00.892+0000][2.611s][info ][gc,phases   ] GC(12)   Other: 0.2ms
[2025-06-05T03:04:00.892+0000][2.611s][info ][gc,heap     ] GC(12) Eden regions: 49->0(50)
[2025-06-05T03:04:00.892+0000][2.611s][info ][gc,heap     ] GC(12) Survivor regions: 6->5(7)
[2025-06-05T03:04:00.892+0000][2.611s][info ][gc,heap     ] GC(12) Old regions: 13->15
[2025-06-05T03:04:00.892+0000][2.611s][info ][gc,heap     ] GC(12) Archive regions: 2->2
[2025-06-05T03:04:00.892+0000][2.611s][info ][gc,heap     ] GC(12) Humongous regions: 0->0
[2025-06-05T03:04:00.892+0000][2.611s][info ][gc,metaspace] GC(12) Metaspace: 19636K(19904K)->19636K(19904K) NonClass: 17058K(17216K)->17058K(17216K) Class: 2578K(2688K)->2578K(2688K)
[2025-06-05T03:04:00.892+0000][2.611s][info ][gc          ] GC(12) Pause Young (Normal) (G1 Evacuation Pause) 67M->19M(93M) 47.370ms
[2025-06-05T03:04:00.892+0000][2.611s][info ][gc,cpu      ] GC(12) User=0.01s Sys=0.00s Real=0.05s
[2025-06-05T03:04:00.892+0000][2.611s][info ][safepoint   ] Safepoint "G1CollectForAllocation", Time since last: 136811042 ns, Reaching safepoint: 1271625 ns, Cleanup: 50000 ns, At safepoint: 47540958 ns, Total: 48862583 ns
[2025-06-05T03:04:01.015+0000][2.734s][debug][safepoint   ] Safepoint synchronization initiated using futex wait barrier. (14 threads)
[2025-06-05T03:04:01.015+0000][2.734s][info ][gc,start    ] GC(13) Pause Young (Concurrent Start) (Metadata GC Threshold)
[2025-06-05T03:04:01.015+0000][2.734s][info ][gc,task     ] GC(13) Using 2 workers of 2 for evacuation
[2025-06-05T03:04:01.022+0000][2.741s][info ][gc,phases   ] GC(13)   Pre Evacuate Collection Set: 0.1ms
[2025-06-05T03:04:01.022+0000][2.741s][info ][gc,phases   ] GC(13)   Merge Heap Roots: 0.1ms
[2025-06-05T03:04:01.022+0000][2.741s][info ][gc,phases   ] GC(13)   Evacuate Collection Set: 4.2ms
[2025-06-05T03:04:01.022+0000][2.741s][info ][gc,phases   ] GC(13)   Post Evacuate Collection Set: 2.5ms
[2025-06-05T03:04:01.022+0000][2.742s][info ][gc,phases   ] GC(13)   Other: 0.3ms
[2025-06-05T03:04:01.022+0000][2.742s][info ][gc,heap     ] GC(13) Eden regions: 33->0(108)
[2025-06-05T03:04:01.022+0000][2.742s][info ][gc,heap     ] GC(13) Survivor regions: 5->3(7)
[2025-06-05T03:04:01.023+0000][2.742s][info ][gc,heap     ] GC(13) Old regions: 15->18
[2025-06-05T03:04:01.023+0000][2.742s][info ][gc,heap     ] GC(13) Archive regions: 2->2
[2025-06-05T03:04:01.023+0000][2.742s][info ][gc,heap     ] GC(13) Humongous regions: 0->0
[2025-06-05T03:04:01.023+0000][2.742s][info ][gc,metaspace] GC(13) Metaspace: 21123K(21504K)->21123K(21504K) NonClass: 18387K(18560K)->18387K(18560K) Class: 2735K(2944K)->2735K(2944K)
[2025-06-05T03:04:01.023+0000][2.742s][info ][gc          ] GC(13) Pause Young (Concurrent Start) (Metadata GC Threshold) 52M->21M(186M) 7.874ms
[2025-06-05T03:04:01.023+0000][2.742s][info ][gc,cpu      ] GC(13) User=0.01s Sys=0.00s Real=0.01s
[2025-06-05T03:04:01.023+0000][2.742s][info ][safepoint   ] Safepoint "CollectForMetadataAllocation", Time since last: 122485500 ns, Reaching safepoint: 168792 ns, Cleanup: 41541 ns, At safepoint: 8031875 ns, Total: 8242208 ns
[2025-06-05T03:04:01.023+0000][2.742s][info ][gc          ] GC(14) Concurrent Mark Cycle
[2025-06-05T03:04:01.023+0000][2.743s][info ][gc,marking  ] GC(14) Concurrent Clear Claimed Marks
[2025-06-05T03:04:01.023+0000][2.743s][debug][safepoint   ] Safepoint synchronization initiated using futex wait barrier. (14 threads)
[2025-06-05T03:04:01.024+0000][2.743s][info ][gc,marking  ] GC(14) Concurrent Clear Claimed Marks 0.331ms
[2025-06-05T03:04:01.024+0000][2.743s][info ][gc,marking  ] GC(14) Concurrent Scan Root Regions
[2025-06-05T03:04:01.024+0000][2.744s][info ][safepoint   ] Safepoint "CollectForMetadataAllocation", Time since last: 400417 ns, Reaching safepoint: 1108458 ns, Cleanup: 4750 ns, At safepoint: 23292 ns, Total: 1136500 ns
[2025-06-05T03:04:01.027+0000][2.746s][info ][gc,marking  ] GC(14) Concurrent Scan Root Regions 2.514ms
[2025-06-05T03:04:01.031+0000][2.750s][info ][gc,marking  ] GC(14) Concurrent Mark
[2025-06-05T03:04:01.032+0000][2.751s][info ][gc,marking  ] GC(14) Concurrent Mark From Roots
[2025-06-05T03:04:01.032+0000][2.751s][info ][gc,task     ] GC(14) Using 1 workers of 1 for marking
[2025-06-05T03:04:01.187+0000][2.906s][debug][safepoint   ] Safepoint synchronization initiated using futex wait barrier. (14 threads)
[2025-06-05T03:04:01.189+0000][2.908s][info ][safepoint   ] Safepoint "CollectForMetadataAllocation", Time since last: 162433375 ns, Reaching safepoint: 2129125 ns, Cleanup: 51625 ns, At safepoint: 78875 ns, Total: 2259625 ns
[2025-06-05T03:04:01.190+0000][2.909s][debug][safepoint   ] Safepoint synchronization initiated using futex wait barrier. (14 threads)
[2025-06-05T03:04:01.190+0000][2.910s][info ][safepoint   ] Safepoint "CollectForMetadataAllocation", Time since last: 444083 ns, Reaching safepoint: 870584 ns, Cleanup: 5250 ns, At safepoint: 21666 ns, Total: 897500 ns
[2025-06-05T03:04:01.200+0000][2.920s][info ][gc,marking  ] GC(14) Concurrent Mark From Roots 168.596ms
[2025-06-05T03:04:01.201+0000][2.920s][info ][gc,marking  ] GC(14) Concurrent Preclean
[2025-06-05T03:04:01.201+0000][2.920s][info ][gc,marking  ] GC(14) Concurrent Preclean 0.389ms
[2025-06-05T03:04:01.202+0000][2.922s][debug][safepoint   ] Safepoint synchronization initiated using futex wait barrier. (14 threads)
[2025-06-05T03:04:01.203+0000][2.923s][info ][gc,start    ] GC(14) Pause Remark
[2025-06-05T03:04:01.208+0000][2.928s][info ][gc          ] GC(14) Pause Remark 28M->28M(100M) 4.956ms
[2025-06-05T03:04:01.209+0000][2.928s][info ][gc,cpu      ] GC(14) User=0.01s Sys=0.00s Real=0.00s
[2025-06-05T03:04:01.209+0000][2.929s][info ][safepoint   ] Safepoint "G1PauseRemark", Time since last: 12013792 ns, Reaching safepoint: 1044833 ns, Cleanup: 16084 ns, At safepoint: 5839916 ns, Total: 6900833 ns
[2025-06-05T03:04:01.210+0000][2.930s][info ][gc,marking  ] GC(14) Concurrent Mark 179.253ms
[2025-06-05T03:04:01.211+0000][2.930s][info ][gc,marking  ] GC(14) Concurrent Rebuild Remembered Sets
[2025-06-05T03:04:01.222+0000][2.941s][info ][gc,marking  ] GC(14) Concurrent Rebuild Remembered Sets 10.471ms
[2025-06-05T03:04:01.223+0000][2.942s][debug][safepoint   ] Safepoint synchronization initiated using futex wait barrier. (14 threads)
[2025-06-05T03:04:01.225+0000][2.944s][info ][gc,start    ] GC(14) Pause Cleanup
[2025-06-05T03:04:01.225+0000][2.944s][info ][gc          ] GC(14) Pause Cleanup 32M->32M(100M) 0.559ms
[2025-06-05T03:04:01.225+0000][2.945s][info ][gc,cpu      ] GC(14) User=0.00s Sys=0.00s Real=0.00s
[2025-06-05T03:04:01.225+0000][2.945s][info ][safepoint   ] Safepoint "G1PauseCleanup", Time since last: 13898792 ns, Reaching safepoint: 1144250 ns, Cleanup: 161167 ns, At safepoint: 944125 ns, Total: 2249542 ns
[2025-06-05T03:04:01.227+0000][2.946s][info ][gc,marking  ] GC(14) Concurrent Cleanup for Next Mark
[2025-06-05T03:04:01.229+0000][2.948s][info ][gc,marking  ] GC(14) Concurrent Cleanup for Next Mark 2.460ms
[2025-06-05T03:04:01.229+0000][2.949s][info ][gc          ] GC(14) Concurrent Mark Cycle 206.396ms
[2025-06-05T03:04:01.337+0000][3.056s][debug][safepoint   ] Safepoint synchronization initiated using futex wait barrier. (14 threads)
[2025-06-05T03:04:01.337+0000][3.057s][debug][safepoint   ] ... found polling page loop exception at pc = 0x0000ffff68f44f44, stub =0x0000ffff6897ef00
[2025-06-05T03:04:01.339+0000][3.058s][info ][safepoint   ] Safepoint "ICBufferFull", Time since last: 111751750 ns, Reaching safepoint: 1278125 ns, Cleanup: 59625 ns, At safepoint: 7833 ns, Total: 1345583 ns
[2025-06-05T03:04:01.398+0000][3.118s][debug][safepoint   ] Safepoint synchronization initiated using futex wait barrier. (14 threads)
[2025-06-05T03:04:01.400+0000][3.119s][info ][gc,start    ] GC(15) Pause Young (Concurrent Start) (G1 Evacuation Pause)
[2025-06-05T03:04:01.400+0000][3.119s][info ][gc,task     ] GC(15) Using 2 workers of 2 for evacuation
[2025-06-05T03:04:01.405+0000][3.124s][info ][gc,phases   ] GC(15)   Pre Evacuate Collection Set: 0.1ms
[2025-06-05T03:04:01.405+0000][3.125s][info ][gc,phases   ] GC(15)   Merge Heap Roots: 0.1ms
[2025-06-05T03:04:01.405+0000][3.125s][info ][gc,phases   ] GC(15)   Evacuate Collection Set: 4.5ms
[2025-06-05T03:04:01.405+0000][3.125s][info ][gc,phases   ] GC(15)   Post Evacuate Collection Set: 0.7ms
[2025-06-05T03:04:01.405+0000][3.125s][info ][gc,phases   ] GC(15)   Other: 0.3ms
[2025-06-05T03:04:01.406+0000][3.125s][info ][gc,heap     ] GC(15) Eden regions: 57->0(54)
[2025-06-05T03:04:01.406+0000][3.125s][info ][gc,heap     ] GC(15) Survivor regions: 3->6(8)
[2025-06-05T03:04:01.406+0000][3.125s][info ][gc,heap     ] GC(15) Old regions: 18->18
[2025-06-05T03:04:01.406+0000][3.125s][info ][gc,heap     ] GC(15) Archive regions: 2->2
[2025-06-05T03:04:01.406+0000][3.125s][info ][gc,heap     ] GC(15) Humongous regions: 0->0
[2025-06-05T03:04:01.406+0000][3.125s][info ][gc,metaspace] GC(15) Metaspace: 23300K(23616K)->23300K(23616K) NonClass: 20254K(20416K)->20254K(20416K) Class: 3046K(3200K)->3046K(3200K)
[2025-06-05T03:04:01.406+0000][3.125s][info ][gc          ] GC(15) Pause Young (Concurrent Start) (G1 Evacuation Pause) 78M->23M(100M) 6.373ms
[2025-06-05T03:04:01.406+0000][3.125s][info ][gc,cpu      ] GC(15) User=0.02s Sys=0.00s Real=0.00s
[2025-06-05T03:04:01.406+0000][3.125s][info ][safepoint   ] Safepoint "G1CollectForAllocation", Time since last: 59738375 ns, Reaching safepoint: 1174667 ns, Cleanup: 18042 ns, At safepoint: 6533625 ns, Total: 7726334 ns
[2025-06-05T03:04:01.406+0000][3.125s][info ][gc          ] GC(16) Concurrent Mark Cycle
[2025-06-05T03:04:01.407+0000][3.126s][info ][gc,marking  ] GC(16) Concurrent Clear Claimed Marks
[2025-06-05T03:04:01.407+0000][3.126s][info ][gc,marking  ] GC(16) Concurrent Clear Claimed Marks 0.213ms
[2025-06-05T03:04:01.407+0000][3.126s][info ][gc,marking  ] GC(16) Concurrent Scan Root Regions
[2025-06-05T03:04:01.409+0000][3.129s][info ][gc,marking  ] GC(16) Concurrent Scan Root Regions 2.584ms
[2025-06-05T03:04:01.410+0000][3.129s][info ][gc,marking  ] GC(16) Concurrent Mark
[2025-06-05T03:04:01.410+0000][3.129s][info ][gc,marking  ] GC(16) Concurrent Mark From Roots
[2025-06-05T03:04:01.410+0000][3.129s][info ][gc,task     ] GC(16) Using 1 workers of 1 for marking
[2025-06-05T03:04:01.423+0000][3.142s][info ][gc,marking  ] GC(16) Concurrent Mark From Roots 13.193ms
[2025-06-05T03:04:01.424+0000][3.143s][info ][gc,marking  ] GC(16) Concurrent Preclean
[2025-06-05T03:04:01.427+0000][3.147s][info ][gc,marking  ] GC(16) Concurrent Preclean 3.848ms
[2025-06-05T03:04:01.428+0000][3.147s][debug][safepoint   ] Safepoint synchronization initiated using futex wait barrier. (14 threads)
[2025-06-05T03:04:01.428+0000][3.148s][info ][gc,start    ] GC(16) Pause Remark
[2025-06-05T03:04:01.430+0000][3.150s][info ][gc          ] GC(16) Pause Remark 39M->39M(100M) 2.000ms
[2025-06-05T03:04:01.431+0000][3.150s][info ][gc,cpu      ] GC(16) User=0.00s Sys=0.00s Real=0.01s
[2025-06-05T03:04:01.431+0000][3.150s][info ][safepoint   ] Safepoint "G1PauseRemark", Time since last: 21710333 ns, Reaching safepoint: 663500 ns, Cleanup: 23500 ns, At safepoint: 2173917 ns, Total: 2860917 ns
[2025-06-05T03:04:01.431+0000][3.150s][info ][gc,marking  ] GC(16) Concurrent Mark 21.375ms
[2025-06-05T03:04:01.435+0000][3.155s][info ][gc,marking  ] GC(16) Concurrent Rebuild Remembered Sets
[2025-06-05T03:04:01.497+0000][3.216s][info ][gc,marking  ] GC(16) Concurrent Rebuild Remembered Sets 61.747ms
[2025-06-05T03:04:01.498+0000][3.217s][debug][safepoint   ] Safepoint synchronization initiated using futex wait barrier. (14 threads)
[2025-06-05T03:04:01.498+0000][3.217s][info ][gc,start    ] GC(16) Pause Cleanup
[2025-06-05T03:04:01.498+0000][3.217s][info ][gc          ] GC(16) Pause Cleanup 50M->50M(100M) 0.169ms
[2025-06-05T03:04:01.498+0000][3.217s][info ][gc,cpu      ] GC(16) User=0.01s Sys=0.00s Real=0.00s
[2025-06-05T03:04:01.498+0000][3.217s][info ][safepoint   ] Safepoint "G1PauseCleanup", Time since last: 66926875 ns, Reaching safepoint: 118416 ns, Cleanup: 19792 ns, At safepoint: 331375 ns, Total: 469583 ns
[2025-06-05T03:04:01.498+0000][3.217s][info ][gc,marking  ] GC(16) Concurrent Cleanup for Next Mark
[2025-06-05T03:04:01.503+0000][3.222s][info ][gc,marking  ] GC(16) Concurrent Cleanup for Next Mark 4.406ms
[2025-06-05T03:04:01.503+0000][3.222s][info ][gc          ] GC(16) Concurrent Mark Cycle 96.678ms
[2025-06-05T03:04:01.543+0000][3.262s][debug][safepoint   ] Safepoint synchronization initiated using futex wait barrier. (13 threads)
[2025-06-05T03:04:01.543+0000][3.262s][info ][gc,start    ] GC(17) Pause Young (Normal) (G1 Evacuation Pause)
[2025-06-05T03:04:01.543+0000][3.262s][info ][gc,task     ] GC(17) Using 2 workers of 2 for evacuation
[2025-06-05T03:04:01.551+0000][3.270s][info ][gc,phases   ] GC(17)   Pre Evacuate Collection Set: 0.1ms
[2025-06-05T03:04:01.551+0000][3.270s][info ][gc,phases   ] GC(17)   Merge Heap Roots: 0.1ms
[2025-06-05T03:04:01.551+0000][3.270s][info ][gc,phases   ] GC(17)   Evacuate Collection Set: 6.5ms
[2025-06-05T03:04:01.551+0000][3.270s][info ][gc,phases   ] GC(17)   Post Evacuate Collection Set: 0.9ms
[2025-06-05T03:04:01.551+0000][3.270s][info ][gc,phases   ] GC(17)   Other: 0.2ms
[2025-06-05T03:04:01.551+0000][3.270s][info ][gc,heap     ] GC(17) Eden regions: 54->0(51)
[2025-06-05T03:04:01.551+0000][3.270s][info ][gc,heap     ] GC(17) Survivor regions: 6->8(8)
[2025-06-05T03:04:01.551+0000][3.270s][info ][gc,heap     ] GC(17) Old regions: 18->20
[2025-06-05T03:04:01.551+0000][3.270s][info ][gc,heap     ] GC(17) Archive regions: 2->2
[2025-06-05T03:04:01.551+0000][3.270s][info ][gc,heap     ] GC(17) Humongous regions: 0->0
[2025-06-05T03:04:01.551+0000][3.271s][info ][gc,metaspace] GC(17) Metaspace: 24485K(24832K)->24485K(24832K) NonClass: 21292K(21440K)->21292K(21440K) Class: 3192K(3392K)->3192K(3392K)
[2025-06-05T03:04:01.551+0000][3.271s][info ][gc          ] GC(17) Pause Young (Normal) (G1 Evacuation Pause) 77M->27M(100M) 8.244ms
[2025-06-05T03:04:01.551+0000][3.271s][info ][gc,cpu      ] GC(17) User=0.01s Sys=0.00s Real=0.01s
[2025-06-05T03:04:01.551+0000][3.271s][info ][safepoint   ] Safepoint "G1CollectForAllocation", Time since last: 44875167 ns, Reaching safepoint: 185583 ns, Cleanup: 25375 ns, At safepoint: 8384792 ns, Total: 8595750 ns
[2025-06-05T03:04:01.647+0000][3.367s][debug][safepoint   ] Safepoint synchronization initiated using futex wait barrier. (13 threads)
[2025-06-05T03:04:01.647+0000][3.367s][info ][gc,start    ] GC(18) Pause Young (Normal) (G1 Evacuation Pause)
[2025-06-05T03:04:01.648+0000][3.367s][info ][gc,task     ] GC(18) Using 2 workers of 2 for evacuation
[2025-06-05T03:04:01.659+0000][3.378s][info ][gc,phases   ] GC(18)   Pre Evacuate Collection Set: 0.1ms
[2025-06-05T03:04:01.659+0000][3.378s][info ][gc,phases   ] GC(18)   Merge Heap Roots: 0.1ms
[2025-06-05T03:04:01.659+0000][3.378s][info ][gc,phases   ] GC(18)   Evacuate Collection Set: 10.1ms
[2025-06-05T03:04:01.659+0000][3.378s][info ][gc,phases   ] GC(18)   Post Evacuate Collection Set: 0.9ms
[2025-06-05T03:04:01.659+0000][3.378s][info ][gc,phases   ] GC(18)   Other: 0.1ms
[2025-06-05T03:04:01.659+0000][3.378s][info ][gc,heap     ] GC(18) Eden regions: 51->0(43)
[2025-06-05T03:04:01.659+0000][3.378s][info ][gc,heap     ] GC(18) Survivor regions: 8->7(8)
[2025-06-05T03:04:01.659+0000][3.378s][info ][gc,heap     ] GC(18) Old regions: 20->28
[2025-06-05T03:04:01.659+0000][3.378s][info ][gc,heap     ] GC(18) Archive regions: 2->2
[2025-06-05T03:04:01.659+0000][3.378s][info ][gc,heap     ] GC(18) Humongous regions: 0->0
[2025-06-05T03:04:01.659+0000][3.378s][info ][gc,metaspace] GC(18) Metaspace: 24491K(24896K)->24491K(24896K) NonClass: 21297K(21504K)->21297K(21504K) Class: 3193K(3392K)->3193K(3392K)
[2025-06-05T03:04:01.659+0000][3.378s][info ][gc          ] GC(18) Pause Young (Normal) (G1 Evacuation Pause) 78M->34M(100M) 11.719ms
[2025-06-05T03:04:01.659+0000][3.379s][info ][gc,cpu      ] GC(18) User=0.03s Sys=0.00s Real=0.01s
[2025-06-05T03:04:01.659+0000][3.379s][info ][safepoint   ] Safepoint "G1CollectForAllocation", Time since last: 95839166 ns, Reaching safepoint: 143125 ns, Cleanup: 38625 ns, At safepoint: 11811125 ns, Total: 11992875 ns
[2025-06-05T03:04:01.735+0000][3.454s][debug][safepoint   ] Safepoint synchronization initiated using futex wait barrier. (13 threads)
[2025-06-05T03:04:01.735+0000][3.455s][info ][gc,start    ] GC(19) Pause Young (Normal) (G1 Evacuation Pause)
[2025-06-05T03:04:01.735+0000][3.455s][info ][gc,task     ] GC(19) Using 2 workers of 2 for evacuation
[2025-06-05T03:04:01.743+0000][3.462s][info ][gc,phases   ] GC(19)   Pre Evacuate Collection Set: 0.1ms
[2025-06-05T03:04:01.743+0000][3.463s][info ][gc,phases   ] GC(19)   Merge Heap Roots: 0.1ms
[2025-06-05T03:04:01.743+0000][3.463s][info ][gc,phases   ] GC(19)   Evacuate Collection Set: 6.7ms
[2025-06-05T03:04:01.743+0000][3.463s][info ][gc,phases   ] GC(19)   Post Evacuate Collection Set: 0.9ms
[2025-06-05T03:04:01.743+0000][3.463s][info ][gc,phases   ] GC(19)   Other: 0.2ms
[2025-06-05T03:04:01.744+0000][3.463s][info ][gc,heap     ] GC(19) Eden regions: 43->0(37)
[2025-06-05T03:04:01.744+0000][3.463s][info ][gc,heap     ] GC(19) Survivor regions: 7->6(7)
[2025-06-05T03:04:01.744+0000][3.463s][info ][gc,heap     ] GC(19) Old regions: 28->35
[2025-06-05T03:04:01.744+0000][3.463s][info ][gc,heap     ] GC(19) Archive regions: 2->2
[2025-06-05T03:04:01.744+0000][3.463s][info ][gc,heap     ] GC(19) Humongous regions: 0->0
[2025-06-05T03:04:01.744+0000][3.463s][info ][gc,metaspace] GC(19) Metaspace: 24579K(24960K)->24579K(24960K) NonClass: 21381K(21568K)->21381K(21568K) Class: 3197K(3392K)->3197K(3392K)
[2025-06-05T03:04:01.744+0000][3.463s][info ][gc          ] GC(19) Pause Young (Normal) (G1 Evacuation Pause) 77M->40M(100M) 8.477ms
[2025-06-05T03:04:01.744+0000][3.463s][info ][gc,cpu      ] GC(19) User=0.01s Sys=0.01s Real=0.01s
[2025-06-05T03:04:01.744+0000][3.463s][info ][safepoint   ] Safepoint "G1CollectForAllocation", Time since last: 75797959 ns, Reaching safepoint: 144833 ns, Cleanup: 30542 ns, At safepoint: 8633166 ns, Total: 8808541 ns
[2025-06-05T03:04:01.850+0000][3.569s][debug][safepoint   ] Safepoint synchronization initiated using futex wait barrier. (13 threads)
[2025-06-05T03:04:01.850+0000][3.569s][info ][gc,start    ] GC(20) Pause Young (Normal) (G1 Evacuation Pause)
[2025-06-05T03:04:01.850+0000][3.569s][info ][gc,task     ] GC(20) Using 2 workers of 2 for evacuation
[2025-06-05T03:04:01.859+0000][3.578s][info ][gc,phases   ] GC(20)   Pre Evacuate Collection Set: 0.1ms
[2025-06-05T03:04:01.859+0000][3.578s][info ][gc,phases   ] GC(20)   Merge Heap Roots: 0.1ms
[2025-06-05T03:04:01.859+0000][3.579s][info ][gc,phases   ] GC(20)   Evacuate Collection Set: 7.6ms
[2025-06-05T03:04:01.859+0000][3.579s][info ][gc,phases   ] GC(20)   Post Evacuate Collection Set: 0.9ms
[2025-06-05T03:04:01.859+0000][3.579s][info ][gc,phases   ] GC(20)   Other: 0.2ms
[2025-06-05T03:04:01.859+0000][3.579s][info ][gc,heap     ] GC(20) Eden regions: 37->0(35)
[2025-06-05T03:04:01.859+0000][3.579s][info ][gc,heap     ] GC(20) Survivor regions: 6->4(6)
[2025-06-05T03:04:01.859+0000][3.579s][info ][gc,heap     ] GC(20) Old regions: 35->40
[2025-06-05T03:04:01.859+0000][3.579s][info ][gc,heap     ] GC(20) Archive regions: 2->2
[2025-06-05T03:04:01.860+0000][3.579s][info ][gc,heap     ] GC(20) Humongous regions: 0->0
[2025-06-05T03:04:01.860+0000][3.579s][info ][gc,metaspace] GC(20) Metaspace: 24711K(25088K)->24711K(25088K) NonClass: 21487K(21696K)->21487K(21696K) Class: 3224K(3392K)->3224K(3392K)
[2025-06-05T03:04:01.860+0000][3.579s][info ][gc          ] GC(20) Pause Young (Normal) (G1 Evacuation Pause) 77M->43M(100M) 9.496ms
[2025-06-05T03:04:01.860+0000][3.579s][info ][gc,cpu      ] GC(20) User=0.02s Sys=0.00s Real=0.01s
[2025-06-05T03:04:01.860+0000][3.579s][info ][safepoint   ] Safepoint "G1CollectForAllocation", Time since last: 106015334 ns, Reaching safepoint: 144375 ns, Cleanup: 70375 ns, At safepoint: 9613875 ns, Total: 9828625 ns
[2025-06-05T03:04:01.947+0000][3.666s][debug][safepoint   ] Safepoint synchronization initiated using futex wait barrier. (13 threads)
[2025-06-05T03:04:01.947+0000][3.667s][info ][gc,start    ] GC(21) Pause Young (Normal) (G1 Evacuation Pause)
[2025-06-05T03:04:01.947+0000][3.667s][info ][gc,task     ] GC(21) Using 2 workers of 2 for evacuation
[2025-06-05T03:04:01.954+0000][3.674s][info ][gc,phases   ] GC(21)   Pre Evacuate Collection Set: 0.1ms
[2025-06-05T03:04:01.955+0000][3.674s][info ][gc,phases   ] GC(21)   Merge Heap Roots: 0.0ms
[2025-06-05T03:04:01.955+0000][3.674s][info ][gc,phases   ] GC(21)   Evacuate Collection Set: 5.6ms
[2025-06-05T03:04:01.955+0000][3.674s][info ][gc,phases   ] GC(21)   Post Evacuate Collection Set: 1.4ms
[2025-06-05T03:04:01.955+0000][3.674s][info ][gc,phases   ] GC(21)   Other: 0.1ms
[2025-06-05T03:04:01.955+0000][3.674s][info ][gc,heap     ] GC(21) Eden regions: 35->0(103)
[2025-06-05T03:04:01.955+0000][3.674s][info ][gc,heap     ] GC(21) Survivor regions: 4->4(5)
[2025-06-05T03:04:01.955+0000][3.674s][info ][gc,heap     ] GC(21) Old regions: 40->44
[2025-06-05T03:04:01.955+0000][3.674s][info ][gc,heap     ] GC(21) Archive regions: 2->2
[2025-06-05T03:04:01.955+0000][3.674s][info ][gc,heap     ] GC(21) Humongous regions: 0->0
[2025-06-05T03:04:01.955+0000][3.674s][info ][gc,metaspace] GC(21) Metaspace: 24840K(25280K)->24840K(25280K) NonClass: 21600K(21824K)->21600K(21824K) Class: 3240K(3456K)->3240K(3456K)
[2025-06-05T03:04:01.955+0000][3.674s][info ][gc          ] GC(21) Pause Young (Normal) (G1 Evacuation Pause) 78M->47M(200M) 7.585ms
[2025-06-05T03:04:01.955+0000][3.674s][info ][gc,cpu      ] GC(21) User=0.01s Sys=0.00s Real=0.01s
[2025-06-05T03:04:01.955+0000][3.674s][info ][safepoint   ] Safepoint "G1CollectForAllocation", Time since last: 87351375 ns, Reaching safepoint: 129041 ns, Cleanup: 32750 ns, At safepoint: 7682417 ns, Total: 7844208 ns
[2025-06-05T03:04:02.050+0000][3.769s][debug][safepoint   ] Safepoint synchronization initiated using futex wait barrier. (13 threads)
[2025-06-05T03:04:02.050+0000][3.769s][info ][safepoint   ] Safepoint "ICBufferFull", Time since last: 95001125 ns, Reaching safepoint: 126208 ns, Cleanup: 68667 ns, At safepoint: 4750 ns, Total: 199625 ns
[2025-06-05T03:04:02.191+0000][3.911s][debug][safepoint   ] Safepoint synchronization initiated using futex wait barrier. (13 threads)
[2025-06-05T03:04:02.191+0000][3.911s][info ][safepoint   ] Safepoint "ICBufferFull", Time since last: 141111375 ns, Reaching safepoint: 146167 ns, Cleanup: 58917 ns, At safepoint: 5791 ns, Total: 210875 ns
[2025-06-05T03:04:02.297+0000][4.016s][debug][safepoint   ] Safepoint synchronization initiated using futex wait barrier. (13 threads)
[2025-06-05T03:04:02.297+0000][4.016s][info ][safepoint   ] Safepoint "ICBufferFull", Time since last: 105173209 ns, Reaching safepoint: 109791 ns, Cleanup: 55625 ns, At safepoint: 5625 ns, Total: 171041 ns
[2025-06-05T03:04:02.328+0000][4.047s][debug][safepoint   ] Safepoint synchronization initiated using futex wait barrier. (13 threads)
[2025-06-05T03:04:02.328+0000][4.047s][info ][gc,start    ] GC(22) Pause Young (Normal) (G1 Evacuation Pause)
[2025-06-05T03:04:02.328+0000][4.048s][info ][gc,task     ] GC(22) Using 2 workers of 2 for evacuation
[2025-06-05T03:04:02.336+0000][4.055s][info ][gc,phases   ] GC(22)   Pre Evacuate Collection Set: 0.1ms
[2025-06-05T03:04:02.336+0000][4.055s][info ][gc,phases   ] GC(22)   Merge Heap Roots: 0.1ms
[2025-06-05T03:04:02.336+0000][4.055s][info ][gc,phases   ] GC(22)   Evacuate Collection Set: 6.4ms
[2025-06-05T03:04:02.336+0000][4.055s][info ][gc,phases   ] GC(22)   Post Evacuate Collection Set: 0.7ms
[2025-06-05T03:04:02.336+0000][4.055s][info ][gc,phases   ] GC(22)   Other: 0.2ms
[2025-06-05T03:04:02.336+0000][4.055s][info ][gc,heap     ] GC(22) Eden regions: 103->0(100)
[2025-06-05T03:04:02.336+0000][4.055s][info ][gc,heap     ] GC(22) Survivor regions: 4->9(14)
[2025-06-05T03:04:02.336+0000][4.055s][info ][gc,heap     ] GC(22) Old regions: 44->44
[2025-06-05T03:04:02.336+0000][4.055s][info ][gc,heap     ] GC(22) Archive regions: 2->2
[2025-06-05T03:04:02.336+0000][4.055s][info ][gc,heap     ] GC(22) Humongous regions: 0->0
[2025-06-05T03:04:02.336+0000][4.055s][info ][gc,metaspace] GC(22) Metaspace: 25234K(25600K)->25234K(25600K) NonClass: 21963K(22144K)->21963K(22144K) Class: 3271K(3456K)->3271K(3456K)
[2025-06-05T03:04:02.336+0000][4.056s][info ][gc          ] GC(22) Pause Young (Normal) (G1 Evacuation Pause) 150M->52M(200M) 8.065ms
[2025-06-05T03:04:02.336+0000][4.056s][info ][gc,cpu      ] GC(22) User=0.02s Sys=0.00s Real=0.01s
[2025-06-05T03:04:02.336+0000][4.056s][info ][safepoint   ] Safepoint "G1CollectForAllocation", Time since last: 31209709 ns, Reaching safepoint: 143208 ns, Cleanup: 48250 ns, At safepoint: 8177583 ns, Total: 8369041 ns
[2025-06-05T03:04:02.375+0000][4.094s][debug][safepoint   ] Safepoint synchronization initiated using futex wait barrier. (13 threads)
[2025-06-05T03:04:02.375+0000][4.094s][info ][safepoint   ] Safepoint "ICBufferFull", Time since last: 38644875 ns, Reaching safepoint: 123000 ns, Cleanup: 48125 ns, At safepoint: 1375 ns, Total: 172500 ns
[2025-06-05T03:04:02.501+0000][4.220s][debug][safepoint   ] Safepoint synchronization initiated using futex wait barrier. (13 threads)
[2025-06-05T03:04:02.501+0000][4.220s][info ][gc,start    ] GC(23) Pause Young (Normal) (G1 Evacuation Pause)
[2025-06-05T03:04:02.501+0000][4.220s][info ][gc,task     ] GC(23) Using 2 workers of 2 for evacuation
[2025-06-05T03:04:02.511+0000][4.230s][info ][gc,phases   ] GC(23)   Pre Evacuate Collection Set: 0.1ms
[2025-06-05T03:04:02.511+0000][4.230s][info ][gc,phases   ] GC(23)   Merge Heap Roots: 0.1ms
[2025-06-05T03:04:02.511+0000][4.230s][info ][gc,phases   ] GC(23)   Evacuate Collection Set: 8.9ms
[2025-06-05T03:04:02.511+0000][4.230s][info ][gc,phases   ] GC(23)   Post Evacuate Collection Set: 0.8ms
[2025-06-05T03:04:02.511+0000][4.230s][info ][gc,phases   ] GC(23)   Other: 0.3ms
[2025-06-05T03:04:02.511+0000][4.230s][info ][gc,heap     ] GC(23) Eden regions: 100->0(99)
[2025-06-05T03:04:02.511+0000][4.230s][info ][gc,heap     ] GC(23) Survivor regions: 9->10(14)
[2025-06-05T03:04:02.511+0000][4.230s][info ][gc,heap     ] GC(23) Old regions: 44->48
[2025-06-05T03:04:02.511+0000][4.230s][info ][gc,heap     ] GC(23) Archive regions: 2->2
[2025-06-05T03:04:02.511+0000][4.230s][info ][gc,heap     ] GC(23) Humongous regions: 0->0
[2025-06-05T03:04:02.511+0000][4.230s][info ][gc,metaspace] GC(23) Metaspace: 25336K(25664K)->25336K(25664K) NonClass: 22050K(22208K)->22050K(22208K) Class: 3285K(3456K)->3285K(3456K)
[2025-06-05T03:04:02.511+0000][4.231s][info ][gc          ] GC(23) Pause Young (Normal) (G1 Evacuation Pause) 152M->56M(200M) 10.574ms
[2025-06-05T03:04:02.511+0000][4.231s][info ][gc,cpu      ] GC(23) User=0.02s Sys=0.00s Real=0.01s
[2025-06-05T03:04:02.511+0000][4.231s][info ][safepoint   ] Safepoint "G1CollectForAllocation", Time since last: 125324709 ns, Reaching safepoint: 125416 ns, Cleanup: 48667 ns, At safepoint: 10657500 ns, Total: 10831583 ns
[2025-06-05T03:04:02.658+0000][4.378s][debug][safepoint   ] Safepoint synchronization initiated using futex wait barrier. (14 threads)
[2025-06-05T03:04:02.660+0000][4.379s][info ][gc,start    ] GC(24) Pause Young (Normal) (G1 Evacuation Pause)
[2025-06-05T03:04:02.660+0000][4.379s][info ][gc,task     ] GC(24) Using 2 workers of 2 for evacuation
[2025-06-05T03:04:02.691+0000][4.410s][info ][gc,phases   ] GC(24)   Pre Evacuate Collection Set: 0.1ms
[2025-06-05T03:04:02.691+0000][4.410s][info ][gc,phases   ] GC(24)   Merge Heap Roots: 0.1ms
[2025-06-05T03:04:02.691+0000][4.410s][info ][gc,phases   ] GC(24)   Evacuate Collection Set: 29.7ms
[2025-06-05T03:04:02.691+0000][4.410s][info ][gc,phases   ] GC(24)   Post Evacuate Collection Set: 1.0ms
[2025-06-05T03:04:02.691+0000][4.410s][info ][gc,phases   ] GC(24)   Other: 0.2ms
[2025-06-05T03:04:02.691+0000][4.410s][info ][gc,heap     ] GC(24) Eden regions: 99->0(104)
[2025-06-05T03:04:02.691+0000][4.410s][info ][gc,heap     ] GC(24) Survivor regions: 10->5(14)
[2025-06-05T03:04:02.691+0000][4.410s][info ][gc,heap     ] GC(24) Old regions: 48->53
[2025-06-05T03:04:02.691+0000][4.410s][info ][gc,heap     ] GC(24) Archive regions: 2->2
[2025-06-05T03:04:02.691+0000][4.410s][info ][gc,heap     ] GC(24) Humongous regions: 0->0
[2025-06-05T03:04:02.691+0000][4.410s][info ][gc,metaspace] GC(24) Metaspace: 26943K(27264K)->26943K(27264K) NonClass: 23532K(23680K)->23532K(23680K) Class: 3410K(3584K)->3410K(3584K)
[2025-06-05T03:04:02.691+0000][4.410s][info ][gc          ] GC(24) Pause Young (Normal) (G1 Evacuation Pause) 155M->57M(200M) 31.630ms
[2025-06-05T03:04:02.691+0000][4.410s][info ][gc,cpu      ] GC(24) User=0.01s Sys=0.00s Real=0.03s
[2025-06-05T03:04:02.691+0000][4.411s][info ][safepoint   ] Safepoint "G1CollectForAllocation", Time since last: 146904250 ns, Reaching safepoint: 1237375 ns, Cleanup: 48500 ns, At safepoint: 31755083 ns, Total: 33040958 ns
[2025-06-05T03:04:02.836+0000][4.555s][debug][safepoint   ] Safepoint synchronization initiated using futex wait barrier. (13 threads)
[2025-06-05T03:04:02.836+0000][4.556s][info ][safepoint   ] Safepoint "ICBufferFull", Time since last: 144517417 ns, Reaching safepoint: 538417 ns, Cleanup: 68833 ns, At safepoint: 12709 ns, Total: 619959 ns
[2025-06-05T03:04:02.963+0000][4.682s][debug][safepoint   ] Safepoint synchronization initiated using futex wait barrier. (13 threads)
[2025-06-05T03:04:02.963+0000][4.682s][info ][gc,start    ] GC(25) Pause Young (Normal) (G1 Evacuation Pause)
[2025-06-05T03:04:02.963+0000][4.682s][info ][gc,task     ] GC(25) Using 2 workers of 2 for evacuation
[2025-06-05T03:04:02.969+0000][4.688s][info ][gc,phases   ] GC(25)   Pre Evacuate Collection Set: 0.1ms
[2025-06-05T03:04:02.969+0000][4.688s][info ][gc,phases   ] GC(25)   Merge Heap Roots: 0.1ms
[2025-06-05T03:04:02.969+0000][4.688s][info ][gc,phases   ] GC(25)   Evacuate Collection Set: 4.7ms
[2025-06-05T03:04:02.969+0000][4.688s][info ][gc,phases   ] GC(25)   Post Evacuate Collection Set: 0.9ms
[2025-06-05T03:04:02.969+0000][4.688s][info ][gc,phases   ] GC(25)   Other: 0.2ms
[2025-06-05T03:04:02.969+0000][4.688s][info ][gc,heap     ] GC(25) Eden regions: 104->0(105)
[2025-06-05T03:04:02.969+0000][4.689s][info ][gc,heap     ] GC(25) Survivor regions: 5->7(14)
[2025-06-05T03:04:02.969+0000][4.689s][info ][gc,heap     ] GC(25) Old regions: 53->53
[2025-06-05T03:04:02.969+0000][4.689s][info ][gc,heap     ] GC(25) Archive regions: 2->2
[2025-06-05T03:04:02.969+0000][4.689s][info ][gc,heap     ] GC(25) Humongous regions: 0->0
[2025-06-05T03:04:02.969+0000][4.689s][info ][gc,metaspace] GC(25) Metaspace: 30608K(30976K)->30608K(30976K) NonClass: 26814K(27008K)->26814K(27008K) Class: 3793K(3968K)->3793K(3968K)
[2025-06-05T03:04:02.970+0000][4.689s][info ][gc          ] GC(25) Pause Young (Normal) (G1 Evacuation Pause) 161M->59M(200M) 6.671ms
[2025-06-05T03:04:02.970+0000][4.689s][info ][gc,cpu      ] GC(25) User=0.02s Sys=0.00s Real=0.01s
[2025-06-05T03:04:02.970+0000][4.689s][info ][safepoint   ] Safepoint "G1CollectForAllocation", Time since last: 126214416 ns, Reaching safepoint: 145084 ns, Cleanup: 32583 ns, At safepoint: 6879833 ns, Total: 7057500 ns
[2025-06-05T03:04:03.336+0000][5.055s][debug][safepoint   ] Safepoint synchronization initiated using futex wait barrier. (13 threads)
[2025-06-05T03:04:03.338+0000][5.058s][info ][safepoint   ] Safepoint "ICBufferFull", Time since last: 366115167 ns, Reaching safepoint: 2427833 ns, Cleanup: 132209 ns, At safepoint: 6125 ns, Total: 2566167 ns
[2025-06-05T03:04:03.436+0000][5.155s][debug][safepoint   ] Safepoint synchronization initiated using futex wait barrier. (13 threads)
[2025-06-05T03:04:03.436+0000][5.155s][info ][gc,start    ] GC(26) Pause Young (Normal) (G1 Evacuation Pause)
[2025-06-05T03:04:03.436+0000][5.155s][info ][gc,task     ] GC(26) Using 2 workers of 2 for evacuation
[2025-06-05T03:04:03.445+0000][5.164s][info ][gc,phases   ] GC(26)   Pre Evacuate Collection Set: 0.1ms
[2025-06-05T03:04:03.445+0000][5.164s][info ][gc,phases   ] GC(26)   Merge Heap Roots: 0.2ms
[2025-06-05T03:04:03.445+0000][5.165s][info ][gc,phases   ] GC(26)   Evacuate Collection Set: 7.3ms
[2025-06-05T03:04:03.445+0000][5.165s][info ][gc,phases   ] GC(26)   Post Evacuate Collection Set: 1.4ms
[2025-06-05T03:04:03.445+0000][5.165s][info ][gc,phases   ] GC(26)   Other: 0.3ms
[2025-06-05T03:04:03.445+0000][5.165s][info ][gc,heap     ] GC(26) Eden regions: 105->0(106)
[2025-06-05T03:04:03.445+0000][5.165s][info ][gc,heap     ] GC(26) Survivor regions: 7->8(14)
[2025-06-05T03:04:03.446+0000][5.165s][info ][gc,heap     ] GC(26) Old regions: 53->53
[2025-06-05T03:04:03.446+0000][5.165s][info ][gc,heap     ] GC(26) Archive regions: 2->2
[2025-06-05T03:04:03.446+0000][5.165s][info ][gc,heap     ] GC(26) Humongous regions: 0->0
[2025-06-05T03:04:03.446+0000][5.165s][info ][gc,metaspace] GC(26) Metaspace: 34084K(34432K)->34084K(34432K) NonClass: 29902K(30080K)->29902K(30080K) Class: 4182K(4352K)->4182K(4352K)
[2025-06-05T03:04:03.446+0000][5.165s][info ][gc          ] GC(26) Pause Young (Normal) (G1 Evacuation Pause) 164M->60M(200M) 9.838ms
[2025-06-05T03:04:03.446+0000][5.165s][info ][gc,cpu      ] GC(26) User=0.02s Sys=0.00s Real=0.01s
[2025-06-05T03:04:03.446+0000][5.165s][info ][safepoint   ] Safepoint "G1CollectForAllocation", Time since last: 97261500 ns, Reaching safepoint: 114250 ns, Cleanup: 33583 ns, At safepoint: 9981375 ns, Total: 10129208 ns
[2025-06-05T03:04:03.661+0000][5.381s][debug][safepoint   ] Safepoint synchronization initiated using futex wait barrier. (13 threads)
[2025-06-05T03:04:03.663+0000][5.383s][info ][safepoint   ] Safepoint "ICBufferFull", Time since last: 215533125 ns, Reaching safepoint: 2082084 ns, Cleanup: 70916 ns, At safepoint: 6334 ns, Total: 2159334 ns
[2025-06-05T03:04:03.670+0000][5.390s][debug][safepoint   ] Safepoint synchronization initiated using futex wait barrier. (13 threads)
[2025-06-05T03:04:03.672+0000][5.391s][info ][safepoint   ] Safepoint "ICBufferFull", Time since last: 6817958 ns, Reaching safepoint: 1198667 ns, Cleanup: 73666 ns, At safepoint: 2750 ns, Total: 1275083 ns
[2025-06-05T03:04:03.720+0000][5.439s][debug][safepoint   ] Safepoint synchronization initiated using futex wait barrier. (13 threads)
[2025-06-05T03:04:03.720+0000][5.439s][info ][gc,start    ] GC(27) Pause Young (Normal) (G1 Evacuation Pause)
[2025-06-05T03:04:03.720+0000][5.439s][info ][gc,task     ] GC(27) Using 2 workers of 2 for evacuation
[2025-06-05T03:04:03.728+0000][5.447s][info ][gc,phases   ] GC(27)   Pre Evacuate Collection Set: 0.1ms
[2025-06-05T03:04:03.728+0000][5.447s][info ][gc,phases   ] GC(27)   Merge Heap Roots: 0.1ms
[2025-06-05T03:04:03.728+0000][5.447s][info ][gc,phases   ] GC(27)   Evacuate Collection Set: 6.6ms
[2025-06-05T03:04:03.728+0000][5.447s][info ][gc,phases   ] GC(27)   Post Evacuate Collection Set: 0.8ms
[2025-06-05T03:04:03.728+0000][5.447s][info ][gc,phases   ] GC(27)   Other: 0.1ms
[2025-06-05T03:04:03.728+0000][5.447s][info ][gc,heap     ] GC(27) Eden regions: 106->0(107)
[2025-06-05T03:04:03.728+0000][5.447s][info ][gc,heap     ] GC(27) Survivor regions: 8->8(15)
[2025-06-05T03:04:03.728+0000][5.447s][info ][gc,heap     ] GC(27) Old regions: 53->53
[2025-06-05T03:04:03.728+0000][5.447s][info ][gc,heap     ] GC(27) Archive regions: 2->2
[2025-06-05T03:04:03.728+0000][5.448s][info ][gc,heap     ] GC(27) Humongous regions: 0->0
[2025-06-05T03:04:03.728+0000][5.448s][info ][gc,metaspace] GC(27) Metaspace: 35055K(35456K)->35055K(35456K) NonClass: 30736K(30912K)->30736K(30912K) Class: 4319K(4544K)->4319K(4544K)
[2025-06-05T03:04:03.728+0000][5.448s][info ][gc          ] GC(27) Pause Young (Normal) (G1 Evacuation Pause) 166M->60M(200M) 8.284ms
[2025-06-05T03:04:03.728+0000][5.448s][info ][gc,cpu      ] GC(27) User=0.02s Sys=0.00s Real=0.00s
[2025-06-05T03:04:03.729+0000][5.448s][info ][safepoint   ] Safepoint "G1CollectForAllocation", Time since last: 48418875 ns, Reaching safepoint: 135292 ns, Cleanup: 26333 ns, At safepoint: 8394459 ns, Total: 8556084 ns
[2025-06-05T03:04:03.817+0000][5.536s][debug][safepoint   ] Safepoint synchronization initiated using futex wait barrier. (13 threads)
[2025-06-05T03:04:03.817+0000][5.536s][info ][safepoint   ] Safepoint "ICBufferFull", Time since last: 88206000 ns, Reaching safepoint: 124250 ns, Cleanup: 68333 ns, At safepoint: 1375 ns, Total: 193958 ns
[2025-06-05T03:04:03.995+0000][5.714s][debug][safepoint   ] Safepoint synchronization initiated using futex wait barrier. (13 threads)
[2025-06-05T03:04:03.995+0000][5.714s][info ][gc,start    ] GC(28) Pause Young (Normal) (G1 Evacuation Pause)
[2025-06-05T03:04:03.995+0000][5.714s][info ][gc,task     ] GC(28) Using 2 workers of 2 for evacuation
[2025-06-05T03:04:04.002+0000][5.722s][info ][gc,phases   ] GC(28)   Pre Evacuate Collection Set: 0.1ms
[2025-06-05T03:04:04.002+0000][5.722s][info ][gc,phases   ] GC(28)   Merge Heap Roots: 0.1ms
[2025-06-05T03:04:04.002+0000][5.722s][info ][gc,phases   ] GC(28)   Evacuate Collection Set: 6.2ms
[2025-06-05T03:04:04.002+0000][5.722s][info ][gc,phases   ] GC(28)   Post Evacuate Collection Set: 0.8ms
[2025-06-05T03:04:04.003+0000][5.722s][info ][gc,phases   ] GC(28)   Other: 0.1ms
[2025-06-05T03:04:04.003+0000][5.722s][info ][gc,heap     ] GC(28) Eden regions: 107->0(107)
[2025-06-05T03:04:04.003+0000][5.722s][info ][gc,heap     ] GC(28) Survivor regions: 8->9(15)
[2025-06-05T03:04:04.003+0000][5.722s][info ][gc,heap     ] GC(28) Old regions: 53->53
[2025-06-05T03:04:04.003+0000][5.722s][info ][gc,heap     ] GC(28) Archive regions: 2->2
[2025-06-05T03:04:04.003+0000][5.722s][info ][gc,heap     ] GC(28) Humongous regions: 0->0
[2025-06-05T03:04:04.003+0000][5.722s][info ][gc,metaspace] GC(28) Metaspace: 38079K(38464K)->38079K(38464K) NonClass: 33268K(33472K)->33268K(33472K) Class: 4811K(4992K)->4811K(4992K)
[2025-06-05T03:04:04.003+0000][5.722s][info ][gc          ] GC(28) Pause Young (Normal) (G1 Evacuation Pause) 167M->61M(200M) 7.924ms
[2025-06-05T03:04:04.003+0000][5.722s][info ][gc,cpu      ] GC(28) User=0.02s Sys=0.00s Real=0.01s
[2025-06-05T03:04:04.003+0000][5.722s][info ][safepoint   ] Safepoint "G1CollectForAllocation", Time since last: 177708083 ns, Reaching safepoint: 238250 ns, Cleanup: 59792 ns, At safepoint: 8051250 ns, Total: 8349292 ns
[2025-06-05T03:04:04.133+0000][5.852s][debug][safepoint   ] Safepoint synchronization initiated using futex wait barrier. (13 threads)
[2025-06-05T03:04:04.133+0000][5.852s][info ][safepoint   ] Safepoint "ICBufferFull", Time since last: 129575625 ns, Reaching safepoint: 168167 ns, Cleanup: 63958 ns, At safepoint: 2667 ns, Total: 234792 ns
[2025-06-05T03:04:04.219+0000][5.938s][debug][safepoint   ] Safepoint synchronization initiated using futex wait barrier. (13 threads)
[2025-06-05T03:04:04.220+0000][5.939s][info ][gc,start    ] GC(29) Pause Young (Concurrent Start) (Metadata GC Threshold)
[2025-06-05T03:04:04.220+0000][5.939s][info ][gc,task     ] GC(29) Using 2 workers of 2 for evacuation
[2025-06-05T03:04:04.233+0000][5.952s][info ][gc,phases   ] GC(29)   Pre Evacuate Collection Set: 0.7ms
[2025-06-05T03:04:04.233+0000][5.952s][info ][gc,phases   ] GC(29)   Merge Heap Roots: 0.3ms
[2025-06-05T03:04:04.233+0000][5.952s][info ][gc,phases   ] GC(29)   Evacuate Collection Set: 10.0ms
[2025-06-05T03:04:04.233+0000][5.952s][info ][gc,phases   ] GC(29)   Post Evacuate Collection Set: 1.2ms
[2025-06-05T03:04:04.233+0000][5.952s][info ][gc,phases   ] GC(29)   Other: 0.8ms
[2025-06-05T03:04:04.233+0000][5.952s][info ][gc,heap     ] GC(29) Eden regions: 86->0(106)
[2025-06-05T03:04:04.233+0000][5.952s][info ][gc,heap     ] GC(29) Survivor regions: 9->8(15)
[2025-06-05T03:04:04.233+0000][5.952s][info ][gc,heap     ] GC(29) Old regions: 53->55
[2025-06-05T03:04:04.233+0000][5.952s][info ][gc,heap     ] GC(29) Archive regions: 2->2
[2025-06-05T03:04:04.233+0000][5.952s][info ][gc,heap     ] GC(29) Humongous regions: 0->0
[2025-06-05T03:04:04.233+0000][5.952s][info ][gc,metaspace] GC(29) Metaspace: 39848K(40256K)->39848K(40256K) NonClass: 34878K(35072K)->34878K(35072K) Class: 4970K(5184K)->4970K(5184K)
[2025-06-05T03:04:04.233+0000][5.952s][info ][gc          ] GC(29) Pause Young (Concurrent Start) (Metadata GC Threshold) 146M->62M(200M) 13.351ms
[2025-06-05T03:04:04.233+0000][5.952s][info ][gc,cpu      ] GC(29) User=0.02s Sys=0.00s Real=0.01s
[2025-06-05T03:04:04.233+0000][5.952s][info ][gc          ] GC(30) Concurrent Mark Cycle
[2025-06-05T03:04:04.233+0000][5.953s][info ][gc,marking  ] GC(30) Concurrent Clear Claimed Marks
[2025-06-05T03:04:04.233+0000][5.952s][info ][safepoint   ] Safepoint "CollectForMetadataAllocation", Time since last: 86131708 ns, Reaching safepoint: 274459 ns, Cleanup: 338583 ns, At safepoint: 13628000 ns, Total: 14241042 ns
[2025-06-05T03:04:04.233+0000][5.953s][info ][gc,marking  ] GC(30) Concurrent Clear Claimed Marks 0.168ms
[2025-06-05T03:04:04.236+0000][5.955s][info ][gc,marking  ] GC(30) Concurrent Scan Root Regions
[2025-06-05T03:04:04.243+0000][5.963s][info ][gc,marking  ] GC(30) Concurrent Scan Root Regions 7.752ms
[2025-06-05T03:04:04.244+0000][5.963s][info ][gc,marking  ] GC(30) Concurrent Mark
[2025-06-05T03:04:04.244+0000][5.963s][info ][gc,marking  ] GC(30) Concurrent Mark From Roots
[2025-06-05T03:04:04.244+0000][5.963s][info ][gc,task     ] GC(30) Using 1 workers of 1 for marking
[2025-06-05T03:04:04.318+0000][6.037s][info ][gc,marking  ] GC(30) Concurrent Mark From Roots 74.428ms
[2025-06-05T03:04:04.318+0000][6.038s][info ][gc,marking  ] GC(30) Concurrent Preclean
[2025-06-05T03:04:04.319+0000][6.038s][info ][gc,marking  ] GC(30) Concurrent Preclean 0.232ms
[2025-06-05T03:04:04.319+0000][6.038s][debug][safepoint   ] Safepoint synchronization initiated using futex wait barrier. (13 threads)
[2025-06-05T03:04:04.319+0000][6.039s][info ][gc,start    ] GC(30) Pause Remark
[2025-06-05T03:04:04.323+0000][6.042s][info ][gc          ] GC(30) Pause Remark 76M->76M(200M) 3.710ms
[2025-06-05T03:04:04.323+0000][6.042s][info ][gc,cpu      ] GC(30) User=0.01s Sys=0.00s Real=0.00s
[2025-06-05T03:04:04.323+0000][6.043s][info ][safepoint   ] Safepoint "G1PauseRemark", Time since last: 85555208 ns, Reaching safepoint: 602292 ns, Cleanup: 14125 ns, At safepoint: 3899125 ns, Total: 4515542 ns
[2025-06-05T03:04:04.326+0000][6.045s][info ][gc,marking  ] GC(30) Concurrent Mark 82.177ms
[2025-06-05T03:04:04.326+0000][6.045s][info ][gc,marking  ] GC(30) Concurrent Rebuild Remembered Sets
[2025-06-05T03:04:04.352+0000][6.071s][info ][gc,marking  ] GC(30) Concurrent Rebuild Remembered Sets 25.738ms
[2025-06-05T03:04:04.352+0000][6.072s][debug][safepoint   ] Safepoint synchronization initiated using futex wait barrier. (13 threads)
[2025-06-05T03:04:04.355+0000][6.074s][info ][gc,start    ] GC(30) Pause Cleanup
[2025-06-05T03:04:04.355+0000][6.074s][info ][gc          ] GC(30) Pause Cleanup 87M->87M(200M) 0.155ms
[2025-06-05T03:04:04.355+0000][6.074s][info ][gc,cpu      ] GC(30) User=0.00s Sys=0.00s Real=0.00s
[2025-06-05T03:04:04.355+0000][6.074s][info ][safepoint   ] Safepoint "G1PauseCleanup", Time since last: 29086125 ns, Reaching safepoint: 2193875 ns, Cleanup: 3292 ns, At safepoint: 259666 ns, Total: 2456833 ns
[2025-06-05T03:04:04.355+0000][6.074s][info ][gc,marking  ] GC(30) Concurrent Cleanup for Next Mark
[2025-06-05T03:04:04.358+0000][6.077s][info ][gc,marking  ] GC(30) Concurrent Cleanup for Next Mark 2.792ms
[2025-06-05T03:04:04.358+0000][6.077s][info ][gc          ] GC(30) Concurrent Mark Cycle 124.617ms
[2025-06-05T03:04:04.645+0000][6.364s][debug][safepoint   ] Safepoint synchronization initiated using futex wait barrier. (13 threads)
[2025-06-05T03:04:04.645+0000][6.364s][info ][gc,start    ] GC(31) Pause Young (Prepare Mixed) (G1 Evacuation Pause)
[2025-06-05T03:04:04.645+0000][6.364s][info ][gc,task     ] GC(31) Using 2 workers of 2 for evacuation
[2025-06-05T03:04:04.653+0000][6.372s][info ][gc,phases   ] GC(31)   Pre Evacuate Collection Set: 0.1ms
[2025-06-05T03:04:04.653+0000][6.372s][info ][gc,phases   ] GC(31)   Merge Heap Roots: 0.1ms
[2025-06-05T03:04:04.653+0000][6.372s][info ][gc,phases   ] GC(31)   Evacuate Collection Set: 6.6ms
[2025-06-05T03:04:04.653+0000][6.372s][info ][gc,phases   ] GC(31)   Post Evacuate Collection Set: 0.8ms
[2025-06-05T03:04:04.653+0000][6.372s][info ][gc,phases   ] GC(31)   Other: 0.2ms
[2025-06-05T03:04:04.653+0000][6.372s][info ][gc,heap     ] GC(31) Eden regions: 106->0(1)
[2025-06-05T03:04:04.653+0000][6.372s][info ][gc,heap     ] GC(31) Survivor regions: 8->9(15)
[2025-06-05T03:04:04.653+0000][6.372s][info ][gc,heap     ] GC(31) Old regions: 55->55
[2025-06-05T03:04:04.653+0000][6.372s][info ][gc,heap     ] GC(31) Archive regions: 2->2
[2025-06-05T03:04:04.653+0000][6.372s][info ][gc,heap     ] GC(31) Humongous regions: 0->0
[2025-06-05T03:04:04.653+0000][6.372s][info ][gc,metaspace] GC(31) Metaspace: 41560K(41984K)->41560K(41984K) NonClass: 36329K(36544K)->36329K(36544K) Class: 5230K(5440K)->5230K(5440K)
[2025-06-05T03:04:04.653+0000][6.372s][info ][gc          ] GC(31) Pause Young (Prepare Mixed) (G1 Evacuation Pause) 168M->63M(200M) 8.217ms
[2025-06-05T03:04:04.653+0000][6.372s][info ][gc,cpu      ] GC(31) User=0.02s Sys=0.00s Real=0.01s
[2025-06-05T03:04:04.653+0000][6.373s][info ][safepoint   ] Safepoint "G1CollectForAllocation", Time since last: 289903584 ns, Reaching safepoint: 158333 ns, Cleanup: 88917 ns, At safepoint: 8339166 ns, Total: 8586416 ns
[2025-06-05T03:04:04.656+0000][6.376s][debug][safepoint   ] Safepoint synchronization initiated using futex wait barrier. (13 threads)
[2025-06-05T03:04:04.656+0000][6.376s][info ][gc,start    ] GC(32) Pause Young (Mixed) (G1 Evacuation Pause)
[2025-06-05T03:04:04.657+0000][6.376s][info ][gc,task     ] GC(32) Using 2 workers of 2 for evacuation
[2025-06-05T03:04:04.669+0000][6.389s][info ][gc,phases   ] GC(32)   Pre Evacuate Collection Set: 0.1ms
[2025-06-05T03:04:04.670+0000][6.389s][info ][gc,phases   ] GC(32)   Merge Heap Roots: 0.1ms
[2025-06-05T03:04:04.670+0000][6.389s][info ][gc,phases   ] GC(32)   Evacuate Collection Set: 11.8ms
[2025-06-05T03:04:04.670+0000][6.389s][info ][gc,phases   ] GC(32)   Post Evacuate Collection Set: 0.8ms
[2025-06-05T03:04:04.670+0000][6.389s][info ][gc,phases   ] GC(32)   Other: 0.1ms
[2025-06-05T03:04:04.670+0000][6.389s][info ][gc,heap     ] GC(32) Eden regions: 1->0(108)
[2025-06-05T03:04:04.670+0000][6.389s][info ][gc,heap     ] GC(32) Survivor regions: 9->1(2)
[2025-06-05T03:04:04.670+0000][6.389s][info ][gc,heap     ] GC(32) Old regions: 55->61
[2025-06-05T03:04:04.670+0000][6.389s][info ][gc,heap     ] GC(32) Archive regions: 2->2
[2025-06-05T03:04:04.670+0000][6.389s][info ][gc,heap     ] GC(32) Humongous regions: 0->0
[2025-06-05T03:04:04.670+0000][6.389s][info ][gc,metaspace] GC(32) Metaspace: 41596K(41984K)->41596K(41984K) NonClass: 36362K(36544K)->36362K(36544K) Class: 5234K(5440K)->5234K(5440K)
[2025-06-05T03:04:04.670+0000][6.389s][info ][gc          ] GC(32) Pause Young (Mixed) (G1 Evacuation Pause) 64M->62M(200M) 13.510ms
[2025-06-05T03:04:04.670+0000][6.389s][info ][gc,cpu      ] GC(32) User=0.03s Sys=0.00s Real=0.02s
[2025-06-05T03:04:04.670+0000][6.389s][info ][safepoint   ] Safepoint "G1CollectForAllocation", Time since last: 3077292 ns, Reaching safepoint: 80917 ns, Cleanup: 2500 ns, At safepoint: 13618250 ns, Total: 13701667 ns
[2025-06-05T03:04:04.868+0000][6.588s][debug][safepoint   ] Safepoint synchronization initiated using futex wait barrier. (13 threads)
[2025-06-05T03:04:04.869+0000][6.588s][info ][safepoint   ] Safepoint "ICBufferFull", Time since last: 198398125 ns, Reaching safepoint: 131250 ns, Cleanup: 78167 ns, At safepoint: 2708 ns, Total: 212125 ns
[2025-06-05T03:04:05.099+0000][6.818s][debug][safepoint   ] Safepoint synchronization initiated using futex wait barrier. (13 threads)
[2025-06-05T03:04:05.099+0000][6.818s][info ][gc,start    ] GC(33) Pause Young (Normal) (G1 Evacuation Pause)
[2025-06-05T03:04:05.099+0000][6.819s][info ][gc,task     ] GC(33) Using 2 workers of 2 for evacuation
[2025-06-05T03:04:05.104+0000][6.823s][info ][gc,phases   ] GC(33)   Pre Evacuate Collection Set: 0.1ms
[2025-06-05T03:04:05.104+0000][6.824s][info ][gc,phases   ] GC(33)   Merge Heap Roots: 0.1ms
[2025-06-05T03:04:05.104+0000][6.824s][info ][gc,phases   ] GC(33)   Evacuate Collection Set: 3.2ms
[2025-06-05T03:04:05.104+0000][6.824s][info ][gc,phases   ] GC(33)   Post Evacuate Collection Set: 1.4ms
[2025-06-05T03:04:05.104+0000][6.824s][info ][gc,phases   ] GC(33)   Other: 0.2ms
[2025-06-05T03:04:05.105+0000][6.824s][info ][gc,heap     ] GC(33) Eden regions: 108->0(134)
[2025-06-05T03:04:05.105+0000][6.824s][info ][gc,heap     ] GC(33) Survivor regions: 1->2(14)
[2025-06-05T03:04:05.105+0000][6.824s][info ][gc,heap     ] GC(33) Old regions: 61->61
[2025-06-05T03:04:05.105+0000][6.824s][info ][gc,heap     ] GC(33) Archive regions: 2->2
[2025-06-05T03:04:05.105+0000][6.824s][info ][gc,heap     ] GC(33) Humongous regions: 0->0
[2025-06-05T03:04:05.105+0000][6.824s][info ][gc,metaspace] GC(33) Metaspace: 44262K(44672K)->44262K(44672K) NonClass: 38631K(38848K)->38631K(38848K) Class: 5631K(5824K)->5631K(5824K)
[2025-06-05T03:04:05.105+0000][6.824s][info ][gc          ] GC(33) Pause Young (Normal) (G1 Evacuation Pause) 170M->63M(232M) 5.714ms
[2025-06-05T03:04:05.105+0000][6.824s][info ][gc,cpu      ] GC(33) User=0.00s Sys=0.00s Real=0.01s
[2025-06-05T03:04:05.105+0000][6.824s][info ][safepoint   ] Safepoint "G1CollectForAllocation", Time since last: 230237000 ns, Reaching safepoint: 223292 ns, Cleanup: 67875 ns, At safepoint: 5859666 ns, Total: 6150833 ns
[2025-06-05T03:04:05.271+0000][6.990s][debug][safepoint   ] Safepoint synchronization initiated using futex wait barrier. (13 threads)
[2025-06-05T03:04:05.271+0000][6.990s][info ][safepoint   ] Safepoint "ICBufferFull", Time since last: 165697000 ns, Reaching safepoint: 152625 ns, Cleanup: 89500 ns, At safepoint: 4959 ns, Total: 247084 ns
[2025-06-05T03:04:05.624+0000][7.343s][debug][safepoint   ] Safepoint synchronization initiated using futex wait barrier. (13 threads)
[2025-06-05T03:04:05.624+0000][7.343s][info ][safepoint   ] Safepoint "ICBufferFull", Time since last: 352781125 ns, Reaching safepoint: 155875 ns, Cleanup: 83875 ns, At safepoint: 2542 ns, Total: 242292 ns
[2025-06-05T03:04:05.833+0000][7.553s][debug][safepoint   ] Safepoint synchronization initiated using futex wait barrier. (13 threads)
[2025-06-05T03:04:05.834+0000][7.554s][info ][gc,start    ] GC(34) Pause Young (Normal) (G1 Evacuation Pause)
[2025-06-05T03:04:05.834+0000][7.554s][info ][gc,task     ] GC(34) Using 2 workers of 2 for evacuation
[2025-06-05T03:04:05.845+0000][7.564s][info ][gc,phases   ] GC(34)   Pre Evacuate Collection Set: 0.2ms
[2025-06-05T03:04:05.845+0000][7.564s][info ][gc,phases   ] GC(34)   Merge Heap Roots: 0.1ms
[2025-06-05T03:04:05.845+0000][7.564s][info ][gc,phases   ] GC(34)   Evacuate Collection Set: 8.3ms
[2025-06-05T03:04:05.845+0000][7.564s][info ][gc,phases   ] GC(34)   Post Evacuate Collection Set: 1.4ms
[2025-06-05T03:04:05.845+0000][7.564s][info ][gc,phases   ] GC(34)   Other: 0.2ms
[2025-06-05T03:04:05.845+0000][7.564s][info ][gc,heap     ] GC(34) Eden regions: 134->0(130)
[2025-06-05T03:04:05.845+0000][7.564s][info ][gc,heap     ] GC(34) Survivor regions: 2->5(17)
[2025-06-05T03:04:05.845+0000][7.564s][info ][gc,heap     ] GC(34) Old regions: 61->61
[2025-06-05T03:04:05.845+0000][7.564s][info ][gc,heap     ] GC(34) Archive regions: 2->2
[2025-06-05T03:04:05.845+0000][7.564s][info ][gc,heap     ] GC(34) Humongous regions: 0->0
[2025-06-05T03:04:05.845+0000][7.564s][info ][gc,metaspace] GC(34) Metaspace: 48876K(49344K)->48876K(49344K) NonClass: 42650K(42880K)->42650K(42880K) Class: 6226K(6464K)->6226K(6464K)
[2025-06-05T03:04:05.845+0000][7.564s][info ][gc          ] GC(34) Pause Young (Normal) (G1 Evacuation Pause) 197M->66M(232M) 10.803ms
[2025-06-05T03:04:05.845+0000][7.565s][info ][gc,cpu      ] GC(34) User=0.02s Sys=0.00s Real=0.01s
[2025-06-05T03:04:05.845+0000][7.565s][info ][safepoint   ] Safepoint "G1CollectForAllocation", Time since last: 209411291 ns, Reaching safepoint: 869709 ns, Cleanup: 59541 ns, At safepoint: 10981667 ns, Total: 11910917 ns
[2025-06-05T03:04:06.024+0000][7.744s][debug][safepoint   ] Safepoint synchronization initiated using futex wait barrier. (13 threads)
[2025-06-05T03:04:06.025+0000][7.744s][info ][safepoint   ] Safepoint "ICBufferFull", Time since last: 178992167 ns, Reaching safepoint: 227166 ns, Cleanup: 74750 ns, At safepoint: 8042 ns, Total: 309958 ns
[2025-06-05T03:04:06.357+0000][8.076s][debug][safepoint   ] Safepoint synchronization initiated using futex wait barrier. (15 threads)
[2025-06-05T03:04:06.357+0000][8.076s][info ][safepoint   ] Safepoint "ICBufferFull", Time since last: 331967291 ns, Reaching safepoint: 178250 ns, Cleanup: 75334 ns, At safepoint: 2250 ns, Total: 255834 ns
[2025-06-05T03:04:07.365+0000][9.084s][debug][safepoint   ] Safepoint synchronization initiated using futex wait barrier. (15 threads)
[2025-06-05T03:04:07.367+0000][9.086s][info ][safepoint   ] Safepoint "Cleanup", Time since last: 1007991125 ns, Reaching safepoint: 1705792 ns, Cleanup: 74333 ns, At safepoint: 28917 ns, Total: 1809042 ns
[2025-06-05T03:04:07.458+0000][9.177s][debug][safepoint   ] Safepoint synchronization initiated using futex wait barrier. (15 threads)
[2025-06-05T03:04:07.458+0000][9.177s][info ][safepoint   ] Safepoint "ICBufferFull", Time since last: 91221041 ns, Reaching safepoint: 151625 ns, Cleanup: 64500 ns, At safepoint: 2250 ns, Total: 218375 ns
[2025-06-05T03:04:07.536+0000][9.255s][debug][safepoint   ] Safepoint synchronization initiated using futex wait barrier. (15 threads)
[2025-06-05T03:04:07.537+0000][9.256s][info ][safepoint   ] Safepoint "ICBufferFull", Time since last: 77621334 ns, Reaching safepoint: 843000 ns, Cleanup: 92916 ns, At safepoint: 3209 ns, Total: 939125 ns
[2025-06-05T03:04:07.787+0000][9.506s][debug][safepoint   ] Safepoint synchronization initiated using futex wait barrier. (15 threads)
[2025-06-05T03:04:07.787+0000][9.506s][info ][safepoint   ] Safepoint "ICBufferFull", Time since last: 249641958 ns, Reaching safepoint: 168959 ns, Cleanup: 70708 ns, At safepoint: 4708 ns, Total: 244375 ns
[2025-06-05T03:04:07.850+0000][9.569s][debug][safepoint   ] Safepoint synchronization initiated using futex wait barrier. (15 threads)
[2025-06-05T03:04:07.850+0000][9.569s][info ][gc,start    ] GC(35) Pause Young (Normal) (G1 Evacuation Pause)
[2025-06-05T03:04:07.850+0000][9.569s][info ][gc,task     ] GC(35) Using 2 workers of 2 for evacuation
[2025-06-05T03:04:07.869+0000][9.587s][info ][gc,phases   ] GC(35)   Pre Evacuate Collection Set: 0.3ms
[2025-06-05T03:04:07.869+0000][9.588s][info ][gc,phases   ] GC(35)   Merge Heap Roots: 0.2ms
[2025-06-05T03:04:07.869+0000][9.588s][info ][gc,phases   ] GC(35)   Evacuate Collection Set: 15.5ms
[2025-06-05T03:04:07.869+0000][9.588s][info ][gc,phases   ] GC(35)   Post Evacuate Collection Set: 1.9ms
[2025-06-05T03:04:07.869+0000][9.588s][info ][gc,phases   ] GC(35)   Other: 0.4ms
[2025-06-05T03:04:07.869+0000][9.588s][info ][gc,heap     ] GC(35) Eden regions: 130->0(125)
[2025-06-05T03:04:07.869+0000][9.588s][info ][gc,heap     ] GC(35) Survivor regions: 5->9(17)
[2025-06-05T03:04:07.869+0000][9.588s][info ][gc,heap     ] GC(35) Old regions: 61->61
[2025-06-05T03:04:07.869+0000][9.588s][info ][gc,heap     ] GC(35) Archive regions: 2->2
[2025-06-05T03:04:07.869+0000][9.588s][info ][gc,heap     ] GC(35) Humongous regions: 0->0
[2025-06-05T03:04:07.869+0000][9.588s][info ][gc,metaspace] GC(35) Metaspace: 55222K(55616K)->55222K(55616K) NonClass: 48260K(48448K)->48260K(48448K) Class: 6962K(7168K)->6962K(7168K)
[2025-06-05T03:04:07.869+0000][9.588s][info ][gc          ] GC(35) Pause Young (Normal) (G1 Evacuation Pause) 196M->70M(232M) 18.643ms
[2025-06-05T03:04:07.869+0000][9.588s][info ][gc,cpu      ] GC(35) User=0.04s Sys=0.00s Real=0.01s
[2025-06-05T03:04:07.869+0000][9.588s][info ][safepoint   ] Safepoint "G1CollectForAllocation", Time since last: 63142792 ns, Reaching safepoint: 160792 ns, Cleanup: 59875 ns, At safepoint: 18819000 ns, Total: 19039667 ns
[2025-06-05T03:04:08.167+0000][9.886s][debug][safepoint   ] Safepoint synchronization initiated using futex wait barrier. (15 threads)
[2025-06-05T03:04:08.168+0000][9.887s][info ][gc,start    ] GC(36) Pause Young (Normal) (G1 Evacuation Pause)
[2025-06-05T03:04:08.168+0000][9.887s][info ][gc,task     ] GC(36) Using 2 workers of 2 for evacuation
[2025-06-05T03:04:08.179+0000][9.898s][info ][gc,phases   ] GC(36)   Pre Evacuate Collection Set: 0.1ms
[2025-06-05T03:04:08.179+0000][9.898s][info ][gc,phases   ] GC(36)   Merge Heap Roots: 0.1ms
[2025-06-05T03:04:08.179+0000][9.898s][info ][gc,phases   ] GC(36)   Evacuate Collection Set: 9.3ms
[2025-06-05T03:04:08.180+0000][9.899s][info ][gc,phases   ] GC(36)   Post Evacuate Collection Set: 1.7ms
[2025-06-05T03:04:08.180+0000][9.899s][info ][gc,phases   ] GC(36)   Other: 0.2ms
[2025-06-05T03:04:08.180+0000][9.899s][info ][gc,heap     ] GC(36) Eden regions: 125->0(127)
[2025-06-05T03:04:08.180+0000][9.899s][info ][gc,heap     ] GC(36) Survivor regions: 9->9(17)
[2025-06-05T03:04:08.180+0000][9.899s][info ][gc,heap     ] GC(36) Old regions: 61->61
[2025-06-05T03:04:08.180+0000][9.899s][info ][gc,heap     ] GC(36) Archive regions: 2->2
[2025-06-05T03:04:08.180+0000][9.899s][info ][gc,heap     ] GC(36) Humongous regions: 0->0
[2025-06-05T03:04:08.181+0000][9.899s][info ][gc,metaspace] GC(36) Metaspace: 58626K(59072K)->58626K(59072K) NonClass: 51168K(51392K)->51168K(51392K) Class: 7457K(7680K)->7457K(7680K)
[2025-06-05T03:04:08.181+0000][9.900s][info ][gc          ] GC(36) Pause Young (Normal) (G1 Evacuation Pause) 195M->70M(232M) 12.998ms
[2025-06-05T03:04:08.181+0000][9.900s][info ][gc,cpu      ] GC(36) User=0.03s Sys=0.00s Real=0.02s
[2025-06-05T03:04:08.181+0000][9.900s][info ][safepoint   ] Safepoint "G1CollectForAllocation", Time since last: 298323291 ns, Reaching safepoint: 124084 ns, Cleanup: 32250 ns, At safepoint: 13203958 ns, Total: 13360292 ns
[2025-06-05T03:04:08.553+0000][10.272s][debug][safepoint   ] Safepoint synchronization initiated using futex wait barrier. (18 threads)
[2025-06-05T03:04:08.553+0000][10.272s][info ][safepoint   ] Safepoint "ICBufferFull", Time since last: 372049459 ns, Reaching safepoint: 181250 ns, Cleanup: 73708 ns, At safepoint: 5667 ns, Total: 260625 ns
[2025-06-05T03:04:08.711+0000][10.429s][debug][safepoint   ] Safepoint synchronization initiated using futex wait barrier. (18 threads)
[2025-06-05T03:04:08.711+0000][10.430s][info ][safepoint   ] Safepoint "ICBufferFull", Time since last: 157432541 ns, Reaching safepoint: 128125 ns, Cleanup: 80709 ns, At safepoint: 1916 ns, Total: 210750 ns
[2025-06-05T03:04:08.752+0000][10.471s][debug][safepoint   ] Safepoint synchronization initiated using futex wait barrier. (18 threads)
[2025-06-05T03:04:08.752+0000][10.471s][info ][gc,start    ] GC(37) Pause Young (Normal) (G1 Evacuation Pause)
[2025-06-05T03:04:08.752+0000][10.471s][info ][gc,task     ] GC(37) Using 2 workers of 2 for evacuation
[2025-06-05T03:04:08.794+0000][10.513s][info ][gc,phases   ] GC(37)   Pre Evacuate Collection Set: 0.1ms
[2025-06-05T03:04:08.794+0000][10.513s][info ][gc,phases   ] GC(37)   Merge Heap Roots: 0.2ms
[2025-06-05T03:04:08.794+0000][10.513s][info ][gc,phases   ] GC(37)   Evacuate Collection Set: 39.8ms
[2025-06-05T03:04:08.794+0000][10.513s][info ][gc,phases   ] GC(37)   Post Evacuate Collection Set: 1.5ms
[2025-06-05T03:04:08.794+0000][10.513s][info ][gc,phases   ] GC(37)   Other: 0.2ms
[2025-06-05T03:04:08.795+0000][10.513s][info ][gc,heap     ] GC(37) Eden regions: 127->0(124)
[2025-06-05T03:04:08.795+0000][10.513s][info ][gc,heap     ] GC(37) Survivor regions: 9->10(17)
[2025-06-05T03:04:08.795+0000][10.514s][info ][gc,heap     ] GC(37) Old regions: 61->62
[2025-06-05T03:04:08.795+0000][10.514s][info ][gc,heap     ] GC(37) Archive regions: 2->2
[2025-06-05T03:04:08.795+0000][10.514s][info ][gc,heap     ] GC(37) Humongous regions: 0->0
[2025-06-05T03:04:08.795+0000][10.514s][info ][gc,metaspace] GC(37) Metaspace: 63247K(63680K)->63247K(63680K) NonClass: 55262K(55488K)->55262K(55488K) Class: 7984K(8192K)->7984K(8192K)
[2025-06-05T03:04:08.795+0000][10.514s][info ][gc          ] GC(37) Pause Young (Normal) (G1 Evacuation Pause) 197M->72M(232M) 42.656ms
[2025-06-05T03:04:08.795+0000][10.514s][info ][gc,cpu      ] GC(37) User=0.05s Sys=0.00s Real=0.04s
[2025-06-05T03:04:08.795+0000][10.514s][info ][safepoint   ] Safepoint "G1CollectForAllocation", Time since last: 41336209 ns, Reaching safepoint: 152333 ns, Cleanup: 21667 ns, At safepoint: 42825083 ns, Total: 42999083 ns
[2025-06-05T03:04:09.043+0000][10.762s][debug][safepoint   ] Safepoint synchronization initiated using futex wait barrier. (18 threads)
[2025-06-05T03:04:09.044+0000][10.763s][info ][gc,start    ] GC(38) Pause Young (Normal) (G1 Evacuation Pause)
[2025-06-05T03:04:09.044+0000][10.763s][info ][gc,task     ] GC(38) Using 2 workers of 2 for evacuation
[2025-06-05T03:04:09.053+0000][10.772s][info ][gc,phases   ] GC(38)   Pre Evacuate Collection Set: 0.1ms
[2025-06-05T03:04:09.053+0000][10.772s][info ][gc,phases   ] GC(38)   Merge Heap Roots: 0.1ms
[2025-06-05T03:04:09.053+0000][10.772s][info ][gc,phases   ] GC(38)   Evacuate Collection Set: 7.6ms
[2025-06-05T03:04:09.053+0000][10.772s][info ][gc,phases   ] GC(38)   Post Evacuate Collection Set: 0.8ms
[2025-06-05T03:04:09.053+0000][10.772s][info ][gc,phases   ] GC(38)   Other: 0.1ms
[2025-06-05T03:04:09.053+0000][10.772s][info ][gc,heap     ] GC(38) Eden regions: 124->0(126)
[2025-06-05T03:04:09.053+0000][10.772s][info ][gc,heap     ] GC(38) Survivor regions: 10->7(17)
[2025-06-05T03:04:09.053+0000][10.772s][info ][gc,heap     ] GC(38) Old regions: 62->65
[2025-06-05T03:04:09.053+0000][10.772s][info ][gc,heap     ] GC(38) Archive regions: 2->2
[2025-06-05T03:04:09.053+0000][10.772s][info ][gc,heap     ] GC(38) Humongous regions: 0->0
[2025-06-05T03:04:09.053+0000][10.772s][info ][gc,metaspace] GC(38) Metaspace: 65801K(66240K)->65801K(66240K) NonClass: 57389K(57600K)->57389K(57600K) Class: 8412K(8640K)->8412K(8640K)
[2025-06-05T03:04:09.053+0000][10.772s][info ][gc          ] GC(38) Pause Young (Normal) (G1 Evacuation Pause) 196M->72M(232M) 9.054ms
[2025-06-05T03:04:09.053+0000][10.772s][info ][gc,cpu      ] GC(38) User=0.01s Sys=0.00s Real=0.01s
[2025-06-05T03:04:09.053+0000][10.772s][info ][safepoint   ] Safepoint "G1CollectForAllocation", Time since last: 247690917 ns, Reaching safepoint: 270375 ns, Cleanup: 1110583 ns, At safepoint: 9145000 ns, Total: 10525958 ns
[2025-06-05T03:04:09.111+0000][10.830s][debug][safepoint   ] Safepoint synchronization initiated using futex wait barrier. (18 threads)
[2025-06-05T03:04:09.111+0000][10.830s][info ][gc,start    ] GC(39) Pause Young (Concurrent Start) (Metadata GC Threshold)
[2025-06-05T03:04:09.111+0000][10.830s][info ][gc,task     ] GC(39) Using 2 workers of 2 for evacuation
[2025-06-05T03:04:09.118+0000][10.837s][info ][gc,phases   ] GC(39)   Pre Evacuate Collection Set: 0.2ms
[2025-06-05T03:04:09.118+0000][10.837s][info ][gc,phases   ] GC(39)   Merge Heap Roots: 0.1ms
[2025-06-05T03:04:09.118+0000][10.837s][info ][gc,phases   ] GC(39)   Evacuate Collection Set: 5.8ms
[2025-06-05T03:04:09.118+0000][10.837s][info ][gc,phases   ] GC(39)   Post Evacuate Collection Set: 1.0ms
[2025-06-05T03:04:09.118+0000][10.837s][info ][gc,phases   ] GC(39)   Other: 0.2ms
[2025-06-05T03:04:09.118+0000][10.837s][info ][gc,heap     ] GC(39) Eden regions: 22->0(127)
[2025-06-05T03:04:09.118+0000][10.837s][info ][gc,heap     ] GC(39) Survivor regions: 7->7(17)
[2025-06-05T03:04:09.119+0000][10.837s][info ][gc,heap     ] GC(39) Old regions: 65->65
[2025-06-05T03:04:09.119+0000][10.837s][info ][gc,heap     ] GC(39) Archive regions: 2->2
[2025-06-05T03:04:09.119+0000][10.837s][info ][gc,heap     ] GC(39) Humongous regions: 0->0
[2025-06-05T03:04:09.119+0000][10.838s][info ][gc,metaspace] GC(39) Metaspace: 67079K(67520K)->67079K(67520K) NonClass: 58518K(58752K)->58518K(58752K) Class: 8561K(8768K)->8561K(8768K)
[2025-06-05T03:04:09.119+0000][10.838s][info ][gc          ] GC(39) Pause Young (Concurrent Start) (Metadata GC Threshold) 93M->72M(232M) 7.808ms
[2025-06-05T03:04:09.119+0000][10.838s][info ][gc,cpu      ] GC(39) User=0.02s Sys=0.00s Real=0.00s
[2025-06-05T03:04:09.119+0000][10.838s][info ][safepoint   ] Safepoint "CollectForMetadataAllocation", Time since last: 57440542 ns, Reaching safepoint: 138208 ns, Cleanup: 22542 ns, At safepoint: 8058792 ns, Total: 8219542 ns
[2025-06-05T03:04:09.119+0000][10.838s][info ][gc          ] GC(40) Concurrent Mark Cycle
[2025-06-05T03:04:09.123+0000][10.842s][info ][gc,marking  ] GC(40) Concurrent Clear Claimed Marks
[2025-06-05T03:04:09.123+0000][10.842s][info ][gc,marking  ] GC(40) Concurrent Clear Claimed Marks 0.564ms
[2025-06-05T03:04:09.126+0000][10.844s][info ][gc,marking  ] GC(40) Concurrent Scan Root Regions
[2025-06-05T03:04:09.134+0000][10.852s][info ][gc,marking  ] GC(40) Concurrent Scan Root Regions 8.001ms
[2025-06-05T03:04:09.134+0000][10.853s][info ][gc,marking  ] GC(40) Concurrent Mark
[2025-06-05T03:04:09.134+0000][10.853s][info ][gc,marking  ] GC(40) Concurrent Mark From Roots
[2025-06-05T03:04:09.134+0000][10.853s][info ][gc,task     ] GC(40) Using 1 workers of 1 for marking
[2025-06-05T03:04:09.195+0000][10.914s][debug][safepoint   ] Safepoint synchronization initiated using futex wait barrier. (18 threads)
[2025-06-05T03:04:09.195+0000][10.914s][info ][safepoint   ] Safepoint "CollectForMetadataAllocation", Time since last: 75951958 ns, Reaching safepoint: 258208 ns, Cleanup: 12917 ns, At safepoint: 49417 ns, Total: 320542 ns
[2025-06-05T03:04:09.233+0000][10.952s][debug][safepoint   ] Safepoint synchronization initiated using futex wait barrier. (18 threads)
[2025-06-05T03:04:09.233+0000][10.952s][info ][safepoint   ] Safepoint "CollectForMetadataAllocation", Time since last: 37949708 ns, Reaching safepoint: 128667 ns, Cleanup: 18583 ns, At safepoint: 25667 ns, Total: 172917 ns
[2025-06-05T03:04:09.249+0000][10.968s][info ][gc,marking  ] GC(40) Concurrent Mark From Roots 115.270ms
[2025-06-05T03:04:09.251+0000][10.970s][info ][gc,marking  ] GC(40) Concurrent Preclean
[2025-06-05T03:04:09.251+0000][10.970s][info ][gc,marking  ] GC(40) Concurrent Preclean 0.196ms
[2025-06-05T03:04:09.287+0000][11.006s][debug][safepoint   ] Safepoint synchronization initiated using futex wait barrier. (18 threads)
[2025-06-05T03:04:09.288+0000][11.007s][debug][safepoint   ] ... found polling page loop exception at pc = 0x0000ffff68f1811c, stub =0x0000ffff6897ef00
[2025-06-05T03:04:09.289+0000][11.008s][info ][gc,start    ] GC(40) Pause Remark
[2025-06-05T03:04:09.301+0000][11.020s][info ][gc          ] GC(40) Pause Remark 99M->99M(232M) 12.314ms
[2025-06-05T03:04:09.301+0000][11.020s][info ][gc,cpu      ] GC(40) User=0.01s Sys=0.00s Real=0.02s
[2025-06-05T03:04:09.302+0000][11.020s][info ][safepoint   ] Safepoint "G1PauseRemark", Time since last: 53345291 ns, Reaching safepoint: 2171000 ns, Cleanup: 10625 ns, At safepoint: 12694084 ns, Total: 14875709 ns
[2025-06-05T03:04:09.303+0000][11.022s][info ][gc,marking  ] GC(40) Concurrent Mark 168.914ms
[2025-06-05T03:04:09.303+0000][11.022s][info ][gc,marking  ] GC(40) Concurrent Rebuild Remembered Sets
[2025-06-05T03:04:09.348+0000][11.067s][info ][gc,marking  ] GC(40) Concurrent Rebuild Remembered Sets 45.566ms
[2025-06-05T03:04:09.349+0000][11.068s][debug][safepoint   ] Safepoint synchronization initiated using futex wait barrier. (18 threads)
[2025-06-05T03:04:09.350+0000][11.069s][info ][gc,start    ] GC(40) Pause Cleanup
[2025-06-05T03:04:09.350+0000][11.069s][info ][gc          ] GC(40) Pause Cleanup 110M->110M(232M) 0.187ms
[2025-06-05T03:04:09.350+0000][11.069s][info ][gc,cpu      ] GC(40) User=0.00s Sys=0.00s Real=0.00s
[2025-06-05T03:04:09.350+0000][11.069s][info ][safepoint   ] Safepoint "G1PauseCleanup", Time since last: 47594916 ns, Reaching safepoint: 515125 ns, Cleanup: 32250 ns, At safepoint: 308625 ns, Total: 856000 ns
[2025-06-05T03:04:09.350+0000][11.069s][info ][gc,marking  ] GC(40) Concurrent Cleanup for Next Mark
[2025-06-05T03:04:09.356+0000][11.075s][info ][gc,marking  ] GC(40) Concurrent Cleanup for Next Mark 6.168ms
[2025-06-05T03:04:09.357+0000][11.075s][info ][gc          ] GC(40) Concurrent Mark Cycle 237.573ms
[2025-06-05T03:04:09.412+0000][11.131s][debug][safepoint   ] Safepoint synchronization initiated using futex wait barrier. (18 threads)
[2025-06-05T03:04:09.413+0000][11.132s][info ][safepoint   ] Safepoint "ICBufferFull", Time since last: 61894792 ns, Reaching safepoint: 914000 ns, Cleanup: 66792 ns, At safepoint: 6083 ns, Total: 986875 ns
[2025-06-05T03:04:09.444+0000][11.163s][debug][safepoint   ] Safepoint synchronization initiated using futex wait barrier. (18 threads)
[2025-06-05T03:04:09.444+0000][11.163s][info ][safepoint   ] Safepoint "ICBufferFull", Time since last: 31276458 ns, Reaching safepoint: 169959 ns, Cleanup: 54833 ns, At safepoint: 1958 ns, Total: 226750 ns
[2025-06-05T03:04:09.563+0000][11.282s][debug][safepoint   ] Safepoint synchronization initiated using futex wait barrier. (18 threads)
[2025-06-05T03:04:09.563+0000][11.282s][info ][safepoint   ] Safepoint "ICBufferFull", Time since last: 118317375 ns, Reaching safepoint: 146709 ns, Cleanup: 55500 ns, At safepoint: 2250 ns, Total: 204459 ns
[2025-06-05T03:04:09.945+0000][11.664s][debug][safepoint   ] Safepoint synchronization initiated using futex wait barrier. (18 threads)
[2025-06-05T03:04:09.946+0000][11.665s][info ][gc,start    ] GC(41) Pause Young (Prepare Mixed) (G1 Evacuation Pause)
[2025-06-05T03:04:09.946+0000][11.665s][info ][gc,task     ] GC(41) Using 2 workers of 2 for evacuation
[2025-06-05T03:04:09.965+0000][11.684s][info ][gc,phases   ] GC(41)   Pre Evacuate Collection Set: 0.2ms
[2025-06-05T03:04:09.965+0000][11.684s][info ][gc,phases   ] GC(41)   Merge Heap Roots: 0.4ms
[2025-06-05T03:04:09.965+0000][11.684s][info ][gc,phases   ] GC(41)   Evacuate Collection Set: 16.9ms
[2025-06-05T03:04:09.965+0000][11.684s][info ][gc,phases   ] GC(41)   Post Evacuate Collection Set: 1.2ms
[2025-06-05T03:04:09.965+0000][11.684s][info ][gc,phases   ] GC(41)   Other: 0.6ms
[2025-06-05T03:04:09.966+0000][11.684s][info ][gc,heap     ] GC(41) Eden regions: 127->0(1)
[2025-06-05T03:04:09.966+0000][11.684s][info ][gc,heap     ] GC(41) Survivor regions: 7->10(17)
[2025-06-05T03:04:09.966+0000][11.685s][info ][gc,heap     ] GC(41) Old regions: 65->65
[2025-06-05T03:04:09.966+0000][11.685s][info ][gc,heap     ] GC(41) Archive regions: 2->2
[2025-06-05T03:04:09.966+0000][11.685s][info ][gc,heap     ] GC(41) Humongous regions: 0->0
[2025-06-05T03:04:09.966+0000][11.685s][info ][gc,metaspace] GC(41) Metaspace: 68937K(69376K)->68937K(69376K) NonClass: 60131K(60352K)->60131K(60352K) Class: 8805K(9024K)->8805K(9024K)
[2025-06-05T03:04:09.966+0000][11.685s][info ][gc          ] GC(41) Pause Young (Prepare Mixed) (G1 Evacuation Pause) 199M->75M(232M) 19.813ms
[2025-06-05T03:04:09.966+0000][11.685s][info ][gc,cpu      ] GC(41) User=0.04s Sys=0.00s Real=0.02s
[2025-06-05T03:04:09.966+0000][11.685s][info ][safepoint   ] Safepoint "G1CollectForAllocation", Time since last: 382395667 ns, Reaching safepoint: 356000 ns, Cleanup: 182875 ns, At safepoint: 20013375 ns, Total: 20552250 ns
[2025-06-05T03:04:09.971+0000][11.690s][debug][safepoint   ] Safepoint synchronization initiated using futex wait barrier. (18 threads)
[2025-06-05T03:04:09.971+0000][11.690s][info ][gc,start    ] GC(42) Pause Young (Mixed) (G1 Evacuation Pause)
[2025-06-05T03:04:09.971+0000][11.690s][info ][gc,task     ] GC(42) Using 2 workers of 2 for evacuation
[2025-06-05T03:04:09.987+0000][11.706s][info ][gc,phases   ] GC(42)   Pre Evacuate Collection Set: 0.1ms
[2025-06-05T03:04:09.987+0000][11.706s][info ][gc,phases   ] GC(42)   Merge Heap Roots: 0.1ms
[2025-06-05T03:04:09.987+0000][11.706s][info ][gc,phases   ] GC(42)   Evacuate Collection Set: 14.8ms
[2025-06-05T03:04:09.987+0000][11.706s][info ][gc,phases   ] GC(42)   Post Evacuate Collection Set: 0.9ms
[2025-06-05T03:04:09.987+0000][11.706s][info ][gc,phases   ] GC(42)   Other: 0.1ms
[2025-06-05T03:04:09.987+0000][11.706s][info ][gc,heap     ] GC(42) Eden regions: 1->0(124)
[2025-06-05T03:04:09.987+0000][11.706s][info ][gc,heap     ] GC(42) Survivor regions: 10->1(2)
[2025-06-05T03:04:09.987+0000][11.706s][info ][gc,heap     ] GC(42) Old regions: 65->73
[2025-06-05T03:04:09.987+0000][11.706s][info ][gc,heap     ] GC(42) Archive regions: 2->2
[2025-06-05T03:04:09.987+0000][11.706s][info ][gc,heap     ] GC(42) Humongous regions: 0->0
[2025-06-05T03:04:09.987+0000][11.706s][info ][gc,metaspace] GC(42) Metaspace: 68978K(69440K)->68978K(69440K) NonClass: 60168K(60416K)->60168K(60416K) Class: 8810K(9024K)->8810K(9024K)
[2025-06-05T03:04:09.987+0000][11.706s][info ][gc          ] GC(42) Pause Young (Mixed) (G1 Evacuation Pause) 76M->74M(232M) 16.540ms
[2025-06-05T03:04:09.987+0000][11.706s][info ][gc,cpu      ] GC(42) User=0.04s Sys=0.01s Real=0.01s
[2025-06-05T03:04:09.987+0000][11.706s][info ][safepoint   ] Safepoint "G1CollectForAllocation", Time since last: 4878666 ns, Reaching safepoint: 88084 ns, Cleanup: 3166 ns, At safepoint: 16642125 ns, Total: 16733375 ns
[2025-06-05T03:04:10.191+0000][11.910s][debug][safepoint   ] Safepoint synchronization initiated using futex wait barrier. (19 threads)
[2025-06-05T03:04:10.191+0000][11.910s][info ][safepoint   ] Safepoint "ICBufferFull", Time since last: 203421125 ns, Reaching safepoint: 267292 ns, Cleanup: 68333 ns, At safepoint: 2750 ns, Total: 338375 ns
[2025-06-05T03:04:10.241+0000][11.960s][debug][safepoint   ] Safepoint synchronization initiated using futex wait barrier. (19 threads)
[2025-06-05T03:04:10.241+0000][11.960s][info ][safepoint   ] Safepoint "ICBufferFull", Time since last: 49498709 ns, Reaching safepoint: 154166 ns, Cleanup: 53875 ns, At safepoint: 9125 ns, Total: 217166 ns
[2025-06-05T03:04:10.295+0000][12.014s][debug][safepoint   ] Safepoint synchronization initiated using futex wait barrier. (19 threads)
[2025-06-05T03:04:10.296+0000][12.015s][info ][safepoint   ] Safepoint "ICBufferFull", Time since last: 54493042 ns, Reaching safepoint: 242833 ns, Cleanup: 104167 ns, At safepoint: 3042 ns, Total: 350042 ns
[2025-06-05T03:04:10.363+0000][12.082s][debug][safepoint   ] Safepoint synchronization initiated using futex wait barrier. (19 threads)
[2025-06-05T03:04:10.363+0000][12.082s][info ][safepoint   ] Safepoint "ICBufferFull", Time since last: 67131375 ns, Reaching safepoint: 180708 ns, Cleanup: 61042 ns, At safepoint: 2041 ns, Total: 243791 ns
[2025-06-05T03:04:10.472+0000][12.191s][debug][safepoint   ] Safepoint synchronization initiated using futex wait barrier. (19 threads)
[2025-06-05T03:04:10.472+0000][12.191s][info ][gc,start    ] GC(43) Pause Young (Concurrent Start) (G1 Evacuation Pause)
[2025-06-05T03:04:10.472+0000][12.191s][info ][gc,task     ] GC(43) Using 2 workers of 2 for evacuation
[2025-06-05T03:04:10.481+0000][12.200s][info ][gc,phases   ] GC(43)   Pre Evacuate Collection Set: 0.3ms
[2025-06-05T03:04:10.481+0000][12.200s][info ][gc,phases   ] GC(43)   Merge Heap Roots: 0.2ms
[2025-06-05T03:04:10.481+0000][12.200s][info ][gc,phases   ] GC(43)   Evacuate Collection Set: 7.1ms
[2025-06-05T03:04:10.481+0000][12.200s][info ][gc,phases   ] GC(43)   Post Evacuate Collection Set: 1.3ms
[2025-06-05T03:04:10.481+0000][12.200s][info ][gc,phases   ] GC(43)   Other: 0.4ms
[2025-06-05T03:04:10.481+0000][12.200s][info ][gc,heap     ] GC(43) Eden regions: 124->0(124)
[2025-06-05T03:04:10.481+0000][12.200s][info ][gc,heap     ] GC(43) Survivor regions: 1->2(16)
[2025-06-05T03:04:10.481+0000][12.200s][info ][gc,heap     ] GC(43) Old regions: 73->73
[2025-06-05T03:04:10.481+0000][12.200s][info ][gc,heap     ] GC(43) Archive regions: 2->2
[2025-06-05T03:04:10.482+0000][12.200s][info ][gc,heap     ] GC(43) Humongous regions: 0->0
[2025-06-05T03:04:10.482+0000][12.200s][info ][gc,metaspace] GC(43) Metaspace: 72582K(73024K)->72582K(73024K) NonClass: 63328K(63552K)->63328K(63552K) Class: 9253K(9472K)->9253K(9472K)
[2025-06-05T03:04:10.482+0000][12.201s][info ][gc          ] GC(43) Pause Young (Concurrent Start) (G1 Evacuation Pause) 198M->75M(232M) 9.723ms
[2025-06-05T03:04:10.482+0000][12.201s][info ][gc,cpu      ] GC(43) User=0.03s Sys=0.00s Real=0.01s
[2025-06-05T03:04:10.482+0000][12.201s][info ][safepoint   ] Safepoint "G1CollectForAllocation", Time since last: 108509376 ns, Reaching safepoint: 152500 ns, Cleanup: 36416 ns, At safepoint: 9926459 ns, Total: 10115375 ns
[2025-06-05T03:04:10.482+0000][12.201s][info ][gc          ] GC(44) Concurrent Mark Cycle
[2025-06-05T03:04:10.484+0000][12.203s][info ][gc,marking  ] GC(44) Concurrent Clear Claimed Marks
[2025-06-05T03:04:10.484+0000][12.203s][info ][gc,marking  ] GC(44) Concurrent Clear Claimed Marks 0.128ms
[2025-06-05T03:04:10.484+0000][12.203s][info ][gc,marking  ] GC(44) Concurrent Scan Root Regions
[2025-06-05T03:04:10.489+0000][12.208s][info ][gc,marking  ] GC(44) Concurrent Scan Root Regions 4.983ms
[2025-06-05T03:04:10.489+0000][12.208s][info ][gc,marking  ] GC(44) Concurrent Mark
[2025-06-05T03:04:10.493+0000][12.212s][info ][gc,marking  ] GC(44) Concurrent Mark From Roots
[2025-06-05T03:04:10.493+0000][12.212s][info ][gc,task     ] GC(44) Using 1 workers of 1 for marking
[2025-06-05T03:04:10.652+0000][12.371s][info ][gc,marking  ] GC(44) Concurrent Mark From Roots 159.667ms
[2025-06-05T03:04:10.653+0000][12.372s][info ][gc,marking  ] GC(44) Concurrent Preclean
[2025-06-05T03:04:10.653+0000][12.372s][info ][gc,marking  ] GC(44) Concurrent Preclean 0.231ms
[2025-06-05T03:04:10.653+0000][12.372s][debug][safepoint   ] Safepoint synchronization initiated using futex wait barrier. (19 threads)
[2025-06-05T03:04:10.655+0000][12.374s][info ][gc,start    ] GC(44) Pause Remark
[2025-06-05T03:04:10.667+0000][12.386s][info ][gc          ] GC(44) Pause Remark 97M->97M(232M) 12.005ms
[2025-06-05T03:04:10.667+0000][12.386s][info ][gc,cpu      ] GC(44) User=0.02s Sys=0.00s Real=0.01s
[2025-06-05T03:04:10.667+0000][12.386s][info ][safepoint   ] Safepoint "G1PauseRemark", Time since last: 171281583 ns, Reaching safepoint: 1792208 ns, Cleanup: 20542 ns, At safepoint: 12242375 ns, Total: 14055125 ns
[2025-06-05T03:04:10.668+0000][12.387s][info ][gc,marking  ] GC(44) Concurrent Mark 178.801ms
[2025-06-05T03:04:10.668+0000][12.387s][info ][gc,marking  ] GC(44) Concurrent Rebuild Remembered Sets
[2025-06-05T03:04:10.711+0000][12.430s][info ][gc,marking  ] GC(44) Concurrent Rebuild Remembered Sets 43.375ms
[2025-06-05T03:04:10.711+0000][12.430s][debug][safepoint   ] Safepoint synchronization initiated using futex wait barrier. (19 threads)
[2025-06-05T03:04:10.712+0000][12.431s][info ][gc,start    ] GC(44) Pause Cleanup
[2025-06-05T03:04:10.712+0000][12.431s][info ][gc          ] GC(44) Pause Cleanup 110M->110M(232M) 0.131ms
[2025-06-05T03:04:10.712+0000][12.431s][info ][gc,cpu      ] GC(44) User=0.00s Sys=0.00s Real=0.00s
[2025-06-05T03:04:10.712+0000][12.431s][info ][safepoint   ] Safepoint "G1PauseCleanup", Time since last: 44278500 ns, Reaching safepoint: 188792 ns, Cleanup: 9583 ns, At safepoint: 223375 ns, Total: 421750 ns
[2025-06-05T03:04:10.712+0000][12.431s][info ][gc,marking  ] GC(44) Concurrent Cleanup for Next Mark
[2025-06-05T03:04:10.723+0000][12.442s][info ][gc,marking  ] GC(44) Concurrent Cleanup for Next Mark 10.826ms
[2025-06-05T03:04:10.723+0000][12.442s][info ][gc          ] GC(44) Concurrent Mark Cycle 241.063ms
[2025-06-05T03:04:10.900+0000][12.619s][debug][safepoint   ] Safepoint synchronization initiated using futex wait barrier. (19 threads)
[2025-06-05T03:04:10.901+0000][12.620s][info ][safepoint   ] Safepoint "ICBufferFull", Time since last: 188055917 ns, Reaching safepoint: 805791 ns, Cleanup: 96667 ns, At safepoint: 7375 ns, Total: 909833 ns
[2025-06-05T03:04:10.903+0000][12.622s][debug][safepoint   ] ... found polling page loop exception at pc = 0x0000ffff69049784, stub =0x0000ffff6897ef00
[2025-06-05T03:04:10.912+0000][12.631s][debug][safepoint   ] Safepoint synchronization initiated using futex wait barrier. (19 threads)
[2025-06-05T03:04:10.913+0000][12.632s][info ][gc,start    ] GC(45) Pause Young (Prepare Mixed) (G1 Evacuation Pause)
[2025-06-05T03:04:10.913+0000][12.632s][info ][gc,task     ] GC(45) Using 2 workers of 2 for evacuation
[2025-06-05T03:04:10.918+0000][12.637s][info ][gc,phases   ] GC(45)   Pre Evacuate Collection Set: 0.1ms
[2025-06-05T03:04:10.918+0000][12.637s][info ][gc,phases   ] GC(45)   Merge Heap Roots: 0.1ms
[2025-06-05T03:04:10.918+0000][12.637s][info ][gc,phases   ] GC(45)   Evacuate Collection Set: 3.9ms
[2025-06-05T03:04:10.918+0000][12.637s][info ][gc,phases   ] GC(45)   Post Evacuate Collection Set: 0.7ms
[2025-06-05T03:04:10.918+0000][12.637s][info ][gc,phases   ] GC(45)   Other: 0.2ms
[2025-06-05T03:04:10.918+0000][12.637s][info ][gc,heap     ] GC(45) Eden regions: 124->0(8)
[2025-06-05T03:04:10.918+0000][12.637s][info ][gc,heap     ] GC(45) Survivor regions: 2->3(16)
[2025-06-05T03:04:10.918+0000][12.637s][info ][gc,heap     ] GC(45) Old regions: 73->73
[2025-06-05T03:04:10.918+0000][12.637s][info ][gc,heap     ] GC(45) Archive regions: 2->2
[2025-06-05T03:04:10.919+0000][12.637s][info ][gc,heap     ] GC(45) Humongous regions: 0->0
[2025-06-05T03:04:10.919+0000][12.637s][info ][gc,metaspace] GC(45) Metaspace: 76802K(77248K)->76802K(77248K) NonClass: 66790K(67008K)->66790K(67008K) Class: 10011K(10240K)->10011K(10240K)
[2025-06-05T03:04:10.919+0000][12.638s][info ][gc          ] GC(45) Pause Young (Prepare Mixed) (G1 Evacuation Pause) 199M->76M(232M) 5.775ms
[2025-06-05T03:04:10.919+0000][12.638s][info ][gc,cpu      ] GC(45) User=0.01s Sys=0.00s Real=0.00s
[2025-06-05T03:04:10.919+0000][12.638s][info ][safepoint   ] Safepoint "G1CollectForAllocation", Time since last: 11187083 ns, Reaching safepoint: 769459 ns, Cleanup: 30875 ns, At safepoint: 5906000 ns, Total: 6706334 ns
[2025-06-05T03:04:10.932+0000][12.651s][debug][safepoint   ] Safepoint synchronization initiated using futex wait barrier. (19 threads)
[2025-06-05T03:04:10.932+0000][12.651s][info ][gc,start    ] GC(46) Pause Young (Mixed) (G1 Evacuation Pause)
[2025-06-05T03:04:10.932+0000][12.651s][info ][gc,task     ] GC(46) Using 2 workers of 2 for evacuation
[2025-06-05T03:04:10.941+0000][12.659s][info ][gc,phases   ] GC(46)   Pre Evacuate Collection Set: 0.1ms
[2025-06-05T03:04:10.941+0000][12.660s][info ][gc,phases   ] GC(46)   Merge Heap Roots: 0.1ms
[2025-06-05T03:04:10.941+0000][12.660s][info ][gc,phases   ] GC(46)   Evacuate Collection Set: 7.4ms
[2025-06-05T03:04:10.941+0000][12.660s][info ][gc,phases   ] GC(46)   Post Evacuate Collection Set: 0.7ms
[2025-06-05T03:04:10.941+0000][12.660s][info ][gc,phases   ] GC(46)   Other: 0.2ms
[2025-06-05T03:04:10.941+0000][12.660s][info ][gc,heap     ] GC(46) Eden regions: 8->0(125)
[2025-06-05T03:04:10.941+0000][12.660s][info ][gc,heap     ] GC(46) Survivor regions: 3->1(2)
[2025-06-05T03:04:10.941+0000][12.660s][info ][gc,heap     ] GC(46) Old regions: 73->73
[2025-06-05T03:04:10.941+0000][12.660s][info ][gc,heap     ] GC(46) Archive regions: 2->2
[2025-06-05T03:04:10.941+0000][12.660s][info ][gc,heap     ] GC(46) Humongous regions: 0->0
[2025-06-05T03:04:10.941+0000][12.660s][info ][gc,metaspace] GC(46) Metaspace: 76893K(77312K)->76893K(77312K) NonClass: 66863K(67072K)->66863K(67072K) Class: 10029K(10240K)->10029K(10240K)
[2025-06-05T03:04:10.941+0000][12.660s][info ][gc          ] GC(46) Pause Young (Mixed) (G1 Evacuation Pause) 84M->74M(232M) 8.984ms
[2025-06-05T03:04:10.941+0000][12.660s][info ][gc,cpu      ] GC(46) User=0.01s Sys=0.00s Real=0.01s
[2025-06-05T03:04:10.941+0000][12.660s][info ][safepoint   ] Safepoint "G1CollectForAllocation", Time since last: 13332875 ns, Reaching safepoint: 101208 ns, Cleanup: 11583 ns, At safepoint: 9097792 ns, Total: 9210583 ns
[2025-06-05T03:04:11.051+0000][12.769s][debug][safepoint   ] Safepoint synchronization initiated using futex wait barrier. (19 threads)
[2025-06-05T03:04:11.051+0000][12.770s][info ][safepoint   ] Safepoint "ICBufferFull", Time since last: 109256542 ns, Reaching safepoint: 147291 ns, Cleanup: 71084 ns, At safepoint: 2166 ns, Total: 220541 ns
[2025-06-05T03:04:11.097+0000][12.816s][debug][safepoint   ] Safepoint synchronization initiated using futex wait barrier. (19 threads)
[2025-06-05T03:04:11.097+0000][12.816s][info ][safepoint   ] Safepoint "ICBufferFull", Time since last: 46485625 ns, Reaching safepoint: 140750 ns, Cleanup: 55792 ns, At safepoint: 5500 ns, Total: 202042 ns
[2025-06-05T03:04:11.117+0000][12.836s][debug][safepoint   ] Safepoint synchronization initiated using futex wait barrier. (19 threads)
[2025-06-05T03:04:11.118+0000][12.837s][info ][safepoint   ] Safepoint "ICBufferFull", Time since last: 20008000 ns, Reaching safepoint: 127250 ns, Cleanup: 60625 ns, At safepoint: 4959 ns, Total: 192834 ns
[2025-06-05T03:04:11.127+0000][12.845s][debug][safepoint   ] Safepoint synchronization initiated using futex wait barrier. (19 threads)
[2025-06-05T03:04:11.127+0000][12.846s][info ][safepoint   ] Safepoint "ICBufferFull", Time since last: 8915208 ns, Reaching safepoint: 123667 ns, Cleanup: 54541 ns, At safepoint: 5084 ns, Total: 183292 ns
[2025-06-05T03:04:11.144+0000][12.862s][debug][safepoint   ] Safepoint synchronization initiated using futex wait barrier. (19 threads)
[2025-06-05T03:04:11.144+0000][12.863s][info ][safepoint   ] Safepoint "ICBufferFull", Time since last: 16868333 ns, Reaching safepoint: 120333 ns, Cleanup: 56625 ns, At safepoint: 5292 ns, Total: 182250 ns
[2025-06-05T03:04:11.162+0000][12.881s][debug][safepoint   ] Safepoint synchronization initiated using futex wait barrier. (19 threads)
[2025-06-05T03:04:11.162+0000][12.881s][info ][safepoint   ] Safepoint "ICBufferFull", Time since last: 17905208 ns, Reaching safepoint: 127334 ns, Cleanup: 68416 ns, At safepoint: 4500 ns, Total: 200250 ns
[2025-06-05T03:04:11.211+0000][12.930s][debug][safepoint   ] Safepoint synchronization initiated using futex wait barrier. (19 threads)
[2025-06-05T03:04:11.211+0000][12.930s][info ][safepoint   ] Safepoint "ICBufferFull", Time since last: 48975000 ns, Reaching safepoint: 131417 ns, Cleanup: 67875 ns, At safepoint: 5667 ns, Total: 204959 ns
[2025-06-05T03:04:11.228+0000][12.947s][debug][safepoint   ] Safepoint synchronization initiated using futex wait barrier. (19 threads)
[2025-06-05T03:04:11.228+0000][12.947s][info ][safepoint   ] Safepoint "ICBufferFull", Time since last: 17114208 ns, Reaching safepoint: 132167 ns, Cleanup: 52083 ns, At safepoint: 4333 ns, Total: 188583 ns
[2025-06-05T03:04:11.308+0000][13.027s][debug][safepoint   ] Safepoint synchronization initiated using futex wait barrier. (19 threads)
[2025-06-05T03:04:11.309+0000][13.028s][info ][safepoint   ] Safepoint "ICBufferFull", Time since last: 79980625 ns, Reaching safepoint: 399417 ns, Cleanup: 69708 ns, At safepoint: 7334 ns, Total: 476459 ns
[2025-06-05T03:04:11.317+0000][13.036s][debug][safepoint   ] Safepoint synchronization initiated using futex wait barrier. (19 threads)
[2025-06-05T03:04:11.317+0000][13.036s][info ][gc,start    ] GC(47) Pause Young (Normal) (G1 Evacuation Pause)
[2025-06-05T03:04:11.317+0000][13.036s][info ][gc,task     ] GC(47) Using 2 workers of 2 for evacuation
[2025-06-05T03:04:11.324+0000][13.043s][info ][gc,phases   ] GC(47)   Pre Evacuate Collection Set: 0.1ms
[2025-06-05T03:04:11.325+0000][13.044s][info ][gc,phases   ] GC(47)   Merge Heap Roots: 0.2ms
[2025-06-05T03:04:11.325+0000][13.044s][info ][gc,phases   ] GC(47)   Evacuate Collection Set: 5.0ms
[2025-06-05T03:04:11.325+0000][13.044s][info ][gc,phases   ] GC(47)   Post Evacuate Collection Set: 1.6ms
[2025-06-05T03:04:11.325+0000][13.044s][info ][gc,phases   ] GC(47)   Other: 0.2ms
[2025-06-05T03:04:11.326+0000][13.045s][info ][gc,heap     ] GC(47) Eden regions: 125->0(125)
[2025-06-05T03:04:11.326+0000][13.045s][info ][gc,heap     ] GC(47) Survivor regions: 1->2(16)
[2025-06-05T03:04:11.326+0000][13.045s][info ][gc,heap     ] GC(47) Old regions: 73->73
[2025-06-05T03:04:11.326+0000][13.045s][info ][gc,heap     ] GC(47) Archive regions: 2->2
[2025-06-05T03:04:11.326+0000][13.045s][info ][gc,heap     ] GC(47) Humongous regions: 0->0
[2025-06-05T03:04:11.326+0000][13.045s][info ][gc,metaspace] GC(47) Metaspace: 79414K(79872K)->79414K(79872K) NonClass: 69060K(69248K)->69060K(69248K) Class: 10354K(10624K)->10354K(10624K)
[2025-06-05T03:04:11.326+0000][13.045s][info ][gc          ] GC(47) Pause Young (Normal) (G1 Evacuation Pause) 199M->75M(232M) 8.783ms
[2025-06-05T03:04:11.326+0000][13.045s][info ][gc,cpu      ] GC(47) User=0.02s Sys=0.00s Real=0.01s
[2025-06-05T03:04:11.326+0000][13.045s][info ][safepoint   ] Safepoint "G1CollectForAllocation", Time since last: 8213916 ns, Reaching safepoint: 176584 ns, Cleanup: 23250 ns, At safepoint: 9007666 ns, Total: 9207500 ns
[2025-06-05T03:04:11.393+0000][13.112s][debug][safepoint   ] Safepoint synchronization initiated using futex wait barrier. (19 threads)
[2025-06-05T03:04:11.393+0000][13.112s][info ][safepoint   ] Safepoint "ICBufferFull", Time since last: 66762625 ns, Reaching safepoint: 256167 ns, Cleanup: 54292 ns, At safepoint: 1750 ns, Total: 312209 ns
[2025-06-05T03:04:11.453+0000][13.172s][debug][safepoint   ] Safepoint synchronization initiated using futex wait barrier. (19 threads)
[2025-06-05T03:04:11.453+0000][13.172s][info ][safepoint   ] Safepoint "ICBufferFull", Time since last: 59480791 ns, Reaching safepoint: 133167 ns, Cleanup: 51250 ns, At safepoint: 5833 ns, Total: 190250 ns
[2025-06-05T03:04:11.632+0000][13.351s][debug][safepoint   ] Safepoint synchronization initiated using futex wait barrier. (19 threads)
[2025-06-05T03:04:11.632+0000][13.351s][info ][safepoint   ] Safepoint "ICBufferFull", Time since last: 179103667 ns, Reaching safepoint: 122167 ns, Cleanup: 55625 ns, At safepoint: 4625 ns, Total: 182417 ns
[2025-06-05T03:04:11.702+0000][13.421s][debug][safepoint   ] Safepoint synchronization initiated using futex wait barrier. (19 threads)
[2025-06-05T03:04:11.702+0000][13.421s][info ][gc,start    ] GC(48) Pause Young (Normal) (G1 Evacuation Pause)
[2025-06-05T03:04:11.702+0000][13.421s][info ][gc,task     ] GC(48) Using 2 workers of 2 for evacuation
[2025-06-05T03:04:11.709+0000][13.427s][info ][gc,phases   ] GC(48)   Pre Evacuate Collection Set: 0.1ms
[2025-06-05T03:04:11.709+0000][13.428s][info ][gc,phases   ] GC(48)   Merge Heap Roots: 0.1ms
[2025-06-05T03:04:11.709+0000][13.428s][info ][gc,phases   ] GC(48)   Evacuate Collection Set: 5.4ms
[2025-06-05T03:04:11.709+0000][13.428s][info ][gc,phases   ] GC(48)   Post Evacuate Collection Set: 0.9ms
[2025-06-05T03:04:11.709+0000][13.428s][info ][gc,phases   ] GC(48)   Other: 0.3ms
[2025-06-05T03:04:11.709+0000][13.428s][info ][gc,heap     ] GC(48) Eden regions: 125->0(121)
[2025-06-05T03:04:11.709+0000][13.428s][info ][gc,heap     ] GC(48) Survivor regions: 2->5(16)
[2025-06-05T03:04:11.709+0000][13.428s][info ][gc,heap     ] GC(48) Old regions: 73->73
[2025-06-05T03:04:11.709+0000][13.428s][info ][gc,heap     ] GC(48) Archive regions: 2->2
[2025-06-05T03:04:11.709+0000][13.428s][info ][gc,heap     ] GC(48) Humongous regions: 0->0
[2025-06-05T03:04:11.709+0000][13.428s][info ][gc,metaspace] GC(48) Metaspace: 82688K(83200K)->82688K(83200K) NonClass: 71855K(72128K)->71855K(72128K) Class: 10833K(11072K)->10833K(11072K)
[2025-06-05T03:04:11.709+0000][13.428s][info ][gc          ] GC(48) Pause Young (Normal) (G1 Evacuation Pause) 200M->78M(232M) 7.303ms
[2025-06-05T03:04:11.709+0000][13.428s][info ][gc,cpu      ] GC(48) User=0.01s Sys=0.00s Real=0.00s
[2025-06-05T03:04:11.709+0000][13.428s][info ][safepoint   ] Safepoint "G1CollectForAllocation", Time since last: 69349041 ns, Reaching safepoint: 181250 ns, Cleanup: 41542 ns, At safepoint: 7407708 ns, Total: 7630500 ns
[2025-06-05T03:04:11.834+0000][13.553s][debug][safepoint   ] Safepoint synchronization initiated using futex wait barrier. (19 threads)
[2025-06-05T03:04:11.834+0000][13.553s][info ][safepoint   ] Safepoint "ICBufferFull", Time since last: 124868834 ns, Reaching safepoint: 135083 ns, Cleanup: 71917 ns, At safepoint: 1542 ns, Total: 208542 ns
[2025-06-05T03:04:11.905+0000][13.624s][debug][safepoint   ] Safepoint synchronization initiated using futex wait barrier. (19 threads)
[2025-06-05T03:04:11.905+0000][13.624s][info ][safepoint   ] Safepoint "ICBufferFull", Time since last: 70922083 ns, Reaching safepoint: 133000 ns, Cleanup: 65333 ns, At safepoint: 1875 ns, Total: 200208 ns
[2025-06-05T03:04:12.160+0000][13.879s][debug][safepoint   ] Safepoint synchronization initiated using futex wait barrier. (19 threads)
[2025-06-05T03:04:12.161+0000][13.879s][info ][gc,start    ] GC(49) Pause Young (Normal) (G1 Evacuation Pause)
[2025-06-05T03:04:12.161+0000][13.879s][info ][gc,task     ] GC(49) Using 2 workers of 2 for evacuation
[2025-06-05T03:04:12.171+0000][13.890s][info ][gc,phases   ] GC(49)   Pre Evacuate Collection Set: 0.2ms
[2025-06-05T03:04:12.171+0000][13.890s][info ][gc,phases   ] GC(49)   Merge Heap Roots: 0.1ms
[2025-06-05T03:04:12.171+0000][13.890s][info ][gc,phases   ] GC(49)   Evacuate Collection Set: 8.4ms
[2025-06-05T03:04:12.171+0000][13.890s][info ][gc,phases   ] GC(49)   Post Evacuate Collection Set: 1.8ms
[2025-06-05T03:04:12.171+0000][13.890s][info ][gc,phases   ] GC(49)   Other: 0.3ms
[2025-06-05T03:04:12.171+0000][13.890s][info ][gc,heap     ] GC(49) Eden regions: 121->0(119)
[2025-06-05T03:04:12.172+0000][13.890s][info ][gc,heap     ] GC(49) Survivor regions: 5->7(16)
[2025-06-05T03:04:12.172+0000][13.890s][info ][gc,heap     ] GC(49) Old regions: 73->73
[2025-06-05T03:04:12.172+0000][13.890s][info ][gc,heap     ] GC(49) Archive regions: 2->2
[2025-06-05T03:04:12.172+0000][13.891s][info ][gc,heap     ] GC(49) Humongous regions: 0->0
[2025-06-05T03:04:12.172+0000][13.891s][info ][gc,metaspace] GC(49) Metaspace: 84288K(84800K)->84288K(84800K) NonClass: 73323K(73600K)->73323K(73600K) Class: 10965K(11200K)->10965K(11200K)
[2025-06-05T03:04:12.172+0000][13.891s][info ][gc          ] GC(49) Pause Young (Normal) (G1 Evacuation Pause) 199M->80M(232M) 11.177ms
[2025-06-05T03:04:12.172+0000][13.891s][info ][gc,cpu      ] GC(49) User=0.03s Sys=0.00s Real=0.01s
[2025-06-05T03:04:12.172+0000][13.891s][info ][safepoint   ] Safepoint "G1CollectForAllocation", Time since last: 254764292 ns, Reaching safepoint: 205792 ns, Cleanup: 53250 ns, At safepoint: 11306333 ns, Total: 11565375 ns
[2025-06-05T03:04:12.262+0000][13.981s][debug][safepoint   ] Safepoint synchronization initiated using futex wait barrier. (19 threads)
[2025-06-05T03:04:12.262+0000][13.981s][info ][safepoint   ] Safepoint "ICBufferFull", Time since last: 90352292 ns, Reaching safepoint: 131583 ns, Cleanup: 71958 ns, At safepoint: 1500 ns, Total: 205041 ns
[2025-06-05T03:04:12.564+0000][14.283s][debug][safepoint   ] Safepoint synchronization initiated using futex wait barrier. (19 threads)
[2025-06-05T03:04:12.564+0000][14.283s][info ][safepoint   ] Safepoint "ICBufferFull", Time since last: 301853084 ns, Reaching safepoint: 139500 ns, Cleanup: 81083 ns, At safepoint: 1500 ns, Total: 222083 ns
[2025-06-05T03:04:12.638+0000][14.357s][debug][safepoint   ] Safepoint synchronization initiated using futex wait barrier. (19 threads)
[2025-06-05T03:04:12.638+0000][14.357s][info ][gc,start    ] GC(50) Pause Young (Normal) (G1 Evacuation Pause)
[2025-06-05T03:04:12.638+0000][14.357s][info ][gc,task     ] GC(50) Using 2 workers of 2 for evacuation
[2025-06-05T03:04:12.649+0000][14.367s][info ][gc,phases   ] GC(50)   Pre Evacuate Collection Set: 0.1ms
[2025-06-05T03:04:12.649+0000][14.368s][info ][gc,phases   ] GC(50)   Merge Heap Roots: 0.1ms
[2025-06-05T03:04:12.649+0000][14.368s][info ][gc,phases   ] GC(50)   Evacuate Collection Set: 9.2ms
[2025-06-05T03:04:12.649+0000][14.368s][info ][gc,phases   ] GC(50)   Post Evacuate Collection Set: 1.0ms
[2025-06-05T03:04:12.649+0000][14.368s][info ][gc,phases   ] GC(50)   Other: 0.2ms
[2025-06-05T03:04:12.649+0000][14.368s][info ][gc,heap     ] GC(50) Eden regions: 119->0(111)
[2025-06-05T03:04:12.649+0000][14.368s][info ][gc,heap     ] GC(50) Survivor regions: 7->11(16)
[2025-06-05T03:04:12.649+0000][14.368s][info ][gc,heap     ] GC(50) Old regions: 73->73
[2025-06-05T03:04:12.649+0000][14.368s][info ][gc,heap     ] GC(50) Archive regions: 2->2
[2025-06-05T03:04:12.649+0000][14.368s][info ][gc,heap     ] GC(50) Humongous regions: 0->0
[2025-06-05T03:04:12.649+0000][14.368s][info ][gc,metaspace] GC(50) Metaspace: 86470K(87040K)->86470K(87040K) NonClass: 75383K(75648K)->75383K(75648K) Class: 11087K(11392K)->11087K(11392K)
[2025-06-05T03:04:12.649+0000][14.368s][info ][gc          ] GC(50) Pause Young (Normal) (G1 Evacuation Pause) 199M->84M(232M) 11.090ms
[2025-06-05T03:04:12.649+0000][14.368s][info ][gc,cpu      ] GC(50) User=0.03s Sys=0.00s Real=0.01s
[2025-06-05T03:04:12.649+0000][14.368s][info ][safepoint   ] Safepoint "G1CollectForAllocation", Time since last: 73421209 ns, Reaching safepoint: 191416 ns, Cleanup: 27792 ns, At safepoint: 11280250 ns, Total: 11499458 ns
[2025-06-05T03:04:12.802+0000][14.521s][debug][safepoint   ] Safepoint synchronization initiated using futex wait barrier. (19 threads)
[2025-06-05T03:04:12.803+0000][14.521s][info ][safepoint   ] Safepoint "ICBufferFull", Time since last: 152975500 ns, Reaching safepoint: 137458 ns, Cleanup: 72625 ns, At safepoint: 1959 ns, Total: 212042 ns
[2025-06-05T03:04:12.803+0000][14.522s][debug][safepoint   ] Safepoint synchronization initiated using futex wait barrier. (19 threads)
[2025-06-05T03:04:12.804+0000][14.523s][info ][safepoint   ] Safepoint "ICBufferFull", Time since last: 180666 ns, Reaching safepoint: 1167000 ns, Cleanup: 7167 ns, At safepoint: 5250 ns, Total: 1179417 ns
[2025-06-05T03:04:12.833+0000][14.552s][debug][safepoint   ] Safepoint synchronization initiated using futex wait barrier. (19 threads)
[2025-06-05T03:04:12.833+0000][14.552s][info ][safepoint   ] Safepoint "ICBufferFull", Time since last: 29238708 ns, Reaching safepoint: 141584 ns, Cleanup: 110250 ns, At safepoint: 6875 ns, Total: 258709 ns
[2025-06-05T03:04:13.096+0000][14.814s][debug][safepoint   ] Safepoint synchronization initiated using futex wait barrier. (23 threads)
[2025-06-05T03:04:13.096+0000][14.815s][info ][gc,start    ] GC(51) Pause Young (Normal) (G1 Evacuation Pause)
[2025-06-05T03:04:13.096+0000][14.815s][info ][gc,task     ] GC(51) Using 2 workers of 2 for evacuation
[2025-06-05T03:04:13.110+0000][14.828s][info ][gc,phases   ] GC(51)   Pre Evacuate Collection Set: 0.1ms
[2025-06-05T03:04:13.110+0000][14.829s][info ][gc,phases   ] GC(51)   Merge Heap Roots: 0.1ms
[2025-06-05T03:04:13.110+0000][14.829s][info ][gc,phases   ] GC(51)   Evacuate Collection Set: 12.1ms
[2025-06-05T03:04:13.110+0000][14.829s][info ][gc,phases   ] GC(51)   Post Evacuate Collection Set: 1.3ms
[2025-06-05T03:04:13.110+0000][14.829s][info ][gc,phases   ] GC(51)   Other: 0.2ms
[2025-06-05T03:04:13.110+0000][14.829s][info ][gc,heap     ] GC(51) Eden regions: 111->0(109)
[2025-06-05T03:04:13.110+0000][14.829s][info ][gc,heap     ] GC(51) Survivor regions: 11->11(16)
[2025-06-05T03:04:13.110+0000][14.829s][info ][gc,heap     ] GC(51) Old regions: 73->75
[2025-06-05T03:04:13.110+0000][14.829s][info ][gc,heap     ] GC(51) Archive regions: 2->2
[2025-06-05T03:04:13.110+0000][14.829s][info ][gc,heap     ] GC(51) Humongous regions: 0->0
[2025-06-05T03:04:13.110+0000][14.829s][info ][gc,metaspace] GC(51) Metaspace: 88534K(89024K)->88534K(89024K) NonClass: 77262K(77504K)->77262K(77504K) Class: 11271K(11520K)->11271K(11520K)
[2025-06-05T03:04:13.110+0000][14.829s][info ][gc          ] GC(51) Pause Young (Normal) (G1 Evacuation Pause) 195M->86M(232M) 14.431ms
[2025-06-05T03:04:13.110+0000][14.829s][info ][gc,cpu      ] GC(51) User=0.04s Sys=0.00s Real=0.02s
[2025-06-05T03:04:13.110+0000][14.829s][info ][safepoint   ] Safepoint "G1CollectForAllocation", Time since last: 262133875 ns, Reaching safepoint: 186458 ns, Cleanup: 50667 ns, At safepoint: 14572708 ns, Total: 14809833 ns
[2025-06-05T03:04:13.630+0000][15.349s][debug][safepoint   ] Safepoint synchronization initiated using futex wait barrier. (23 threads)
[2025-06-05T03:04:13.631+0000][15.350s][info ][safepoint   ] Safepoint "ICBufferFull", Time since last: 519927042 ns, Reaching safepoint: 351833 ns, Cleanup: 150917 ns, At safepoint: 2583 ns, Total: 505333 ns
[2025-06-05T03:04:13.746+0000][15.465s][debug][safepoint   ] Safepoint synchronization initiated using futex wait barrier. (23 threads)
[2025-06-05T03:04:13.746+0000][15.465s][info ][gc,start    ] GC(52) Pause Young (Normal) (G1 Evacuation Pause)
[2025-06-05T03:04:13.746+0000][15.465s][info ][gc,task     ] GC(52) Using 2 workers of 2 for evacuation
[2025-06-05T03:04:13.772+0000][15.490s][info ][gc,phases   ] GC(52)   Pre Evacuate Collection Set: 0.3ms
[2025-06-05T03:04:13.772+0000][15.491s][info ][gc,phases   ] GC(52)   Merge Heap Roots: 0.1ms
[2025-06-05T03:04:13.772+0000][15.491s][info ][gc,phases   ] GC(52)   Evacuate Collection Set: 22.1ms
[2025-06-05T03:04:13.772+0000][15.491s][info ][gc,phases   ] GC(52)   Post Evacuate Collection Set: 2.6ms
[2025-06-05T03:04:13.772+0000][15.491s][info ][gc,phases   ] GC(52)   Other: 0.3ms
[2025-06-05T03:04:13.772+0000][15.491s][info ][gc,heap     ] GC(52) Eden regions: 109->0(109)
[2025-06-05T03:04:13.772+0000][15.491s][info ][gc,heap     ] GC(52) Survivor regions: 11->9(15)
[2025-06-05T03:04:13.772+0000][15.491s][info ][gc,heap     ] GC(52) Old regions: 75->79
[2025-06-05T03:04:13.772+0000][15.491s][info ][gc,heap     ] GC(52) Archive regions: 2->2
[2025-06-05T03:04:13.772+0000][15.491s][info ][gc,heap     ] GC(52) Humongous regions: 0->0
[2025-06-05T03:04:13.772+0000][15.491s][info ][gc,metaspace] GC(52) Metaspace: 91891K(92416K)->91891K(92416K) NonClass: 80147K(80384K)->80147K(80384K) Class: 11744K(12032K)->11744K(12032K)
[2025-06-05T03:04:13.772+0000][15.491s][info ][gc          ] GC(52) Pause Young (Normal) (G1 Evacuation Pause) 195M->88M(232M) 26.244ms
[2025-06-05T03:04:13.772+0000][15.491s][info ][gc,cpu      ] GC(52) User=0.05s Sys=0.00s Real=0.03s
[2025-06-05T03:04:13.772+0000][15.491s][info ][safepoint   ] Safepoint "G1CollectForAllocation", Time since last: 115150542 ns, Reaching safepoint: 117708 ns, Cleanup: 28625 ns, At safepoint: 26396084 ns, Total: 26542417 ns
[2025-06-05T03:04:13.988+0000][15.707s][debug][safepoint   ] Safepoint synchronization initiated using futex wait barrier. (22 threads)
[2025-06-05T03:04:13.989+0000][15.707s][info ][safepoint   ] Safepoint "ICBufferFull", Time since last: 215952667 ns, Reaching safepoint: 134833 ns, Cleanup: 56917 ns, At safepoint: 1958 ns, Total: 193708 ns
[2025-06-05T03:04:13.999+0000][15.717s][debug][safepoint   ] Safepoint synchronization initiated using futex wait barrier. (22 threads)
[2025-06-05T03:04:13.999+0000][15.718s][info ][safepoint   ] Safepoint "ICBufferFull", Time since last: 9953792 ns, Reaching safepoint: 128083 ns, Cleanup: 57250 ns, At safepoint: 5333 ns, Total: 190666 ns
[2025-06-05T03:04:14.179+0000][15.897s][debug][safepoint   ] Safepoint synchronization initiated using futex wait barrier. (22 threads)
[2025-06-05T03:04:14.190+0000][15.909s][info ][gc,start    ] GC(53) Pause Young (Normal) (G1 Evacuation Pause)
[2025-06-05T03:04:14.192+0000][15.911s][info ][gc,task     ] GC(53) Using 2 workers of 2 for evacuation
[2025-06-05T03:04:14.254+0000][15.973s][info ][gc,phases   ] GC(53)   Pre Evacuate Collection Set: 0.8ms
[2025-06-05T03:04:14.254+0000][15.973s][info ][gc,phases   ] GC(53)   Merge Heap Roots: 0.9ms
[2025-06-05T03:04:14.254+0000][15.973s][info ][gc,phases   ] GC(53)   Evacuate Collection Set: 56.8ms
[2025-06-05T03:04:14.255+0000][15.974s][info ][gc,phases   ] GC(53)   Post Evacuate Collection Set: 2.9ms
[2025-06-05T03:04:14.255+0000][15.974s][info ][gc,phases   ] GC(53)   Other: 2.8ms
[2025-06-05T03:04:14.256+0000][15.975s][info ][gc,heap     ] GC(53) Eden regions: 109->0(108)
[2025-06-05T03:04:14.257+0000][15.976s][info ][gc,heap     ] GC(53) Survivor regions: 9->8(15)
[2025-06-05T03:04:14.260+0000][15.979s][info ][gc,heap     ] GC(53) Old regions: 79->82
[2025-06-05T03:04:14.260+0000][15.979s][info ][gc,heap     ] GC(53) Archive regions: 2->2
[2025-06-05T03:04:14.261+0000][15.979s][info ][gc,heap     ] GC(53) Humongous regions: 0->0
[2025-06-05T03:04:14.261+0000][15.980s][info ][gc,metaspace] GC(53) Metaspace: 94939K(95488K)->94939K(95488K) NonClass: 82669K(82944K)->82669K(82944K) Class: 12269K(12544K)->12269K(12544K)
[2025-06-05T03:04:14.261+0000][15.980s][info ][gc          ] GC(53) Pause Young (Normal) (G1 Evacuation Pause) 197M->90M(232M) 71.414ms
[2025-06-05T03:04:14.262+0000][15.980s][info ][gc,cpu      ] GC(53) User=0.11s Sys=0.00s Real=0.07s
[2025-06-05T03:04:14.262+0000][15.981s][info ][safepoint   ] Safepoint "G1CollectForAllocation", Time since last: 179847167 ns, Reaching safepoint: 6319125 ns, Cleanup: 4887125 ns, At safepoint: 72269167 ns, Total: 83475417 ns
[2025-06-05T03:04:14.556+0000][16.274s][debug][safepoint   ] Safepoint synchronization initiated using futex wait barrier. (22 threads)
[2025-06-05T03:04:14.556+0000][16.275s][info ][gc,start    ] GC(54) Pause Young (Normal) (G1 Evacuation Pause)
[2025-06-05T03:04:14.556+0000][16.275s][info ][gc,task     ] GC(54) Using 2 workers of 2 for evacuation
[2025-06-05T03:04:14.569+0000][16.288s][info ][gc,phases   ] GC(54)   Pre Evacuate Collection Set: 0.1ms
[2025-06-05T03:04:14.569+0000][16.288s][info ][gc,phases   ] GC(54)   Merge Heap Roots: 0.1ms
[2025-06-05T03:04:14.569+0000][16.288s][info ][gc,phases   ] GC(54)   Evacuate Collection Set: 11.7ms
[2025-06-05T03:04:14.569+0000][16.288s][info ][gc,phases   ] GC(54)   Post Evacuate Collection Set: 1.0ms
[2025-06-05T03:04:14.569+0000][16.288s][info ][gc,phases   ] GC(54)   Other: 0.2ms
[2025-06-05T03:04:14.569+0000][16.288s][info ][gc,heap     ] GC(54) Eden regions: 108->0(102)
[2025-06-05T03:04:14.569+0000][16.288s][info ][gc,heap     ] GC(54) Survivor regions: 8->11(15)
[2025-06-05T03:04:14.569+0000][16.288s][info ][gc,heap     ] GC(54) Old regions: 82->82
[2025-06-05T03:04:14.569+0000][16.288s][info ][gc,heap     ] GC(54) Archive regions: 2->2
[2025-06-05T03:04:14.569+0000][16.288s][info ][gc,heap     ] GC(54) Humongous regions: 0->0
[2025-06-05T03:04:14.569+0000][16.288s][info ][gc,metaspace] GC(54) Metaspace: 95709K(96256K)->95709K(96256K) NonClass: 83226K(83520K)->83226K(83520K) Class: 12483K(12736K)->12483K(12736K)
[2025-06-05T03:04:14.570+0000][16.288s][info ][gc          ] GC(54) Pause Young (Normal) (G1 Evacuation Pause) 198M->93M(232M) 13.656ms
[2025-06-05T03:04:14.570+0000][16.288s][info ][gc,cpu      ] GC(54) User=0.03s Sys=0.00s Real=0.01s
[2025-06-05T03:04:14.570+0000][16.289s][info ][safepoint   ] Safepoint "G1CollectForAllocation", Time since last: 293531583 ns, Reaching safepoint: 146375 ns, Cleanup: 96042 ns, At safepoint: 13811875 ns, Total: 14054292 ns
[2025-06-05T03:04:14.908+0000][16.627s][debug][safepoint   ] Safepoint synchronization initiated using futex wait barrier. (23 threads)
[2025-06-05T03:04:14.908+0000][16.627s][info ][safepoint   ] Safepoint "ICBufferFull", Time since last: 338493542 ns, Reaching safepoint: 144666 ns, Cleanup: 78459 ns, At safepoint: 2750 ns, Total: 225875 ns
[2025-06-05T03:04:15.012+0000][16.731s][debug][safepoint   ] Safepoint synchronization initiated using futex wait barrier. (23 threads)
[2025-06-05T03:04:15.012+0000][16.731s][info ][gc,start    ] GC(55) Pause Young (Normal) (G1 Evacuation Pause)
[2025-06-05T03:04:15.012+0000][16.731s][info ][gc,task     ] GC(55) Using 2 workers of 2 for evacuation
[2025-06-05T03:04:15.027+0000][16.746s][info ][gc,phases   ] GC(55)   Pre Evacuate Collection Set: 0.2ms
[2025-06-05T03:04:15.027+0000][16.746s][info ][gc,phases   ] GC(55)   Merge Heap Roots: 0.1ms
[2025-06-05T03:04:15.028+0000][16.746s][info ][gc,phases   ] GC(55)   Evacuate Collection Set: 13.3ms
[2025-06-05T03:04:15.028+0000][16.746s][info ][gc,phases   ] GC(55)   Post Evacuate Collection Set: 1.6ms
[2025-06-05T03:04:15.028+0000][16.747s][info ][gc,phases   ] GC(55)   Other: 0.3ms
[2025-06-05T03:04:15.028+0000][16.747s][info ][gc,heap     ] GC(55) Eden regions: 102->0(104)
[2025-06-05T03:04:15.028+0000][16.747s][info ][gc,heap     ] GC(55) Survivor regions: 11->7(15)
[2025-06-05T03:04:15.028+0000][16.747s][info ][gc,heap     ] GC(55) Old regions: 82->87
[2025-06-05T03:04:15.028+0000][16.747s][info ][gc,heap     ] GC(55) Archive regions: 2->2
[2025-06-05T03:04:15.028+0000][16.747s][info ][gc,heap     ] GC(55) Humongous regions: 0->0
[2025-06-05T03:04:15.028+0000][16.747s][info ][gc,metaspace] GC(55) Metaspace: 101077K(101632K)->101077K(101632K) NonClass: 87897K(88192K)->87897K(88192K) Class: 13180K(13440K)->13180K(13440K)
[2025-06-05T03:04:15.028+0000][16.747s][info ][gc          ] GC(55) Pause Young (Normal) (G1 Evacuation Pause) 195M->94M(232M) 16.127ms
[2025-06-05T03:04:15.028+0000][16.747s][info ][gc,cpu      ] GC(55) User=0.03s Sys=0.00s Real=0.01s
[2025-06-05T03:04:15.028+0000][16.747s][info ][safepoint   ] Safepoint "G1CollectForAllocation", Time since last: 103313416 ns, Reaching safepoint: 135375 ns, Cleanup: 29750 ns, At safepoint: 16328167 ns, Total: 16493292 ns
[2025-06-05T03:04:15.363+0000][17.082s][debug][safepoint   ] Safepoint synchronization initiated using futex wait barrier. (25 threads)
[2025-06-05T03:04:15.363+0000][17.082s][info ][gc,start    ] GC(56) Pause Young (Normal) (G1 Evacuation Pause)
[2025-06-05T03:04:15.363+0000][17.082s][info ][gc,task     ] GC(56) Using 2 workers of 2 for evacuation
[2025-06-05T03:04:15.377+0000][17.095s][info ][gc,phases   ] GC(56)   Pre Evacuate Collection Set: 0.1ms
[2025-06-05T03:04:15.377+0000][17.096s][info ][gc,phases   ] GC(56)   Merge Heap Roots: 0.1ms
[2025-06-05T03:04:15.377+0000][17.096s][info ][gc,phases   ] GC(56)   Evacuate Collection Set: 11.6ms
[2025-06-05T03:04:15.377+0000][17.096s][info ][gc,phases   ] GC(56)   Post Evacuate Collection Set: 1.6ms
[2025-06-05T03:04:15.377+0000][17.096s][info ][gc,phases   ] GC(56)   Other: 0.2ms
[2025-06-05T03:04:15.377+0000][17.096s][info ][gc,heap     ] GC(56) Eden regions: 104->0(101)
[2025-06-05T03:04:15.377+0000][17.096s][info ][gc,heap     ] GC(56) Survivor regions: 7->9(14)
[2025-06-05T03:04:15.377+0000][17.096s][info ][gc,heap     ] GC(56) Old regions: 87->87
[2025-06-05T03:04:15.377+0000][17.096s][info ][gc,heap     ] GC(56) Archive regions: 2->2
[2025-06-05T03:04:15.377+0000][17.096s][info ][gc,heap     ] GC(56) Humongous regions: 0->0
[2025-06-05T03:04:15.377+0000][17.096s][info ][gc,metaspace] GC(56) Metaspace: 103368K(104000K)->103368K(104000K) NonClass: 89838K(90176K)->89838K(90176K) Class: 13529K(13824K)->13529K(13824K)
[2025-06-05T03:04:15.377+0000][17.096s][info ][gc          ] GC(56) Pause Young (Normal) (G1 Evacuation Pause) 198M->96M(232M) 14.479ms
[2025-06-05T03:04:15.378+0000][17.096s][info ][gc,cpu      ] GC(56) User=0.03s Sys=0.00s Real=0.01s
[2025-06-05T03:04:15.378+0000][17.097s][info ][safepoint   ] Safepoint "G1CollectForAllocation", Time since last: 334616125 ns, Reaching safepoint: 134750 ns, Cleanup: 82000 ns, At safepoint: 14639250 ns, Total: 14856000 ns
[2025-06-05T03:04:15.909+0000][17.628s][debug][safepoint   ] Safepoint synchronization initiated using futex wait barrier. (25 threads)
[2025-06-05T03:04:15.909+0000][17.628s][info ][gc,start    ] GC(57) Pause Young (Normal) (G1 Evacuation Pause)
[2025-06-05T03:04:15.910+0000][17.628s][info ][gc,task     ] GC(57) Using 2 workers of 2 for evacuation
[2025-06-05T03:04:15.926+0000][17.645s][info ][gc,phases   ] GC(57)   Pre Evacuate Collection Set: 0.1ms
[2025-06-05T03:04:15.926+0000][17.645s][info ][gc,phases   ] GC(57)   Merge Heap Roots: 0.1ms
[2025-06-05T03:04:15.926+0000][17.645s][info ][gc,phases   ] GC(57)   Evacuate Collection Set: 13.8ms
[2025-06-05T03:04:15.926+0000][17.645s][info ][gc,phases   ] GC(57)   Post Evacuate Collection Set: 2.1ms
[2025-06-05T03:04:15.926+0000][17.645s][info ][gc,phases   ] GC(57)   Other: 0.3ms
[2025-06-05T03:04:15.926+0000][17.645s][info ][gc,heap     ] GC(57) Eden regions: 101->0(143)
[2025-06-05T03:04:15.926+0000][17.645s][info ][gc,heap     ] GC(57) Survivor regions: 9->8(14)
[2025-06-05T03:04:15.926+0000][17.645s][info ][gc,heap     ] GC(57) Old regions: 87->90
[2025-06-05T03:04:15.926+0000][17.645s][info ][gc,heap     ] GC(57) Archive regions: 2->2
[2025-06-05T03:04:15.926+0000][17.645s][info ][gc,heap     ] GC(57) Humongous regions: 0->0
[2025-06-05T03:04:15.926+0000][17.645s][info ][gc,metaspace] GC(57) Metaspace: 106315K(106944K)->106315K(106944K) NonClass: 92456K(92800K)->92456K(92800K) Class: 13858K(14144K)->13858K(14144K)
[2025-06-05T03:04:15.926+0000][17.645s][info ][gc          ] GC(57) Pause Young (Normal) (G1 Evacuation Pause) 197M->98M(281M) 16.951ms
[2025-06-05T03:04:15.926+0000][17.645s][info ][gc,cpu      ] GC(57) User=0.04s Sys=0.00s Real=0.02s
[2025-06-05T03:04:15.927+0000][17.645s][info ][safepoint   ] Safepoint "G1CollectForAllocation", Time since last: 531426000 ns, Reaching safepoint: 285000 ns, Cleanup: 58792 ns, At safepoint: 17110750 ns, Total: 17454542 ns
[2025-06-05T03:04:16.688+0000][18.407s][debug][safepoint   ] Safepoint synchronization initiated using futex wait barrier. (34 threads)
[2025-06-05T03:04:16.689+0000][18.407s][info ][gc,start    ] GC(58) Pause Young (Normal) (G1 Evacuation Pause)
[2025-06-05T03:04:16.689+0000][18.407s][info ][gc,task     ] GC(58) Using 2 workers of 2 for evacuation
[2025-06-05T03:04:16.707+0000][18.426s][info ][gc,phases   ] GC(58)   Pre Evacuate Collection Set: 0.3ms
[2025-06-05T03:04:16.707+0000][18.426s][info ][gc,phases   ] GC(58)   Merge Heap Roots: 0.1ms
[2025-06-05T03:04:16.707+0000][18.426s][info ][gc,phases   ] GC(58)   Evacuate Collection Set: 15.9ms
[2025-06-05T03:04:16.707+0000][18.426s][info ][gc,phases   ] GC(58)   Post Evacuate Collection Set: 1.6ms
[2025-06-05T03:04:16.707+0000][18.426s][info ][gc,phases   ] GC(58)   Other: 0.3ms
[2025-06-05T03:04:16.707+0000][18.426s][info ][gc,heap     ] GC(58) Eden regions: 143->0(136)
[2025-06-05T03:04:16.707+0000][18.426s][info ][gc,heap     ] GC(58) Survivor regions: 8->12(19)
[2025-06-05T03:04:16.707+0000][18.426s][info ][gc,heap     ] GC(58) Old regions: 90->90
[2025-06-05T03:04:16.707+0000][18.426s][info ][gc,heap     ] GC(58) Archive regions: 2->2
[2025-06-05T03:04:16.707+0000][18.426s][info ][gc,heap     ] GC(58) Humongous regions: 0->0
[2025-06-05T03:04:16.707+0000][18.426s][info ][gc,metaspace] GC(58) Metaspace: 108684K(109312K)->108684K(109312K) NonClass: 94641K(94976K)->94641K(94976K) Class: 14042K(14336K)->14042K(14336K)
[2025-06-05T03:04:16.707+0000][18.426s][info ][gc          ] GC(58) Pause Young (Normal) (G1 Evacuation Pause) 241M->102M(281M) 18.847ms
[2025-06-05T03:04:16.707+0000][18.426s][info ][gc,cpu      ] GC(58) User=0.04s Sys=0.00s Real=0.02s
[2025-06-05T03:04:16.708+0000][18.426s][info ][safepoint   ] Safepoint "G1CollectForAllocation", Time since last: 761565709 ns, Reaching safepoint: 286958 ns, Cleanup: 87625 ns, At safepoint: 19051375 ns, Total: 19425958 ns
[2025-06-05T03:04:17.096+0000][18.815s][debug][safepoint   ] Safepoint synchronization initiated using futex wait barrier. (35 threads)
[2025-06-05T03:04:17.097+0000][18.816s][info ][safepoint   ] Safepoint "ICBufferFull", Time since last: 388500834 ns, Reaching safepoint: 630791 ns, Cleanup: 69459 ns, At safepoint: 4250 ns, Total: 704500 ns
[2025-06-05T03:04:17.097+0000][18.816s][debug][safepoint   ] Safepoint synchronization initiated using futex wait barrier. (35 threads)
[2025-06-05T03:04:17.098+0000][18.817s][info ][safepoint   ] Safepoint "ICBufferFull", Time since last: 201250 ns, Reaching safepoint: 897208 ns, Cleanup: 8625 ns, At safepoint: 8167 ns, Total: 914000 ns
[2025-06-05T03:04:17.115+0000][18.834s][debug][safepoint   ] Safepoint synchronization initiated using futex wait barrier. (35 threads)
[2025-06-05T03:04:17.118+0000][18.836s][info ][safepoint   ] Safepoint "ICBufferFull", Time since last: 16895250 ns, Reaching safepoint: 2733041 ns, Cleanup: 93709 ns, At safepoint: 8041 ns, Total: 2834791 ns
[2025-06-05T03:04:17.118+0000][18.837s][debug][safepoint   ] Safepoint synchronization initiated using futex wait barrier. (35 threads)
[2025-06-05T03:04:17.119+0000][18.838s][info ][safepoint   ] Safepoint "ICBufferFull", Time since last: 138875 ns, Reaching safepoint: 1166375 ns, Cleanup: 5875 ns, At safepoint: 7542 ns, Total: 1179792 ns
[2025-06-05T03:04:17.146+0000][18.865s][debug][safepoint   ] Safepoint synchronization initiated using futex wait barrier. (35 threads)
[2025-06-05T03:04:17.146+0000][18.865s][info ][gc,start    ] GC(59) Pause Young (Normal) (G1 Evacuation Pause)
[2025-06-05T03:04:17.147+0000][18.865s][info ][gc,task     ] GC(59) Using 2 workers of 2 for evacuation
[2025-06-05T03:04:17.161+0000][18.880s][info ][gc,phases   ] GC(59)   Pre Evacuate Collection Set: 0.1ms
[2025-06-05T03:04:17.161+0000][18.880s][info ][gc,phases   ] GC(59)   Merge Heap Roots: 0.1ms
[2025-06-05T03:04:17.161+0000][18.880s][info ][gc,phases   ] GC(59)   Evacuate Collection Set: 12.7ms
[2025-06-05T03:04:17.161+0000][18.880s][info ][gc,phases   ] GC(59)   Post Evacuate Collection Set: 1.3ms
[2025-06-05T03:04:17.161+0000][18.880s][info ][gc,phases   ] GC(59)   Other: 0.2ms
[2025-06-05T03:04:17.161+0000][18.880s][info ][gc,heap     ] GC(59) Eden regions: 136->0(135)
[2025-06-05T03:04:17.161+0000][18.880s][info ][gc,heap     ] GC(59) Survivor regions: 12->11(19)
[2025-06-05T03:04:17.161+0000][18.880s][info ][gc,heap     ] GC(59) Old regions: 90->93
[2025-06-05T03:04:17.161+0000][18.880s][info ][gc,heap     ] GC(59) Archive regions: 2->2
[2025-06-05T03:04:17.161+0000][18.880s][info ][gc,heap     ] GC(59) Humongous regions: 0->0
[2025-06-05T03:04:17.161+0000][18.880s][info ][gc,metaspace] GC(59) Metaspace: 112216K(112896K)->112216K(112896K) NonClass: 97772K(98112K)->97772K(98112K) Class: 14444K(14784K)->14444K(14784K)
[2025-06-05T03:04:17.161+0000][18.880s][info ][gc          ] GC(59) Pause Young (Normal) (G1 Evacuation Pause) 238M->104M(281M) 14.974ms
[2025-06-05T03:04:17.161+0000][18.880s][info ][gc,cpu      ] GC(59) User=0.02s Sys=0.00s Real=0.02s
[2025-06-05T03:04:17.162+0000][18.880s][info ][safepoint   ] Safepoint "G1CollectForAllocation", Time since last: 27374083 ns, Reaching safepoint: 136500 ns, Cleanup: 31417 ns, At safepoint: 15115750 ns, Total: 15283667 ns
[2025-06-05T03:04:17.517+0000][19.236s][debug][safepoint   ] Safepoint synchronization initiated using futex wait barrier. (35 threads)
[2025-06-05T03:04:17.517+0000][19.236s][info ][safepoint   ] Safepoint "ICBufferFull", Time since last: 355463834 ns, Reaching safepoint: 185666 ns, Cleanup: 91375 ns, At safepoint: 5084 ns, Total: 282125 ns
[2025-06-05T03:04:17.599+0000][19.318s][debug][safepoint   ] Safepoint synchronization initiated using futex wait barrier. (35 threads)
[2025-06-05T03:04:17.600+0000][19.319s][info ][safepoint   ] Safepoint "ICBufferFull", Time since last: 81330166 ns, Reaching safepoint: 1252959 ns, Cleanup: 58416 ns, At safepoint: 7959 ns, Total: 1319334 ns
[2025-06-05T03:04:17.727+0000][19.446s][debug][safepoint   ] Safepoint synchronization initiated using futex wait barrier. (35 threads)
[2025-06-05T03:04:17.728+0000][19.446s][info ][safepoint   ] Safepoint "ICBufferFull", Time since last: 127047333 ns, Reaching safepoint: 413583 ns, Cleanup: 139125 ns, At safepoint: 4000 ns, Total: 556708 ns
[2025-06-05T03:04:17.969+0000][19.688s][debug][safepoint   ] Safepoint synchronization initiated using futex wait barrier. (35 threads)
[2025-06-05T03:04:17.969+0000][19.688s][info ][safepoint   ] Safepoint "ICBufferFull", Time since last: 241600584 ns, Reaching safepoint: 127625 ns, Cleanup: 70500 ns, At safepoint: 1541 ns, Total: 199666 ns
[2025-06-05T03:04:18.045+0000][19.764s][debug][safepoint   ] Safepoint synchronization initiated using futex wait barrier. (36 threads)
[2025-06-05T03:04:18.046+0000][19.764s][info ][gc,start    ] GC(60) Pause Young (Normal) (G1 Evacuation Pause)
[2025-06-05T03:04:18.046+0000][19.765s][info ][gc,task     ] GC(60) Using 2 workers of 2 for evacuation
[2025-06-05T03:04:18.090+0000][19.809s][info ][gc,phases   ] GC(60)   Pre Evacuate Collection Set: 0.2ms
[2025-06-05T03:04:18.090+0000][19.809s][info ][gc,phases   ] GC(60)   Merge Heap Roots: 0.2ms
[2025-06-05T03:04:18.090+0000][19.809s][info ][gc,phases   ] GC(60)   Evacuate Collection Set: 40.1ms
[2025-06-05T03:04:18.090+0000][19.809s][info ][gc,phases   ] GC(60)   Post Evacuate Collection Set: 2.8ms
[2025-06-05T03:04:18.090+0000][19.809s][info ][gc,phases   ] GC(60)   Other: 1.1ms
[2025-06-05T03:04:18.090+0000][19.809s][info ][gc,heap     ] GC(60) Eden regions: 135->0(131)
[2025-06-05T03:04:18.090+0000][19.809s][info ][gc,heap     ] GC(60) Survivor regions: 11->12(19)
[2025-06-05T03:04:18.090+0000][19.809s][info ][gc,heap     ] GC(60) Old regions: 93->95
[2025-06-05T03:04:18.090+0000][19.809s][info ][gc,heap     ] GC(60) Archive regions: 2->2
[2025-06-05T03:04:18.090+0000][19.809s][info ][gc,heap     ] GC(60) Humongous regions: 0->0
[2025-06-05T03:04:18.090+0000][19.809s][info ][gc,metaspace] GC(60) Metaspace: 116679K(117376K)->116679K(117376K) NonClass: 101782K(102144K)->101782K(102144K) Class: 14897K(15232K)->14897K(15232K)
[2025-06-05T03:04:18.091+0000][19.809s][info ][gc          ] GC(60) Pause Young (Normal) (G1 Evacuation Pause) 239M->106M(281M) 45.007ms
[2025-06-05T03:04:18.091+0000][19.810s][info ][gc,cpu      ] GC(60) User=0.08s Sys=0.00s Real=0.05s
[2025-06-05T03:04:18.091+0000][19.810s][info ][safepoint   ] Safepoint "G1CollectForAllocation", Time since last: 75888042 ns, Reaching safepoint: 199625 ns, Cleanup: 80583 ns, At safepoint: 45273084 ns, Total: 45553292 ns
[2025-06-05T03:04:18.523+0000][20.242s][debug][safepoint   ] Safepoint synchronization initiated using futex wait barrier. (38 threads)
[2025-06-05T03:04:18.524+0000][20.243s][info ][safepoint   ] Safepoint "ICBufferFull", Time since last: 432380708 ns, Reaching safepoint: 1159209 ns, Cleanup: 131583 ns, At safepoint: 3917 ns, Total: 1294709 ns
[2025-06-05T03:04:18.839+0000][20.558s][debug][safepoint   ] Safepoint synchronization initiated using futex wait barrier. (38 threads)
[2025-06-05T03:04:18.840+0000][20.559s][info ][safepoint   ] Safepoint "ICBufferFull", Time since last: 314763875 ns, Reaching safepoint: 484958 ns, Cleanup: 69625 ns, At safepoint: 3875 ns, Total: 558458 ns
[2025-06-05T03:04:18.894+0000][20.613s][debug][safepoint   ] Safepoint synchronization initiated using futex wait barrier. (38 threads)
[2025-06-05T03:04:18.895+0000][20.614s][info ][gc,start    ] GC(61) Pause Young (Concurrent Start) (Metadata GC Threshold)
[2025-06-05T03:04:18.895+0000][20.614s][info ][gc,task     ] GC(61) Using 2 workers of 2 for evacuation
[2025-06-05T03:04:18.915+0000][20.634s][info ][gc,phases   ] GC(61)   Pre Evacuate Collection Set: 0.3ms
[2025-06-05T03:04:18.915+0000][20.634s][info ][gc,phases   ] GC(61)   Merge Heap Roots: 0.1ms
[2025-06-05T03:04:18.915+0000][20.634s][info ][gc,phases   ] GC(61)   Evacuate Collection Set: 17.8ms
[2025-06-05T03:04:18.915+0000][20.634s][info ][gc,phases   ] GC(61)   Post Evacuate Collection Set: 1.4ms
[2025-06-05T03:04:18.915+0000][20.634s][info ][gc,phases   ] GC(61)   Other: 0.3ms
[2025-06-05T03:04:18.915+0000][20.634s][info ][gc,heap     ] GC(61) Eden regions: 112->0(130)
[2025-06-05T03:04:18.915+0000][20.634s][info ][gc,heap     ] GC(61) Survivor regions: 12->9(18)
[2025-06-05T03:04:18.915+0000][20.634s][info ][gc,heap     ] GC(61) Old regions: 95->101
[2025-06-05T03:04:18.915+0000][20.634s][info ][gc,heap     ] GC(61) Archive regions: 2->2
[2025-06-05T03:04:18.915+0000][20.634s][info ][gc,heap     ] GC(61) Humongous regions: 0->0
[2025-06-05T03:04:18.915+0000][20.634s][info ][gc,metaspace] GC(61) Metaspace: 123539K(124480K)->123539K(124480K) NonClass: 107779K(108288K)->107779K(108288K) Class: 15760K(16192K)->15760K(16192K)
[2025-06-05T03:04:18.915+0000][20.634s][info ][gc          ] GC(61) Pause Young (Concurrent Start) (Metadata GC Threshold) 218M->110M(281M) 20.645ms
[2025-06-05T03:04:18.915+0000][20.634s][info ][gc,cpu      ] GC(61) User=0.04s Sys=0.00s Real=0.02s
[2025-06-05T03:04:18.915+0000][20.634s][info ][gc          ] GC(62) Concurrent Mark Cycle
[2025-06-05T03:04:18.916+0000][20.635s][info ][gc,marking  ] GC(62) Concurrent Clear Claimed Marks
[2025-06-05T03:04:18.915+0000][20.634s][info ][safepoint   ] Safepoint "CollectForMetadataAllocation", Time since last: 54609750 ns, Reaching safepoint: 146125 ns, Cleanup: 85875 ns, At safepoint: 20856750 ns, Total: 21088750 ns
[2025-06-05T03:04:18.916+0000][20.635s][info ][gc,marking  ] GC(62) Concurrent Clear Claimed Marks 0.249ms
[2025-06-05T03:04:18.918+0000][20.637s][info ][gc,marking  ] GC(62) Concurrent Scan Root Regions
[2025-06-05T03:04:18.939+0000][20.658s][info ][gc,marking  ] GC(62) Concurrent Scan Root Regions 21.065ms
[2025-06-05T03:04:18.939+0000][20.658s][info ][gc,marking  ] GC(62) Concurrent Mark
[2025-06-05T03:04:18.939+0000][20.658s][info ][gc,marking  ] GC(62) Concurrent Mark From Roots
[2025-06-05T03:04:18.939+0000][20.658s][info ][gc,task     ] GC(62) Using 1 workers of 1 for marking
[2025-06-05T03:04:19.012+0000][20.731s][debug][safepoint   ] Safepoint synchronization initiated using futex wait barrier. (38 threads)
[2025-06-05T03:04:19.012+0000][20.731s][info ][safepoint   ] Safepoint "CollectForMetadataAllocation", Time since last: 96734292 ns, Reaching safepoint: 206583 ns, Cleanup: 11250 ns, At safepoint: 28917 ns, Total: 246750 ns
[2025-06-05T03:04:19.030+0000][20.749s][debug][safepoint   ] Safepoint synchronization initiated using futex wait barrier. (38 threads)
[2025-06-05T03:04:19.031+0000][20.749s][info ][safepoint   ] Safepoint "CollectForMetadataAllocation", Time since last: 17915458 ns, Reaching safepoint: 175209 ns, Cleanup: 3375 ns, At safepoint: 22458 ns, Total: 201042 ns
[2025-06-05T03:04:19.113+0000][20.832s][debug][safepoint   ] Safepoint synchronization initiated using futex wait barrier. (38 threads)
[2025-06-05T03:04:19.113+0000][20.832s][info ][safepoint   ] Safepoint "CollectForMetadataAllocation", Time since last: 82094458 ns, Reaching safepoint: 188125 ns, Cleanup: 19000 ns, At safepoint: 38375 ns, Total: 245500 ns
[2025-06-05T03:04:19.129+0000][20.848s][info ][gc,marking  ] GC(62) Concurrent Mark From Roots 189.339ms
[2025-06-05T03:04:19.133+0000][20.852s][info ][gc,marking  ] GC(62) Concurrent Preclean
[2025-06-05T03:04:19.133+0000][20.852s][info ][gc,marking  ] GC(62) Concurrent Preclean 0.236ms
[2025-06-05T03:04:19.133+0000][20.852s][debug][safepoint   ] Safepoint synchronization initiated using futex wait barrier. (38 threads)
[2025-06-05T03:04:19.134+0000][20.852s][info ][gc,start    ] GC(62) Pause Remark
[2025-06-05T03:04:19.144+0000][20.863s][info ][gc          ] GC(62) Pause Remark 135M->135M(281M) 10.803ms
[2025-06-05T03:04:19.144+0000][20.863s][info ][gc,cpu      ] GC(62) User=0.02s Sys=0.00s Real=0.01s
[2025-06-05T03:04:19.145+0000][20.863s][info ][safepoint   ] Safepoint "G1PauseRemark", Time since last: 20118250 ns, Reaching safepoint: 492334 ns, Cleanup: 2708 ns, At safepoint: 11005375 ns, Total: 11500417 ns
[2025-06-05T03:04:19.145+0000][20.864s][info ][gc,marking  ] GC(62) Concurrent Mark 205.358ms
[2025-06-05T03:04:19.149+0000][20.868s][info ][gc,marking  ] GC(62) Concurrent Rebuild Remembered Sets
[2025-06-05T03:04:19.244+0000][20.963s][info ][gc,marking  ] GC(62) Concurrent Rebuild Remembered Sets 95.004ms
[2025-06-05T03:04:19.245+0000][20.964s][debug][safepoint   ] Safepoint synchronization initiated using futex wait barrier. (46 threads)
[2025-06-05T03:04:19.246+0000][20.965s][debug][safepoint   ] ... found polling page loop exception at pc = 0x0000ffff69049784, stub =0x0000ffff6897ef00
[2025-06-05T03:04:19.247+0000][20.966s][info ][gc,start    ] GC(62) Pause Cleanup
[2025-06-05T03:04:19.247+0000][20.966s][info ][gc          ] GC(62) Pause Cleanup 159M->159M(281M) 0.219ms
[2025-06-05T03:04:19.247+0000][20.966s][info ][gc,cpu      ] GC(62) User=0.00s Sys=0.00s Real=0.00s
[2025-06-05T03:04:19.247+0000][20.966s][info ][safepoint   ] Safepoint "G1PauseCleanup", Time since last: 100175583 ns, Reaching safepoint: 2192750 ns, Cleanup: 12084 ns, At safepoint: 351625 ns, Total: 2556459 ns
[2025-06-05T03:04:19.249+0000][20.967s][info ][gc,marking  ] GC(62) Concurrent Cleanup for Next Mark
[2025-06-05T03:04:19.250+0000][20.969s][info ][gc,marking  ] GC(62) Concurrent Cleanup for Next Mark 1.454ms
[2025-06-05T03:04:19.250+0000][20.969s][info ][gc          ] GC(62) Concurrent Mark Cycle 334.641ms
[2025-06-05T03:04:19.543+0000][21.262s][debug][safepoint   ] Safepoint synchronization initiated using futex wait barrier. (46 threads)
[2025-06-05T03:04:19.544+0000][21.263s][info ][gc,start    ] GC(63) Pause Young (Prepare Mixed) (G1 Evacuation Pause)
[2025-06-05T03:04:19.544+0000][21.263s][info ][gc,task     ] GC(63) Using 2 workers of 2 for evacuation
[2025-06-05T03:04:19.564+0000][21.283s][info ][gc,phases   ] GC(63)   Pre Evacuate Collection Set: 0.1ms
[2025-06-05T03:04:19.564+0000][21.283s][info ][gc,phases   ] GC(63)   Merge Heap Roots: 0.2ms
[2025-06-05T03:04:19.564+0000][21.283s][info ][gc,phases   ] GC(63)   Evacuate Collection Set: 17.6ms
[2025-06-05T03:04:19.564+0000][21.283s][info ][gc,phases   ] GC(63)   Post Evacuate Collection Set: 1.7ms
[2025-06-05T03:04:19.564+0000][21.283s][info ][gc,phases   ] GC(63)   Other: 0.3ms
[2025-06-05T03:04:19.564+0000][21.283s][info ][gc,heap     ] GC(63) Eden regions: 130->0(2)
[2025-06-05T03:04:19.564+0000][21.283s][info ][gc,heap     ] GC(63) Survivor regions: 9->12(18)
[2025-06-05T03:04:19.564+0000][21.283s][info ][gc,heap     ] GC(63) Old regions: 101->101
[2025-06-05T03:04:19.564+0000][21.283s][info ][gc,heap     ] GC(63) Archive regions: 2->2
[2025-06-05T03:04:19.564+0000][21.283s][info ][gc,heap     ] GC(63) Humongous regions: 1->0
[2025-06-05T03:04:19.564+0000][21.283s][info ][gc,metaspace] GC(63) Metaspace: 127508K(128512K)->127508K(128512K) NonClass: 111401K(111936K)->111401K(111936K) Class: 16106K(16576K)->16106K(16576K)
[2025-06-05T03:04:19.564+0000][21.283s][info ][gc          ] GC(63) Pause Young (Prepare Mixed) (G1 Evacuation Pause) 241M->113M(281M) 20.522ms
[2025-06-05T03:04:19.564+0000][21.283s][info ][gc,cpu      ] GC(63) User=0.05s Sys=0.00s Real=0.02s
[2025-06-05T03:04:19.564+0000][21.283s][info ][safepoint   ] Safepoint "G1CollectForAllocation", Time since last: 296232083 ns, Reaching safepoint: 156459 ns, Cleanup: 67041 ns, At safepoint: 20708209 ns, Total: 20931709 ns
[2025-06-05T03:04:19.571+0000][21.290s][debug][safepoint   ] Safepoint synchronization initiated using futex wait barrier. (46 threads)
[2025-06-05T03:04:19.572+0000][21.291s][info ][gc,start    ] GC(64) Pause Young (Mixed) (G1 Evacuation Pause)
[2025-06-05T03:04:19.572+0000][21.291s][info ][gc,task     ] GC(64) Using 2 workers of 2 for evacuation
[2025-06-05T03:04:19.594+0000][21.313s][info ][gc,phases   ] GC(64)   Pre Evacuate Collection Set: 0.1ms
[2025-06-05T03:04:19.594+0000][21.313s][info ][gc,phases   ] GC(64)   Merge Heap Roots: 0.2ms
[2025-06-05T03:04:19.594+0000][21.313s][info ][gc,phases   ] GC(64)   Evacuate Collection Set: 20.6ms
[2025-06-05T03:04:19.594+0000][21.313s][info ][gc,phases   ] GC(64)   Post Evacuate Collection Set: 1.1ms
[2025-06-05T03:04:19.594+0000][21.313s][info ][gc,phases   ] GC(64)   Other: 0.2ms
[2025-06-05T03:04:19.594+0000][21.313s][info ][gc,heap     ] GC(64) Eden regions: 2->0(127)
[2025-06-05T03:04:19.594+0000][21.313s][info ][gc,heap     ] GC(64) Survivor regions: 12->1(2)
[2025-06-05T03:04:19.594+0000][21.313s][info ][gc,heap     ] GC(64) Old regions: 101->111
[2025-06-05T03:04:19.594+0000][21.313s][info ][gc,heap     ] GC(64) Archive regions: 2->2
[2025-06-05T03:04:19.595+0000][21.313s][info ][gc,heap     ] GC(64) Humongous regions: 0->0
[2025-06-05T03:04:19.595+0000][21.313s][info ][gc,metaspace] GC(64) Metaspace: 127508K(128512K)->127508K(128512K) NonClass: 111401K(111936K)->111401K(111936K) Class: 16106K(16576K)->16106K(16576K)
[2025-06-05T03:04:19.595+0000][21.314s][info ][gc          ] GC(64) Pause Young (Mixed) (G1 Evacuation Pause) 115M->112M(281M) 22.846ms
[2025-06-05T03:04:19.595+0000][21.314s][info ][gc,cpu      ] GC(64) User=0.03s Sys=0.00s Real=0.02s
[2025-06-05T03:04:19.595+0000][21.314s][info ][safepoint   ] Safepoint "G1CollectForAllocation", Time since last: 6746750 ns, Reaching safepoint: 555083 ns, Cleanup: 10125 ns, At safepoint: 23012250 ns, Total: 23577458 ns
[2025-06-05T03:04:20.000+0000][21.719s][debug][safepoint   ] Safepoint synchronization initiated using futex wait barrier. (47 threads)
[2025-06-05T03:04:20.002+0000][21.721s][info ][safepoint   ] Safepoint "ICBufferFull", Time since last: 405703708 ns, Reaching safepoint: 1398042 ns, Cleanup: 341875 ns, At safepoint: 28958 ns, Total: 1768875 ns
[2025-06-05T03:04:20.471+0000][22.190s][debug][safepoint   ] Safepoint synchronization initiated using futex wait barrier. (48 threads)
[2025-06-05T03:04:20.472+0000][22.190s][info ][gc,start    ] GC(65) Pause Young (Concurrent Start) (G1 Evacuation Pause)
[2025-06-05T03:04:20.472+0000][22.191s][info ][gc,task     ] GC(65) Using 2 workers of 2 for evacuation
[2025-06-05T03:04:20.499+0000][22.218s][info ][gc,phases   ] GC(65)   Pre Evacuate Collection Set: 0.8ms
[2025-06-05T03:04:20.499+0000][22.218s][info ][gc,phases   ] GC(65)   Merge Heap Roots: 0.2ms
[2025-06-05T03:04:20.499+0000][22.218s][info ][gc,phases   ] GC(65)   Evacuate Collection Set: 23.0ms
[2025-06-05T03:04:20.499+0000][22.218s][info ][gc,phases   ] GC(65)   Post Evacuate Collection Set: 2.7ms
[2025-06-05T03:04:20.499+0000][22.218s][info ][gc,phases   ] GC(65)   Other: 0.6ms
[2025-06-05T03:04:20.499+0000][22.218s][info ][gc,heap     ] GC(65) Eden regions: 127->0(126)
[2025-06-05T03:04:20.499+0000][22.218s][info ][gc,heap     ] GC(65) Survivor regions: 1->3(16)
[2025-06-05T03:04:20.499+0000][22.218s][info ][gc,heap     ] GC(65) Old regions: 111->111
[2025-06-05T03:04:20.499+0000][22.218s][info ][gc,heap     ] GC(65) Archive regions: 2->2
[2025-06-05T03:04:20.499+0000][22.218s][info ][gc,heap     ] GC(65) Humongous regions: 0->0
[2025-06-05T03:04:20.499+0000][22.218s][info ][gc,metaspace] GC(65) Metaspace: 128724K(129664K)->128724K(129664K) NonClass: 112475K(112960K)->112475K(112960K) Class: 16249K(16704K)->16249K(16704K)
[2025-06-05T03:04:20.499+0000][22.218s][info ][gc          ] GC(65) Pause Young (Concurrent Start) (G1 Evacuation Pause) 239M->114M(281M) 27.860ms
[2025-06-05T03:04:20.499+0000][22.218s][info ][gc,cpu      ] GC(65) User=0.05s Sys=0.01s Real=0.02s
[2025-06-05T03:04:20.500+0000][22.218s][info ][safepoint   ] Safepoint "G1CollectForAllocation", Time since last: 468951459 ns, Reaching safepoint: 194958 ns, Cleanup: 105250 ns, At safepoint: 28104209 ns, Total: 28404417 ns
[2025-06-05T03:04:20.500+0000][22.218s][info ][gc          ] GC(66) Concurrent Mark Cycle
[2025-06-05T03:04:20.500+0000][22.219s][info ][gc,marking  ] GC(66) Concurrent Clear Claimed Marks
[2025-06-05T03:04:20.501+0000][22.220s][info ][gc,marking  ] GC(66) Concurrent Clear Claimed Marks 0.436ms
[2025-06-05T03:04:20.501+0000][22.220s][info ][gc,marking  ] GC(66) Concurrent Scan Root Regions
[2025-06-05T03:04:20.510+0000][22.229s][info ][gc,marking  ] GC(66) Concurrent Scan Root Regions 8.856ms
[2025-06-05T03:04:20.510+0000][22.229s][info ][gc,marking  ] GC(66) Concurrent Mark
[2025-06-05T03:04:20.510+0000][22.229s][info ][gc,marking  ] GC(66) Concurrent Mark From Roots
[2025-06-05T03:04:20.510+0000][22.229s][info ][gc,task     ] GC(66) Using 1 workers of 1 for marking
[2025-06-05T03:04:20.897+0000][22.616s][info ][gc,marking  ] GC(66) Concurrent Mark From Roots 387.238ms
[2025-06-05T03:04:20.899+0000][22.618s][info ][gc,marking  ] GC(66) Concurrent Preclean
[2025-06-05T03:04:20.899+0000][22.618s][info ][gc,marking  ] GC(66) Concurrent Preclean 0.245ms
[2025-06-05T03:04:20.900+0000][22.619s][debug][safepoint   ] Safepoint synchronization initiated using futex wait barrier. (50 threads)
[2025-06-05T03:04:20.900+0000][22.619s][info ][gc,start    ] GC(66) Pause Remark
[2025-06-05T03:04:20.913+0000][22.632s][info ][gc          ] GC(66) Pause Remark 146M->146M(281M) 12.636ms
[2025-06-05T03:04:20.913+0000][22.632s][info ][gc,cpu      ] GC(66) User=0.03s Sys=0.00s Real=0.01s
[2025-06-05T03:04:20.913+0000][22.632s][info ][safepoint   ] Safepoint "G1PauseRemark", Time since last: 400214625 ns, Reaching safepoint: 107875 ns, Cleanup: 43667 ns, At safepoint: 12889583 ns, Total: 13041125 ns
[2025-06-05T03:04:20.913+0000][22.632s][info ][gc,marking  ] GC(66) Concurrent Mark 403.219ms
[2025-06-05T03:04:20.915+0000][22.634s][info ][gc,marking  ] GC(66) Concurrent Rebuild Remembered Sets
[2025-06-05T03:04:21.029+0000][22.748s][info ][gc,marking  ] GC(66) Concurrent Rebuild Remembered Sets 114.056ms
[2025-06-05T03:04:21.031+0000][22.749s][debug][safepoint   ] Safepoint synchronization initiated using futex wait barrier. (51 threads)
[2025-06-05T03:04:21.031+0000][22.750s][info ][gc,start    ] GC(66) Pause Cleanup
[2025-06-05T03:04:21.031+0000][22.750s][info ][gc          ] GC(66) Pause Cleanup 162M->162M(281M) 0.176ms
[2025-06-05T03:04:21.031+0000][22.750s][info ][gc,cpu      ] GC(66) User=0.00s Sys=0.00s Real=0.00s
[2025-06-05T03:04:21.031+0000][22.750s][info ][safepoint   ] Safepoint "G1PauseCleanup", Time since last: 117719917 ns, Reaching safepoint: 98583 ns, Cleanup: 28625 ns, At safepoint: 309333 ns, Total: 436541 ns
[2025-06-05T03:04:21.031+0000][22.750s][info ][gc,marking  ] GC(66) Concurrent Cleanup for Next Mark
[2025-06-05T03:04:21.037+0000][22.756s][info ][gc,marking  ] GC(66) Concurrent Cleanup for Next Mark 5.946ms
[2025-06-05T03:04:21.037+0000][22.756s][info ][gc          ] GC(66) Concurrent Mark Cycle 537.598ms
[2025-06-05T03:04:21.298+0000][23.016s][debug][safepoint   ] Safepoint synchronization initiated using futex wait barrier. (51 threads)
[2025-06-05T03:04:21.298+0000][23.017s][info ][gc,start    ] GC(67) Pause Young (Prepare Mixed) (G1 Evacuation Pause)
[2025-06-05T03:04:21.298+0000][23.017s][info ][gc,task     ] GC(67) Using 2 workers of 2 for evacuation
[2025-06-05T03:04:21.308+0000][23.027s][info ][gc,phases   ] GC(67)   Pre Evacuate Collection Set: 0.2ms
[2025-06-05T03:04:21.309+0000][23.027s][info ][gc,phases   ] GC(67)   Merge Heap Roots: 0.2ms
[2025-06-05T03:04:21.309+0000][23.027s][info ][gc,phases   ] GC(67)   Evacuate Collection Set: 8.7ms
[2025-06-05T03:04:21.309+0000][23.028s][info ][gc,phases   ] GC(67)   Post Evacuate Collection Set: 1.1ms
[2025-06-05T03:04:21.309+0000][23.028s][info ][gc,phases   ] GC(67)   Other: 0.3ms
[2025-06-05T03:04:21.309+0000][23.028s][info ][gc,heap     ] GC(67) Eden regions: 126->0(9)
[2025-06-05T03:04:21.309+0000][23.028s][info ][gc,heap     ] GC(67) Survivor regions: 3->5(17)
[2025-06-05T03:04:21.309+0000][23.028s][info ][gc,heap     ] GC(67) Old regions: 111->111
[2025-06-05T03:04:21.309+0000][23.028s][info ][gc,heap     ] GC(67) Archive regions: 2->2
[2025-06-05T03:04:21.309+0000][23.028s][info ][gc,heap     ] GC(67) Humongous regions: 0->0
[2025-06-05T03:04:21.309+0000][23.028s][info ][gc,metaspace] GC(67) Metaspace: 131726K(132800K)->131726K(132800K) NonClass: 115127K(115712K)->115127K(115712K) Class: 16598K(17088K)->16598K(17088K)
[2025-06-05T03:04:21.309+0000][23.028s][info ][gc          ] GC(67) Pause Young (Prepare Mixed) (G1 Evacuation Pause) 240M->115M(281M) 11.159ms
[2025-06-05T03:04:21.309+0000][23.028s][info ][gc,cpu      ] GC(67) User=0.02s Sys=0.00s Real=0.01s
[2025-06-05T03:04:21.309+0000][23.028s][info ][safepoint   ] Safepoint "G1CollectForAllocation", Time since last: 266532125 ns, Reaching safepoint: 270750 ns, Cleanup: 42584 ns, At safepoint: 11346041 ns, Total: 11659375 ns
[2025-06-05T03:04:21.331+0000][23.050s][debug][safepoint   ] Safepoint synchronization initiated using futex wait barrier. (51 threads)
[2025-06-05T03:04:21.331+0000][23.050s][info ][gc,start    ] GC(68) Pause Young (Mixed) (G1 Evacuation Pause)
[2025-06-05T03:04:21.331+0000][23.050s][info ][gc,task     ] GC(68) Using 2 workers of 2 for evacuation
[2025-06-05T03:04:21.345+0000][23.064s][info ][gc,phases   ] GC(68)   Pre Evacuate Collection Set: 0.1ms
[2025-06-05T03:04:21.345+0000][23.064s][info ][gc,phases   ] GC(68)   Merge Heap Roots: 0.1ms
[2025-06-05T03:04:21.345+0000][23.064s][info ][gc,phases   ] GC(68)   Evacuate Collection Set: 11.8ms
[2025-06-05T03:04:21.345+0000][23.064s][info ][gc,phases   ] GC(68)   Post Evacuate Collection Set: 1.1ms
[2025-06-05T03:04:21.345+0000][23.064s][info ][gc,phases   ] GC(68)   Other: 0.2ms
[2025-06-05T03:04:21.345+0000][23.064s][info ][gc,heap     ] GC(68) Eden regions: 9->0(126)
[2025-06-05T03:04:21.345+0000][23.064s][info ][gc,heap     ] GC(68) Survivor regions: 5->1(2)
[2025-06-05T03:04:21.345+0000][23.064s][info ][gc,heap     ] GC(68) Old regions: 111->114
[2025-06-05T03:04:21.345+0000][23.064s][info ][gc,heap     ] GC(68) Archive regions: 2->2
[2025-06-05T03:04:21.345+0000][23.064s][info ][gc,heap     ] GC(68) Humongous regions: 0->0
[2025-06-05T03:04:21.345+0000][23.064s][info ][gc,metaspace] GC(68) Metaspace: 131880K(132864K)->131880K(132864K) NonClass: 115258K(115776K)->115258K(115776K) Class: 16621K(17088K)->16621K(17088K)
[2025-06-05T03:04:21.345+0000][23.064s][info ][gc          ] GC(68) Pause Young (Mixed) (G1 Evacuation Pause) 124M->115M(281M) 13.759ms
[2025-06-05T03:04:21.345+0000][23.064s][info ][gc,cpu      ] GC(68) User=0.02s Sys=0.00s Real=0.01s
[2025-06-05T03:04:21.345+0000][23.064s][info ][safepoint   ] Safepoint "G1CollectForAllocation", Time since last: 22099625 ns, Reaching safepoint: 118750 ns, Cleanup: 3292 ns, At safepoint: 13881167 ns, Total: 14003209 ns
[2025-06-05T03:04:21.762+0000][23.481s][debug][safepoint   ] Safepoint synchronization initiated using futex wait barrier. (52 threads)
[2025-06-05T03:04:21.762+0000][23.481s][info ][gc,start    ] GC(69) Pause Young (Normal) (G1 Evacuation Pause)
[2025-06-05T03:04:21.762+0000][23.481s][info ][gc,task     ] GC(69) Using 2 workers of 2 for evacuation
[2025-06-05T03:04:21.773+0000][23.492s][info ][gc,phases   ] GC(69)   Pre Evacuate Collection Set: 0.1ms
[2025-06-05T03:04:21.773+0000][23.492s][info ][gc,phases   ] GC(69)   Merge Heap Roots: 0.1ms
[2025-06-05T03:04:21.773+0000][23.492s][info ][gc,phases   ] GC(69)   Evacuate Collection Set: 5.9ms
[2025-06-05T03:04:21.773+0000][23.492s][info ][gc,phases   ] GC(69)   Post Evacuate Collection Set: 5.0ms
[2025-06-05T03:04:21.773+0000][23.492s][info ][gc,phases   ] GC(69)   Other: 0.2ms
[2025-06-05T03:04:21.773+0000][23.492s][info ][gc,heap     ] GC(69) Eden regions: 126->0(326)
[2025-06-05T03:04:21.773+0000][23.492s][info ][gc,heap     ] GC(69) Survivor regions: 1->3(16)
[2025-06-05T03:04:21.773+0000][23.492s][info ][gc,heap     ] GC(69) Old regions: 114->114
[2025-06-05T03:04:21.774+0000][23.492s][info ][gc,heap     ] GC(69) Archive regions: 2->2
[2025-06-05T03:04:21.774+0000][23.492s][info ][gc,heap     ] GC(69) Humongous regions: 0->0
[2025-06-05T03:04:21.774+0000][23.492s][info ][gc,metaspace] GC(69) Metaspace: 134975K(136000K)->134975K(136000K) NonClass: 118024K(118592K)->118024K(118592K) Class: 16951K(17408K)->16951K(17408K)
[2025-06-05T03:04:21.774+0000][23.493s][info ][gc          ] GC(69) Pause Young (Normal) (G1 Evacuation Pause) 241M->116M(549M) 11.656ms
[2025-06-05T03:04:21.774+0000][23.493s][info ][gc,cpu      ] GC(69) User=0.02s Sys=0.01s Real=0.01s
[2025-06-05T03:04:21.774+0000][23.493s][info ][safepoint   ] Safepoint "G1CollectForAllocation", Time since last: 416368792 ns, Reaching safepoint: 216958 ns, Cleanup: 47458 ns, At safepoint: 11806667 ns, Total: 12071083 ns
[2025-06-05T03:04:22.537+0000][24.256s][debug][safepoint   ] Safepoint synchronization initiated using futex wait barrier. (52 threads)
[2025-06-05T03:04:22.537+0000][24.256s][info ][safepoint   ] Safepoint "ICBufferFull", Time since last: 762882250 ns, Reaching safepoint: 221084 ns, Cleanup: 107125 ns, At safepoint: 2833 ns, Total: 331042 ns
[2025-06-05T03:04:23.464+0000][25.183s][debug][safepoint   ] Safepoint synchronization initiated using futex wait barrier. (56 threads)
[2025-06-05T03:04:23.465+0000][25.184s][info ][safepoint   ] Safepoint "ICBufferFull", Time since last: 927344417 ns, Reaching safepoint: 287833 ns, Cleanup: 108750 ns, At safepoint: 2959 ns, Total: 399542 ns
[2025-06-05T03:04:24.442+0000][26.161s][debug][safepoint   ] Safepoint synchronization initiated using futex wait barrier. (56 threads)
[2025-06-05T03:04:24.443+0000][26.162s][info ][gc,start    ] GC(70) Pause Young (Normal) (G1 Evacuation Pause)
[2025-06-05T03:04:24.443+0000][26.162s][info ][gc,task     ] GC(70) Using 2 workers of 2 for evacuation
[2025-06-05T03:04:24.530+0000][26.248s][info ][gc,phases   ] GC(70)   Pre Evacuate Collection Set: 0.7ms
[2025-06-05T03:04:24.530+0000][26.249s][info ][gc,phases   ] GC(70)   Merge Heap Roots: 0.4ms
[2025-06-05T03:04:24.530+0000][26.249s][info ][gc,phases   ] GC(70)   Evacuate Collection Set: 79.7ms
[2025-06-05T03:04:24.530+0000][26.249s][info ][gc,phases   ] GC(70)   Post Evacuate Collection Set: 4.7ms
[2025-06-05T03:04:24.530+0000][26.249s][info ][gc,phases   ] GC(70)   Other: 1.0ms
[2025-06-05T03:04:24.530+0000][26.249s][info ][gc,heap     ] GC(70) Eden regions: 326->0(315)
[2025-06-05T03:04:24.530+0000][26.249s][info ][gc,heap     ] GC(70) Survivor regions: 3->14(42)
[2025-06-05T03:04:24.530+0000][26.249s][info ][gc,heap     ] GC(70) Old regions: 114->114
[2025-06-05T03:04:24.530+0000][26.249s][info ][gc,heap     ] GC(70) Archive regions: 2->2
[2025-06-05T03:04:24.530+0000][26.249s][info ][gc,heap     ] GC(70) Humongous regions: 0->0
[2025-06-05T03:04:24.530+0000][26.249s][info ][gc,metaspace] GC(70) Metaspace: 140869K(141952K)->140869K(141952K) NonClass: 123581K(124160K)->123581K(124160K) Class: 17287K(17792K)->17287K(17792K)
[2025-06-05T03:04:24.530+0000][26.249s][info ][gc          ] GC(70) Pause Young (Normal) (G1 Evacuation Pause) 442M->127M(549M) 87.169ms
[2025-06-05T03:04:24.530+0000][26.249s][info ][gc,cpu      ] GC(70) User=0.17s Sys=0.00s Real=0.09s
[2025-06-05T03:04:24.531+0000][26.249s][info ][safepoint   ] Safepoint "G1CollectForAllocation", Time since last: 977504000 ns, Reaching safepoint: 686417 ns, Cleanup: 150333 ns, At safepoint: 87515500 ns, Total: 88352250 ns
[2025-06-05T03:04:25.371+0000][27.090s][debug][safepoint   ] Safepoint synchronization initiated using futex wait barrier. (57 threads)
[2025-06-05T03:04:25.371+0000][27.090s][info ][safepoint   ] Safepoint "ICBufferFull", Time since last: 840074084 ns, Reaching safepoint: 304083 ns, Cleanup: 200334 ns, At safepoint: 3416 ns, Total: 507833 ns
[2025-06-05T03:04:25.798+0000][27.517s][debug][safepoint   ] Safepoint synchronization initiated using futex wait barrier. (62 threads)
[2025-06-05T03:04:25.803+0000][27.522s][debug][safepoint   ] ... found polling page loop exception at pc = 0x0000ffff690ea854, stub =0x0000ffff6897ef00
[2025-06-05T03:04:25.804+0000][27.523s][info ][safepoint   ] Safepoint "ICBufferFull", Time since last: 427033542 ns, Reaching safepoint: 5585959 ns, Cleanup: 119875 ns, At safepoint: 14583 ns, Total: 5720417 ns
[2025-06-05T03:04:25.945+0000][27.664s][info ][cds,heap    ] initialize_from_archived_subgraph jdk.internal.math.FDBigInteger 0x000000030014c910
[2025-06-05T03:04:26.093+0000][27.811s][debug][safepoint   ] Safepoint synchronization initiated using futex wait barrier. (62 threads)
[2025-06-05T03:04:26.093+0000][27.812s][info ][safepoint   ] Safepoint "ICBufferFull", Time since last: 288676500 ns, Reaching safepoint: 227458 ns, Cleanup: 125625 ns, At safepoint: 3209 ns, Total: 356292 ns
[2025-06-05T03:04:26.383+0000][28.102s][debug][safepoint   ] Safepoint synchronization initiated using futex wait barrier. (71 threads)
[2025-06-05T03:04:26.383+0000][28.102s][info ][safepoint   ] Safepoint "ICBufferFull", Time since last: 290228208 ns, Reaching safepoint: 157125 ns, Cleanup: 83375 ns, At safepoint: 7917 ns, Total: 248417 ns
[2025-06-05T03:04:26.894+0000][28.613s][debug][safepoint   ] Safepoint synchronization initiated using futex wait barrier. (72 threads)
[2025-06-05T03:04:26.895+0000][28.614s][info ][gc,start    ] GC(71) Pause Young (Normal) (G1 Evacuation Pause)
[2025-06-05T03:04:26.895+0000][28.614s][info ][gc,task     ] GC(71) Using 2 workers of 2 for evacuation
[2025-06-05T03:04:26.967+0000][28.686s][info ][gc,phases   ] GC(71)   Pre Evacuate Collection Set: 0.4ms
[2025-06-05T03:04:26.968+0000][28.687s][info ][gc,phases   ] GC(71)   Merge Heap Roots: 0.3ms
[2025-06-05T03:04:26.968+0000][28.687s][info ][gc,phases   ] GC(71)   Evacuate Collection Set: 68.0ms
[2025-06-05T03:04:26.968+0000][28.687s][info ][gc,phases   ] GC(71)   Post Evacuate Collection Set: 3.6ms
[2025-06-05T03:04:26.968+0000][28.687s][info ][gc,phases   ] GC(71)   Other: 0.5ms
[2025-06-05T03:04:26.968+0000][28.687s][info ][gc,heap     ] GC(71) Eden regions: 315->0(308)
[2025-06-05T03:04:26.968+0000][28.687s][info ][gc,heap     ] GC(71) Survivor regions: 14->21(42)
[2025-06-05T03:04:26.968+0000][28.687s][info ][gc,heap     ] GC(71) Old regions: 114->114
[2025-06-05T03:04:26.968+0000][28.687s][info ][gc,heap     ] GC(71) Archive regions: 2->2
[2025-06-05T03:04:26.968+0000][28.687s][info ][gc,heap     ] GC(71) Humongous regions: 0->0
[2025-06-05T03:04:26.968+0000][28.687s][info ][gc,metaspace] GC(71) Metaspace: 150200K(151232K)->150200K(151232K) NonClass: 131906K(132416K)->131906K(132416K) Class: 18294K(18816K)->18294K(18816K)
[2025-06-05T03:04:26.968+0000][28.687s][info ][gc          ] GC(71) Pause Young (Normal) (G1 Evacuation Pause) 442M->134M(549M) 73.517ms
[2025-06-05T03:04:26.968+0000][28.687s][info ][gc,cpu      ] GC(71) User=0.14s Sys=0.00s Real=0.07s
[2025-06-05T03:04:26.968+0000][28.687s][info ][safepoint   ] Safepoint "G1CollectForAllocation", Time since last: 510947083 ns, Reaching safepoint: 208417 ns, Cleanup: 59042 ns, At safepoint: 73817750 ns, Total: 74085209 ns
[2025-06-05T03:04:27.695+0000][29.414s][debug][safepoint   ] Safepoint synchronization initiated using futex wait barrier. (72 threads)
[2025-06-05T03:04:27.695+0000][29.414s][info ][safepoint   ] Safepoint "ICBufferFull", Time since last: 726332958 ns, Reaching safepoint: 297417 ns, Cleanup: 123208 ns, At safepoint: 3542 ns, Total: 424167 ns
[2025-06-05T03:04:28.362+0000][30.081s][debug][safepoint   ] Safepoint synchronization initiated using futex wait barrier. (72 threads)
[2025-06-05T03:04:28.362+0000][30.081s][info ][safepoint   ] Safepoint "ICBufferFull", Time since last: 666818292 ns, Reaching safepoint: 178458 ns, Cleanup: 104625 ns, At safepoint: 8250 ns, Total: 291333 ns
[2025-06-05T03:04:28.587+0000][30.306s][debug][safepoint   ] Safepoint synchronization initiated using futex wait barrier. (72 threads)
[2025-06-05T03:04:28.587+0000][30.306s][info ][gc,start    ] GC(72) Pause Young (Normal) (G1 Evacuation Pause)
[2025-06-05T03:04:28.587+0000][30.306s][info ][gc,task     ] GC(72) Using 2 workers of 2 for evacuation
[2025-06-05T03:04:28.754+0000][30.472s][info ][gc,phases   ] GC(72)   Pre Evacuate Collection Set: 0.3ms
[2025-06-05T03:04:28.754+0000][30.473s][info ][gc,phases   ] GC(72)   Merge Heap Roots: 0.3ms
[2025-06-05T03:04:28.754+0000][30.473s][info ][gc,phases   ] GC(72)   Evacuate Collection Set: 145.7ms
[2025-06-05T03:04:28.755+0000][30.473s][info ][gc,phases   ] GC(72)   Post Evacuate Collection Set: 19.5ms
[2025-06-05T03:04:28.755+0000][30.474s][info ][gc,phases   ] GC(72)   Other: 0.5ms
[2025-06-05T03:04:28.755+0000][30.474s][info ][gc,heap     ] GC(72) Eden regions: 308->0(301)
[2025-06-05T03:04:28.755+0000][30.474s][info ][gc,heap     ] GC(72) Survivor regions: 21->28(42)
[2025-06-05T03:04:28.755+0000][30.474s][info ][gc,heap     ] GC(72) Old regions: 114->114
[2025-06-05T03:04:28.755+0000][30.474s][info ][gc,heap     ] GC(72) Archive regions: 2->2
[2025-06-05T03:04:28.756+0000][30.474s][info ][gc,heap     ] GC(72) Humongous regions: 0->0
[2025-06-05T03:04:28.757+0000][30.476s][info ][gc,metaspace] GC(72) Metaspace: 153221K(154304K)->153221K(154304K) NonClass: 134471K(135040K)->134471K(135040K) Class: 18749K(19264K)->18749K(19264K)
[2025-06-05T03:04:28.757+0000][30.476s][info ][gc          ] GC(72) Pause Young (Normal) (G1 Evacuation Pause) 442M->142M(549M) 169.674ms
[2025-06-05T03:04:28.757+0000][30.476s][info ][gc,cpu      ] GC(72) User=0.33s Sys=0.01s Real=0.17s
[2025-06-05T03:04:28.760+0000][30.479s][info ][safepoint   ] Safepoint "G1CollectForAllocation", Time since last: 224730834 ns, Reaching safepoint: 167791 ns, Cleanup: 44500 ns, At safepoint: 172440667 ns, Total: 172652958 ns
[2025-06-05T03:04:29.304+0000][31.023s][debug][safepoint   ] Safepoint synchronization initiated using futex wait barrier. (72 threads)
[2025-06-05T03:04:29.306+0000][31.025s][debug][safepoint   ] ... found polling page loop exception at pc = 0x0000ffff69049784, stub =0x0000ffff6897ef00
[2025-06-05T03:04:29.307+0000][31.026s][info ][safepoint   ] Safepoint "ICBufferFull", Time since last: 544042126 ns, Reaching safepoint: 3150250 ns, Cleanup: 112333 ns, At safepoint: 11500 ns, Total: 3274083 ns
[2025-06-05T03:04:29.837+0000][31.556s][debug][safepoint   ] Safepoint synchronization initiated using futex wait barrier. (72 threads)
[2025-06-05T03:04:29.837+0000][31.556s][info ][safepoint   ] Safepoint "ICBufferFull", Time since last: 529870750 ns, Reaching safepoint: 229417 ns, Cleanup: 94250 ns, At safepoint: 9500 ns, Total: 333167 ns
[2025-06-05T03:04:30.215+0000][31.934s][debug][safepoint   ] Safepoint synchronization initiated using futex wait barrier. (74 threads)
[2025-06-05T03:04:30.216+0000][31.934s][info ][gc,start    ] GC(73) Pause Young (Normal) (G1 Evacuation Pause)
[2025-06-05T03:04:30.216+0000][31.935s][info ][gc,task     ] GC(73) Using 2 workers of 2 for evacuation
[2025-06-05T03:04:30.347+0000][32.066s][info ][gc,phases   ] GC(73)   Pre Evacuate Collection Set: 0.3ms
[2025-06-05T03:04:30.347+0000][32.066s][info ][gc,phases   ] GC(73)   Merge Heap Roots: 0.3ms
[2025-06-05T03:04:30.347+0000][32.066s][info ][gc,phases   ] GC(73)   Evacuate Collection Set: 124.9ms
[2025-06-05T03:04:30.347+0000][32.066s][info ][gc,phases   ] GC(73)   Post Evacuate Collection Set: 5.3ms
[2025-06-05T03:04:30.347+0000][32.066s][info ][gc,phases   ] GC(73)   Other: 0.5ms
[2025-06-05T03:04:30.347+0000][32.066s][info ][gc,heap     ] GC(73) Eden regions: 301->0(307)
[2025-06-05T03:04:30.347+0000][32.066s][info ][gc,heap     ] GC(73) Survivor regions: 28->22(42)
[2025-06-05T03:04:30.347+0000][32.066s][info ][gc,heap     ] GC(73) Old regions: 114->125
[2025-06-05T03:04:30.347+0000][32.066s][info ][gc,heap     ] GC(73) Archive regions: 2->2
[2025-06-05T03:04:30.347+0000][32.066s][info ][gc,heap     ] GC(73) Humongous regions: 0->0
[2025-06-05T03:04:30.347+0000][32.066s][info ][gc,metaspace] GC(73) Metaspace: 157579K(158720K)->157579K(158720K) NonClass: 138207K(138816K)->138207K(138816K) Class: 19371K(19904K)->19371K(19904K)
[2025-06-05T03:04:30.347+0000][32.066s][info ][gc          ] GC(73) Pause Young (Normal) (G1 Evacuation Pause) 443M->147M(549M) 131.759ms
[2025-06-05T03:04:30.347+0000][32.066s][info ][gc,cpu      ] GC(73) User=0.25s Sys=0.00s Real=0.13s
[2025-06-05T03:04:30.347+0000][32.066s][info ][safepoint   ] Safepoint "G1CollectForAllocation", Time since last: 377714708 ns, Reaching safepoint: 447792 ns, Cleanup: 96917 ns, At safepoint: 132052083 ns, Total: 132596792 ns
[2025-06-05T03:04:30.766+0000][32.485s][debug][safepoint   ] Safepoint synchronization initiated using futex wait barrier. (76 threads)
[2025-06-05T03:04:30.766+0000][32.485s][info ][safepoint   ] Safepoint "ICBufferFull", Time since last: 418527084 ns, Reaching safepoint: 188750 ns, Cleanup: 102875 ns, At safepoint: 6916 ns, Total: 298541 ns
[2025-06-05T03:04:31.019+0000][32.738s][debug][safepoint   ] Safepoint synchronization initiated using futex wait barrier. (76 threads)
[2025-06-05T03:04:31.019+0000][32.738s][info ][safepoint   ] Safepoint "ICBufferFull", Time since last: 252476125 ns, Reaching safepoint: 79834 ns, Cleanup: 87791 ns, At safepoint: 7000 ns, Total: 174625 ns
[2025-06-05T03:04:31.227+0000][32.946s][debug][safepoint   ] Safepoint synchronization initiated using futex wait barrier. (106 threads)
[2025-06-05T03:04:31.228+0000][32.947s][debug][safepoint   ] ... found polling page loop exception at pc = 0x0000ffff690a37d4, stub =0x0000ffff6897ef00
[2025-06-05T03:04:31.229+0000][32.948s][info ][safepoint   ] Safepoint "ICBufferFull", Time since last: 208471000 ns, Reaching safepoint: 1313375 ns, Cleanup: 80084 ns, At safepoint: 5375 ns, Total: 1398834 ns
[2025-06-05T03:04:31.951+0000][33.670s][debug][safepoint   ] Safepoint synchronization initiated using futex wait barrier. (106 threads)
[2025-06-05T03:04:31.987+0000][33.706s][debug][safepoint   ] ... found polling page loop exception at pc = 0x0000ffff6987b4b4, stub =0x0000ffff6897ef00
[2025-06-05T03:04:31.989+0000][33.708s][info ][safepoint   ] Safepoint "ICBufferFull", Time since last: 722390333 ns, Reaching safepoint: 36609334 ns, Cleanup: 689125 ns, At safepoint: 86875 ns, Total: 37385334 ns
[2025-06-05T03:04:32.115+0000][33.833s][debug][safepoint   ] Safepoint synchronization initiated using futex wait barrier. (106 threads)
[2025-06-05T03:04:32.115+0000][33.834s][info ][gc,start    ] GC(74) Pause Young (Normal) (G1 Evacuation Pause)
[2025-06-05T03:04:32.115+0000][33.834s][info ][gc,task     ] GC(74) Using 2 workers of 2 for evacuation
[2025-06-05T03:04:32.260+0000][33.979s][info ][gc,phases   ] GC(74)   Pre Evacuate Collection Set: 0.6ms
[2025-06-05T03:04:32.260+0000][33.979s][info ][gc,phases   ] GC(74)   Merge Heap Roots: 0.4ms
[2025-06-05T03:04:32.260+0000][33.979s][info ][gc,phases   ] GC(74)   Evacuate Collection Set: 138.3ms
[2025-06-05T03:04:32.260+0000][33.979s][info ][gc,phases   ] GC(74)   Post Evacuate Collection Set: 5.5ms
[2025-06-05T03:04:32.260+0000][33.979s][info ][gc,phases   ] GC(74)   Other: 0.5ms
[2025-06-05T03:04:32.261+0000][33.979s][info ][gc,heap     ] GC(74) Eden regions: 307->0(292)
[2025-06-05T03:04:32.261+0000][33.980s][info ][gc,heap     ] GC(74) Survivor regions: 22->33(42)
[2025-06-05T03:04:32.261+0000][33.980s][info ][gc,heap     ] GC(74) Old regions: 125->131
[2025-06-05T03:04:32.261+0000][33.980s][info ][gc,heap     ] GC(74) Archive regions: 2->2
[2025-06-05T03:04:32.261+0000][33.980s][info ][gc,heap     ] GC(74) Humongous regions: 0->0
[2025-06-05T03:04:32.261+0000][33.980s][info ][gc,metaspace] GC(74) Metaspace: 162356K(163520K)->162356K(163520K) NonClass: 142359K(142976K)->142359K(142976K) Class: 19997K(20544K)->19997K(20544K)
[2025-06-05T03:04:32.261+0000][33.980s][info ][gc          ] GC(74) Pause Young (Normal) (G1 Evacuation Pause) 454M->164M(549M) 145.902ms
[2025-06-05T03:04:32.261+0000][33.980s][info ][gc,cpu      ] GC(74) User=0.28s Sys=0.00s Real=0.15s
[2025-06-05T03:04:32.261+0000][33.980s][info ][safepoint   ] Safepoint "G1CollectForAllocation", Time since last: 125894083 ns, Reaching safepoint: 287167 ns, Cleanup: 19042 ns, At safepoint: 146306375 ns, Total: 146612584 ns
[2025-06-05T03:04:32.621+0000][34.340s][debug][safepoint   ] ... found polling page loop exception at pc = 0x0000ffff690ea854, stub =0x0000ffff6897ef00
[2025-06-05T03:04:32.799+0000][34.518s][debug][safepoint   ] Safepoint synchronization initiated using futex wait barrier. (106 threads)
[2025-06-05T03:04:32.799+0000][34.518s][debug][safepoint   ] ... found polling page loop exception at pc = 0x0000ffff6987b4b4, stub =0x0000ffff6897ef00
[2025-06-05T03:04:32.800+0000][34.519s][info ][safepoint   ] Safepoint "ICBufferFull", Time since last: 537555417 ns, Reaching safepoint: 978666 ns, Cleanup: 92625 ns, At safepoint: 13250 ns, Total: 1084541 ns
[2025-06-05T03:04:33.323+0000][35.042s][debug][safepoint   ] Safepoint synchronization initiated using futex wait barrier. (73 threads)
[2025-06-05T03:04:33.325+0000][35.044s][info ][safepoint   ] Safepoint "ICBufferFull", Time since last: 523193125 ns, Reaching safepoint: 1910209 ns, Cleanup: 100833 ns, At safepoint: 8333 ns, Total: 2019375 ns
[2025-06-05T03:04:33.413+0000][35.132s][debug][safepoint   ] Safepoint synchronization initiated using futex wait barrier. (46 threads)
[2025-06-05T03:04:33.413+0000][35.132s][info ][safepoint   ] Safepoint "ThreadDump", Time since last: 88040584 ns, Reaching safepoint: 119958 ns, Cleanup: 36458 ns, At safepoint: 47000 ns, Total: 203416 ns
[2025-06-05T03:04:33.414+0000][35.132s][debug][safepoint   ] Safepoint synchronization initiated using futex wait barrier. (46 threads)
[2025-06-05T03:04:33.414+0000][35.133s][info ][safepoint   ] Safepoint "ThreadDump", Time since last: 315417 ns, Reaching safepoint: 51417 ns, Cleanup: 1958 ns, At safepoint: 15042 ns, Total: 68417 ns
[2025-06-05T03:04:33.414+0000][35.133s][debug][safepoint   ] Safepoint synchronization initiated using futex wait barrier. (46 threads)
[2025-06-05T03:04:33.414+0000][35.133s][info ][safepoint   ] Safepoint "ThreadDump", Time since last: 355083 ns, Reaching safepoint: 43250 ns, Cleanup: 1208 ns, At safepoint: 18875 ns, Total: 63333 ns
[2025-06-05T03:04:33.414+0000][35.133s][debug][safepoint   ] Safepoint synchronization initiated using futex wait barrier. (46 threads)
[2025-06-05T03:04:33.414+0000][35.133s][info ][safepoint   ] Safepoint "ThreadDump", Time since last: 69959 ns, Reaching safepoint: 34208 ns, Cleanup: 1042 ns, At safepoint: 4250 ns, Total: 39500 ns
[2025-06-05T03:04:33.414+0000][35.133s][debug][safepoint   ] Safepoint synchronization initiated using futex wait barrier. (46 threads)
[2025-06-05T03:04:33.414+0000][35.133s][info ][safepoint   ] Safepoint "ThreadDump", Time since last: 104458 ns, Reaching safepoint: 31875 ns, Cleanup: 708 ns, At safepoint: 4792 ns, Total: 37375 ns
[2025-06-05T03:04:33.414+0000][35.133s][debug][safepoint   ] Safepoint synchronization initiated using futex wait barrier. (46 threads)
[2025-06-05T03:04:33.414+0000][35.133s][info ][safepoint   ] Safepoint "ThreadDump", Time since last: 65583 ns, Reaching safepoint: 40709 ns, Cleanup: 1500 ns, At safepoint: 13416 ns, Total: 55625 ns
[2025-06-05T03:04:33.415+0000][35.133s][debug][safepoint   ] Safepoint synchronization initiated using futex wait barrier. (46 threads)
[2025-06-05T03:04:33.415+0000][35.134s][info ][safepoint   ] Safepoint "ThreadDump", Time since last: 141959 ns, Reaching safepoint: 84958 ns, Cleanup: 1250 ns, At safepoint: 18833 ns, Total: 105041 ns
[2025-06-05T03:04:33.415+0000][35.134s][debug][safepoint   ] Safepoint synchronization initiated using futex wait barrier. (46 threads)
[2025-06-05T03:04:33.415+0000][35.134s][info ][safepoint   ] Safepoint "ThreadDump", Time since last: 83250 ns, Reaching safepoint: 32625 ns, Cleanup: 4417 ns, At safepoint: 8083 ns, Total: 45125 ns
[2025-06-05T03:04:33.415+0000][35.134s][debug][safepoint   ] Safepoint synchronization initiated using futex wait barrier. (46 threads)
[2025-06-05T03:04:33.415+0000][35.134s][info ][safepoint   ] Safepoint "ThreadDump", Time since last: 127417 ns, Reaching safepoint: 33792 ns, Cleanup: 875 ns, At safepoint: 4333 ns, Total: 39000 ns
[2025-06-05T03:04:33.415+0000][35.134s][debug][safepoint   ] Safepoint synchronization initiated using futex wait barrier. (46 threads)
[2025-06-05T03:04:33.415+0000][35.134s][info ][safepoint   ] Safepoint "ThreadDump", Time since last: 66000 ns, Reaching safepoint: 30042 ns, Cleanup: 583 ns, At safepoint: 3625 ns, Total: 34250 ns
[2025-06-05T03:04:33.415+0000][35.134s][debug][safepoint   ] Safepoint synchronization initiated using futex wait barrier. (46 threads)
[2025-06-05T03:04:33.415+0000][35.134s][info ][safepoint   ] Safepoint "ThreadDump", Time since last: 104583 ns, Reaching safepoint: 31584 ns, Cleanup: 791 ns, At safepoint: 4167 ns, Total: 36542 ns
[2025-06-05T03:04:33.415+0000][35.134s][debug][safepoint   ] Safepoint synchronization initiated using futex wait barrier. (46 threads)
[2025-06-05T03:04:33.415+0000][35.134s][info ][safepoint   ] Safepoint "ThreadDump", Time since last: 62917 ns, Reaching safepoint: 28583 ns, Cleanup: 542 ns, At safepoint: 3333 ns, Total: 32458 ns
[2025-06-05T03:04:33.415+0000][35.134s][debug][safepoint   ] Safepoint synchronization initiated using futex wait barrier. (46 threads)
[2025-06-05T03:04:33.415+0000][35.134s][info ][safepoint   ] Safepoint "ThreadDump", Time since last: 107875 ns, Reaching safepoint: 30958 ns, Cleanup: 625 ns, At safepoint: 4250 ns, Total: 35833 ns
[2025-06-05T03:04:33.415+0000][35.134s][debug][safepoint   ] Safepoint synchronization initiated using futex wait barrier. (46 threads)
[2025-06-05T03:04:33.416+0000][35.134s][info ][safepoint   ] Safepoint "ThreadDump", Time since last: 62667 ns, Reaching safepoint: 30042 ns, Cleanup: 416 ns, At safepoint: 3417 ns, Total: 33875 ns
[2025-06-05T03:04:33.416+0000][35.135s][debug][safepoint   ] Safepoint synchronization initiated using futex wait barrier. (46 threads)
[2025-06-05T03:04:33.416+0000][35.135s][info ][safepoint   ] Safepoint "ThreadDump", Time since last: 151667 ns, Reaching safepoint: 46750 ns, Cleanup: 1208 ns, At safepoint: 7458 ns, Total: 55416 ns
[2025-06-05T03:04:33.416+0000][35.135s][debug][safepoint   ] Safepoint synchronization initiated using futex wait barrier. (46 threads)
[2025-06-05T03:04:33.416+0000][35.135s][info ][safepoint   ] Safepoint "ThreadDump", Time since last: 61042 ns, Reaching safepoint: 30417 ns, Cleanup: 583 ns, At safepoint: 10417 ns, Total: 41417 ns
[2025-06-05T03:04:34.418+0000][36.137s][debug][safepoint   ] Safepoint synchronization initiated using futex wait barrier. (41 threads)
[2025-06-05T03:04:34.419+0000][36.137s][info ][safepoint   ] Safepoint "Cleanup", Time since last: 1001873542 ns, Reaching safepoint: 655083 ns, Cleanup: 178459 ns, At safepoint: 24708 ns, Total: 858250 ns
[2025-06-05T03:04:35.423+0000][37.142s][debug][safepoint   ] Safepoint synchronization initiated using futex wait barrier. (29 threads)
[2025-06-05T03:04:35.424+0000][37.143s][info ][safepoint   ] Safepoint "Cleanup", Time since last: 1004263709 ns, Reaching safepoint: 755375 ns, Cleanup: 122750 ns, At safepoint: 9041 ns, Total: 887166 ns
[2025-06-05T03:04:36.274+0000][38.010s][info ][gc,heap,exit] Heap
[2025-06-05T03:04:36.277+0000][38.013s][info ][gc,heap,exit]  garbage-first heap   total 562176K, used 271792K [0x00000000c2c00000, 0x0000000100000000)
[2025-06-05T03:04:36.277+0000][38.013s][info ][gc,heap,exit]   region size 1024K, 134 young (137216K), 33 survivors (33792K)
[2025-06-05T03:04:36.278+0000][38.013s][info ][gc,heap,exit]  Metaspace       used 164429K, committed 165632K, reserved 1245184K
[2025-06-05T03:04:36.278+0000][38.014s][info ][gc,heap,exit]   class space    used 20311K, committed 20864K, reserved 1048576K
[2025-06-05T03:04:36.278+0000][38.014s][debug][safepoint   ] Safepoint synchronization initiated using futex wait barrier. (23 threads)
