[2025-06-05T16:30:14.630+0000][0.005s][info][gc] Using G1
[2025-06-05T16:30:14.631+0000][0.006s][info][gc,init] Version: 17.0.14+7-Debian-1deb12u1 (release)
[2025-06-05T16:30:14.631+0000][0.006s][info][gc,init] CPUs: 8 total, 2 available
[2025-06-05T16:30:14.631+0000][0.007s][info][gc,init] Memory: 3919M
[2025-06-05T16:30:14.631+0000][0.007s][info][gc,init] Large Page Support: Disabled
[2025-06-05T16:30:14.631+0000][0.007s][info][gc,init] NUMA Support: Disabled
[2025-06-05T16:30:14.631+0000][0.007s][info][gc,init] Compressed Oops: Enabled (32-bit)
[2025-06-05T16:30:14.631+0000][0.007s][info][gc,init] Heap Region Size: 1M
[2025-06-05T16:30:14.631+0000][0.007s][info][gc,init] Heap Min Capacity: 8M
[2025-06-05T16:30:14.631+0000][0.007s][info][gc,init] Heap Initial Capacity: 62M
[2025-06-05T16:30:14.631+0000][0.007s][info][gc,init] Heap Max Capacity: 980M
[2025-06-05T16:30:14.631+0000][0.007s][info][gc,init] Pre-touch: Disabled
[2025-06-05T16:30:14.631+0000][0.007s][info][gc,init] Parallel Workers: 2
[2025-06-05T16:30:14.631+0000][0.007s][info][gc,init] Concurrent Workers: 1
[2025-06-05T16:30:14.631+0000][0.007s][info][gc,init] Concurrent Refinement Workers: 2
[2025-06-05T16:30:14.631+0000][0.007s][info][gc,init] Periodic GC: Disabled
[2025-06-05T16:30:14.656+0000][0.031s][info][gc,metaspace] CDS archive(s) mapped at: [0x0000004800000000-0x0000004800be0000-0x0000004800be0000), size 12451840, SharedBaseAddress: 0x0000004800000000, ArchiveRelocationMode: 1.
[2025-06-05T16:30:14.656+0000][0.031s][info][gc,metaspace] Compressed class space mapped at: 0x0000004801000000-0x0000004841000000, reserved size: 1073741824
[2025-06-05T16:30:14.656+0000][0.031s][info][gc,metaspace] Narrow klass base: 0x0000004800000000, Narrow klass shift: 0, Narrow klass range: 0x100000000
[2025-06-05T16:30:14.661+0000][0.037s][info][cds,heap    ] initialize_from_archived_subgraph java.lang.Module$ArchivedData 0x00000048001823a8 (early)
[2025-06-05T16:30:14.662+0000][0.038s][info][cds,heap    ] initialize_from_archived_subgraph java.util.ImmutableCollections 0x0000004800070d08 (early)
[2025-06-05T16:30:14.664+0000][0.040s][info][cds,heap    ] initialize_from_archived_subgraph java.lang.Integer$IntegerCache 0x0000004800036060 (early)
[2025-06-05T16:30:14.672+0000][0.047s][info][cds,heap    ] initialize_from_archived_subgraph java.lang.module.Configuration 0x0000004800170328 (early)
[2025-06-05T16:30:14.672+0000][0.048s][info][cds,heap    ] initialize_from_archived_subgraph java.lang.ModuleLayer 0x0000004800144760 (early)
[2025-06-05T16:30:14.673+0000][0.048s][info][cds,heap    ] initialize_from_archived_subgraph jdk.internal.loader.ArchivedClassLoaders 0x00000048001a6a10 (early)
[2025-06-05T16:30:14.676+0000][0.052s][info][cds,heap    ] initialize_from_archived_subgraph jdk.internal.module.ArchivedBootLayer 0x0000004800176f68 (early)
[2025-06-05T16:30:14.678+0000][0.054s][info][cds,heap    ] initialize_from_archived_subgraph sun.util.locale.BaseLocale 0x000000480026d798
[2025-06-05T16:30:14.684+0000][0.059s][info][cds,heap    ] initialize_from_archived_subgraph java.util.jar.Attributes$Name 0x0000004800198488
[2025-06-05T16:30:14.697+0000][0.072s][info][cds,heap    ] initialize_from_archived_subgraph java.lang.Long$LongCache 0x000000480001f998
[2025-06-05T16:30:14.739+0000][0.115s][info][cds,heap    ] initialize_from_archived_subgraph java.lang.Character$CharacterCache 0x00000048000393e8
[2025-06-05T16:30:14.786+0000][0.162s][debug][safepoint   ] Safepoint synchronization initiated using futex wait barrier. (12 threads)
[2025-06-05T16:30:14.787+0000][0.163s][info ][safepoint   ] Safepoint "ICBufferFull", Time since last: 125204667 ns, Reaching safepoint: 1025500 ns, Cleanup: 69583 ns, At safepoint: 9459 ns, Total: 1104542 ns
[2025-06-05T16:30:14.831+0000][0.206s][debug][safepoint   ] Safepoint synchronization initiated using futex wait barrier. (12 threads)
[2025-06-05T16:30:14.831+0000][0.206s][info ][gc,start    ] GC(0) Pause Young (Normal) (G1 Evacuation Pause)
[2025-06-05T16:30:14.831+0000][0.207s][info ][gc,task     ] GC(0) Using 2 workers of 2 for evacuation
[2025-06-05T16:30:14.839+0000][0.215s][info ][gc,phases   ] GC(0)   Pre Evacuate Collection Set: 0.1ms
[2025-06-05T16:30:14.839+0000][0.215s][info ][gc,phases   ] GC(0)   Merge Heap Roots: 0.1ms
[2025-06-05T16:30:14.839+0000][0.215s][info ][gc,phases   ] GC(0)   Evacuate Collection Set: 7.6ms
[2025-06-05T16:30:14.840+0000][0.215s][info ][gc,phases   ] GC(0)   Post Evacuate Collection Set: 0.4ms
[2025-06-05T16:30:14.840+0000][0.215s][info ][gc,phases   ] GC(0)   Other: 0.5ms
[2025-06-05T16:30:14.840+0000][0.215s][info ][gc,heap     ] GC(0) Eden regions: 18->0(22)
[2025-06-05T16:30:14.840+0000][0.215s][info ][gc,heap     ] GC(0) Survivor regions: 0->3(3)
[2025-06-05T16:30:14.840+0000][0.215s][info ][gc,heap     ] GC(0) Old regions: 0->1
[2025-06-05T16:30:14.840+0000][0.215s][info ][gc,heap     ] GC(0) Archive regions: 2->2
[2025-06-05T16:30:14.840+0000][0.215s][info ][gc,heap     ] GC(0) Humongous regions: 0->0
[2025-06-05T16:30:14.840+0000][0.215s][info ][gc,metaspace] GC(0) Metaspace: 1946K(2176K)->1946K(2176K) NonClass: 1741K(1856K)->1741K(1856K) Class: 205K(320K)->205K(320K)
[2025-06-05T16:30:14.840+0000][0.215s][info ][gc          ] GC(0) Pause Young (Normal) (G1 Evacuation Pause) 18M->4M(64M) 9.064ms
[2025-06-05T16:30:14.840+0000][0.215s][info ][gc,cpu      ] GC(0) User=0.01s Sys=0.01s Real=0.01s
[2025-06-05T16:30:14.840+0000][0.215s][info ][safepoint   ] Safepoint "G1CollectForAllocation", Time since last: 43484666 ns, Reaching safepoint: 120084 ns, Cleanup: 15458 ns, At safepoint: 9194625 ns, Total: 9330167 ns
[2025-06-05T16:30:14.936+0000][0.311s][debug][safepoint   ] Safepoint synchronization initiated using futex wait barrier. (12 threads)
[2025-06-05T16:30:14.936+0000][0.311s][info ][gc,start    ] GC(1) Pause Young (Normal) (G1 Evacuation Pause)
[2025-06-05T16:30:14.936+0000][0.311s][info ][gc,task     ] GC(1) Using 2 workers of 2 for evacuation
[2025-06-05T16:30:14.940+0000][0.315s][info ][gc,phases   ] GC(1)   Pre Evacuate Collection Set: 0.1ms
[2025-06-05T16:30:14.940+0000][0.315s][info ][gc,phases   ] GC(1)   Merge Heap Roots: 0.1ms
[2025-06-05T16:30:14.940+0000][0.315s][info ][gc,phases   ] GC(1)   Evacuate Collection Set: 3.0ms
[2025-06-05T16:30:14.940+0000][0.315s][info ][gc,phases   ] GC(1)   Post Evacuate Collection Set: 0.4ms
[2025-06-05T16:30:14.940+0000][0.315s][info ][gc,phases   ] GC(1)   Other: 0.2ms
[2025-06-05T16:30:14.940+0000][0.315s][info ][gc,heap     ] GC(1) Eden regions: 22->0(32)
[2025-06-05T16:30:14.940+0000][0.315s][info ][gc,heap     ] GC(1) Survivor regions: 3->3(4)
[2025-06-05T16:30:14.940+0000][0.316s][info ][gc,heap     ] GC(1) Old regions: 1->4
[2025-06-05T16:30:14.940+0000][0.316s][info ][gc,heap     ] GC(1) Archive regions: 2->2
[2025-06-05T16:30:14.940+0000][0.316s][info ][gc,heap     ] GC(1) Humongous regions: 0->0
[2025-06-05T16:30:14.940+0000][0.316s][info ][gc,metaspace] GC(1) Metaspace: 2076K(2304K)->2076K(2304K) NonClass: 1871K(1984K)->1871K(1984K) Class: 205K(320K)->205K(320K)
[2025-06-05T16:30:14.940+0000][0.316s][info ][gc          ] GC(1) Pause Young (Normal) (G1 Evacuation Pause) 26M->7M(64M) 4.255ms
[2025-06-05T16:30:14.940+0000][0.316s][info ][gc,cpu      ] GC(1) User=0.01s Sys=0.00s Real=0.01s
[2025-06-05T16:30:14.940+0000][0.316s][info ][safepoint   ] Safepoint "G1CollectForAllocation", Time since last: 95792709 ns, Reaching safepoint: 130666 ns, Cleanup: 15167 ns, At safepoint: 4345583 ns, Total: 4491416 ns
[2025-06-05T16:30:15.087+0000][0.463s][debug][safepoint   ] Safepoint synchronization initiated using futex wait barrier. (12 threads)
[2025-06-05T16:30:15.087+0000][0.463s][info ][safepoint   ] Safepoint "ICBufferFull", Time since last: 147163792 ns, Reaching safepoint: 137750 ns, Cleanup: 51625 ns, At safepoint: 5708 ns, Total: 195083 ns
[2025-06-05T16:30:15.129+0000][0.504s][debug][safepoint   ] Safepoint synchronization initiated using futex wait barrier. (12 threads)
[2025-06-05T16:30:15.129+0000][0.504s][info ][gc,start    ] GC(2) Pause Young (Normal) (G1 Evacuation Pause)
[2025-06-05T16:30:15.129+0000][0.504s][info ][gc,task     ] GC(2) Using 2 workers of 2 for evacuation
[2025-06-05T16:30:15.136+0000][0.511s][info ][gc,phases   ] GC(2)   Pre Evacuate Collection Set: 0.1ms
[2025-06-05T16:30:15.136+0000][0.511s][info ][gc,phases   ] GC(2)   Merge Heap Roots: 0.1ms
[2025-06-05T16:30:15.136+0000][0.511s][info ][gc,phases   ] GC(2)   Evacuate Collection Set: 5.8ms
[2025-06-05T16:30:15.136+0000][0.511s][info ][gc,phases   ] GC(2)   Post Evacuate Collection Set: 0.7ms
[2025-06-05T16:30:15.136+0000][0.512s][info ][gc,phases   ] GC(2)   Other: 0.2ms
[2025-06-05T16:30:15.136+0000][0.512s][info ][gc,heap     ] GC(2) Eden regions: 32->0(30)
[2025-06-05T16:30:15.136+0000][0.512s][info ][gc,heap     ] GC(2) Survivor regions: 3->3(5)
[2025-06-05T16:30:15.136+0000][0.512s][info ][gc,heap     ] GC(2) Old regions: 4->7
[2025-06-05T16:30:15.136+0000][0.512s][info ][gc,heap     ] GC(2) Archive regions: 2->2
[2025-06-05T16:30:15.136+0000][0.512s][info ][gc,heap     ] GC(2) Humongous regions: 0->0
[2025-06-05T16:30:15.136+0000][0.512s][info ][gc,metaspace] GC(2) Metaspace: 3068K(3328K)->3068K(3328K) NonClass: 2771K(2880K)->2771K(2880K) Class: 297K(448K)->297K(448K)
[2025-06-05T16:30:15.136+0000][0.512s][info ][gc          ] GC(2) Pause Young (Normal) (G1 Evacuation Pause) 39M->10M(64M) 7.474ms
[2025-06-05T16:30:15.136+0000][0.512s][info ][gc,cpu      ] GC(2) User=0.01s Sys=0.01s Real=0.00s
[2025-06-05T16:30:15.136+0000][0.512s][info ][safepoint   ] Safepoint "G1CollectForAllocation", Time since last: 41107834 ns, Reaching safepoint: 122541 ns, Cleanup: 29000 ns, At safepoint: 7618000 ns, Total: 7769541 ns
[2025-06-05T16:30:15.278+0000][0.653s][debug][safepoint   ] Safepoint synchronization initiated using futex wait barrier. (12 threads)
[2025-06-05T16:30:15.278+0000][0.654s][info ][gc,start    ] GC(3) Pause Young (Normal) (G1 Evacuation Pause)
[2025-06-05T16:30:15.278+0000][0.654s][info ][gc,task     ] GC(3) Using 2 workers of 2 for evacuation
[2025-06-05T16:30:15.280+0000][0.656s][info ][gc,phases   ] GC(3)   Pre Evacuate Collection Set: 0.1ms
[2025-06-05T16:30:15.280+0000][0.656s][info ][gc,phases   ] GC(3)   Merge Heap Roots: 0.1ms
[2025-06-05T16:30:15.280+0000][0.656s][info ][gc,phases   ] GC(3)   Evacuate Collection Set: 1.5ms
[2025-06-05T16:30:15.280+0000][0.656s][info ][gc,phases   ] GC(3)   Post Evacuate Collection Set: 0.5ms
[2025-06-05T16:30:15.280+0000][0.656s][info ][gc,phases   ] GC(3)   Other: 0.2ms
[2025-06-05T16:30:15.280+0000][0.656s][info ][gc,heap     ] GC(3) Eden regions: 30->0(32)
[2025-06-05T16:30:15.281+0000][0.656s][info ][gc,heap     ] GC(3) Survivor regions: 3->4(5)
[2025-06-05T16:30:15.281+0000][0.656s][info ][gc,heap     ] GC(3) Old regions: 7->7
[2025-06-05T16:30:15.281+0000][0.656s][info ][gc,heap     ] GC(3) Archive regions: 2->2
[2025-06-05T16:30:15.281+0000][0.656s][info ][gc,heap     ] GC(3) Humongous regions: 0->0
[2025-06-05T16:30:15.281+0000][0.656s][info ][gc,metaspace] GC(3) Metaspace: 4610K(4864K)->4610K(4864K) NonClass: 4086K(4224K)->4086K(4224K) Class: 523K(640K)->523K(640K)
[2025-06-05T16:30:15.281+0000][0.656s][info ][gc          ] GC(3) Pause Young (Normal) (G1 Evacuation Pause) 40M->11M(64M) 2.891ms
[2025-06-05T16:30:15.281+0000][0.656s][info ][gc,cpu      ] GC(3) User=0.00s Sys=0.00s Real=0.00s
[2025-06-05T16:30:15.281+0000][0.657s][info ][safepoint   ] Safepoint "G1CollectForAllocation", Time since last: 141348042 ns, Reaching safepoint: 134167 ns, Cleanup: 53791 ns, At safepoint: 3022459 ns, Total: 3210417 ns
[2025-06-05T16:30:15.377+0000][0.753s][debug][safepoint   ] Safepoint synchronization initiated using futex wait barrier. (13 threads)
[2025-06-05T16:30:15.378+0000][0.753s][info ][gc,start    ] GC(4) Pause Young (Normal) (G1 Evacuation Pause)
[2025-06-05T16:30:15.378+0000][0.753s][info ][gc,task     ] GC(4) Using 2 workers of 2 for evacuation
[2025-06-05T16:30:15.381+0000][0.757s][info ][gc,phases   ] GC(4)   Pre Evacuate Collection Set: 0.1ms
[2025-06-05T16:30:15.381+0000][0.757s][info ][gc,phases   ] GC(4)   Merge Heap Roots: 0.1ms
[2025-06-05T16:30:15.381+0000][0.757s][info ][gc,phases   ] GC(4)   Evacuate Collection Set: 2.6ms
[2025-06-05T16:30:15.381+0000][0.757s][info ][gc,phases   ] GC(4)   Post Evacuate Collection Set: 0.6ms
[2025-06-05T16:30:15.381+0000][0.757s][info ][gc,phases   ] GC(4)   Other: 0.2ms
[2025-06-05T16:30:15.381+0000][0.757s][info ][gc,heap     ] GC(4) Eden regions: 32->0(46)
[2025-06-05T16:30:15.381+0000][0.757s][info ][gc,heap     ] GC(4) Survivor regions: 4->2(5)
[2025-06-05T16:30:15.381+0000][0.757s][info ][gc,heap     ] GC(4) Old regions: 7->10
[2025-06-05T16:30:15.381+0000][0.757s][info ][gc,heap     ] GC(4) Archive regions: 2->2
[2025-06-05T16:30:15.381+0000][0.757s][info ][gc,heap     ] GC(4) Humongous regions: 0->0
[2025-06-05T16:30:15.381+0000][0.757s][info ][gc,metaspace] GC(4) Metaspace: 5814K(6080K)->5814K(6080K) NonClass: 5096K(5248K)->5096K(5248K) Class: 718K(832K)->718K(832K)
[2025-06-05T16:30:15.381+0000][0.757s][info ][gc          ] GC(4) Pause Young (Normal) (G1 Evacuation Pause) 43M->11M(82M) 3.884ms
[2025-06-05T16:30:15.381+0000][0.757s][info ][gc,cpu      ] GC(4) User=0.00s Sys=0.00s Real=0.01s
[2025-06-05T16:30:15.381+0000][0.757s][info ][safepoint   ] Safepoint "G1CollectForAllocation", Time since last: 96383583 ns, Reaching safepoint: 129625 ns, Cleanup: 100958 ns, At safepoint: 3972125 ns, Total: 4202708 ns
[2025-06-05T16:30:15.563+0000][0.939s][debug][safepoint   ] Safepoint synchronization initiated using futex wait barrier. (13 threads)
[2025-06-05T16:30:15.564+0000][0.939s][info ][gc,start    ] GC(5) Pause Young (Normal) (G1 Evacuation Pause)
[2025-06-05T16:30:15.564+0000][0.939s][info ][gc,task     ] GC(5) Using 2 workers of 2 for evacuation
[2025-06-05T16:30:15.566+0000][0.942s][info ][gc,phases   ] GC(5)   Pre Evacuate Collection Set: 0.1ms
[2025-06-05T16:30:15.566+0000][0.942s][info ][gc,phases   ] GC(5)   Merge Heap Roots: 0.1ms
[2025-06-05T16:30:15.566+0000][0.942s][info ][gc,phases   ] GC(5)   Evacuate Collection Set: 1.9ms
[2025-06-05T16:30:15.566+0000][0.942s][info ][gc,phases   ] GC(5)   Post Evacuate Collection Set: 0.5ms
[2025-06-05T16:30:15.566+0000][0.942s][info ][gc,phases   ] GC(5)   Other: 0.2ms
[2025-06-05T16:30:15.566+0000][0.942s][info ][gc,heap     ] GC(5) Eden regions: 46->0(46)
[2025-06-05T16:30:15.567+0000][0.942s][info ][gc,heap     ] GC(5) Survivor regions: 2->3(6)
[2025-06-05T16:30:15.567+0000][0.942s][info ][gc,heap     ] GC(5) Old regions: 10->10
[2025-06-05T16:30:15.567+0000][0.942s][info ][gc,heap     ] GC(5) Archive regions: 2->2
[2025-06-05T16:30:15.567+0000][0.942s][info ][gc,heap     ] GC(5) Humongous regions: 0->0
[2025-06-05T16:30:15.567+0000][0.942s][info ][gc,metaspace] GC(5) Metaspace: 8088K(8384K)->8088K(8384K) NonClass: 7067K(7232K)->7067K(7232K) Class: 1020K(1152K)->1020K(1152K)
[2025-06-05T16:30:15.567+0000][0.942s][info ][gc          ] GC(5) Pause Young (Normal) (G1 Evacuation Pause) 57M->12M(82M) 3.111ms
[2025-06-05T16:30:15.567+0000][0.942s][info ][gc,cpu      ] GC(5) User=0.00s Sys=0.01s Real=0.00s
[2025-06-05T16:30:15.567+0000][0.942s][info ][safepoint   ] Safepoint "G1CollectForAllocation", Time since last: 181805917 ns, Reaching safepoint: 199417 ns, Cleanup: 66875 ns, At safepoint: 3209125 ns, Total: 3475417 ns
[2025-06-05T16:30:15.726+0000][1.102s][debug][safepoint   ] Safepoint synchronization initiated using futex wait barrier. (13 threads)
[2025-06-05T16:30:15.726+0000][1.102s][info ][gc,start    ] GC(6) Pause Young (Normal) (G1 Evacuation Pause)
[2025-06-05T16:30:15.726+0000][1.102s][info ][gc,task     ] GC(6) Using 2 workers of 2 for evacuation
[2025-06-05T16:30:15.730+0000][1.106s][info ][gc,phases   ] GC(6)   Pre Evacuate Collection Set: 0.1ms
[2025-06-05T16:30:15.730+0000][1.106s][info ][gc,phases   ] GC(6)   Merge Heap Roots: 0.1ms
[2025-06-05T16:30:15.731+0000][1.106s][info ][gc,phases   ] GC(6)   Evacuate Collection Set: 3.0ms
[2025-06-05T16:30:15.731+0000][1.106s][info ][gc,phases   ] GC(6)   Post Evacuate Collection Set: 0.5ms
[2025-06-05T16:30:15.731+0000][1.106s][info ][gc,phases   ] GC(6)   Other: 0.1ms
[2025-06-05T16:30:15.731+0000][1.106s][info ][gc,heap     ] GC(6) Eden regions: 46->0(45)
[2025-06-05T16:30:15.731+0000][1.106s][info ][gc,heap     ] GC(6) Survivor regions: 3->4(7)
[2025-06-05T16:30:15.731+0000][1.107s][info ][gc,heap     ] GC(6) Old regions: 10->10
[2025-06-05T16:30:15.731+0000][1.107s][info ][gc,heap     ] GC(6) Archive regions: 2->2
[2025-06-05T16:30:15.731+0000][1.107s][info ][gc,heap     ] GC(6) Humongous regions: 0->0
[2025-06-05T16:30:15.731+0000][1.107s][info ][gc,metaspace] GC(6) Metaspace: 10470K(10816K)->10470K(10816K) NonClass: 9111K(9280K)->9111K(9280K) Class: 1358K(1536K)->1358K(1536K)
[2025-06-05T16:30:15.731+0000][1.107s][info ][gc          ] GC(6) Pause Young (Normal) (G1 Evacuation Pause) 58M->13M(82M) 4.924ms
[2025-06-05T16:30:15.731+0000][1.107s][info ][gc,cpu      ] GC(6) User=0.01s Sys=0.00s Real=0.01s
[2025-06-05T16:30:15.731+0000][1.107s][info ][safepoint   ] Safepoint "G1CollectForAllocation", Time since last: 159502000 ns, Reaching safepoint: 111917 ns, Cleanup: 46916 ns, At safepoint: 5047125 ns, Total: 5205958 ns
[2025-06-05T16:30:15.852+0000][1.228s][debug][safepoint   ] Safepoint synchronization initiated using futex wait barrier. (13 threads)
[2025-06-05T16:30:15.859+0000][1.235s][info ][gc,start    ] GC(7) Pause Young (Normal) (G1 Evacuation Pause)
[2025-06-05T16:30:15.860+0000][1.235s][info ][gc,task     ] GC(7) Using 2 workers of 2 for evacuation
[2025-06-05T16:30:15.863+0000][1.238s][info ][gc,phases   ] GC(7)   Pre Evacuate Collection Set: 0.1ms
[2025-06-05T16:30:15.863+0000][1.238s][info ][gc,phases   ] GC(7)   Merge Heap Roots: 0.1ms
[2025-06-05T16:30:15.863+0000][1.238s][info ][gc,phases   ] GC(7)   Evacuate Collection Set: 2.4ms
[2025-06-05T16:30:15.863+0000][1.239s][info ][gc,phases   ] GC(7)   Post Evacuate Collection Set: 0.5ms
[2025-06-05T16:30:15.863+0000][1.239s][info ][gc,phases   ] GC(7)   Other: 0.2ms
[2025-06-05T16:30:15.863+0000][1.239s][info ][gc,heap     ] GC(7) Eden regions: 45->0(45)
[2025-06-05T16:30:15.863+0000][1.239s][info ][gc,heap     ] GC(7) Survivor regions: 4->4(7)
[2025-06-05T16:30:15.863+0000][1.239s][info ][gc,heap     ] GC(7) Old regions: 10->10
[2025-06-05T16:30:15.863+0000][1.239s][info ][gc,heap     ] GC(7) Archive regions: 2->2
[2025-06-05T16:30:15.863+0000][1.239s][info ][gc,heap     ] GC(7) Humongous regions: 0->0
[2025-06-05T16:30:15.863+0000][1.239s][info ][gc,metaspace] GC(7) Metaspace: 11316K(11584K)->11316K(11584K) NonClass: 9827K(9984K)->9827K(9984K) Class: 1489K(1600K)->1489K(1600K)
[2025-06-05T16:30:15.863+0000][1.239s][info ][gc          ] GC(7) Pause Young (Normal) (G1 Evacuation Pause) 58M->13M(82M) 3.890ms
[2025-06-05T16:30:15.863+0000][1.239s][info ][gc,cpu      ] GC(7) User=0.00s Sys=0.00s Real=0.00s
[2025-06-05T16:30:15.863+0000][1.239s][info ][safepoint   ] Safepoint "G1CollectForAllocation", Time since last: 121002334 ns, Reaching safepoint: 6896791 ns, Cleanup: 23334 ns, At safepoint: 4077708 ns, Total: 10997833 ns
[2025-06-05T16:30:15.924+0000][1.299s][debug][safepoint   ] Safepoint synchronization initiated using futex wait barrier. (13 threads)
[2025-06-05T16:30:15.924+0000][1.300s][info ][safepoint   ] Safepoint "ICBufferFull", Time since last: 60362250 ns, Reaching safepoint: 266417 ns, Cleanup: 101541 ns, At safepoint: 7584 ns, Total: 375542 ns
[2025-06-05T16:30:16.019+0000][1.394s][debug][safepoint   ] Safepoint synchronization initiated using futex wait barrier. (13 threads)
[2025-06-05T16:30:16.019+0000][1.394s][info ][safepoint   ] Safepoint "ICBufferFull", Time since last: 94328791 ns, Reaching safepoint: 130875 ns, Cleanup: 47750 ns, At safepoint: 2000 ns, Total: 180625 ns
[2025-06-05T16:30:16.088+0000][1.463s][debug][safepoint   ] Safepoint synchronization initiated using futex wait barrier. (12 threads)
[2025-06-05T16:30:16.089+0000][1.465s][info ][safepoint   ] Safepoint "ICBufferFull", Time since last: 68938500 ns, Reaching safepoint: 1702334 ns, Cleanup: 64875 ns, At safepoint: 8458 ns, Total: 1775667 ns
[2025-06-05T16:30:16.090+0000][1.465s][debug][safepoint   ] Safepoint synchronization initiated using futex wait barrier. (12 threads)
[2025-06-05T16:30:16.091+0000][1.467s][info ][safepoint   ] Safepoint "ICBufferFull", Time since last: 204750 ns, Reaching safepoint: 1710792 ns, Cleanup: 5291 ns, At safepoint: 10250 ns, Total: 1726333 ns
[2025-06-05T16:30:16.123+0000][1.499s][debug][safepoint   ] Safepoint synchronization initiated using futex wait barrier. (14 threads)
[2025-06-05T16:30:16.124+0000][1.500s][info ][safepoint   ] Safepoint "ICBufferFull", Time since last: 32110667 ns, Reaching safepoint: 439208 ns, Cleanup: 62709 ns, At safepoint: 9541 ns, Total: 511458 ns
[2025-06-05T16:30:16.177+0000][1.552s][debug][safepoint   ] Safepoint synchronization initiated using futex wait barrier. (14 threads)
[2025-06-05T16:30:16.177+0000][1.552s][info ][gc,start    ] GC(8) Pause Young (Normal) (G1 Evacuation Pause)
[2025-06-05T16:30:16.177+0000][1.553s][info ][gc,task     ] GC(8) Using 2 workers of 2 for evacuation
[2025-06-05T16:30:16.185+0000][1.560s][info ][gc,phases   ] GC(8)   Pre Evacuate Collection Set: 0.1ms
[2025-06-05T16:30:16.185+0000][1.561s][info ][gc,phases   ] GC(8)   Merge Heap Roots: 0.1ms
[2025-06-05T16:30:16.185+0000][1.561s][info ][gc,phases   ] GC(8)   Evacuate Collection Set: 4.4ms
[2025-06-05T16:30:16.185+0000][1.561s][info ][gc,phases   ] GC(8)   Post Evacuate Collection Set: 3.2ms
[2025-06-05T16:30:16.185+0000][1.561s][info ][gc,phases   ] GC(8)   Other: 0.2ms
[2025-06-05T16:30:16.185+0000][1.561s][info ][gc,heap     ] GC(8) Eden regions: 45->0(53)
[2025-06-05T16:30:16.185+0000][1.561s][info ][gc,heap     ] GC(8) Survivor regions: 4->6(7)
[2025-06-05T16:30:16.185+0000][1.561s][info ][gc,heap     ] GC(8) Old regions: 10->10
[2025-06-05T16:30:16.185+0000][1.561s][info ][gc,heap     ] GC(8) Archive regions: 2->2
[2025-06-05T16:30:16.185+0000][1.561s][info ][gc,heap     ] GC(8) Humongous regions: 0->0
[2025-06-05T16:30:16.185+0000][1.561s][info ][gc,metaspace] GC(8) Metaspace: 13377K(13696K)->13377K(13696K) NonClass: 11655K(11840K)->11655K(11840K) Class: 1722K(1856K)->1722K(1856K)
[2025-06-05T16:30:16.185+0000][1.561s][info ][gc          ] GC(8) Pause Young (Normal) (G1 Evacuation Pause) 58M->16M(99M) 8.478ms
[2025-06-05T16:30:16.185+0000][1.561s][info ][gc,cpu      ] GC(8) User=0.01s Sys=0.01s Real=0.01s
[2025-06-05T16:30:16.185+0000][1.561s][info ][safepoint   ] Safepoint "G1CollectForAllocation", Time since last: 52659417 ns, Reaching safepoint: 130292 ns, Cleanup: 22250 ns, At safepoint: 8599583 ns, Total: 8752125 ns
[2025-06-05T16:30:16.535+0000][1.911s][debug][safepoint   ] Safepoint synchronization initiated using futex wait barrier. (14 threads)
[2025-06-05T16:30:16.537+0000][1.912s][info ][gc,start    ] GC(9) Pause Young (Normal) (G1 Evacuation Pause)
[2025-06-05T16:30:16.539+0000][1.914s][info ][gc,task     ] GC(9) Using 2 workers of 2 for evacuation
[2025-06-05T16:30:16.576+0000][1.952s][info ][gc,phases   ] GC(9)   Pre Evacuate Collection Set: 3.2ms
[2025-06-05T16:30:16.576+0000][1.952s][info ][gc,phases   ] GC(9)   Merge Heap Roots: 0.3ms
[2025-06-05T16:30:16.577+0000][1.952s][info ][gc,phases   ] GC(9)   Evacuate Collection Set: 13.1ms
[2025-06-05T16:30:16.577+0000][1.952s][info ][gc,phases   ] GC(9)   Post Evacuate Collection Set: 17.8ms
[2025-06-05T16:30:16.577+0000][1.953s][info ][gc,phases   ] GC(9)   Other: 5.2ms
[2025-06-05T16:30:16.577+0000][1.953s][info ][gc,heap     ] GC(9) Eden regions: 53->0(55)
[2025-06-05T16:30:16.577+0000][1.953s][info ][gc,heap     ] GC(9) Survivor regions: 6->4(8)
[2025-06-05T16:30:16.577+0000][1.953s][info ][gc,heap     ] GC(9) Old regions: 10->12
[2025-06-05T16:30:16.578+0000][1.953s][info ][gc,heap     ] GC(9) Archive regions: 2->2
[2025-06-05T16:30:16.578+0000][1.953s][info ][gc,heap     ] GC(9) Humongous regions: 0->0
[2025-06-05T16:30:16.578+0000][1.954s][info ][gc,metaspace] GC(9) Metaspace: 14936K(15296K)->14936K(15296K) NonClass: 12984K(13184K)->12984K(13184K) Class: 1951K(2112K)->1951K(2112K)
[2025-06-05T16:30:16.578+0000][1.954s][info ][gc          ] GC(9) Pause Young (Normal) (G1 Evacuation Pause) 69M->16M(99M) 41.633ms
[2025-06-05T16:30:16.578+0000][1.954s][info ][gc,cpu      ] GC(9) User=0.03s Sys=0.01s Real=0.05s
[2025-06-05T16:30:16.578+0000][1.954s][info ][safepoint   ] Safepoint "G1CollectForAllocation", Time since last: 349639125 ns, Reaching safepoint: 1479167 ns, Cleanup: 67208 ns, At safepoint: 41859500 ns, Total: 43405875 ns
[2025-06-05T16:30:16.688+0000][2.063s][info ][cds,heap    ] initialize_from_archived_subgraph java.lang.Byte$ByteCache 0x00000048000395f8
[2025-06-05T16:30:16.688+0000][2.063s][info ][cds,heap    ] initialize_from_archived_subgraph java.lang.Short$ShortCache 0x000000480003fce8
[2025-06-05T16:30:16.819+0000][2.194s][debug][safepoint   ] Safepoint synchronization initiated using futex wait barrier. (14 threads)
[2025-06-05T16:30:16.821+0000][2.196s][info ][gc,start    ] GC(10) Pause Young (Normal) (G1 Evacuation Pause)
[2025-06-05T16:30:16.821+0000][2.197s][info ][gc,task     ] GC(10) Using 2 workers of 2 for evacuation
[2025-06-05T16:30:16.869+0000][2.245s][info ][gc,phases   ] GC(10)   Pre Evacuate Collection Set: 0.2ms
[2025-06-05T16:30:16.869+0000][2.245s][info ][gc,phases   ] GC(10)   Merge Heap Roots: 0.1ms
[2025-06-05T16:30:16.870+0000][2.245s][info ][gc,phases   ] GC(10)   Evacuate Collection Set: 45.7ms
[2025-06-05T16:30:16.870+0000][2.245s][info ][gc,phases   ] GC(10)   Post Evacuate Collection Set: 1.5ms
[2025-06-05T16:30:16.870+0000][2.245s][info ][gc,phases   ] GC(10)   Other: 0.8ms
[2025-06-05T16:30:16.870+0000][2.245s][info ][gc,heap     ] GC(10) Eden regions: 55->0(54)
[2025-06-05T16:30:16.870+0000][2.245s][info ][gc,heap     ] GC(10) Survivor regions: 4->5(8)
[2025-06-05T16:30:16.870+0000][2.245s][info ][gc,heap     ] GC(10) Old regions: 12->12
[2025-06-05T16:30:16.870+0000][2.245s][info ][gc,heap     ] GC(10) Archive regions: 2->2
[2025-06-05T16:30:16.870+0000][2.246s][info ][gc,heap     ] GC(10) Humongous regions: 0->0
[2025-06-05T16:30:16.870+0000][2.246s][info ][gc,metaspace] GC(10) Metaspace: 16592K(16960K)->16592K(16960K) NonClass: 14337K(14528K)->14337K(14528K) Class: 2255K(2432K)->2255K(2432K)
[2025-06-05T16:30:16.870+0000][2.246s][info ][gc          ] GC(10) Pause Young (Normal) (G1 Evacuation Pause) 71M->16M(99M) 49.242ms
[2025-06-05T16:30:16.870+0000][2.246s][info ][gc,cpu      ] GC(10) User=0.03s Sys=0.00s Real=0.05s
[2025-06-05T16:30:16.870+0000][2.246s][info ][safepoint   ] Safepoint "G1CollectForAllocation", Time since last: 240259459 ns, Reaching safepoint: 1751708 ns, Cleanup: 283083 ns, At safepoint: 49463125 ns, Total: 51497916 ns
[2025-06-05T16:30:16.888+0000][2.263s][debug][safepoint   ] ... found polling page loop exception at pc = 0x0000ffff8cfb9c38, stub =0x0000ffff8c97ef00
[2025-06-05T16:30:17.306+0000][2.682s][debug][safepoint   ] Safepoint synchronization initiated using futex wait barrier. (14 threads)
[2025-06-05T16:30:17.308+0000][2.684s][info ][gc,start    ] GC(11) Pause Young (Normal) (G1 Evacuation Pause)
[2025-06-05T16:30:17.308+0000][2.684s][info ][gc,task     ] GC(11) Using 2 workers of 2 for evacuation
[2025-06-05T16:30:17.322+0000][2.697s][info ][gc,phases   ] GC(11)   Pre Evacuate Collection Set: 0.2ms
[2025-06-05T16:30:17.322+0000][2.697s][info ][gc,phases   ] GC(11)   Merge Heap Roots: 0.2ms
[2025-06-05T16:30:17.322+0000][2.697s][info ][gc,phases   ] GC(11)   Evacuate Collection Set: 11.7ms
[2025-06-05T16:30:17.322+0000][2.697s][info ][gc,phases   ] GC(11)   Post Evacuate Collection Set: 0.8ms
[2025-06-05T16:30:17.322+0000][2.697s][info ][gc,phases   ] GC(11)   Other: 0.5ms
[2025-06-05T16:30:17.322+0000][2.697s][info ][gc,heap     ] GC(11) Eden regions: 54->0(52)
[2025-06-05T16:30:17.322+0000][2.698s][info ][gc,heap     ] GC(11) Survivor regions: 5->7(8)
[2025-06-05T16:30:17.322+0000][2.698s][info ][gc,heap     ] GC(11) Old regions: 12->13
[2025-06-05T16:30:17.322+0000][2.698s][info ][gc,heap     ] GC(11) Archive regions: 2->2
[2025-06-05T16:30:17.322+0000][2.698s][info ][gc,heap     ] GC(11) Humongous regions: 0->0
[2025-06-05T16:30:17.322+0000][2.698s][info ][gc,metaspace] GC(11) Metaspace: 17827K(18176K)->17827K(18176K) NonClass: 15427K(15616K)->15427K(15616K) Class: 2400K(2560K)->2400K(2560K)
[2025-06-05T16:30:17.322+0000][2.698s][info ][gc          ] GC(11) Pause Young (Normal) (G1 Evacuation Pause) 70M->19M(99M) 13.851ms
[2025-06-05T16:30:17.322+0000][2.698s][info ][gc,cpu      ] GC(11) User=0.02s Sys=0.01s Real=0.01s
[2025-06-05T16:30:17.322+0000][2.698s][info ][safepoint   ] Safepoint "G1CollectForAllocation", Time since last: 436114959 ns, Reaching safepoint: 1457833 ns, Cleanup: 319125 ns, At safepoint: 14139042 ns, Total: 15916000 ns
[2025-06-05T16:30:17.907+0000][3.282s][debug][safepoint   ] Safepoint synchronization initiated using futex wait barrier. (14 threads)
[2025-06-05T16:30:17.908+0000][3.284s][info ][safepoint   ] Safepoint "ICBufferFull", Time since last: 584315709 ns, Reaching safepoint: 1453833 ns, Cleanup: 151083 ns, At safepoint: 10375 ns, Total: 1615291 ns
[2025-06-05T16:30:17.986+0000][3.362s][debug][safepoint   ] Safepoint synchronization initiated using futex wait barrier. (14 threads)
[2025-06-05T16:30:17.989+0000][3.365s][info ][gc,start    ] GC(12) Pause Young (Normal) (G1 Evacuation Pause)
[2025-06-05T16:30:17.990+0000][3.365s][info ][gc,task     ] GC(12) Using 2 workers of 2 for evacuation
[2025-06-05T16:30:18.083+0000][3.458s][info ][gc,phases   ] GC(12)   Pre Evacuate Collection Set: 0.2ms
[2025-06-05T16:30:18.083+0000][3.458s][info ][gc,phases   ] GC(12)   Merge Heap Roots: 0.4ms
[2025-06-05T16:30:18.083+0000][3.458s][info ][gc,phases   ] GC(12)   Evacuate Collection Set: 78.4ms
[2025-06-05T16:30:18.083+0000][3.459s][info ][gc,phases   ] GC(12)   Post Evacuate Collection Set: 13.6ms
[2025-06-05T16:30:18.083+0000][3.459s][info ][gc,phases   ] GC(12)   Other: 0.7ms
[2025-06-05T16:30:18.083+0000][3.459s][info ][gc,heap     ] GC(12) Eden regions: 52->0(100)
[2025-06-05T16:30:18.083+0000][3.459s][info ][gc,heap     ] GC(12) Survivor regions: 7->6(8)
[2025-06-05T16:30:18.083+0000][3.459s][info ][gc,heap     ] GC(12) Old regions: 13->15
[2025-06-05T16:30:18.083+0000][3.459s][info ][gc,heap     ] GC(12) Archive regions: 2->2
[2025-06-05T16:30:18.084+0000][3.459s][info ][gc,heap     ] GC(12) Humongous regions: 0->0
[2025-06-05T16:30:18.084+0000][3.459s][info ][gc,metaspace] GC(12) Metaspace: 21098K(21440K)->21098K(21440K) NonClass: 18354K(18496K)->18354K(18496K) Class: 2743K(2944K)->2743K(2944K)
[2025-06-05T16:30:18.084+0000][3.459s][info ][gc          ] GC(12) Pause Young (Normal) (G1 Evacuation Pause) 71M->21M(177M) 94.326ms
[2025-06-05T16:30:18.084+0000][3.459s][info ][gc,cpu      ] GC(12) User=0.12s Sys=0.03s Real=0.09s
[2025-06-05T16:30:18.084+0000][3.459s][info ][safepoint   ] Safepoint "G1CollectForAllocation", Time since last: 77832375 ns, Reaching safepoint: 3255250 ns, Cleanup: 38375 ns, At safepoint: 94541334 ns, Total: 97834959 ns
[2025-06-05T16:30:18.366+0000][3.741s][debug][safepoint   ] Safepoint synchronization initiated using futex wait barrier. (14 threads)
[2025-06-05T16:30:18.367+0000][3.743s][info ][gc,start    ] GC(13) Pause Young (Concurrent Start) (Metadata GC Threshold)
[2025-06-05T16:30:18.367+0000][3.743s][info ][gc,task     ] GC(13) Using 2 workers of 2 for evacuation
[2025-06-05T16:30:18.382+0000][3.758s][info ][gc,phases   ] GC(13)   Pre Evacuate Collection Set: 0.5ms
[2025-06-05T16:30:18.382+0000][3.758s][info ][gc,phases   ] GC(13)   Merge Heap Roots: 0.2ms
[2025-06-05T16:30:18.382+0000][3.758s][info ][gc,phases   ] GC(13)   Evacuate Collection Set: 11.5ms
[2025-06-05T16:30:18.383+0000][3.758s][info ][gc,phases   ] GC(13)   Post Evacuate Collection Set: 2.2ms
[2025-06-05T16:30:18.383+0000][3.758s][info ][gc,phases   ] GC(13)   Other: 0.6ms
[2025-06-05T16:30:18.383+0000][3.758s][info ][gc,heap     ] GC(13) Eden regions: 1->0(100)
[2025-06-05T16:30:18.383+0000][3.758s][info ][gc,heap     ] GC(13) Survivor regions: 6->6(14)
[2025-06-05T16:30:18.383+0000][3.759s][info ][gc,heap     ] GC(13) Old regions: 15->15
[2025-06-05T16:30:18.383+0000][3.759s][info ][gc,heap     ] GC(13) Archive regions: 2->2
[2025-06-05T16:30:18.383+0000][3.759s][info ][gc,heap     ] GC(13) Humongous regions: 0->0
[2025-06-05T16:30:18.384+0000][3.759s][info ][gc,metaspace] GC(13) Metaspace: 21176K(21504K)->21176K(21504K) NonClass: 18425K(18560K)->18425K(18560K) Class: 2751K(2944K)->2751K(2944K)
[2025-06-05T16:30:18.384+0000][3.760s][info ][gc          ] GC(13) Pause Young (Concurrent Start) (Metadata GC Threshold) 22M->20M(177M) 16.998ms
[2025-06-05T16:30:18.384+0000][3.760s][info ][gc,cpu      ] GC(13) User=0.01s Sys=0.01s Real=0.02s
[2025-06-05T16:30:18.384+0000][3.760s][info ][safepoint   ] Safepoint "CollectForMetadataAllocation", Time since last: 281790208 ns, Reaching safepoint: 1345083 ns, Cleanup: 21167 ns, At safepoint: 17296000 ns, Total: 18662250 ns
[2025-06-05T16:30:18.384+0000][3.760s][info ][gc          ] GC(14) Concurrent Mark Cycle
[2025-06-05T16:30:18.385+0000][3.761s][info ][gc,marking  ] GC(14) Concurrent Clear Claimed Marks
[2025-06-05T16:30:18.387+0000][3.762s][info ][gc,marking  ] GC(14) Concurrent Clear Claimed Marks 1.455ms
[2025-06-05T16:30:18.387+0000][3.763s][info ][gc,marking  ] GC(14) Concurrent Scan Root Regions
[2025-06-05T16:30:18.385+0000][3.760s][debug][safepoint   ] Safepoint synchronization initiated using futex wait barrier. (14 threads)
[2025-06-05T16:30:18.392+0000][3.768s][info ][safepoint   ] Safepoint "CollectForMetadataAllocation", Time since last: 516042 ns, Reaching safepoint: 7526416 ns, Cleanup: 15709 ns, At safepoint: 14458 ns, Total: 7556583 ns
[2025-06-05T16:30:18.398+0000][3.774s][info ][gc,marking  ] GC(14) Concurrent Scan Root Regions 10.844ms
[2025-06-05T16:30:18.401+0000][3.777s][info ][gc,marking  ] GC(14) Concurrent Mark
[2025-06-05T16:30:18.402+0000][3.777s][info ][gc,marking  ] GC(14) Concurrent Mark From Roots
[2025-06-05T16:30:18.402+0000][3.778s][info ][gc,task     ] GC(14) Using 1 workers of 1 for marking
[2025-06-05T16:30:18.768+0000][4.143s][debug][safepoint   ] Safepoint synchronization initiated using futex wait barrier. (14 threads)
[2025-06-05T16:30:18.775+0000][4.151s][info ][safepoint   ] Safepoint "CollectForMetadataAllocation", Time since last: 371912792 ns, Reaching safepoint: 10718000 ns, Cleanup: 65583 ns, At safepoint: 203500 ns, Total: 10987083 ns
[2025-06-05T16:30:18.882+0000][4.257s][info ][gc,marking  ] GC(14) Concurrent Mark From Roots 479.993ms
[2025-06-05T16:30:18.883+0000][4.258s][info ][gc,marking  ] GC(14) Concurrent Preclean
[2025-06-05T16:30:18.884+0000][4.260s][info ][gc,marking  ] GC(14) Concurrent Preclean 1.616ms
[2025-06-05T16:30:18.886+0000][4.262s][debug][safepoint   ] Safepoint synchronization initiated using futex wait barrier. (14 threads)
[2025-06-05T16:30:18.889+0000][4.264s][info ][gc,start    ] GC(14) Pause Remark
[2025-06-05T16:30:18.919+0000][4.295s][info ][gc          ] GC(14) Pause Remark 26M->26M(97M) 30.561ms
[2025-06-05T16:30:18.919+0000][4.295s][info ][gc,cpu      ] GC(14) User=0.06s Sys=0.00s Real=0.03s
[2025-06-05T16:30:18.919+0000][4.295s][info ][safepoint   ] Safepoint "G1PauseRemark", Time since last: 110863084 ns, Reaching safepoint: 2025958 ns, Cleanup: 23833 ns, At safepoint: 30998542 ns, Total: 33048333 ns
[2025-06-05T16:30:18.923+0000][4.299s][info ][gc,marking  ] GC(14) Concurrent Mark 522.138ms
[2025-06-05T16:30:18.924+0000][4.299s][info ][gc,marking  ] GC(14) Concurrent Rebuild Remembered Sets
[2025-06-05T16:30:18.977+0000][4.353s][info ][gc,marking  ] GC(14) Concurrent Rebuild Remembered Sets 53.228ms
[2025-06-05T16:30:18.980+0000][4.356s][debug][safepoint   ] Safepoint synchronization initiated using futex wait barrier. (14 threads)
[2025-06-05T16:30:18.981+0000][4.357s][info ][gc,start    ] GC(14) Pause Cleanup
[2025-06-05T16:30:18.982+0000][4.358s][info ][gc          ] GC(14) Pause Cleanup 27M->27M(97M) 0.716ms
[2025-06-05T16:30:18.982+0000][4.358s][info ][gc,cpu      ] GC(14) User=0.00s Sys=0.00s Real=0.00s
[2025-06-05T16:30:18.983+0000][4.358s][info ][safepoint   ] Safepoint "G1PauseCleanup", Time since last: 60713667 ns, Reaching safepoint: 1268583 ns, Cleanup: 10875 ns, At safepoint: 1669708 ns, Total: 2949166 ns
[2025-06-05T16:30:18.984+0000][4.360s][info ][gc,marking  ] GC(14) Concurrent Cleanup for Next Mark
[2025-06-05T16:30:18.988+0000][4.364s][info ][gc,marking  ] GC(14) Concurrent Cleanup for Next Mark 3.792ms
[2025-06-05T16:30:18.988+0000][4.364s][info ][gc          ] GC(14) Concurrent Mark Cycle 604.080ms
[2025-06-05T16:30:19.270+0000][4.646s][debug][safepoint   ] Safepoint synchronization initiated using futex wait barrier. (14 threads)
[2025-06-05T16:30:19.271+0000][4.647s][info ][safepoint   ] Safepoint "ICBufferFull", Time since last: 287227709 ns, Reaching safepoint: 1087125 ns, Cleanup: 88375 ns, At safepoint: 11917 ns, Total: 1187417 ns
[2025-06-05T16:30:19.298+0000][4.674s][debug][safepoint   ] Safepoint synchronization initiated using futex wait barrier. (14 threads)
[2025-06-05T16:30:19.303+0000][4.679s][info ][gc,start    ] GC(15) Pause Young (Concurrent Start) (G1 Evacuation Pause)
[2025-06-05T16:30:19.303+0000][4.679s][info ][gc,task     ] GC(15) Using 2 workers of 2 for evacuation
[2025-06-05T16:30:19.316+0000][4.691s][info ][gc,phases   ] GC(15)   Pre Evacuate Collection Set: 0.4ms
[2025-06-05T16:30:19.316+0000][4.691s][info ][gc,phases   ] GC(15)   Merge Heap Roots: 0.8ms
[2025-06-05T16:30:19.316+0000][4.691s][info ][gc,phases   ] GC(15)   Evacuate Collection Set: 9.9ms
[2025-06-05T16:30:19.316+0000][4.692s][info ][gc,phases   ] GC(15)   Post Evacuate Collection Set: 1.0ms
[2025-06-05T16:30:19.316+0000][4.692s][info ][gc,phases   ] GC(15)   Other: 0.7ms
[2025-06-05T16:30:19.316+0000][4.692s][info ][gc,heap     ] GC(15) Eden regions: 52->0(53)
[2025-06-05T16:30:19.316+0000][4.692s][info ][gc,heap     ] GC(15) Survivor regions: 6->5(8)
[2025-06-05T16:30:19.316+0000][4.692s][info ][gc,heap     ] GC(15) Old regions: 15->19
[2025-06-05T16:30:19.316+0000][4.692s][info ][gc,heap     ] GC(15) Archive regions: 2->2
[2025-06-05T16:30:19.316+0000][4.692s][info ][gc,heap     ] GC(15) Humongous regions: 0->0
[2025-06-05T16:30:19.316+0000][4.692s][info ][gc,metaspace] GC(15) Metaspace: 23098K(23424K)->23098K(23424K) NonClass: 20065K(20224K)->20065K(20224K) Class: 3033K(3200K)->3033K(3200K)
[2025-06-05T16:30:19.316+0000][4.692s][info ][gc          ] GC(15) Pause Young (Concurrent Start) (G1 Evacuation Pause) 72M->23M(97M) 13.327ms
[2025-06-05T16:30:19.316+0000][4.692s][info ][gc,cpu      ] GC(15) User=0.02s Sys=0.00s Real=0.01s
[2025-06-05T16:30:19.317+0000][4.692s][info ][gc          ] GC(16) Concurrent Mark Cycle
[2025-06-05T16:30:19.320+0000][4.695s][info ][gc,marking  ] GC(16) Concurrent Clear Claimed Marks
[2025-06-05T16:30:19.320+0000][4.695s][info ][gc,marking  ] GC(16) Concurrent Clear Claimed Marks 0.214ms
[2025-06-05T16:30:19.320+0000][4.696s][info ][gc,marking  ] GC(16) Concurrent Scan Root Regions
[2025-06-05T16:30:19.317+0000][4.692s][info ][safepoint   ] Safepoint "G1CollectForAllocation", Time since last: 26877791 ns, Reaching safepoint: 4805875 ns, Cleanup: 39000 ns, At safepoint: 13525209 ns, Total: 18370084 ns
[2025-06-05T16:30:19.324+0000][4.699s][info ][gc,marking  ] GC(16) Concurrent Scan Root Regions 3.770ms
[2025-06-05T16:30:19.328+0000][4.704s][info ][gc,marking  ] GC(16) Concurrent Mark
[2025-06-05T16:30:19.328+0000][4.704s][info ][gc,marking  ] GC(16) Concurrent Mark From Roots
[2025-06-05T16:30:19.328+0000][4.704s][info ][gc,task     ] GC(16) Using 1 workers of 1 for marking
[2025-06-05T16:30:19.391+0000][4.767s][info ][gc,marking  ] GC(16) Concurrent Mark From Roots 62.810ms
[2025-06-05T16:30:19.391+0000][4.767s][info ][gc,marking  ] GC(16) Concurrent Preclean
[2025-06-05T16:30:19.392+0000][4.767s][info ][gc,marking  ] GC(16) Concurrent Preclean 0.421ms
[2025-06-05T16:30:19.393+0000][4.769s][debug][safepoint   ] Safepoint synchronization initiated using futex wait barrier. (14 threads)
[2025-06-05T16:30:19.396+0000][4.772s][info ][gc,start    ] GC(16) Pause Remark
[2025-06-05T16:30:19.399+0000][4.774s][info ][gc          ] GC(16) Pause Remark 38M->38M(97M) 2.633ms
[2025-06-05T16:30:19.399+0000][4.774s][info ][gc,cpu      ] GC(16) User=0.01s Sys=0.00s Real=0.01s
[2025-06-05T16:30:19.399+0000][4.774s][info ][safepoint   ] Safepoint "G1PauseRemark", Time since last: 76933208 ns, Reaching safepoint: 2472917 ns, Cleanup: 28000 ns, At safepoint: 2842708 ns, Total: 5343625 ns
[2025-06-05T16:30:19.400+0000][4.775s][info ][gc,marking  ] GC(16) Concurrent Mark 71.798ms
[2025-06-05T16:30:19.402+0000][4.777s][info ][gc,marking  ] GC(16) Concurrent Rebuild Remembered Sets
[2025-06-05T16:30:19.414+0000][4.789s][info ][gc,marking  ] GC(16) Concurrent Rebuild Remembered Sets 12.099ms
[2025-06-05T16:30:19.414+0000][4.790s][debug][safepoint   ] Safepoint synchronization initiated using futex wait barrier. (14 threads)
[2025-06-05T16:30:19.460+0000][4.836s][info ][gc,start    ] GC(16) Pause Cleanup
[2025-06-05T16:30:19.461+0000][4.836s][info ][gc          ] GC(16) Pause Cleanup 43M->43M(97M) 0.359ms
[2025-06-05T16:30:19.461+0000][4.836s][info ][gc,cpu      ] GC(16) User=0.00s Sys=0.00s Real=0.00s
[2025-06-05T16:30:19.461+0000][4.836s][info ][safepoint   ] Safepoint "G1PauseCleanup", Time since last: 15620750 ns, Reaching safepoint: 45946417 ns, Cleanup: 26333 ns, At safepoint: 509833 ns, Total: 46482583 ns
[2025-06-05T16:30:19.462+0000][4.838s][info ][gc,marking  ] GC(16) Concurrent Cleanup for Next Mark
[2025-06-05T16:30:19.471+0000][4.847s][info ][gc,marking  ] GC(16) Concurrent Cleanup for Next Mark 9.043ms
[2025-06-05T16:30:19.472+0000][4.847s][info ][gc          ] GC(16) Concurrent Mark Cycle 155.170ms
[2025-06-05T16:30:19.601+0000][4.976s][debug][safepoint   ] Safepoint synchronization initiated using futex wait barrier. (14 threads)
[2025-06-05T16:30:19.602+0000][4.978s][info ][gc,start    ] GC(17) Pause Young (Normal) (G1 Evacuation Pause)
[2025-06-05T16:30:19.602+0000][4.978s][info ][gc,task     ] GC(17) Using 2 workers of 2 for evacuation
[2025-06-05T16:30:19.613+0000][4.989s][info ][gc,phases   ] GC(17)   Pre Evacuate Collection Set: 0.1ms
[2025-06-05T16:30:19.614+0000][4.989s][info ][gc,phases   ] GC(17)   Merge Heap Roots: 0.1ms
[2025-06-05T16:30:19.614+0000][4.989s][info ][gc,phases   ] GC(17)   Evacuate Collection Set: 8.7ms
[2025-06-05T16:30:19.614+0000][4.989s][info ][gc,phases   ] GC(17)   Post Evacuate Collection Set: 2.1ms
[2025-06-05T16:30:19.614+0000][4.989s][info ][gc,phases   ] GC(17)   Other: 0.4ms
[2025-06-05T16:30:19.614+0000][4.989s][info ][gc,heap     ] GC(17) Eden regions: 53->0(50)
[2025-06-05T16:30:19.614+0000][4.989s][info ][gc,heap     ] GC(17) Survivor regions: 5->8(8)
[2025-06-05T16:30:19.614+0000][4.989s][info ][gc,heap     ] GC(17) Old regions: 19->19
[2025-06-05T16:30:19.614+0000][4.989s][info ][gc,heap     ] GC(17) Archive regions: 2->2
[2025-06-05T16:30:19.614+0000][4.990s][info ][gc,heap     ] GC(17) Humongous regions: 0->0
[2025-06-05T16:30:19.614+0000][4.990s][info ][gc,metaspace] GC(17) Metaspace: 24259K(24640K)->24259K(24640K) NonClass: 21092K(21248K)->21092K(21248K) Class: 3167K(3392K)->3167K(3392K)
[2025-06-05T16:30:19.614+0000][4.990s][info ][gc          ] GC(17) Pause Young (Normal) (G1 Evacuation Pause) 76M->26M(97M) 12.026ms
[2025-06-05T16:30:19.614+0000][4.990s][info ][gc,cpu      ] GC(17) User=0.02s Sys=0.01s Real=0.01s
[2025-06-05T16:30:19.614+0000][4.990s][info ][safepoint   ] Safepoint "G1CollectForAllocation", Time since last: 139919375 ns, Reaching safepoint: 1194500 ns, Cleanup: 58792 ns, At safepoint: 12151958 ns, Total: 13405250 ns
[2025-06-05T16:30:19.734+0000][5.110s][debug][safepoint   ] Safepoint synchronization initiated using futex wait barrier. (13 threads)
[2025-06-05T16:30:19.734+0000][5.110s][info ][gc,start    ] GC(18) Pause Young (Normal) (G1 Evacuation Pause)
[2025-06-05T16:30:19.734+0000][5.110s][info ][gc,task     ] GC(18) Using 2 workers of 2 for evacuation
[2025-06-05T16:30:19.747+0000][5.123s][info ][gc,phases   ] GC(18)   Pre Evacuate Collection Set: 0.1ms
[2025-06-05T16:30:19.747+0000][5.123s][info ][gc,phases   ] GC(18)   Merge Heap Roots: 0.1ms
[2025-06-05T16:30:19.747+0000][5.123s][info ][gc,phases   ] GC(18)   Evacuate Collection Set: 11.2ms
[2025-06-05T16:30:19.747+0000][5.123s][info ][gc,phases   ] GC(18)   Post Evacuate Collection Set: 1.0ms
[2025-06-05T16:30:19.747+0000][5.123s][info ][gc,phases   ] GC(18)   Other: 0.2ms
[2025-06-05T16:30:19.747+0000][5.123s][info ][gc,heap     ] GC(18) Eden regions: 50->0(43)
[2025-06-05T16:30:19.747+0000][5.123s][info ][gc,heap     ] GC(18) Survivor regions: 8->8(8)
[2025-06-05T16:30:19.747+0000][5.123s][info ][gc,heap     ] GC(18) Old regions: 19->24
[2025-06-05T16:30:19.747+0000][5.123s][info ][gc,heap     ] GC(18) Archive regions: 2->2
[2025-06-05T16:30:19.747+0000][5.123s][info ][gc,heap     ] GC(18) Humongous regions: 0->0
[2025-06-05T16:30:19.747+0000][5.123s][info ][gc,metaspace] GC(18) Metaspace: 24443K(24832K)->24443K(24832K) NonClass: 21247K(21440K)->21247K(21440K) Class: 3196K(3392K)->3196K(3392K)
[2025-06-05T16:30:19.747+0000][5.123s][info ][gc          ] GC(18) Pause Young (Normal) (G1 Evacuation Pause) 76M->32M(97M) 13.186ms
[2025-06-05T16:30:19.748+0000][5.123s][info ][gc,cpu      ] GC(18) User=0.03s Sys=0.01s Real=0.01s
[2025-06-05T16:30:19.748+0000][5.123s][info ][safepoint   ] Safepoint "G1CollectForAllocation", Time since last: 119787084 ns, Reaching safepoint: 180541 ns, Cleanup: 93084 ns, At safepoint: 13305916 ns, Total: 13579541 ns
[2025-06-05T16:30:19.880+0000][5.256s][debug][safepoint   ] Safepoint synchronization initiated using futex wait barrier. (13 threads)
[2025-06-05T16:30:19.880+0000][5.256s][info ][gc,start    ] GC(19) Pause Young (Normal) (G1 Evacuation Pause)
[2025-06-05T16:30:19.880+0000][5.256s][info ][gc,task     ] GC(19) Using 2 workers of 2 for evacuation
[2025-06-05T16:30:19.901+0000][5.276s][info ][gc,phases   ] GC(19)   Pre Evacuate Collection Set: 0.1ms
[2025-06-05T16:30:19.901+0000][5.276s][info ][gc,phases   ] GC(19)   Merge Heap Roots: 0.1ms
[2025-06-05T16:30:19.901+0000][5.276s][info ][gc,phases   ] GC(19)   Evacuate Collection Set: 18.7ms
[2025-06-05T16:30:19.901+0000][5.276s][info ][gc,phases   ] GC(19)   Post Evacuate Collection Set: 1.2ms
[2025-06-05T16:30:19.901+0000][5.276s][info ][gc,phases   ] GC(19)   Other: 0.2ms
[2025-06-05T16:30:19.901+0000][5.276s][info ][gc,heap     ] GC(19) Eden regions: 43->0(37)
[2025-06-05T16:30:19.901+0000][5.276s][info ][gc,heap     ] GC(19) Survivor regions: 8->6(7)
[2025-06-05T16:30:19.901+0000][5.276s][info ][gc,heap     ] GC(19) Old regions: 24->32
[2025-06-05T16:30:19.901+0000][5.276s][info ][gc,heap     ] GC(19) Archive regions: 2->2
[2025-06-05T16:30:19.901+0000][5.277s][info ][gc,heap     ] GC(19) Humongous regions: 0->0
[2025-06-05T16:30:19.901+0000][5.277s][info ][gc,metaspace] GC(19) Metaspace: 24517K(24896K)->24517K(24896K) NonClass: 21317K(21504K)->21317K(21504K) Class: 3199K(3392K)->3199K(3392K)
[2025-06-05T16:30:19.901+0000][5.277s][info ][gc          ] GC(19) Pause Young (Normal) (G1 Evacuation Pause) 75M->38M(97M) 20.732ms
[2025-06-05T16:30:19.901+0000][5.277s][info ][gc,cpu      ] GC(19) User=0.05s Sys=0.00s Real=0.02s
[2025-06-05T16:30:19.901+0000][5.277s][info ][safepoint   ] Safepoint "G1CollectForAllocation", Time since last: 132357167 ns, Reaching safepoint: 257167 ns, Cleanup: 32792 ns, At safepoint: 20846625 ns, Total: 21136584 ns
[2025-06-05T16:30:20.106+0000][5.482s][debug][safepoint   ] Safepoint synchronization initiated using futex wait barrier. (13 threads)
[2025-06-05T16:30:20.107+0000][5.483s][info ][safepoint   ] Safepoint "ICBufferFull", Time since last: 205214083 ns, Reaching safepoint: 769167 ns, Cleanup: 79625 ns, At safepoint: 2666 ns, Total: 851458 ns
[2025-06-05T16:30:20.169+0000][5.545s][debug][safepoint   ] Safepoint synchronization initiated using futex wait barrier. (13 threads)
[2025-06-05T16:30:20.170+0000][5.546s][info ][gc,start    ] GC(20) Pause Young (Normal) (G1 Evacuation Pause)
[2025-06-05T16:30:20.170+0000][5.546s][info ][gc,task     ] GC(20) Using 2 workers of 2 for evacuation
[2025-06-05T16:30:20.188+0000][5.563s][info ][gc,phases   ] GC(20)   Pre Evacuate Collection Set: 0.1ms
[2025-06-05T16:30:20.188+0000][5.564s][info ][gc,phases   ] GC(20)   Merge Heap Roots: 0.1ms
[2025-06-05T16:30:20.188+0000][5.564s][info ][gc,phases   ] GC(20)   Evacuate Collection Set: 14.7ms
[2025-06-05T16:30:20.188+0000][5.564s][info ][gc,phases   ] GC(20)   Post Evacuate Collection Set: 2.6ms
[2025-06-05T16:30:20.188+0000][5.564s][info ][gc,phases   ] GC(20)   Other: 0.3ms
[2025-06-05T16:30:20.188+0000][5.564s][info ][gc,heap     ] GC(20) Eden regions: 37->0(101)
[2025-06-05T16:30:20.189+0000][5.564s][info ][gc,heap     ] GC(20) Survivor regions: 6->4(6)
[2025-06-05T16:30:20.189+0000][5.564s][info ][gc,heap     ] GC(20) Old regions: 32->38
[2025-06-05T16:30:20.189+0000][5.564s][info ][gc,heap     ] GC(20) Archive regions: 2->2
[2025-06-05T16:30:20.189+0000][5.564s][info ][gc,heap     ] GC(20) Humongous regions: 0->0
[2025-06-05T16:30:20.189+0000][5.565s][info ][gc,metaspace] GC(20) Metaspace: 24651K(25024K)->24651K(25024K) NonClass: 21426K(21632K)->21426K(21632K) Class: 3224K(3392K)->3224K(3392K)
[2025-06-05T16:30:20.189+0000][5.565s][info ][gc          ] GC(20) Pause Young (Normal) (G1 Evacuation Pause) 75M->42M(194M) 19.128ms
[2025-06-05T16:30:20.189+0000][5.565s][info ][gc,cpu      ] GC(20) User=0.05s Sys=0.00s Real=0.02s
[2025-06-05T16:30:20.189+0000][5.565s][info ][safepoint   ] Safepoint "G1CollectForAllocation", Time since last: 62100792 ns, Reaching safepoint: 671250 ns, Cleanup: 14292 ns, At safepoint: 19503583 ns, Total: 20189125 ns
[2025-06-05T16:30:20.780+0000][6.155s][debug][safepoint   ] Safepoint synchronization initiated using futex wait barrier. (13 threads)
[2025-06-05T16:30:20.780+0000][6.156s][info ][safepoint   ] Safepoint "ICBufferFull", Time since last: 590351250 ns, Reaching safepoint: 530292 ns, Cleanup: 117083 ns, At safepoint: 5792 ns, Total: 653167 ns
[2025-06-05T16:30:20.837+0000][6.213s][debug][safepoint   ] Safepoint synchronization initiated using futex wait barrier. (13 threads)
[2025-06-05T16:30:20.837+0000][6.213s][info ][safepoint   ] Safepoint "ICBufferFull", Time since last: 56558875 ns, Reaching safepoint: 145833 ns, Cleanup: 55250 ns, At safepoint: 5209 ns, Total: 206292 ns
[2025-06-05T16:30:21.136+0000][6.511s][debug][safepoint   ] Safepoint synchronization initiated using futex wait barrier. (13 threads)
[2025-06-05T16:30:21.137+0000][6.513s][info ][gc,start    ] GC(21) Pause Young (Normal) (G1 Evacuation Pause)
[2025-06-05T16:30:21.138+0000][6.514s][info ][gc,task     ] GC(21) Using 2 workers of 2 for evacuation
[2025-06-05T16:30:21.186+0000][6.561s][info ][gc,phases   ] GC(21)   Pre Evacuate Collection Set: 1.1ms
[2025-06-05T16:30:21.186+0000][6.562s][info ][gc,phases   ] GC(21)   Merge Heap Roots: 0.9ms
[2025-06-05T16:30:21.186+0000][6.562s][info ][gc,phases   ] GC(21)   Evacuate Collection Set: 37.3ms
[2025-06-05T16:30:21.186+0000][6.562s][info ][gc,phases   ] GC(21)   Post Evacuate Collection Set: 5.5ms
[2025-06-05T16:30:21.186+0000][6.562s][info ][gc,phases   ] GC(21)   Other: 3.6ms
[2025-06-05T16:30:21.186+0000][6.562s][info ][gc,heap     ] GC(21) Eden regions: 101->0(92)
[2025-06-05T16:30:21.186+0000][6.562s][info ][gc,heap     ] GC(21) Survivor regions: 4->12(14)
[2025-06-05T16:30:21.187+0000][6.562s][info ][gc,heap     ] GC(21) Old regions: 38->38
[2025-06-05T16:30:21.187+0000][6.562s][info ][gc,heap     ] GC(21) Archive regions: 2->2
[2025-06-05T16:30:21.187+0000][6.562s][info ][gc,heap     ] GC(21) Humongous regions: 0->0
[2025-06-05T16:30:21.187+0000][6.563s][info ][gc,metaspace] GC(21) Metaspace: 25055K(25408K)->25055K(25408K) NonClass: 21789K(21952K)->21789K(21952K) Class: 3266K(3456K)->3266K(3456K)
[2025-06-05T16:30:21.187+0000][6.563s][info ][gc          ] GC(21) Pause Young (Normal) (G1 Evacuation Pause) 143M->49M(194M) 49.677ms
[2025-06-05T16:30:21.187+0000][6.563s][info ][gc,cpu      ] GC(21) User=0.09s Sys=0.02s Real=0.05s
[2025-06-05T16:30:21.188+0000][6.563s][info ][safepoint   ] Safepoint "G1CollectForAllocation", Time since last: 298569875 ns, Reaching safepoint: 1177833 ns, Cleanup: 297958 ns, At safepoint: 50274000 ns, Total: 51749791 ns
[2025-06-05T16:30:21.311+0000][6.687s][debug][safepoint   ] Safepoint synchronization initiated using futex wait barrier. (13 threads)
[2025-06-05T16:30:21.312+0000][6.688s][info ][safepoint   ] Safepoint "ICBufferFull", Time since last: 123929917 ns, Reaching safepoint: 645459 ns, Cleanup: 94166 ns, At safepoint: 2500 ns, Total: 742125 ns
[2025-06-05T16:30:21.385+0000][6.760s][debug][safepoint   ] Safepoint synchronization initiated using futex wait barrier. (13 threads)
[2025-06-05T16:30:21.385+0000][6.761s][info ][safepoint   ] Safepoint "ICBufferFull", Time since last: 72551042 ns, Reaching safepoint: 247167 ns, Cleanup: 57458 ns, At safepoint: 1750 ns, Total: 306375 ns
[2025-06-05T16:30:21.523+0000][6.899s][debug][safepoint   ] Safepoint synchronization initiated using futex wait barrier. (13 threads)
[2025-06-05T16:30:21.524+0000][6.900s][info ][gc,start    ] GC(22) Pause Young (Normal) (G1 Evacuation Pause)
[2025-06-05T16:30:21.524+0000][6.900s][info ][gc,task     ] GC(22) Using 2 workers of 2 for evacuation
[2025-06-05T16:30:21.548+0000][6.923s][info ][gc,phases   ] GC(22)   Pre Evacuate Collection Set: 0.2ms
[2025-06-05T16:30:21.548+0000][6.923s][info ][gc,phases   ] GC(22)   Merge Heap Roots: 0.2ms
[2025-06-05T16:30:21.548+0000][6.923s][info ][gc,phases   ] GC(22)   Evacuate Collection Set: 21.1ms
[2025-06-05T16:30:21.548+0000][6.923s][info ][gc,phases   ] GC(22)   Post Evacuate Collection Set: 1.9ms
[2025-06-05T16:30:21.548+0000][6.924s][info ][gc,phases   ] GC(22)   Other: 0.4ms
[2025-06-05T16:30:21.548+0000][6.924s][info ][gc,heap     ] GC(22) Eden regions: 92->0(95)
[2025-06-05T16:30:21.548+0000][6.924s][info ][gc,heap     ] GC(22) Survivor regions: 12->4(13)
[2025-06-05T16:30:21.548+0000][6.924s][info ][gc,heap     ] GC(22) Old regions: 38->49
[2025-06-05T16:30:21.548+0000][6.924s][info ][gc,heap     ] GC(22) Archive regions: 2->2
[2025-06-05T16:30:21.548+0000][6.924s][info ][gc,heap     ] GC(22) Humongous regions: 0->0
[2025-06-05T16:30:21.548+0000][6.924s][info ][gc,metaspace] GC(22) Metaspace: 25201K(25536K)->25201K(25536K) NonClass: 21926K(22080K)->21926K(22080K) Class: 3275K(3456K)->3275K(3456K)
[2025-06-05T16:30:21.548+0000][6.924s][info ][gc          ] GC(22) Pause Young (Normal) (G1 Evacuation Pause) 141M->53M(194M) 24.213ms
[2025-06-05T16:30:21.548+0000][6.924s][info ][gc,cpu      ] GC(22) User=0.04s Sys=0.01s Real=0.03s
[2025-06-05T16:30:21.548+0000][6.924s][info ][safepoint   ] Safepoint "G1CollectForAllocation", Time since last: 138286167 ns, Reaching safepoint: 464625 ns, Cleanup: 98291 ns, At safepoint: 24425667 ns, Total: 24988583 ns
[2025-06-05T16:30:21.796+0000][7.172s][debug][safepoint   ] Safepoint synchronization initiated using futex wait barrier. (13 threads)
[2025-06-05T16:30:21.797+0000][7.172s][info ][safepoint   ] Safepoint "ICBufferFull", Time since last: 248177542 ns, Reaching safepoint: 133625 ns, Cleanup: 71500 ns, At safepoint: 2208 ns, Total: 207333 ns
[2025-06-05T16:30:21.879+0000][7.254s][debug][safepoint   ] Safepoint synchronization initiated using futex wait barrier. (14 threads)
[2025-06-05T16:30:21.880+0000][7.256s][info ][gc,start    ] GC(23) Pause Young (Normal) (G1 Evacuation Pause)
[2025-06-05T16:30:21.880+0000][7.256s][info ][gc,task     ] GC(23) Using 2 workers of 2 for evacuation
[2025-06-05T16:30:21.890+0000][7.265s][info ][gc,phases   ] GC(23)   Pre Evacuate Collection Set: 0.4ms
[2025-06-05T16:30:21.890+0000][7.265s][info ][gc,phases   ] GC(23)   Merge Heap Roots: 0.2ms
[2025-06-05T16:30:21.890+0000][7.265s][info ][gc,phases   ] GC(23)   Evacuate Collection Set: 7.3ms
[2025-06-05T16:30:21.890+0000][7.265s][info ][gc,phases   ] GC(23)   Post Evacuate Collection Set: 1.3ms
[2025-06-05T16:30:21.890+0000][7.265s][info ][gc,phases   ] GC(23)   Other: 0.5ms
[2025-06-05T16:30:21.890+0000][7.265s][info ][gc,heap     ] GC(23) Eden regions: 95->0(98)
[2025-06-05T16:30:21.890+0000][7.265s][info ][gc,heap     ] GC(23) Survivor regions: 4->6(13)
[2025-06-05T16:30:21.890+0000][7.265s][info ][gc,heap     ] GC(23) Old regions: 49->49
[2025-06-05T16:30:21.890+0000][7.266s][info ][gc,heap     ] GC(23) Archive regions: 2->2
[2025-06-05T16:30:21.890+0000][7.266s][info ][gc,heap     ] GC(23) Humongous regions: 0->0
[2025-06-05T16:30:21.890+0000][7.266s][info ][gc,metaspace] GC(23) Metaspace: 26179K(26560K)->26179K(26560K) NonClass: 22832K(23040K)->22832K(23040K) Class: 3346K(3520K)->3346K(3520K)
[2025-06-05T16:30:21.890+0000][7.266s][info ][gc          ] GC(23) Pause Young (Normal) (G1 Evacuation Pause) 148M->55M(194M) 9.975ms
[2025-06-05T16:30:21.890+0000][7.266s][info ][gc,cpu      ] GC(23) User=0.02s Sys=0.00s Real=0.01s
[2025-06-05T16:30:21.890+0000][7.266s][info ][safepoint   ] Safepoint "G1CollectForAllocation", Time since last: 82169667 ns, Reaching safepoint: 1037125 ns, Cleanup: 33291 ns, At safepoint: 10257000 ns, Total: 11327416 ns
[2025-06-05T16:30:22.109+0000][7.484s][debug][safepoint   ] Safepoint synchronization initiated using futex wait barrier. (14 threads)
[2025-06-05T16:30:22.110+0000][7.486s][info ][gc,start    ] GC(24) Pause Young (Normal) (G1 Evacuation Pause)
[2025-06-05T16:30:22.110+0000][7.486s][info ][gc,task     ] GC(24) Using 2 workers of 2 for evacuation
[2025-06-05T16:30:22.116+0000][7.492s][info ][gc,phases   ] GC(24)   Pre Evacuate Collection Set: 0.1ms
[2025-06-05T16:30:22.116+0000][7.492s][info ][gc,phases   ] GC(24)   Merge Heap Roots: 0.1ms
[2025-06-05T16:30:22.116+0000][7.492s][info ][gc,phases   ] GC(24)   Evacuate Collection Set: 4.7ms
[2025-06-05T16:30:22.116+0000][7.492s][info ][gc,phases   ] GC(24)   Post Evacuate Collection Set: 0.7ms
[2025-06-05T16:30:22.116+0000][7.492s][info ][gc,phases   ] GC(24)   Other: 0.2ms
[2025-06-05T16:30:22.116+0000][7.492s][info ][gc,heap     ] GC(24) Eden regions: 98->0(101)
[2025-06-05T16:30:22.116+0000][7.492s][info ][gc,heap     ] GC(24) Survivor regions: 6->7(13)
[2025-06-05T16:30:22.116+0000][7.492s][info ][gc,heap     ] GC(24) Old regions: 49->49
[2025-06-05T16:30:22.117+0000][7.492s][info ][gc,heap     ] GC(24) Archive regions: 2->2
[2025-06-05T16:30:22.117+0000][7.492s][info ][gc,heap     ] GC(24) Humongous regions: 0->0
[2025-06-05T16:30:22.117+0000][7.492s][info ][gc,metaspace] GC(24) Metaspace: 26909K(27264K)->26909K(27264K) NonClass: 23496K(23680K)->23496K(23680K) Class: 3413K(3584K)->3413K(3584K)
[2025-06-05T16:30:22.117+0000][7.492s][info ][gc          ] GC(24) Pause Young (Normal) (G1 Evacuation Pause) 153M->55M(194M) 6.337ms
[2025-06-05T16:30:22.117+0000][7.492s][info ][gc,cpu      ] GC(24) User=0.01s Sys=0.00s Real=0.00s
[2025-06-05T16:30:22.117+0000][7.492s][info ][safepoint   ] Safepoint "G1CollectForAllocation", Time since last: 218634626 ns, Reaching safepoint: 1482666 ns, Cleanup: 25792 ns, At safepoint: 6459917 ns, Total: 7968375 ns
[2025-06-05T16:30:22.177+0000][7.553s][debug][safepoint   ] Safepoint synchronization initiated using futex wait barrier. (13 threads)
[2025-06-05T16:30:22.178+0000][7.553s][info ][safepoint   ] Safepoint "ICBufferFull", Time since last: 60134750 ns, Reaching safepoint: 587583 ns, Cleanup: 237917 ns, At safepoint: 4666 ns, Total: 830166 ns
[2025-06-05T16:30:22.455+0000][7.830s][debug][safepoint   ] Safepoint synchronization initiated using futex wait barrier. (13 threads)
[2025-06-05T16:30:22.455+0000][7.830s][info ][gc,start    ] GC(25) Pause Young (Normal) (G1 Evacuation Pause)
[2025-06-05T16:30:22.455+0000][7.830s][info ][gc,task     ] GC(25) Using 2 workers of 2 for evacuation
[2025-06-05T16:30:22.465+0000][7.840s][info ][gc,phases   ] GC(25)   Pre Evacuate Collection Set: 0.1ms
[2025-06-05T16:30:22.465+0000][7.840s][info ][gc,phases   ] GC(25)   Merge Heap Roots: 0.1ms
[2025-06-05T16:30:22.465+0000][7.841s][info ][gc,phases   ] GC(25)   Evacuate Collection Set: 8.7ms
[2025-06-05T16:30:22.465+0000][7.841s][info ][gc,phases   ] GC(25)   Post Evacuate Collection Set: 1.0ms
[2025-06-05T16:30:22.465+0000][7.841s][info ][gc,phases   ] GC(25)   Other: 0.2ms
[2025-06-05T16:30:22.465+0000][7.841s][info ][gc,heap     ] GC(25) Eden regions: 101->0(101)
[2025-06-05T16:30:22.465+0000][7.841s][info ][gc,heap     ] GC(25) Survivor regions: 7->9(14)
[2025-06-05T16:30:22.465+0000][7.841s][info ][gc,heap     ] GC(25) Old regions: 49->49
[2025-06-05T16:30:22.465+0000][7.841s][info ][gc,heap     ] GC(25) Archive regions: 2->2
[2025-06-05T16:30:22.465+0000][7.841s][info ][gc,heap     ] GC(25) Humongous regions: 0->0
[2025-06-05T16:30:22.465+0000][7.841s][info ][gc,metaspace] GC(25) Metaspace: 32240K(32576K)->32240K(32576K) NonClass: 28277K(28416K)->28277K(28416K) Class: 3962K(4160K)->3962K(4160K)
[2025-06-05T16:30:22.465+0000][7.841s][info ][gc          ] GC(25) Pause Young (Normal) (G1 Evacuation Pause) 156M->57M(194M) 10.648ms
[2025-06-05T16:30:22.465+0000][7.841s][info ][gc,cpu      ] GC(25) User=0.02s Sys=0.00s Real=0.01s
[2025-06-05T16:30:22.466+0000][7.841s][info ][safepoint   ] Safepoint "G1CollectForAllocation", Time since last: 276768500 ns, Reaching safepoint: 114875 ns, Cleanup: 55209 ns, At safepoint: 10844708 ns, Total: 11014792 ns
[2025-06-05T16:30:22.593+0000][7.969s][debug][safepoint   ] Safepoint synchronization initiated using futex wait barrier. (13 threads)
[2025-06-05T16:30:22.593+0000][7.969s][info ][safepoint   ] Safepoint "ICBufferFull", Time since last: 127679792 ns, Reaching safepoint: 181375 ns, Cleanup: 63541 ns, At safepoint: 2209 ns, Total: 247125 ns
[2025-06-05T16:30:22.811+0000][8.187s][debug][safepoint   ] Safepoint synchronization initiated using futex wait barrier. (13 threads)
[2025-06-05T16:30:22.811+0000][8.187s][info ][gc,start    ] GC(26) Pause Young (Normal) (G1 Evacuation Pause)
[2025-06-05T16:30:22.811+0000][8.187s][info ][gc,task     ] GC(26) Using 2 workers of 2 for evacuation
[2025-06-05T16:30:22.818+0000][8.194s][info ][gc,phases   ] GC(26)   Pre Evacuate Collection Set: 0.1ms
[2025-06-05T16:30:22.819+0000][8.194s][info ][gc,phases   ] GC(26)   Merge Heap Roots: 0.1ms
[2025-06-05T16:30:22.819+0000][8.194s][info ][gc,phases   ] GC(26)   Evacuate Collection Set: 5.9ms
[2025-06-05T16:30:22.819+0000][8.194s][info ][gc,phases   ] GC(26)   Post Evacuate Collection Set: 0.8ms
[2025-06-05T16:30:22.819+0000][8.194s][info ][gc,phases   ] GC(26)   Other: 0.2ms
[2025-06-05T16:30:22.819+0000][8.194s][info ][gc,heap     ] GC(26) Eden regions: 101->0(104)
[2025-06-05T16:30:22.819+0000][8.194s][info ][gc,heap     ] GC(26) Survivor regions: 9->6(14)
[2025-06-05T16:30:22.819+0000][8.194s][info ][gc,heap     ] GC(26) Old regions: 49->51
[2025-06-05T16:30:22.819+0000][8.195s][info ][gc,heap     ] GC(26) Archive regions: 2->2
[2025-06-05T16:30:22.819+0000][8.195s][info ][gc,heap     ] GC(26) Humongous regions: 0->0
[2025-06-05T16:30:22.819+0000][8.195s][info ][gc,metaspace] GC(26) Metaspace: 34478K(34880K)->34478K(34880K) NonClass: 30237K(30464K)->30237K(30464K) Class: 4241K(4416K)->4241K(4416K)
[2025-06-05T16:30:22.819+0000][8.195s][info ][gc          ] GC(26) Pause Young (Normal) (G1 Evacuation Pause) 158M->56M(194M) 7.714ms
[2025-06-05T16:30:22.819+0000][8.195s][info ][gc,cpu      ] GC(26) User=0.02s Sys=0.00s Real=0.01s
[2025-06-05T16:30:22.819+0000][8.195s][info ][safepoint   ] Safepoint "G1CollectForAllocation", Time since last: 217578083 ns, Reaching safepoint: 235750 ns, Cleanup: 76084 ns, At safepoint: 7842041 ns, Total: 8153875 ns
[2025-06-05T16:30:22.888+0000][8.264s][debug][safepoint   ] ... found polling page loop exception at pc = 0x0000ffff8cff7458, stub =0x0000ffff8c97ef00
[2025-06-05T16:30:22.895+0000][8.270s][debug][safepoint   ] Safepoint synchronization initiated using futex wait barrier. (13 threads)
[2025-06-05T16:30:22.897+0000][8.273s][info ][safepoint   ] Safepoint "ICBufferFull", Time since last: 75476667 ns, Reaching safepoint: 2674208 ns, Cleanup: 73000 ns, At safepoint: 5875 ns, Total: 2753083 ns
[2025-06-05T16:30:22.989+0000][8.365s][debug][safepoint   ] Safepoint synchronization initiated using futex wait barrier. (13 threads)
[2025-06-05T16:30:22.989+0000][8.365s][info ][safepoint   ] Safepoint "ICBufferFull", Time since last: 91865375 ns, Reaching safepoint: 127042 ns, Cleanup: 60042 ns, At safepoint: 1125 ns, Total: 188209 ns
[2025-06-05T16:30:23.073+0000][8.449s][debug][safepoint   ] Safepoint synchronization initiated using futex wait barrier. (13 threads)
[2025-06-05T16:30:23.073+0000][8.449s][info ][gc,start    ] GC(27) Pause Young (Normal) (G1 Evacuation Pause)
[2025-06-05T16:30:23.074+0000][8.449s][info ][gc,task     ] GC(27) Using 2 workers of 2 for evacuation
[2025-06-05T16:30:23.081+0000][8.457s][info ][gc,phases   ] GC(27)   Pre Evacuate Collection Set: 0.1ms
[2025-06-05T16:30:23.081+0000][8.457s][info ][gc,phases   ] GC(27)   Merge Heap Roots: 0.1ms
[2025-06-05T16:30:23.081+0000][8.457s][info ][gc,phases   ] GC(27)   Evacuate Collection Set: 6.2ms
[2025-06-05T16:30:23.081+0000][8.457s][info ][gc,phases   ] GC(27)   Post Evacuate Collection Set: 0.8ms
[2025-06-05T16:30:23.081+0000][8.457s][info ][gc,phases   ] GC(27)   Other: 0.2ms
[2025-06-05T16:30:23.081+0000][8.457s][info ][gc,heap     ] GC(27) Eden regions: 104->0(104)
[2025-06-05T16:30:23.081+0000][8.457s][info ][gc,heap     ] GC(27) Survivor regions: 6->7(14)
[2025-06-05T16:30:23.081+0000][8.457s][info ][gc,heap     ] GC(27) Old regions: 51->51
[2025-06-05T16:30:23.081+0000][8.457s][info ][gc,heap     ] GC(27) Archive regions: 2->2
[2025-06-05T16:30:23.081+0000][8.457s][info ][gc,heap     ] GC(27) Humongous regions: 0->0
[2025-06-05T16:30:23.081+0000][8.457s][info ][gc,metaspace] GC(27) Metaspace: 35671K(36032K)->35671K(36032K) NonClass: 31266K(31424K)->31266K(31424K) Class: 4405K(4608K)->4405K(4608K)
[2025-06-05T16:30:23.081+0000][8.457s][info ][gc          ] GC(27) Pause Young (Normal) (G1 Evacuation Pause) 160M->57M(194M) 7.976ms
[2025-06-05T16:30:23.081+0000][8.457s][info ][gc,cpu      ] GC(27) User=0.02s Sys=0.01s Real=0.01s
[2025-06-05T16:30:23.082+0000][8.457s][info ][safepoint   ] Safepoint "G1CollectForAllocation", Time since last: 83690416 ns, Reaching safepoint: 193584 ns, Cleanup: 75916 ns, At safepoint: 8086042 ns, Total: 8355542 ns
[2025-06-05T16:30:23.507+0000][8.883s][debug][safepoint   ] Safepoint synchronization initiated using futex wait barrier. (13 threads)
[2025-06-05T16:30:23.507+0000][8.883s][info ][safepoint   ] Safepoint "ICBufferFull", Time since last: 425523084 ns, Reaching safepoint: 129458 ns, Cleanup: 67583 ns, At safepoint: 4792 ns, Total: 201833 ns
[2025-06-05T16:30:23.588+0000][8.964s][debug][safepoint   ] Safepoint synchronization initiated using futex wait barrier. (13 threads)
[2025-06-05T16:30:23.589+0000][8.965s][info ][gc,start    ] GC(28) Pause Young (Normal) (G1 Evacuation Pause)
[2025-06-05T16:30:23.589+0000][8.965s][info ][gc,task     ] GC(28) Using 2 workers of 2 for evacuation
[2025-06-05T16:30:23.601+0000][8.977s][info ][gc,phases   ] GC(28)   Pre Evacuate Collection Set: 0.2ms
[2025-06-05T16:30:23.601+0000][8.977s][info ][gc,phases   ] GC(28)   Merge Heap Roots: 0.2ms
[2025-06-05T16:30:23.601+0000][8.977s][info ][gc,phases   ] GC(28)   Evacuate Collection Set: 8.9ms
[2025-06-05T16:30:23.601+0000][8.977s][info ][gc,phases   ] GC(28)   Post Evacuate Collection Set: 2.2ms
[2025-06-05T16:30:23.601+0000][8.977s][info ][gc,phases   ] GC(28)   Other: 0.5ms
[2025-06-05T16:30:23.601+0000][8.977s][info ][gc,heap     ] GC(28) Eden regions: 104->0(104)
[2025-06-05T16:30:23.601+0000][8.977s][info ][gc,heap     ] GC(28) Survivor regions: 7->8(14)
[2025-06-05T16:30:23.602+0000][8.977s][info ][gc,heap     ] GC(28) Old regions: 51->51
[2025-06-05T16:30:23.602+0000][8.977s][info ][gc,heap     ] GC(28) Archive regions: 2->2
[2025-06-05T16:30:23.602+0000][8.977s][info ][gc,heap     ] GC(28) Humongous regions: 0->0
[2025-06-05T16:30:23.602+0000][8.977s][info ][gc,metaspace] GC(28) Metaspace: 38613K(38976K)->38613K(38976K) NonClass: 33752K(33920K)->33752K(33920K) Class: 4860K(5056K)->4860K(5056K)
[2025-06-05T16:30:23.602+0000][8.977s][info ][gc          ] GC(28) Pause Young (Normal) (G1 Evacuation Pause) 161M->58M(194M) 12.673ms
[2025-06-05T16:30:23.602+0000][8.977s][info ][gc,cpu      ] GC(28) User=0.02s Sys=0.00s Real=0.01s
[2025-06-05T16:30:23.602+0000][8.978s][info ][safepoint   ] Safepoint "G1CollectForAllocation", Time since last: 81187833 ns, Reaching safepoint: 481709 ns, Cleanup: 26291 ns, At safepoint: 12942292 ns, Total: 13450292 ns
[2025-06-05T16:30:23.654+0000][9.029s][debug][safepoint   ] Safepoint synchronization initiated using futex wait barrier. (13 threads)
[2025-06-05T16:30:23.654+0000][9.029s][info ][gc,start    ] GC(29) Pause Young (Concurrent Start) (Metadata GC Threshold)
[2025-06-05T16:30:23.654+0000][9.029s][info ][gc,task     ] GC(29) Using 2 workers of 2 for evacuation
[2025-06-05T16:30:23.664+0000][9.039s][info ][gc,phases   ] GC(29)   Pre Evacuate Collection Set: 0.1ms
[2025-06-05T16:30:23.664+0000][9.039s][info ][gc,phases   ] GC(29)   Merge Heap Roots: 0.1ms
[2025-06-05T16:30:23.664+0000][9.040s][info ][gc,phases   ] GC(29)   Evacuate Collection Set: 8.9ms
[2025-06-05T16:30:23.664+0000][9.040s][info ][gc,phases   ] GC(29)   Post Evacuate Collection Set: 0.7ms
[2025-06-05T16:30:23.664+0000][9.040s][info ][gc,phases   ] GC(29)   Other: 0.2ms
[2025-06-05T16:30:23.664+0000][9.040s][info ][gc,heap     ] GC(29) Eden regions: 29->0(105)
[2025-06-05T16:30:23.664+0000][9.040s][info ][gc,heap     ] GC(29) Survivor regions: 8->7(14)
[2025-06-05T16:30:23.664+0000][9.040s][info ][gc,heap     ] GC(29) Old regions: 51->53
[2025-06-05T16:30:23.664+0000][9.040s][info ][gc,heap     ] GC(29) Archive regions: 2->2
[2025-06-05T16:30:23.664+0000][9.040s][info ][gc,heap     ] GC(29) Humongous regions: 0->0
[2025-06-05T16:30:23.664+0000][9.040s][info ][gc,metaspace] GC(29) Metaspace: 39271K(39616K)->39271K(39616K) NonClass: 34358K(34496K)->34358K(34496K) Class: 4913K(5120K)->4913K(5120K)
[2025-06-05T16:30:23.664+0000][9.040s][info ][gc          ] GC(29) Pause Young (Concurrent Start) (Metadata GC Threshold) 87M->59M(194M) 10.643ms
[2025-06-05T16:30:23.664+0000][9.040s][info ][gc,cpu      ] GC(29) User=0.01s Sys=0.00s Real=0.01s
[2025-06-05T16:30:23.664+0000][9.040s][info ][safepoint   ] Safepoint "CollectForMetadataAllocation", Time since last: 51662083 ns, Reaching safepoint: 107834 ns, Cleanup: 13875 ns, At safepoint: 10795166 ns, Total: 10916875 ns
[2025-06-05T16:30:23.664+0000][9.040s][info ][gc          ] GC(30) Concurrent Mark Cycle
[2025-06-05T16:30:23.668+0000][9.044s][info ][gc,marking  ] GC(30) Concurrent Clear Claimed Marks
[2025-06-05T16:30:23.668+0000][9.044s][info ][gc,marking  ] GC(30) Concurrent Clear Claimed Marks 0.153ms
[2025-06-05T16:30:23.668+0000][9.044s][info ][gc,marking  ] GC(30) Concurrent Scan Root Regions
[2025-06-05T16:30:23.674+0000][9.049s][info ][gc,marking  ] GC(30) Concurrent Scan Root Regions 5.712ms
[2025-06-05T16:30:23.674+0000][9.050s][info ][gc,marking  ] GC(30) Concurrent Mark
[2025-06-05T16:30:23.674+0000][9.050s][info ][gc,marking  ] GC(30) Concurrent Mark From Roots
[2025-06-05T16:30:23.674+0000][9.050s][info ][gc,task     ] GC(30) Using 1 workers of 1 for marking
[2025-06-05T16:30:23.778+0000][9.154s][info ][gc,marking  ] GC(30) Concurrent Mark From Roots 103.953ms
[2025-06-05T16:30:23.781+0000][9.157s][info ][gc,marking  ] GC(30) Concurrent Preclean
[2025-06-05T16:30:23.781+0000][9.157s][info ][gc,marking  ] GC(30) Concurrent Preclean 0.373ms
[2025-06-05T16:30:23.781+0000][9.157s][debug][safepoint   ] Safepoint synchronization initiated using futex wait barrier. (13 threads)
[2025-06-05T16:30:23.782+0000][9.157s][info ][gc,start    ] GC(30) Pause Remark
[2025-06-05T16:30:23.787+0000][9.163s][info ][gc          ] GC(30) Pause Remark 81M->81M(194M) 5.212ms
[2025-06-05T16:30:23.787+0000][9.163s][info ][gc,cpu      ] GC(30) User=0.02s Sys=0.00s Real=0.00s
[2025-06-05T16:30:23.787+0000][9.163s][info ][safepoint   ] Safepoint "G1PauseRemark", Time since last: 116990792 ns, Reaching safepoint: 291083 ns, Cleanup: 56084 ns, At safepoint: 5463750 ns, Total: 5810917 ns
[2025-06-05T16:30:23.787+0000][9.163s][info ][gc,marking  ] GC(30) Concurrent Mark 113.413ms
[2025-06-05T16:30:23.791+0000][9.166s][info ][gc,marking  ] GC(30) Concurrent Rebuild Remembered Sets
[2025-06-05T16:30:23.821+0000][9.196s][info ][gc,marking  ] GC(30) Concurrent Rebuild Remembered Sets 30.294ms
[2025-06-05T16:30:23.822+0000][9.198s][debug][safepoint   ] Safepoint synchronization initiated using futex wait barrier. (13 threads)
[2025-06-05T16:30:23.824+0000][9.200s][info ][gc,start    ] GC(30) Pause Cleanup
[2025-06-05T16:30:23.824+0000][9.200s][info ][gc          ] GC(30) Pause Cleanup 91M->91M(194M) 0.198ms
[2025-06-05T16:30:23.824+0000][9.200s][info ][gc,cpu      ] GC(30) User=0.00s Sys=0.00s Real=0.00s
[2025-06-05T16:30:23.824+0000][9.200s][info ][safepoint   ] Safepoint "G1PauseCleanup", Time since last: 34676875 ns, Reaching safepoint: 1948416 ns, Cleanup: 29250 ns, At safepoint: 283917 ns, Total: 2261583 ns
[2025-06-05T16:30:23.826+0000][9.201s][info ][gc,marking  ] GC(30) Concurrent Cleanup for Next Mark
[2025-06-05T16:30:23.872+0000][9.248s][info ][gc,marking  ] GC(30) Concurrent Cleanup for Next Mark 46.654ms
[2025-06-05T16:30:23.872+0000][9.248s][info ][gc          ] GC(30) Concurrent Mark Cycle 207.870ms
[2025-06-05T16:30:24.109+0000][9.485s][debug][safepoint   ] Safepoint synchronization initiated using futex wait barrier. (13 threads)
[2025-06-05T16:30:24.109+0000][9.485s][info ][gc,start    ] GC(31) Pause Young (Prepare Mixed) (G1 Evacuation Pause)
[2025-06-05T16:30:24.110+0000][9.485s][info ][gc,task     ] GC(31) Using 2 workers of 2 for evacuation
[2025-06-05T16:30:24.118+0000][9.494s][info ][gc,phases   ] GC(31)   Pre Evacuate Collection Set: 0.1ms
[2025-06-05T16:30:24.118+0000][9.494s][info ][gc,phases   ] GC(31)   Merge Heap Roots: 0.1ms
[2025-06-05T16:30:24.118+0000][9.494s][info ][gc,phases   ] GC(31)   Evacuate Collection Set: 7.3ms
[2025-06-05T16:30:24.118+0000][9.494s][info ][gc,phases   ] GC(31)   Post Evacuate Collection Set: 0.9ms
[2025-06-05T16:30:24.118+0000][9.494s][info ][gc,phases   ] GC(31)   Other: 0.2ms
[2025-06-05T16:30:24.118+0000][9.494s][info ][gc,heap     ] GC(31) Eden regions: 105->0(1)
[2025-06-05T16:30:24.118+0000][9.494s][info ][gc,heap     ] GC(31) Survivor regions: 7->8(14)
[2025-06-05T16:30:24.118+0000][9.494s][info ][gc,heap     ] GC(31) Old regions: 53->53
[2025-06-05T16:30:24.118+0000][9.494s][info ][gc,heap     ] GC(31) Archive regions: 2->2
[2025-06-05T16:30:24.119+0000][9.494s][info ][gc,heap     ] GC(31) Humongous regions: 0->0
[2025-06-05T16:30:24.119+0000][9.494s][info ][gc,metaspace] GC(31) Metaspace: 41015K(41408K)->41015K(41408K) NonClass: 35865K(36032K)->35865K(36032K) Class: 5149K(5376K)->5149K(5376K)
[2025-06-05T16:30:24.119+0000][9.494s][info ][gc          ] GC(31) Pause Young (Prepare Mixed) (G1 Evacuation Pause) 164M->60M(194M) 9.159ms
[2025-06-05T16:30:24.119+0000][9.494s][info ][gc,cpu      ] GC(31) User=0.02s Sys=0.00s Real=0.01s
[2025-06-05T16:30:24.119+0000][9.494s][info ][safepoint   ] Safepoint "G1CollectForAllocation", Time since last: 285036000 ns, Reaching safepoint: 126459 ns, Cleanup: 55750 ns, At safepoint: 9289875 ns, Total: 9472084 ns
[2025-06-05T16:30:24.122+0000][9.498s][debug][safepoint   ] Safepoint synchronization initiated using futex wait barrier. (13 threads)
[2025-06-05T16:30:24.122+0000][9.498s][info ][gc,start    ] GC(32) Pause Young (Mixed) (G1 Evacuation Pause)
[2025-06-05T16:30:24.122+0000][9.498s][info ][gc,task     ] GC(32) Using 2 workers of 2 for evacuation
[2025-06-05T16:30:24.134+0000][9.510s][info ][gc,phases   ] GC(32)   Pre Evacuate Collection Set: 0.1ms
[2025-06-05T16:30:24.135+0000][9.510s][info ][gc,phases   ] GC(32)   Merge Heap Roots: 0.1ms
[2025-06-05T16:30:24.135+0000][9.510s][info ][gc,phases   ] GC(32)   Evacuate Collection Set: 11.0ms
[2025-06-05T16:30:24.135+0000][9.510s][info ][gc,phases   ] GC(32)   Post Evacuate Collection Set: 0.8ms
[2025-06-05T16:30:24.135+0000][9.510s][info ][gc,phases   ] GC(32)   Other: 0.1ms
[2025-06-05T16:30:24.135+0000][9.510s][info ][gc,heap     ] GC(32) Eden regions: 1->0(105)
[2025-06-05T16:30:24.135+0000][9.510s][info ][gc,heap     ] GC(32) Survivor regions: 8->1(2)
[2025-06-05T16:30:24.135+0000][9.511s][info ][gc,heap     ] GC(32) Old regions: 53->59
[2025-06-05T16:30:24.135+0000][9.511s][info ][gc,heap     ] GC(32) Archive regions: 2->2
[2025-06-05T16:30:24.135+0000][9.511s][info ][gc,heap     ] GC(32) Humongous regions: 0->0
[2025-06-05T16:30:24.135+0000][9.511s][info ][gc,metaspace] GC(32) Metaspace: 41029K(41408K)->41029K(41408K) NonClass: 35876K(36032K)->35876K(36032K) Class: 5152K(5376K)->5152K(5376K)
[2025-06-05T16:30:24.135+0000][9.511s][info ][gc          ] GC(32) Pause Young (Mixed) (G1 Evacuation Pause) 61M->60M(194M) 12.684ms
[2025-06-05T16:30:24.135+0000][9.511s][info ][gc,cpu      ] GC(32) User=0.03s Sys=0.00s Real=0.01s
[2025-06-05T16:30:24.135+0000][9.511s][info ][safepoint   ] Safepoint "G1CollectForAllocation", Time since last: 3527500 ns, Reaching safepoint: 112833 ns, Cleanup: 5708 ns, At safepoint: 12806125 ns, Total: 12924666 ns
[2025-06-05T16:30:24.447+0000][9.823s][debug][safepoint   ] Safepoint synchronization initiated using futex wait barrier. (13 threads)
[2025-06-05T16:30:24.448+0000][9.823s][info ][safepoint   ] Safepoint "ICBufferFull", Time since last: 312173500 ns, Reaching safepoint: 225209 ns, Cleanup: 70833 ns, At safepoint: 2292 ns, Total: 298334 ns
[2025-06-05T16:30:24.529+0000][9.904s][debug][safepoint   ] Safepoint synchronization initiated using futex wait barrier. (13 threads)
[2025-06-05T16:30:24.529+0000][9.905s][info ][gc,start    ] GC(33) Pause Young (Normal) (G1 Evacuation Pause)
[2025-06-05T16:30:24.529+0000][9.905s][info ][gc,task     ] GC(33) Using 2 workers of 2 for evacuation
[2025-06-05T16:30:24.534+0000][9.910s][info ][gc,phases   ] GC(33)   Pre Evacuate Collection Set: 0.1ms
[2025-06-05T16:30:24.534+0000][9.910s][info ][gc,phases   ] GC(33)   Merge Heap Roots: 0.2ms
[2025-06-05T16:30:24.534+0000][9.910s][info ][gc,phases   ] GC(33)   Evacuate Collection Set: 3.8ms
[2025-06-05T16:30:24.534+0000][9.910s][info ][gc,phases   ] GC(33)   Post Evacuate Collection Set: 1.0ms
[2025-06-05T16:30:24.535+0000][9.910s][info ][gc,phases   ] GC(33)   Other: 0.3ms
[2025-06-05T16:30:24.535+0000][9.910s][info ][gc,heap     ] GC(33) Eden regions: 105->0(104)
[2025-06-05T16:30:24.535+0000][9.910s][info ][gc,heap     ] GC(33) Survivor regions: 1->2(14)
[2025-06-05T16:30:24.535+0000][9.910s][info ][gc,heap     ] GC(33) Old regions: 59->59
[2025-06-05T16:30:24.535+0000][9.910s][info ][gc,heap     ] GC(33) Archive regions: 2->2
[2025-06-05T16:30:24.535+0000][9.910s][info ][gc,heap     ] GC(33) Humongous regions: 0->0
[2025-06-05T16:30:24.535+0000][9.910s][info ][gc,metaspace] GC(33) Metaspace: 42679K(43072K)->42679K(43072K) NonClass: 37263K(37440K)->37263K(37440K) Class: 5416K(5632K)->5416K(5632K)
[2025-06-05T16:30:24.535+0000][9.910s][info ][gc          ] GC(33) Pause Young (Normal) (G1 Evacuation Pause) 165M->61M(194M) 5.772ms
[2025-06-05T16:30:24.535+0000][9.910s][info ][gc,cpu      ] GC(33) User=0.01s Sys=0.00s Real=0.00s
[2025-06-05T16:30:24.535+0000][9.910s][info ][safepoint   ] Safepoint "G1CollectForAllocation", Time since last: 81017833 ns, Reaching safepoint: 147167 ns, Cleanup: 122083 ns, At safepoint: 5899458 ns, Total: 6168708 ns
[2025-06-05T16:30:24.733+0000][10.108s][debug][safepoint   ] Safepoint synchronization initiated using futex wait barrier. (13 threads)
[2025-06-05T16:30:24.733+0000][10.109s][info ][safepoint   ] Safepoint "ICBufferFull", Time since last: 197729459 ns, Reaching safepoint: 288500 ns, Cleanup: 121875 ns, At safepoint: 2292 ns, Total: 412667 ns
[2025-06-05T16:30:25.031+0000][10.406s][debug][safepoint   ] Safepoint synchronization initiated using futex wait barrier. (13 threads)
[2025-06-05T16:30:25.031+0000][10.407s][info ][safepoint   ] Safepoint "ICBufferFull", Time since last: 297802041 ns, Reaching safepoint: 115875 ns, Cleanup: 62375 ns, At safepoint: 1417 ns, Total: 179667 ns
[2025-06-05T16:30:25.113+0000][10.489s][debug][safepoint   ] Safepoint synchronization initiated using futex wait barrier. (13 threads)
[2025-06-05T16:30:25.113+0000][10.489s][info ][gc,start    ] GC(34) Pause Young (Normal) (G1 Evacuation Pause)
[2025-06-05T16:30:25.114+0000][10.489s][info ][gc,task     ] GC(34) Using 2 workers of 2 for evacuation
[2025-06-05T16:30:25.123+0000][10.499s][info ][gc,phases   ] GC(34)   Pre Evacuate Collection Set: 0.2ms
[2025-06-05T16:30:25.123+0000][10.499s][info ][gc,phases   ] GC(34)   Merge Heap Roots: 0.2ms
[2025-06-05T16:30:25.123+0000][10.499s][info ][gc,phases   ] GC(34)   Evacuate Collection Set: 6.8ms
[2025-06-05T16:30:25.123+0000][10.499s][info ][gc,phases   ] GC(34)   Post Evacuate Collection Set: 2.0ms
[2025-06-05T16:30:25.123+0000][10.499s][info ][gc,phases   ] GC(34)   Other: 0.4ms
[2025-06-05T16:30:25.123+0000][10.499s][info ][gc,heap     ] GC(34) Eden regions: 104->0(100)
[2025-06-05T16:30:25.123+0000][10.499s][info ][gc,heap     ] GC(34) Survivor regions: 2->5(14)
[2025-06-05T16:30:25.123+0000][10.499s][info ][gc,heap     ] GC(34) Old regions: 59->59
[2025-06-05T16:30:25.123+0000][10.499s][info ][gc,heap     ] GC(34) Archive regions: 2->2
[2025-06-05T16:30:25.123+0000][10.499s][info ][gc,heap     ] GC(34) Humongous regions: 0->0
[2025-06-05T16:30:25.124+0000][10.499s][info ][gc,metaspace] GC(34) Metaspace: 46117K(46528K)->46117K(46528K) NonClass: 40225K(40448K)->40225K(40448K) Class: 5892K(6080K)->5892K(6080K)
[2025-06-05T16:30:25.124+0000][10.499s][info ][gc          ] GC(34) Pause Young (Normal) (G1 Evacuation Pause) 165M->63M(194M) 10.161ms
[2025-06-05T16:30:25.124+0000][10.499s][info ][gc,cpu      ] GC(34) User=0.02s Sys=0.00s Real=0.01s
[2025-06-05T16:30:25.124+0000][10.499s][info ][safepoint   ] Safepoint "G1CollectForAllocation", Time since last: 82183375 ns, Reaching safepoint: 164792 ns, Cleanup: 50083 ns, At safepoint: 10341583 ns, Total: 10556458 ns
[2025-06-05T16:30:25.687+0000][11.062s][debug][safepoint   ] Safepoint synchronization initiated using futex wait barrier. (13 threads)
[2025-06-05T16:30:25.688+0000][11.064s][info ][safepoint   ] Safepoint "ICBufferFull", Time since last: 562885959 ns, Reaching safepoint: 1710208 ns, Cleanup: 98042 ns, At safepoint: 6167 ns, Total: 1814417 ns
[2025-06-05T16:30:25.810+0000][11.186s][debug][safepoint   ] Safepoint synchronization initiated using futex wait barrier. (13 threads)
[2025-06-05T16:30:25.811+0000][11.187s][info ][safepoint   ] Safepoint "ICBufferFull", Time since last: 121996541 ns, Reaching safepoint: 523709 ns, Cleanup: 64833 ns, At safepoint: 7542 ns, Total: 596084 ns
[2025-06-05T16:30:25.885+0000][11.260s][debug][safepoint   ] Safepoint synchronization initiated using futex wait barrier. (13 threads)
[2025-06-05T16:30:25.885+0000][11.261s][info ][gc,start    ] GC(35) Pause Young (Normal) (G1 Evacuation Pause)
[2025-06-05T16:30:25.885+0000][11.261s][info ][gc,task     ] GC(35) Using 2 workers of 2 for evacuation
[2025-06-05T16:30:25.900+0000][11.275s][info ][gc,phases   ] GC(35)   Pre Evacuate Collection Set: 0.1ms
[2025-06-05T16:30:25.900+0000][11.275s][info ][gc,phases   ] GC(35)   Merge Heap Roots: 0.1ms
[2025-06-05T16:30:25.900+0000][11.276s][info ][gc,phases   ] GC(35)   Evacuate Collection Set: 12.4ms
[2025-06-05T16:30:25.900+0000][11.276s][info ][gc,phases   ] GC(35)   Post Evacuate Collection Set: 1.9ms
[2025-06-05T16:30:25.900+0000][11.276s][info ][gc,phases   ] GC(35)   Other: 0.2ms
[2025-06-05T16:30:25.900+0000][11.276s][info ][gc,heap     ] GC(35) Eden regions: 100->0(99)
[2025-06-05T16:30:25.900+0000][11.276s][info ][gc,heap     ] GC(35) Survivor regions: 5->7(14)
[2025-06-05T16:30:25.900+0000][11.276s][info ][gc,heap     ] GC(35) Old regions: 59->59
[2025-06-05T16:30:25.900+0000][11.276s][info ][gc,heap     ] GC(35) Archive regions: 2->2
[2025-06-05T16:30:25.900+0000][11.276s][info ][gc,heap     ] GC(35) Humongous regions: 0->0
[2025-06-05T16:30:25.900+0000][11.276s][info ][gc,metaspace] GC(35) Metaspace: 50650K(51072K)->50650K(51072K) NonClass: 44221K(44416K)->44221K(44416K) Class: 6428K(6656K)->6428K(6656K)
[2025-06-05T16:30:25.900+0000][11.276s][info ][gc          ] GC(35) Pause Young (Normal) (G1 Evacuation Pause) 163M->65M(194M) 15.447ms
[2025-06-05T16:30:25.901+0000][11.276s][info ][gc,cpu      ] GC(35) User=0.05s Sys=0.00s Real=0.02s
[2025-06-05T16:30:25.901+0000][11.276s][info ][safepoint   ] Safepoint "G1CollectForAllocation", Time since last: 73813458 ns, Reaching safepoint: 131208 ns, Cleanup: 22709 ns, At safepoint: 15616208 ns, Total: 15770125 ns
[2025-06-05T16:30:27.077+0000][12.453s][debug][safepoint   ] Safepoint synchronization initiated using futex wait barrier. (16 threads)
[2025-06-05T16:30:27.079+0000][12.455s][info ][safepoint   ] Safepoint "Cleanup", Time since last: 1176416417 ns, Reaching safepoint: 1278125 ns, Cleanup: 559375 ns, At safepoint: 21250 ns, Total: 1858750 ns
[2025-06-05T16:30:27.183+0000][12.559s][debug][safepoint   ] Safepoint synchronization initiated using futex wait barrier. (16 threads)
[2025-06-05T16:30:27.183+0000][12.559s][info ][safepoint   ] Safepoint "ICBufferFull", Time since last: 104276542 ns, Reaching safepoint: 172042 ns, Cleanup: 60791 ns, At safepoint: 2084 ns, Total: 234917 ns
[2025-06-05T16:30:27.252+0000][12.628s][debug][safepoint   ] Safepoint synchronization initiated using futex wait barrier. (16 threads)
[2025-06-05T16:30:27.252+0000][12.628s][info ][safepoint   ] Safepoint "ICBufferFull", Time since last: 68874708 ns, Reaching safepoint: 131333 ns, Cleanup: 63542 ns, At safepoint: 1708 ns, Total: 196583 ns
[2025-06-05T16:30:27.326+0000][12.702s][debug][safepoint   ] Safepoint synchronization initiated using futex wait barrier. (16 threads)
[2025-06-05T16:30:27.331+0000][12.707s][info ][safepoint   ] Safepoint "ICBufferFull", Time since last: 73481292 ns, Reaching safepoint: 5435375 ns, Cleanup: 95125 ns, At safepoint: 8250 ns, Total: 5538750 ns
[2025-06-05T16:30:27.409+0000][12.785s][debug][safepoint   ] Safepoint synchronization initiated using futex wait barrier. (16 threads)
[2025-06-05T16:30:27.410+0000][12.785s][info ][gc,start    ] GC(36) Pause Young (Normal) (G1 Evacuation Pause)
[2025-06-05T16:30:27.410+0000][12.785s][info ][gc,task     ] GC(36) Using 2 workers of 2 for evacuation
[2025-06-05T16:30:27.423+0000][12.798s][info ][gc,phases   ] GC(36)   Pre Evacuate Collection Set: 0.1ms
[2025-06-05T16:30:27.423+0000][12.799s][info ][gc,phases   ] GC(36)   Merge Heap Roots: 0.1ms
[2025-06-05T16:30:27.423+0000][12.799s][info ][gc,phases   ] GC(36)   Evacuate Collection Set: 11.7ms
[2025-06-05T16:30:27.423+0000][12.799s][info ][gc,phases   ] GC(36)   Post Evacuate Collection Set: 1.2ms
[2025-06-05T16:30:27.423+0000][12.799s][info ][gc,phases   ] GC(36)   Other: 0.2ms
[2025-06-05T16:30:27.423+0000][12.799s][info ][gc,heap     ] GC(36) Eden regions: 99->0(95)
[2025-06-05T16:30:27.423+0000][12.799s][info ][gc,heap     ] GC(36) Survivor regions: 7->9(14)
[2025-06-05T16:30:27.423+0000][12.799s][info ][gc,heap     ] GC(36) Old regions: 59->59
[2025-06-05T16:30:27.423+0000][12.799s][info ][gc,heap     ] GC(36) Archive regions: 2->2
[2025-06-05T16:30:27.423+0000][12.799s][info ][gc,heap     ] GC(36) Humongous regions: 0->0
[2025-06-05T16:30:27.423+0000][12.799s][info ][gc,metaspace] GC(36) Metaspace: 55272K(55680K)->55272K(55680K) NonClass: 48300K(48512K)->48300K(48512K) Class: 6972K(7168K)->6972K(7168K)
[2025-06-05T16:30:27.423+0000][12.799s][info ][gc          ] GC(36) Pause Young (Normal) (G1 Evacuation Pause) 164M->68M(194M) 13.933ms
[2025-06-05T16:30:27.423+0000][12.799s][info ][gc,cpu      ] GC(36) User=0.02s Sys=0.00s Real=0.01s
[2025-06-05T16:30:27.424+0000][12.799s][info ][safepoint   ] Safepoint "G1CollectForAllocation", Time since last: 77734250 ns, Reaching safepoint: 242833 ns, Cleanup: 42459 ns, At safepoint: 14060583 ns, Total: 14345875 ns
[2025-06-05T16:30:27.872+0000][13.247s][debug][safepoint   ] Safepoint synchronization initiated using futex wait barrier. (16 threads)
[2025-06-05T16:30:27.872+0000][13.248s][info ][gc,start    ] GC(37) Pause Young (Normal) (G1 Evacuation Pause)
[2025-06-05T16:30:27.872+0000][13.248s][info ][gc,task     ] GC(37) Using 2 workers of 2 for evacuation
[2025-06-05T16:30:27.885+0000][13.261s][info ][gc,phases   ] GC(37)   Pre Evacuate Collection Set: 0.2ms
[2025-06-05T16:30:27.885+0000][13.261s][info ][gc,phases   ] GC(37)   Merge Heap Roots: 0.2ms
[2025-06-05T16:30:27.886+0000][13.261s][info ][gc,phases   ] GC(37)   Evacuate Collection Set: 11.1ms
[2025-06-05T16:30:27.886+0000][13.261s][info ][gc,phases   ] GC(37)   Post Evacuate Collection Set: 1.5ms
[2025-06-05T16:30:27.886+0000][13.261s][info ][gc,phases   ] GC(37)   Other: 0.3ms
[2025-06-05T16:30:27.886+0000][13.261s][info ][gc,heap     ] GC(37) Eden regions: 95->0(97)
[2025-06-05T16:30:27.886+0000][13.261s][info ][gc,heap     ] GC(37) Survivor regions: 9->5(13)
[2025-06-05T16:30:27.886+0000][13.261s][info ][gc,heap     ] GC(37) Old regions: 59->63
[2025-06-05T16:30:27.886+0000][13.261s][info ][gc,heap     ] GC(37) Archive regions: 2->2
[2025-06-05T16:30:27.886+0000][13.261s][info ][gc,heap     ] GC(37) Humongous regions: 0->0
[2025-06-05T16:30:27.886+0000][13.262s][info ][gc,metaspace] GC(37) Metaspace: 57941K(58368K)->57941K(58368K) NonClass: 50611K(50816K)->50611K(50816K) Class: 7329K(7552K)->7329K(7552K)
[2025-06-05T16:30:27.886+0000][13.262s][info ][gc          ] GC(37) Pause Young (Normal) (G1 Evacuation Pause) 163M->68M(194M) 13.986ms
[2025-06-05T16:30:27.886+0000][13.262s][info ][gc,cpu      ] GC(37) User=0.02s Sys=0.00s Real=0.01s
[2025-06-05T16:30:27.886+0000][13.262s][info ][safepoint   ] Safepoint "G1CollectForAllocation", Time since last: 448275542 ns, Reaching safepoint: 151417 ns, Cleanup: 58291 ns, At safepoint: 14142375 ns, Total: 14352083 ns
[2025-06-05T16:30:28.210+0000][13.585s][debug][safepoint   ] Safepoint synchronization initiated using futex wait barrier. (19 threads)
[2025-06-05T16:30:28.210+0000][13.586s][info ][gc,start    ] GC(38) Pause Young (Normal) (G1 Evacuation Pause)
[2025-06-05T16:30:28.210+0000][13.586s][info ][gc,task     ] GC(38) Using 2 workers of 2 for evacuation
[2025-06-05T16:30:28.220+0000][13.596s][info ][gc,phases   ] GC(38)   Pre Evacuate Collection Set: 0.2ms
[2025-06-05T16:30:28.220+0000][13.596s][info ][gc,phases   ] GC(38)   Merge Heap Roots: 0.1ms
[2025-06-05T16:30:28.220+0000][13.596s][info ][gc,phases   ] GC(38)   Evacuate Collection Set: 8.7ms
[2025-06-05T16:30:28.220+0000][13.596s][info ][gc,phases   ] GC(38)   Post Evacuate Collection Set: 0.8ms
[2025-06-05T16:30:28.220+0000][13.596s][info ][gc,phases   ] GC(38)   Other: 0.2ms
[2025-06-05T16:30:28.220+0000][13.596s][info ][gc,heap     ] GC(38) Eden regions: 97->0(97)
[2025-06-05T16:30:28.220+0000][13.596s][info ][gc,heap     ] GC(38) Survivor regions: 5->6(13)
[2025-06-05T16:30:28.220+0000][13.596s][info ][gc,heap     ] GC(38) Old regions: 63->63
[2025-06-05T16:30:28.220+0000][13.596s][info ][gc,heap     ] GC(38) Archive regions: 2->2
[2025-06-05T16:30:28.220+0000][13.596s][info ][gc,heap     ] GC(38) Humongous regions: 0->0
[2025-06-05T16:30:28.220+0000][13.596s][info ][gc,metaspace] GC(38) Metaspace: 62245K(62720K)->62245K(62720K) NonClass: 54353K(54592K)->54353K(54592K) Class: 7892K(8128K)->7892K(8128K)
[2025-06-05T16:30:28.220+0000][13.596s][info ][gc          ] GC(38) Pause Young (Normal) (G1 Evacuation Pause) 165M->69M(194M) 10.400ms
[2025-06-05T16:30:28.220+0000][13.596s][info ][gc,cpu      ] GC(38) User=0.02s Sys=0.01s Real=0.01s
[2025-06-05T16:30:28.220+0000][13.596s][info ][safepoint   ] Safepoint "G1CollectForAllocation", Time since last: 323471834 ns, Reaching safepoint: 284625 ns, Cleanup: 49875 ns, At safepoint: 10503875 ns, Total: 10838375 ns
[2025-06-05T16:30:28.326+0000][13.702s][debug][safepoint   ] Safepoint synchronization initiated using futex wait barrier. (19 threads)
[2025-06-05T16:30:28.327+0000][13.702s][info ][safepoint   ] Safepoint "ICBufferFull", Time since last: 105888917 ns, Reaching safepoint: 121500 ns, Cleanup: 60541 ns, At safepoint: 5042 ns, Total: 187083 ns
[2025-06-05T16:30:28.545+0000][13.921s][debug][safepoint   ] Safepoint synchronization initiated using futex wait barrier. (19 threads)
[2025-06-05T16:30:28.547+0000][13.923s][info ][safepoint   ] Safepoint "ICBufferFull", Time since last: 218394542 ns, Reaching safepoint: 117000 ns, Cleanup: 1956250 ns, At safepoint: 9291 ns, Total: 2082541 ns
[2025-06-05T16:30:28.586+0000][13.961s][debug][safepoint   ] Safepoint synchronization initiated using futex wait barrier. (19 threads)
[2025-06-05T16:30:28.586+0000][13.962s][info ][gc,start    ] GC(39) Pause Young (Normal) (G1 Evacuation Pause)
[2025-06-05T16:30:28.586+0000][13.962s][info ][gc,task     ] GC(39) Using 2 workers of 2 for evacuation
[2025-06-05T16:30:28.593+0000][13.969s][info ][gc,phases   ] GC(39)   Pre Evacuate Collection Set: 0.1ms
[2025-06-05T16:30:28.594+0000][13.969s][info ][gc,phases   ] GC(39)   Merge Heap Roots: 0.1ms
[2025-06-05T16:30:28.594+0000][13.969s][info ][gc,phases   ] GC(39)   Evacuate Collection Set: 6.2ms
[2025-06-05T16:30:28.594+0000][13.969s][info ][gc,phases   ] GC(39)   Post Evacuate Collection Set: 0.9ms
[2025-06-05T16:30:28.594+0000][13.969s][info ][gc,phases   ] GC(39)   Other: 0.1ms
[2025-06-05T16:30:28.594+0000][13.969s][info ][gc,heap     ] GC(39) Eden regions: 97->0(95)
[2025-06-05T16:30:28.594+0000][13.969s][info ][gc,heap     ] GC(39) Survivor regions: 6->7(13)
[2025-06-05T16:30:28.594+0000][13.969s][info ][gc,heap     ] GC(39) Old regions: 63->63
[2025-06-05T16:30:28.594+0000][13.969s][info ][gc,heap     ] GC(39) Archive regions: 2->2
[2025-06-05T16:30:28.594+0000][13.970s][info ][gc,heap     ] GC(39) Humongous regions: 0->0
[2025-06-05T16:30:28.594+0000][13.970s][info ][gc,metaspace] GC(39) Metaspace: 64045K(64512K)->64045K(64512K) NonClass: 55949K(56192K)->55949K(56192K) Class: 8096K(8320K)->8096K(8320K)
[2025-06-05T16:30:28.594+0000][13.970s][info ][gc          ] GC(39) Pause Young (Normal) (G1 Evacuation Pause) 166M->70M(194M) 8.075ms
[2025-06-05T16:30:28.594+0000][13.970s][info ][gc,cpu      ] GC(39) User=0.02s Sys=0.00s Real=0.01s
[2025-06-05T16:30:28.594+0000][13.970s][info ][safepoint   ] Safepoint "G1CollectForAllocation", Time since last: 38745625 ns, Reaching safepoint: 148542 ns, Cleanup: 13125 ns, At safepoint: 8192042 ns, Total: 8353709 ns
[2025-06-05T16:30:28.772+0000][14.147s][debug][safepoint   ] Safepoint synchronization initiated using futex wait barrier. (19 threads)
[2025-06-05T16:30:28.772+0000][14.147s][info ][gc,start    ] GC(40) Pause Young (Concurrent Start) (Metadata GC Threshold)
[2025-06-05T16:30:28.772+0000][14.147s][info ][gc,task     ] GC(40) Using 2 workers of 2 for evacuation
[2025-06-05T16:30:28.778+0000][14.154s][info ][gc,phases   ] GC(40)   Pre Evacuate Collection Set: 0.1ms
[2025-06-05T16:30:28.779+0000][14.154s][info ][gc,phases   ] GC(40)   Merge Heap Roots: 0.1ms
[2025-06-05T16:30:28.779+0000][14.154s][info ][gc,phases   ] GC(40)   Evacuate Collection Set: 5.3ms
[2025-06-05T16:30:28.779+0000][14.154s][info ][gc,phases   ] GC(40)   Post Evacuate Collection Set: 0.8ms
[2025-06-05T16:30:28.779+0000][14.154s][info ][gc,phases   ] GC(40)   Other: 0.3ms
[2025-06-05T16:30:28.779+0000][14.154s][info ][gc,heap     ] GC(40) Eden regions: 90->0(95)
[2025-06-05T16:30:28.779+0000][14.154s][info ][gc,heap     ] GC(40) Survivor regions: 7->7(13)
[2025-06-05T16:30:28.779+0000][14.154s][info ][gc,heap     ] GC(40) Old regions: 63->63
[2025-06-05T16:30:28.779+0000][14.154s][info ][gc,heap     ] GC(40) Archive regions: 2->2
[2025-06-05T16:30:28.779+0000][14.154s][info ][gc,heap     ] GC(40) Humongous regions: 0->0
[2025-06-05T16:30:28.779+0000][14.155s][info ][gc,metaspace] GC(40) Metaspace: 66093K(66560K)->66093K(66560K) NonClass: 57635K(57856K)->57635K(57856K) Class: 8458K(8704K)->8458K(8704K)
[2025-06-05T16:30:28.779+0000][14.155s][info ][gc          ] GC(40) Pause Young (Concurrent Start) (Metadata GC Threshold) 159M->70M(194M) 7.127ms
[2025-06-05T16:30:28.779+0000][14.155s][info ][gc,cpu      ] GC(40) User=0.01s Sys=0.00s Real=0.01s
[2025-06-05T16:30:28.779+0000][14.155s][info ][safepoint   ] Safepoint "CollectForMetadataAllocation", Time since last: 177534833 ns, Reaching safepoint: 129708 ns, Cleanup: 16000 ns, At safepoint: 7294792 ns, Total: 7440500 ns
[2025-06-05T16:30:28.779+0000][14.155s][info ][gc          ] GC(41) Concurrent Mark Cycle
[2025-06-05T16:30:28.783+0000][14.159s][info ][gc,marking  ] GC(41) Concurrent Clear Claimed Marks
[2025-06-05T16:30:28.783+0000][14.159s][info ][gc,marking  ] GC(41) Concurrent Clear Claimed Marks 0.168ms
[2025-06-05T16:30:28.783+0000][14.159s][info ][gc,marking  ] GC(41) Concurrent Scan Root Regions
[2025-06-05T16:30:28.788+0000][14.164s][info ][gc,marking  ] GC(41) Concurrent Scan Root Regions 4.916ms
[2025-06-05T16:30:28.788+0000][14.164s][info ][gc,marking  ] GC(41) Concurrent Mark
[2025-06-05T16:30:28.788+0000][14.164s][info ][gc,marking  ] GC(41) Concurrent Mark From Roots
[2025-06-05T16:30:28.788+0000][14.164s][info ][gc,task     ] GC(41) Using 1 workers of 1 for marking
[2025-06-05T16:30:28.802+0000][14.177s][debug][safepoint   ] Safepoint synchronization initiated using futex wait barrier. (19 threads)
[2025-06-05T16:30:28.802+0000][14.177s][info ][safepoint   ] Safepoint "CollectForMetadataAllocation", Time since last: 22384875 ns, Reaching safepoint: 317792 ns, Cleanup: 19625 ns, At safepoint: 24958 ns, Total: 362375 ns
[2025-06-05T16:30:28.819+0000][14.195s][debug][safepoint   ] Safepoint synchronization initiated using futex wait barrier. (19 threads)
[2025-06-05T16:30:28.819+0000][14.195s][info ][safepoint   ] Safepoint "CollectForMetadataAllocation", Time since last: 17406958 ns, Reaching safepoint: 145209 ns, Cleanup: 9708 ns, At safepoint: 20167 ns, Total: 175084 ns
[2025-06-05T16:30:28.868+0000][14.244s][debug][safepoint   ] Safepoint synchronization initiated using futex wait barrier. (19 threads)
[2025-06-05T16:30:28.869+0000][14.244s][info ][safepoint   ] Safepoint "CollectForMetadataAllocation", Time since last: 48903208 ns, Reaching safepoint: 167167 ns, Cleanup: 24166 ns, At safepoint: 30875 ns, Total: 222208 ns
[2025-06-05T16:30:28.885+0000][14.261s][info ][gc,marking  ] GC(41) Concurrent Mark From Roots 96.689ms
[2025-06-05T16:30:28.889+0000][14.265s][info ][gc,marking  ] GC(41) Concurrent Preclean
[2025-06-05T16:30:28.889+0000][14.265s][info ][gc,marking  ] GC(41) Concurrent Preclean 0.286ms
[2025-06-05T16:30:28.889+0000][14.265s][debug][safepoint   ] Safepoint synchronization initiated using futex wait barrier. (19 threads)
[2025-06-05T16:30:28.890+0000][14.265s][info ][gc,start    ] GC(41) Pause Remark
[2025-06-05T16:30:28.896+0000][14.271s][info ][gc          ] GC(41) Pause Remark 94M->94M(194M) 6.315ms
[2025-06-05T16:30:28.896+0000][14.272s][info ][gc,cpu      ] GC(41) User=0.02s Sys=0.00s Real=0.00s
[2025-06-05T16:30:28.896+0000][14.272s][info ][safepoint   ] Safepoint "G1PauseRemark", Time since last: 20898334 ns, Reaching safepoint: 63458 ns, Cleanup: 11667 ns, At safepoint: 6518333 ns, Total: 6593458 ns
[2025-06-05T16:30:28.896+0000][14.272s][info ][gc,marking  ] GC(41) Concurrent Mark 107.931ms
[2025-06-05T16:30:28.900+0000][14.276s][info ][gc,marking  ] GC(41) Concurrent Rebuild Remembered Sets
[2025-06-05T16:30:28.972+0000][14.348s][info ][gc,marking  ] GC(41) Concurrent Rebuild Remembered Sets 72.283ms
[2025-06-05T16:30:28.974+0000][14.350s][debug][safepoint   ] Safepoint synchronization initiated using futex wait barrier. (19 threads)
[2025-06-05T16:30:28.976+0000][14.352s][info ][gc,start    ] GC(41) Pause Cleanup
[2025-06-05T16:30:28.977+0000][14.352s][info ][gc          ] GC(41) Pause Cleanup 111M->111M(194M) 0.240ms
[2025-06-05T16:30:28.977+0000][14.352s][info ][gc,cpu      ] GC(41) User=0.01s Sys=0.00s Real=0.00s
[2025-06-05T16:30:28.977+0000][14.352s][info ][safepoint   ] Safepoint "G1PauseCleanup", Time since last: 78430042 ns, Reaching safepoint: 1873042 ns, Cleanup: 25958 ns, At safepoint: 416125 ns, Total: 2315125 ns
[2025-06-05T16:30:28.977+0000][14.353s][info ][gc,marking  ] GC(41) Concurrent Cleanup for Next Mark
[2025-06-05T16:30:28.979+0000][14.355s][info ][gc,marking  ] GC(41) Concurrent Cleanup for Next Mark 2.093ms
[2025-06-05T16:30:28.980+0000][14.355s][info ][gc          ] GC(41) Concurrent Mark Cycle 200.429ms
[2025-06-05T16:30:29.022+0000][14.397s][debug][safepoint   ] Safepoint synchronization initiated using futex wait barrier. (19 threads)
[2025-06-05T16:30:29.022+0000][14.398s][info ][safepoint   ] Safepoint "ICBufferFull", Time since last: 44917917 ns, Reaching safepoint: 130333 ns, Cleanup: 61917 ns, At safepoint: 1333 ns, Total: 193583 ns
[2025-06-05T16:30:29.111+0000][14.486s][debug][safepoint   ] Safepoint synchronization initiated using futex wait barrier. (19 threads)
[2025-06-05T16:30:29.112+0000][14.488s][info ][safepoint   ] Safepoint "ICBufferFull", Time since last: 88735458 ns, Reaching safepoint: 1183500 ns, Cleanup: 131459 ns, At safepoint: 6958 ns, Total: 1321917 ns
[2025-06-05T16:30:29.196+0000][14.572s][debug][safepoint   ] Safepoint synchronization initiated using futex wait barrier. (19 threads)
[2025-06-05T16:30:29.196+0000][14.572s][info ][safepoint   ] Safepoint "ICBufferFull", Time since last: 84318875 ns, Reaching safepoint: 147292 ns, Cleanup: 52625 ns, At safepoint: 5875 ns, Total: 205792 ns
[2025-06-05T16:30:29.213+0000][14.589s][debug][safepoint   ] Safepoint synchronization initiated using futex wait barrier. (19 threads)
[2025-06-05T16:30:29.213+0000][14.589s][info ][gc,start    ] GC(42) Pause Young (Prepare Mixed) (G1 Evacuation Pause)
[2025-06-05T16:30:29.213+0000][14.589s][info ][gc,task     ] GC(42) Using 2 workers of 2 for evacuation
[2025-06-05T16:30:29.224+0000][14.599s][info ][gc,phases   ] GC(42)   Pre Evacuate Collection Set: 0.1ms
[2025-06-05T16:30:29.224+0000][14.599s][info ][gc,phases   ] GC(42)   Merge Heap Roots: 0.1ms
[2025-06-05T16:30:29.224+0000][14.599s][info ][gc,phases   ] GC(42)   Evacuate Collection Set: 8.7ms
[2025-06-05T16:30:29.224+0000][14.599s][info ][gc,phases   ] GC(42)   Post Evacuate Collection Set: 1.1ms
[2025-06-05T16:30:29.224+0000][14.599s][info ][gc,phases   ] GC(42)   Other: 0.1ms
[2025-06-05T16:30:29.224+0000][14.600s][info ][gc,heap     ] GC(42) Eden regions: 95->0(1)
[2025-06-05T16:30:29.224+0000][14.600s][info ][gc,heap     ] GC(42) Survivor regions: 7->9(13)
[2025-06-05T16:30:29.224+0000][14.600s][info ][gc,heap     ] GC(42) Old regions: 63->63
[2025-06-05T16:30:29.224+0000][14.600s][info ][gc,heap     ] GC(42) Archive regions: 2->2
[2025-06-05T16:30:29.224+0000][14.600s][info ][gc,heap     ] GC(42) Humongous regions: 0->0
[2025-06-05T16:30:29.224+0000][14.600s][info ][gc,metaspace] GC(42) Metaspace: 68404K(68864K)->68404K(68864K) NonClass: 59659K(59904K)->59659K(59904K) Class: 8744K(8960K)->8744K(8960K)
[2025-06-05T16:30:29.224+0000][14.600s][info ][gc          ] GC(42) Pause Young (Prepare Mixed) (G1 Evacuation Pause) 165M->72M(194M) 10.765ms
[2025-06-05T16:30:29.224+0000][14.600s][info ][gc,cpu      ] GC(42) User=0.02s Sys=0.00s Real=0.01s
[2025-06-05T16:30:29.224+0000][14.600s][info ][safepoint   ] Safepoint "G1CollectForAllocation", Time since last: 16742125 ns, Reaching safepoint: 157166 ns, Cleanup: 21250 ns, At safepoint: 10891084 ns, Total: 11069500 ns
[2025-06-05T16:30:29.228+0000][14.604s][debug][safepoint   ] Safepoint synchronization initiated using futex wait barrier. (19 threads)
[2025-06-05T16:30:29.228+0000][14.604s][info ][gc,start    ] GC(43) Pause Young (Mixed) (G1 Evacuation Pause)
[2025-06-05T16:30:29.228+0000][14.604s][info ][gc,task     ] GC(43) Using 2 workers of 2 for evacuation
[2025-06-05T16:30:29.271+0000][14.647s][info ][gc,phases   ] GC(43)   Pre Evacuate Collection Set: 0.1ms
[2025-06-05T16:30:29.271+0000][14.647s][info ][gc,phases   ] GC(43)   Merge Heap Roots: 0.1ms
[2025-06-05T16:30:29.271+0000][14.647s][info ][gc,phases   ] GC(43)   Evacuate Collection Set: 41.3ms
[2025-06-05T16:30:29.271+0000][14.647s][info ][gc,phases   ] GC(43)   Post Evacuate Collection Set: 1.1ms
[2025-06-05T16:30:29.272+0000][14.647s][info ][gc,phases   ] GC(43)   Other: 0.1ms
[2025-06-05T16:30:29.272+0000][14.647s][info ][gc,heap     ] GC(43) Eden regions: 1->0(95)
[2025-06-05T16:30:29.272+0000][14.647s][info ][gc,heap     ] GC(43) Survivor regions: 9->1(2)
[2025-06-05T16:30:29.272+0000][14.647s][info ][gc,heap     ] GC(43) Old regions: 63->70
[2025-06-05T16:30:29.272+0000][14.647s][info ][gc,heap     ] GC(43) Archive regions: 2->2
[2025-06-05T16:30:29.272+0000][14.647s][info ][gc,heap     ] GC(43) Humongous regions: 0->0
[2025-06-05T16:30:29.272+0000][14.648s][info ][gc,metaspace] GC(43) Metaspace: 68405K(68864K)->68405K(68864K) NonClass: 59661K(59904K)->59661K(59904K) Class: 8744K(8960K)->8744K(8960K)
[2025-06-05T16:30:29.272+0000][14.648s][info ][gc          ] GC(43) Pause Young (Mixed) (G1 Evacuation Pause) 73M->71M(194M) 43.561ms
[2025-06-05T16:30:29.272+0000][14.648s][info ][gc,cpu      ] GC(43) User=0.04s Sys=0.00s Real=0.04s
[2025-06-05T16:30:29.272+0000][14.648s][info ][safepoint   ] Safepoint "G1CollectForAllocation", Time since last: 3968833 ns, Reaching safepoint: 107250 ns, Cleanup: 10667 ns, At safepoint: 43723291 ns, Total: 43841208 ns
[2025-06-05T16:30:29.448+0000][14.824s][debug][safepoint   ] Safepoint synchronization initiated using futex wait barrier. (19 threads)
[2025-06-05T16:30:29.449+0000][14.825s][info ][safepoint   ] Safepoint "ICBufferFull", Time since last: 175807417 ns, Reaching safepoint: 1007375 ns, Cleanup: 56125 ns, At safepoint: 5083 ns, Total: 1068583 ns
[2025-06-05T16:30:29.594+0000][14.969s][debug][safepoint   ] Safepoint synchronization initiated using futex wait barrier. (19 threads)
[2025-06-05T16:30:29.594+0000][14.969s][info ][gc,start    ] GC(44) Pause Young (Concurrent Start) (G1 Evacuation Pause)
[2025-06-05T16:30:29.594+0000][14.970s][info ][gc,task     ] GC(44) Using 2 workers of 2 for evacuation
[2025-06-05T16:30:29.600+0000][14.976s][info ][gc,phases   ] GC(44)   Pre Evacuate Collection Set: 0.2ms
[2025-06-05T16:30:29.600+0000][14.976s][info ][gc,phases   ] GC(44)   Merge Heap Roots: 0.1ms
[2025-06-05T16:30:29.600+0000][14.976s][info ][gc,phases   ] GC(44)   Evacuate Collection Set: 4.2ms
[2025-06-05T16:30:29.600+0000][14.976s][info ][gc,phases   ] GC(44)   Post Evacuate Collection Set: 1.4ms
[2025-06-05T16:30:29.600+0000][14.976s][info ][gc,phases   ] GC(44)   Other: 0.3ms
[2025-06-05T16:30:29.600+0000][14.976s][info ][gc,heap     ] GC(44) Eden regions: 95->0(93)
[2025-06-05T16:30:29.600+0000][14.976s][info ][gc,heap     ] GC(44) Survivor regions: 1->3(12)
[2025-06-05T16:30:29.600+0000][14.976s][info ][gc,heap     ] GC(44) Old regions: 70->70
[2025-06-05T16:30:29.601+0000][14.976s][info ][gc,heap     ] GC(44) Archive regions: 2->2
[2025-06-05T16:30:29.601+0000][14.976s][info ][gc,heap     ] GC(44) Humongous regions: 0->0
[2025-06-05T16:30:29.601+0000][14.976s][info ][gc,metaspace] GC(44) Metaspace: 70577K(71040K)->70577K(71040K) NonClass: 61570K(61824K)->61570K(61824K) Class: 9006K(9216K)->9006K(9216K)
[2025-06-05T16:30:29.601+0000][14.976s][info ][gc          ] GC(44) Pause Young (Concurrent Start) (G1 Evacuation Pause) 166M->73M(194M) 6.851ms
[2025-06-05T16:30:29.601+0000][14.976s][info ][gc,cpu      ] GC(44) User=0.01s Sys=0.00s Real=0.01s
[2025-06-05T16:30:29.601+0000][14.976s][info ][safepoint   ] Safepoint "G1CollectForAllocation", Time since last: 144584125 ns, Reaching safepoint: 158833 ns, Cleanup: 49917 ns, At safepoint: 7016500 ns, Total: 7225250 ns
[2025-06-05T16:30:29.601+0000][14.976s][info ][gc          ] GC(45) Concurrent Mark Cycle
[2025-06-05T16:30:29.604+0000][14.980s][info ][gc,marking  ] GC(45) Concurrent Clear Claimed Marks
[2025-06-05T16:30:29.604+0000][14.980s][info ][gc,marking  ] GC(45) Concurrent Clear Claimed Marks 0.178ms
[2025-06-05T16:30:29.604+0000][14.980s][info ][gc,marking  ] GC(45) Concurrent Scan Root Regions
[2025-06-05T16:30:29.606+0000][14.982s][info ][gc,marking  ] GC(45) Concurrent Scan Root Regions 2.219ms
[2025-06-05T16:30:29.607+0000][14.982s][info ][gc,marking  ] GC(45) Concurrent Mark
[2025-06-05T16:30:29.610+0000][14.986s][info ][gc,marking  ] GC(45) Concurrent Mark From Roots
[2025-06-05T16:30:29.610+0000][14.986s][info ][gc,task     ] GC(45) Using 1 workers of 1 for marking
[2025-06-05T16:30:29.728+0000][15.104s][info ][gc,marking  ] GC(45) Concurrent Mark From Roots 118.017ms
[2025-06-05T16:30:29.728+0000][15.104s][info ][gc,marking  ] GC(45) Concurrent Preclean
[2025-06-05T16:30:29.729+0000][15.104s][info ][gc,marking  ] GC(45) Concurrent Preclean 0.336ms
[2025-06-05T16:30:29.729+0000][15.104s][debug][safepoint   ] Safepoint synchronization initiated using futex wait barrier. (19 threads)
[2025-06-05T16:30:29.729+0000][15.105s][info ][gc,start    ] GC(45) Pause Remark
[2025-06-05T16:30:29.736+0000][15.111s][info ][gc          ] GC(45) Pause Remark 94M->94M(194M) 6.806ms
[2025-06-05T16:30:29.736+0000][15.112s][info ][gc,cpu      ] GC(45) User=0.02s Sys=0.00s Real=0.00s
[2025-06-05T16:30:29.736+0000][15.112s][info ][safepoint   ] Safepoint "G1PauseRemark", Time since last: 127873708 ns, Reaching safepoint: 276125 ns, Cleanup: 64333 ns, At safepoint: 7058667 ns, Total: 7399125 ns
[2025-06-05T16:30:29.738+0000][15.114s][info ][gc,marking  ] GC(45) Concurrent Mark 131.665ms
[2025-06-05T16:30:29.738+0000][15.114s][info ][gc,marking  ] GC(45) Concurrent Rebuild Remembered Sets
[2025-06-05T16:30:29.924+0000][15.299s][info ][gc,marking  ] GC(45) Concurrent Rebuild Remembered Sets 185.299ms
[2025-06-05T16:30:29.927+0000][15.303s][debug][safepoint   ] Safepoint synchronization initiated using futex wait barrier. (19 threads)
[2025-06-05T16:30:29.929+0000][15.305s][info ][gc,start    ] GC(45) Pause Cleanup
[2025-06-05T16:30:29.930+0000][15.306s][info ][gc          ] GC(45) Pause Cleanup 98M->98M(194M) 0.998ms
[2025-06-05T16:30:29.930+0000][15.306s][info ][gc,cpu      ] GC(45) User=0.01s Sys=0.00s Real=0.00s
[2025-06-05T16:30:29.930+0000][15.306s][info ][safepoint   ] Safepoint "G1PauseCleanup", Time since last: 190873250 ns, Reaching safepoint: 1946500 ns, Cleanup: 58417 ns, At safepoint: 1443458 ns, Total: 3448375 ns
[2025-06-05T16:30:29.931+0000][15.307s][info ][gc,marking  ] GC(45) Concurrent Cleanup for Next Mark
[2025-06-05T16:30:29.946+0000][15.321s][info ][gc,marking  ] GC(45) Concurrent Cleanup for Next Mark 14.447ms
[2025-06-05T16:30:29.965+0000][15.341s][info ][gc          ] GC(45) Concurrent Mark Cycle 364.113ms
[2025-06-05T16:30:30.006+0000][15.382s][debug][safepoint   ] Safepoint synchronization initiated using futex wait barrier. (19 threads)
[2025-06-05T16:30:30.006+0000][15.382s][info ][safepoint   ] Safepoint "ICBufferFull", Time since last: 75773833 ns, Reaching safepoint: 153250 ns, Cleanup: 60459 ns, At safepoint: 5791 ns, Total: 219500 ns
[2025-06-05T16:30:30.200+0000][15.575s][debug][safepoint   ] Safepoint synchronization initiated using futex wait barrier. (19 threads)
[2025-06-05T16:30:30.200+0000][15.575s][info ][gc,start    ] GC(46) Pause Young (Prepare Mixed) (G1 Evacuation Pause)
[2025-06-05T16:30:30.200+0000][15.575s][info ][gc,task     ] GC(46) Using 2 workers of 2 for evacuation
[2025-06-05T16:30:30.205+0000][15.581s][info ][gc,phases   ] GC(46)   Pre Evacuate Collection Set: 0.1ms
[2025-06-05T16:30:30.205+0000][15.581s][info ][gc,phases   ] GC(46)   Merge Heap Roots: 0.1ms
[2025-06-05T16:30:30.205+0000][15.581s][info ][gc,phases   ] GC(46)   Evacuate Collection Set: 4.1ms
[2025-06-05T16:30:30.205+0000][15.581s][info ][gc,phases   ] GC(46)   Post Evacuate Collection Set: 0.9ms
[2025-06-05T16:30:30.205+0000][15.581s][info ][gc,phases   ] GC(46)   Other: 0.2ms
[2025-06-05T16:30:30.205+0000][15.581s][info ][gc,heap     ] GC(46) Eden regions: 93->0(5)
[2025-06-05T16:30:30.205+0000][15.581s][info ][gc,heap     ] GC(46) Survivor regions: 3->4(12)
[2025-06-05T16:30:30.206+0000][15.581s][info ][gc,heap     ] GC(46) Old regions: 70->70
[2025-06-05T16:30:30.206+0000][15.581s][info ][gc,heap     ] GC(46) Archive regions: 2->2
[2025-06-05T16:30:30.206+0000][15.581s][info ][gc,heap     ] GC(46) Humongous regions: 0->0
[2025-06-05T16:30:30.206+0000][15.581s][info ][gc,metaspace] GC(46) Metaspace: 73786K(74304K)->73786K(74304K) NonClass: 64358K(64640K)->64358K(64640K) Class: 9427K(9664K)->9427K(9664K)
[2025-06-05T16:30:30.206+0000][15.581s][info ][gc          ] GC(46) Pause Young (Prepare Mixed) (G1 Evacuation Pause) 166M->74M(194M) 5.882ms
[2025-06-05T16:30:30.206+0000][15.581s][info ][gc,cpu      ] GC(46) User=0.01s Sys=0.00s Real=0.00s
[2025-06-05T16:30:30.206+0000][15.581s][info ][safepoint   ] Safepoint "G1CollectForAllocation", Time since last: 193236459 ns, Reaching safepoint: 127250 ns, Cleanup: 31500 ns, At safepoint: 5988916 ns, Total: 6147666 ns
[2025-06-05T16:30:30.221+0000][15.597s][debug][safepoint   ] Safepoint synchronization initiated using futex wait barrier. (19 threads)
[2025-06-05T16:30:30.221+0000][15.597s][info ][gc,start    ] GC(47) Pause Young (Mixed) (G1 Evacuation Pause)
[2025-06-05T16:30:30.222+0000][15.597s][info ][gc,task     ] GC(47) Using 2 workers of 2 for evacuation
[2025-06-05T16:30:30.233+0000][15.608s][info ][gc,phases   ] GC(47)   Pre Evacuate Collection Set: 0.1ms
[2025-06-05T16:30:30.233+0000][15.608s][info ][gc,phases   ] GC(47)   Merge Heap Roots: 0.1ms
[2025-06-05T16:30:30.233+0000][15.608s][info ][gc,phases   ] GC(47)   Evacuate Collection Set: 9.7ms
[2025-06-05T16:30:30.233+0000][15.608s][info ][gc,phases   ] GC(47)   Post Evacuate Collection Set: 1.0ms
[2025-06-05T16:30:30.233+0000][15.609s][info ][gc,phases   ] GC(47)   Other: 0.2ms
[2025-06-05T16:30:30.233+0000][15.609s][info ][gc,heap     ] GC(47) Eden regions: 5->0(92)
[2025-06-05T16:30:30.233+0000][15.609s][info ][gc,heap     ] GC(47) Survivor regions: 4->1(2)
[2025-06-05T16:30:30.233+0000][15.609s][info ][gc,heap     ] GC(47) Old regions: 70->73
[2025-06-05T16:30:30.233+0000][15.609s][info ][gc,heap     ] GC(47) Archive regions: 2->2
[2025-06-05T16:30:30.233+0000][15.609s][info ][gc,heap     ] GC(47) Humongous regions: 0->0
[2025-06-05T16:30:30.233+0000][15.609s][info ][gc,metaspace] GC(47) Metaspace: 74203K(74688K)->74203K(74688K) NonClass: 64612K(64896K)->64612K(64896K) Class: 9590K(9792K)->9590K(9792K)
[2025-06-05T16:30:30.233+0000][15.609s][info ][gc          ] GC(47) Pause Young (Mixed) (G1 Evacuation Pause) 79M->73M(194M) 11.856ms
[2025-06-05T16:30:30.233+0000][15.609s][info ][gc,cpu      ] GC(47) User=0.02s Sys=0.00s Real=0.01s
[2025-06-05T16:30:30.233+0000][15.609s][info ][safepoint   ] Safepoint "G1CollectForAllocation", Time since last: 15513959 ns, Reaching safepoint: 141250 ns, Cleanup: 4666 ns, At safepoint: 11972584 ns, Total: 12118500 ns
[2025-06-05T16:30:30.433+0000][15.809s][debug][safepoint   ] Safepoint synchronization initiated using futex wait barrier. (19 threads)
[2025-06-05T16:30:30.434+0000][15.809s][info ][gc,start    ] GC(48) Pause Young (Normal) (G1 Evacuation Pause)
[2025-06-05T16:30:30.434+0000][15.810s][info ][gc,task     ] GC(48) Using 2 workers of 2 for evacuation
[2025-06-05T16:30:30.439+0000][15.814s][info ][gc,phases   ] GC(48)   Pre Evacuate Collection Set: 0.1ms
[2025-06-05T16:30:30.439+0000][15.814s][info ][gc,phases   ] GC(48)   Merge Heap Roots: 0.1ms
[2025-06-05T16:30:30.439+0000][15.814s][info ][gc,phases   ] GC(48)   Evacuate Collection Set: 3.3ms
[2025-06-05T16:30:30.439+0000][15.814s][info ][gc,phases   ] GC(48)   Post Evacuate Collection Set: 1.0ms
[2025-06-05T16:30:30.439+0000][15.814s][info ][gc,phases   ] GC(48)   Other: 0.2ms
[2025-06-05T16:30:30.439+0000][15.814s][info ][gc,heap     ] GC(48) Eden regions: 92->0(93)
[2025-06-05T16:30:30.439+0000][15.815s][info ][gc,heap     ] GC(48) Survivor regions: 1->1(12)
[2025-06-05T16:30:30.439+0000][15.815s][info ][gc,heap     ] GC(48) Old regions: 73->73
[2025-06-05T16:30:30.439+0000][15.815s][info ][gc,heap     ] GC(48) Archive regions: 2->2
[2025-06-05T16:30:30.439+0000][15.815s][info ][gc,heap     ] GC(48) Humongous regions: 0->0
[2025-06-05T16:30:30.439+0000][15.815s][info ][gc,metaspace] GC(48) Metaspace: 76673K(77184K)->76673K(77184K) NonClass: 66695K(66944K)->66695K(66944K) Class: 9977K(10240K)->9977K(10240K)
[2025-06-05T16:30:30.439+0000][15.815s][info ][gc          ] GC(48) Pause Young (Normal) (G1 Evacuation Pause) 165M->73M(194M) 5.389ms
[2025-06-05T16:30:30.439+0000][15.815s][info ][gc,cpu      ] GC(48) User=0.01s Sys=0.00s Real=0.01s
[2025-06-05T16:30:30.439+0000][15.815s][info ][safepoint   ] Safepoint "G1CollectForAllocation", Time since last: 200018250 ns, Reaching safepoint: 299750 ns, Cleanup: 77667 ns, At safepoint: 5558916 ns, Total: 5936333 ns
[2025-06-05T16:30:30.489+0000][15.864s][debug][safepoint   ] Safepoint synchronization initiated using futex wait barrier. (19 threads)
[2025-06-05T16:30:30.490+0000][15.865s][info ][safepoint   ] Safepoint "ICBufferFull", Time since last: 49397834 ns, Reaching safepoint: 746125 ns, Cleanup: 83916 ns, At safepoint: 2625 ns, Total: 832666 ns
[2025-06-05T16:30:30.490+0000][15.865s][debug][safepoint   ] Safepoint synchronization initiated using futex wait barrier. (19 threads)
[2025-06-05T16:30:30.491+0000][15.867s][info ][safepoint   ] Safepoint "ICBufferFull", Time since last: 144250 ns, Reaching safepoint: 1634250 ns, Cleanup: 4084 ns, At safepoint: 4291 ns, Total: 1642625 ns
[2025-06-05T16:30:30.601+0000][15.977s][debug][safepoint   ] Safepoint synchronization initiated using futex wait barrier. (19 threads)
[2025-06-05T16:30:30.601+0000][15.977s][info ][safepoint   ] Safepoint "ICBufferFull", Time since last: 109887584 ns, Reaching safepoint: 111083 ns, Cleanup: 49333 ns, At safepoint: 1209 ns, Total: 161625 ns
[2025-06-05T16:30:30.650+0000][16.026s][debug][safepoint   ] Safepoint synchronization initiated using futex wait barrier. (19 threads)
[2025-06-05T16:30:30.650+0000][16.026s][info ][safepoint   ] Safepoint "ICBufferFull", Time since last: 48812750 ns, Reaching safepoint: 120916 ns, Cleanup: 48334 ns, At safepoint: 7333 ns, Total: 176583 ns
[2025-06-05T16:30:30.668+0000][16.044s][debug][safepoint   ] Safepoint synchronization initiated using futex wait barrier. (19 threads)
[2025-06-05T16:30:30.669+0000][16.045s][info ][safepoint   ] Safepoint "ICBufferFull", Time since last: 18059958 ns, Reaching safepoint: 587834 ns, Cleanup: 54916 ns, At safepoint: 7792 ns, Total: 650542 ns
[2025-06-05T16:30:30.670+0000][16.046s][debug][safepoint   ] Safepoint synchronization initiated using futex wait barrier. (19 threads)
[2025-06-05T16:30:30.670+0000][16.046s][info ][gc,start    ] GC(49) Pause Young (Normal) (G1 Evacuation Pause)
[2025-06-05T16:30:30.670+0000][16.046s][info ][gc,task     ] GC(49) Using 2 workers of 2 for evacuation
[2025-06-05T16:30:30.673+0000][16.049s][info ][gc,phases   ] GC(49)   Pre Evacuate Collection Set: 0.1ms
[2025-06-05T16:30:30.673+0000][16.049s][info ][gc,phases   ] GC(49)   Merge Heap Roots: 0.1ms
[2025-06-05T16:30:30.673+0000][16.049s][info ][gc,phases   ] GC(49)   Evacuate Collection Set: 1.7ms
[2025-06-05T16:30:30.673+0000][16.049s][info ][gc,phases   ] GC(49)   Post Evacuate Collection Set: 0.7ms
[2025-06-05T16:30:30.673+0000][16.049s][info ][gc,phases   ] GC(49)   Other: 0.2ms
[2025-06-05T16:30:30.673+0000][16.049s][info ][gc,heap     ] GC(49) Eden regions: 93->0(92)
[2025-06-05T16:30:30.673+0000][16.049s][info ][gc,heap     ] GC(49) Survivor regions: 1->2(12)
[2025-06-05T16:30:30.673+0000][16.049s][info ][gc,heap     ] GC(49) Old regions: 73->73
[2025-06-05T16:30:30.673+0000][16.049s][info ][gc,heap     ] GC(49) Archive regions: 2->2
[2025-06-05T16:30:30.673+0000][16.049s][info ][gc,heap     ] GC(49) Humongous regions: 0->0
[2025-06-05T16:30:30.673+0000][16.049s][info ][gc,metaspace] GC(49) Metaspace: 78622K(79168K)->78622K(79168K) NonClass: 68331K(68608K)->68331K(68608K) Class: 10290K(10560K)->10290K(10560K)
[2025-06-05T16:30:30.673+0000][16.049s][info ][gc          ] GC(49) Pause Young (Normal) (G1 Evacuation Pause) 166M->74M(194M) 3.246ms
[2025-06-05T16:30:30.674+0000][16.049s][info ][gc,cpu      ] GC(49) User=0.01s Sys=0.00s Real=0.00s
[2025-06-05T16:30:30.674+0000][16.049s][info ][safepoint   ] Safepoint "G1CollectForAllocation", Time since last: 1018792 ns, Reaching safepoint: 68125 ns, Cleanup: 5125 ns, At safepoint: 3358666 ns, Total: 3431916 ns
[2025-06-05T16:30:30.689+0000][16.064s][debug][safepoint   ] Safepoint synchronization initiated using futex wait barrier. (19 threads)
[2025-06-05T16:30:30.689+0000][16.064s][info ][safepoint   ] Safepoint "ICBufferFull", Time since last: 15099000 ns, Reaching safepoint: 118209 ns, Cleanup: 51458 ns, At safepoint: 5333 ns, Total: 175000 ns
[2025-06-05T16:30:30.700+0000][16.075s][debug][safepoint   ] Safepoint synchronization initiated using futex wait barrier. (19 threads)
[2025-06-05T16:30:30.701+0000][16.077s][info ][safepoint   ] Safepoint "ICBufferFull", Time since last: 10863334 ns, Reaching safepoint: 1214791 ns, Cleanup: 56084 ns, At safepoint: 8875 ns, Total: 1279750 ns
[2025-06-05T16:30:30.722+0000][16.097s][debug][safepoint   ] Safepoint synchronization initiated using futex wait barrier. (19 threads)
[2025-06-05T16:30:30.722+0000][16.098s][info ][safepoint   ] Safepoint "ICBufferFull", Time since last: 20684541 ns, Reaching safepoint: 238917 ns, Cleanup: 58917 ns, At safepoint: 7166 ns, Total: 305000 ns
[2025-06-05T16:30:30.738+0000][16.113s][debug][safepoint   ] Safepoint synchronization initiated using futex wait barrier. (19 threads)
[2025-06-05T16:30:30.738+0000][16.113s][info ][safepoint   ] Safepoint "ICBufferFull", Time since last: 15594000 ns, Reaching safepoint: 124792 ns, Cleanup: 65875 ns, At safepoint: 7125 ns, Total: 197792 ns
[2025-06-05T16:30:30.773+0000][16.148s][debug][safepoint   ] Safepoint synchronization initiated using futex wait barrier. (19 threads)
[2025-06-05T16:30:30.773+0000][16.149s][info ][safepoint   ] Safepoint "ICBufferFull", Time since last: 34952750 ns, Reaching safepoint: 149042 ns, Cleanup: 51041 ns, At safepoint: 4834 ns, Total: 204917 ns
[2025-06-05T16:30:30.794+0000][16.169s][debug][safepoint   ] Safepoint synchronization initiated using futex wait barrier. (19 threads)
[2025-06-05T16:30:30.795+0000][16.171s][info ][safepoint   ] Safepoint "ICBufferFull", Time since last: 20835458 ns, Reaching safepoint: 1589917 ns, Cleanup: 65250 ns, At safepoint: 10125 ns, Total: 1665292 ns
[2025-06-05T16:30:30.829+0000][16.205s][debug][safepoint   ] Safepoint synchronization initiated using futex wait barrier. (19 threads)
[2025-06-05T16:30:30.830+0000][16.206s][info ][safepoint   ] Safepoint "ICBufferFull", Time since last: 33663583 ns, Reaching safepoint: 1052542 ns, Cleanup: 86875 ns, At safepoint: 8416 ns, Total: 1147833 ns
[2025-06-05T16:30:30.831+0000][16.206s][debug][safepoint   ] Safepoint synchronization initiated using futex wait barrier. (19 threads)
[2025-06-05T16:30:30.831+0000][16.207s][info ][safepoint   ] Safepoint "ICBufferFull", Time since last: 276459 ns, Reaching safepoint: 496666 ns, Cleanup: 2167 ns, At safepoint: 5125 ns, Total: 503958 ns
[2025-06-05T16:30:30.887+0000][16.263s][debug][safepoint   ] Safepoint synchronization initiated using futex wait barrier. (19 threads)
[2025-06-05T16:30:30.887+0000][16.263s][info ][safepoint   ] Safepoint "ICBufferFull", Time since last: 56089000 ns, Reaching safepoint: 139292 ns, Cleanup: 54750 ns, At safepoint: 1291 ns, Total: 195333 ns
[2025-06-05T16:30:30.966+0000][16.341s][debug][safepoint   ] Safepoint synchronization initiated using futex wait barrier. (19 threads)
[2025-06-05T16:30:30.966+0000][16.341s][info ][gc,start    ] GC(50) Pause Young (Normal) (G1 Evacuation Pause)
[2025-06-05T16:30:30.966+0000][16.342s][info ][gc,task     ] GC(50) Using 2 workers of 2 for evacuation
[2025-06-05T16:30:30.970+0000][16.345s][info ][gc,phases   ] GC(50)   Pre Evacuate Collection Set: 0.1ms
[2025-06-05T16:30:30.970+0000][16.345s][info ][gc,phases   ] GC(50)   Merge Heap Roots: 0.1ms
[2025-06-05T16:30:30.970+0000][16.346s][info ][gc,phases   ] GC(50)   Evacuate Collection Set: 2.8ms
[2025-06-05T16:30:30.970+0000][16.346s][info ][gc,phases   ] GC(50)   Post Evacuate Collection Set: 0.7ms
[2025-06-05T16:30:30.970+0000][16.346s][info ][gc,phases   ] GC(50)   Other: 0.2ms
[2025-06-05T16:30:30.970+0000][16.346s][info ][gc,heap     ] GC(50) Eden regions: 92->0(91)
[2025-06-05T16:30:30.970+0000][16.346s][info ][gc,heap     ] GC(50) Survivor regions: 2->3(12)
[2025-06-05T16:30:30.970+0000][16.346s][info ][gc,heap     ] GC(50) Old regions: 73->73
[2025-06-05T16:30:30.970+0000][16.346s][info ][gc,heap     ] GC(50) Archive regions: 2->2
[2025-06-05T16:30:30.970+0000][16.346s][info ][gc,heap     ] GC(50) Humongous regions: 0->0
[2025-06-05T16:30:30.970+0000][16.346s][info ][gc,metaspace] GC(50) Metaspace: 79971K(80448K)->79971K(80448K) NonClass: 69570K(69824K)->69570K(69824K) Class: 10400K(10624K)->10400K(10624K)
[2025-06-05T16:30:30.970+0000][16.346s][info ][gc          ] GC(50) Pause Young (Normal) (G1 Evacuation Pause) 166M->75M(194M) 4.555ms
[2025-06-05T16:30:30.970+0000][16.346s][info ][gc,cpu      ] GC(50) User=0.01s Sys=0.00s Real=0.01s
[2025-06-05T16:30:30.971+0000][16.346s][info ][safepoint   ] Safepoint "G1CollectForAllocation", Time since last: 78344292 ns, Reaching safepoint: 138000 ns, Cleanup: 71584 ns, At safepoint: 4687958 ns, Total: 4897542 ns
[2025-06-05T16:30:31.116+0000][16.492s][debug][safepoint   ] Safepoint synchronization initiated using futex wait barrier. (19 threads)
[2025-06-05T16:30:31.117+0000][16.492s][info ][safepoint   ] Safepoint "ICBufferFull", Time since last: 145806083 ns, Reaching safepoint: 131709 ns, Cleanup: 48625 ns, At safepoint: 4666 ns, Total: 185000 ns
[2025-06-05T16:30:31.262+0000][16.637s][debug][safepoint   ] Safepoint synchronization initiated using futex wait barrier. (19 threads)
[2025-06-05T16:30:31.262+0000][16.638s][info ][gc,start    ] GC(51) Pause Young (Normal) (G1 Evacuation Pause)
[2025-06-05T16:30:31.263+0000][16.639s][info ][gc,task     ] GC(51) Using 2 workers of 2 for evacuation
[2025-06-05T16:30:31.284+0000][16.660s][info ][gc,phases   ] GC(51)   Pre Evacuate Collection Set: 1.6ms
[2025-06-05T16:30:31.285+0000][16.660s][info ][gc,phases   ] GC(51)   Merge Heap Roots: 2.5ms
[2025-06-05T16:30:31.285+0000][16.661s][info ][gc,phases   ] GC(51)   Evacuate Collection Set: 9.9ms
[2025-06-05T16:30:31.285+0000][16.661s][info ][gc,phases   ] GC(51)   Post Evacuate Collection Set: 6.2ms
[2025-06-05T16:30:31.285+0000][16.661s][info ][gc,phases   ] GC(51)   Other: 2.1ms
[2025-06-05T16:30:31.286+0000][16.661s][info ][gc,heap     ] GC(51) Eden regions: 91->0(88)
[2025-06-05T16:30:31.286+0000][16.662s][info ][gc,heap     ] GC(51) Survivor regions: 3->5(12)
[2025-06-05T16:30:31.286+0000][16.662s][info ][gc,heap     ] GC(51) Old regions: 73->73
[2025-06-05T16:30:31.288+0000][16.664s][info ][gc,heap     ] GC(51) Archive regions: 2->2
[2025-06-05T16:30:31.288+0000][16.664s][info ][gc,heap     ] GC(51) Humongous regions: 0->0
[2025-06-05T16:30:31.288+0000][16.664s][info ][gc,metaspace] GC(51) Metaspace: 82736K(83264K)->82736K(83264K) NonClass: 71908K(72192K)->71908K(72192K) Class: 10828K(11072K)->10828K(11072K)
[2025-06-05T16:30:31.288+0000][16.664s][info ][gc          ] GC(51) Pause Young (Normal) (G1 Evacuation Pause) 166M->77M(194M) 26.147ms
[2025-06-05T16:30:31.288+0000][16.664s][info ][gc,cpu      ] GC(51) User=0.03s Sys=0.00s Real=0.03s
[2025-06-05T16:30:31.289+0000][16.664s][info ][safepoint   ] Safepoint "G1CollectForAllocation", Time since last: 145171667 ns, Reaching safepoint: 400875 ns, Cleanup: 58667 ns, At safepoint: 26429458 ns, Total: 26889000 ns
[2025-06-05T16:30:31.409+0000][16.785s][debug][safepoint   ] Safepoint synchronization initiated using futex wait barrier. (19 threads)
[2025-06-05T16:30:31.409+0000][16.785s][info ][safepoint   ] Safepoint "ICBufferFull", Time since last: 120607833 ns, Reaching safepoint: 127375 ns, Cleanup: 70375 ns, At safepoint: 1750 ns, Total: 199500 ns
[2025-06-05T16:30:31.489+0000][16.865s][debug][safepoint   ] Safepoint synchronization initiated using futex wait barrier. (19 threads)
[2025-06-05T16:30:31.490+0000][16.865s][info ][gc,start    ] GC(52) Pause Young (Normal) (G1 Evacuation Pause)
[2025-06-05T16:30:31.490+0000][16.865s][info ][gc,task     ] GC(52) Using 2 workers of 2 for evacuation
[2025-06-05T16:30:31.496+0000][16.871s][info ][gc,phases   ] GC(52)   Pre Evacuate Collection Set: 0.1ms
[2025-06-05T16:30:31.496+0000][16.872s][info ][gc,phases   ] GC(52)   Merge Heap Roots: 0.1ms
[2025-06-05T16:30:31.496+0000][16.872s][info ][gc,phases   ] GC(52)   Evacuate Collection Set: 5.2ms
[2025-06-05T16:30:31.496+0000][16.872s][info ][gc,phases   ] GC(52)   Post Evacuate Collection Set: 0.8ms
[2025-06-05T16:30:31.496+0000][16.872s][info ][gc,phases   ] GC(52)   Other: 0.2ms
[2025-06-05T16:30:31.496+0000][16.872s][info ][gc,heap     ] GC(52) Eden regions: 88->0(87)
[2025-06-05T16:30:31.496+0000][16.872s][info ][gc,heap     ] GC(52) Survivor regions: 5->6(12)
[2025-06-05T16:30:31.496+0000][16.872s][info ][gc,heap     ] GC(52) Old regions: 73->73
[2025-06-05T16:30:31.496+0000][16.872s][info ][gc,heap     ] GC(52) Archive regions: 2->2
[2025-06-05T16:30:31.496+0000][16.872s][info ][gc,heap     ] GC(52) Humongous regions: 0->0
[2025-06-05T16:30:31.496+0000][16.872s][info ][gc,metaspace] GC(52) Metaspace: 83908K(84480K)->83908K(84480K) NonClass: 72979K(73280K)->72979K(73280K) Class: 10928K(11200K)->10928K(11200K)
[2025-06-05T16:30:31.496+0000][16.872s][info ][gc          ] GC(52) Pause Young (Normal) (G1 Evacuation Pause) 165M->78M(194M) 6.929ms
[2025-06-05T16:30:31.496+0000][16.872s][info ][gc,cpu      ] GC(52) User=0.02s Sys=0.00s Real=0.00s
[2025-06-05T16:30:31.497+0000][16.872s][info ][safepoint   ] Safepoint "G1CollectForAllocation", Time since last: 79874959 ns, Reaching safepoint: 130208 ns, Cleanup: 80292 ns, At safepoint: 7059166 ns, Total: 7269666 ns
[2025-06-05T16:30:31.608+0000][16.984s][debug][safepoint   ] Safepoint synchronization initiated using futex wait barrier. (19 threads)
[2025-06-05T16:30:31.608+0000][16.984s][info ][safepoint   ] Safepoint "ICBufferFull", Time since last: 111706084 ns, Reaching safepoint: 136958 ns, Cleanup: 76792 ns, At safepoint: 1291 ns, Total: 215041 ns
[2025-06-05T16:30:31.763+0000][17.139s][debug][safepoint   ] Safepoint synchronization initiated using futex wait barrier. (19 threads)
[2025-06-05T16:30:31.764+0000][17.140s][info ][safepoint   ] Safepoint "ICBufferFull", Time since last: 154546501 ns, Reaching safepoint: 1220416 ns, Cleanup: 76459 ns, At safepoint: 5208 ns, Total: 1302083 ns
[2025-06-05T16:30:31.821+0000][17.196s][debug][safepoint   ] Safepoint synchronization initiated using futex wait barrier. (19 threads)
[2025-06-05T16:30:31.821+0000][17.197s][info ][gc,start    ] GC(53) Pause Young (Normal) (G1 Evacuation Pause)
[2025-06-05T16:30:31.821+0000][17.197s][info ][gc,task     ] GC(53) Using 2 workers of 2 for evacuation
[2025-06-05T16:30:31.830+0000][17.205s][info ][gc,phases   ] GC(53)   Pre Evacuate Collection Set: 0.1ms
[2025-06-05T16:30:31.830+0000][17.205s][info ][gc,phases   ] GC(53)   Merge Heap Roots: 0.1ms
[2025-06-05T16:30:31.830+0000][17.206s][info ][gc,phases   ] GC(53)   Evacuate Collection Set: 7.5ms
[2025-06-05T16:30:31.830+0000][17.206s][info ][gc,phases   ] GC(53)   Post Evacuate Collection Set: 1.1ms
[2025-06-05T16:30:31.830+0000][17.206s][info ][gc,phases   ] GC(53)   Other: 0.2ms
[2025-06-05T16:30:31.830+0000][17.206s][info ][gc,heap     ] GC(53) Eden regions: 87->0(81)
[2025-06-05T16:30:31.830+0000][17.206s][info ][gc,heap     ] GC(53) Survivor regions: 6->9(12)
[2025-06-05T16:30:31.830+0000][17.206s][info ][gc,heap     ] GC(53) Old regions: 73->73
[2025-06-05T16:30:31.830+0000][17.206s][info ][gc,heap     ] GC(53) Archive regions: 2->2
[2025-06-05T16:30:31.830+0000][17.206s][info ][gc,heap     ] GC(53) Humongous regions: 0->0
[2025-06-05T16:30:31.830+0000][17.206s][info ][gc,metaspace] GC(53) Metaspace: 85573K(86080K)->85573K(86080K) NonClass: 74546K(74816K)->74546K(74816K) Class: 11027K(11264K)->11027K(11264K)
[2025-06-05T16:30:31.830+0000][17.206s][info ][gc          ] GC(53) Pause Young (Normal) (G1 Evacuation Pause) 165M->81M(194M) 9.529ms
[2025-06-05T16:30:31.830+0000][17.206s][info ][gc,cpu      ] GC(53) User=0.02s Sys=0.00s Real=0.01s
[2025-06-05T16:30:31.831+0000][17.206s][info ][safepoint   ] Safepoint "G1CollectForAllocation", Time since last: 56375875 ns, Reaching safepoint: 138792 ns, Cleanup: 23833 ns, At safepoint: 9658083 ns, Total: 9820708 ns
[2025-06-05T16:30:32.245+0000][17.621s][debug][safepoint   ] Safepoint synchronization initiated using futex wait barrier. (19 threads)
[2025-06-05T16:30:32.246+0000][17.621s][info ][safepoint   ] Safepoint "ICBufferFull", Time since last: 414678000 ns, Reaching safepoint: 244250 ns, Cleanup: 93792 ns, At safepoint: 1958 ns, Total: 340000 ns
[2025-06-05T16:30:32.277+0000][17.652s][debug][safepoint   ] Safepoint synchronization initiated using futex wait barrier. (19 threads)
[2025-06-05T16:30:32.277+0000][17.653s][info ][gc,start    ] GC(54) Pause Young (Normal) (G1 Evacuation Pause)
[2025-06-05T16:30:32.277+0000][17.653s][info ][gc,task     ] GC(54) Using 2 workers of 2 for evacuation
[2025-06-05T16:30:32.288+0000][17.663s][info ][gc,phases   ] GC(54)   Pre Evacuate Collection Set: 0.1ms
[2025-06-05T16:30:32.288+0000][17.663s][info ][gc,phases   ] GC(54)   Merge Heap Roots: 0.1ms
[2025-06-05T16:30:32.288+0000][17.663s][info ][gc,phases   ] GC(54)   Evacuate Collection Set: 9.2ms
[2025-06-05T16:30:32.288+0000][17.663s][info ][gc,phases   ] GC(54)   Post Evacuate Collection Set: 1.1ms
[2025-06-05T16:30:32.288+0000][17.664s][info ][gc,phases   ] GC(54)   Other: 0.2ms
[2025-06-05T16:30:32.288+0000][17.664s][info ][gc,heap     ] GC(54) Eden regions: 81->0(79)
[2025-06-05T16:30:32.288+0000][17.664s][info ][gc,heap     ] GC(54) Survivor regions: 9->9(12)
[2025-06-05T16:30:32.288+0000][17.664s][info ][gc,heap     ] GC(54) Old regions: 73->75
[2025-06-05T16:30:32.288+0000][17.664s][info ][gc,heap     ] GC(54) Archive regions: 2->2
[2025-06-05T16:30:32.288+0000][17.664s][info ][gc,heap     ] GC(54) Humongous regions: 0->0
[2025-06-05T16:30:32.288+0000][17.664s][info ][gc,metaspace] GC(54) Metaspace: 87148K(87680K)->87148K(87680K) NonClass: 76013K(76288K)->76013K(76288K) Class: 11134K(11392K)->11134K(11392K)
[2025-06-05T16:30:32.288+0000][17.664s][info ][gc          ] GC(54) Pause Young (Normal) (G1 Evacuation Pause) 162M->83M(194M) 11.342ms
[2025-06-05T16:30:32.288+0000][17.664s][info ][gc,cpu      ] GC(54) User=0.02s Sys=0.00s Real=0.02s
[2025-06-05T16:30:32.288+0000][17.664s][info ][safepoint   ] Safepoint "G1CollectForAllocation", Time since last: 31294875 ns, Reaching safepoint: 164417 ns, Cleanup: 12708 ns, At safepoint: 11455709 ns, Total: 11632834 ns
[2025-06-05T16:30:32.402+0000][17.778s][debug][safepoint   ] Safepoint synchronization initiated using futex wait barrier. (23 threads)
[2025-06-05T16:30:32.407+0000][17.783s][info ][safepoint   ] Safepoint "ICBufferFull", Time since last: 113474875 ns, Reaching safepoint: 5013958 ns, Cleanup: 84917 ns, At safepoint: 5750 ns, Total: 5104625 ns
[2025-06-05T16:30:32.407+0000][17.783s][debug][safepoint   ] Safepoint synchronization initiated using futex wait barrier. (23 threads)
[2025-06-05T16:30:32.408+0000][17.784s][info ][safepoint   ] Safepoint "ICBufferFull", Time since last: 259458 ns, Reaching safepoint: 824375 ns, Cleanup: 5167 ns, At safepoint: 8500 ns, Total: 838042 ns
[2025-06-05T16:30:32.565+0000][17.941s][debug][safepoint   ] Safepoint synchronization initiated using futex wait barrier. (23 threads)
[2025-06-05T16:30:32.565+0000][17.941s][info ][gc,start    ] GC(55) Pause Young (Normal) (G1 Evacuation Pause)
[2025-06-05T16:30:32.565+0000][17.941s][info ][gc,task     ] GC(55) Using 2 workers of 2 for evacuation
[2025-06-05T16:30:32.576+0000][17.951s][info ][gc,phases   ] GC(55)   Pre Evacuate Collection Set: 0.1ms
[2025-06-05T16:30:32.576+0000][17.951s][info ][gc,phases   ] GC(55)   Merge Heap Roots: 0.1ms
[2025-06-05T16:30:32.576+0000][17.951s][info ][gc,phases   ] GC(55)   Evacuate Collection Set: 8.8ms
[2025-06-05T16:30:32.576+0000][17.951s][info ][gc,phases   ] GC(55)   Post Evacuate Collection Set: 1.0ms
[2025-06-05T16:30:32.576+0000][17.951s][info ][gc,phases   ] GC(55)   Other: 0.2ms
[2025-06-05T16:30:32.576+0000][17.952s][info ][gc,heap     ] GC(55) Eden regions: 79->0(78)
[2025-06-05T16:30:32.576+0000][17.952s][info ][gc,heap     ] GC(55) Survivor regions: 9->8(11)
[2025-06-05T16:30:32.576+0000][17.952s][info ][gc,heap     ] GC(55) Old regions: 75->78
[2025-06-05T16:30:32.576+0000][17.952s][info ][gc,heap     ] GC(55) Archive regions: 2->2
[2025-06-05T16:30:32.576+0000][17.952s][info ][gc,heap     ] GC(55) Humongous regions: 0->0
[2025-06-05T16:30:32.576+0000][17.952s][info ][gc,metaspace] GC(55) Metaspace: 88487K(89024K)->88487K(89024K) NonClass: 77223K(77504K)->77223K(77504K) Class: 11263K(11520K)->11263K(11520K)
[2025-06-05T16:30:32.576+0000][17.952s][info ][gc          ] GC(55) Pause Young (Normal) (G1 Evacuation Pause) 162M->85M(194M) 10.825ms
[2025-06-05T16:30:32.576+0000][17.952s][info ][gc,cpu      ] GC(55) User=0.02s Sys=0.00s Real=0.01s
[2025-06-05T16:30:32.576+0000][17.952s][info ][safepoint   ] Safepoint "G1CollectForAllocation", Time since last: 156994792 ns, Reaching safepoint: 191666 ns, Cleanup: 59792 ns, At safepoint: 10961500 ns, Total: 11212958 ns
[2025-06-05T16:30:32.832+0000][18.208s][debug][safepoint   ] Safepoint synchronization initiated using futex wait barrier. (23 threads)
[2025-06-05T16:30:32.832+0000][18.208s][info ][gc,start    ] GC(56) Pause Young (Normal) (G1 Evacuation Pause)
[2025-06-05T16:30:32.832+0000][18.208s][info ][gc,task     ] GC(56) Using 2 workers of 2 for evacuation
[2025-06-05T16:30:32.842+0000][18.218s][info ][gc,phases   ] GC(56)   Pre Evacuate Collection Set: 0.1ms
[2025-06-05T16:30:32.842+0000][18.218s][info ][gc,phases   ] GC(56)   Merge Heap Roots: 0.1ms
[2025-06-05T16:30:32.842+0000][18.218s][info ][gc,phases   ] GC(56)   Evacuate Collection Set: 8.5ms
[2025-06-05T16:30:32.842+0000][18.218s][info ][gc,phases   ] GC(56)   Post Evacuate Collection Set: 1.0ms
[2025-06-05T16:30:32.842+0000][18.218s][info ][gc,phases   ] GC(56)   Other: 0.1ms
[2025-06-05T16:30:32.842+0000][18.218s][info ][gc,heap     ] GC(56) Eden regions: 78->0(78)
[2025-06-05T16:30:32.842+0000][18.218s][info ][gc,heap     ] GC(56) Survivor regions: 8->7(11)
[2025-06-05T16:30:32.842+0000][18.218s][info ][gc,heap     ] GC(56) Old regions: 78->80
[2025-06-05T16:30:32.843+0000][18.218s][info ][gc,heap     ] GC(56) Archive regions: 2->2
[2025-06-05T16:30:32.843+0000][18.218s][info ][gc,heap     ] GC(56) Humongous regions: 0->0
[2025-06-05T16:30:32.843+0000][18.218s][info ][gc,metaspace] GC(56) Metaspace: 90297K(90880K)->90297K(90880K) NonClass: 78835K(79168K)->78835K(79168K) Class: 11461K(11712K)->11461K(11712K)
[2025-06-05T16:30:32.843+0000][18.218s][info ][gc          ] GC(56) Pause Young (Normal) (G1 Evacuation Pause) 163M->87M(194M) 10.386ms
[2025-06-05T16:30:32.843+0000][18.218s][info ][gc,cpu      ] GC(56) User=0.02s Sys=0.00s Real=0.01s
[2025-06-05T16:30:32.843+0000][18.218s][info ][safepoint   ] Safepoint "G1CollectForAllocation", Time since last: 255667375 ns, Reaching safepoint: 138208 ns, Cleanup: 83584 ns, At safepoint: 10508583 ns, Total: 10730375 ns
[2025-06-05T16:30:32.998+0000][18.373s][debug][safepoint   ] Safepoint synchronization initiated using futex wait barrier. (23 threads)
[2025-06-05T16:30:32.998+0000][18.374s][info ][safepoint   ] Safepoint "ICBufferFull", Time since last: 154982625 ns, Reaching safepoint: 261792 ns, Cleanup: 74708 ns, At safepoint: 2375 ns, Total: 338875 ns
[2025-06-05T16:30:33.175+0000][18.551s][debug][safepoint   ] Safepoint synchronization initiated using futex wait barrier. (23 threads)
[2025-06-05T16:30:33.176+0000][18.551s][info ][gc,start    ] GC(57) Pause Young (Normal) (G1 Evacuation Pause)
[2025-06-05T16:30:33.176+0000][18.551s][info ][gc,task     ] GC(57) Using 2 workers of 2 for evacuation
[2025-06-05T16:30:33.194+0000][18.570s][info ][gc,phases   ] GC(57)   Pre Evacuate Collection Set: 0.2ms
[2025-06-05T16:30:33.195+0000][18.570s][info ][gc,phases   ] GC(57)   Merge Heap Roots: 0.2ms
[2025-06-05T16:30:33.195+0000][18.570s][info ][gc,phases   ] GC(57)   Evacuate Collection Set: 14.5ms
[2025-06-05T16:30:33.195+0000][18.570s][info ][gc,phases   ] GC(57)   Post Evacuate Collection Set: 3.7ms
[2025-06-05T16:30:33.195+0000][18.570s][info ][gc,phases   ] GC(57)   Other: 0.3ms
[2025-06-05T16:30:33.195+0000][18.570s][info ][gc,heap     ] GC(57) Eden regions: 78->0(205)
[2025-06-05T16:30:33.195+0000][18.570s][info ][gc,heap     ] GC(57) Survivor regions: 7->6(11)
[2025-06-05T16:30:33.195+0000][18.570s][info ][gc,heap     ] GC(57) Old regions: 80->83
[2025-06-05T16:30:33.195+0000][18.570s][info ][gc,heap     ] GC(57) Archive regions: 2->2
[2025-06-05T16:30:33.195+0000][18.571s][info ][gc,heap     ] GC(57) Humongous regions: 0->0
[2025-06-05T16:30:33.195+0000][18.571s][info ][gc,metaspace] GC(57) Metaspace: 93451K(94080K)->93451K(94080K) NonClass: 81454K(81792K)->81454K(81792K) Class: 11997K(12288K)->11997K(12288K)
[2025-06-05T16:30:33.195+0000][18.571s][info ][gc          ] GC(57) Pause Young (Normal) (G1 Evacuation Pause) 165M->88M(352M) 19.376ms
[2025-06-05T16:30:33.195+0000][18.571s][info ][gc,cpu      ] GC(57) User=0.04s Sys=0.00s Real=0.02s
[2025-06-05T16:30:33.195+0000][18.571s][info ][safepoint   ] Safepoint "G1CollectForAllocation", Time since last: 177353000 ns, Reaching safepoint: 141959 ns, Cleanup: 32375 ns, At safepoint: 19561958 ns, Total: 19736292 ns
[2025-06-05T16:30:33.292+0000][18.668s][debug][safepoint   ] Safepoint synchronization initiated using futex wait barrier. (23 threads)
[2025-06-05T16:30:33.292+0000][18.668s][info ][safepoint   ] Safepoint "ICBufferFull", Time since last: 96848500 ns, Reaching safepoint: 130375 ns, Cleanup: 47458 ns, At safepoint: 7250 ns, Total: 185083 ns
[2025-06-05T16:30:33.315+0000][18.690s][debug][safepoint   ] Safepoint synchronization initiated using futex wait barrier. (23 threads)
[2025-06-05T16:30:33.316+0000][18.692s][info ][safepoint   ] Safepoint "ICBufferFull", Time since last: 22644750 ns, Reaching safepoint: 1401375 ns, Cleanup: 67500 ns, At safepoint: 7000 ns, Total: 1475875 ns
[2025-06-05T16:30:33.834+0000][19.210s][debug][safepoint   ] Safepoint synchronization initiated using futex wait barrier. (22 threads)
[2025-06-05T16:30:33.834+0000][19.210s][info ][safepoint   ] Safepoint "ICBufferFull", Time since last: 517605376 ns, Reaching safepoint: 346875 ns, Cleanup: 76000 ns, At safepoint: 9000 ns, Total: 431875 ns
[2025-06-05T16:30:34.330+0000][19.705s][debug][safepoint   ] Safepoint synchronization initiated using futex wait barrier. (22 threads)
[2025-06-05T16:30:34.336+0000][19.711s][info ][safepoint   ] Safepoint "ICBufferFull", Time since last: 495235875 ns, Reaching safepoint: 3804250 ns, Cleanup: 1629166 ns, At safepoint: 577125 ns, Total: 6010541 ns
[2025-06-05T16:30:34.364+0000][19.739s][debug][safepoint   ] Safepoint synchronization initiated using futex wait barrier. (22 threads)
[2025-06-05T16:30:34.365+0000][19.741s][info ][gc,start    ] GC(58) Pause Young (Normal) (G1 Evacuation Pause)
[2025-06-05T16:30:34.366+0000][19.741s][info ][gc,task     ] GC(58) Using 2 workers of 2 for evacuation
[2025-06-05T16:30:34.401+0000][19.777s][info ][gc,phases   ] GC(58)   Pre Evacuate Collection Set: 1.6ms
[2025-06-05T16:30:34.401+0000][19.777s][info ][gc,phases   ] GC(58)   Merge Heap Roots: 1.5ms
[2025-06-05T16:30:34.401+0000][19.777s][info ][gc,phases   ] GC(58)   Evacuate Collection Set: 28.2ms
[2025-06-05T16:30:34.401+0000][19.777s][info ][gc,phases   ] GC(58)   Post Evacuate Collection Set: 3.2ms
[2025-06-05T16:30:34.401+0000][19.777s][info ][gc,phases   ] GC(58)   Other: 1.1ms
[2025-06-05T16:30:34.401+0000][19.777s][info ][gc,heap     ] GC(58) Eden regions: 205->0(201)
[2025-06-05T16:30:34.401+0000][19.777s][info ][gc,heap     ] GC(58) Survivor regions: 6->10(27)
[2025-06-05T16:30:34.401+0000][19.777s][info ][gc,heap     ] GC(58) Old regions: 83->83
[2025-06-05T16:30:34.401+0000][19.777s][info ][gc,heap     ] GC(58) Archive regions: 2->2
[2025-06-05T16:30:34.402+0000][19.777s][info ][gc,heap     ] GC(58) Humongous regions: 0->0
[2025-06-05T16:30:34.402+0000][19.777s][info ][gc,metaspace] GC(58) Metaspace: 97177K(97728K)->97177K(97728K) NonClass: 84512K(84800K)->84512K(84800K) Class: 12664K(12928K)->12664K(12928K)
[2025-06-05T16:30:34.402+0000][19.777s][info ][gc          ] GC(58) Pause Young (Normal) (G1 Evacuation Pause) 293M->92M(352M) 36.289ms
[2025-06-05T16:30:34.402+0000][19.777s][info ][gc,cpu      ] GC(58) User=0.06s Sys=0.00s Real=0.04s
[2025-06-05T16:30:34.402+0000][19.777s][info ][safepoint   ] Safepoint "G1CollectForAllocation", Time since last: 28278875 ns, Reaching safepoint: 1385875 ns, Cleanup: 25209 ns, At safepoint: 36584958 ns, Total: 37996042 ns
[2025-06-05T16:30:35.101+0000][20.477s][debug][safepoint   ] Safepoint synchronization initiated using futex wait barrier. (23 threads)
[2025-06-05T16:30:35.102+0000][20.478s][info ][safepoint   ] Safepoint "ICBufferFull", Time since last: 699539875 ns, Reaching safepoint: 479250 ns, Cleanup: 197917 ns, At safepoint: 2708 ns, Total: 679875 ns
[2025-06-05T16:30:35.170+0000][20.546s][debug][safepoint   ] ... found polling page loop exception at pc = 0x0000ffff8d0f97c8, stub =0x0000ffff8c97ef00
[2025-06-05T16:30:35.593+0000][20.968s][debug][safepoint   ] Safepoint synchronization initiated using futex wait barrier. (25 threads)
[2025-06-05T16:30:35.594+0000][20.969s][info ][safepoint   ] Safepoint "ICBufferFull", Time since last: 490483292 ns, Reaching safepoint: 976500 ns, Cleanup: 144959 ns, At safepoint: 4708 ns, Total: 1126167 ns
[2025-06-05T16:30:35.869+0000][21.245s][debug][safepoint   ] Safepoint synchronization initiated using futex wait barrier. (25 threads)
[2025-06-05T16:30:35.870+0000][21.245s][info ][gc,start    ] GC(59) Pause Young (Normal) (G1 Evacuation Pause)
[2025-06-05T16:30:35.870+0000][21.245s][info ][gc,task     ] GC(59) Using 2 workers of 2 for evacuation
[2025-06-05T16:30:35.897+0000][21.273s][info ][gc,phases   ] GC(59)   Pre Evacuate Collection Set: 0.2ms
[2025-06-05T16:30:35.897+0000][21.273s][info ][gc,phases   ] GC(59)   Merge Heap Roots: 0.2ms
[2025-06-05T16:30:35.897+0000][21.273s][info ][gc,phases   ] GC(59)   Evacuate Collection Set: 23.9ms
[2025-06-05T16:30:35.897+0000][21.273s][info ][gc,phases   ] GC(59)   Post Evacuate Collection Set: 2.8ms
[2025-06-05T16:30:35.898+0000][21.273s][info ][gc,phases   ] GC(59)   Other: 0.4ms
[2025-06-05T16:30:35.898+0000][21.273s][info ][gc,heap     ] GC(59) Eden regions: 201->0(197)
[2025-06-05T16:30:35.898+0000][21.273s][info ][gc,heap     ] GC(59) Survivor regions: 10->14(27)
[2025-06-05T16:30:35.898+0000][21.273s][info ][gc,heap     ] GC(59) Old regions: 83->83
[2025-06-05T16:30:35.898+0000][21.273s][info ][gc,heap     ] GC(59) Archive regions: 2->2
[2025-06-05T16:30:35.898+0000][21.273s][info ][gc,heap     ] GC(59) Humongous regions: 0->0
[2025-06-05T16:30:35.898+0000][21.273s][info ][gc,metaspace] GC(59) Metaspace: 104368K(104896K)->104368K(104896K) NonClass: 90753K(91008K)->90753K(91008K) Class: 13614K(13888K)->13614K(13888K)
[2025-06-05T16:30:35.898+0000][21.274s][info ][gc          ] GC(59) Pause Young (Normal) (G1 Evacuation Pause) 293M->96M(352M) 28.196ms
[2025-06-05T16:30:35.898+0000][21.274s][info ][gc,cpu      ] GC(59) User=0.06s Sys=0.00s Real=0.03s
[2025-06-05T16:30:35.898+0000][21.274s][info ][safepoint   ] Safepoint "G1CollectForAllocation", Time since last: 275767792 ns, Reaching safepoint: 148542 ns, Cleanup: 60666 ns, At safepoint: 28394792 ns, Total: 28604000 ns
[2025-06-05T16:30:37.031+0000][22.407s][debug][safepoint   ] Safepoint synchronization initiated using futex wait barrier. (29 threads)
[2025-06-05T16:30:37.032+0000][22.408s][info ][safepoint   ] Safepoint "ICBufferFull", Time since last: 1133332000 ns, Reaching safepoint: 423292 ns, Cleanup: 213875 ns, At safepoint: 5625 ns, Total: 642792 ns
[2025-06-05T16:30:37.440+0000][22.816s][debug][safepoint   ] Safepoint synchronization initiated using futex wait barrier. (29 threads)
[2025-06-05T16:30:37.441+0000][22.816s][info ][safepoint   ] Safepoint "ICBufferFull", Time since last: 408218459 ns, Reaching safepoint: 402458 ns, Cleanup: 67250 ns, At safepoint: 8292 ns, Total: 478000 ns
[2025-06-05T16:30:37.552+0000][22.928s][debug][safepoint   ] Safepoint synchronization initiated using futex wait barrier. (35 threads)
[2025-06-05T16:30:37.561+0000][22.937s][info ][gc,start    ] GC(60) Pause Young (Normal) (G1 Evacuation Pause)
[2025-06-05T16:30:37.561+0000][22.937s][info ][gc,task     ] GC(60) Using 2 workers of 2 for evacuation
[2025-06-05T16:30:37.630+0000][23.006s][info ][gc,phases   ] GC(60)   Pre Evacuate Collection Set: 0.3ms
[2025-06-05T16:30:37.630+0000][23.006s][info ][gc,phases   ] GC(60)   Merge Heap Roots: 0.4ms
[2025-06-05T16:30:37.631+0000][23.006s][info ][gc,phases   ] GC(60)   Evacuate Collection Set: 56.8ms
[2025-06-05T16:30:37.631+0000][23.006s][info ][gc,phases   ] GC(60)   Post Evacuate Collection Set: 10.8ms
[2025-06-05T16:30:37.631+0000][23.006s][info ][gc,phases   ] GC(60)   Other: 9.3ms
[2025-06-05T16:30:37.631+0000][23.007s][info ][gc,heap     ] GC(60) Eden regions: 197->0(193)
[2025-06-05T16:30:37.632+0000][23.007s][info ][gc,heap     ] GC(60) Survivor regions: 14->18(27)
[2025-06-05T16:30:37.632+0000][23.008s][info ][gc,heap     ] GC(60) Old regions: 83->83
[2025-06-05T16:30:37.632+0000][23.008s][info ][gc,heap     ] GC(60) Archive regions: 2->2
[2025-06-05T16:30:37.633+0000][23.008s][info ][gc,heap     ] GC(60) Humongous regions: 0->0
[2025-06-05T16:30:37.633+0000][23.009s][info ][gc,metaspace] GC(60) Metaspace: 108354K(108992K)->108354K(108992K) NonClass: 94346K(94656K)->94346K(94656K) Class: 14008K(14336K)->14008K(14336K)
[2025-06-05T16:30:37.633+0000][23.009s][info ][gc          ] GC(60) Pause Young (Normal) (G1 Evacuation Pause) 293M->101M(352M) 72.203ms
[2025-06-05T16:30:37.634+0000][23.010s][info ][gc,cpu      ] GC(60) User=0.17s Sys=0.01s Real=0.07s
[2025-06-05T16:30:37.634+0000][23.010s][info ][safepoint   ] Safepoint "G1CollectForAllocation", Time since last: 111468625 ns, Reaching safepoint: 162125 ns, Cleanup: 51125 ns, At safepoint: 81829791 ns, Total: 82043041 ns
[2025-06-05T16:30:38.164+0000][23.540s][debug][safepoint   ] Safepoint synchronization initiated using futex wait barrier. (35 threads)
[2025-06-05T16:30:38.165+0000][23.541s][info ][safepoint   ] Safepoint "ICBufferFull", Time since last: 530114917 ns, Reaching safepoint: 620334 ns, Cleanup: 114041 ns, At safepoint: 2834 ns, Total: 737209 ns
[2025-06-05T16:30:38.449+0000][23.825s][debug][safepoint   ] Safepoint synchronization initiated using futex wait barrier. (36 threads)
[2025-06-05T16:30:38.465+0000][23.841s][info ][safepoint   ] Safepoint "ICBufferFull", Time since last: 283782625 ns, Reaching safepoint: 16219625 ns, Cleanup: 113083 ns, At safepoint: 23667 ns, Total: 16356375 ns
[2025-06-05T16:30:38.710+0000][24.086s][debug][safepoint   ] Safepoint synchronization initiated using futex wait barrier. (36 threads)
[2025-06-05T16:30:38.711+0000][24.086s][info ][gc,start    ] GC(61) Pause Young (Normal) (G1 Evacuation Pause)
[2025-06-05T16:30:38.711+0000][24.086s][info ][gc,task     ] GC(61) Using 2 workers of 2 for evacuation
[2025-06-05T16:30:38.767+0000][24.142s][info ][gc,phases   ] GC(61)   Pre Evacuate Collection Set: 0.2ms
[2025-06-05T16:30:38.767+0000][24.142s][info ][gc,phases   ] GC(61)   Merge Heap Roots: 0.3ms
[2025-06-05T16:30:38.767+0000][24.143s][info ][gc,phases   ] GC(61)   Evacuate Collection Set: 50.9ms
[2025-06-05T16:30:38.767+0000][24.143s][info ][gc,phases   ] GC(61)   Post Evacuate Collection Set: 4.3ms
[2025-06-05T16:30:38.767+0000][24.143s][info ][gc,phases   ] GC(61)   Other: 0.4ms
[2025-06-05T16:30:38.767+0000][24.143s][info ][gc,heap     ] GC(61) Eden regions: 193->0(193)
[2025-06-05T16:30:38.767+0000][24.143s][info ][gc,heap     ] GC(61) Survivor regions: 18->17(27)
[2025-06-05T16:30:38.767+0000][24.143s][info ][gc,heap     ] GC(61) Old regions: 83->87
[2025-06-05T16:30:38.767+0000][24.143s][info ][gc,heap     ] GC(61) Archive regions: 2->2
[2025-06-05T16:30:38.767+0000][24.143s][info ][gc,heap     ] GC(61) Humongous regions: 0->0
[2025-06-05T16:30:38.767+0000][24.143s][info ][gc,metaspace] GC(61) Metaspace: 113649K(114304K)->113649K(114304K) NonClass: 99087K(99456K)->99087K(99456K) Class: 14561K(14848K)->14561K(14848K)
[2025-06-05T16:30:38.767+0000][24.143s][info ][gc          ] GC(61) Pause Young (Normal) (G1 Evacuation Pause) 294M->104M(352M) 56.744ms
[2025-06-05T16:30:38.767+0000][24.143s][info ][gc,cpu      ] GC(61) User=0.12s Sys=0.00s Real=0.05s
[2025-06-05T16:30:38.768+0000][24.143s][info ][safepoint   ] Safepoint "G1CollectForAllocation", Time since last: 245142292 ns, Reaching safepoint: 131291 ns, Cleanup: 69917 ns, At safepoint: 56953333 ns, Total: 57154541 ns
[2025-06-05T16:30:39.273+0000][24.649s][debug][safepoint   ] Safepoint synchronization initiated using futex wait barrier. (36 threads)
[2025-06-05T16:30:39.274+0000][24.649s][info ][safepoint   ] Safepoint "ICBufferFull", Time since last: 505717125 ns, Reaching safepoint: 244250 ns, Cleanup: 121334 ns, At safepoint: 5541 ns, Total: 371125 ns
[2025-06-05T16:30:39.407+0000][24.783s][debug][safepoint   ] Safepoint synchronization initiated using futex wait barrier. (36 threads)
[2025-06-05T16:30:39.407+0000][24.783s][info ][safepoint   ] Safepoint "ICBufferFull", Time since last: 133295209 ns, Reaching safepoint: 168542 ns, Cleanup: 58333 ns, At safepoint: 5417 ns, Total: 232292 ns
[2025-06-05T16:30:39.560+0000][24.936s][debug][safepoint   ] Safepoint synchronization initiated using futex wait barrier. (36 threads)
[2025-06-05T16:30:39.561+0000][24.936s][info ][safepoint   ] Safepoint "ICBufferFull", Time since last: 153226833 ns, Reaching safepoint: 183292 ns, Cleanup: 103125 ns, At safepoint: 17541 ns, Total: 303958 ns
[2025-06-05T16:30:39.855+0000][25.231s][debug][safepoint   ] Safepoint synchronization initiated using futex wait barrier. (36 threads)
[2025-06-05T16:30:39.856+0000][25.231s][info ][safepoint   ] Safepoint "ICBufferFull", Time since last: 294554167 ns, Reaching safepoint: 240250 ns, Cleanup: 154083 ns, At safepoint: 7209 ns, Total: 401542 ns
[2025-06-05T16:30:40.174+0000][25.550s][debug][safepoint   ] Safepoint synchronization initiated using futex wait barrier. (39 threads)
[2025-06-05T16:30:40.175+0000][25.550s][info ][safepoint   ] Safepoint "ICBufferFull", Time since last: 318615458 ns, Reaching safepoint: 151250 ns, Cleanup: 86000 ns, At safepoint: 7959 ns, Total: 245209 ns
[2025-06-05T16:30:40.241+0000][25.617s][debug][safepoint   ] Safepoint synchronization initiated using futex wait barrier. (39 threads)
[2025-06-05T16:30:40.242+0000][25.617s][info ][gc,start    ] GC(62) Pause Young (Concurrent Start) (Metadata GC Threshold)
[2025-06-05T16:30:40.242+0000][25.617s][info ][gc,task     ] GC(62) Using 2 workers of 2 for evacuation
[2025-06-05T16:30:40.289+0000][25.665s][info ][gc,phases   ] GC(62)   Pre Evacuate Collection Set: 1.3ms
[2025-06-05T16:30:40.289+0000][25.665s][info ][gc,phases   ] GC(62)   Merge Heap Roots: 0.5ms
[2025-06-05T16:30:40.290+0000][25.665s][info ][gc,phases   ] GC(62)   Evacuate Collection Set: 41.6ms
[2025-06-05T16:30:40.290+0000][25.665s][info ][gc,phases   ] GC(62)   Post Evacuate Collection Set: 3.1ms
[2025-06-05T16:30:40.290+0000][25.665s][info ][gc,phases   ] GC(62)   Other: 1.2ms
[2025-06-05T16:30:40.290+0000][25.665s][info ][gc,heap     ] GC(62) Eden regions: 152->0(190)
[2025-06-05T16:30:40.290+0000][25.665s][info ][gc,heap     ] GC(62) Survivor regions: 17->16(27)
[2025-06-05T16:30:40.290+0000][25.665s][info ][gc,heap     ] GC(62) Old regions: 87->92
[2025-06-05T16:30:40.290+0000][25.665s][info ][gc,heap     ] GC(62) Archive regions: 2->2
[2025-06-05T16:30:40.290+0000][25.665s][info ][gc,heap     ] GC(62) Humongous regions: 0->0
[2025-06-05T16:30:40.290+0000][25.665s][info ][gc,metaspace] GC(62) Metaspace: 118773K(119488K)->118773K(119488K) NonClass: 103677K(104064K)->103677K(104064K) Class: 15096K(15424K)->15096K(15424K)
[2025-06-05T16:30:40.290+0000][25.665s][info ][gc          ] GC(62) Pause Young (Concurrent Start) (Metadata GC Threshold) 255M->108M(352M) 48.183ms
[2025-06-05T16:30:40.290+0000][25.666s][info ][gc,cpu      ] GC(62) User=0.09s Sys=0.00s Real=0.05s
[2025-06-05T16:30:40.290+0000][25.666s][info ][gc          ] GC(63) Concurrent Mark Cycle
[2025-06-05T16:30:40.290+0000][25.666s][info ][gc,marking  ] GC(63) Concurrent Clear Claimed Marks
[2025-06-05T16:30:40.290+0000][25.666s][info ][safepoint   ] Safepoint "CollectForMetadataAllocation", Time since last: 66745791 ns, Reaching safepoint: 133459 ns, Cleanup: 41875 ns, At safepoint: 48650833 ns, Total: 48826167 ns
[2025-06-05T16:30:40.290+0000][25.666s][info ][gc,marking  ] GC(63) Concurrent Clear Claimed Marks 0.256ms
[2025-06-05T16:30:40.291+0000][25.666s][info ][gc,marking  ] GC(63) Concurrent Scan Root Regions
[2025-06-05T16:30:40.316+0000][25.692s][info ][gc,marking  ] GC(63) Concurrent Scan Root Regions 25.321ms
[2025-06-05T16:30:40.316+0000][25.692s][info ][gc,marking  ] GC(63) Concurrent Mark
[2025-06-05T16:30:40.316+0000][25.692s][info ][gc,marking  ] GC(63) Concurrent Mark From Roots
[2025-06-05T16:30:40.316+0000][25.692s][info ][gc,task     ] GC(63) Using 1 workers of 1 for marking
[2025-06-05T16:30:40.320+0000][25.695s][debug][safepoint   ] Safepoint synchronization initiated using futex wait barrier. (39 threads)
[2025-06-05T16:30:40.320+0000][25.695s][info ][safepoint   ] Safepoint "CollectForMetadataAllocation", Time since last: 29405958 ns, Reaching safepoint: 114125 ns, Cleanup: 9959 ns, At safepoint: 27416 ns, Total: 151500 ns
[2025-06-05T16:30:40.376+0000][25.751s][debug][safepoint   ] Safepoint synchronization initiated using futex wait barrier. (39 threads)
[2025-06-05T16:30:40.376+0000][25.751s][info ][safepoint   ] Safepoint "CollectForMetadataAllocation", Time since last: 55848875 ns, Reaching safepoint: 142042 ns, Cleanup: 23000 ns, At safepoint: 19500 ns, Total: 184542 ns
[2025-06-05T16:30:40.399+0000][25.775s][debug][safepoint   ] Safepoint synchronization initiated using futex wait barrier. (39 threads)
[2025-06-05T16:30:40.399+0000][25.775s][info ][safepoint   ] Safepoint "CollectForMetadataAllocation", Time since last: 23449458 ns, Reaching safepoint: 167917 ns, Cleanup: 13500 ns, At safepoint: 23167 ns, Total: 204584 ns
[2025-06-05T16:30:40.421+0000][25.796s][debug][safepoint   ] Safepoint synchronization initiated using futex wait barrier. (39 threads)
[2025-06-05T16:30:40.421+0000][25.796s][info ][safepoint   ] Safepoint "CollectForMetadataAllocation", Time since last: 21207041 ns, Reaching safepoint: 213542 ns, Cleanup: 20917 ns, At safepoint: 29416 ns, Total: 263875 ns
[2025-06-05T16:30:40.480+0000][25.856s][debug][safepoint   ] Safepoint synchronization initiated using futex wait barrier. (39 threads)
[2025-06-05T16:30:40.481+0000][25.857s][info ][safepoint   ] Safepoint "CollectForMetadataAllocation", Time since last: 59311125 ns, Reaching safepoint: 929792 ns, Cleanup: 8875 ns, At safepoint: 28250 ns, Total: 966917 ns
[2025-06-05T16:30:40.512+0000][25.888s][info ][gc,marking  ] GC(63) Concurrent Mark From Roots 195.685ms
[2025-06-05T16:30:40.512+0000][25.888s][info ][gc,marking  ] GC(63) Concurrent Preclean
[2025-06-05T16:30:40.513+0000][25.889s][info ][gc,marking  ] GC(63) Concurrent Preclean 0.417ms
[2025-06-05T16:30:40.513+0000][25.889s][debug][safepoint   ] Safepoint synchronization initiated using futex wait barrier. (39 threads)
[2025-06-05T16:30:40.515+0000][25.891s][info ][gc,start    ] GC(63) Pause Remark
[2025-06-05T16:30:40.526+0000][25.902s][info ][gc          ] GC(63) Pause Remark 136M->136M(352M) 10.857ms
[2025-06-05T16:30:40.526+0000][25.902s][info ][gc,cpu      ] GC(63) User=0.02s Sys=0.00s Real=0.01s
[2025-06-05T16:30:40.526+0000][25.902s][info ][safepoint   ] Safepoint "G1PauseRemark", Time since last: 32035458 ns, Reaching safepoint: 2005000 ns, Cleanup: 105625 ns, At safepoint: 11095167 ns, Total: 13205792 ns
[2025-06-05T16:30:40.527+0000][25.902s][info ][gc,marking  ] GC(63) Concurrent Mark 210.425ms
[2025-06-05T16:30:40.527+0000][25.903s][info ][gc,marking  ] GC(63) Concurrent Rebuild Remembered Sets
[2025-06-05T16:30:40.677+0000][26.053s][info ][gc,marking  ] GC(63) Concurrent Rebuild Remembered Sets 150.180ms
[2025-06-05T16:30:40.681+0000][26.057s][debug][safepoint   ] Safepoint synchronization initiated using futex wait barrier. (39 threads)
[2025-06-05T16:30:40.682+0000][26.058s][info ][gc,start    ] GC(63) Pause Cleanup
[2025-06-05T16:30:40.682+0000][26.058s][info ][gc          ] GC(63) Pause Cleanup 141M->141M(352M) 0.195ms
[2025-06-05T16:30:40.682+0000][26.058s][info ][gc,cpu      ] GC(63) User=0.00s Sys=0.00s Real=0.00s
[2025-06-05T16:30:40.682+0000][26.058s][info ][safepoint   ] Safepoint "G1PauseCleanup", Time since last: 154646667 ns, Reaching safepoint: 1113708 ns, Cleanup: 24417 ns, At safepoint: 329958 ns, Total: 1468083 ns
[2025-06-05T16:30:40.683+0000][26.059s][info ][gc,marking  ] GC(63) Concurrent Cleanup for Next Mark
[2025-06-05T16:30:40.690+0000][26.065s][info ][gc,marking  ] GC(63) Concurrent Cleanup for Next Mark 6.842ms
[2025-06-05T16:30:40.690+0000][26.066s][info ][gc          ] GC(63) Concurrent Mark Cycle 399.848ms
[2025-06-05T16:30:41.553+0000][26.929s][debug][safepoint   ] Safepoint synchronization initiated using futex wait barrier. (47 threads)
[2025-06-05T16:30:41.554+0000][26.929s][info ][safepoint   ] Safepoint "ICBufferFull", Time since last: 870888084 ns, Reaching safepoint: 350292 ns, Cleanup: 79541 ns, At safepoint: 2625 ns, Total: 432458 ns
[2025-06-05T16:30:41.751+0000][27.127s][debug][safepoint   ] Safepoint synchronization initiated using futex wait barrier. (47 threads)
[2025-06-05T16:30:41.751+0000][27.127s][info ][gc,start    ] GC(64) Pause Young (Prepare Mixed) (G1 Evacuation Pause)
[2025-06-05T16:30:41.752+0000][27.127s][info ][gc,task     ] GC(64) Using 2 workers of 2 for evacuation
[2025-06-05T16:30:41.808+0000][27.184s][info ][gc,phases   ] GC(64)   Pre Evacuate Collection Set: 0.2ms
[2025-06-05T16:30:41.809+0000][27.184s][info ][gc,phases   ] GC(64)   Merge Heap Roots: 0.3ms
[2025-06-05T16:30:41.809+0000][27.184s][info ][gc,phases   ] GC(64)   Evacuate Collection Set: 51.5ms
[2025-06-05T16:30:41.809+0000][27.184s][info ][gc,phases   ] GC(64)   Post Evacuate Collection Set: 4.5ms
[2025-06-05T16:30:41.809+0000][27.184s][info ][gc,phases   ] GC(64)   Other: 0.4ms
[2025-06-05T16:30:41.809+0000][27.184s][info ][gc,heap     ] GC(64) Eden regions: 190->0(1)
[2025-06-05T16:30:41.809+0000][27.185s][info ][gc,heap     ] GC(64) Survivor regions: 16->18(26)
[2025-06-05T16:30:41.809+0000][27.185s][info ][gc,heap     ] GC(64) Old regions: 92->95
[2025-06-05T16:30:41.809+0000][27.185s][info ][gc,heap     ] GC(64) Archive regions: 2->2
[2025-06-05T16:30:41.809+0000][27.185s][info ][gc,heap     ] GC(64) Humongous regions: 1->0
[2025-06-05T16:30:41.809+0000][27.185s][info ][gc,metaspace] GC(64) Metaspace: 127581K(128576K)->127581K(128576K) NonClass: 111482K(112000K)->111482K(112000K) Class: 16099K(16576K)->16099K(16576K)
[2025-06-05T16:30:41.809+0000][27.185s][info ][gc          ] GC(64) Pause Young (Prepare Mixed) (G1 Evacuation Pause) 299M->113M(352M) 57.725ms
[2025-06-05T16:30:41.809+0000][27.185s][info ][gc,cpu      ] GC(64) User=0.10s Sys=0.01s Real=0.06s
[2025-06-05T16:30:41.809+0000][27.185s][info ][safepoint   ] Safepoint "G1CollectForAllocation", Time since last: 197408209 ns, Reaching safepoint: 181541 ns, Cleanup: 48709 ns, At safepoint: 57971583 ns, Total: 58201833 ns
[2025-06-05T16:30:41.819+0000][27.195s][debug][safepoint   ] Safepoint synchronization initiated using futex wait barrier. (47 threads)
[2025-06-05T16:30:41.820+0000][27.195s][info ][gc,start    ] GC(65) Pause Young (Mixed) (G1 Evacuation Pause)
[2025-06-05T16:30:41.820+0000][27.195s][info ][gc,task     ] GC(65) Using 2 workers of 2 for evacuation
[2025-06-05T16:30:41.862+0000][27.238s][info ][gc,phases   ] GC(65)   Pre Evacuate Collection Set: 0.1ms
[2025-06-05T16:30:41.862+0000][27.238s][info ][gc,phases   ] GC(65)   Merge Heap Roots: 0.2ms
[2025-06-05T16:30:41.863+0000][27.238s][info ][gc,phases   ] GC(65)   Evacuate Collection Set: 40.6ms
[2025-06-05T16:30:41.863+0000][27.238s][info ][gc,phases   ] GC(65)   Post Evacuate Collection Set: 1.6ms
[2025-06-05T16:30:41.863+0000][27.238s][info ][gc,phases   ] GC(65)   Other: 0.3ms
[2025-06-05T16:30:41.863+0000][27.238s][info ][gc,heap     ] GC(65) Eden regions: 1->0(187)
[2025-06-05T16:30:41.863+0000][27.238s][info ][gc,heap     ] GC(65) Survivor regions: 18->1(3)
[2025-06-05T16:30:41.863+0000][27.238s][info ][gc,heap     ] GC(65) Old regions: 95->111
[2025-06-05T16:30:41.863+0000][27.238s][info ][gc,heap     ] GC(65) Archive regions: 2->2
[2025-06-05T16:30:41.863+0000][27.238s][info ][gc,heap     ] GC(65) Humongous regions: 0->0
[2025-06-05T16:30:41.863+0000][27.238s][info ][gc,metaspace] GC(65) Metaspace: 127583K(128576K)->127583K(128576K) NonClass: 111484K(112000K)->111484K(112000K) Class: 16099K(16576K)->16099K(16576K)
[2025-06-05T16:30:41.863+0000][27.238s][info ][gc          ] GC(65) Pause Young (Mixed) (G1 Evacuation Pause) 114M->112M(352M) 43.268ms
[2025-06-05T16:30:41.863+0000][27.239s][info ][gc,cpu      ] GC(65) User=0.08s Sys=0.00s Real=0.04s
[2025-06-05T16:30:41.863+0000][27.239s][info ][safepoint   ] Safepoint "G1CollectForAllocation", Time since last: 10040458 ns, Reaching safepoint: 136334 ns, Cleanup: 18000 ns, At safepoint: 43425250 ns, Total: 43579584 ns
[2025-06-05T16:30:42.325+0000][27.700s][debug][safepoint   ] Safepoint synchronization initiated using futex wait barrier. (48 threads)
[2025-06-05T16:30:42.325+0000][27.700s][info ][safepoint   ] Safepoint "ICBufferFull", Time since last: 461590542 ns, Reaching safepoint: 224291 ns, Cleanup: 89917 ns, At safepoint: 2375 ns, Total: 316583 ns
[2025-06-05T16:30:42.601+0000][27.977s][debug][safepoint   ] Safepoint synchronization initiated using futex wait barrier. (51 threads)
[2025-06-05T16:30:42.601+0000][27.977s][info ][gc,start    ] GC(66) Pause Young (Concurrent Start) (G1 Evacuation Pause)
[2025-06-05T16:30:42.601+0000][27.977s][info ][gc,task     ] GC(66) Using 2 workers of 2 for evacuation
[2025-06-05T16:30:42.623+0000][27.998s][info ][gc,phases   ] GC(66)   Pre Evacuate Collection Set: 0.4ms
[2025-06-05T16:30:42.623+0000][27.998s][info ][gc,phases   ] GC(66)   Merge Heap Roots: 0.1ms
[2025-06-05T16:30:42.623+0000][27.998s][info ][gc,phases   ] GC(66)   Evacuate Collection Set: 18.3ms
[2025-06-05T16:30:42.623+0000][27.998s][info ][gc,phases   ] GC(66)   Post Evacuate Collection Set: 1.2ms
[2025-06-05T16:30:42.623+0000][27.999s][info ][gc,phases   ] GC(66)   Other: 1.5ms
[2025-06-05T16:30:42.623+0000][27.999s][info ][gc,heap     ] GC(66) Eden regions: 187->0(183)
[2025-06-05T16:30:42.623+0000][27.999s][info ][gc,heap     ] GC(66) Survivor regions: 1->5(24)
[2025-06-05T16:30:42.623+0000][27.999s][info ][gc,heap     ] GC(66) Old regions: 111->111
[2025-06-05T16:30:42.623+0000][27.999s][info ][gc,heap     ] GC(66) Archive regions: 2->2
[2025-06-05T16:30:42.623+0000][27.999s][info ][gc,heap     ] GC(66) Humongous regions: 0->0
[2025-06-05T16:30:42.623+0000][27.999s][info ][gc,metaspace] GC(66) Metaspace: 130212K(131264K)->130212K(131264K) NonClass: 113825K(114368K)->113825K(114368K) Class: 16386K(16896K)->16386K(16896K)
[2025-06-05T16:30:42.623+0000][27.999s][info ][gc          ] GC(66) Pause Young (Concurrent Start) (G1 Evacuation Pause) 299M->116M(352M) 22.044ms
[2025-06-05T16:30:42.623+0000][27.999s][info ][gc,cpu      ] GC(66) User=0.04s Sys=0.00s Real=0.02s
[2025-06-05T16:30:42.623+0000][27.999s][info ][safepoint   ] Safepoint "G1CollectForAllocation", Time since last: 276138958 ns, Reaching safepoint: 143959 ns, Cleanup: 73500 ns, At safepoint: 22213791 ns, Total: 22431250 ns
[2025-06-05T16:30:42.623+0000][27.999s][info ][gc          ] GC(67) Concurrent Mark Cycle
[2025-06-05T16:30:42.627+0000][28.003s][info ][gc,marking  ] GC(67) Concurrent Clear Claimed Marks
[2025-06-05T16:30:42.627+0000][28.003s][info ][gc,marking  ] GC(67) Concurrent Clear Claimed Marks 0.417ms
[2025-06-05T16:30:42.628+0000][28.003s][info ][gc,marking  ] GC(67) Concurrent Scan Root Regions
[2025-06-05T16:30:42.636+0000][28.012s][info ][gc,marking  ] GC(67) Concurrent Scan Root Regions 8.527ms
[2025-06-05T16:30:42.636+0000][28.012s][info ][gc,marking  ] GC(67) Concurrent Mark
[2025-06-05T16:30:42.636+0000][28.012s][info ][gc,marking  ] GC(67) Concurrent Mark From Roots
[2025-06-05T16:30:42.636+0000][28.012s][info ][gc,task     ] GC(67) Using 1 workers of 1 for marking
[2025-06-05T16:30:42.779+0000][28.155s][info ][gc,marking  ] GC(67) Concurrent Mark From Roots 143.184ms
[2025-06-05T16:30:42.780+0000][28.155s][info ][gc,marking  ] GC(67) Concurrent Preclean
[2025-06-05T16:30:42.780+0000][28.156s][info ][gc,marking  ] GC(67) Concurrent Preclean 0.481ms
[2025-06-05T16:30:42.781+0000][28.157s][debug][safepoint   ] Safepoint synchronization initiated using futex wait barrier. (51 threads)
[2025-06-05T16:30:42.781+0000][28.157s][info ][gc,start    ] GC(67) Pause Remark
[2025-06-05T16:30:42.798+0000][28.174s][info ][gc          ] GC(67) Pause Remark 159M->159M(352M) 17.068ms
[2025-06-05T16:30:42.798+0000][28.174s][info ][gc,cpu      ] GC(67) User=0.03s Sys=0.00s Real=0.02s
[2025-06-05T16:30:42.799+0000][28.174s][info ][safepoint   ] Safepoint "G1PauseRemark", Time since last: 157616875 ns, Reaching safepoint: 102542 ns, Cleanup: 31167 ns, At safepoint: 17416916 ns, Total: 17550625 ns
[2025-06-05T16:30:42.799+0000][28.174s][info ][gc,marking  ] GC(67) Concurrent Mark 162.518ms
[2025-06-05T16:30:42.802+0000][28.178s][info ][gc,marking  ] GC(67) Concurrent Rebuild Remembered Sets
[2025-06-05T16:30:42.892+0000][28.267s][info ][gc,marking  ] GC(67) Concurrent Rebuild Remembered Sets 89.601ms
[2025-06-05T16:30:42.893+0000][28.268s][debug][safepoint   ] Safepoint synchronization initiated using futex wait barrier. (51 threads)
[2025-06-05T16:30:42.893+0000][28.268s][info ][gc,start    ] GC(67) Pause Cleanup
[2025-06-05T16:30:42.893+0000][28.268s][info ][gc          ] GC(67) Pause Cleanup 189M->189M(352M) 0.183ms
[2025-06-05T16:30:42.893+0000][28.268s][info ][gc,cpu      ] GC(67) User=0.00s Sys=0.00s Real=0.00s
[2025-06-05T16:30:42.893+0000][28.269s][info ][safepoint   ] Safepoint "G1PauseCleanup", Time since last: 93898292 ns, Reaching safepoint: 83792 ns, Cleanup: 4167 ns, At safepoint: 318666 ns, Total: 406625 ns
[2025-06-05T16:30:42.893+0000][28.269s][info ][gc,marking  ] GC(67) Concurrent Cleanup for Next Mark
[2025-06-05T16:30:42.909+0000][28.284s][info ][gc,marking  ] GC(67) Concurrent Cleanup for Next Mark 15.548ms
[2025-06-05T16:30:42.909+0000][28.284s][info ][gc          ] GC(67) Concurrent Mark Cycle 285.239ms
[2025-06-05T16:30:43.228+0000][28.604s][debug][safepoint   ] Safepoint synchronization initiated using futex wait barrier. (52 threads)
[2025-06-05T16:30:43.228+0000][28.604s][info ][gc,start    ] GC(68) Pause Young (Prepare Mixed) (G1 Evacuation Pause)
[2025-06-05T16:30:43.228+0000][28.604s][info ][gc,task     ] GC(68) Using 2 workers of 2 for evacuation
[2025-06-05T16:30:43.265+0000][28.640s][info ][gc,phases   ] GC(68)   Pre Evacuate Collection Set: 0.1ms
[2025-06-05T16:30:43.265+0000][28.640s][info ][gc,phases   ] GC(68)   Merge Heap Roots: 0.3ms
[2025-06-05T16:30:43.265+0000][28.640s][info ][gc,phases   ] GC(68)   Evacuate Collection Set: 32.8ms
[2025-06-05T16:30:43.265+0000][28.640s][info ][gc,phases   ] GC(68)   Post Evacuate Collection Set: 3.0ms
[2025-06-05T16:30:43.265+0000][28.640s][info ][gc,phases   ] GC(68)   Other: 0.2ms
[2025-06-05T16:30:43.265+0000][28.641s][info ][gc,heap     ] GC(68) Eden regions: 183->0(11)
[2025-06-05T16:30:43.265+0000][28.641s][info ][gc,heap     ] GC(68) Survivor regions: 5->6(24)
[2025-06-05T16:30:43.265+0000][28.641s][info ][gc,heap     ] GC(68) Old regions: 111->111
[2025-06-05T16:30:43.265+0000][28.641s][info ][gc,heap     ] GC(68) Archive regions: 2->2
[2025-06-05T16:30:43.265+0000][28.641s][info ][gc,heap     ] GC(68) Humongous regions: 0->0
[2025-06-05T16:30:43.265+0000][28.641s][info ][gc,metaspace] GC(68) Metaspace: 134568K(135616K)->134568K(135616K) NonClass: 117643K(118208K)->117643K(118208K) Class: 16924K(17408K)->16924K(17408K)
[2025-06-05T16:30:43.265+0000][28.641s][info ][gc          ] GC(68) Pause Young (Prepare Mixed) (G1 Evacuation Pause) 299M->117M(352M) 36.942ms
[2025-06-05T16:30:43.265+0000][28.641s][info ][gc,cpu      ] GC(68) User=0.07s Sys=0.00s Real=0.03s
[2025-06-05T16:30:43.265+0000][28.641s][info ][safepoint   ] Safepoint "G1CollectForAllocation", Time since last: 335063917 ns, Reaching safepoint: 125417 ns, Cleanup: 32208 ns, At safepoint: 37124292 ns, Total: 37281917 ns
[2025-06-05T16:30:43.729+0000][29.104s][debug][safepoint   ] Safepoint synchronization initiated using futex wait barrier. (52 threads)
[2025-06-05T16:30:43.729+0000][29.105s][info ][gc,start    ] GC(69) Pause Young (Mixed) (G1 Evacuation Pause)
[2025-06-05T16:30:43.730+0000][29.105s][info ][gc,task     ] GC(69) Using 2 workers of 2 for evacuation
[2025-06-05T16:30:43.779+0000][29.154s][info ][gc,phases   ] GC(69)   Pre Evacuate Collection Set: 0.6ms
[2025-06-05T16:30:43.779+0000][29.154s][info ][gc,phases   ] GC(69)   Merge Heap Roots: 0.3ms
[2025-06-05T16:30:43.779+0000][29.154s][info ][gc,phases   ] GC(69)   Evacuate Collection Set: 45.5ms
[2025-06-05T16:30:43.779+0000][29.154s][info ][gc,phases   ] GC(69)   Post Evacuate Collection Set: 2.5ms
[2025-06-05T16:30:43.779+0000][29.154s][info ][gc,phases   ] GC(69)   Other: 0.3ms
[2025-06-05T16:30:43.779+0000][29.155s][info ][gc,heap     ] GC(69) Eden regions: 11->0(185)
[2025-06-05T16:30:43.779+0000][29.155s][info ][gc,heap     ] GC(69) Survivor regions: 6->1(3)
[2025-06-05T16:30:43.779+0000][29.155s][info ][gc,heap     ] GC(69) Old regions: 111->115
[2025-06-05T16:30:43.779+0000][29.155s][info ][gc,heap     ] GC(69) Archive regions: 2->2
[2025-06-05T16:30:43.779+0000][29.155s][info ][gc,heap     ] GC(69) Humongous regions: 0->0
[2025-06-05T16:30:43.779+0000][29.155s][info ][gc,metaspace] GC(69) Metaspace: 134856K(135872K)->134856K(135872K) NonClass: 117920K(118464K)->117920K(118464K) Class: 16936K(17408K)->16936K(17408K)
[2025-06-05T16:30:43.779+0000][29.155s][info ][gc          ] GC(69) Pause Young (Mixed) (G1 Evacuation Pause) 128M->116M(352M) 49.685ms
[2025-06-05T16:30:43.779+0000][29.155s][info ][gc,cpu      ] GC(69) User=0.06s Sys=0.00s Real=0.05s
[2025-06-05T16:30:43.779+0000][29.155s][info ][safepoint   ] Safepoint "G1CollectForAllocation", Time since last: 463464667 ns, Reaching safepoint: 600208 ns, Cleanup: 40125 ns, At safepoint: 49921875 ns, Total: 50562208 ns
[2025-06-05T16:30:44.780+0000][30.156s][debug][safepoint   ] Safepoint synchronization initiated using futex wait barrier. (52 threads)
[2025-06-05T16:30:44.789+0000][30.165s][info ][safepoint   ] Safepoint "Cleanup", Time since last: 1001074042 ns, Reaching safepoint: 7792417 ns, Cleanup: 927208 ns, At safepoint: 53667 ns, Total: 8773292 ns
[2025-06-05T16:30:45.588+0000][30.964s][debug][safepoint   ] Safepoint synchronization initiated using futex wait barrier. (52 threads)
[2025-06-05T16:30:45.588+0000][30.964s][info ][safepoint   ] Safepoint "ICBufferFull", Time since last: 798836750 ns, Reaching safepoint: 284833 ns, Cleanup: 107917 ns, At safepoint: 8208 ns, Total: 400958 ns
[2025-06-05T16:30:47.602+0000][32.977s][debug][safepoint   ] Safepoint synchronization initiated using futex wait barrier. (54 threads)
[2025-06-05T16:30:47.694+0000][33.069s][debug][safepoint   ] ... found polling page loop exception at pc = 0x0000ffff8d419e24, stub =0x0000ffff8c97ef00
[2025-06-05T16:30:47.707+0000][33.083s][info ][safepoint   ] Safepoint "Cleanup", Time since last: 2008604335 ns, Reaching safepoint: 110000166 ns, Cleanup: 233459 ns, At safepoint: 40333 ns, Total: 110273958 ns
[2025-06-05T16:30:47.873+0000][33.248s][debug][safepoint   ] Safepoint synchronization initiated using futex wait barrier. (54 threads)
[2025-06-05T16:30:47.874+0000][33.250s][info ][gc,start    ] GC(70) Pause Young (Normal) (G1 Evacuation Pause)
[2025-06-05T16:30:47.875+0000][33.251s][info ][gc,task     ] GC(70) Using 2 workers of 2 for evacuation
[2025-06-05T16:30:48.279+0000][33.654s][info ][gc,phases   ] GC(70)   Pre Evacuate Collection Set: 8.7ms
[2025-06-05T16:30:48.279+0000][33.655s][info ][gc,phases   ] GC(70)   Merge Heap Roots: 4.1ms
[2025-06-05T16:30:48.280+0000][33.655s][info ][gc,phases   ] GC(70)   Evacuate Collection Set: 319.7ms
[2025-06-05T16:30:48.280+0000][33.656s][info ][gc,phases   ] GC(70)   Post Evacuate Collection Set: 70.0ms
[2025-06-05T16:30:48.280+0000][33.656s][info ][gc,phases   ] GC(70)   Other: 3.0ms
[2025-06-05T16:30:48.282+0000][33.658s][info ][gc,heap     ] GC(70) Eden regions: 185->0(177)
[2025-06-05T16:30:48.283+0000][33.659s][info ][gc,heap     ] GC(70) Survivor regions: 1->7(24)
[2025-06-05T16:30:48.283+0000][33.659s][info ][gc,heap     ] GC(70) Old regions: 115->115
[2025-06-05T16:30:48.283+0000][33.659s][info ][gc,heap     ] GC(70) Archive regions: 2->2
[2025-06-05T16:30:48.283+0000][33.659s][info ][gc,heap     ] GC(70) Humongous regions: 0->0
[2025-06-05T16:30:48.284+0000][33.660s][info ][gc,metaspace] GC(70) Metaspace: 138375K(139392K)->138375K(139392K) NonClass: 121202K(121728K)->121202K(121728K) Class: 17172K(17664K)->17172K(17664K)
[2025-06-05T16:30:48.285+0000][33.660s][info ][gc          ] GC(70) Pause Young (Normal) (G1 Evacuation Pause) 301M->122M(352M) 410.277ms
[2025-06-05T16:30:48.285+0000][33.660s][info ][gc,cpu      ] GC(70) User=0.78s Sys=0.01s Real=0.41s
[2025-06-05T16:30:48.285+0000][33.661s][info ][safepoint   ] Safepoint "G1CollectForAllocation", Time since last: 165467709 ns, Reaching safepoint: 401291 ns, Cleanup: 25084 ns, At safepoint: 411805833 ns, Total: 412232208 ns
[2025-06-05T16:30:49.286+0000][34.662s][debug][safepoint   ] Safepoint synchronization initiated using futex wait barrier. (54 threads)
[2025-06-05T16:30:49.296+0000][34.672s][info ][safepoint   ] Safepoint "Cleanup", Time since last: 1001175042 ns, Reaching safepoint: 9938792 ns, Cleanup: 114208 ns, At safepoint: 32125 ns, Total: 10085125 ns
[2025-06-05T16:30:50.300+0000][35.676s][debug][safepoint   ] Safepoint synchronization initiated using futex wait barrier. (57 threads)
[2025-06-05T16:30:50.306+0000][35.682s][info ][safepoint   ] Safepoint "Cleanup", Time since last: 1003777001 ns, Reaching safepoint: 6295291 ns, Cleanup: 135125 ns, At safepoint: 17042 ns, Total: 6447458 ns
[2025-06-05T16:30:50.926+0000][36.302s][debug][safepoint   ] Safepoint synchronization initiated using futex wait barrier. (57 threads)
[2025-06-05T16:30:50.927+0000][36.303s][info ][gc,start    ] GC(71) Pause Young (Normal) (G1 Evacuation Pause)
[2025-06-05T16:30:50.927+0000][36.303s][info ][gc,task     ] GC(71) Using 2 workers of 2 for evacuation
[2025-06-05T16:30:51.026+0000][36.402s][info ][gc,phases   ] GC(71)   Pre Evacuate Collection Set: 0.5ms
[2025-06-05T16:30:51.027+0000][36.402s][info ][gc,phases   ] GC(71)   Merge Heap Roots: 0.7ms
[2025-06-05T16:30:51.027+0000][36.402s][info ][gc,phases   ] GC(71)   Evacuate Collection Set: 73.8ms
[2025-06-05T16:30:51.027+0000][36.402s][info ][gc,phases   ] GC(71)   Post Evacuate Collection Set: 23.8ms
[2025-06-05T16:30:51.027+0000][36.402s][info ][gc,phases   ] GC(71)   Other: 1.0ms
[2025-06-05T16:30:51.027+0000][36.402s][info ][gc,heap     ] GC(71) Eden regions: 177->0(320)
[2025-06-05T16:30:51.027+0000][36.402s][info ][gc,heap     ] GC(71) Survivor regions: 7->14(23)
[2025-06-05T16:30:51.027+0000][36.402s][info ][gc,heap     ] GC(71) Old regions: 115->115
[2025-06-05T16:30:51.027+0000][36.402s][info ][gc,heap     ] GC(71) Archive regions: 2->2
[2025-06-05T16:30:51.027+0000][36.402s][info ][gc,heap     ] GC(71) Humongous regions: 0->0
[2025-06-05T16:30:51.027+0000][36.402s][info ][gc,metaspace] GC(71) Metaspace: 141437K(142464K)->141437K(142464K) NonClass: 124142K(124672K)->124142K(124672K) Class: 17295K(17792K)->17295K(17792K)
[2025-06-05T16:30:51.027+0000][36.403s][info ][gc          ] GC(71) Pause Young (Normal) (G1 Evacuation Pause) 299M->128M(557M) 99.895ms
[2025-06-05T16:30:51.027+0000][36.403s][info ][gc,cpu      ] GC(71) User=0.15s Sys=0.02s Real=0.10s
[2025-06-05T16:30:51.027+0000][36.403s][info ][safepoint   ] Safepoint "G1CollectForAllocation", Time since last: 619511042 ns, Reaching safepoint: 451500 ns, Cleanup: 121583 ns, At safepoint: 100647250 ns, Total: 101220333 ns
[2025-06-05T16:30:52.062+0000][37.438s][debug][safepoint   ] Safepoint synchronization initiated using futex wait barrier. (58 threads)
[2025-06-05T16:30:52.083+0000][37.458s][info ][safepoint   ] Safepoint "Cleanup", Time since last: 1034887126 ns, Reaching safepoint: 20439208 ns, Cleanup: 286209 ns, At safepoint: 33291 ns, Total: 20758708 ns
[2025-06-05T16:30:53.115+0000][38.490s][debug][safepoint   ] Safepoint synchronization initiated using futex wait barrier. (63 threads)
[2025-06-05T16:30:53.119+0000][38.495s][debug][safepoint   ] ... found polling page loop exception at pc = 0x0000ffff8d022b78, stub =0x0000ffff8c97ef00
[2025-06-05T16:30:53.120+0000][38.496s][info ][safepoint   ] Safepoint "Cleanup", Time since last: 1031919167 ns, Reaching safepoint: 5367209 ns, Cleanup: 114625 ns, At safepoint: 15125 ns, Total: 5496959 ns
[2025-06-05T16:30:55.132+0000][40.508s][debug][safepoint   ] Safepoint synchronization initiated using futex wait barrier. (63 threads)
[2025-06-05T16:30:55.140+0000][40.516s][info ][safepoint   ] Safepoint "Cleanup", Time since last: 2011831792 ns, Reaching safepoint: 8071167 ns, Cleanup: 126375 ns, At safepoint: 14208 ns, Total: 8211750 ns
[2025-06-05T16:30:56.144+0000][41.519s][debug][safepoint   ] Safepoint synchronization initiated using futex wait barrier. (63 threads)
[2025-06-05T16:30:56.147+0000][41.523s][info ][safepoint   ] Safepoint "Cleanup", Time since last: 1003477084 ns, Reaching safepoint: 3363500 ns, Cleanup: 65875 ns, At safepoint: 11042 ns, Total: 3440417 ns
[2025-06-05T16:30:56.635+0000][42.010s][info ][cds,heap    ] initialize_from_archived_subgraph jdk.internal.math.FDBigInteger 0x000000480014c910
[2025-06-05T16:30:57.108+0000][42.483s][debug][safepoint   ] Safepoint synchronization initiated using futex wait barrier. (63 threads)
[2025-06-05T16:30:57.109+0000][42.485s][info ][safepoint   ] Safepoint "ICBufferFull", Time since last: 960513792 ns, Reaching safepoint: 1112458 ns, Cleanup: 627209 ns, At safepoint: 10666 ns, Total: 1750333 ns
[2025-06-05T16:30:58.110+0000][43.486s][debug][safepoint   ] Safepoint synchronization initiated using futex wait barrier. (63 threads)
[2025-06-05T16:30:58.115+0000][43.491s][info ][safepoint   ] Safepoint "Cleanup", Time since last: 1000606334 ns, Reaching safepoint: 5024625 ns, Cleanup: 147958 ns, At safepoint: 7459 ns, Total: 5180042 ns
[2025-06-05T16:30:59.120+0000][44.496s][debug][safepoint   ] Safepoint synchronization initiated using futex wait barrier. (73 threads)
[2025-06-05T16:30:59.128+0000][44.504s][info ][safepoint   ] Safepoint "Cleanup", Time since last: 1004736000 ns, Reaching safepoint: 8097459 ns, Cleanup: 134666 ns, At safepoint: 19500 ns, Total: 8251625 ns
[2025-06-05T16:31:00.342+0000][45.728s][debug][safepoint   ] Safepoint synchronization initiated using futex wait barrier. (73 threads)
[2025-06-05T16:31:00.343+0000][45.730s][info ][gc,start    ] GC(72) Pause Young (Normal) (G1 Evacuation Pause)
[2025-06-05T16:31:00.343+0000][45.730s][info ][gc,task     ] GC(72) Using 2 workers of 2 for evacuation
[2025-06-05T16:31:00.504+0000][45.891s][info ][gc,phases   ] GC(72)   Pre Evacuate Collection Set: 1.7ms
[2025-06-05T16:31:00.505+0000][45.891s][info ][gc,phases   ] GC(72)   Merge Heap Roots: 1.0ms
[2025-06-05T16:31:00.505+0000][45.891s][info ][gc,phases   ] GC(72)   Evacuate Collection Set: 146.4ms
[2025-06-05T16:31:00.505+0000][45.891s][info ][gc,phases   ] GC(72)   Post Evacuate Collection Set: 11.0ms
[2025-06-05T16:31:00.505+0000][45.891s][info ][gc,phases   ] GC(72)   Other: 1.2ms
[2025-06-05T16:31:00.505+0000][45.891s][info ][gc,heap     ] GC(72) Eden regions: 320->0(315)
[2025-06-05T16:31:00.505+0000][45.891s][info ][gc,heap     ] GC(72) Survivor regions: 14->19(42)
[2025-06-05T16:31:00.505+0000][45.891s][info ][gc,heap     ] GC(72) Old regions: 115->115
[2025-06-05T16:31:00.505+0000][45.891s][info ][gc,heap     ] GC(72) Archive regions: 2->2
[2025-06-05T16:31:00.505+0000][45.891s][info ][gc,heap     ] GC(72) Humongous regions: 0->0
[2025-06-05T16:31:00.505+0000][45.891s][info ][gc,metaspace] GC(72) Metaspace: 150708K(151744K)->150708K(151744K) NonClass: 132350K(132864K)->132350K(132864K) Class: 18357K(18880K)->18357K(18880K)
[2025-06-05T16:31:00.505+0000][45.891s][info ][gc          ] GC(72) Pause Young (Normal) (G1 Evacuation Pause) 448M->134M(557M) 161.778ms
[2025-06-05T16:31:00.505+0000][45.892s][info ][gc,cpu      ] GC(72) User=0.31s Sys=0.00s Real=0.16s
[2025-06-05T16:31:00.505+0000][45.892s][info ][safepoint   ] Safepoint "G1CollectForAllocation", Time since last: 1224314917 ns, Reaching safepoint: 1189709 ns, Cleanup: 170000 ns, At safepoint: 162209041 ns, Total: 163568750 ns
[2025-06-05T16:31:01.087+0000][46.473s][debug][safepoint   ] Safepoint synchronization initiated using futex wait barrier. (73 threads)
[2025-06-05T16:31:01.088+0000][46.474s][info ][safepoint   ] Safepoint "ICBufferFull", Time since last: 581666626 ns, Reaching safepoint: 387083 ns, Cleanup: 100375 ns, At safepoint: 6542 ns, Total: 494000 ns
[2025-06-05T16:31:01.483+0000][46.869s][debug][safepoint   ] Safepoint synchronization initiated using futex wait barrier. (73 threads)
[2025-06-05T16:31:01.483+0000][46.869s][info ][safepoint   ] Safepoint "ICBufferFull", Time since last: 395061750 ns, Reaching safepoint: 280500 ns, Cleanup: 115291 ns, At safepoint: 3792 ns, Total: 399583 ns
[2025-06-05T16:31:02.486+0000][47.873s][debug][safepoint   ] Safepoint synchronization initiated using futex wait barrier. (73 threads)
[2025-06-05T16:31:02.489+0000][47.876s][info ][safepoint   ] Safepoint "ICBufferFull", Time since last: 1003359667 ns, Reaching safepoint: 2622750 ns, Cleanup: 422875 ns, At safepoint: 12959 ns, Total: 3058584 ns
[2025-06-05T16:31:02.643+0000][48.029s][debug][safepoint   ] Safepoint synchronization initiated using futex wait barrier. (73 threads)
[2025-06-05T16:31:02.643+0000][48.029s][info ][gc,start    ] GC(73) Pause Young (Normal) (G1 Evacuation Pause)
[2025-06-05T16:31:02.643+0000][48.029s][info ][gc,task     ] GC(73) Using 2 workers of 2 for evacuation
[2025-06-05T16:31:02.808+0000][48.195s][info ][gc,phases   ] GC(73)   Pre Evacuate Collection Set: 0.6ms
[2025-06-05T16:31:02.809+0000][48.195s][info ][gc,phases   ] GC(73)   Merge Heap Roots: 0.7ms
[2025-06-05T16:31:02.809+0000][48.195s][info ][gc,phases   ] GC(73)   Evacuate Collection Set: 157.2ms
[2025-06-05T16:31:02.809+0000][48.195s][info ][gc,phases   ] GC(73)   Post Evacuate Collection Set: 6.5ms
[2025-06-05T16:31:02.809+0000][48.195s][info ][gc,phases   ] GC(73)   Other: 0.5ms
[2025-06-05T16:31:02.809+0000][48.195s][info ][gc,heap     ] GC(73) Eden regions: 315->0(306)
[2025-06-05T16:31:02.809+0000][48.195s][info ][gc,heap     ] GC(73) Survivor regions: 19->28(42)
[2025-06-05T16:31:02.809+0000][48.195s][info ][gc,heap     ] GC(73) Old regions: 115->115
[2025-06-05T16:31:02.809+0000][48.195s][info ][gc,heap     ] GC(73) Archive regions: 2->2
[2025-06-05T16:31:02.809+0000][48.195s][info ][gc,heap     ] GC(73) Humongous regions: 0->0
[2025-06-05T16:31:02.809+0000][48.195s][info ][gc,metaspace] GC(73) Metaspace: 154674K(155776K)->154674K(155776K) NonClass: 135738K(136320K)->135738K(136320K) Class: 18936K(19456K)->18936K(19456K)
[2025-06-05T16:31:02.809+0000][48.195s][info ][gc          ] GC(73) Pause Young (Normal) (G1 Evacuation Pause) 449M->143M(557M) 166.102ms
[2025-06-05T16:31:02.809+0000][48.196s][info ][gc,cpu      ] GC(73) User=0.33s Sys=0.00s Real=0.17s
[2025-06-05T16:31:02.809+0000][48.196s][info ][safepoint   ] Safepoint "G1CollectForAllocation", Time since last: 153252625 ns, Reaching safepoint: 150291 ns, Cleanup: 20375 ns, At safepoint: 166420875 ns, Total: 166591541 ns
[2025-06-05T16:31:03.977+0000][49.364s][debug][safepoint   ] Safepoint synchronization initiated using futex wait barrier. (73 threads)
[2025-06-05T16:31:03.979+0000][49.366s][info ][safepoint   ] Safepoint "Cleanup", Time since last: 1168252418 ns, Reaching safepoint: 1831041 ns, Cleanup: 176500 ns, At safepoint: 8917 ns, Total: 2016458 ns
[2025-06-05T16:31:04.460+0000][49.846s][debug][safepoint   ] Safepoint synchronization initiated using futex wait barrier. (76 threads)
[2025-06-05T16:31:04.460+0000][49.846s][info ][safepoint   ] Safepoint "ICBufferFull", Time since last: 480172750 ns, Reaching safepoint: 285875 ns, Cleanup: 116542 ns, At safepoint: 3083 ns, Total: 405500 ns
[2025-06-05T16:31:05.156+0000][50.543s][debug][safepoint   ] Safepoint synchronization initiated using futex wait barrier. (76 threads)
[2025-06-05T16:31:05.157+0000][50.543s][info ][gc,start    ] GC(74) Pause Young (Normal) (G1 Evacuation Pause)
[2025-06-05T16:31:05.157+0000][50.543s][info ][gc,task     ] GC(74) Using 2 workers of 2 for evacuation
[2025-06-05T16:31:05.336+0000][50.722s][info ][gc,phases   ] GC(74)   Pre Evacuate Collection Set: 0.6ms
[2025-06-05T16:31:05.336+0000][50.722s][info ][gc,phases   ] GC(74)   Merge Heap Roots: 0.8ms
[2025-06-05T16:31:05.336+0000][50.722s][info ][gc,phases   ] GC(74)   Evacuate Collection Set: 166.7ms
[2025-06-05T16:31:05.336+0000][50.722s][info ][gc,phases   ] GC(74)   Post Evacuate Collection Set: 10.2ms
[2025-06-05T16:31:05.336+0000][50.722s][info ][gc,phases   ] GC(74)   Other: 0.7ms
[2025-06-05T16:31:05.336+0000][50.722s][info ][gc,heap     ] GC(74) Eden regions: 306->0(312)
[2025-06-05T16:31:05.336+0000][50.722s][info ][gc,heap     ] GC(74) Survivor regions: 28->22(42)
[2025-06-05T16:31:05.336+0000][50.722s][info ][gc,heap     ] GC(74) Old regions: 115->127
[2025-06-05T16:31:05.336+0000][50.723s][info ][gc,heap     ] GC(74) Archive regions: 2->2
[2025-06-05T16:31:05.336+0000][50.723s][info ][gc,heap     ] GC(74) Humongous regions: 0->0
[2025-06-05T16:31:05.336+0000][50.723s][info ][gc,metaspace] GC(74) Metaspace: 158051K(159104K)->158051K(159104K) NonClass: 138588K(139136K)->138588K(139136K) Class: 19462K(19968K)->19462K(19968K)
[2025-06-05T16:31:05.336+0000][50.723s][info ][gc          ] GC(74) Pause Young (Normal) (G1 Evacuation Pause) 449M->148M(557M) 179.680ms
[2025-06-05T16:31:05.337+0000][50.723s][info ][gc,cpu      ] GC(74) User=0.36s Sys=0.00s Real=0.18s
[2025-06-05T16:31:05.337+0000][50.723s][info ][safepoint   ] Safepoint "G1CollectForAllocation", Time since last: 696021000 ns, Reaching safepoint: 488292 ns, Cleanup: 72000 ns, At safepoint: 180021875 ns, Total: 180582167 ns
[2025-06-05T16:31:05.826+0000][51.213s][debug][safepoint   ] Safepoint synchronization initiated using futex wait barrier. (76 threads)
[2025-06-05T16:31:05.827+0000][51.213s][info ][safepoint   ] Safepoint "ICBufferFull", Time since last: 489603959 ns, Reaching safepoint: 177041 ns, Cleanup: 100042 ns, At safepoint: 6833 ns, Total: 283916 ns
[2025-06-05T16:31:06.086+0000][51.473s][debug][safepoint   ] Safepoint synchronization initiated using futex wait barrier. (106 threads)
[2025-06-05T16:31:06.151+0000][51.538s][info ][safepoint   ] Safepoint "ICBufferFull", Time since last: 259605917 ns, Reaching safepoint: 65016500 ns, Cleanup: 92917 ns, At safepoint: 31792 ns, Total: 65141209 ns
[2025-06-05T16:31:07.153+0000][52.540s][debug][safepoint   ] Safepoint synchronization initiated using futex wait barrier. (106 threads)
[2025-06-05T16:31:07.154+0000][52.540s][info ][safepoint   ] Safepoint "Cleanup", Time since last: 1001919542 ns, Reaching safepoint: 553291 ns, Cleanup: 207292 ns, At safepoint: 18375 ns, Total: 778958 ns
[2025-06-05T16:31:07.396+0000][52.783s][debug][safepoint   ] Safepoint synchronization initiated using futex wait barrier. (106 threads)
[2025-06-05T16:31:07.397+0000][52.784s][info ][safepoint   ] Safepoint "ICBufferFull", Time since last: 242172959 ns, Reaching safepoint: 1069458 ns, Cleanup: 101375 ns, At safepoint: 15375 ns, Total: 1186208 ns
[2025-06-05T16:31:07.756+0000][53.143s][debug][safepoint   ] Safepoint synchronization initiated using futex wait barrier. (108 threads)
[2025-06-05T16:31:07.757+0000][53.144s][info ][safepoint   ] Safepoint "ICBufferFull", Time since last: 358810333 ns, Reaching safepoint: 1038917 ns, Cleanup: 106083 ns, At safepoint: 15584 ns, Total: 1160584 ns
[2025-06-05T16:31:07.964+0000][53.350s][debug][safepoint   ] Safepoint synchronization initiated using futex wait barrier. (87 threads)
[2025-06-05T16:31:07.965+0000][53.351s][info ][safepoint   ] Safepoint "ICBufferFull", Time since last: 206723708 ns, Reaching safepoint: 623208 ns, Cleanup: 84834 ns, At safepoint: 4000 ns, Total: 712042 ns
[2025-06-05T16:31:08.160+0000][53.546s][debug][safepoint   ] Safepoint synchronization initiated using futex wait barrier. (72 threads)
[2025-06-05T16:31:08.160+0000][53.547s][info ][gc,start    ] GC(75) Pause Young (Normal) (G1 Evacuation Pause)
[2025-06-05T16:31:08.160+0000][53.547s][info ][gc,task     ] GC(75) Using 2 workers of 2 for evacuation
[2025-06-05T16:31:08.325+0000][53.712s][info ][gc,phases   ] GC(75)   Pre Evacuate Collection Set: 0.4ms
[2025-06-05T16:31:08.326+0000][53.712s][info ][gc,phases   ] GC(75)   Merge Heap Roots: 0.4ms
[2025-06-05T16:31:08.326+0000][53.712s][info ][gc,phases   ] GC(75)   Evacuate Collection Set: 156.1ms
[2025-06-05T16:31:08.326+0000][53.712s][info ][gc,phases   ] GC(75)   Post Evacuate Collection Set: 7.6ms
[2025-06-05T16:31:08.326+0000][53.712s][info ][gc,phases   ] GC(75)   Other: 0.6ms
[2025-06-05T16:31:08.326+0000][53.712s][info ][gc,heap     ] GC(75) Eden regions: 312->0(311)
[2025-06-05T16:31:08.326+0000][53.712s][info ][gc,heap     ] GC(75) Survivor regions: 22->23(42)
[2025-06-05T16:31:08.326+0000][53.712s][info ][gc,heap     ] GC(75) Old regions: 127->132
[2025-06-05T16:31:08.326+0000][53.712s][info ][gc,heap     ] GC(75) Archive regions: 2->2
[2025-06-05T16:31:08.326+0000][53.712s][info ][gc,heap     ] GC(75) Humongous regions: 0->0
[2025-06-05T16:31:08.326+0000][53.712s][info ][gc,metaspace] GC(75) Metaspace: 164159K(165376K)->164159K(165376K) NonClass: 143896K(144512K)->143896K(144512K) Class: 20262K(20864K)->20262K(20864K)
[2025-06-05T16:31:08.326+0000][53.713s][info ][gc          ] GC(75) Pause Young (Normal) (G1 Evacuation Pause) 460M->155M(557M) 165.840ms
[2025-06-05T16:31:08.326+0000][53.713s][info ][gc,cpu      ] GC(75) User=0.32s Sys=0.00s Real=0.16s
[2025-06-05T16:31:08.327+0000][53.713s][info ][safepoint   ] Safepoint "G1CollectForAllocation", Time since last: 195325000 ns, Reaching safepoint: 120000 ns, Cleanup: 45750 ns, At safepoint: 166267625 ns, Total: 166433375 ns
[2025-06-05T16:31:08.753+0000][54.140s][debug][safepoint   ] Safepoint synchronization initiated using futex wait barrier. (46 threads)
[2025-06-05T16:31:08.757+0000][54.143s][info ][safepoint   ] Safepoint "ThreadDump", Time since last: 426874625 ns, Reaching safepoint: 626042 ns, Cleanup: 273125 ns, At safepoint: 2584125 ns, Total: 3483292 ns
[2025-06-05T16:31:08.758+0000][54.144s][debug][safepoint   ] Safepoint synchronization initiated using futex wait barrier. (46 threads)
[2025-06-05T16:31:08.758+0000][54.145s][info ][safepoint   ] Safepoint "ThreadDump", Time since last: 1131750 ns, Reaching safepoint: 184792 ns, Cleanup: 4125 ns, At safepoint: 43458 ns, Total: 232375 ns
[2025-06-05T16:31:08.759+0000][54.145s][debug][safepoint   ] Safepoint synchronization initiated using futex wait barrier. (46 threads)
[2025-06-05T16:31:08.759+0000][54.145s][info ][safepoint   ] Safepoint "ThreadDump", Time since last: 591625 ns, Reaching safepoint: 97500 ns, Cleanup: 5375 ns, At safepoint: 15500 ns, Total: 118375 ns
[2025-06-05T16:31:08.759+0000][54.146s][debug][safepoint   ] Safepoint synchronization initiated using futex wait barrier. (46 threads)
[2025-06-05T16:31:08.759+0000][54.146s][info ][safepoint   ] Safepoint "ThreadDump", Time since last: 277875 ns, Reaching safepoint: 142167 ns, Cleanup: 2708 ns, At safepoint: 26750 ns, Total: 171625 ns
[2025-06-05T16:31:08.760+0000][54.146s][debug][safepoint   ] Safepoint synchronization initiated using futex wait barrier. (46 threads)
[2025-06-05T16:31:08.760+0000][54.146s][info ][safepoint   ] Safepoint "ThreadDump", Time since last: 219958 ns, Reaching safepoint: 105667 ns, Cleanup: 1542 ns, At safepoint: 13041 ns, Total: 120250 ns
[2025-06-05T16:31:08.760+0000][54.146s][debug][safepoint   ] Safepoint synchronization initiated using futex wait barrier. (46 threads)
[2025-06-05T16:31:08.760+0000][54.146s][info ][safepoint   ] Safepoint "ThreadDump", Time since last: 106292 ns, Reaching safepoint: 64750 ns, Cleanup: 1375 ns, At safepoint: 7375 ns, Total: 73500 ns
[2025-06-05T16:31:08.760+0000][54.147s][debug][safepoint   ] Safepoint synchronization initiated using futex wait barrier. (46 threads)
[2025-06-05T16:31:08.760+0000][54.147s][info ][safepoint   ] Safepoint "ThreadDump", Time since last: 234167 ns, Reaching safepoint: 56750 ns, Cleanup: 1583 ns, At safepoint: 29708 ns, Total: 88041 ns
[2025-06-05T16:31:08.760+0000][54.147s][debug][safepoint   ] Safepoint synchronization initiated using futex wait barrier. (46 threads)
[2025-06-05T16:31:08.760+0000][54.147s][info ][safepoint   ] Safepoint "ThreadDump", Time since last: 144834 ns, Reaching safepoint: 59416 ns, Cleanup: 1792 ns, At safepoint: 15875 ns, Total: 77083 ns
[2025-06-05T16:31:08.761+0000][54.147s][debug][safepoint   ] Safepoint synchronization initiated using futex wait barrier. (46 threads)
[2025-06-05T16:31:08.761+0000][54.147s][info ][safepoint   ] Safepoint "ThreadDump", Time since last: 165167 ns, Reaching safepoint: 75583 ns, Cleanup: 1417 ns, At safepoint: 7208 ns, Total: 84208 ns
[2025-06-05T16:31:08.761+0000][54.147s][debug][safepoint   ] Safepoint synchronization initiated using futex wait barrier. (46 threads)
[2025-06-05T16:31:08.761+0000][54.147s][info ][safepoint   ] Safepoint "ThreadDump", Time since last: 135958 ns, Reaching safepoint: 70542 ns, Cleanup: 1917 ns, At safepoint: 10500 ns, Total: 82959 ns
[2025-06-05T16:31:08.761+0000][54.148s][debug][safepoint   ] Safepoint synchronization initiated using futex wait barrier. (46 threads)
[2025-06-05T16:31:08.761+0000][54.148s][info ][safepoint   ] Safepoint "ThreadDump", Time since last: 255833 ns, Reaching safepoint: 94208 ns, Cleanup: 1500 ns, At safepoint: 7542 ns, Total: 103250 ns
[2025-06-05T16:31:08.761+0000][54.148s][debug][safepoint   ] Safepoint synchronization initiated using futex wait barrier. (46 threads)
[2025-06-05T16:31:08.761+0000][54.148s][info ][safepoint   ] Safepoint "ThreadDump", Time since last: 102958 ns, Reaching safepoint: 57750 ns, Cleanup: 1375 ns, At safepoint: 12250 ns, Total: 71375 ns
[2025-06-05T16:31:08.762+0000][54.148s][debug][safepoint   ] Safepoint synchronization initiated using futex wait barrier. (46 threads)
[2025-06-05T16:31:08.762+0000][54.148s][info ][safepoint   ] Safepoint "ThreadDump", Time since last: 395084 ns, Reaching safepoint: 57208 ns, Cleanup: 1417 ns, At safepoint: 19250 ns, Total: 77875 ns
[2025-06-05T16:31:08.762+0000][54.148s][debug][safepoint   ] Safepoint synchronization initiated using futex wait barrier. (46 threads)
[2025-06-05T16:31:08.762+0000][54.149s][info ][safepoint   ] Safepoint "ThreadDump", Time since last: 118333 ns, Reaching safepoint: 140500 ns, Cleanup: 1417 ns, At safepoint: 7125 ns, Total: 149042 ns
[2025-06-05T16:31:08.762+0000][54.149s][debug][safepoint   ] Safepoint synchronization initiated using futex wait barrier. (46 threads)
[2025-06-05T16:31:08.762+0000][54.149s][info ][safepoint   ] Safepoint "ThreadDump", Time since last: 176125 ns, Reaching safepoint: 64291 ns, Cleanup: 1292 ns, At safepoint: 11208 ns, Total: 76791 ns
[2025-06-05T16:31:08.763+0000][54.149s][debug][safepoint   ] Safepoint synchronization initiated using futex wait barrier. (46 threads)
[2025-06-05T16:31:08.763+0000][54.149s][info ][safepoint   ] Safepoint "ThreadDump", Time since last: 108459 ns, Reaching safepoint: 47916 ns, Cleanup: 1334 ns, At safepoint: 19541 ns, Total: 68791 ns
[2025-06-05T16:31:09.765+0000][55.151s][debug][safepoint   ] Safepoint synchronization initiated using futex wait barrier. (41 threads)
[2025-06-05T16:31:09.765+0000][55.152s][info ][safepoint   ] Safepoint "Cleanup", Time since last: 1001864001 ns, Reaching safepoint: 820750 ns, Cleanup: 62375 ns, At safepoint: 11333 ns, Total: 894458 ns
[2025-06-05T16:31:10.768+0000][56.154s][debug][safepoint   ] Safepoint synchronization initiated using futex wait barrier. (29 threads)
[2025-06-05T16:31:10.769+0000][56.155s][info ][safepoint   ] Safepoint "Cleanup", Time since last: 1002486417 ns, Reaching safepoint: 996083 ns, Cleanup: 49917 ns, At safepoint: 12542 ns, Total: 1058542 ns
[2025-06-05T16:31:11.041+0000][56.428s][info ][gc,heap,exit] Heap
[2025-06-05T16:31:11.041+0000][56.428s][info ][gc,heap,exit]  garbage-first heap   total 570368K, used 176522K [0x00000000c2c00000, 0x0000000100000000)
[2025-06-05T16:31:11.042+0000][56.428s][info ][gc,heap,exit]   region size 1024K, 40 young (40960K), 23 survivors (23552K)
[2025-06-05T16:31:11.042+0000][56.429s][info ][gc,heap,exit]  Metaspace       used 164370K, committed 165504K, reserved 1245184K
[2025-06-05T16:31:11.042+0000][56.429s][info ][gc,heap,exit]   class space    used 20293K, committed 20864K, reserved 1048576K
[2025-06-05T16:31:11.043+0000][56.429s][debug][safepoint   ] Safepoint synchronization initiated using futex wait barrier. (23 threads)
