[2025-06-05T16:32:05.406+0000][0.006s][info][gc] Using G1
[2025-06-05T16:32:05.407+0000][0.007s][info][gc,init] Version: 17.0.14+7-Debian-1deb12u1 (release)
[2025-06-05T16:32:05.407+0000][0.007s][info][gc,init] CPUs: 8 total, 2 available
[2025-06-05T16:32:05.407+0000][0.007s][info][gc,init] Memory: 3919M
[2025-06-05T16:32:05.407+0000][0.007s][info][gc,init] Large Page Support: Disabled
[2025-06-05T16:32:05.407+0000][0.007s][info][gc,init] NUMA Support: Disabled
[2025-06-05T16:32:05.407+0000][0.007s][info][gc,init] Compressed Oops: Enabled (32-bit)
[2025-06-05T16:32:05.407+0000][0.007s][info][gc,init] Heap Region Size: 1M
[2025-06-05T16:32:05.407+0000][0.007s][info][gc,init] Heap Min Capacity: 8M
[2025-06-05T16:32:05.407+0000][0.007s][info][gc,init] Heap Initial Capacity: 62M
[2025-06-05T16:32:05.407+0000][0.007s][info][gc,init] Heap Max Capacity: 980M
[2025-06-05T16:32:05.407+0000][0.007s][info][gc,init] Pre-touch: Disabled
[2025-06-05T16:32:05.407+0000][0.007s][info][gc,init] Parallel Workers: 2
[2025-06-05T16:32:05.407+0000][0.007s][info][gc,init] Concurrent Workers: 1
[2025-06-05T16:32:05.408+0000][0.007s][info][gc,init] Concurrent Refinement Workers: 2
[2025-06-05T16:32:05.408+0000][0.007s][info][gc,init] Periodic GC: Disabled
[2025-06-05T16:32:05.471+0000][0.070s][info][gc,metaspace] CDS archive(s) mapped at: [0x0000002800000000-0x0000002800be0000-0x0000002800be0000), size 12451840, SharedBaseAddress: 0x0000002800000000, ArchiveRelocationMode: 1.
[2025-06-05T16:32:05.471+0000][0.070s][info][gc,metaspace] Compressed class space mapped at: 0x0000002801000000-0x0000002841000000, reserved size: 1073741824
[2025-06-05T16:32:05.471+0000][0.070s][info][gc,metaspace] Narrow klass base: 0x0000002800000000, Narrow klass shift: 0, Narrow klass range: 0x100000000
[2025-06-05T16:32:05.479+0000][0.078s][info][cds,heap    ] initialize_from_archived_subgraph java.lang.Module$ArchivedData 0x00000028001823a8 (early)
[2025-06-05T16:32:05.479+0000][0.079s][info][cds,heap    ] initialize_from_archived_subgraph java.util.ImmutableCollections 0x0000002800070d08 (early)
[2025-06-05T16:32:05.481+0000][0.080s][info][cds,heap    ] initialize_from_archived_subgraph java.lang.Integer$IntegerCache 0x0000002800036060 (early)
[2025-06-05T16:32:05.487+0000][0.086s][info][cds,heap    ] initialize_from_archived_subgraph java.lang.module.Configuration 0x0000002800170328 (early)
[2025-06-05T16:32:05.487+0000][0.086s][info][cds,heap    ] initialize_from_archived_subgraph java.lang.ModuleLayer 0x0000002800144760 (early)
[2025-06-05T16:32:05.489+0000][0.088s][info][cds,heap    ] initialize_from_archived_subgraph jdk.internal.loader.ArchivedClassLoaders 0x00000028001a6a10 (early)
[2025-06-05T16:32:05.489+0000][0.088s][info][cds,heap    ] initialize_from_archived_subgraph jdk.internal.module.ArchivedBootLayer 0x0000002800176f68 (early)
[2025-06-05T16:32:05.490+0000][0.089s][info][cds,heap    ] initialize_from_archived_subgraph sun.util.locale.BaseLocale 0x000000280026d798
[2025-06-05T16:32:05.496+0000][0.095s][info][cds,heap    ] initialize_from_archived_subgraph java.util.jar.Attributes$Name 0x0000002800198488
[2025-06-05T16:32:05.513+0000][0.112s][info][cds,heap    ] initialize_from_archived_subgraph java.lang.Long$LongCache 0x000000280001f998
[2025-06-05T16:32:05.552+0000][0.151s][info][cds,heap    ] initialize_from_archived_subgraph java.lang.Character$CharacterCache 0x00000028000393e8
[2025-06-05T16:32:05.596+0000][0.195s][debug][safepoint   ] Safepoint synchronization initiated using futex wait barrier. (12 threads)
[2025-06-05T16:32:05.596+0000][0.196s][info ][safepoint   ] Safepoint "ICBufferFull", Time since last: 117628792 ns, Reaching safepoint: 148541 ns, Cleanup: 48084 ns, At safepoint: 5750 ns, Total: 202375 ns
[2025-06-05T16:32:05.646+0000][0.245s][debug][safepoint   ] Safepoint synchronization initiated using futex wait barrier. (12 threads)
[2025-06-05T16:32:05.646+0000][0.245s][info ][gc,start    ] GC(0) Pause Young (Normal) (G1 Evacuation Pause)
[2025-06-05T16:32:05.646+0000][0.245s][info ][gc,task     ] GC(0) Using 2 workers of 2 for evacuation
[2025-06-05T16:32:05.653+0000][0.253s][info ][gc,phases   ] GC(0)   Pre Evacuate Collection Set: 0.1ms
[2025-06-05T16:32:05.653+0000][0.253s][info ][gc,phases   ] GC(0)   Merge Heap Roots: 0.1ms
[2025-06-05T16:32:05.654+0000][0.253s][info ][gc,phases   ] GC(0)   Evacuate Collection Set: 6.6ms
[2025-06-05T16:32:05.654+0000][0.253s][info ][gc,phases   ] GC(0)   Post Evacuate Collection Set: 0.4ms
[2025-06-05T16:32:05.654+0000][0.253s][info ][gc,phases   ] GC(0)   Other: 0.4ms
[2025-06-05T16:32:05.654+0000][0.253s][info ][gc,heap     ] GC(0) Eden regions: 18->0(22)
[2025-06-05T16:32:05.654+0000][0.253s][info ][gc,heap     ] GC(0) Survivor regions: 0->3(3)
[2025-06-05T16:32:05.654+0000][0.253s][info ][gc,heap     ] GC(0) Old regions: 0->1
[2025-06-05T16:32:05.654+0000][0.253s][info ][gc,heap     ] GC(0) Archive regions: 2->2
[2025-06-05T16:32:05.654+0000][0.253s][info ][gc,heap     ] GC(0) Humongous regions: 0->0
[2025-06-05T16:32:05.654+0000][0.253s][info ][gc,metaspace] GC(0) Metaspace: 1944K(2176K)->1944K(2176K) NonClass: 1739K(1856K)->1739K(1856K) Class: 205K(320K)->205K(320K)
[2025-06-05T16:32:05.654+0000][0.253s][info ][gc          ] GC(0) Pause Young (Normal) (G1 Evacuation Pause) 18M->4M(64M) 8.031ms
[2025-06-05T16:32:05.654+0000][0.253s][info ][gc,cpu      ] GC(0) User=0.01s Sys=0.01s Real=0.00s
[2025-06-05T16:32:05.654+0000][0.253s][info ][safepoint   ] Safepoint "G1CollectForAllocation", Time since last: 49547208 ns, Reaching safepoint: 127958 ns, Cleanup: 22625 ns, At safepoint: 8174667 ns, Total: 8325250 ns
[2025-06-05T16:32:05.772+0000][0.372s][debug][safepoint   ] Safepoint synchronization initiated using futex wait barrier. (12 threads)
[2025-06-05T16:32:05.772+0000][0.372s][info ][gc,start    ] GC(1) Pause Young (Normal) (G1 Evacuation Pause)
[2025-06-05T16:32:05.772+0000][0.372s][info ][gc,task     ] GC(1) Using 2 workers of 2 for evacuation
[2025-06-05T16:32:05.777+0000][0.376s][info ][gc,phases   ] GC(1)   Pre Evacuate Collection Set: 0.1ms
[2025-06-05T16:32:05.777+0000][0.376s][info ][gc,phases   ] GC(1)   Merge Heap Roots: 0.1ms
[2025-06-05T16:32:05.777+0000][0.376s][info ][gc,phases   ] GC(1)   Evacuate Collection Set: 3.5ms
[2025-06-05T16:32:05.777+0000][0.376s][info ][gc,phases   ] GC(1)   Post Evacuate Collection Set: 0.4ms
[2025-06-05T16:32:05.777+0000][0.376s][info ][gc,phases   ] GC(1)   Other: 0.1ms
[2025-06-05T16:32:05.777+0000][0.376s][info ][gc,heap     ] GC(1) Eden regions: 22->0(31)
[2025-06-05T16:32:05.777+0000][0.376s][info ][gc,heap     ] GC(1) Survivor regions: 3->3(4)
[2025-06-05T16:32:05.777+0000][0.376s][info ][gc,heap     ] GC(1) Old regions: 1->4
[2025-06-05T16:32:05.777+0000][0.376s][info ][gc,heap     ] GC(1) Archive regions: 2->2
[2025-06-05T16:32:05.777+0000][0.376s][info ][gc,heap     ] GC(1) Humongous regions: 0->0
[2025-06-05T16:32:05.777+0000][0.376s][info ][gc,metaspace] GC(1) Metaspace: 2086K(2368K)->2086K(2368K) NonClass: 1880K(2048K)->1880K(2048K) Class: 205K(320K)->205K(320K)
[2025-06-05T16:32:05.777+0000][0.377s][info ][gc          ] GC(1) Pause Young (Normal) (G1 Evacuation Pause) 26M->7M(64M) 4.697ms
[2025-06-05T16:32:05.777+0000][0.377s][info ][gc,cpu      ] GC(1) User=0.01s Sys=0.00s Real=0.01s
[2025-06-05T16:32:05.777+0000][0.377s][info ][safepoint   ] Safepoint "G1CollectForAllocation", Time since last: 118292917 ns, Reaching safepoint: 113875 ns, Cleanup: 25791 ns, At safepoint: 4788750 ns, Total: 4928416 ns
[2025-06-05T16:32:05.961+0000][0.561s][debug][safepoint   ] Safepoint synchronization initiated using futex wait barrier. (12 threads)
[2025-06-05T16:32:05.962+0000][0.561s][info ][safepoint   ] Safepoint "ICBufferFull", Time since last: 184262542 ns, Reaching safepoint: 182333 ns, Cleanup: 58209 ns, At safepoint: 1750 ns, Total: 242292 ns
[2025-06-05T16:32:05.990+0000][0.589s][debug][safepoint   ] Safepoint synchronization initiated using futex wait barrier. (12 threads)
[2025-06-05T16:32:05.990+0000][0.589s][info ][gc,start    ] GC(2) Pause Young (Normal) (G1 Evacuation Pause)
[2025-06-05T16:32:05.990+0000][0.589s][info ][gc,task     ] GC(2) Using 2 workers of 2 for evacuation
[2025-06-05T16:32:05.996+0000][0.595s][info ][gc,phases   ] GC(2)   Pre Evacuate Collection Set: 0.1ms
[2025-06-05T16:32:05.996+0000][0.596s][info ][gc,phases   ] GC(2)   Merge Heap Roots: 0.0ms
[2025-06-05T16:32:05.996+0000][0.596s][info ][gc,phases   ] GC(2)   Evacuate Collection Set: 5.5ms
[2025-06-05T16:32:05.996+0000][0.596s][info ][gc,phases   ] GC(2)   Post Evacuate Collection Set: 0.4ms
[2025-06-05T16:32:05.996+0000][0.596s][info ][gc,phases   ] GC(2)   Other: 0.2ms
[2025-06-05T16:32:05.996+0000][0.596s][info ][gc,heap     ] GC(2) Eden regions: 31->0(29)
[2025-06-05T16:32:05.996+0000][0.596s][info ][gc,heap     ] GC(2) Survivor regions: 3->3(5)
[2025-06-05T16:32:05.996+0000][0.596s][info ][gc,heap     ] GC(2) Old regions: 4->7
[2025-06-05T16:32:05.996+0000][0.596s][info ][gc,heap     ] GC(2) Archive regions: 2->2
[2025-06-05T16:32:05.996+0000][0.596s][info ][gc,heap     ] GC(2) Humongous regions: 0->0
[2025-06-05T16:32:05.996+0000][0.596s][info ][gc,metaspace] GC(2) Metaspace: 3061K(3328K)->3061K(3328K) NonClass: 2763K(2880K)->2763K(2880K) Class: 297K(448K)->297K(448K)
[2025-06-05T16:32:05.996+0000][0.596s][info ][gc          ] GC(2) Pause Young (Normal) (G1 Evacuation Pause) 38M->10M(64M) 6.602ms
[2025-06-05T16:32:05.996+0000][0.596s][info ][gc,cpu      ] GC(2) User=0.01s Sys=0.00s Real=0.01s
[2025-06-05T16:32:05.996+0000][0.596s][info ][safepoint   ] Safepoint "G1CollectForAllocation", Time since last: 27966625 ns, Reaching safepoint: 115125 ns, Cleanup: 22958 ns, At safepoint: 6688750 ns, Total: 6826833 ns
[2025-06-05T16:32:06.106+0000][0.706s][debug][safepoint   ] Safepoint synchronization initiated using futex wait barrier. (12 threads)
[2025-06-05T16:32:06.107+0000][0.706s][info ][gc,start    ] GC(3) Pause Young (Normal) (G1 Evacuation Pause)
[2025-06-05T16:32:06.107+0000][0.706s][info ][gc,task     ] GC(3) Using 2 workers of 2 for evacuation
[2025-06-05T16:32:06.123+0000][0.722s][info ][gc,phases   ] GC(3)   Pre Evacuate Collection Set: 0.1ms
[2025-06-05T16:32:06.123+0000][0.722s][info ][gc,phases   ] GC(3)   Merge Heap Roots: 0.1ms
[2025-06-05T16:32:06.123+0000][0.722s][info ][gc,phases   ] GC(3)   Evacuate Collection Set: 15.6ms
[2025-06-05T16:32:06.123+0000][0.723s][info ][gc,phases   ] GC(3)   Post Evacuate Collection Set: 0.4ms
[2025-06-05T16:32:06.123+0000][0.723s][info ][gc,phases   ] GC(3)   Other: 0.2ms
[2025-06-05T16:32:06.123+0000][0.723s][info ][gc,heap     ] GC(3) Eden regions: 29->0(32)
[2025-06-05T16:32:06.123+0000][0.723s][info ][gc,heap     ] GC(3) Survivor regions: 3->1(4)
[2025-06-05T16:32:06.123+0000][0.723s][info ][gc,heap     ] GC(3) Old regions: 7->10
[2025-06-05T16:32:06.123+0000][0.723s][info ][gc,heap     ] GC(3) Archive regions: 2->2
[2025-06-05T16:32:06.123+0000][0.723s][info ][gc,heap     ] GC(3) Humongous regions: 0->0
[2025-06-05T16:32:06.123+0000][0.723s][info ][gc,metaspace] GC(3) Metaspace: 4563K(4864K)->4563K(4864K) NonClass: 4044K(4224K)->4044K(4224K) Class: 519K(640K)->519K(640K)
[2025-06-05T16:32:06.123+0000][0.723s][info ][gc          ] GC(3) Pause Young (Normal) (G1 Evacuation Pause) 39M->11M(64M) 16.740ms
[2025-06-05T16:32:06.123+0000][0.723s][info ][gc,cpu      ] GC(3) User=0.01s Sys=0.01s Real=0.01s
[2025-06-05T16:32:06.123+0000][0.723s][info ][safepoint   ] Safepoint "G1CollectForAllocation", Time since last: 109996542 ns, Reaching safepoint: 119750 ns, Cleanup: 31042 ns, At safepoint: 16832208 ns, Total: 16983000 ns
[2025-06-05T16:32:06.253+0000][0.852s][debug][safepoint   ] Safepoint synchronization initiated using futex wait barrier. (13 threads)
[2025-06-05T16:32:06.253+0000][0.853s][info ][gc,start    ] GC(4) Pause Young (Normal) (G1 Evacuation Pause)
[2025-06-05T16:32:06.253+0000][0.853s][info ][gc,task     ] GC(4) Using 2 workers of 2 for evacuation
[2025-06-05T16:32:06.257+0000][0.857s][info ][gc,phases   ] GC(4)   Pre Evacuate Collection Set: 0.1ms
[2025-06-05T16:32:06.257+0000][0.857s][info ][gc,phases   ] GC(4)   Merge Heap Roots: 0.1ms
[2025-06-05T16:32:06.257+0000][0.857s][info ][gc,phases   ] GC(4)   Evacuate Collection Set: 1.8ms
[2025-06-05T16:32:06.258+0000][0.857s][info ][gc,phases   ] GC(4)   Post Evacuate Collection Set: 1.4ms
[2025-06-05T16:32:06.258+0000][0.857s][info ][gc,phases   ] GC(4)   Other: 0.6ms
[2025-06-05T16:32:06.258+0000][0.857s][info ][gc,heap     ] GC(4) Eden regions: 32->0(59)
[2025-06-05T16:32:06.258+0000][0.857s][info ][gc,heap     ] GC(4) Survivor regions: 1->1(5)
[2025-06-05T16:32:06.258+0000][0.857s][info ][gc,heap     ] GC(4) Old regions: 10->10
[2025-06-05T16:32:06.258+0000][0.857s][info ][gc,heap     ] GC(4) Archive regions: 2->2
[2025-06-05T16:32:06.258+0000][0.857s][info ][gc,heap     ] GC(4) Humongous regions: 0->0
[2025-06-05T16:32:06.258+0000][0.857s][info ][gc,metaspace] GC(4) Metaspace: 5793K(6080K)->5793K(6080K) NonClass: 5077K(5248K)->5077K(5248K) Class: 716K(832K)->716K(832K)
[2025-06-05T16:32:06.258+0000][0.857s][info ][gc          ] GC(4) Pause Young (Normal) (G1 Evacuation Pause) 43M->11M(101M) 4.901ms
[2025-06-05T16:32:06.258+0000][0.858s][info ][gc,cpu      ] GC(4) User=0.01s Sys=0.00s Real=0.01s
[2025-06-05T16:32:06.258+0000][0.858s][info ][safepoint   ] Safepoint "G1CollectForAllocation", Time since last: 129306792 ns, Reaching safepoint: 160541 ns, Cleanup: 234625 ns, At safepoint: 5010709 ns, Total: 5405875 ns
[2025-06-05T16:32:06.736+0000][1.335s][debug][safepoint   ] Safepoint synchronization initiated using futex wait barrier. (13 threads)
[2025-06-05T16:32:06.736+0000][1.335s][info ][safepoint   ] Safepoint "ICBufferFull", Time since last: 477475292 ns, Reaching safepoint: 231541 ns, Cleanup: 83500 ns, At safepoint: 4875 ns, Total: 319916 ns
[2025-06-05T16:32:06.820+0000][1.419s][debug][safepoint   ] Safepoint synchronization initiated using futex wait barrier. (13 threads)
[2025-06-05T16:32:06.820+0000][1.420s][info ][gc,start    ] GC(5) Pause Young (Normal) (G1 Evacuation Pause)
[2025-06-05T16:32:06.820+0000][1.420s][info ][gc,task     ] GC(5) Using 2 workers of 2 for evacuation
[2025-06-05T16:32:06.824+0000][1.424s][info ][gc,phases   ] GC(5)   Pre Evacuate Collection Set: 0.2ms
[2025-06-05T16:32:06.824+0000][1.424s][info ][gc,phases   ] GC(5)   Merge Heap Roots: 0.1ms
[2025-06-05T16:32:06.824+0000][1.424s][info ][gc,phases   ] GC(5)   Evacuate Collection Set: 2.8ms
[2025-06-05T16:32:06.824+0000][1.424s][info ][gc,phases   ] GC(5)   Post Evacuate Collection Set: 0.7ms
[2025-06-05T16:32:06.825+0000][1.424s][info ][gc,phases   ] GC(5)   Other: 0.3ms
[2025-06-05T16:32:06.825+0000][1.424s][info ][gc,heap     ] GC(5) Eden regions: 59->0(57)
[2025-06-05T16:32:06.825+0000][1.424s][info ][gc,heap     ] GC(5) Survivor regions: 1->3(8)
[2025-06-05T16:32:06.825+0000][1.424s][info ][gc,heap     ] GC(5) Old regions: 10->10
[2025-06-05T16:32:06.825+0000][1.424s][info ][gc,heap     ] GC(5) Archive regions: 2->2
[2025-06-05T16:32:06.825+0000][1.424s][info ][gc,heap     ] GC(5) Humongous regions: 0->0
[2025-06-05T16:32:06.825+0000][1.424s][info ][gc,metaspace] GC(5) Metaspace: 9060K(9408K)->9060K(9408K) NonClass: 7907K(8064K)->7907K(8064K) Class: 1153K(1344K)->1153K(1344K)
[2025-06-05T16:32:06.825+0000][1.424s][info ][gc          ] GC(5) Pause Young (Normal) (G1 Evacuation Pause) 70M->13M(101M) 4.500ms
[2025-06-05T16:32:06.825+0000][1.424s][info ][gc,cpu      ] GC(5) User=0.01s Sys=0.00s Real=0.01s
[2025-06-05T16:32:06.825+0000][1.424s][info ][safepoint   ] Safepoint "G1CollectForAllocation", Time since last: 84062500 ns, Reaching safepoint: 166292 ns, Cleanup: 35167 ns, At safepoint: 4626958 ns, Total: 4828417 ns
[2025-06-05T16:32:07.022+0000][1.622s][debug][safepoint   ] Safepoint synchronization initiated using futex wait barrier. (13 threads)
[2025-06-05T16:32:07.023+0000][1.622s][info ][gc,start    ] GC(6) Pause Young (Normal) (G1 Evacuation Pause)
[2025-06-05T16:32:07.023+0000][1.622s][info ][gc,task     ] GC(6) Using 2 workers of 2 for evacuation
[2025-06-05T16:32:07.028+0000][1.628s][info ][gc,phases   ] GC(6)   Pre Evacuate Collection Set: 0.1ms
[2025-06-05T16:32:07.028+0000][1.628s][info ][gc,phases   ] GC(6)   Merge Heap Roots: 0.1ms
[2025-06-05T16:32:07.028+0000][1.628s][info ][gc,phases   ] GC(6)   Evacuate Collection Set: 4.3ms
[2025-06-05T16:32:07.028+0000][1.628s][info ][gc,phases   ] GC(6)   Post Evacuate Collection Set: 0.7ms
[2025-06-05T16:32:07.028+0000][1.628s][info ][gc,phases   ] GC(6)   Other: 0.2ms
[2025-06-05T16:32:07.029+0000][1.628s][info ][gc,heap     ] GC(6) Eden regions: 57->0(56)
[2025-06-05T16:32:07.029+0000][1.628s][info ][gc,heap     ] GC(6) Survivor regions: 3->4(8)
[2025-06-05T16:32:07.029+0000][1.628s][info ][gc,heap     ] GC(6) Old regions: 10->10
[2025-06-05T16:32:07.029+0000][1.628s][info ][gc,heap     ] GC(6) Archive regions: 2->2
[2025-06-05T16:32:07.029+0000][1.628s][info ][gc,heap     ] GC(6) Humongous regions: 0->0
[2025-06-05T16:32:07.029+0000][1.628s][info ][gc,metaspace] GC(6) Metaspace: 10965K(11264K)->10965K(11264K) NonClass: 9528K(9664K)->9528K(9664K) Class: 1436K(1600K)->1436K(1600K)
[2025-06-05T16:32:07.029+0000][1.628s][info ][gc          ] GC(6) Pause Young (Normal) (G1 Evacuation Pause) 70M->13M(101M) 6.324ms
[2025-06-05T16:32:07.029+0000][1.629s][info ][gc,cpu      ] GC(6) User=0.02s Sys=0.00s Real=0.01s
[2025-06-05T16:32:07.029+0000][1.629s][info ][safepoint   ] Safepoint "G1CollectForAllocation", Time since last: 197612583 ns, Reaching safepoint: 140709 ns, Cleanup: 43750 ns, At safepoint: 6503583 ns, Total: 6688042 ns
[2025-06-05T16:32:07.124+0000][1.724s][debug][safepoint   ] Safepoint synchronization initiated using futex wait barrier. (13 threads)
[2025-06-05T16:32:07.125+0000][1.724s][info ][safepoint   ] Safepoint "ICBufferFull", Time since last: 95062292 ns, Reaching safepoint: 598833 ns, Cleanup: 48750 ns, At safepoint: 12708 ns, Total: 660291 ns
[2025-06-05T16:32:07.159+0000][1.758s][debug][safepoint   ] Safepoint synchronization initiated using futex wait barrier. (13 threads)
[2025-06-05T16:32:07.159+0000][1.758s][info ][safepoint   ] Safepoint "ICBufferFull", Time since last: 33751667 ns, Reaching safepoint: 132042 ns, Cleanup: 43125 ns, At safepoint: 1333 ns, Total: 176500 ns
[2025-06-05T16:32:07.236+0000][1.835s][debug][safepoint   ] Safepoint synchronization initiated using futex wait barrier. (14 threads)
[2025-06-05T16:32:07.237+0000][1.836s][info ][safepoint   ] Safepoint "ICBufferFull", Time since last: 76776667 ns, Reaching safepoint: 1169083 ns, Cleanup: 65500 ns, At safepoint: 6000 ns, Total: 1240583 ns
[2025-06-05T16:32:07.251+0000][1.851s][debug][safepoint   ] ... found polling page loop exception at pc = 0x0000ffff8d8be4f4, stub =0x0000ffff9497ef00
[2025-06-05T16:32:07.252+0000][1.852s][debug][safepoint   ] Safepoint synchronization initiated using futex wait barrier. (14 threads)
[2025-06-05T16:32:07.254+0000][1.853s][info ][gc,start    ] GC(7) Pause Young (Normal) (G1 Evacuation Pause)
[2025-06-05T16:32:07.254+0000][1.853s][info ][gc,task     ] GC(7) Using 2 workers of 2 for evacuation
[2025-06-05T16:32:07.259+0000][1.858s][info ][gc,phases   ] GC(7)   Pre Evacuate Collection Set: 0.1ms
[2025-06-05T16:32:07.259+0000][1.858s][info ][gc,phases   ] GC(7)   Merge Heap Roots: 0.0ms
[2025-06-05T16:32:07.259+0000][1.858s][info ][gc,phases   ] GC(7)   Evacuate Collection Set: 4.2ms
[2025-06-05T16:32:07.259+0000][1.858s][info ][gc,phases   ] GC(7)   Post Evacuate Collection Set: 0.5ms
[2025-06-05T16:32:07.259+0000][1.859s][info ][gc,phases   ] GC(7)   Other: 0.2ms
[2025-06-05T16:32:07.259+0000][1.859s][info ][gc,heap     ] GC(7) Eden regions: 56->0(54)
[2025-06-05T16:32:07.259+0000][1.859s][info ][gc,heap     ] GC(7) Survivor regions: 4->6(8)
[2025-06-05T16:32:07.259+0000][1.859s][info ][gc,heap     ] GC(7) Old regions: 10->10
[2025-06-05T16:32:07.259+0000][1.859s][info ][gc,heap     ] GC(7) Archive regions: 2->2
[2025-06-05T16:32:07.259+0000][1.859s][info ][gc,heap     ] GC(7) Humongous regions: 0->0
[2025-06-05T16:32:07.259+0000][1.859s][info ][gc,metaspace] GC(7) Metaspace: 12949K(13184K)->12949K(13184K) NonClass: 11276K(11392K)->11276K(11392K) Class: 1673K(1792K)->1673K(1792K)
[2025-06-05T16:32:07.259+0000][1.859s][info ][gc          ] GC(7) Pause Young (Normal) (G1 Evacuation Pause) 69M->16M(101M) 5.551ms
[2025-06-05T16:32:07.259+0000][1.859s][info ][gc,cpu      ] GC(7) User=0.01s Sys=0.01s Real=0.01s
[2025-06-05T16:32:07.260+0000][1.859s][info ][safepoint   ] Safepoint "G1CollectForAllocation", Time since last: 15447958 ns, Reaching safepoint: 1552292 ns, Cleanup: 50292 ns, At safepoint: 5843916 ns, Total: 7446500 ns
[2025-06-05T16:32:07.440+0000][2.039s][debug][safepoint   ] Safepoint synchronization initiated using futex wait barrier. (14 threads)
[2025-06-05T16:32:07.441+0000][2.040s][info ][gc,start    ] GC(8) Pause Young (Normal) (G1 Evacuation Pause)
[2025-06-05T16:32:07.441+0000][2.040s][info ][gc,task     ] GC(8) Using 2 workers of 2 for evacuation
[2025-06-05T16:32:07.451+0000][2.051s][info ][gc,phases   ] GC(8)   Pre Evacuate Collection Set: 0.1ms
[2025-06-05T16:32:07.451+0000][2.051s][info ][gc,phases   ] GC(8)   Merge Heap Roots: 0.0ms
[2025-06-05T16:32:07.451+0000][2.051s][info ][gc,phases   ] GC(8)   Evacuate Collection Set: 9.4ms
[2025-06-05T16:32:07.451+0000][2.051s][info ][gc,phases   ] GC(8)   Post Evacuate Collection Set: 0.5ms
[2025-06-05T16:32:07.451+0000][2.051s][info ][gc,phases   ] GC(8)   Other: 0.1ms
[2025-06-05T16:32:07.451+0000][2.051s][info ][gc,heap     ] GC(8) Eden regions: 54->0(56)
[2025-06-05T16:32:07.451+0000][2.051s][info ][gc,heap     ] GC(8) Survivor regions: 6->4(8)
[2025-06-05T16:32:07.451+0000][2.051s][info ][gc,heap     ] GC(8) Old regions: 10->12
[2025-06-05T16:32:07.452+0000][2.051s][info ][gc,heap     ] GC(8) Archive regions: 2->2
[2025-06-05T16:32:07.452+0000][2.051s][info ][gc,heap     ] GC(8) Humongous regions: 0->0
[2025-06-05T16:32:07.452+0000][2.051s][info ][gc,metaspace] GC(8) Metaspace: 14788K(15104K)->14788K(15104K) NonClass: 12873K(12992K)->12873K(12992K) Class: 1914K(2112K)->1914K(2112K)
[2025-06-05T16:32:07.452+0000][2.051s][info ][gc          ] GC(8) Pause Young (Normal) (G1 Evacuation Pause) 70M->16M(101M) 10.632ms
[2025-06-05T16:32:07.452+0000][2.051s][info ][gc,cpu      ] GC(8) User=0.01s Sys=0.01s Real=0.01s
[2025-06-05T16:32:07.452+0000][2.051s][info ][safepoint   ] Safepoint "G1CollectForAllocation", Time since last: 180044709 ns, Reaching safepoint: 1177458 ns, Cleanup: 59417 ns, At safepoint: 10738875 ns, Total: 11975750 ns
[2025-06-05T16:32:07.540+0000][2.139s][info ][cds,heap    ] initialize_from_archived_subgraph java.lang.Byte$ByteCache 0x00000028000395f8
[2025-06-05T16:32:07.540+0000][2.139s][info ][cds,heap    ] initialize_from_archived_subgraph java.lang.Short$ShortCache 0x000000280003fce8
[2025-06-05T16:32:07.560+0000][2.159s][debug][safepoint   ] Safepoint synchronization initiated using futex wait barrier. (14 threads)
[2025-06-05T16:32:07.560+0000][2.160s][info ][gc,start    ] GC(9) Pause Young (Normal) (G1 Evacuation Pause)
[2025-06-05T16:32:07.560+0000][2.160s][info ][gc,task     ] GC(9) Using 2 workers of 2 for evacuation
[2025-06-05T16:32:07.564+0000][2.164s][info ][gc,phases   ] GC(9)   Pre Evacuate Collection Set: 0.1ms
[2025-06-05T16:32:07.565+0000][2.164s][info ][gc,phases   ] GC(9)   Merge Heap Roots: 0.1ms
[2025-06-05T16:32:07.565+0000][2.164s][info ][gc,phases   ] GC(9)   Evacuate Collection Set: 3.1ms
[2025-06-05T16:32:07.565+0000][2.164s][info ][gc,phases   ] GC(9)   Post Evacuate Collection Set: 0.9ms
[2025-06-05T16:32:07.565+0000][2.164s][info ][gc,phases   ] GC(9)   Other: 0.1ms
[2025-06-05T16:32:07.565+0000][2.164s][info ][gc,heap     ] GC(9) Eden regions: 56->0(69)
[2025-06-05T16:32:07.565+0000][2.164s][info ][gc,heap     ] GC(9) Survivor regions: 4->4(8)
[2025-06-05T16:32:07.565+0000][2.164s][info ][gc,heap     ] GC(9) Old regions: 12->12
[2025-06-05T16:32:07.565+0000][2.164s][info ][gc,heap     ] GC(9) Archive regions: 2->2
[2025-06-05T16:32:07.565+0000][2.164s][info ][gc,heap     ] GC(9) Humongous regions: 0->0
[2025-06-05T16:32:07.565+0000][2.164s][info ][gc,metaspace] GC(9) Metaspace: 16355K(16704K)->16355K(16704K) NonClass: 14144K(14336K)->14144K(14336K) Class: 2210K(2368K)->2210K(2368K)
[2025-06-05T16:32:07.565+0000][2.164s][info ][gc          ] GC(9) Pause Young (Normal) (G1 Evacuation Pause) 72M->16M(122M) 4.725ms
[2025-06-05T16:32:07.565+0000][2.164s][info ][gc,cpu      ] GC(9) User=0.01s Sys=0.00s Real=0.01s
[2025-06-05T16:32:07.565+0000][2.165s][info ][safepoint   ] Safepoint "G1CollectForAllocation", Time since last: 108292875 ns, Reaching safepoint: 218583 ns, Cleanup: 46709 ns, At safepoint: 4889333 ns, Total: 5154625 ns
[2025-06-05T16:32:07.769+0000][2.368s][debug][safepoint   ] Safepoint synchronization initiated using futex wait barrier. (14 threads)
[2025-06-05T16:32:07.770+0000][2.369s][info ][gc,start    ] GC(10) Pause Young (Normal) (G1 Evacuation Pause)
[2025-06-05T16:32:07.770+0000][2.369s][info ][gc,task     ] GC(10) Using 2 workers of 2 for evacuation
[2025-06-05T16:32:07.776+0000][2.375s][info ][gc,phases   ] GC(10)   Pre Evacuate Collection Set: 0.1ms
[2025-06-05T16:32:07.776+0000][2.376s][info ][gc,phases   ] GC(10)   Merge Heap Roots: 0.1ms
[2025-06-05T16:32:07.776+0000][2.376s][info ][gc,phases   ] GC(10)   Evacuate Collection Set: 5.0ms
[2025-06-05T16:32:07.776+0000][2.376s][info ][gc,phases   ] GC(10)   Post Evacuate Collection Set: 0.7ms
[2025-06-05T16:32:07.776+0000][2.376s][info ][gc,phases   ] GC(10)   Other: 0.2ms
[2025-06-05T16:32:07.776+0000][2.376s][info ][gc,heap     ] GC(10) Eden regions: 69->0(66)
[2025-06-05T16:32:07.776+0000][2.376s][info ][gc,heap     ] GC(10) Survivor regions: 4->7(10)
[2025-06-05T16:32:07.776+0000][2.376s][info ][gc,heap     ] GC(10) Old regions: 12->12
[2025-06-05T16:32:07.776+0000][2.376s][info ][gc,heap     ] GC(10) Archive regions: 2->2
[2025-06-05T16:32:07.776+0000][2.376s][info ][gc,heap     ] GC(10) Humongous regions: 0->0
[2025-06-05T16:32:07.777+0000][2.376s][info ][gc,metaspace] GC(10) Metaspace: 18128K(18432K)->18128K(18432K) NonClass: 15693K(15872K)->15693K(15872K) Class: 2435K(2560K)->2435K(2560K)
[2025-06-05T16:32:07.777+0000][2.376s][info ][gc          ] GC(10) Pause Young (Normal) (G1 Evacuation Pause) 85M->19M(122M) 6.686ms
[2025-06-05T16:32:07.777+0000][2.376s][info ][gc,cpu      ] GC(10) User=0.02s Sys=0.00s Real=0.01s
[2025-06-05T16:32:07.777+0000][2.376s][info ][safepoint   ] Safepoint "G1CollectForAllocation", Time since last: 203675250 ns, Reaching safepoint: 964625 ns, Cleanup: 64708 ns, At safepoint: 6833542 ns, Total: 7862875 ns
[2025-06-05T16:32:07.970+0000][2.569s][debug][safepoint   ] Safepoint synchronization initiated using futex wait barrier. (14 threads)
[2025-06-05T16:32:07.970+0000][2.569s][info ][gc,start    ] GC(11) Pause Young (Concurrent Start) (Metadata GC Threshold)
[2025-06-05T16:32:07.970+0000][2.569s][info ][gc,task     ] GC(11) Using 2 workers of 2 for evacuation
[2025-06-05T16:32:08.020+0000][2.620s][info ][gc,phases   ] GC(11)   Pre Evacuate Collection Set: 0.1ms
[2025-06-05T16:32:08.020+0000][2.620s][info ][gc,phases   ] GC(11)   Merge Heap Roots: 0.0ms
[2025-06-05T16:32:08.020+0000][2.620s][info ][gc,phases   ] GC(11)   Evacuate Collection Set: 49.2ms
[2025-06-05T16:32:08.020+0000][2.620s][info ][gc,phases   ] GC(11)   Post Evacuate Collection Set: 0.8ms
[2025-06-05T16:32:08.020+0000][2.620s][info ][gc,phases   ] GC(11)   Other: 0.2ms
[2025-06-05T16:32:08.021+0000][2.620s][info ][gc,heap     ] GC(11) Eden regions: 49->0(67)
[2025-06-05T16:32:08.021+0000][2.620s][info ][gc,heap     ] GC(11) Survivor regions: 7->6(10)
[2025-06-05T16:32:08.021+0000][2.620s][info ][gc,heap     ] GC(11) Old regions: 12->15
[2025-06-05T16:32:08.021+0000][2.620s][info ][gc,heap     ] GC(11) Archive regions: 2->2
[2025-06-05T16:32:08.021+0000][2.620s][info ][gc,heap     ] GC(11) Humongous regions: 0->0
[2025-06-05T16:32:08.021+0000][2.620s][info ][gc,metaspace] GC(11) Metaspace: 21174K(21504K)->21174K(21504K) NonClass: 18428K(18560K)->18428K(18560K) Class: 2746K(2944K)->2746K(2944K)
[2025-06-05T16:32:08.021+0000][2.620s][info ][gc          ] GC(11) Pause Young (Concurrent Start) (Metadata GC Threshold) 68M->21M(122M) 51.097ms
[2025-06-05T16:32:08.021+0000][2.620s][info ][gc,cpu      ] GC(11) User=0.02s Sys=0.01s Real=0.05s
[2025-06-05T16:32:08.021+0000][2.621s][info ][gc          ] GC(12) Concurrent Mark Cycle
[2025-06-05T16:32:08.021+0000][2.621s][info ][gc,marking  ] GC(12) Concurrent Clear Claimed Marks
[2025-06-05T16:32:08.021+0000][2.621s][info ][safepoint   ] Safepoint "CollectForMetadataAllocation", Time since last: 192936500 ns, Reaching safepoint: 122042 ns, Cleanup: 60791 ns, At safepoint: 51361792 ns, Total: 51544625 ns
[2025-06-05T16:32:08.022+0000][2.621s][info ][gc,marking  ] GC(12) Concurrent Clear Claimed Marks 0.266ms
[2025-06-05T16:32:08.022+0000][2.621s][info ][gc,marking  ] GC(12) Concurrent Scan Root Regions
[2025-06-05T16:32:08.022+0000][2.621s][debug][safepoint   ] Safepoint synchronization initiated using futex wait barrier. (14 threads)
[2025-06-05T16:32:08.023+0000][2.622s][info ][safepoint   ] Safepoint "CollectForMetadataAllocation", Time since last: 745417 ns, Reaching safepoint: 821875 ns, Cleanup: 3791 ns, At safepoint: 13084 ns, Total: 838750 ns
[2025-06-05T16:32:08.027+0000][2.626s][info ][gc,marking  ] GC(12) Concurrent Scan Root Regions 5.086ms
[2025-06-05T16:32:08.028+0000][2.627s][info ][gc,marking  ] GC(12) Concurrent Mark
[2025-06-05T16:32:08.028+0000][2.627s][info ][gc,marking  ] GC(12) Concurrent Mark From Roots
[2025-06-05T16:32:08.028+0000][2.628s][info ][gc,task     ] GC(12) Using 1 workers of 1 for marking
[2025-06-05T16:32:08.033+0000][2.632s][debug][safepoint   ] Safepoint synchronization initiated using futex wait barrier. (14 threads)
[2025-06-05T16:32:08.036+0000][2.635s][info ][safepoint   ] Safepoint "CollectForMetadataAllocation", Time since last: 9494208 ns, Reaching safepoint: 3648667 ns, Cleanup: 11416 ns, At safepoint: 113000 ns, Total: 3773083 ns
[2025-06-05T16:32:08.037+0000][2.636s][debug][safepoint   ] Safepoint synchronization initiated using futex wait barrier. (14 threads)
[2025-06-05T16:32:08.037+0000][2.636s][info ][safepoint   ] Safepoint "CollectForMetadataAllocation", Time since last: 570917 ns, Reaching safepoint: 166375 ns, Cleanup: 2500 ns, At safepoint: 7417 ns, Total: 176292 ns
[2025-06-05T16:32:08.047+0000][2.647s][info ][gc,marking  ] GC(12) Concurrent Mark From Roots 19.320ms
[2025-06-05T16:32:08.049+0000][2.648s][info ][gc,marking  ] GC(12) Concurrent Preclean
[2025-06-05T16:32:08.049+0000][2.649s][info ][gc,marking  ] GC(12) Concurrent Preclean 0.691ms
[2025-06-05T16:32:08.050+0000][2.649s][debug][safepoint   ] Safepoint synchronization initiated using futex wait barrier. (14 threads)
[2025-06-05T16:32:08.051+0000][2.650s][info ][gc,start    ] GC(12) Pause Remark
[2025-06-05T16:32:08.054+0000][2.653s][info ][gc          ] GC(12) Pause Remark 29M->29M(104M) 2.669ms
[2025-06-05T16:32:08.054+0000][2.653s][info ][gc,cpu      ] GC(12) User=0.01s Sys=0.00s Real=0.00s
[2025-06-05T16:32:08.054+0000][2.653s][info ][safepoint   ] Safepoint "G1PauseRemark", Time since last: 12864000 ns, Reaching safepoint: 1290583 ns, Cleanup: 19458 ns, At safepoint: 2910792 ns, Total: 4220833 ns
[2025-06-05T16:32:08.055+0000][2.654s][info ][gc,marking  ] GC(12) Concurrent Mark 26.803ms
[2025-06-05T16:32:08.055+0000][2.654s][info ][gc,marking  ] GC(12) Concurrent Rebuild Remembered Sets
[2025-06-05T16:32:08.063+0000][2.663s][info ][gc,marking  ] GC(12) Concurrent Rebuild Remembered Sets 8.310ms
[2025-06-05T16:32:08.064+0000][2.664s][debug][safepoint   ] Safepoint synchronization initiated using futex wait barrier. (14 threads)
[2025-06-05T16:32:08.064+0000][2.664s][info ][gc,start    ] GC(12) Pause Cleanup
[2025-06-05T16:32:08.065+0000][2.664s][info ][gc          ] GC(12) Pause Cleanup 33M->33M(104M) 0.153ms
[2025-06-05T16:32:08.065+0000][2.664s][info ][gc,cpu      ] GC(12) User=0.00s Sys=0.00s Real=0.00s
[2025-06-05T16:32:08.065+0000][2.664s][info ][safepoint   ] Safepoint "G1PauseCleanup", Time since last: 10413208 ns, Reaching safepoint: 86875 ns, Cleanup: 14209 ns, At safepoint: 268666 ns, Total: 369750 ns
[2025-06-05T16:32:08.065+0000][2.664s][info ][gc,marking  ] GC(12) Concurrent Cleanup for Next Mark
[2025-06-05T16:32:08.124+0000][2.723s][info ][gc,marking  ] GC(12) Concurrent Cleanup for Next Mark 59.030ms
[2025-06-05T16:32:08.124+0000][2.723s][info ][gc          ] GC(12) Concurrent Mark Cycle 102.812ms
[2025-06-05T16:32:08.242+0000][2.841s][debug][safepoint   ] Safepoint synchronization initiated using futex wait barrier. (14 threads)
[2025-06-05T16:32:08.242+0000][2.842s][info ][safepoint   ] Safepoint "ICBufferFull", Time since last: 177262751 ns, Reaching safepoint: 265875 ns, Cleanup: 70375 ns, At safepoint: 10708 ns, Total: 346958 ns
[2025-06-05T16:32:08.254+0000][2.854s][debug][safepoint   ] Safepoint synchronization initiated using futex wait barrier. (14 threads)
[2025-06-05T16:32:08.255+0000][2.855s][info ][gc,start    ] GC(13) Pause Young (Concurrent Start) (G1 Evacuation Pause)
[2025-06-05T16:32:08.255+0000][2.855s][info ][gc,task     ] GC(13) Using 2 workers of 2 for evacuation
[2025-06-05T16:32:08.263+0000][2.862s][info ][gc,phases   ] GC(13)   Pre Evacuate Collection Set: 0.1ms
[2025-06-05T16:32:08.263+0000][2.862s][info ][gc,phases   ] GC(13)   Merge Heap Roots: 0.1ms
[2025-06-05T16:32:08.263+0000][2.863s][info ][gc,phases   ] GC(13)   Evacuate Collection Set: 6.6ms
[2025-06-05T16:32:08.263+0000][2.863s][info ][gc,phases   ] GC(13)   Post Evacuate Collection Set: 0.6ms
[2025-06-05T16:32:08.263+0000][2.863s][info ][gc,phases   ] GC(13)   Other: 0.2ms
[2025-06-05T16:32:08.263+0000][2.863s][info ][gc,heap     ] GC(13) Eden regions: 67->0(54)
[2025-06-05T16:32:08.263+0000][2.863s][info ][gc,heap     ] GC(13) Survivor regions: 6->8(10)
[2025-06-05T16:32:08.263+0000][2.863s][info ][gc,heap     ] GC(13) Old regions: 15->16
[2025-06-05T16:32:08.263+0000][2.863s][info ][gc,heap     ] GC(13) Archive regions: 2->2
[2025-06-05T16:32:08.263+0000][2.863s][info ][gc,heap     ] GC(13) Humongous regions: 0->0
[2025-06-05T16:32:08.263+0000][2.863s][info ][gc,metaspace] GC(13) Metaspace: 23471K(23872K)->23471K(23872K) NonClass: 20402K(20608K)->20402K(20608K) Class: 3068K(3264K)->3068K(3264K)
[2025-06-05T16:32:08.264+0000][2.863s][info ][gc          ] GC(13) Pause Young (Concurrent Start) (G1 Evacuation Pause) 88M->24M(104M) 8.246ms
[2025-06-05T16:32:08.264+0000][2.863s][info ][gc,cpu      ] GC(13) User=0.02s Sys=0.00s Real=0.00s
[2025-06-05T16:32:08.264+0000][2.863s][info ][safepoint   ] Safepoint "G1CollectForAllocation", Time since last: 11922250 ns, Reaching safepoint: 1069583 ns, Cleanup: 10917 ns, At safepoint: 8384625 ns, Total: 9465125 ns
[2025-06-05T16:32:08.264+0000][2.863s][info ][gc          ] GC(14) Concurrent Mark Cycle
[2025-06-05T16:32:08.265+0000][2.864s][info ][gc,marking  ] GC(14) Concurrent Clear Claimed Marks
[2025-06-05T16:32:08.265+0000][2.864s][info ][gc,marking  ] GC(14) Concurrent Clear Claimed Marks 0.100ms
[2025-06-05T16:32:08.265+0000][2.865s][info ][gc,marking  ] GC(14) Concurrent Scan Root Regions
[2025-06-05T16:32:08.268+0000][2.868s][info ][gc,marking  ] GC(14) Concurrent Scan Root Regions 2.985ms
[2025-06-05T16:32:08.268+0000][2.868s][info ][gc,marking  ] GC(14) Concurrent Mark
[2025-06-05T16:32:08.268+0000][2.868s][info ][gc,marking  ] GC(14) Concurrent Mark From Roots
[2025-06-05T16:32:08.268+0000][2.868s][info ][gc,task     ] GC(14) Using 1 workers of 1 for marking
[2025-06-05T16:32:08.280+0000][2.880s][info ][gc,marking  ] GC(14) Concurrent Mark From Roots 11.930ms
[2025-06-05T16:32:08.280+0000][2.880s][info ][gc,marking  ] GC(14) Concurrent Preclean
[2025-06-05T16:32:08.281+0000][2.880s][info ][gc,marking  ] GC(14) Concurrent Preclean 0.323ms
[2025-06-05T16:32:08.319+0000][2.918s][debug][safepoint   ] Safepoint synchronization initiated using futex wait barrier. (14 threads)
[2025-06-05T16:32:08.321+0000][2.921s][info ][gc,start    ] GC(14) Pause Remark
[2025-06-05T16:32:08.325+0000][2.925s][info ][gc          ] GC(14) Pause Remark 35M->35M(104M) 3.916ms
[2025-06-05T16:32:08.325+0000][2.925s][info ][gc,cpu      ] GC(14) User=0.00s Sys=0.00s Real=0.01s
[2025-06-05T16:32:08.325+0000][2.925s][info ][safepoint   ] Safepoint "G1PauseRemark", Time since last: 55391667 ns, Reaching safepoint: 1965166 ns, Cleanup: 154084 ns, At safepoint: 4172583 ns, Total: 6291833 ns
[2025-06-05T16:32:08.326+0000][2.925s][info ][gc,marking  ] GC(14) Concurrent Mark 57.438ms
[2025-06-05T16:32:08.331+0000][2.931s][info ][gc,marking  ] GC(14) Concurrent Rebuild Remembered Sets
[2025-06-05T16:32:08.343+0000][2.942s][info ][gc,marking  ] GC(14) Concurrent Rebuild Remembered Sets 11.511ms
[2025-06-05T16:32:08.344+0000][2.943s][debug][safepoint   ] Safepoint synchronization initiated using futex wait barrier. (14 threads)
[2025-06-05T16:32:08.345+0000][2.944s][info ][gc,start    ] GC(14) Pause Cleanup
[2025-06-05T16:32:08.345+0000][2.944s][info ][gc          ] GC(14) Pause Cleanup 41M->41M(104M) 0.215ms
[2025-06-05T16:32:08.345+0000][2.944s][info ][gc,cpu      ] GC(14) User=0.00s Sys=0.00s Real=0.00s
[2025-06-05T16:32:08.345+0000][2.945s][info ][safepoint   ] Safepoint "G1PauseCleanup", Time since last: 18461250 ns, Reaching safepoint: 940375 ns, Cleanup: 6958 ns, At safepoint: 351167 ns, Total: 1298500 ns
[2025-06-05T16:32:08.345+0000][2.945s][info ][gc,marking  ] GC(14) Concurrent Cleanup for Next Mark
[2025-06-05T16:32:08.352+0000][2.951s][info ][gc,marking  ] GC(14) Concurrent Cleanup for Next Mark 6.721ms
[2025-06-05T16:32:08.352+0000][2.952s][info ][gc          ] GC(14) Concurrent Mark Cycle 88.552ms
[2025-06-05T16:32:08.469+0000][3.069s][debug][safepoint   ] Safepoint synchronization initiated using futex wait barrier. (13 threads)
[2025-06-05T16:32:08.469+0000][3.069s][info ][gc,start    ] GC(15) Pause Young (Normal) (G1 Evacuation Pause)
[2025-06-05T16:32:08.469+0000][3.069s][info ][gc,task     ] GC(15) Using 2 workers of 2 for evacuation
[2025-06-05T16:32:08.478+0000][3.077s][info ][gc,phases   ] GC(15)   Pre Evacuate Collection Set: 0.1ms
[2025-06-05T16:32:08.478+0000][3.077s][info ][gc,phases   ] GC(15)   Merge Heap Roots: 0.1ms
[2025-06-05T16:32:08.478+0000][3.078s][info ][gc,phases   ] GC(15)   Evacuate Collection Set: 7.3ms
[2025-06-05T16:32:08.478+0000][3.078s][info ][gc,phases   ] GC(15)   Post Evacuate Collection Set: 0.9ms
[2025-06-05T16:32:08.478+0000][3.078s][info ][gc,phases   ] GC(15)   Other: 0.1ms
[2025-06-05T16:32:08.478+0000][3.078s][info ][gc,heap     ] GC(15) Eden regions: 54->0(52)
[2025-06-05T16:32:08.478+0000][3.078s][info ][gc,heap     ] GC(15) Survivor regions: 8->8(8)
[2025-06-05T16:32:08.478+0000][3.078s][info ][gc,heap     ] GC(15) Old regions: 16->21
[2025-06-05T16:32:08.478+0000][3.078s][info ][gc,heap     ] GC(15) Archive regions: 2->2
[2025-06-05T16:32:08.478+0000][3.078s][info ][gc,heap     ] GC(15) Humongous regions: 0->0
[2025-06-05T16:32:08.478+0000][3.078s][info ][gc,metaspace] GC(15) Metaspace: 24453K(24832K)->24453K(24832K) NonClass: 21261K(21440K)->21261K(21440K) Class: 3192K(3392K)->3192K(3392K)
[2025-06-05T16:32:08.478+0000][3.078s][info ][gc          ] GC(15) Pause Young (Normal) (G1 Evacuation Pause) 78M->29M(104M) 9.024ms
[2025-06-05T16:32:08.478+0000][3.078s][info ][gc,cpu      ] GC(15) User=0.02s Sys=0.00s Real=0.01s
[2025-06-05T16:32:08.479+0000][3.078s][info ][safepoint   ] Safepoint "G1CollectForAllocation", Time since last: 124113458 ns, Reaching safepoint: 159167 ns, Cleanup: 24917 ns, At safepoint: 9135916 ns, Total: 9320000 ns
[2025-06-05T16:32:08.699+0000][3.298s][debug][safepoint   ] Safepoint synchronization initiated using futex wait barrier. (13 threads)
[2025-06-05T16:32:08.700+0000][3.300s][info ][gc,start    ] GC(16) Pause Young (Normal) (G1 Evacuation Pause)
[2025-06-05T16:32:08.701+0000][3.301s][info ][gc,task     ] GC(16) Using 2 workers of 2 for evacuation
[2025-06-05T16:32:08.735+0000][3.334s][info ][gc,phases   ] GC(16)   Pre Evacuate Collection Set: 0.7ms
[2025-06-05T16:32:08.735+0000][3.335s][info ][gc,phases   ] GC(16)   Merge Heap Roots: 0.8ms
[2025-06-05T16:32:08.735+0000][3.335s][info ][gc,phases   ] GC(16)   Evacuate Collection Set: 27.8ms
[2025-06-05T16:32:08.736+0000][3.335s][info ][gc,phases   ] GC(16)   Post Evacuate Collection Set: 3.4ms
[2025-06-05T16:32:08.736+0000][3.335s][info ][gc,phases   ] GC(16)   Other: 2.2ms
[2025-06-05T16:32:08.736+0000][3.335s][info ][gc,heap     ] GC(16) Eden regions: 52->0(44)
[2025-06-05T16:32:08.736+0000][3.335s][info ][gc,heap     ] GC(16) Survivor regions: 8->7(8)
[2025-06-05T16:32:08.736+0000][3.336s][info ][gc,heap     ] GC(16) Old regions: 21->29
[2025-06-05T16:32:08.737+0000][3.336s][info ][gc,heap     ] GC(16) Archive regions: 2->2
[2025-06-05T16:32:08.737+0000][3.336s][info ][gc,heap     ] GC(16) Humongous regions: 0->0
[2025-06-05T16:32:08.737+0000][3.336s][info ][gc,metaspace] GC(16) Metaspace: 24454K(24832K)->24454K(24832K) NonClass: 21262K(21440K)->21262K(21440K) Class: 3192K(3392K)->3192K(3392K)
[2025-06-05T16:32:08.738+0000][3.337s][info ][gc          ] GC(16) Pause Young (Normal) (G1 Evacuation Pause) 81M->36M(104M) 37.463ms
[2025-06-05T16:32:08.738+0000][3.338s][info ][gc,cpu      ] GC(16) User=0.06s Sys=0.01s Real=0.04s
[2025-06-05T16:32:08.739+0000][3.338s][info ][safepoint   ] Safepoint "G1CollectForAllocation", Time since last: 220192250 ns, Reaching safepoint: 1283959 ns, Cleanup: 80708 ns, At safepoint: 38651792 ns, Total: 40016459 ns
[2025-06-05T16:32:08.834+0000][3.433s][debug][safepoint   ] Safepoint synchronization initiated using futex wait barrier. (13 threads)
[2025-06-05T16:32:08.834+0000][3.433s][info ][gc,start    ] GC(17) Pause Young (Normal) (G1 Evacuation Pause)
[2025-06-05T16:32:08.834+0000][3.433s][info ][gc,task     ] GC(17) Using 2 workers of 2 for evacuation
[2025-06-05T16:32:08.846+0000][3.445s][info ][gc,phases   ] GC(17)   Pre Evacuate Collection Set: 0.1ms
[2025-06-05T16:32:08.846+0000][3.445s][info ][gc,phases   ] GC(17)   Merge Heap Roots: 0.0ms
[2025-06-05T16:32:08.846+0000][3.445s][info ][gc,phases   ] GC(17)   Evacuate Collection Set: 10.1ms
[2025-06-05T16:32:08.846+0000][3.445s][info ][gc,phases   ] GC(17)   Post Evacuate Collection Set: 1.6ms
[2025-06-05T16:32:08.846+0000][3.445s][info ][gc,phases   ] GC(17)   Other: 0.1ms
[2025-06-05T16:32:08.846+0000][3.445s][info ][gc,heap     ] GC(17) Eden regions: 44->0(86)
[2025-06-05T16:32:08.846+0000][3.445s][info ][gc,heap     ] GC(17) Survivor regions: 7->6(7)
[2025-06-05T16:32:08.846+0000][3.445s][info ][gc,heap     ] GC(17) Old regions: 29->36
[2025-06-05T16:32:08.846+0000][3.445s][info ][gc,heap     ] GC(17) Archive regions: 2->2
[2025-06-05T16:32:08.846+0000][3.445s][info ][gc,heap     ] GC(17) Humongous regions: 0->0
[2025-06-05T16:32:08.846+0000][3.445s][info ][gc,metaspace] GC(17) Metaspace: 24533K(24896K)->24533K(24896K) NonClass: 21334K(21504K)->21334K(21504K) Class: 3198K(3392K)->3198K(3392K)
[2025-06-05T16:32:08.846+0000][3.445s][info ][gc          ] GC(17) Pause Young (Normal) (G1 Evacuation Pause) 80M->42M(169M) 12.383ms
[2025-06-05T16:32:08.846+0000][3.446s][info ][gc,cpu      ] GC(17) User=0.03s Sys=0.00s Real=0.02s
[2025-06-05T16:32:08.846+0000][3.446s][info ][safepoint   ] Safepoint "G1CollectForAllocation", Time since last: 94778667 ns, Reaching safepoint: 116750 ns, Cleanup: 26291 ns, At safepoint: 12471209 ns, Total: 12614250 ns
[2025-06-05T16:32:08.999+0000][3.598s][debug][safepoint   ] ... found polling page loop exception at pc = 0x0000ffff94f62924, stub =0x0000ffff9497ef00
[2025-06-05T16:32:09.023+0000][3.622s][debug][safepoint   ] ... found polling page loop exception at pc = 0x0000ffff9507d5d8, stub =0x0000ffff9497ef00
[2025-06-05T16:32:09.069+0000][3.668s][debug][safepoint   ] Safepoint synchronization initiated using futex wait barrier. (13 threads)
[2025-06-05T16:32:09.069+0000][3.669s][info ][safepoint   ] Safepoint "ICBufferFull", Time since last: 222824333 ns, Reaching safepoint: 118042 ns, Cleanup: 81208 ns, At safepoint: 5417 ns, Total: 204667 ns
[2025-06-05T16:32:09.145+0000][3.744s][debug][safepoint   ] Safepoint synchronization initiated using futex wait barrier. (13 threads)
[2025-06-05T16:32:09.145+0000][3.744s][info ][gc,start    ] GC(18) Pause Young (Normal) (G1 Evacuation Pause)
[2025-06-05T16:32:09.145+0000][3.744s][info ][gc,task     ] GC(18) Using 2 workers of 2 for evacuation
[2025-06-05T16:32:09.154+0000][3.753s][info ][gc,phases   ] GC(18)   Pre Evacuate Collection Set: 0.1ms
[2025-06-05T16:32:09.154+0000][3.753s][info ][gc,phases   ] GC(18)   Merge Heap Roots: 0.1ms
[2025-06-05T16:32:09.154+0000][3.753s][info ][gc,phases   ] GC(18)   Evacuate Collection Set: 7.6ms
[2025-06-05T16:32:09.154+0000][3.753s][info ][gc,phases   ] GC(18)   Post Evacuate Collection Set: 0.7ms
[2025-06-05T16:32:09.154+0000][3.753s][info ][gc,phases   ] GC(18)   Other: 0.2ms
[2025-06-05T16:32:09.154+0000][3.753s][info ][gc,heap     ] GC(18) Eden regions: 86->0(80)
[2025-06-05T16:32:09.154+0000][3.753s][info ][gc,heap     ] GC(18) Survivor regions: 6->12(12)
[2025-06-05T16:32:09.154+0000][3.754s][info ][gc,heap     ] GC(18) Old regions: 36->37
[2025-06-05T16:32:09.154+0000][3.754s][info ][gc,heap     ] GC(18) Archive regions: 2->2
[2025-06-05T16:32:09.154+0000][3.754s][info ][gc,heap     ] GC(18) Humongous regions: 0->0
[2025-06-05T16:32:09.154+0000][3.754s][info ][gc,metaspace] GC(18) Metaspace: 24982K(25344K)->24982K(25344K) NonClass: 21724K(21888K)->21724K(21888K) Class: 3258K(3456K)->3258K(3456K)
[2025-06-05T16:32:09.154+0000][3.754s][info ][gc          ] GC(18) Pause Young (Normal) (G1 Evacuation Pause) 128M->49M(169M) 9.317ms
[2025-06-05T16:32:09.154+0000][3.754s][info ][gc,cpu      ] GC(18) User=0.01s Sys=0.00s Real=0.00s
[2025-06-05T16:32:09.154+0000][3.754s][info ][safepoint   ] Safepoint "G1CollectForAllocation", Time since last: 75599000 ns, Reaching safepoint: 176958 ns, Cleanup: 44250 ns, At safepoint: 9448083 ns, Total: 9669291 ns
[2025-06-05T16:32:09.230+0000][3.830s][debug][safepoint   ] Safepoint synchronization initiated using futex wait barrier. (13 threads)
[2025-06-05T16:32:09.230+0000][3.830s][info ][safepoint   ] Safepoint "ICBufferFull", Time since last: 75857625 ns, Reaching safepoint: 122084 ns, Cleanup: 59375 ns, At safepoint: 6208 ns, Total: 187667 ns
[2025-06-05T16:32:09.276+0000][3.875s][debug][safepoint   ] Safepoint synchronization initiated using futex wait barrier. (13 threads)
[2025-06-05T16:32:09.276+0000][3.875s][info ][safepoint   ] Safepoint "ICBufferFull", Time since last: 45131250 ns, Reaching safepoint: 139500 ns, Cleanup: 56542 ns, At safepoint: 1750 ns, Total: 197792 ns
[2025-06-05T16:32:09.329+0000][3.929s][debug][safepoint   ] Safepoint synchronization initiated using futex wait barrier. (13 threads)
[2025-06-05T16:32:09.329+0000][3.929s][info ][safepoint   ] Safepoint "ICBufferFull", Time since last: 53377208 ns, Reaching safepoint: 159375 ns, Cleanup: 65667 ns, At safepoint: 2083 ns, Total: 227125 ns
[2025-06-05T16:32:09.356+0000][3.955s][debug][safepoint   ] Safepoint synchronization initiated using futex wait barrier. (13 threads)
[2025-06-05T16:32:09.357+0000][3.956s][info ][gc,start    ] GC(19) Pause Young (Normal) (G1 Evacuation Pause)
[2025-06-05T16:32:09.357+0000][3.956s][info ][gc,task     ] GC(19) Using 2 workers of 2 for evacuation
[2025-06-05T16:32:09.368+0000][3.968s][info ][gc,phases   ] GC(19)   Pre Evacuate Collection Set: 0.1ms
[2025-06-05T16:32:09.369+0000][3.968s][info ][gc,phases   ] GC(19)   Merge Heap Roots: 0.1ms
[2025-06-05T16:32:09.369+0000][3.968s][info ][gc,phases   ] GC(19)   Evacuate Collection Set: 9.7ms
[2025-06-05T16:32:09.369+0000][3.968s][info ][gc,phases   ] GC(19)   Post Evacuate Collection Set: 1.3ms
[2025-06-05T16:32:09.369+0000][3.968s][info ][gc,phases   ] GC(19)   Other: 0.2ms
[2025-06-05T16:32:09.369+0000][3.968s][info ][gc,heap     ] GC(19) Eden regions: 80->0(79)
[2025-06-05T16:32:09.369+0000][3.968s][info ][gc,heap     ] GC(19) Survivor regions: 12->4(12)
[2025-06-05T16:32:09.369+0000][3.968s][info ][gc,heap     ] GC(19) Old regions: 37->49
[2025-06-05T16:32:09.369+0000][3.968s][info ][gc,heap     ] GC(19) Archive regions: 2->2
[2025-06-05T16:32:09.369+0000][3.968s][info ][gc,heap     ] GC(19) Humongous regions: 0->0
[2025-06-05T16:32:09.369+0000][3.968s][info ][gc,metaspace] GC(19) Metaspace: 25212K(25600K)->25212K(25600K) NonClass: 21940K(22144K)->21940K(22144K) Class: 3272K(3456K)->3272K(3456K)
[2025-06-05T16:32:09.369+0000][3.969s][info ][gc          ] GC(19) Pause Young (Normal) (G1 Evacuation Pause) 129M->53M(169M) 12.074ms
[2025-06-05T16:32:09.369+0000][3.969s][info ][gc,cpu      ] GC(19) User=0.03s Sys=0.00s Real=0.01s
[2025-06-05T16:32:09.369+0000][3.969s][info ][safepoint   ] Safepoint "G1CollectForAllocation", Time since last: 26241583 ns, Reaching safepoint: 1294584 ns, Cleanup: 39333 ns, At safepoint: 12206083 ns, Total: 13540000 ns
[2025-06-05T16:32:09.447+0000][4.046s][debug][safepoint   ] Safepoint synchronization initiated using futex wait barrier. (13 threads)
[2025-06-05T16:32:09.448+0000][4.047s][info ][safepoint   ] Safepoint "ICBufferFull", Time since last: 77818042 ns, Reaching safepoint: 846708 ns, Cleanup: 53959 ns, At safepoint: 7583 ns, Total: 908250 ns
[2025-06-05T16:32:09.534+0000][4.133s][debug][safepoint   ] Safepoint synchronization initiated using futex wait barrier. (13 threads)
[2025-06-05T16:32:09.534+0000][4.133s][info ][gc,start    ] GC(20) Pause Young (Normal) (G1 Evacuation Pause)
[2025-06-05T16:32:09.534+0000][4.134s][info ][gc,task     ] GC(20) Using 2 workers of 2 for evacuation
[2025-06-05T16:32:09.541+0000][4.140s][info ][gc,phases   ] GC(20)   Pre Evacuate Collection Set: 0.2ms
[2025-06-05T16:32:09.541+0000][4.140s][info ][gc,phases   ] GC(20)   Merge Heap Roots: 0.1ms
[2025-06-05T16:32:09.541+0000][4.140s][info ][gc,phases   ] GC(20)   Evacuate Collection Set: 5.4ms
[2025-06-05T16:32:09.541+0000][4.140s][info ][gc,phases   ] GC(20)   Post Evacuate Collection Set: 0.8ms
[2025-06-05T16:32:09.541+0000][4.140s][info ][gc,phases   ] GC(20)   Other: 0.3ms
[2025-06-05T16:32:09.541+0000][4.140s][info ][gc,heap     ] GC(20) Eden regions: 79->0(79)
[2025-06-05T16:32:09.541+0000][4.140s][info ][gc,heap     ] GC(20) Survivor regions: 4->7(11)
[2025-06-05T16:32:09.541+0000][4.140s][info ][gc,heap     ] GC(20) Old regions: 49->49
[2025-06-05T16:32:09.541+0000][4.141s][info ][gc,heap     ] GC(20) Archive regions: 2->2
[2025-06-05T16:32:09.541+0000][4.141s][info ][gc,heap     ] GC(20) Humongous regions: 0->0
[2025-06-05T16:32:09.541+0000][4.141s][info ][gc,metaspace] GC(20) Metaspace: 25241K(25600K)->25241K(25600K) NonClass: 21968K(22144K)->21968K(22144K) Class: 3273K(3456K)->3273K(3456K)
[2025-06-05T16:32:09.541+0000][4.141s][info ][gc          ] GC(20) Pause Young (Normal) (G1 Evacuation Pause) 132M->55M(169M) 7.118ms
[2025-06-05T16:32:09.541+0000][4.141s][info ][gc,cpu      ] GC(20) User=0.02s Sys=0.01s Real=0.01s
[2025-06-05T16:32:09.541+0000][4.141s][info ][safepoint   ] Safepoint "G1CollectForAllocation", Time since last: 85833417 ns, Reaching safepoint: 210250 ns, Cleanup: 31000 ns, At safepoint: 7256542 ns, Total: 7497792 ns
[2025-06-05T16:32:09.671+0000][4.270s][debug][safepoint   ] Safepoint synchronization initiated using futex wait barrier. (14 threads)
[2025-06-05T16:32:09.672+0000][4.271s][info ][gc,start    ] GC(21) Pause Young (Normal) (G1 Evacuation Pause)
[2025-06-05T16:32:09.672+0000][4.271s][info ][gc,task     ] GC(21) Using 2 workers of 2 for evacuation
[2025-06-05T16:32:09.678+0000][4.278s][info ][gc,phases   ] GC(21)   Pre Evacuate Collection Set: 0.1ms
[2025-06-05T16:32:09.678+0000][4.278s][info ][gc,phases   ] GC(21)   Merge Heap Roots: 0.1ms
[2025-06-05T16:32:09.678+0000][4.278s][info ][gc,phases   ] GC(21)   Evacuate Collection Set: 4.7ms
[2025-06-05T16:32:09.679+0000][4.278s][info ][gc,phases   ] GC(21)   Post Evacuate Collection Set: 1.4ms
[2025-06-05T16:32:09.679+0000][4.278s][info ][gc,phases   ] GC(21)   Other: 0.2ms
[2025-06-05T16:32:09.679+0000][4.278s][info ][gc,heap     ] GC(21) Eden regions: 79->0(130)
[2025-06-05T16:32:09.679+0000][4.278s][info ][gc,heap     ] GC(21) Survivor regions: 7->5(11)
[2025-06-05T16:32:09.679+0000][4.278s][info ][gc,heap     ] GC(21) Old regions: 49->52
[2025-06-05T16:32:09.679+0000][4.278s][info ][gc,heap     ] GC(21) Archive regions: 2->2
[2025-06-05T16:32:09.679+0000][4.278s][info ][gc,heap     ] GC(21) Humongous regions: 0->0
[2025-06-05T16:32:09.679+0000][4.278s][info ][gc,metaspace] GC(21) Metaspace: 26540K(26944K)->26540K(26944K) NonClass: 23165K(23360K)->23165K(23360K) Class: 3374K(3584K)->3374K(3584K)
[2025-06-05T16:32:09.679+0000][4.278s][info ][gc          ] GC(21) Pause Young (Normal) (G1 Evacuation Pause) 134M->57M(232M) 7.121ms
[2025-06-05T16:32:09.679+0000][4.278s][info ][gc,cpu      ] GC(21) User=0.02s Sys=0.00s Real=0.01s
[2025-06-05T16:32:09.679+0000][4.279s][info ][safepoint   ] Safepoint "G1CollectForAllocation", Time since last: 129291250 ns, Reaching safepoint: 1263875 ns, Cleanup: 67625 ns, At safepoint: 7255750 ns, Total: 8587250 ns
[2025-06-05T16:32:09.995+0000][4.594s][debug][safepoint   ] Safepoint synchronization initiated using futex wait barrier. (13 threads)
[2025-06-05T16:32:09.995+0000][4.595s][info ][gc,start    ] GC(22) Pause Young (Normal) (G1 Evacuation Pause)
[2025-06-05T16:32:09.995+0000][4.595s][info ][gc,task     ] GC(22) Using 2 workers of 2 for evacuation
[2025-06-05T16:32:10.000+0000][4.600s][info ][gc,phases   ] GC(22)   Pre Evacuate Collection Set: 0.1ms
[2025-06-05T16:32:10.000+0000][4.600s][info ][gc,phases   ] GC(22)   Merge Heap Roots: 0.1ms
[2025-06-05T16:32:10.000+0000][4.600s][info ][gc,phases   ] GC(22)   Evacuate Collection Set: 3.9ms
[2025-06-05T16:32:10.000+0000][4.600s][info ][gc,phases   ] GC(22)   Post Evacuate Collection Set: 0.7ms
[2025-06-05T16:32:10.000+0000][4.600s][info ][gc,phases   ] GC(22)   Other: 0.2ms
[2025-06-05T16:32:10.000+0000][4.600s][info ][gc,heap     ] GC(22) Eden regions: 130->0(133)
[2025-06-05T16:32:10.000+0000][4.600s][info ][gc,heap     ] GC(22) Survivor regions: 5->6(17)
[2025-06-05T16:32:10.000+0000][4.600s][info ][gc,heap     ] GC(22) Old regions: 52->52
[2025-06-05T16:32:10.001+0000][4.600s][info ][gc,heap     ] GC(22) Archive regions: 2->2
[2025-06-05T16:32:10.001+0000][4.600s][info ][gc,heap     ] GC(22) Humongous regions: 0->0
[2025-06-05T16:32:10.001+0000][4.600s][info ][gc,metaspace] GC(22) Metaspace: 29034K(29440K)->29034K(29440K) NonClass: 25398K(25600K)->25398K(25600K) Class: 3635K(3840K)->3635K(3840K)
[2025-06-05T16:32:10.001+0000][4.600s][info ][gc          ] GC(22) Pause Young (Normal) (G1 Evacuation Pause) 187M->58M(232M) 5.518ms
[2025-06-05T16:32:10.001+0000][4.600s][info ][gc,cpu      ] GC(22) User=0.01s Sys=0.00s Real=0.00s
[2025-06-05T16:32:10.001+0000][4.600s][info ][safepoint   ] Safepoint "G1CollectForAllocation", Time since last: 315759625 ns, Reaching safepoint: 190541 ns, Cleanup: 54792 ns, At safepoint: 5638417 ns, Total: 5883750 ns
[2025-06-05T16:32:10.259+0000][4.858s][debug][safepoint   ] Safepoint synchronization initiated using futex wait barrier. (13 threads)
[2025-06-05T16:32:10.259+0000][4.858s][info ][safepoint   ] Safepoint "ICBufferFull", Time since last: 257753750 ns, Reaching safepoint: 268875 ns, Cleanup: 76875 ns, At safepoint: 2333 ns, Total: 348083 ns
[2025-06-05T16:32:10.353+0000][4.952s][debug][safepoint   ] Safepoint synchronization initiated using futex wait barrier. (13 threads)
[2025-06-05T16:32:10.353+0000][4.953s][info ][gc,start    ] GC(23) Pause Young (Normal) (G1 Evacuation Pause)
[2025-06-05T16:32:10.353+0000][4.953s][info ][gc,task     ] GC(23) Using 2 workers of 2 for evacuation
[2025-06-05T16:32:10.359+0000][4.959s][info ][gc,phases   ] GC(23)   Pre Evacuate Collection Set: 0.1ms
[2025-06-05T16:32:10.359+0000][4.959s][info ][gc,phases   ] GC(23)   Merge Heap Roots: 0.1ms
[2025-06-05T16:32:10.360+0000][4.959s][info ][gc,phases   ] GC(23)   Evacuate Collection Set: 4.9ms
[2025-06-05T16:32:10.360+0000][4.959s][info ][gc,phases   ] GC(23)   Post Evacuate Collection Set: 0.9ms
[2025-06-05T16:32:10.360+0000][4.959s][info ][gc,phases   ] GC(23)   Other: 0.2ms
[2025-06-05T16:32:10.360+0000][4.959s][info ][gc,heap     ] GC(23) Eden regions: 133->0(132)
[2025-06-05T16:32:10.360+0000][4.959s][info ][gc,heap     ] GC(23) Survivor regions: 6->7(18)
[2025-06-05T16:32:10.360+0000][4.959s][info ][gc,heap     ] GC(23) Old regions: 52->52
[2025-06-05T16:32:10.360+0000][4.959s][info ][gc,heap     ] GC(23) Archive regions: 2->2
[2025-06-05T16:32:10.360+0000][4.959s][info ][gc,heap     ] GC(23) Humongous regions: 0->0
[2025-06-05T16:32:10.360+0000][4.959s][info ][gc,metaspace] GC(23) Metaspace: 34361K(34752K)->34361K(34752K) NonClass: 30138K(30336K)->30138K(30336K) Class: 4223K(4416K)->4223K(4416K)
[2025-06-05T16:32:10.360+0000][4.959s][info ][gc          ] GC(23) Pause Young (Normal) (G1 Evacuation Pause) 191M->59M(232M) 6.863ms
[2025-06-05T16:32:10.360+0000][4.959s][info ][gc,cpu      ] GC(23) User=0.02s Sys=0.00s Real=0.01s
[2025-06-05T16:32:10.360+0000][4.960s][info ][safepoint   ] Safepoint "G1CollectForAllocation", Time since last: 94017292 ns, Reaching safepoint: 138708 ns, Cleanup: 43959 ns, At safepoint: 7053875 ns, Total: 7236542 ns
[2025-06-05T16:32:10.464+0000][5.063s][debug][safepoint   ] Safepoint synchronization initiated using futex wait barrier. (13 threads)
[2025-06-05T16:32:10.464+0000][5.063s][info ][safepoint   ] Safepoint "ICBufferFull", Time since last: 103628625 ns, Reaching safepoint: 159291 ns, Cleanup: 74167 ns, At safepoint: 5167 ns, Total: 238625 ns
[2025-06-05T16:32:10.590+0000][5.189s][debug][safepoint   ] Safepoint synchronization initiated using futex wait barrier. (13 threads)
[2025-06-05T16:32:10.590+0000][5.190s][info ][safepoint   ] Safepoint "ICBufferFull", Time since last: 125989166 ns, Reaching safepoint: 140250 ns, Cleanup: 66250 ns, At safepoint: 5375 ns, Total: 211875 ns
[2025-06-05T16:32:10.629+0000][5.228s][debug][safepoint   ] Safepoint synchronization initiated using futex wait barrier. (13 threads)
[2025-06-05T16:32:10.631+0000][5.230s][info ][safepoint   ] Safepoint "ICBufferFull", Time since last: 38566625 ns, Reaching safepoint: 2197292 ns, Cleanup: 80292 ns, At safepoint: 3750 ns, Total: 2281334 ns
[2025-06-05T16:32:10.692+0000][5.292s][debug][safepoint   ] Safepoint synchronization initiated using futex wait barrier. (13 threads)
[2025-06-05T16:32:10.692+0000][5.292s][info ][gc,start    ] GC(24) Pause Young (Normal) (G1 Evacuation Pause)
[2025-06-05T16:32:10.692+0000][5.292s][info ][gc,task     ] GC(24) Using 2 workers of 2 for evacuation
[2025-06-05T16:32:10.699+0000][5.299s][info ][gc,phases   ] GC(24)   Pre Evacuate Collection Set: 0.1ms
[2025-06-05T16:32:10.699+0000][5.299s][info ][gc,phases   ] GC(24)   Merge Heap Roots: 0.1ms
[2025-06-05T16:32:10.699+0000][5.299s][info ][gc,phases   ] GC(24)   Evacuate Collection Set: 5.8ms
[2025-06-05T16:32:10.699+0000][5.299s][info ][gc,phases   ] GC(24)   Post Evacuate Collection Set: 0.8ms
[2025-06-05T16:32:10.700+0000][5.299s][info ][gc,phases   ] GC(24)   Other: 0.2ms
[2025-06-05T16:32:10.700+0000][5.299s][info ][gc,heap     ] GC(24) Eden regions: 132->0(130)
[2025-06-05T16:32:10.700+0000][5.299s][info ][gc,heap     ] GC(24) Survivor regions: 7->9(18)
[2025-06-05T16:32:10.700+0000][5.299s][info ][gc,heap     ] GC(24) Old regions: 52->52
[2025-06-05T16:32:10.700+0000][5.299s][info ][gc,heap     ] GC(24) Archive regions: 2->2
[2025-06-05T16:32:10.700+0000][5.299s][info ][gc,heap     ] GC(24) Humongous regions: 0->0
[2025-06-05T16:32:10.700+0000][5.299s][info ][gc,metaspace] GC(24) Metaspace: 36148K(36544K)->36148K(36544K) NonClass: 31695K(31872K)->31695K(31872K) Class: 4452K(4672K)->4452K(4672K)
[2025-06-05T16:32:10.700+0000][5.299s][info ][gc          ] GC(24) Pause Young (Normal) (G1 Evacuation Pause) 191M->61M(232M) 7.476ms
[2025-06-05T16:32:10.700+0000][5.299s][info ][gc,cpu      ] GC(24) User=0.01s Sys=0.00s Real=0.01s
[2025-06-05T16:32:10.700+0000][5.299s][info ][safepoint   ] Safepoint "G1CollectForAllocation", Time since last: 61136833 ns, Reaching safepoint: 124250 ns, Cleanup: 64750 ns, At safepoint: 7601792 ns, Total: 7790792 ns
[2025-06-05T16:32:11.065+0000][5.664s][debug][safepoint   ] Safepoint synchronization initiated using futex wait barrier. (13 threads)
[2025-06-05T16:32:11.065+0000][5.664s][info ][safepoint   ] Safepoint "ICBufferFull", Time since last: 364911250 ns, Reaching safepoint: 76292 ns, Cleanup: 63000 ns, At safepoint: 1916 ns, Total: 141208 ns
[2025-06-05T16:32:11.236+0000][5.835s][debug][safepoint   ] Safepoint synchronization initiated using futex wait barrier. (13 threads)
[2025-06-05T16:32:11.236+0000][5.836s][info ][gc,start    ] GC(25) Pause Young (Normal) (G1 Evacuation Pause)
[2025-06-05T16:32:11.236+0000][5.836s][info ][gc,task     ] GC(25) Using 2 workers of 2 for evacuation
[2025-06-05T16:32:11.247+0000][5.846s][info ][gc,phases   ] GC(25)   Pre Evacuate Collection Set: 0.2ms
[2025-06-05T16:32:11.247+0000][5.847s][info ][gc,phases   ] GC(25)   Merge Heap Roots: 0.2ms
[2025-06-05T16:32:11.247+0000][5.847s][info ][gc,phases   ] GC(25)   Evacuate Collection Set: 8.6ms
[2025-06-05T16:32:11.247+0000][5.847s][info ][gc,phases   ] GC(25)   Post Evacuate Collection Set: 1.6ms
[2025-06-05T16:32:11.247+0000][5.847s][info ][gc,phases   ] GC(25)   Other: 0.2ms
[2025-06-05T16:32:11.247+0000][5.847s][info ][gc,heap     ] GC(25) Eden regions: 130->0(130)
[2025-06-05T16:32:11.248+0000][5.847s][info ][gc,heap     ] GC(25) Survivor regions: 9->9(18)
[2025-06-05T16:32:11.248+0000][5.847s][info ][gc,heap     ] GC(25) Old regions: 52->52
[2025-06-05T16:32:11.248+0000][5.847s][info ][gc,heap     ] GC(25) Archive regions: 2->2
[2025-06-05T16:32:11.248+0000][5.847s][info ][gc,heap     ] GC(25) Humongous regions: 0->0
[2025-06-05T16:32:11.248+0000][5.847s][info ][gc,metaspace] GC(25) Metaspace: 39417K(39808K)->39417K(39808K) NonClass: 34496K(34688K)->34496K(34688K) Class: 4921K(5120K)->4921K(5120K)
[2025-06-05T16:32:11.248+0000][5.847s][info ][gc          ] GC(25) Pause Young (Normal) (G1 Evacuation Pause) 191M->61M(232M) 11.475ms
[2025-06-05T16:32:11.248+0000][5.847s][info ][gc,cpu      ] GC(25) User=0.02s Sys=0.00s Real=0.01s
[2025-06-05T16:32:11.248+0000][5.847s][info ][safepoint   ] Safepoint "G1CollectForAllocation", Time since last: 171046334 ns, Reaching safepoint: 140916 ns, Cleanup: 53375 ns, At safepoint: 11648334 ns, Total: 11842625 ns
[2025-06-05T16:32:11.343+0000][5.942s][debug][safepoint   ] Safepoint synchronization initiated using futex wait barrier. (13 threads)
[2025-06-05T16:32:11.343+0000][5.943s][info ][gc,start    ] GC(26) Pause Young (Concurrent Start) (Metadata GC Threshold)
[2025-06-05T16:32:11.343+0000][5.943s][info ][gc,task     ] GC(26) Using 2 workers of 2 for evacuation
[2025-06-05T16:32:11.352+0000][5.951s][info ][gc,phases   ] GC(26)   Pre Evacuate Collection Set: 0.2ms
[2025-06-05T16:32:11.352+0000][5.951s][info ][gc,phases   ] GC(26)   Merge Heap Roots: 0.1ms
[2025-06-05T16:32:11.352+0000][5.951s][info ][gc,phases   ] GC(26)   Evacuate Collection Set: 7.1ms
[2025-06-05T16:32:11.352+0000][5.951s][info ][gc,phases   ] GC(26)   Post Evacuate Collection Set: 0.8ms
[2025-06-05T16:32:11.352+0000][5.951s][info ][gc,phases   ] GC(26)   Other: 0.2ms
[2025-06-05T16:32:11.352+0000][5.951s][info ][gc,heap     ] GC(26) Eden regions: 21->0(129)
[2025-06-05T16:32:11.352+0000][5.951s][info ][gc,heap     ] GC(26) Survivor regions: 9->10(18)
[2025-06-05T16:32:11.352+0000][5.951s][info ][gc,heap     ] GC(26) Old regions: 52->52
[2025-06-05T16:32:11.352+0000][5.951s][info ][gc,heap     ] GC(26) Archive regions: 2->2
[2025-06-05T16:32:11.352+0000][5.952s][info ][gc,heap     ] GC(26) Humongous regions: 0->0
[2025-06-05T16:32:11.352+0000][5.952s][info ][gc,metaspace] GC(26) Metaspace: 39862K(40256K)->39862K(40256K) NonClass: 34887K(35072K)->34887K(35072K) Class: 4974K(5184K)->4974K(5184K)
[2025-06-05T16:32:11.352+0000][5.952s][info ][gc          ] GC(26) Pause Young (Concurrent Start) (Metadata GC Threshold) 82M->62M(232M) 8.933ms
[2025-06-05T16:32:11.352+0000][5.952s][info ][gc,cpu      ] GC(26) User=0.01s Sys=0.00s Real=0.01s
[2025-06-05T16:32:11.352+0000][5.952s][info ][safepoint   ] Safepoint "CollectForMetadataAllocation", Time since last: 95143916 ns, Reaching safepoint: 128709 ns, Cleanup: 65208 ns, At safepoint: 9104333 ns, Total: 9298250 ns
[2025-06-05T16:32:11.352+0000][5.952s][info ][gc          ] GC(27) Concurrent Mark Cycle
[2025-06-05T16:32:11.356+0000][5.955s][info ][gc,marking  ] GC(27) Concurrent Clear Claimed Marks
[2025-06-05T16:32:11.356+0000][5.955s][info ][gc,marking  ] GC(27) Concurrent Clear Claimed Marks 0.123ms
[2025-06-05T16:32:11.356+0000][5.955s][info ][gc,marking  ] GC(27) Concurrent Scan Root Regions
[2025-06-05T16:32:11.365+0000][5.964s][info ][gc,marking  ] GC(27) Concurrent Scan Root Regions 8.775ms
[2025-06-05T16:32:11.365+0000][5.965s][info ][gc,marking  ] GC(27) Concurrent Mark
[2025-06-05T16:32:11.365+0000][5.965s][info ][gc,marking  ] GC(27) Concurrent Mark From Roots
[2025-06-05T16:32:11.365+0000][5.965s][info ][gc,task     ] GC(27) Using 1 workers of 1 for marking
[2025-06-05T16:32:11.470+0000][6.069s][info ][gc,marking  ] GC(27) Concurrent Mark From Roots 104.141ms
[2025-06-05T16:32:11.470+0000][6.069s][info ][gc,marking  ] GC(27) Concurrent Preclean
[2025-06-05T16:32:11.470+0000][6.070s][info ][gc,marking  ] GC(27) Concurrent Preclean 0.318ms
[2025-06-05T16:32:11.470+0000][6.070s][debug][safepoint   ] Safepoint synchronization initiated using futex wait barrier. (13 threads)
[2025-06-05T16:32:11.471+0000][6.070s][info ][gc,start    ] GC(27) Pause Remark
[2025-06-05T16:32:11.522+0000][6.121s][info ][gc          ] GC(27) Pause Remark 72M->72M(232M) 51.302ms
[2025-06-05T16:32:11.522+0000][6.121s][info ][gc,cpu      ] GC(27) User=0.04s Sys=0.00s Real=0.05s
[2025-06-05T16:32:11.522+0000][6.122s][info ][safepoint   ] Safepoint "G1PauseRemark", Time since last: 118119959 ns, Reaching safepoint: 99083 ns, Cleanup: 12042 ns, At safepoint: 51556791 ns, Total: 51667916 ns
[2025-06-05T16:32:11.522+0000][6.122s][info ][gc,marking  ] GC(27) Concurrent Mark 156.998ms
[2025-06-05T16:32:11.523+0000][6.122s][info ][gc,marking  ] GC(27) Concurrent Rebuild Remembered Sets
[2025-06-05T16:32:11.552+0000][6.151s][info ][gc,marking  ] GC(27) Concurrent Rebuild Remembered Sets 29.114ms
[2025-06-05T16:32:11.552+0000][6.151s][debug][safepoint   ] Safepoint synchronization initiated using futex wait barrier. (13 threads)
[2025-06-05T16:32:11.554+0000][6.153s][info ][gc,start    ] GC(27) Pause Cleanup
[2025-06-05T16:32:11.554+0000][6.154s][info ][gc          ] GC(27) Pause Cleanup 80M->80M(232M) 0.151ms
[2025-06-05T16:32:11.554+0000][6.154s][info ][gc,cpu      ] GC(27) User=0.00s Sys=0.00s Real=0.00s
[2025-06-05T16:32:11.554+0000][6.154s][info ][safepoint   ] Safepoint "G1PauseCleanup", Time since last: 29675125 ns, Reaching safepoint: 2132209 ns, Cleanup: 12708 ns, At safepoint: 280833 ns, Total: 2425750 ns
[2025-06-05T16:32:11.557+0000][6.157s][info ][gc,marking  ] GC(27) Concurrent Cleanup for Next Mark
[2025-06-05T16:32:11.560+0000][6.160s][info ][gc,marking  ] GC(27) Concurrent Cleanup for Next Mark 3.227ms
[2025-06-05T16:32:11.561+0000][6.160s][info ][gc          ] GC(27) Concurrent Mark Cycle 208.207ms
[2025-06-05T16:32:12.022+0000][6.621s][debug][safepoint   ] Safepoint synchronization initiated using futex wait barrier. (13 threads)
[2025-06-05T16:32:12.022+0000][6.622s][info ][gc,start    ] GC(28) Pause Young (Prepare Mixed) (G1 Evacuation Pause)
[2025-06-05T16:32:12.022+0000][6.622s][info ][gc,task     ] GC(28) Using 2 workers of 2 for evacuation
[2025-06-05T16:32:12.037+0000][6.637s][info ][gc,phases   ] GC(28)   Pre Evacuate Collection Set: 0.1ms
[2025-06-05T16:32:12.037+0000][6.637s][info ][gc,phases   ] GC(28)   Merge Heap Roots: 0.2ms
[2025-06-05T16:32:12.037+0000][6.637s][info ][gc,phases   ] GC(28)   Evacuate Collection Set: 12.7ms
[2025-06-05T16:32:12.037+0000][6.637s][info ][gc,phases   ] GC(28)   Post Evacuate Collection Set: 1.6ms
[2025-06-05T16:32:12.037+0000][6.637s][info ][gc,phases   ] GC(28)   Other: 0.4ms
[2025-06-05T16:32:12.037+0000][6.637s][info ][gc,heap     ] GC(28) Eden regions: 129->0(2)
[2025-06-05T16:32:12.037+0000][6.637s][info ][gc,heap     ] GC(28) Survivor regions: 10->9(18)
[2025-06-05T16:32:12.037+0000][6.637s][info ][gc,heap     ] GC(28) Old regions: 52->54
[2025-06-05T16:32:12.038+0000][6.637s][info ][gc,heap     ] GC(28) Archive regions: 2->2
[2025-06-05T16:32:12.038+0000][6.637s][info ][gc,heap     ] GC(28) Humongous regions: 0->0
[2025-06-05T16:32:12.038+0000][6.637s][info ][gc,metaspace] GC(28) Metaspace: 41905K(42304K)->41905K(42304K) NonClass: 36618K(36800K)->36618K(36800K) Class: 5287K(5504K)->5287K(5504K)
[2025-06-05T16:32:12.038+0000][6.637s][info ][gc          ] GC(28) Pause Young (Prepare Mixed) (G1 Evacuation Pause) 191M->63M(232M) 15.527ms
[2025-06-05T16:32:12.038+0000][6.637s][info ][gc,cpu      ] GC(28) User=0.04s Sys=0.00s Real=0.02s
[2025-06-05T16:32:12.038+0000][6.637s][info ][safepoint   ] Safepoint "G1CollectForAllocation", Time since last: 467570917 ns, Reaching safepoint: 162417 ns, Cleanup: 85333 ns, At safepoint: 15648459 ns, Total: 15896209 ns
[2025-06-05T16:32:12.043+0000][6.643s][debug][safepoint   ] Safepoint synchronization initiated using futex wait barrier. (13 threads)
[2025-06-05T16:32:12.044+0000][6.643s][info ][gc,start    ] GC(29) Pause Young (Mixed) (G1 Evacuation Pause)
[2025-06-05T16:32:12.044+0000][6.643s][info ][gc,task     ] GC(29) Using 2 workers of 2 for evacuation
[2025-06-05T16:32:12.057+0000][6.656s][info ][gc,phases   ] GC(29)   Pre Evacuate Collection Set: 0.2ms
[2025-06-05T16:32:12.057+0000][6.656s][info ][gc,phases   ] GC(29)   Merge Heap Roots: 0.1ms
[2025-06-05T16:32:12.057+0000][6.656s][info ][gc,phases   ] GC(29)   Evacuate Collection Set: 11.5ms
[2025-06-05T16:32:12.057+0000][6.656s][info ][gc,phases   ] GC(29)   Post Evacuate Collection Set: 0.9ms
[2025-06-05T16:32:12.057+0000][6.656s][info ][gc,phases   ] GC(29)   Other: 0.2ms
[2025-06-05T16:32:12.057+0000][6.656s][info ][gc,heap     ] GC(29) Eden regions: 2->0(132)
[2025-06-05T16:32:12.057+0000][6.656s][info ][gc,heap     ] GC(29) Survivor regions: 9->1(2)
[2025-06-05T16:32:12.057+0000][6.656s][info ][gc,heap     ] GC(29) Old regions: 54->60
[2025-06-05T16:32:12.057+0000][6.656s][info ][gc,heap     ] GC(29) Archive regions: 2->2
[2025-06-05T16:32:12.057+0000][6.657s][info ][gc,heap     ] GC(29) Humongous regions: 0->0
[2025-06-05T16:32:12.057+0000][6.657s][info ][gc,metaspace] GC(29) Metaspace: 41908K(42304K)->41908K(42304K) NonClass: 36620K(36800K)->36620K(36800K) Class: 5288K(5504K)->5288K(5504K)
[2025-06-05T16:32:12.057+0000][6.657s][info ][gc          ] GC(29) Pause Young (Mixed) (G1 Evacuation Pause) 65M->61M(232M) 13.462ms
[2025-06-05T16:32:12.057+0000][6.657s][info ][gc,cpu      ] GC(29) User=0.02s Sys=0.00s Real=0.02s
[2025-06-05T16:32:12.057+0000][6.657s][info ][safepoint   ] Safepoint "G1CollectForAllocation", Time since last: 5641875 ns, Reaching safepoint: 403625 ns, Cleanup: 4625 ns, At safepoint: 13609375 ns, Total: 14017625 ns
[2025-06-05T16:32:12.246+0000][6.846s][debug][safepoint   ] Safepoint synchronization initiated using futex wait barrier. (13 threads)
[2025-06-05T16:32:12.246+0000][6.846s][info ][safepoint   ] Safepoint "ICBufferFull", Time since last: 188772166 ns, Reaching safepoint: 170250 ns, Cleanup: 72000 ns, At safepoint: 5167 ns, Total: 247417 ns
[2025-06-05T16:32:12.447+0000][7.046s][debug][safepoint   ] Safepoint synchronization initiated using futex wait barrier. (13 threads)
[2025-06-05T16:32:12.447+0000][7.046s][info ][safepoint   ] Safepoint "ICBufferFull", Time since last: 200213459 ns, Reaching safepoint: 183000 ns, Cleanup: 68041 ns, At safepoint: 5750 ns, Total: 256791 ns
[2025-06-05T16:32:12.628+0000][7.227s][debug][safepoint   ] Safepoint synchronization initiated using futex wait barrier. (13 threads)
[2025-06-05T16:32:12.628+0000][7.228s][info ][safepoint   ] Safepoint "ICBufferFull", Time since last: 181103709 ns, Reaching safepoint: 193666 ns, Cleanup: 86709 ns, At safepoint: 8875 ns, Total: 289250 ns
[2025-06-05T16:32:12.729+0000][7.329s][debug][safepoint   ] Safepoint synchronization initiated using futex wait barrier. (13 threads)
[2025-06-05T16:32:12.730+0000][7.329s][info ][gc,start    ] GC(30) Pause Young (Normal) (G1 Evacuation Pause)
[2025-06-05T16:32:12.730+0000][7.329s][info ][gc,task     ] GC(30) Using 2 workers of 2 for evacuation
[2025-06-05T16:32:12.738+0000][7.337s][info ][gc,phases   ] GC(30)   Pre Evacuate Collection Set: 0.1ms
[2025-06-05T16:32:12.738+0000][7.337s][info ][gc,phases   ] GC(30)   Merge Heap Roots: 0.2ms
[2025-06-05T16:32:12.738+0000][7.337s][info ][gc,phases   ] GC(30)   Evacuate Collection Set: 6.1ms
[2025-06-05T16:32:12.738+0000][7.337s][info ][gc,phases   ] GC(30)   Post Evacuate Collection Set: 1.2ms
[2025-06-05T16:32:12.738+0000][7.337s][info ][gc,phases   ] GC(30)   Other: 0.3ms
[2025-06-05T16:32:12.738+0000][7.337s][info ][gc,heap     ] GC(30) Eden regions: 132->0(129)
[2025-06-05T16:32:12.738+0000][7.337s][info ][gc,heap     ] GC(30) Survivor regions: 1->4(17)
[2025-06-05T16:32:12.738+0000][7.337s][info ][gc,heap     ] GC(30) Old regions: 60->60
[2025-06-05T16:32:12.738+0000][7.337s][info ][gc,heap     ] GC(30) Archive regions: 2->2
[2025-06-05T16:32:12.738+0000][7.338s][info ][gc,heap     ] GC(30) Humongous regions: 0->0
[2025-06-05T16:32:12.738+0000][7.338s][info ][gc,metaspace] GC(30) Metaspace: 45558K(45888K)->45558K(45888K) NonClass: 39767K(39936K)->39767K(39936K) Class: 5791K(5952K)->5791K(5952K)
[2025-06-05T16:32:12.738+0000][7.338s][info ][gc          ] GC(30) Pause Young (Normal) (G1 Evacuation Pause) 193M->64M(232M) 8.670ms
[2025-06-05T16:32:12.738+0000][7.338s][info ][gc,cpu      ] GC(30) User=0.01s Sys=0.00s Real=0.01s
[2025-06-05T16:32:12.738+0000][7.338s][info ][safepoint   ] Safepoint "G1CollectForAllocation", Time since last: 101097208 ns, Reaching safepoint: 139042 ns, Cleanup: 30041 ns, At safepoint: 8840917 ns, Total: 9010000 ns
[2025-06-05T16:32:12.852+0000][7.451s][debug][safepoint   ] Safepoint synchronization initiated using futex wait barrier. (13 threads)
[2025-06-05T16:32:12.852+0000][7.452s][info ][safepoint   ] Safepoint "ICBufferFull", Time since last: 113598625 ns, Reaching safepoint: 144583 ns, Cleanup: 61292 ns, At safepoint: 4958 ns, Total: 210833 ns
[2025-06-05T16:32:13.236+0000][7.836s][debug][safepoint   ] Safepoint synchronization initiated using futex wait barrier. (13 threads)
[2025-06-05T16:32:13.237+0000][7.836s][info ][safepoint   ] Safepoint "ICBufferFull", Time since last: 383937584 ns, Reaching safepoint: 351125 ns, Cleanup: 103583 ns, At safepoint: 2042 ns, Total: 456750 ns
[2025-06-05T16:32:13.412+0000][8.011s][debug][safepoint   ] Safepoint synchronization initiated using futex wait barrier. (13 threads)
[2025-06-05T16:32:13.412+0000][8.011s][info ][safepoint   ] Safepoint "ICBufferFull", Time since last: 175034375 ns, Reaching safepoint: 151792 ns, Cleanup: 67541 ns, At safepoint: 2042 ns, Total: 221375 ns
[2025-06-05T16:32:13.427+0000][8.027s][debug][safepoint   ] Safepoint synchronization initiated using futex wait barrier. (13 threads)
[2025-06-05T16:32:13.427+0000][8.027s][info ][gc,start    ] GC(31) Pause Young (Normal) (G1 Evacuation Pause)
[2025-06-05T16:32:13.427+0000][8.027s][info ][gc,task     ] GC(31) Using 2 workers of 2 for evacuation
[2025-06-05T16:32:13.436+0000][8.036s][info ][gc,phases   ] GC(31)   Pre Evacuate Collection Set: 0.1ms
[2025-06-05T16:32:13.436+0000][8.036s][info ][gc,phases   ] GC(31)   Merge Heap Roots: 0.1ms
[2025-06-05T16:32:13.436+0000][8.036s][info ][gc,phases   ] GC(31)   Evacuate Collection Set: 7.0ms
[2025-06-05T16:32:13.437+0000][8.036s][info ][gc,phases   ] GC(31)   Post Evacuate Collection Set: 1.4ms
[2025-06-05T16:32:13.437+0000][8.036s][info ][gc,phases   ] GC(31)   Other: 0.2ms
[2025-06-05T16:32:13.437+0000][8.036s][info ][gc,heap     ] GC(31) Eden regions: 129->0(129)
[2025-06-05T16:32:13.437+0000][8.036s][info ][gc,heap     ] GC(31) Survivor regions: 4->6(17)
[2025-06-05T16:32:13.437+0000][8.036s][info ][gc,heap     ] GC(31) Old regions: 60->60
[2025-06-05T16:32:13.437+0000][8.036s][info ][gc,heap     ] GC(31) Archive regions: 2->2
[2025-06-05T16:32:13.437+0000][8.036s][info ][gc,heap     ] GC(31) Humongous regions: 0->0
[2025-06-05T16:32:13.437+0000][8.036s][info ][gc,metaspace] GC(31) Metaspace: 51274K(51712K)->51274K(51712K) NonClass: 44773K(44992K)->44773K(44992K) Class: 6501K(6720K)->6501K(6720K)
[2025-06-05T16:32:13.437+0000][8.036s][info ][gc          ] GC(31) Pause Young (Normal) (G1 Evacuation Pause) 193M->66M(232M) 9.587ms
[2025-06-05T16:32:13.437+0000][8.036s][info ][gc,cpu      ] GC(31) User=0.02s Sys=0.00s Real=0.01s
[2025-06-05T16:32:13.437+0000][8.037s][info ][safepoint   ] Safepoint "G1CollectForAllocation", Time since last: 15380125 ns, Reaching safepoint: 105250 ns, Cleanup: 18667 ns, At safepoint: 9751583 ns, Total: 9875500 ns
[2025-06-05T16:32:14.731+0000][9.330s][debug][safepoint   ] Safepoint synchronization initiated using futex wait barrier. (15 threads)
[2025-06-05T16:32:14.741+0000][9.340s][info ][safepoint   ] Safepoint "Cleanup", Time since last: 1293793917 ns, Reaching safepoint: 4909084 ns, Cleanup: 3299666 ns, At safepoint: 1743500 ns, Total: 9952250 ns
[2025-06-05T16:32:15.745+0000][10.345s][debug][safepoint   ] Safepoint synchronization initiated using futex wait barrier. (15 threads)
[2025-06-05T16:32:15.758+0000][10.358s][debug][safepoint   ] ... found polling page loop exception at pc = 0x0000ffff9504cbf0, stub =0x0000ffff9497ef00
[2025-06-05T16:32:15.761+0000][10.360s][info ][safepoint   ] Safepoint "Cleanup", Time since last: 1004623042 ns, Reaching safepoint: 13770334 ns, Cleanup: 1264166 ns, At safepoint: 28209 ns, Total: 15062709 ns
[2025-06-05T16:32:16.775+0000][11.375s][debug][safepoint   ] Safepoint synchronization initiated using futex wait barrier. (15 threads)
[2025-06-05T16:32:16.781+0000][11.381s][info ][safepoint   ] Safepoint "Cleanup", Time since last: 1014784125 ns, Reaching safepoint: 5679375 ns, Cleanup: 153875 ns, At safepoint: 13375 ns, Total: 5846625 ns
[2025-06-05T16:32:17.075+0000][11.674s][debug][safepoint   ] Safepoint synchronization initiated using futex wait barrier. (15 threads)
[2025-06-05T16:32:17.076+0000][11.675s][info ][safepoint   ] Safepoint "ICBufferFull", Time since last: 293503792 ns, Reaching safepoint: 1109542 ns, Cleanup: 71958 ns, At safepoint: 5958 ns, Total: 1187458 ns
[2025-06-05T16:32:17.241+0000][11.841s][debug][safepoint   ] Safepoint synchronization initiated using futex wait barrier. (16 threads)
[2025-06-05T16:32:17.244+0000][11.843s][info ][safepoint   ] Safepoint "ICBufferFull", Time since last: 165506917 ns, Reaching safepoint: 2621959 ns, Cleanup: 86458 ns, At safepoint: 9375 ns, Total: 2717792 ns
[2025-06-05T16:32:17.614+0000][12.213s][debug][safepoint   ] Safepoint synchronization initiated using futex wait barrier. (16 threads)
[2025-06-05T16:32:17.615+0000][12.214s][info ][gc,start    ] GC(32) Pause Young (Normal) (G1 Evacuation Pause)
[2025-06-05T16:32:17.615+0000][12.215s][info ][gc,task     ] GC(32) Using 2 workers of 2 for evacuation
[2025-06-05T16:32:17.695+0000][12.294s][info ][gc,phases   ] GC(32)   Pre Evacuate Collection Set: 0.6ms
[2025-06-05T16:32:17.695+0000][12.295s][info ][gc,phases   ] GC(32)   Merge Heap Roots: 1.8ms
[2025-06-05T16:32:17.695+0000][12.295s][info ][gc,phases   ] GC(32)   Evacuate Collection Set: 64.2ms
[2025-06-05T16:32:17.695+0000][12.295s][info ][gc,phases   ] GC(32)   Post Evacuate Collection Set: 12.0ms
[2025-06-05T16:32:17.696+0000][12.295s][info ][gc,phases   ] GC(32)   Other: 1.7ms
[2025-06-05T16:32:17.696+0000][12.295s][info ][gc,heap     ] GC(32) Eden regions: 129->0(126)
[2025-06-05T16:32:17.696+0000][12.295s][info ][gc,heap     ] GC(32) Survivor regions: 6->9(17)
[2025-06-05T16:32:17.696+0000][12.295s][info ][gc,heap     ] GC(32) Old regions: 60->60
[2025-06-05T16:32:17.696+0000][12.295s][info ][gc,heap     ] GC(32) Archive regions: 2->2
[2025-06-05T16:32:17.696+0000][12.295s][info ][gc,heap     ] GC(32) Humongous regions: 0->0
[2025-06-05T16:32:17.696+0000][12.295s][info ][gc,metaspace] GC(32) Metaspace: 56445K(56896K)->56445K(56896K) NonClass: 49346K(49600K)->49346K(49600K) Class: 7098K(7296K)->7098K(7296K)
[2025-06-05T16:32:17.696+0000][12.296s][info ][gc          ] GC(32) Pause Young (Normal) (G1 Evacuation Pause) 195M->68M(232M) 81.380ms
[2025-06-05T16:32:17.696+0000][12.296s][info ][gc,cpu      ] GC(32) User=0.16s Sys=0.00s Real=0.09s
[2025-06-05T16:32:17.696+0000][12.296s][info ][safepoint   ] Safepoint "G1CollectForAllocation", Time since last: 369508250 ns, Reaching safepoint: 661292 ns, Cleanup: 321500 ns, At safepoint: 81695458 ns, Total: 82678250 ns
[2025-06-05T16:32:18.228+0000][12.828s][debug][safepoint   ] Safepoint synchronization initiated using futex wait barrier. (18 threads)
[2025-06-05T16:32:18.229+0000][12.828s][info ][gc,start    ] GC(33) Pause Young (Normal) (G1 Evacuation Pause)
[2025-06-05T16:32:18.229+0000][12.828s][info ][gc,task     ] GC(33) Using 2 workers of 2 for evacuation
[2025-06-05T16:32:18.242+0000][12.842s][info ][gc,phases   ] GC(33)   Pre Evacuate Collection Set: 0.1ms
[2025-06-05T16:32:18.242+0000][12.842s][info ][gc,phases   ] GC(33)   Merge Heap Roots: 0.1ms
[2025-06-05T16:32:18.243+0000][12.842s][info ][gc,phases   ] GC(33)   Evacuate Collection Set: 12.0ms
[2025-06-05T16:32:18.243+0000][12.842s][info ][gc,phases   ] GC(33)   Post Evacuate Collection Set: 1.3ms
[2025-06-05T16:32:18.243+0000][12.842s][info ][gc,phases   ] GC(33)   Other: 0.2ms
[2025-06-05T16:32:18.243+0000][12.842s][info ][gc,heap     ] GC(33) Eden regions: 126->0(126)
[2025-06-05T16:32:18.243+0000][12.842s][info ][gc,heap     ] GC(33) Survivor regions: 9->10(17)
[2025-06-05T16:32:18.243+0000][12.842s][info ][gc,heap     ] GC(33) Old regions: 60->60
[2025-06-05T16:32:18.243+0000][12.842s][info ][gc,heap     ] GC(33) Archive regions: 2->2
[2025-06-05T16:32:18.243+0000][12.842s][info ][gc,heap     ] GC(33) Humongous regions: 0->0
[2025-06-05T16:32:18.243+0000][12.842s][info ][gc,metaspace] GC(33) Metaspace: 61307K(61824K)->61307K(61824K) NonClass: 53545K(53824K)->53545K(53824K) Class: 7761K(8000K)->7761K(8000K)
[2025-06-05T16:32:18.243+0000][12.842s][info ][gc          ] GC(33) Pause Young (Normal) (G1 Evacuation Pause) 194M->69M(232M) 14.409ms
[2025-06-05T16:32:18.243+0000][12.843s][info ][gc,cpu      ] GC(33) User=0.02s Sys=0.00s Real=0.01s
[2025-06-05T16:32:18.243+0000][12.843s][info ][safepoint   ] Safepoint "G1CollectForAllocation", Time since last: 532182625 ns, Reaching safepoint: 135042 ns, Cleanup: 67667 ns, At safepoint: 14525916 ns, Total: 14728625 ns
[2025-06-05T16:32:18.430+0000][13.029s][debug][safepoint   ] Safepoint synchronization initiated using futex wait barrier. (19 threads)
[2025-06-05T16:32:18.430+0000][13.030s][info ][safepoint   ] Safepoint "ICBufferFull", Time since last: 186518459 ns, Reaching safepoint: 655666 ns, Cleanup: 67667 ns, At safepoint: 2833 ns, Total: 726166 ns
[2025-06-05T16:32:18.727+0000][13.326s][debug][safepoint   ] Safepoint synchronization initiated using futex wait barrier. (19 threads)
[2025-06-05T16:32:18.727+0000][13.326s][info ][safepoint   ] Safepoint "ICBufferFull", Time since last: 296128667 ns, Reaching safepoint: 229917 ns, Cleanup: 83542 ns, At safepoint: 2625 ns, Total: 316084 ns
[2025-06-05T16:32:18.727+0000][13.327s][debug][safepoint   ] Safepoint synchronization initiated using futex wait barrier. (19 threads)
[2025-06-05T16:32:18.728+0000][13.327s][info ][safepoint   ] Safepoint "ICBufferFull", Time since last: 314708 ns, Reaching safepoint: 617625 ns, Cleanup: 5583 ns, At safepoint: 7959 ns, Total: 631167 ns
[2025-06-05T16:32:18.967+0000][13.567s][debug][safepoint   ] Safepoint synchronization initiated using futex wait barrier. (19 threads)
[2025-06-05T16:32:18.971+0000][13.570s][info ][gc,start    ] GC(34) Pause Young (Normal) (G1 Evacuation Pause)
[2025-06-05T16:32:18.971+0000][13.571s][info ][gc,task     ] GC(34) Using 2 workers of 2 for evacuation
[2025-06-05T16:32:18.996+0000][13.596s][info ][gc,phases   ] GC(34)   Pre Evacuate Collection Set: 0.3ms
[2025-06-05T16:32:18.997+0000][13.596s][info ][gc,phases   ] GC(34)   Merge Heap Roots: 0.4ms
[2025-06-05T16:32:18.997+0000][13.596s][info ][gc,phases   ] GC(34)   Evacuate Collection Set: 22.7ms
[2025-06-05T16:32:18.997+0000][13.596s][info ][gc,phases   ] GC(34)   Post Evacuate Collection Set: 1.7ms
[2025-06-05T16:32:18.997+0000][13.596s][info ][gc,phases   ] GC(34)   Other: 0.4ms
[2025-06-05T16:32:18.997+0000][13.596s][info ][gc,heap     ] GC(34) Eden regions: 126->0(127)
[2025-06-05T16:32:18.997+0000][13.596s][info ][gc,heap     ] GC(34) Survivor regions: 10->7(17)
[2025-06-05T16:32:18.997+0000][13.596s][info ][gc,heap     ] GC(34) Old regions: 60->63
[2025-06-05T16:32:18.997+0000][13.596s][info ][gc,heap     ] GC(34) Archive regions: 2->2
[2025-06-05T16:32:18.997+0000][13.596s][info ][gc,heap     ] GC(34) Humongous regions: 0->0
[2025-06-05T16:32:18.997+0000][13.596s][info ][gc,metaspace] GC(34) Metaspace: 64063K(64512K)->64063K(64512K) NonClass: 55966K(56192K)->55966K(56192K) Class: 8096K(8320K)->8096K(8320K)
[2025-06-05T16:32:18.997+0000][13.596s][info ][gc          ] GC(34) Pause Young (Normal) (G1 Evacuation Pause) 195M->70M(232M) 26.014ms
[2025-06-05T16:32:18.997+0000][13.596s][info ][gc,cpu      ] GC(34) User=0.06s Sys=0.00s Real=0.03s
[2025-06-05T16:32:18.997+0000][13.596s][info ][safepoint   ] Safepoint "G1CollectForAllocation", Time since last: 239336000 ns, Reaching safepoint: 152041 ns, Cleanup: 3621125 ns, At safepoint: 26168625 ns, Total: 29941791 ns
[2025-06-05T16:32:19.273+0000][13.872s][debug][safepoint   ] Safepoint synchronization initiated using futex wait barrier. (19 threads)
[2025-06-05T16:32:19.273+0000][13.872s][info ][gc,start    ] GC(35) Pause Young (Concurrent Start) (Metadata GC Threshold)
[2025-06-05T16:32:19.273+0000][13.873s][info ][gc,task     ] GC(35) Using 2 workers of 2 for evacuation
[2025-06-05T16:32:19.283+0000][13.882s][info ][gc,phases   ] GC(35)   Pre Evacuate Collection Set: 0.2ms
[2025-06-05T16:32:19.283+0000][13.882s][info ][gc,phases   ] GC(35)   Merge Heap Roots: 0.1ms
[2025-06-05T16:32:19.283+0000][13.882s][info ][gc,phases   ] GC(35)   Evacuate Collection Set: 8.2ms
[2025-06-05T16:32:19.283+0000][13.882s][info ][gc,phases   ] GC(35)   Post Evacuate Collection Set: 0.9ms
[2025-06-05T16:32:19.283+0000][13.882s][info ][gc,phases   ] GC(35)   Other: 0.3ms
[2025-06-05T16:32:19.283+0000][13.882s][info ][gc,heap     ] GC(35) Eden regions: 102->0(127)
[2025-06-05T16:32:19.283+0000][13.882s][info ][gc,heap     ] GC(35) Survivor regions: 7->8(17)
[2025-06-05T16:32:19.283+0000][13.882s][info ][gc,heap     ] GC(35) Old regions: 63->63
[2025-06-05T16:32:19.283+0000][13.882s][info ][gc,heap     ] GC(35) Archive regions: 2->2
[2025-06-05T16:32:19.283+0000][13.883s][info ][gc,heap     ] GC(35) Humongous regions: 0->0
[2025-06-05T16:32:19.283+0000][13.883s][info ][gc,metaspace] GC(35) Metaspace: 67027K(67456K)->67027K(67456K) NonClass: 58478K(58688K)->58478K(58688K) Class: 8548K(8768K)->8548K(8768K)
[2025-06-05T16:32:19.283+0000][13.883s][info ][gc          ] GC(35) Pause Young (Concurrent Start) (Metadata GC Threshold) 172M->71M(232M) 10.123ms
[2025-06-05T16:32:19.283+0000][13.883s][info ][gc,cpu      ] GC(35) User=0.02s Sys=0.00s Real=0.01s
[2025-06-05T16:32:19.283+0000][13.883s][info ][safepoint   ] Safepoint "CollectForMetadataAllocation", Time since last: 275742167 ns, Reaching safepoint: 161167 ns, Cleanup: 52750 ns, At safepoint: 10300875 ns, Total: 10514792 ns
[2025-06-05T16:32:19.283+0000][13.883s][info ][gc          ] GC(36) Concurrent Mark Cycle
[2025-06-05T16:32:19.287+0000][13.886s][info ][gc,marking  ] GC(36) Concurrent Clear Claimed Marks
[2025-06-05T16:32:19.287+0000][13.886s][info ][gc,marking  ] GC(36) Concurrent Clear Claimed Marks 0.180ms
[2025-06-05T16:32:19.287+0000][13.886s][info ][gc,marking  ] GC(36) Concurrent Scan Root Regions
[2025-06-05T16:32:19.297+0000][13.896s][info ][gc,marking  ] GC(36) Concurrent Scan Root Regions 9.674ms
[2025-06-05T16:32:19.297+0000][13.896s][info ][gc,marking  ] GC(36) Concurrent Mark
[2025-06-05T16:32:19.297+0000][13.896s][info ][gc,marking  ] GC(36) Concurrent Mark From Roots
[2025-06-05T16:32:19.297+0000][13.896s][info ][gc,task     ] GC(36) Using 1 workers of 1 for marking
[2025-06-05T16:32:19.328+0000][13.928s][debug][safepoint   ] Safepoint synchronization initiated using futex wait barrier. (19 threads)
[2025-06-05T16:32:19.328+0000][13.928s][info ][safepoint   ] Safepoint "CollectForMetadataAllocation", Time since last: 44648875 ns, Reaching safepoint: 290208 ns, Cleanup: 14750 ns, At safepoint: 39375 ns, Total: 344333 ns
[2025-06-05T16:32:19.360+0000][13.959s][debug][safepoint   ] Safepoint synchronization initiated using futex wait barrier. (19 threads)
[2025-06-05T16:32:19.360+0000][13.959s][info ][safepoint   ] Safepoint "CollectForMetadataAllocation", Time since last: 31418250 ns, Reaching safepoint: 157125 ns, Cleanup: 9084 ns, At safepoint: 26000 ns, Total: 192209 ns
[2025-06-05T16:32:19.430+0000][14.029s][info ][gc,marking  ] GC(36) Concurrent Mark From Roots 133.139ms
[2025-06-05T16:32:19.432+0000][14.031s][info ][gc,marking  ] GC(36) Concurrent Preclean
[2025-06-05T16:32:19.432+0000][14.031s][debug][safepoint   ] Safepoint synchronization initiated using futex wait barrier. (19 threads)
[2025-06-05T16:32:19.432+0000][14.032s][info ][safepoint   ] Safepoint "CollectForMetadataAllocation", Time since last: 71941333 ns, Reaching safepoint: 149292 ns, Cleanup: 20875 ns, At safepoint: 37500 ns, Total: 207667 ns
[2025-06-05T16:32:19.432+0000][14.032s][info ][gc,marking  ] GC(36) Concurrent Preclean 0.396ms
[2025-06-05T16:32:19.436+0000][14.035s][debug][safepoint   ] Safepoint synchronization initiated using futex wait barrier. (19 threads)
[2025-06-05T16:32:19.437+0000][14.037s][info ][gc,start    ] GC(36) Pause Remark
[2025-06-05T16:32:19.448+0000][14.048s][info ][gc          ] GC(36) Pause Remark 107M->107M(232M) 11.306ms
[2025-06-05T16:32:19.449+0000][14.048s][info ][gc,cpu      ] GC(36) User=0.02s Sys=0.00s Real=0.01s
[2025-06-05T16:32:19.449+0000][14.048s][info ][safepoint   ] Safepoint "G1PauseRemark", Time since last: 3679750 ns, Reaching safepoint: 1381875 ns, Cleanup: 8291 ns, At safepoint: 11501042 ns, Total: 12891208 ns
[2025-06-05T16:32:19.449+0000][14.048s][info ][gc,marking  ] GC(36) Concurrent Mark 151.907ms
[2025-06-05T16:32:19.451+0000][14.050s][info ][gc,marking  ] GC(36) Concurrent Rebuild Remembered Sets
[2025-06-05T16:32:19.485+0000][14.085s][info ][gc,marking  ] GC(36) Concurrent Rebuild Remembered Sets 34.678ms
[2025-06-05T16:32:19.486+0000][14.085s][debug][safepoint   ] Safepoint synchronization initiated using futex wait barrier. (19 threads)
[2025-06-05T16:32:19.488+0000][14.087s][info ][gc,start    ] GC(36) Pause Cleanup
[2025-06-05T16:32:19.488+0000][14.088s][info ][gc          ] GC(36) Pause Cleanup 118M->118M(232M) 0.385ms
[2025-06-05T16:32:19.488+0000][14.088s][info ][gc,cpu      ] GC(36) User=0.00s Sys=0.00s Real=0.00s
[2025-06-05T16:32:19.488+0000][14.088s][info ][safepoint   ] Safepoint "G1PauseCleanup", Time since last: 37118375 ns, Reaching safepoint: 2098875 ns, Cleanup: 57625 ns, At safepoint: 503000 ns, Total: 2659500 ns
[2025-06-05T16:32:19.490+0000][14.090s][info ][gc,marking  ] GC(36) Concurrent Cleanup for Next Mark
[2025-06-05T16:32:19.496+0000][14.096s][info ][gc,marking  ] GC(36) Concurrent Cleanup for Next Mark 5.863ms
[2025-06-05T16:32:19.496+0000][14.096s][info ][gc          ] GC(36) Concurrent Mark Cycle 213.057ms
[2025-06-05T16:32:19.622+0000][14.222s][debug][safepoint   ] Safepoint synchronization initiated using futex wait barrier. (19 threads)
[2025-06-05T16:32:19.623+0000][14.222s][info ][safepoint   ] Safepoint "ICBufferFull", Time since last: 133918417 ns, Reaching safepoint: 144208 ns, Cleanup: 73458 ns, At safepoint: 2167 ns, Total: 219833 ns
[2025-06-05T16:32:19.760+0000][14.359s][debug][safepoint   ] Safepoint synchronization initiated using futex wait barrier. (19 threads)
[2025-06-05T16:32:19.760+0000][14.360s][info ][gc,start    ] GC(37) Pause Young (Prepare Mixed) (G1 Evacuation Pause)
[2025-06-05T16:32:19.760+0000][14.360s][info ][gc,task     ] GC(37) Using 2 workers of 2 for evacuation
[2025-06-05T16:32:19.783+0000][14.382s][info ][gc,phases   ] GC(37)   Pre Evacuate Collection Set: 0.4ms
[2025-06-05T16:32:19.783+0000][14.382s][info ][gc,phases   ] GC(37)   Merge Heap Roots: 0.2ms
[2025-06-05T16:32:19.783+0000][14.383s][info ][gc,phases   ] GC(37)   Evacuate Collection Set: 19.7ms
[2025-06-05T16:32:19.783+0000][14.383s][info ][gc,phases   ] GC(37)   Post Evacuate Collection Set: 1.5ms
[2025-06-05T16:32:19.783+0000][14.383s][info ][gc,phases   ] GC(37)   Other: 1.0ms
[2025-06-05T16:32:19.783+0000][14.383s][info ][gc,heap     ] GC(37) Eden regions: 127->0(1)
[2025-06-05T16:32:19.783+0000][14.383s][info ][gc,heap     ] GC(37) Survivor regions: 8->12(17)
[2025-06-05T16:32:19.783+0000][14.383s][info ][gc,heap     ] GC(37) Old regions: 63->63
[2025-06-05T16:32:19.783+0000][14.383s][info ][gc,heap     ] GC(37) Archive regions: 2->2
[2025-06-05T16:32:19.783+0000][14.383s][info ][gc,heap     ] GC(37) Humongous regions: 0->0
[2025-06-05T16:32:19.783+0000][14.383s][info ][gc,metaspace] GC(37) Metaspace: 68833K(69312K)->68833K(69312K) NonClass: 60048K(60288K)->60048K(60288K) Class: 8784K(9024K)->8784K(9024K)
[2025-06-05T16:32:19.783+0000][14.383s][info ][gc          ] GC(37) Pause Young (Prepare Mixed) (G1 Evacuation Pause) 198M->75M(232M) 23.208ms
[2025-06-05T16:32:19.783+0000][14.383s][info ][gc,cpu      ] GC(37) User=0.04s Sys=0.00s Real=0.02s
[2025-06-05T16:32:19.784+0000][14.383s][info ][safepoint   ] Safepoint "G1CollectForAllocation", Time since last: 137403250 ns, Reaching safepoint: 183125 ns, Cleanup: 77208 ns, At safepoint: 23378125 ns, Total: 23638458 ns
[2025-06-05T16:32:19.787+0000][14.387s][debug][safepoint   ] Safepoint synchronization initiated using futex wait barrier. (19 threads)
[2025-06-05T16:32:19.788+0000][14.387s][info ][gc,start    ] GC(38) Pause Young (Mixed) (G1 Evacuation Pause)
[2025-06-05T16:32:19.788+0000][14.387s][info ][gc,task     ] GC(38) Using 2 workers of 2 for evacuation
[2025-06-05T16:32:19.809+0000][14.408s][info ][gc,phases   ] GC(38)   Pre Evacuate Collection Set: 0.1ms
[2025-06-05T16:32:19.809+0000][14.408s][info ][gc,phases   ] GC(38)   Merge Heap Roots: 0.1ms
[2025-06-05T16:32:19.809+0000][14.408s][info ][gc,phases   ] GC(38)   Evacuate Collection Set: 19.0ms
[2025-06-05T16:32:19.809+0000][14.408s][info ][gc,phases   ] GC(38)   Post Evacuate Collection Set: 1.6ms
[2025-06-05T16:32:19.809+0000][14.408s][info ][gc,phases   ] GC(38)   Other: 0.2ms
[2025-06-05T16:32:19.809+0000][14.409s][info ][gc,heap     ] GC(38) Eden regions: 1->0(124)
[2025-06-05T16:32:19.809+0000][14.409s][info ][gc,heap     ] GC(38) Survivor regions: 12->1(2)
[2025-06-05T16:32:19.809+0000][14.409s][info ][gc,heap     ] GC(38) Old regions: 63->72
[2025-06-05T16:32:19.809+0000][14.409s][info ][gc,heap     ] GC(38) Archive regions: 2->2
[2025-06-05T16:32:19.809+0000][14.409s][info ][gc,heap     ] GC(38) Humongous regions: 0->0
[2025-06-05T16:32:19.809+0000][14.409s][info ][gc,metaspace] GC(38) Metaspace: 68855K(69312K)->68855K(69312K) NonClass: 60063K(60288K)->60063K(60288K) Class: 8792K(9024K)->8792K(9024K)
[2025-06-05T16:32:19.810+0000][14.409s][info ][gc          ] GC(38) Pause Young (Mixed) (G1 Evacuation Pause) 76M->73M(232M) 21.972ms
[2025-06-05T16:32:19.810+0000][14.409s][info ][gc,cpu      ] GC(38) User=0.04s Sys=0.00s Real=0.02s
[2025-06-05T16:32:19.810+0000][14.409s][info ][safepoint   ] Safepoint "G1CollectForAllocation", Time since last: 3850625 ns, Reaching safepoint: 118750 ns, Cleanup: 6125 ns, At safepoint: 22132167 ns, Total: 22257042 ns
[2025-06-05T16:32:20.049+0000][14.648s][debug][safepoint   ] Safepoint synchronization initiated using futex wait barrier. (19 threads)
[2025-06-05T16:32:20.049+0000][14.648s][info ][safepoint   ] Safepoint "ICBufferFull", Time since last: 238900917 ns, Reaching safepoint: 200333 ns, Cleanup: 83792 ns, At safepoint: 7042 ns, Total: 291167 ns
[2025-06-05T16:32:20.088+0000][14.687s][debug][safepoint   ] Safepoint synchronization initiated using futex wait barrier. (19 threads)
[2025-06-05T16:32:20.088+0000][14.687s][info ][safepoint   ] Safepoint "ICBufferFull", Time since last: 38702291 ns, Reaching safepoint: 145959 ns, Cleanup: 51416 ns, At safepoint: 5625 ns, Total: 203000 ns
[2025-06-05T16:32:20.125+0000][14.724s][debug][safepoint   ] Safepoint synchronization initiated using futex wait barrier. (19 threads)
[2025-06-05T16:32:20.125+0000][14.724s][info ][safepoint   ] Safepoint "ICBufferFull", Time since last: 36777292 ns, Reaching safepoint: 105000 ns, Cleanup: 68958 ns, At safepoint: 8209 ns, Total: 182167 ns
[2025-06-05T16:32:20.148+0000][14.747s][debug][safepoint   ] Safepoint synchronization initiated using futex wait barrier. (19 threads)
[2025-06-05T16:32:20.149+0000][14.748s][info ][safepoint   ] Safepoint "ICBufferFull", Time since last: 23091333 ns, Reaching safepoint: 884583 ns, Cleanup: 79667 ns, At safepoint: 7875 ns, Total: 972125 ns
[2025-06-05T16:32:20.149+0000][14.748s][debug][safepoint   ] Safepoint synchronization initiated using futex wait barrier. (19 threads)
[2025-06-05T16:32:20.150+0000][14.749s][info ][safepoint   ] Safepoint "ICBufferFull", Time since last: 227292 ns, Reaching safepoint: 806125 ns, Cleanup: 8333 ns, At safepoint: 6917 ns, Total: 821375 ns
[2025-06-05T16:32:20.184+0000][14.784s][debug][safepoint   ] Safepoint synchronization initiated using futex wait barrier. (19 threads)
[2025-06-05T16:32:20.185+0000][14.784s][info ][safepoint   ] Safepoint "ICBufferFull", Time since last: 34508291 ns, Reaching safepoint: 207834 ns, Cleanup: 113416 ns, At safepoint: 2042 ns, Total: 323292 ns
[2025-06-05T16:32:20.335+0000][14.934s][debug][safepoint   ] Safepoint synchronization initiated using futex wait barrier. (19 threads)
[2025-06-05T16:32:20.335+0000][14.934s][info ][gc,start    ] GC(39) Pause Young (Concurrent Start) (G1 Evacuation Pause)
[2025-06-05T16:32:20.335+0000][14.935s][info ][gc,task     ] GC(39) Using 2 workers of 2 for evacuation
[2025-06-05T16:32:20.343+0000][14.942s][info ][gc,phases   ] GC(39)   Pre Evacuate Collection Set: 0.2ms
[2025-06-05T16:32:20.343+0000][14.942s][info ][gc,phases   ] GC(39)   Merge Heap Roots: 0.2ms
[2025-06-05T16:32:20.343+0000][14.942s][info ][gc,phases   ] GC(39)   Evacuate Collection Set: 6.3ms
[2025-06-05T16:32:20.343+0000][14.942s][info ][gc,phases   ] GC(39)   Post Evacuate Collection Set: 0.8ms
[2025-06-05T16:32:20.343+0000][14.942s][info ][gc,phases   ] GC(39)   Other: 0.2ms
[2025-06-05T16:32:20.343+0000][14.942s][info ][gc,heap     ] GC(39) Eden regions: 124->0(124)
[2025-06-05T16:32:20.343+0000][14.942s][info ][gc,heap     ] GC(39) Survivor regions: 1->2(16)
[2025-06-05T16:32:20.343+0000][14.942s][info ][gc,heap     ] GC(39) Old regions: 72->72
[2025-06-05T16:32:20.343+0000][14.943s][info ][gc,heap     ] GC(39) Archive regions: 2->2
[2025-06-05T16:32:20.343+0000][14.943s][info ][gc,heap     ] GC(39) Humongous regions: 0->0
[2025-06-05T16:32:20.343+0000][14.943s][info ][gc,metaspace] GC(39) Metaspace: 72537K(73024K)->72537K(73024K) NonClass: 63292K(63552K)->63292K(63552K) Class: 9245K(9472K)->9245K(9472K)
[2025-06-05T16:32:20.343+0000][14.943s][info ][gc          ] GC(39) Pause Young (Concurrent Start) (G1 Evacuation Pause) 197M->74M(232M) 8.153ms
[2025-06-05T16:32:20.343+0000][14.943s][info ][gc,cpu      ] GC(39) User=0.01s Sys=0.00s Real=0.00s
[2025-06-05T16:32:20.343+0000][14.943s][info ][safepoint   ] Safepoint "G1CollectForAllocation", Time since last: 149895292 ns, Reaching safepoint: 348458 ns, Cleanup: 40833 ns, At safepoint: 8304625 ns, Total: 8693916 ns
[2025-06-05T16:32:20.343+0000][14.943s][info ][gc          ] GC(40) Concurrent Mark Cycle
[2025-06-05T16:32:20.346+0000][14.946s][info ][gc,marking  ] GC(40) Concurrent Clear Claimed Marks
[2025-06-05T16:32:20.346+0000][14.946s][info ][gc,marking  ] GC(40) Concurrent Clear Claimed Marks 0.126ms
[2025-06-05T16:32:20.346+0000][14.946s][info ][gc,marking  ] GC(40) Concurrent Scan Root Regions
[2025-06-05T16:32:20.348+0000][14.948s][info ][gc,marking  ] GC(40) Concurrent Scan Root Regions 1.961ms
[2025-06-05T16:32:20.348+0000][14.948s][info ][gc,marking  ] GC(40) Concurrent Mark
[2025-06-05T16:32:20.348+0000][14.948s][info ][gc,marking  ] GC(40) Concurrent Mark From Roots
[2025-06-05T16:32:20.349+0000][14.948s][info ][gc,task     ] GC(40) Using 1 workers of 1 for marking
[2025-06-05T16:32:20.440+0000][15.039s][info ][gc,marking  ] GC(40) Concurrent Mark From Roots 91.238ms
[2025-06-05T16:32:20.440+0000][15.039s][info ][gc,marking  ] GC(40) Concurrent Preclean
[2025-06-05T16:32:20.440+0000][15.040s][info ][gc,marking  ] GC(40) Concurrent Preclean 0.349ms
[2025-06-05T16:32:20.442+0000][15.041s][debug][safepoint   ] Safepoint synchronization initiated using futex wait barrier. (19 threads)
[2025-06-05T16:32:20.442+0000][15.041s][info ][gc,start    ] GC(40) Pause Remark
[2025-06-05T16:32:20.460+0000][15.060s][info ][gc          ] GC(40) Pause Remark 95M->95M(232M) 18.782ms
[2025-06-05T16:32:20.461+0000][15.060s][info ][gc,cpu      ] GC(40) User=0.04s Sys=0.00s Real=0.02s
[2025-06-05T16:32:20.461+0000][15.061s][info ][safepoint   ] Safepoint "G1PauseRemark", Time since last: 98252792 ns, Reaching safepoint: 86208 ns, Cleanup: 22292 ns, At safepoint: 19435250 ns, Total: 19543750 ns
[2025-06-05T16:32:20.461+0000][15.061s][info ][gc,marking  ] GC(40) Concurrent Mark 112.844ms
[2025-06-05T16:32:20.465+0000][15.064s][info ][gc,marking  ] GC(40) Concurrent Rebuild Remembered Sets
[2025-06-05T16:32:20.548+0000][15.148s][info ][gc,marking  ] GC(40) Concurrent Rebuild Remembered Sets 83.575ms
[2025-06-05T16:32:20.549+0000][15.148s][debug][safepoint   ] Safepoint synchronization initiated using futex wait barrier. (19 threads)
[2025-06-05T16:32:20.549+0000][15.149s][info ][gc,start    ] GC(40) Pause Cleanup
[2025-06-05T16:32:20.550+0000][15.149s][info ][gc          ] GC(40) Pause Cleanup 107M->107M(232M) 0.245ms
[2025-06-05T16:32:20.550+0000][15.150s][info ][gc,cpu      ] GC(40) User=0.00s Sys=0.00s Real=0.00s
[2025-06-05T16:32:20.550+0000][15.150s][info ][safepoint   ] Safepoint "G1PauseCleanup", Time since last: 87949458 ns, Reaching safepoint: 357625 ns, Cleanup: 11250 ns, At safepoint: 1009584 ns, Total: 1378459 ns
[2025-06-05T16:32:20.551+0000][15.151s][info ][gc,marking  ] GC(40) Concurrent Cleanup for Next Mark
[2025-06-05T16:32:20.565+0000][15.164s][info ][gc,marking  ] GC(40) Concurrent Cleanup for Next Mark 13.990ms
[2025-06-05T16:32:20.565+0000][15.165s][info ][gc          ] GC(40) Concurrent Mark Cycle 221.904ms
[2025-06-05T16:32:21.650+0000][16.249s][debug][safepoint   ] Safepoint synchronization initiated using futex wait barrier. (19 threads)
[2025-06-05T16:32:21.655+0000][16.255s][info ][gc,start    ] GC(41) Pause Young (Prepare Mixed) (G1 Evacuation Pause)
[2025-06-05T16:32:21.656+0000][16.255s][info ][gc,task     ] GC(41) Using 2 workers of 2 for evacuation
[2025-06-05T16:32:21.907+0000][16.506s][info ][gc,phases   ] GC(41)   Pre Evacuate Collection Set: 1.5ms
[2025-06-05T16:32:21.907+0000][16.506s][info ][gc,phases   ] GC(41)   Merge Heap Roots: 1.7ms
[2025-06-05T16:32:21.907+0000][16.506s][info ][gc,phases   ] GC(41)   Evacuate Collection Set: 210.0ms
[2025-06-05T16:32:21.907+0000][16.506s][info ][gc,phases   ] GC(41)   Post Evacuate Collection Set: 35.2ms
[2025-06-05T16:32:21.907+0000][16.507s][info ][gc,phases   ] GC(41)   Other: 4.6ms
[2025-06-05T16:32:21.907+0000][16.507s][info ][gc,heap     ] GC(41) Eden regions: 124->0(8)
[2025-06-05T16:32:21.907+0000][16.507s][info ][gc,heap     ] GC(41) Survivor regions: 2->3(16)
[2025-06-05T16:32:21.907+0000][16.507s][info ][gc,heap     ] GC(41) Old regions: 72->72
[2025-06-05T16:32:21.907+0000][16.507s][info ][gc,heap     ] GC(41) Archive regions: 2->2
[2025-06-05T16:32:21.907+0000][16.507s][info ][gc,heap     ] GC(41) Humongous regions: 0->0
[2025-06-05T16:32:21.908+0000][16.507s][info ][gc,metaspace] GC(41) Metaspace: 76749K(77248K)->76749K(77248K) NonClass: 66745K(67008K)->66745K(67008K) Class: 10003K(10240K)->10003K(10240K)
[2025-06-05T16:32:21.908+0000][16.508s][info ][gc          ] GC(41) Pause Young (Prepare Mixed) (G1 Evacuation Pause) 198M->74M(232M) 252.848ms
[2025-06-05T16:32:21.908+0000][16.508s][info ][gc,cpu      ] GC(41) User=0.47s Sys=0.02s Real=0.26s
[2025-06-05T16:32:21.908+0000][16.508s][info ][safepoint   ] Safepoint "G1CollectForAllocation", Time since last: 1099303459 ns, Reaching safepoint: 3560708 ns, Cleanup: 298292 ns, At safepoint: 254758666 ns, Total: 258617666 ns
[2025-06-05T16:32:22.044+0000][16.644s][debug][safepoint   ] Safepoint synchronization initiated using futex wait barrier. (19 threads)
[2025-06-05T16:32:22.044+0000][16.644s][info ][gc,start    ] GC(42) Pause Young (Mixed) (G1 Evacuation Pause)
[2025-06-05T16:32:22.045+0000][16.644s][info ][gc,task     ] GC(42) Using 2 workers of 2 for evacuation
[2025-06-05T16:32:22.101+0000][16.701s][info ][gc,phases   ] GC(42)   Pre Evacuate Collection Set: 0.2ms
[2025-06-05T16:32:22.101+0000][16.701s][info ][gc,phases   ] GC(42)   Merge Heap Roots: 0.3ms
[2025-06-05T16:32:22.101+0000][16.701s][info ][gc,phases   ] GC(42)   Evacuate Collection Set: 54.7ms
[2025-06-05T16:32:22.101+0000][16.701s][info ][gc,phases   ] GC(42)   Post Evacuate Collection Set: 1.3ms
[2025-06-05T16:32:22.101+0000][16.701s][info ][gc,phases   ] GC(42)   Other: 0.4ms
[2025-06-05T16:32:22.102+0000][16.701s][info ][gc,heap     ] GC(42) Eden regions: 8->0(125)
[2025-06-05T16:32:22.102+0000][16.701s][info ][gc,heap     ] GC(42) Survivor regions: 3->1(2)
[2025-06-05T16:32:22.102+0000][16.701s][info ][gc,heap     ] GC(42) Old regions: 72->73
[2025-06-05T16:32:22.102+0000][16.702s][info ][gc,heap     ] GC(42) Archive regions: 2->2
[2025-06-05T16:32:22.102+0000][16.702s][info ][gc,heap     ] GC(42) Humongous regions: 0->0
[2025-06-05T16:32:22.102+0000][16.702s][info ][gc,metaspace] GC(42) Metaspace: 76857K(77312K)->76857K(77312K) NonClass: 66833K(67072K)->66833K(67072K) Class: 10023K(10240K)->10023K(10240K)
[2025-06-05T16:32:22.102+0000][16.702s][info ][gc          ] GC(42) Pause Young (Mixed) (G1 Evacuation Pause) 82M->74M(232M) 58.049ms
[2025-06-05T16:32:22.103+0000][16.702s][info ][gc,cpu      ] GC(42) User=0.11s Sys=0.00s Real=0.06s
[2025-06-05T16:32:22.103+0000][16.702s][info ][safepoint   ] Safepoint "G1CollectForAllocation", Time since last: 135835292 ns, Reaching safepoint: 224750 ns, Cleanup: 19875 ns, At safepoint: 58161917 ns, Total: 58406542 ns
[2025-06-05T16:32:22.568+0000][17.167s][debug][safepoint   ] Safepoint synchronization initiated using futex wait barrier. (19 threads)
[2025-06-05T16:32:22.569+0000][17.169s][info ][safepoint   ] Safepoint "ICBufferFull", Time since last: 465409542 ns, Reaching safepoint: 1025041 ns, Cleanup: 195875 ns, At safepoint: 5209 ns, Total: 1226125 ns
[2025-06-05T16:32:23.532+0000][18.131s][debug][safepoint   ] Safepoint synchronization initiated using futex wait barrier. (19 threads)
[2025-06-05T16:32:23.533+0000][18.132s][info ][safepoint   ] Safepoint "ICBufferFull", Time since last: 962631667 ns, Reaching safepoint: 634542 ns, Cleanup: 348208 ns, At safepoint: 9208 ns, Total: 991958 ns
[2025-06-05T16:32:23.585+0000][18.185s][debug][safepoint   ] Safepoint synchronization initiated using futex wait barrier. (19 threads)
[2025-06-05T16:32:23.586+0000][18.185s][info ][safepoint   ] Safepoint "ICBufferFull", Time since last: 52498834 ns, Reaching safepoint: 431666 ns, Cleanup: 216667 ns, At safepoint: 16667 ns, Total: 665000 ns
[2025-06-05T16:32:23.737+0000][18.337s][debug][safepoint   ] Safepoint synchronization initiated using futex wait barrier. (19 threads)
[2025-06-05T16:32:23.739+0000][18.339s][info ][safepoint   ] Safepoint "ICBufferFull", Time since last: 151284583 ns, Reaching safepoint: 1667750 ns, Cleanup: 181333 ns, At safepoint: 14042 ns, Total: 1863125 ns
[2025-06-05T16:32:23.829+0000][18.428s][debug][safepoint   ] Safepoint synchronization initiated using futex wait barrier. (19 threads)
[2025-06-05T16:32:23.829+0000][18.429s][info ][safepoint   ] Safepoint "ICBufferFull", Time since last: 89597333 ns, Reaching safepoint: 320250 ns, Cleanup: 188167 ns, At safepoint: 4875 ns, Total: 513292 ns
[2025-06-05T16:32:23.931+0000][18.530s][debug][safepoint   ] Safepoint synchronization initiated using futex wait barrier. (18 threads)
[2025-06-05T16:32:23.931+0000][18.530s][info ][safepoint   ] Safepoint "ICBufferFull", Time since last: 101369625 ns, Reaching safepoint: 177125 ns, Cleanup: 62750 ns, At safepoint: 2292 ns, Total: 242167 ns
[2025-06-05T16:32:23.951+0000][18.551s][debug][safepoint   ] Safepoint synchronization initiated using futex wait barrier. (18 threads)
[2025-06-05T16:32:23.951+0000][18.551s][info ][safepoint   ] Safepoint "ICBufferFull", Time since last: 20272458 ns, Reaching safepoint: 121417 ns, Cleanup: 64208 ns, At safepoint: 5083 ns, Total: 190708 ns
[2025-06-05T16:32:23.989+0000][18.588s][debug][safepoint   ] Safepoint synchronization initiated using futex wait barrier. (18 threads)
[2025-06-05T16:32:23.989+0000][18.588s][info ][safepoint   ] Safepoint "ICBufferFull", Time since last: 37279084 ns, Reaching safepoint: 129208 ns, Cleanup: 69958 ns, At safepoint: 1917 ns, Total: 201083 ns
[2025-06-05T16:32:24.077+0000][18.677s][debug][safepoint   ] Safepoint synchronization initiated using futex wait barrier. (18 threads)
[2025-06-05T16:32:24.077+0000][18.677s][info ][safepoint   ] Safepoint "ICBufferFull", Time since last: 88353708 ns, Reaching safepoint: 114625 ns, Cleanup: 66292 ns, At safepoint: 2458 ns, Total: 183375 ns
[2025-06-05T16:32:24.192+0000][18.791s][debug][safepoint   ] Safepoint synchronization initiated using futex wait barrier. (18 threads)
[2025-06-05T16:32:24.192+0000][18.792s][info ][safepoint   ] Safepoint "ICBufferFull", Time since last: 114206917 ns, Reaching safepoint: 511417 ns, Cleanup: 78542 ns, At safepoint: 6583 ns, Total: 596542 ns
[2025-06-05T16:32:24.385+0000][18.985s][debug][safepoint   ] Safepoint synchronization initiated using futex wait barrier. (18 threads)
[2025-06-05T16:32:24.386+0000][18.986s][info ][gc,start    ] GC(43) Pause Young (Normal) (G1 Evacuation Pause)
[2025-06-05T16:32:24.387+0000][18.987s][info ][gc,task     ] GC(43) Using 2 workers of 2 for evacuation
[2025-06-05T16:32:24.593+0000][19.192s][info ][gc,phases   ] GC(43)   Pre Evacuate Collection Set: 20.3ms
[2025-06-05T16:32:24.593+0000][19.192s][info ][gc,phases   ] GC(43)   Merge Heap Roots: 16.9ms
[2025-06-05T16:32:24.593+0000][19.192s][info ][gc,phases   ] GC(43)   Evacuate Collection Set: 135.3ms
[2025-06-05T16:32:24.593+0000][19.192s][info ][gc,phases   ] GC(43)   Post Evacuate Collection Set: 31.3ms
[2025-06-05T16:32:24.593+0000][19.192s][info ][gc,phases   ] GC(43)   Other: 2.3ms
[2025-06-05T16:32:24.593+0000][19.193s][info ][gc,heap     ] GC(43) Eden regions: 125->0(316)
[2025-06-05T16:32:24.593+0000][19.193s][info ][gc,heap     ] GC(43) Survivor regions: 1->3(16)
[2025-06-05T16:32:24.593+0000][19.193s][info ][gc,heap     ] GC(43) Old regions: 73->73
[2025-06-05T16:32:24.593+0000][19.193s][info ][gc,heap     ] GC(43) Archive regions: 2->2
[2025-06-05T16:32:24.593+0000][19.193s][info ][gc,heap     ] GC(43) Humongous regions: 0->0
[2025-06-05T16:32:24.593+0000][19.193s][info ][gc,metaspace] GC(43) Metaspace: 79396K(79808K)->79396K(79808K) NonClass: 69050K(69248K)->69050K(69248K) Class: 10346K(10560K)->10346K(10560K)
[2025-06-05T16:32:24.594+0000][19.193s][info ][gc          ] GC(43) Pause Young (Normal) (G1 Evacuation Pause) 199M->75M(532M) 207.326ms
[2025-06-05T16:32:24.594+0000][19.193s][info ][gc,cpu      ] GC(43) User=0.34s Sys=0.04s Real=0.20s
[2025-06-05T16:32:24.594+0000][19.193s][info ][safepoint   ] Safepoint "G1CollectForAllocation", Time since last: 193156083 ns, Reaching safepoint: 310209 ns, Cleanup: 63625 ns, At safepoint: 208277166 ns, Total: 208651000 ns
[2025-06-05T16:32:24.898+0000][19.497s][debug][safepoint   ] Safepoint synchronization initiated using futex wait barrier. (18 threads)
[2025-06-05T16:32:24.898+0000][19.498s][info ][safepoint   ] Safepoint "ICBufferFull", Time since last: 303745417 ns, Reaching safepoint: 527584 ns, Cleanup: 90625 ns, At safepoint: 5083 ns, Total: 623292 ns
[2025-06-05T16:32:25.279+0000][19.878s][debug][safepoint   ] Safepoint synchronization initiated using futex wait barrier. (18 threads)
[2025-06-05T16:32:25.279+0000][19.879s][info ][safepoint   ] Safepoint "ICBufferFull", Time since last: 380682333 ns, Reaching safepoint: 152875 ns, Cleanup: 77500 ns, At safepoint: 2000 ns, Total: 232375 ns
[2025-06-05T16:32:26.003+0000][20.602s][debug][safepoint   ] Safepoint synchronization initiated using futex wait barrier. (18 threads)
[2025-06-05T16:32:26.003+0000][20.602s][info ][safepoint   ] Safepoint "ICBufferFull", Time since last: 723322334 ns, Reaching safepoint: 254000 ns, Cleanup: 70958 ns, At safepoint: 4959 ns, Total: 329917 ns
[2025-06-05T16:32:26.540+0000][21.139s][debug][safepoint   ] Safepoint synchronization initiated using futex wait barrier. (18 threads)
[2025-06-05T16:32:26.540+0000][21.139s][info ][safepoint   ] Safepoint "ICBufferFull", Time since last: 536759167 ns, Reaching safepoint: 145083 ns, Cleanup: 86125 ns, At safepoint: 2583 ns, Total: 233791 ns
[2025-06-05T16:32:26.781+0000][21.380s][debug][safepoint   ] Safepoint synchronization initiated using futex wait barrier. (18 threads)
[2025-06-05T16:32:26.781+0000][21.380s][info ][safepoint   ] Safepoint "ICBufferFull", Time since last: 240627834 ns, Reaching safepoint: 129416 ns, Cleanup: 80875 ns, At safepoint: 1959 ns, Total: 212250 ns
[2025-06-05T16:32:27.011+0000][21.610s][debug][safepoint   ] Safepoint synchronization initiated using futex wait barrier. (18 threads)
[2025-06-05T16:32:27.011+0000][21.611s][info ][safepoint   ] Safepoint "ICBufferFull", Time since last: 230173833 ns, Reaching safepoint: 165042 ns, Cleanup: 78208 ns, At safepoint: 2292 ns, Total: 245542 ns
[2025-06-05T16:32:27.228+0000][21.827s][debug][safepoint   ] Safepoint synchronization initiated using futex wait barrier. (19 threads)
[2025-06-05T16:32:27.228+0000][21.827s][info ][safepoint   ] Safepoint "ICBufferFull", Time since last: 216384542 ns, Reaching safepoint: 256750 ns, Cleanup: 102958 ns, At safepoint: 2917 ns, Total: 362625 ns
[2025-06-05T16:32:27.598+0000][22.197s][debug][safepoint   ] Safepoint synchronization initiated using futex wait barrier. (19 threads)
[2025-06-05T16:32:27.600+0000][22.199s][info ][safepoint   ] Safepoint "ICBufferFull", Time since last: 370048041 ns, Reaching safepoint: 1807459 ns, Cleanup: 101166 ns, At safepoint: 8042 ns, Total: 1916667 ns
[2025-06-05T16:32:27.641+0000][22.240s][debug][safepoint   ] Safepoint synchronization initiated using futex wait barrier. (19 threads)
[2025-06-05T16:32:27.643+0000][22.243s][info ][safepoint   ] Safepoint "ICBufferFull", Time since last: 40743042 ns, Reaching safepoint: 2343750 ns, Cleanup: 104541 ns, At safepoint: 8500 ns, Total: 2456791 ns
[2025-06-05T16:32:28.036+0000][22.635s][debug][safepoint   ] Safepoint synchronization initiated using futex wait barrier. (19 threads)
[2025-06-05T16:32:28.037+0000][22.636s][info ][gc,start    ] GC(44) Pause Young (Normal) (G1 Evacuation Pause)
[2025-06-05T16:32:28.037+0000][22.636s][info ][gc,task     ] GC(44) Using 2 workers of 2 for evacuation
[2025-06-05T16:32:28.080+0000][22.680s][info ][gc,phases   ] GC(44)   Pre Evacuate Collection Set: 0.8ms
[2025-06-05T16:32:28.081+0000][22.680s][info ][gc,phases   ] GC(44)   Merge Heap Roots: 0.4ms
[2025-06-05T16:32:28.081+0000][22.680s][info ][gc,phases   ] GC(44)   Evacuate Collection Set: 37.6ms
[2025-06-05T16:32:28.081+0000][22.680s][info ][gc,phases   ] GC(44)   Post Evacuate Collection Set: 4.0ms
[2025-06-05T16:32:28.081+0000][22.680s][info ][gc,phases   ] GC(44)   Other: 1.0ms
[2025-06-05T16:32:28.081+0000][22.680s][info ][gc,heap     ] GC(44) Eden regions: 316->0(310)
[2025-06-05T16:32:28.081+0000][22.680s][info ][gc,heap     ] GC(44) Survivor regions: 3->9(40)
[2025-06-05T16:32:28.081+0000][22.680s][info ][gc,heap     ] GC(44) Old regions: 73->73
[2025-06-05T16:32:28.081+0000][22.680s][info ][gc,heap     ] GC(44) Archive regions: 2->2
[2025-06-05T16:32:28.081+0000][22.680s][info ][gc,heap     ] GC(44) Humongous regions: 0->0
[2025-06-05T16:32:28.081+0000][22.680s][info ][gc,metaspace] GC(44) Metaspace: 85593K(86080K)->85593K(86080K) NonClass: 74562K(74816K)->74562K(74816K) Class: 11031K(11264K)->11031K(11264K)
[2025-06-05T16:32:28.081+0000][22.680s][info ][gc          ] GC(44) Pause Young (Normal) (G1 Evacuation Pause) 391M->81M(532M) 44.227ms
[2025-06-05T16:32:28.081+0000][22.681s][info ][gc,cpu      ] GC(44) User=0.09s Sys=0.00s Real=0.04s
[2025-06-05T16:32:28.081+0000][22.681s][info ][safepoint   ] Safepoint "G1CollectForAllocation", Time since last: 392990834 ns, Reaching safepoint: 302917 ns, Cleanup: 194041 ns, At safepoint: 44579500 ns, Total: 45076458 ns
[2025-06-05T16:32:28.583+0000][23.182s][debug][safepoint   ] Safepoint synchronization initiated using futex wait barrier. (19 threads)
[2025-06-05T16:32:28.583+0000][23.183s][info ][safepoint   ] Safepoint "ICBufferFull", Time since last: 501472667 ns, Reaching safepoint: 209584 ns, Cleanup: 251333 ns, At safepoint: 5958 ns, Total: 466875 ns
[2025-06-05T16:32:29.297+0000][23.897s][debug][safepoint   ] Safepoint synchronization initiated using futex wait barrier. (23 threads)
[2025-06-05T16:32:29.298+0000][23.897s][info ][safepoint   ] Safepoint "ICBufferFull", Time since last: 714053251 ns, Reaching safepoint: 456166 ns, Cleanup: 98875 ns, At safepoint: 7042 ns, Total: 562083 ns
[2025-06-05T16:32:29.791+0000][24.383s][debug][safepoint   ] Safepoint synchronization initiated using futex wait barrier. (23 threads)
[2025-06-05T16:32:29.792+0000][24.383s][info ][safepoint   ] Safepoint "ICBufferFull", Time since last: 485917458 ns, Reaching safepoint: 306875 ns, Cleanup: 119208 ns, At safepoint: 7709 ns, Total: 433792 ns
[2025-06-05T16:32:30.267+0000][24.859s][debug][safepoint   ] Safepoint synchronization initiated using futex wait barrier. (23 threads)
[2025-06-05T16:32:30.270+0000][24.862s][info ][safepoint   ] Safepoint "ICBufferFull", Time since last: 475254083 ns, Reaching safepoint: 3481208 ns, Cleanup: 120042 ns, At safepoint: 5792 ns, Total: 3607042 ns
[2025-06-05T16:32:30.472+0000][25.064s][debug][safepoint   ] Safepoint synchronization initiated using futex wait barrier. (23 threads)
[2025-06-05T16:32:30.474+0000][25.066s][info ][gc,start    ] GC(45) Pause Young (Normal) (G1 Evacuation Pause)
[2025-06-05T16:32:30.474+0000][25.066s][info ][gc,task     ] GC(45) Using 2 workers of 2 for evacuation
[2025-06-05T16:32:30.562+0000][25.154s][info ][gc,phases   ] GC(45)   Pre Evacuate Collection Set: 0.5ms
[2025-06-05T16:32:30.563+0000][25.154s][info ][gc,phases   ] GC(45)   Merge Heap Roots: 0.3ms
[2025-06-05T16:32:30.563+0000][25.155s][info ][gc,phases   ] GC(45)   Evacuate Collection Set: 82.8ms
[2025-06-05T16:32:30.563+0000][25.155s][info ][gc,phases   ] GC(45)   Post Evacuate Collection Set: 4.6ms
[2025-06-05T16:32:30.563+0000][25.155s][info ][gc,phases   ] GC(45)   Other: 0.6ms
[2025-06-05T16:32:30.563+0000][25.155s][info ][gc,heap     ] GC(45) Eden regions: 310->0(303)
[2025-06-05T16:32:30.563+0000][25.155s][info ][gc,heap     ] GC(45) Survivor regions: 9->16(40)
[2025-06-05T16:32:30.563+0000][25.155s][info ][gc,heap     ] GC(45) Old regions: 73->73
[2025-06-05T16:32:30.563+0000][25.155s][info ][gc,heap     ] GC(45) Archive regions: 2->2
[2025-06-05T16:32:30.563+0000][25.155s][info ][gc,heap     ] GC(45) Humongous regions: 0->0
[2025-06-05T16:32:30.563+0000][25.155s][info ][gc,metaspace] GC(45) Metaspace: 93437K(94016K)->93437K(94016K) NonClass: 81424K(81728K)->81424K(81728K) Class: 12012K(12288K)->12012K(12288K)
[2025-06-05T16:32:30.563+0000][25.155s][info ][gc          ] GC(45) Pause Young (Normal) (G1 Evacuation Pause) 391M->89M(532M) 89.273ms
[2025-06-05T16:32:30.563+0000][25.155s][info ][gc,cpu      ] GC(45) User=0.18s Sys=0.00s Real=0.09s
[2025-06-05T16:32:30.563+0000][25.155s][info ][safepoint   ] Safepoint "G1CollectForAllocation", Time since last: 201505958 ns, Reaching safepoint: 1571042 ns, Cleanup: 113208 ns, At safepoint: 89495250 ns, Total: 91179500 ns
[2025-06-05T16:32:30.659+0000][25.251s][debug][safepoint   ] Safepoint synchronization initiated using futex wait barrier. (23 threads)
[2025-06-05T16:32:30.659+0000][25.251s][info ][safepoint   ] Safepoint "ICBufferFull", Time since last: 95696500 ns, Reaching safepoint: 184625 ns, Cleanup: 64250 ns, At safepoint: 6875 ns, Total: 255750 ns
[2025-06-05T16:32:30.931+0000][25.523s][debug][safepoint   ] Safepoint synchronization initiated using futex wait barrier. (23 threads)
[2025-06-05T16:32:30.932+0000][25.524s][info ][safepoint   ] Safepoint "ICBufferFull", Time since last: 272086709 ns, Reaching safepoint: 514916 ns, Cleanup: 249417 ns, At safepoint: 6458 ns, Total: 770791 ns
[2025-06-05T16:32:31.642+0000][26.234s][debug][safepoint   ] Safepoint synchronization initiated using futex wait barrier. (24 threads)
[2025-06-05T16:32:31.643+0000][26.235s][info ][safepoint   ] Safepoint "ICBufferFull", Time since last: 710219959 ns, Reaching safepoint: 493667 ns, Cleanup: 125083 ns, At safepoint: 2708 ns, Total: 621458 ns
[2025-06-05T16:32:32.016+0000][26.608s][debug][safepoint   ] Safepoint synchronization initiated using futex wait barrier. (24 threads)
[2025-06-05T16:32:32.016+0000][26.608s][info ][safepoint   ] Safepoint "ICBufferFull", Time since last: 372949042 ns, Reaching safepoint: 310959 ns, Cleanup: 90291 ns, At safepoint: 7584 ns, Total: 408834 ns
[2025-06-05T16:32:32.202+0000][26.794s][debug][safepoint   ] Safepoint synchronization initiated using futex wait barrier. (24 threads)
[2025-06-05T16:32:32.202+0000][26.794s][info ][gc,start    ] GC(46) Pause Young (Normal) (G1 Evacuation Pause)
[2025-06-05T16:32:32.202+0000][26.794s][info ][gc,task     ] GC(46) Using 2 workers of 2 for evacuation
[2025-06-05T16:32:32.575+0000][27.167s][info ][gc,phases   ] GC(46)   Pre Evacuate Collection Set: 0.9ms
[2025-06-05T16:32:32.575+0000][27.167s][info ][gc,phases   ] GC(46)   Merge Heap Roots: 0.3ms
[2025-06-05T16:32:32.575+0000][27.167s][info ][gc,phases   ] GC(46)   Evacuate Collection Set: 364.6ms
[2025-06-05T16:32:32.575+0000][27.167s][info ][gc,phases   ] GC(46)   Post Evacuate Collection Set: 6.9ms
[2025-06-05T16:32:32.576+0000][27.167s][info ][gc,phases   ] GC(46)   Other: 0.6ms
[2025-06-05T16:32:32.576+0000][27.167s][info ][gc,heap     ] GC(46) Eden regions: 303->0(297)
[2025-06-05T16:32:32.576+0000][27.168s][info ][gc,heap     ] GC(46) Survivor regions: 16->22(40)
[2025-06-05T16:32:32.576+0000][27.168s][info ][gc,heap     ] GC(46) Old regions: 73->73
[2025-06-05T16:32:32.576+0000][27.168s][info ][gc,heap     ] GC(46) Archive regions: 2->2
[2025-06-05T16:32:32.576+0000][27.168s][info ][gc,heap     ] GC(46) Humongous regions: 0->0
[2025-06-05T16:32:32.576+0000][27.168s][info ][gc,metaspace] GC(46) Metaspace: 101588K(102144K)->101588K(102144K) NonClass: 88364K(88640K)->88364K(88640K) Class: 13223K(13504K)->13223K(13504K)
[2025-06-05T16:32:32.576+0000][27.168s][info ][gc          ] GC(46) Pause Young (Normal) (G1 Evacuation Pause) 392M->94M(532M) 373.693ms
[2025-06-05T16:32:32.576+0000][27.168s][info ][gc,cpu      ] GC(46) User=0.69s Sys=0.05s Real=0.38s
[2025-06-05T16:32:32.576+0000][27.168s][info ][safepoint   ] Safepoint "G1CollectForAllocation", Time since last: 185515916 ns, Reaching safepoint: 137500 ns, Cleanup: 55167 ns, At safepoint: 374274042 ns, Total: 374466709 ns
[2025-06-05T16:32:33.206+0000][27.798s][debug][safepoint   ] Safepoint synchronization initiated using futex wait barrier. (26 threads)
[2025-06-05T16:32:33.206+0000][27.798s][info ][safepoint   ] Safepoint "ICBufferFull", Time since last: 629529250 ns, Reaching safepoint: 508792 ns, Cleanup: 145250 ns, At safepoint: 3291 ns, Total: 657333 ns
[2025-06-05T16:32:33.435+0000][28.027s][debug][safepoint   ] Safepoint synchronization initiated using futex wait barrier. (26 threads)
[2025-06-05T16:32:33.448+0000][28.039s][info ][safepoint   ] Safepoint "ICBufferFull", Time since last: 228883417 ns, Reaching safepoint: 12259000 ns, Cleanup: 149250 ns, At safepoint: 7084 ns, Total: 12415334 ns
[2025-06-05T16:32:33.871+0000][28.463s][debug][safepoint   ] Safepoint synchronization initiated using futex wait barrier. (29 threads)
[2025-06-05T16:32:33.872+0000][28.464s][info ][safepoint   ] Safepoint "ICBufferFull", Time since last: 423305375 ns, Reaching safepoint: 736125 ns, Cleanup: 153125 ns, At safepoint: 3041 ns, Total: 892291 ns
[2025-06-05T16:32:35.028+0000][29.620s][debug][safepoint   ] Safepoint synchronization initiated using futex wait barrier. (29 threads)
[2025-06-05T16:32:35.060+0000][29.651s][info ][safepoint   ] Safepoint "Cleanup", Time since last: 1155891334 ns, Reaching safepoint: 31220125 ns, Cleanup: 595209 ns, At safepoint: 73416 ns, Total: 31888750 ns
[2025-06-05T16:32:36.064+0000][30.656s][debug][safepoint   ] Safepoint synchronization initiated using futex wait barrier. (29 threads)
[2025-06-05T16:32:36.068+0000][30.659s][info ][safepoint   ] Safepoint "Cleanup", Time since last: 1004762126 ns, Reaching safepoint: 3051792 ns, Cleanup: 134416 ns, At safepoint: 16792 ns, Total: 3203000 ns
[2025-06-05T16:32:37.278+0000][31.870s][debug][safepoint   ] Safepoint synchronization initiated using futex wait barrier. (29 threads)
[2025-06-05T16:32:37.340+0000][31.932s][info ][safepoint   ] Safepoint "Cleanup", Time since last: 1210085875 ns, Reaching safepoint: 56866209 ns, Cleanup: 5355791 ns, At safepoint: 400917 ns, Total: 62622917 ns
[2025-06-05T16:32:39.346+0000][33.938s][debug][safepoint   ] Safepoint synchronization initiated using futex wait barrier. (30 threads)
[2025-06-05T16:32:39.359+0000][33.951s][info ][safepoint   ] Safepoint "Cleanup", Time since last: 2005346209 ns, Reaching safepoint: 12977334 ns, Cleanup: 50041 ns, At safepoint: 13750 ns, Total: 13041125 ns
[2025-06-05T16:32:40.361+0000][34.952s][debug][safepoint   ] Safepoint synchronization initiated using futex wait barrier. (30 threads)
[2025-06-05T16:32:40.362+0000][34.954s][debug][safepoint   ] ... found polling page loop exception at pc = 0x0000ffff95412264, stub =0x0000ffff9497ef00
[2025-06-05T16:32:40.365+0000][34.957s][info ][safepoint   ] Safepoint "Cleanup", Time since last: 1001942334 ns, Reaching safepoint: 3827167 ns, Cleanup: 507125 ns, At safepoint: 12625 ns, Total: 4346917 ns
[2025-06-05T16:32:40.790+0000][35.382s][debug][safepoint   ] Safepoint synchronization initiated using futex wait barrier. (36 threads)
[2025-06-05T16:32:40.806+0000][35.398s][info ][gc,start    ] GC(47) Pause Young (Normal) (G1 Evacuation Pause)
[2025-06-05T16:32:40.840+0000][35.432s][info ][gc,task     ] GC(47) Using 2 workers of 2 for evacuation
[2025-06-05T16:32:41.283+0000][35.875s][info ][gc,phases   ] GC(47)   Pre Evacuate Collection Set: 3.2ms
[2025-06-05T16:32:41.284+0000][35.876s][info ][gc,phases   ] GC(47)   Merge Heap Roots: 1.3ms
[2025-06-05T16:32:41.284+0000][35.876s][info ][gc,phases   ] GC(47)   Evacuate Collection Set: 418.4ms
[2025-06-05T16:32:41.284+0000][35.876s][info ][gc,phases   ] GC(47)   Post Evacuate Collection Set: 18.7ms
[2025-06-05T16:32:41.284+0000][35.876s][info ][gc,phases   ] GC(47)   Other: 35.3ms
[2025-06-05T16:32:41.284+0000][35.876s][info ][gc,heap     ] GC(47) Eden regions: 297->0(293)
[2025-06-05T16:32:41.284+0000][35.876s][info ][gc,heap     ] GC(47) Survivor regions: 22->26(40)
[2025-06-05T16:32:41.284+0000][35.876s][info ][gc,heap     ] GC(47) Old regions: 73->75
[2025-06-05T16:32:41.284+0000][35.876s][info ][gc,heap     ] GC(47) Archive regions: 2->2
[2025-06-05T16:32:41.284+0000][35.876s][info ][gc,heap     ] GC(47) Humongous regions: 0->0
[2025-06-05T16:32:41.285+0000][35.877s][info ][gc,metaspace] GC(47) Metaspace: 108315K(108992K)->108315K(108992K) NonClass: 94307K(94656K)->94307K(94656K) Class: 14008K(14336K)->14008K(14336K)
[2025-06-05T16:32:41.285+0000][35.877s][info ][gc          ] GC(47) Pause Young (Normal) (G1 Evacuation Pause) 391M->101M(532M) 478.460ms
[2025-06-05T16:32:41.286+0000][35.877s][info ][gc,cpu      ] GC(47) User=0.87s Sys=0.02s Real=0.48s
[2025-06-05T16:32:41.287+0000][35.878s][info ][safepoint   ] Safepoint "G1CollectForAllocation", Time since last: 424844833 ns, Reaching safepoint: 15917375 ns, Cleanup: 129709 ns, At safepoint: 480663792 ns, Total: 496710876 ns
[2025-06-05T16:32:42.036+0000][36.628s][debug][safepoint   ] Safepoint synchronization initiated using futex wait barrier. (36 threads)
[2025-06-05T16:32:42.037+0000][36.628s][info ][safepoint   ] Safepoint "ICBufferFull", Time since last: 749862125 ns, Reaching safepoint: 115958 ns, Cleanup: 86625 ns, At safepoint: 2584 ns, Total: 205167 ns
[2025-06-05T16:32:43.368+0000][37.959s][debug][safepoint   ] Safepoint synchronization initiated using futex wait barrier. (37 threads)
[2025-06-05T16:32:43.580+0000][38.172s][info ][safepoint   ] Safepoint "Cleanup", Time since last: 1330971500 ns, Reaching safepoint: 200366959 ns, Cleanup: 12132791 ns, At safepoint: 169459 ns, Total: 212669209 ns
[2025-06-05T16:32:45.248+0000][39.840s][debug][safepoint   ] Safepoint synchronization initiated using futex wait barrier. (37 threads)
[2025-06-05T16:32:45.249+0000][39.841s][info ][safepoint   ] Safepoint "ICBufferFull", Time since last: 1667944126 ns, Reaching safepoint: 986833 ns, Cleanup: 142917 ns, At safepoint: 7125 ns, Total: 1136875 ns
[2025-06-05T16:32:46.242+0000][40.834s][debug][safepoint   ] Safepoint synchronization initiated using futex wait barrier. (37 threads)
[2025-06-05T16:32:46.243+0000][40.835s][info ][safepoint   ] Safepoint "ICBufferFull", Time since last: 992883208 ns, Reaching safepoint: 491625 ns, Cleanup: 177084 ns, At safepoint: 3666 ns, Total: 672375 ns
[2025-06-05T16:32:46.467+0000][41.059s][debug][safepoint   ] Safepoint synchronization initiated using futex wait barrier. (37 threads)
[2025-06-05T16:32:46.467+0000][41.059s][info ][safepoint   ] Safepoint "ICBufferFull", Time since last: 223897542 ns, Reaching safepoint: 120292 ns, Cleanup: 61458 ns, At safepoint: 6042 ns, Total: 187792 ns
[2025-06-05T16:32:46.558+0000][41.150s][debug][safepoint   ] Safepoint synchronization initiated using futex wait barrier. (37 threads)
[2025-06-05T16:32:46.558+0000][41.150s][info ][safepoint   ] Safepoint "ICBufferFull", Time since last: 90880042 ns, Reaching safepoint: 115583 ns, Cleanup: 61583 ns, At safepoint: 2209 ns, Total: 179375 ns
[2025-06-05T16:32:46.675+0000][41.267s][debug][safepoint   ] Safepoint synchronization initiated using futex wait barrier. (37 threads)
[2025-06-05T16:32:46.676+0000][41.268s][info ][safepoint   ] Safepoint "ICBufferFull", Time since last: 117127708 ns, Reaching safepoint: 162708 ns, Cleanup: 635000 ns, At safepoint: 8125 ns, Total: 805833 ns
[2025-06-05T16:32:46.974+0000][41.566s][debug][safepoint   ] Safepoint synchronization initiated using futex wait barrier. (37 threads)
[2025-06-05T16:32:46.974+0000][41.566s][info ][safepoint   ] Safepoint "ICBufferFull", Time since last: 297837000 ns, Reaching safepoint: 120959 ns, Cleanup: 123250 ns, At safepoint: 2791 ns, Total: 247000 ns
[2025-06-05T16:32:47.106+0000][41.698s][debug][safepoint   ] Safepoint synchronization initiated using futex wait barrier. (38 threads)
[2025-06-05T16:32:47.107+0000][41.699s][info ][gc,start    ] GC(48) Pause Young (Normal) (G1 Evacuation Pause)
[2025-06-05T16:32:47.107+0000][41.699s][info ][gc,task     ] GC(48) Using 2 workers of 2 for evacuation
[2025-06-05T16:32:47.232+0000][41.824s][info ][gc,phases   ] GC(48)   Pre Evacuate Collection Set: 0.6ms
[2025-06-05T16:32:47.232+0000][41.824s][info ][gc,phases   ] GC(48)   Merge Heap Roots: 0.5ms
[2025-06-05T16:32:47.233+0000][41.824s][info ][gc,phases   ] GC(48)   Evacuate Collection Set: 117.9ms
[2025-06-05T16:32:47.233+0000][41.824s][info ][gc,phases   ] GC(48)   Post Evacuate Collection Set: 4.9ms
[2025-06-05T16:32:47.233+0000][41.824s][info ][gc,phases   ] GC(48)   Other: 1.3ms
[2025-06-05T16:32:47.233+0000][41.825s][info ][gc,heap     ] GC(48) Eden regions: 293->0(294)
[2025-06-05T16:32:47.233+0000][41.825s][info ][gc,heap     ] GC(48) Survivor regions: 26->25(40)
[2025-06-05T16:32:47.233+0000][41.825s][info ][gc,heap     ] GC(48) Old regions: 75->81
[2025-06-05T16:32:47.233+0000][41.825s][info ][gc,heap     ] GC(48) Archive regions: 2->2
[2025-06-05T16:32:47.233+0000][41.825s][info ][gc,heap     ] GC(48) Humongous regions: 0->0
[2025-06-05T16:32:47.233+0000][41.825s][info ][gc,metaspace] GC(48) Metaspace: 116756K(117440K)->116756K(117440K) NonClass: 101861K(102208K)->101861K(102208K) Class: 14895K(15232K)->14895K(15232K)
[2025-06-05T16:32:47.233+0000][41.825s][info ][gc          ] GC(48) Pause Young (Normal) (G1 Evacuation Pause) 394M->105M(532M) 125.546ms
[2025-06-05T16:32:47.233+0000][41.825s][info ][gc,cpu      ] GC(48) User=0.24s Sys=0.00s Real=0.13s
[2025-06-05T16:32:47.233+0000][41.825s][info ][safepoint   ] Safepoint "G1CollectForAllocation", Time since last: 132322167 ns, Reaching safepoint: 755333 ns, Cleanup: 68584 ns, At safepoint: 125845583 ns, Total: 126669500 ns
[2025-06-05T16:32:48.432+0000][43.023s][debug][safepoint   ] Safepoint synchronization initiated using futex wait barrier. (40 threads)
[2025-06-05T16:32:48.435+0000][43.026s][info ][safepoint   ] Safepoint "Cleanup", Time since last: 1198558709 ns, Reaching safepoint: 2841542 ns, Cleanup: 146833 ns, At safepoint: 6458 ns, Total: 2994833 ns
[2025-06-05T16:32:48.821+0000][43.413s][debug][safepoint   ] Safepoint synchronization initiated using futex wait barrier. (40 threads)
[2025-06-05T16:32:48.821+0000][43.413s][info ][safepoint   ] Safepoint "ICBufferFull", Time since last: 386217167 ns, Reaching safepoint: 149375 ns, Cleanup: 100459 ns, At safepoint: 2416 ns, Total: 252250 ns
[2025-06-05T16:32:49.618+0000][44.210s][debug][safepoint   ] Safepoint synchronization initiated using futex wait barrier. (40 threads)
[2025-06-05T16:32:49.619+0000][44.211s][info ][gc,start    ] GC(49) Pause Young (Concurrent Start) (Metadata GC Threshold)
[2025-06-05T16:32:49.620+0000][44.211s][info ][gc,task     ] GC(49) Using 2 workers of 2 for evacuation
[2025-06-05T16:32:49.803+0000][44.395s][info ][gc,phases   ] GC(49)   Pre Evacuate Collection Set: 2.8ms
[2025-06-05T16:32:49.804+0000][44.396s][info ][gc,phases   ] GC(49)   Merge Heap Roots: 0.6ms
[2025-06-05T16:32:49.804+0000][44.396s][info ][gc,phases   ] GC(49)   Evacuate Collection Set: 168.6ms
[2025-06-05T16:32:49.804+0000][44.396s][info ][gc,phases   ] GC(49)   Post Evacuate Collection Set: 10.7ms
[2025-06-05T16:32:49.804+0000][44.396s][info ][gc,phases   ] GC(49)   Other: 1.7ms
[2025-06-05T16:32:49.804+0000][44.396s][info ][gc,heap     ] GC(49) Eden regions: 109->0(297)
[2025-06-05T16:32:49.804+0000][44.396s][info ][gc,heap     ] GC(49) Survivor regions: 25->22(40)
[2025-06-05T16:32:49.804+0000][44.396s][info ][gc,heap     ] GC(49) Old regions: 81->87
[2025-06-05T16:32:49.805+0000][44.397s][info ][gc,heap     ] GC(49) Archive regions: 2->2
[2025-06-05T16:32:49.805+0000][44.397s][info ][gc,heap     ] GC(49) Humongous regions: 0->0
[2025-06-05T16:32:49.805+0000][44.397s][info ][gc,metaspace] GC(49) Metaspace: 123233K(124160K)->123233K(124160K) NonClass: 107509K(108032K)->107509K(108032K) Class: 15723K(16128K)->15723K(16128K)
[2025-06-05T16:32:49.805+0000][44.397s][info ][gc          ] GC(49) Pause Young (Concurrent Start) (Metadata GC Threshold) 214M->109M(532M) 185.388ms
[2025-06-05T16:32:49.805+0000][44.397s][info ][gc,cpu      ] GC(49) User=0.36s Sys=0.00s Real=0.19s
[2025-06-05T16:32:49.805+0000][44.397s][info ][gc          ] GC(50) Concurrent Mark Cycle
[2025-06-05T16:32:49.805+0000][44.397s][info ][safepoint   ] Safepoint "CollectForMetadataAllocation", Time since last: 797391709 ns, Reaching safepoint: 570667 ns, Cleanup: 90708 ns, At safepoint: 186140125 ns, Total: 186801500 ns
[2025-06-05T16:32:49.806+0000][44.398s][info ][gc,marking  ] GC(50) Concurrent Clear Claimed Marks
[2025-06-05T16:32:49.810+0000][44.402s][info ][gc,marking  ] GC(50) Concurrent Clear Claimed Marks 4.351ms
[2025-06-05T16:32:49.810+0000][44.402s][info ][gc,marking  ] GC(50) Concurrent Scan Root Regions
[2025-06-05T16:32:50.133+0000][44.725s][info ][gc,marking  ] GC(50) Concurrent Scan Root Regions 322.860ms
[2025-06-05T16:32:50.133+0000][44.725s][info ][gc,marking  ] GC(50) Concurrent Mark
[2025-06-05T16:32:50.134+0000][44.726s][info ][gc,marking  ] GC(50) Concurrent Mark From Roots
[2025-06-05T16:32:50.134+0000][44.726s][info ][gc,task     ] GC(50) Using 1 workers of 1 for marking
[2025-06-05T16:32:50.134+0000][44.726s][debug][safepoint   ] Safepoint synchronization initiated using futex wait barrier. (40 threads)
[2025-06-05T16:32:50.166+0000][44.757s][info ][safepoint   ] Safepoint "CollectForMetadataAllocation", Time since last: 328961125 ns, Reaching safepoint: 31194459 ns, Cleanup: 31208 ns, At safepoint: 120333 ns, Total: 31346000 ns
[2025-06-05T16:32:50.569+0000][45.161s][debug][safepoint   ] Safepoint synchronization initiated using futex wait barrier. (40 threads)
[2025-06-05T16:32:50.569+0000][45.161s][info ][safepoint   ] Safepoint "CollectForMetadataAllocation", Time since last: 401275500 ns, Reaching safepoint: 2525959 ns, Cleanup: 24250 ns, At safepoint: 65041 ns, Total: 2615250 ns
[2025-06-05T16:32:50.740+0000][45.332s][debug][safepoint   ] Safepoint synchronization initiated using futex wait barrier. (40 threads)
[2025-06-05T16:32:50.740+0000][45.332s][info ][safepoint   ] Safepoint "CollectForMetadataAllocation", Time since last: 170627584 ns, Reaching safepoint: 181042 ns, Cleanup: 3666 ns, At safepoint: 49042 ns, Total: 233750 ns
[2025-06-05T16:32:50.783+0000][45.375s][info ][gc,marking  ] GC(50) Concurrent Mark From Roots 649.522ms
[2025-06-05T16:32:50.785+0000][45.377s][info ][gc,marking  ] GC(50) Concurrent Preclean
[2025-06-05T16:32:50.786+0000][45.377s][info ][gc,marking  ] GC(50) Concurrent Preclean 0.287ms
[2025-06-05T16:32:50.788+0000][45.380s][debug][safepoint   ] Safepoint synchronization initiated using futex wait barrier. (40 threads)
[2025-06-05T16:32:50.789+0000][45.381s][info ][gc,start    ] GC(50) Pause Remark
[2025-06-05T16:32:50.883+0000][45.475s][info ][gc          ] GC(50) Pause Remark 124M->124M(420M) 93.478ms
[2025-06-05T16:32:50.883+0000][45.475s][info ][gc,cpu      ] GC(50) User=0.11s Sys=0.00s Real=0.10s
[2025-06-05T16:32:50.883+0000][45.475s][info ][safepoint   ] Safepoint "G1PauseRemark", Time since last: 48058083 ns, Reaching safepoint: 960500 ns, Cleanup: 3875 ns, At safepoint: 94158834 ns, Total: 95123209 ns
[2025-06-05T16:32:50.884+0000][45.476s][info ][gc,marking  ] GC(50) Concurrent Mark 750.223ms
[2025-06-05T16:32:50.886+0000][45.478s][info ][gc,marking  ] GC(50) Concurrent Rebuild Remembered Sets
[2025-06-05T16:32:50.983+0000][45.575s][info ][gc,marking  ] GC(50) Concurrent Rebuild Remembered Sets 97.027ms
[2025-06-05T16:32:50.984+0000][45.575s][debug][safepoint   ] Safepoint synchronization initiated using futex wait barrier. (40 threads)
[2025-06-05T16:32:51.040+0000][45.631s][info ][gc,start    ] GC(50) Pause Cleanup
[2025-06-05T16:32:51.040+0000][45.632s][info ][gc          ] GC(50) Pause Cleanup 129M->129M(420M) 0.291ms
[2025-06-05T16:32:51.040+0000][45.632s][info ][gc,cpu      ] GC(50) User=0.00s Sys=0.00s Real=0.00s
[2025-06-05T16:32:51.040+0000][45.632s][info ][safepoint   ] Safepoint "G1PauseCleanup", Time since last: 100077083 ns, Reaching safepoint: 55911250 ns, Cleanup: 101833 ns, At safepoint: 462959 ns, Total: 56476042 ns
[2025-06-05T16:32:51.042+0000][45.633s][info ][gc,marking  ] GC(50) Concurrent Cleanup for Next Mark
[2025-06-05T16:32:51.080+0000][45.672s][info ][gc,marking  ] GC(50) Concurrent Cleanup for Next Mark 38.124ms
[2025-06-05T16:32:51.081+0000][45.673s][info ][gc          ] GC(50) Concurrent Mark Cycle 1276.300ms
[2025-06-05T16:32:52.233+0000][46.825s][debug][safepoint   ] Safepoint synchronization initiated using futex wait barrier. (48 threads)
[2025-06-05T16:32:52.236+0000][46.828s][info ][safepoint   ] Safepoint "Cleanup", Time since last: 1192660292 ns, Reaching safepoint: 2894542 ns, Cleanup: 78458 ns, At safepoint: 11667 ns, Total: 2984667 ns
[2025-06-05T16:32:53.242+0000][47.833s][debug][safepoint   ] Safepoint synchronization initiated using futex wait barrier. (48 threads)
[2025-06-05T16:32:53.247+0000][47.838s][info ][safepoint   ] Safepoint "Cleanup", Time since last: 1005933417 ns, Reaching safepoint: 4754041 ns, Cleanup: 173334 ns, At safepoint: 11416 ns, Total: 4938791 ns
[2025-06-05T16:32:54.253+0000][48.844s][debug][safepoint   ] Safepoint synchronization initiated using futex wait barrier. (49 threads)
[2025-06-05T16:32:54.256+0000][48.847s][debug][safepoint   ] ... found polling page loop exception at pc = 0x0000ffff95413534, stub =0x0000ffff9497ef00
[2025-06-05T16:32:54.257+0000][48.849s][info ][safepoint   ] Safepoint "Cleanup", Time since last: 1006011084 ns, Reaching safepoint: 3946750 ns, Cleanup: 352584 ns, At safepoint: 39750 ns, Total: 4339084 ns
[2025-06-05T16:32:54.426+0000][49.018s][debug][safepoint   ] Safepoint synchronization initiated using futex wait barrier. (49 threads)
[2025-06-05T16:32:54.427+0000][49.019s][info ][gc,start    ] GC(51) Pause Young (Prepare Mixed) (G1 Evacuation Pause)
[2025-06-05T16:32:54.427+0000][49.019s][info ][gc,task     ] GC(51) Using 2 workers of 2 for evacuation
[2025-06-05T16:32:55.073+0000][49.665s][info ][gc,mmu      ] GC(51) MMU target violated: 501.0ms (500.0ms/501.0ms)
[2025-06-05T16:32:55.078+0000][49.669s][info ][gc,phases   ] GC(51)   Pre Evacuate Collection Set: 0.6ms
[2025-06-05T16:32:55.078+0000][49.670s][info ][gc,phases   ] GC(51)   Merge Heap Roots: 0.7ms
[2025-06-05T16:32:55.078+0000][49.670s][info ][gc,phases   ] GC(51)   Evacuate Collection Set: 476.4ms
[2025-06-05T16:32:55.078+0000][49.670s][info ][gc,phases   ] GC(51)   Post Evacuate Collection Set: 168.2ms
[2025-06-05T16:32:55.078+0000][49.670s][info ][gc,phases   ] GC(51)   Other: 5.3ms
[2025-06-05T16:32:55.079+0000][49.671s][info ][gc,heap     ] GC(51) Eden regions: 230->0(1)
[2025-06-05T16:32:55.079+0000][49.671s][info ][gc,heap     ] GC(51) Survivor regions: 22->21(32)
[2025-06-05T16:32:55.079+0000][49.671s][info ][gc,heap     ] GC(51) Old regions: 87->93
[2025-06-05T16:32:55.080+0000][49.671s][info ][gc,heap     ] GC(51) Archive regions: 2->2
[2025-06-05T16:32:55.080+0000][49.671s][info ][gc,heap     ] GC(51) Humongous regions: 1->0
[2025-06-05T16:32:55.080+0000][49.672s][info ][gc,metaspace] GC(51) Metaspace: 128531K(129536K)->128531K(129536K) NonClass: 112328K(112832K)->112328K(112832K) Class: 16202K(16704K)->16202K(16704K)
[2025-06-05T16:32:55.081+0000][49.673s][info ][gc          ] GC(51) Pause Young (Prepare Mixed) (G1 Evacuation Pause) 340M->114M(420M) 653.716ms
[2025-06-05T16:32:55.082+0000][49.673s][info ][gc,cpu      ] GC(51) User=1.23s Sys=0.03s Real=0.65s
[2025-06-05T16:32:55.084+0000][49.676s][info ][safepoint   ] Safepoint "G1CollectForAllocation", Time since last: 169158041 ns, Reaching safepoint: 220917 ns, Cleanup: 14708 ns, At safepoint: 657596626 ns, Total: 657832251 ns
[2025-06-05T16:32:55.541+0000][50.133s][debug][safepoint   ] Safepoint synchronization initiated using futex wait barrier. (49 threads)
[2025-06-05T16:32:55.560+0000][50.152s][info ][gc,start    ] GC(52) Pause Young (Mixed) (G1 Evacuation Pause)
[2025-06-05T16:32:55.560+0000][50.152s][info ][gc,task     ] GC(52) Using 2 workers of 2 for evacuation
[2025-06-05T16:32:56.208+0000][50.800s][info ][gc,mmu      ] GC(52) MMU target violated: 501.0ms (500.0ms/501.0ms)
[2025-06-05T16:32:56.210+0000][50.802s][info ][gc,phases   ] GC(52)   Pre Evacuate Collection Set: 2.3ms
[2025-06-05T16:32:56.210+0000][50.802s][info ][gc,phases   ] GC(52)   Merge Heap Roots: 4.5ms
[2025-06-05T16:32:56.211+0000][50.803s][info ][gc,phases   ] GC(52)   Evacuate Collection Set: 543.5ms
[2025-06-05T16:32:56.211+0000][50.803s][info ][gc,phases   ] GC(52)   Post Evacuate Collection Set: 96.6ms
[2025-06-05T16:32:56.213+0000][50.805s][info ][gc,phases   ] GC(52)   Other: 3.1ms
[2025-06-05T16:32:56.214+0000][50.806s][info ][gc,heap     ] GC(52) Eden regions: 1->0(245)
[2025-06-05T16:32:56.215+0000][50.806s][info ][gc,heap     ] GC(52) Survivor regions: 21->1(3)
[2025-06-05T16:32:56.215+0000][50.807s][info ][gc,heap     ] GC(52) Old regions: 93->113
[2025-06-05T16:32:56.215+0000][50.807s][info ][gc,heap     ] GC(52) Archive regions: 2->2
[2025-06-05T16:32:56.215+0000][50.807s][info ][gc,heap     ] GC(52) Humongous regions: 0->0
[2025-06-05T16:32:56.215+0000][50.807s][info ][gc,metaspace] GC(52) Metaspace: 128535K(129536K)->128535K(129536K) NonClass: 112332K(112832K)->112332K(112832K) Class: 16203K(16704K)->16203K(16704K)
[2025-06-05T16:32:56.215+0000][50.807s][info ][gc          ] GC(52) Pause Young (Mixed) (G1 Evacuation Pause) 115M->113M(420M) 655.383ms
[2025-06-05T16:32:56.216+0000][50.808s][info ][gc,cpu      ] GC(52) User=1.23s Sys=0.04s Real=0.66s
[2025-06-05T16:32:56.219+0000][50.811s][info ][safepoint   ] Safepoint "G1CollectForAllocation", Time since last: 453090083 ns, Reaching safepoint: 22883625 ns, Cleanup: 44917 ns, At safepoint: 659249625 ns, Total: 682178167 ns
[2025-06-05T16:32:57.239+0000][51.831s][debug][safepoint   ] Safepoint synchronization initiated using futex wait barrier. (49 threads)
[2025-06-05T16:32:57.250+0000][51.841s][info ][safepoint   ] Safepoint "Cleanup", Time since last: 1019893959 ns, Reaching safepoint: 10443750 ns, Cleanup: 71083 ns, At safepoint: 29750 ns, Total: 10544583 ns
[2025-06-05T16:32:58.252+0000][52.844s][debug][safepoint   ] Safepoint synchronization initiated using futex wait barrier. (49 threads)
[2025-06-05T16:32:58.254+0000][52.846s][info ][safepoint   ] Safepoint "Cleanup", Time since last: 1002214251 ns, Reaching safepoint: 1716125 ns, Cleanup: 239250 ns, At safepoint: 20750 ns, Total: 1976125 ns
[2025-06-05T16:32:59.532+0000][54.124s][debug][safepoint   ] Safepoint synchronization initiated using futex wait barrier. (49 threads)
[2025-06-05T16:32:59.590+0000][54.182s][info ][safepoint   ] Safepoint "Cleanup", Time since last: 1277377417 ns, Reaching safepoint: 27447333 ns, Cleanup: 30461334 ns, At safepoint: 899833 ns, Total: 58808500 ns
[2025-06-05T16:33:00.545+0000][55.185s][debug][safepoint   ] Safepoint synchronization initiated using futex wait barrier. (49 threads)
[2025-06-05T16:33:00.639+0000][55.279s][info ][safepoint   ] Safepoint "Cleanup", Time since last: 1002983708 ns, Reaching safepoint: 94432125 ns, Cleanup: 185084 ns, At safepoint: 40333 ns, Total: 94657542 ns
[2025-06-05T16:33:01.655+0000][56.295s][debug][safepoint   ] Safepoint synchronization initiated using futex wait barrier. (49 threads)
[2025-06-05T16:33:01.815+0000][56.455s][info ][safepoint   ] Safepoint "Cleanup", Time since last: 1015823584 ns, Reaching safepoint: 159106125 ns, Cleanup: 209667 ns, At safepoint: 441166 ns, Total: 159756958 ns
[2025-06-05T16:33:04.726+0000][59.366s][debug][safepoint   ] Safepoint synchronization initiated using futex wait barrier. (49 threads)
[2025-06-05T16:33:04.730+0000][59.370s][info ][safepoint   ] Safepoint "Cleanup", Time since last: 2911129668 ns, Reaching safepoint: 4123167 ns, Cleanup: 33417 ns, At safepoint: 4625 ns, Total: 4161209 ns
[2025-06-05T16:33:05.938+0000][60.579s][debug][safepoint   ] Safepoint synchronization initiated using futex wait barrier. (52 threads)
[2025-06-05T16:33:05.939+0000][60.579s][info ][safepoint   ] Safepoint "ICBufferFull", Time since last: 1208185542 ns, Reaching safepoint: 238417 ns, Cleanup: 117750 ns, At safepoint: 2750 ns, Total: 358917 ns
[2025-06-05T16:33:06.942+0000][61.582s][debug][safepoint   ] Safepoint synchronization initiated using futex wait barrier. (52 threads)
[2025-06-05T16:33:06.943+0000][61.583s][info ][safepoint   ] Safepoint "Cleanup", Time since last: 1003475125 ns, Reaching safepoint: 542083 ns, Cleanup: 47209 ns, At safepoint: 9875 ns, Total: 599167 ns
[2025-06-05T16:33:07.952+0000][62.593s][debug][safepoint   ] Safepoint synchronization initiated using futex wait barrier. (52 threads)
[2025-06-05T16:33:07.954+0000][62.595s][info ][safepoint   ] Safepoint "Cleanup", Time since last: 1009752667 ns, Reaching safepoint: 1738125 ns, Cleanup: 57792 ns, At safepoint: 51333 ns, Total: 1847250 ns
[2025-06-05T16:33:09.470+0000][64.110s][debug][safepoint   ] Safepoint synchronization initiated using futex wait barrier. (53 threads)
[2025-06-05T16:33:09.471+0000][64.112s][info ][gc,start    ] GC(53) Pause Young (Concurrent Start) (G1 Evacuation Pause)
[2025-06-05T16:33:09.472+0000][64.112s][info ][gc,task     ] GC(53) Using 2 workers of 2 for evacuation
[2025-06-05T16:33:09.959+0000][64.600s][info ][gc,phases   ] GC(53)   Pre Evacuate Collection Set: 3.6ms
[2025-06-05T16:33:09.963+0000][64.603s][info ][gc,phases   ] GC(53)   Merge Heap Roots: 1.2ms
[2025-06-05T16:33:09.963+0000][64.604s][info ][gc,phases   ] GC(53)   Evacuate Collection Set: 431.6ms
[2025-06-05T16:33:09.967+0000][64.607s][info ][gc,phases   ] GC(53)   Post Evacuate Collection Set: 49.4ms
[2025-06-05T16:33:09.967+0000][64.607s][info ][gc,phases   ] GC(53)   Other: 3.0ms
[2025-06-05T16:33:09.968+0000][64.608s][info ][gc,heap     ] GC(53) Eden regions: 245->0(178)
[2025-06-05T16:33:09.968+0000][64.608s][info ][gc,heap     ] GC(53) Survivor regions: 1->4(31)
[2025-06-05T16:33:09.968+0000][64.608s][info ][gc,heap     ] GC(53) Old regions: 113->113
[2025-06-05T16:33:09.968+0000][64.608s][info ][gc,heap     ] GC(53) Archive regions: 2->2
[2025-06-05T16:33:09.968+0000][64.608s][info ][gc,heap     ] GC(53) Humongous regions: 0->0
[2025-06-05T16:33:09.968+0000][64.608s][info ][gc,metaspace] GC(53) Metaspace: 134023K(135104K)->134023K(135104K) NonClass: 117133K(117696K)->117133K(117696K) Class: 16889K(17408K)->16889K(17408K)
[2025-06-05T16:33:09.968+0000][64.609s][info ][gc          ] GC(53) Pause Young (Concurrent Start) (G1 Evacuation Pause) 358M->116M(582M) 497.060ms
[2025-06-05T16:33:09.968+0000][64.609s][info ][gc,cpu      ] GC(53) User=0.89s Sys=0.03s Real=0.50s
[2025-06-05T16:33:09.969+0000][64.610s][info ][safepoint   ] Safepoint "G1CollectForAllocation", Time since last: 1515900209 ns, Reaching safepoint: 331583 ns, Cleanup: 49667 ns, At safepoint: 498628250 ns, Total: 499009500 ns
[2025-06-05T16:33:09.970+0000][64.611s][info ][gc          ] GC(54) Concurrent Mark Cycle
[2025-06-05T16:33:09.988+0000][64.629s][info ][gc,marking  ] GC(54) Concurrent Clear Claimed Marks
[2025-06-05T16:33:10.000+0000][64.640s][info ][gc,marking  ] GC(54) Concurrent Clear Claimed Marks 11.855ms
[2025-06-05T16:33:10.001+0000][64.641s][info ][gc,marking  ] GC(54) Concurrent Scan Root Regions
[2025-06-05T16:33:10.603+0000][65.244s][info ][gc,marking  ] GC(54) Concurrent Scan Root Regions 602.189ms
[2025-06-05T16:33:10.607+0000][65.247s][info ][gc,marking  ] GC(54) Concurrent Mark
[2025-06-05T16:33:10.609+0000][65.249s][info ][gc,marking  ] GC(54) Concurrent Mark From Roots
[2025-06-05T16:33:10.610+0000][65.250s][info ][gc,task     ] GC(54) Using 1 workers of 1 for marking
[2025-06-05T16:33:10.980+0000][65.621s][debug][safepoint   ] Safepoint synchronization initiated using futex wait barrier. (53 threads)
[2025-06-05T16:33:10.982+0000][65.623s][info ][safepoint   ] Safepoint "Cleanup", Time since last: 1011067626 ns, Reaching safepoint: 1816250 ns, Cleanup: 151666 ns, At safepoint: 18459 ns, Total: 1986375 ns
[2025-06-05T16:33:11.933+0000][66.574s][info ][gc,marking  ] GC(54) Concurrent Mark From Roots 1324.684ms
[2025-06-05T16:33:11.946+0000][66.587s][info ][gc,marking  ] GC(54) Concurrent Preclean
[2025-06-05T16:33:11.961+0000][66.601s][info ][gc,marking  ] GC(54) Concurrent Preclean 14.702ms
[2025-06-05T16:33:11.978+0000][66.618s][debug][safepoint   ] Safepoint synchronization initiated using futex wait barrier. (53 threads)
[2025-06-05T16:33:11.980+0000][66.621s][info ][gc,start    ] GC(54) Pause Remark
[2025-06-05T16:33:12.327+0000][66.968s][info ][gc          ] GC(54) Pause Remark 135M->135M(460M) 347.118ms
[2025-06-05T16:33:12.328+0000][66.968s][info ][gc,cpu      ] GC(54) User=0.53s Sys=0.02s Real=0.35s
[2025-06-05T16:33:12.328+0000][66.968s][info ][safepoint   ] Safepoint "G1PauseRemark", Time since last: 995902334 ns, Reaching safepoint: 988166 ns, Cleanup: 630500 ns, At safepoint: 348159000 ns, Total: 349777666 ns
[2025-06-05T16:33:12.335+0000][66.976s][info ][gc,marking  ] GC(54) Concurrent Mark 1728.504ms
[2025-06-05T16:33:12.339+0000][66.979s][info ][gc,marking  ] GC(54) Concurrent Rebuild Remembered Sets
[2025-06-05T16:33:12.915+0000][67.555s][info ][gc,marking  ] GC(54) Concurrent Rebuild Remembered Sets 576.096ms
[2025-06-05T16:33:12.916+0000][67.556s][debug][safepoint   ] Safepoint synchronization initiated using futex wait barrier. (53 threads)
[2025-06-05T16:33:12.920+0000][67.560s][info ][gc,start    ] GC(54) Pause Cleanup
[2025-06-05T16:33:12.922+0000][67.562s][info ][gc          ] GC(54) Pause Cleanup 142M->142M(460M) 1.720ms
[2025-06-05T16:33:12.922+0000][67.562s][info ][gc,cpu      ] GC(54) User=0.01s Sys=0.00s Real=0.00s
[2025-06-05T16:33:12.922+0000][67.562s][info ][safepoint   ] Safepoint "G1PauseCleanup", Time since last: 587815834 ns, Reaching safepoint: 4254042 ns, Cleanup: 105916 ns, At safepoint: 2023334 ns, Total: 6383292 ns
[2025-06-05T16:33:12.923+0000][67.563s][info ][gc,marking  ] GC(54) Concurrent Cleanup for Next Mark
[2025-06-05T16:33:12.979+0000][67.619s][info ][gc,marking  ] GC(54) Concurrent Cleanup for Next Mark 56.032ms
[2025-06-05T16:33:12.980+0000][67.620s][info ][gc          ] GC(54) Concurrent Mark Cycle 3008.942ms
[2025-06-05T16:33:13.924+0000][68.564s][debug][safepoint   ] Safepoint synchronization initiated using futex wait barrier. (53 threads)
[2025-06-05T16:33:13.930+0000][68.570s][info ][safepoint   ] Safepoint "Cleanup", Time since last: 1001967208 ns, Reaching safepoint: 5938584 ns, Cleanup: 135125 ns, At safepoint: 12000 ns, Total: 6085709 ns
[2025-06-05T16:33:14.887+0000][69.527s][debug][safepoint   ] Safepoint synchronization initiated using futex wait barrier. (53 threads)
[2025-06-05T16:33:14.887+0000][69.528s][info ][safepoint   ] Safepoint "ICBufferFull", Time since last: 956563500 ns, Reaching safepoint: 409042 ns, Cleanup: 157292 ns, At safepoint: 3208 ns, Total: 569542 ns
[2025-06-05T16:33:14.887+0000][69.528s][debug][safepoint   ] Safepoint synchronization initiated using futex wait barrier. (53 threads)
[2025-06-05T16:33:14.888+0000][69.528s][info ][safepoint   ] Safepoint "ICBufferFull", Time since last: 165208 ns, Reaching safepoint: 433250 ns, Cleanup: 3125 ns, At safepoint: 4750 ns, Total: 441125 ns
[2025-06-05T16:33:14.925+0000][69.565s][debug][safepoint   ] Safepoint synchronization initiated using futex wait barrier. (53 threads)
[2025-06-05T16:33:14.926+0000][69.566s][info ][gc,start    ] GC(55) Pause Young (Prepare Mixed) (G1 Evacuation Pause)
[2025-06-05T16:33:14.926+0000][69.566s][info ][gc,task     ] GC(55) Using 2 workers of 2 for evacuation
[2025-06-05T16:33:14.980+0000][69.620s][info ][gc,phases   ] GC(55)   Pre Evacuate Collection Set: 0.6ms
[2025-06-05T16:33:14.980+0000][69.620s][info ][gc,phases   ] GC(55)   Merge Heap Roots: 0.3ms
[2025-06-05T16:33:14.980+0000][69.620s][info ][gc,phases   ] GC(55)   Evacuate Collection Set: 35.5ms
[2025-06-05T16:33:14.980+0000][69.620s][info ][gc,phases   ] GC(55)   Post Evacuate Collection Set: 16.7ms
[2025-06-05T16:33:14.980+0000][69.620s][info ][gc,phases   ] GC(55)   Other: 1.2ms
[2025-06-05T16:33:14.980+0000][69.620s][info ][gc,heap     ] GC(55) Eden regions: 188->0(13)
[2025-06-05T16:33:14.980+0000][69.620s][info ][gc,heap     ] GC(55) Survivor regions: 4->10(24)
[2025-06-05T16:33:14.980+0000][69.620s][info ][gc,heap     ] GC(55) Old regions: 112->112
[2025-06-05T16:33:14.980+0000][69.620s][info ][gc,heap     ] GC(55) Archive regions: 2->2
[2025-06-05T16:33:14.980+0000][69.621s][info ][gc,heap     ] GC(55) Humongous regions: 0->0
[2025-06-05T16:33:14.980+0000][69.621s][info ][gc,metaspace] GC(55) Metaspace: 137536K(138560K)->137536K(138560K) NonClass: 120419K(120960K)->120419K(120960K) Class: 17117K(17600K)->17117K(17600K)
[2025-06-05T16:33:14.980+0000][69.621s][info ][gc          ] GC(55) Pause Young (Prepare Mixed) (G1 Evacuation Pause) 304M->121M(460M) 54.613ms
[2025-06-05T16:33:14.980+0000][69.621s][info ][gc,cpu      ] GC(55) User=0.08s Sys=0.00s Real=0.05s
[2025-06-05T16:33:14.981+0000][69.621s][info ][safepoint   ] Safepoint "G1CollectForAllocation", Time since last: 36740209 ns, Reaching safepoint: 361958 ns, Cleanup: 34250 ns, At safepoint: 55559667 ns, Total: 55955875 ns
[2025-06-05T16:33:15.829+0000][70.470s][debug][safepoint   ] Safepoint synchronization initiated using futex wait barrier. (53 threads)
[2025-06-05T16:33:15.835+0000][70.475s][info ][gc,start    ] GC(56) Pause Young (Mixed) (G1 Evacuation Pause)
[2025-06-05T16:33:15.835+0000][70.476s][info ][gc,task     ] GC(56) Using 2 workers of 2 for evacuation
[2025-06-05T16:33:16.068+0000][70.708s][info ][gc,phases   ] GC(56)   Pre Evacuate Collection Set: 5.8ms
[2025-06-05T16:33:16.068+0000][70.708s][info ][gc,phases   ] GC(56)   Merge Heap Roots: 2.3ms
[2025-06-05T16:33:16.068+0000][70.708s][info ][gc,phases   ] GC(56)   Evacuate Collection Set: 200.1ms
[2025-06-05T16:33:16.068+0000][70.708s][info ][gc,phases   ] GC(56)   Post Evacuate Collection Set: 24.0ms
[2025-06-05T16:33:16.068+0000][70.709s][info ][gc,phases   ] GC(56)   Other: 1.0ms
[2025-06-05T16:33:16.068+0000][70.709s][info ][gc,heap     ] GC(56) Eden regions: 13->0(273)
[2025-06-05T16:33:16.068+0000][70.709s][info ][gc,heap     ] GC(56) Survivor regions: 10->1(3)
[2025-06-05T16:33:16.068+0000][70.709s][info ][gc,heap     ] GC(56) Old regions: 112->120
[2025-06-05T16:33:16.068+0000][70.709s][info ][gc,heap     ] GC(56) Archive regions: 2->2
[2025-06-05T16:33:16.068+0000][70.709s][info ][gc,heap     ] GC(56) Humongous regions: 0->0
[2025-06-05T16:33:16.068+0000][70.709s][info ][gc,metaspace] GC(56) Metaspace: 137949K(139008K)->137949K(139008K) NonClass: 120803K(121344K)->120803K(121344K) Class: 17145K(17664K)->17145K(17664K)
[2025-06-05T16:33:16.068+0000][70.709s][info ][gc          ] GC(56) Pause Young (Mixed) (G1 Evacuation Pause) 134M->120M(460M) 233.588ms
[2025-06-05T16:33:16.068+0000][70.709s][info ][gc,cpu      ] GC(56) User=0.44s Sys=0.01s Real=0.23s
[2025-06-05T16:33:16.069+0000][70.709s][info ][safepoint   ] Safepoint "G1CollectForAllocation", Time since last: 848628875 ns, Reaching safepoint: 5426458 ns, Cleanup: 30209 ns, At safepoint: 233927375 ns, Total: 239384042 ns
[2025-06-05T16:33:17.180+0000][71.820s][debug][safepoint   ] Safepoint synchronization initiated using futex wait barrier. (57 threads)
[2025-06-05T16:33:17.325+0000][71.965s][info ][safepoint   ] Safepoint "Cleanup", Time since last: 1061864584 ns, Reaching safepoint: 192556625 ns, Cleanup: 1755750 ns, At safepoint: 114791 ns, Total: 194427166 ns
[2025-06-05T16:33:18.328+0000][72.969s][debug][safepoint   ] Safepoint synchronization initiated using futex wait barrier. (57 threads)
[2025-06-05T16:33:18.333+0000][72.973s][debug][safepoint   ] ... found polling page loop exception at pc = 0x0000ffff94f62924, stub =0x0000ffff9497ef00
[2025-06-05T16:33:18.338+0000][72.978s][info ][safepoint   ] Safepoint "Cleanup", Time since last: 1003355376 ns, Reaching safepoint: 7233417 ns, Cleanup: 1033000 ns, At safepoint: 1117125 ns, Total: 9383542 ns
[2025-06-05T16:33:19.349+0000][73.990s][debug][safepoint   ] Safepoint synchronization initiated using futex wait barrier. (57 threads)
[2025-06-05T16:33:19.352+0000][73.992s][info ][safepoint   ] Safepoint "Cleanup", Time since last: 1011821333 ns, Reaching safepoint: 2519500 ns, Cleanup: 75792 ns, At safepoint: 9917 ns, Total: 2605209 ns
[2025-06-05T16:33:20.005+0000][74.646s][debug][safepoint   ] Safepoint synchronization initiated using futex wait barrier. (58 threads)
[2025-06-05T16:33:20.006+0000][74.646s][info ][gc,start    ] GC(57) Pause Young (Normal) (G1 Evacuation Pause)
[2025-06-05T16:33:20.006+0000][74.646s][info ][gc,task     ] GC(57) Using 2 workers of 2 for evacuation
[2025-06-05T16:33:20.070+0000][74.711s][info ][gc,phases   ] GC(57)   Pre Evacuate Collection Set: 0.4ms
[2025-06-05T16:33:20.070+0000][74.711s][info ][gc,phases   ] GC(57)   Merge Heap Roots: 0.3ms
[2025-06-05T16:33:20.070+0000][74.711s][info ][gc,phases   ] GC(57)   Evacuate Collection Set: 56.2ms
[2025-06-05T16:33:20.070+0000][74.711s][info ][gc,phases   ] GC(57)   Post Evacuate Collection Set: 7.0ms
[2025-06-05T16:33:20.070+0000][74.711s][info ][gc,phases   ] GC(57)   Other: 0.5ms
[2025-06-05T16:33:20.070+0000][74.711s][info ][gc,heap     ] GC(57) Eden regions: 273->0(261)
[2025-06-05T16:33:20.070+0000][74.711s][info ][gc,heap     ] GC(57) Survivor regions: 1->10(35)
[2025-06-05T16:33:20.071+0000][74.711s][info ][gc,heap     ] GC(57) Old regions: 120->120
[2025-06-05T16:33:20.071+0000][74.711s][info ][gc,heap     ] GC(57) Archive regions: 2->2
[2025-06-05T16:33:20.071+0000][74.711s][info ][gc,heap     ] GC(57) Humongous regions: 0->0
[2025-06-05T16:33:20.071+0000][74.711s][info ][gc,metaspace] GC(57) Metaspace: 144735K(145856K)->144735K(145856K) NonClass: 127082K(127680K)->127082K(127680K) Class: 17652K(18176K)->17652K(18176K)
[2025-06-05T16:33:20.071+0000][74.711s][info ][gc          ] GC(57) Pause Young (Normal) (G1 Evacuation Pause) 393M->129M(460M) 64.937ms
[2025-06-05T16:33:20.071+0000][74.711s][info ][gc,cpu      ] GC(57) User=0.12s Sys=0.00s Real=0.06s
[2025-06-05T16:33:20.071+0000][74.711s][info ][safepoint   ] Safepoint "G1CollectForAllocation", Time since last: 653439875 ns, Reaching safepoint: 184792 ns, Cleanup: 57541 ns, At safepoint: 65299834 ns, Total: 65542167 ns
[2025-06-05T16:33:20.760+0000][75.400s][info ][cds,heap    ] initialize_from_archived_subgraph jdk.internal.math.FDBigInteger 0x000000280014c910
[2025-06-05T16:33:20.990+0000][75.630s][debug][safepoint   ] Safepoint synchronization initiated using futex wait barrier. (63 threads)
[2025-06-05T16:33:20.991+0000][75.631s][info ][safepoint   ] Safepoint "ICBufferFull", Time since last: 918937292 ns, Reaching safepoint: 175542 ns, Cleanup: 454166 ns, At safepoint: 5750 ns, Total: 635458 ns
[2025-06-05T16:33:21.694+0000][76.335s][debug][safepoint   ] Safepoint synchronization initiated using futex wait barrier. (73 threads)
[2025-06-05T16:33:21.695+0000][76.335s][info ][safepoint   ] Safepoint "ICBufferFull", Time since last: 703820292 ns, Reaching safepoint: 273709 ns, Cleanup: 147375 ns, At safepoint: 5958 ns, Total: 427042 ns
[2025-06-05T16:33:22.506+0000][77.147s][debug][safepoint   ] Safepoint synchronization initiated using futex wait barrier. (73 threads)
[2025-06-05T16:33:22.510+0000][77.150s][info ][gc,start    ] GC(58) Pause Young (Normal) (G1 Evacuation Pause)
[2025-06-05T16:33:22.510+0000][77.150s][info ][gc,task     ] GC(58) Using 2 workers of 2 for evacuation
[2025-06-05T16:33:22.804+0000][77.444s][info ][gc,phases   ] GC(58)   Pre Evacuate Collection Set: 2.0ms
[2025-06-05T16:33:22.804+0000][77.445s][info ][gc,phases   ] GC(58)   Merge Heap Roots: 1.6ms
[2025-06-05T16:33:22.805+0000][77.445s][info ][gc,phases   ] GC(58)   Evacuate Collection Set: 147.8ms
[2025-06-05T16:33:22.806+0000][77.447s][info ][gc,phases   ] GC(58)   Post Evacuate Collection Set: 140.6ms
[2025-06-05T16:33:22.807+0000][77.448s][info ][gc,phases   ] GC(58)   Other: 2.1ms
[2025-06-05T16:33:22.808+0000][77.448s][info ][gc,heap     ] GC(58) Eden regions: 261->0(165)
[2025-06-05T16:33:22.808+0000][77.448s][info ][gc,heap     ] GC(58) Survivor regions: 10->15(34)
[2025-06-05T16:33:22.809+0000][77.449s][info ][gc,heap     ] GC(58) Old regions: 120->120
[2025-06-05T16:33:22.809+0000][77.449s][info ][gc,heap     ] GC(58) Archive regions: 2->2
[2025-06-05T16:33:22.809+0000][77.450s][info ][gc,heap     ] GC(58) Humongous regions: 0->0
[2025-06-05T16:33:22.809+0000][77.450s][info ][gc,metaspace] GC(58) Metaspace: 150755K(151808K)->150755K(151808K) NonClass: 132384K(132928K)->132384K(132928K) Class: 18370K(18880K)->18370K(18880K)
[2025-06-05T16:33:22.810+0000][77.450s][info ][gc          ] GC(58) Pause Young (Normal) (G1 Evacuation Pause) 390M->134M(460M) 299.883ms
[2025-06-05T16:33:22.810+0000][77.451s][info ][gc,cpu      ] GC(58) User=0.60s Sys=0.02s Real=0.30s
[2025-06-05T16:33:22.813+0000][77.453s][info ][safepoint   ] Safepoint "G1CollectForAllocation", Time since last: 811512250 ns, Reaching safepoint: 2726834 ns, Cleanup: 361708 ns, At safepoint: 303283375 ns, Total: 306371917 ns
[2025-06-05T16:33:23.819+0000][78.459s][debug][safepoint   ] Safepoint synchronization initiated using futex wait barrier. (73 threads)
[2025-06-05T16:33:23.828+0000][78.469s][info ][safepoint   ] Safepoint "Cleanup", Time since last: 1006425917 ns, Reaching safepoint: 6987625 ns, Cleanup: 2146584 ns, At safepoint: 63541 ns, Total: 9197750 ns
[2025-06-05T16:33:24.920+0000][79.560s][debug][safepoint   ] Safepoint synchronization initiated using futex wait barrier. (73 threads)
[2025-06-05T16:33:24.924+0000][79.564s][info ][safepoint   ] Safepoint "Cleanup", Time since last: 1091642792 ns, Reaching safepoint: 3989542 ns, Cleanup: 81167 ns, At safepoint: 11083 ns, Total: 4081792 ns
[2025-06-05T16:33:25.985+0000][80.626s][debug][safepoint   ] Safepoint synchronization initiated using futex wait barrier. (73 threads)
[2025-06-05T16:33:26.010+0000][80.650s][info ][safepoint   ] Safepoint "Cleanup", Time since last: 1061253584 ns, Reaching safepoint: 22651583 ns, Cleanup: 1621000 ns, At safepoint: 123750 ns, Total: 24396333 ns
[2025-06-05T16:33:27.017+0000][81.658s][debug][safepoint   ] Safepoint synchronization initiated using futex wait barrier. (73 threads)
[2025-06-05T16:33:27.042+0000][81.683s][info ][safepoint   ] Safepoint "Cleanup", Time since last: 1007464917 ns, Reaching safepoint: 16519292 ns, Cleanup: 8134458 ns, At safepoint: 351750 ns, Total: 25005500 ns
[2025-06-05T16:33:28.051+0000][82.691s][debug][safepoint   ] Safepoint synchronization initiated using futex wait barrier. (73 threads)
[2025-06-05T16:33:28.063+0000][82.704s][info ][safepoint   ] Safepoint "Cleanup", Time since last: 1008830626 ns, Reaching safepoint: 12094333 ns, Cleanup: 299042 ns, At safepoint: 14250 ns, Total: 12407625 ns
[2025-06-05T16:33:28.912+0000][83.553s][debug][safepoint   ] Safepoint synchronization initiated using futex wait barrier. (73 threads)
[2025-06-05T16:33:28.913+0000][83.553s][info ][gc,start    ] GC(59) Pause Young (Normal) (G1 Evacuation Pause)
[2025-06-05T16:33:28.913+0000][83.553s][info ][gc,task     ] GC(59) Using 2 workers of 2 for evacuation
[2025-06-05T16:33:29.071+0000][83.711s][info ][gc,phases   ] GC(59)   Pre Evacuate Collection Set: 1.3ms
[2025-06-05T16:33:29.071+0000][83.711s][info ][gc,phases   ] GC(59)   Merge Heap Roots: 0.4ms
[2025-06-05T16:33:29.071+0000][83.711s][info ][gc,phases   ] GC(59)   Evacuate Collection Set: 142.6ms
[2025-06-05T16:33:29.071+0000][83.711s][info ][gc,phases   ] GC(59)   Post Evacuate Collection Set: 13.1ms
[2025-06-05T16:33:29.071+0000][83.712s][info ][gc,phases   ] GC(59)   Other: 0.6ms
[2025-06-05T16:33:29.071+0000][83.712s][info ][gc,heap     ] GC(59) Eden regions: 165->0(252)
[2025-06-05T16:33:29.071+0000][83.712s][info ][gc,heap     ] GC(59) Survivor regions: 15->11(23)
[2025-06-05T16:33:29.071+0000][83.712s][info ][gc,heap     ] GC(59) Old regions: 120->129
[2025-06-05T16:33:29.071+0000][83.712s][info ][gc,heap     ] GC(59) Archive regions: 2->2
[2025-06-05T16:33:29.071+0000][83.712s][info ][gc,heap     ] GC(59) Humongous regions: 0->0
[2025-06-05T16:33:29.071+0000][83.712s][info ][gc,metaspace] GC(59) Metaspace: 152401K(153472K)->152401K(153472K) NonClass: 133809K(134400K)->133809K(134400K) Class: 18592K(19072K)->18592K(19072K)
[2025-06-05T16:33:29.071+0000][83.712s][info ][gc          ] GC(59) Pause Young (Normal) (G1 Evacuation Pause) 299M->139M(460M) 158.493ms
[2025-06-05T16:33:29.072+0000][83.712s][info ][gc,cpu      ] GC(59) User=0.32s Sys=0.00s Real=0.16s
[2025-06-05T16:33:29.072+0000][83.712s][info ][safepoint   ] Safepoint "G1CollectForAllocation", Time since last: 848765709 ns, Reaching safepoint: 558875 ns, Cleanup: 107041 ns, At safepoint: 158806292 ns, Total: 159472208 ns
[2025-06-05T16:33:30.594+0000][85.184s][debug][safepoint   ] Safepoint synchronization initiated using futex wait barrier. (73 threads)
[2025-06-05T16:33:30.599+0000][85.188s][info ][safepoint   ] Safepoint "Cleanup", Time since last: 1471505875 ns, Reaching safepoint: 3927292 ns, Cleanup: 562416 ns, At safepoint: 24834 ns, Total: 4514542 ns
[2025-06-05T16:33:32.063+0000][86.652s][debug][safepoint   ] Safepoint synchronization initiated using futex wait barrier. (73 threads)
[2025-06-05T16:33:32.077+0000][86.666s][info ][gc,start    ] GC(60) Pause Young (Normal) (G1 Evacuation Pause)
[2025-06-05T16:33:32.077+0000][86.667s][info ][gc,task     ] GC(60) Using 2 workers of 2 for evacuation
[2025-06-05T16:33:32.623+0000][87.213s][info ][gc,mmu      ] GC(60) MMU target violated: 501.0ms (500.0ms/501.0ms)
[2025-06-05T16:33:32.624+0000][87.214s][info ][gc,phases   ] GC(60)   Pre Evacuate Collection Set: 4.3ms
[2025-06-05T16:33:32.624+0000][87.214s][info ][gc,phases   ] GC(60)   Merge Heap Roots: 2.9ms
[2025-06-05T16:33:32.624+0000][87.214s][info ][gc,phases   ] GC(60)   Evacuate Collection Set: 501.0ms
[2025-06-05T16:33:32.624+0000][87.214s][info ][gc,phases   ] GC(60)   Post Evacuate Collection Set: 34.9ms
[2025-06-05T16:33:32.625+0000][87.214s][info ][gc,phases   ] GC(60)   Other: 4.2ms
[2025-06-05T16:33:32.625+0000][87.214s][info ][gc,heap     ] GC(60) Eden regions: 252->0(149)
[2025-06-05T16:33:32.625+0000][87.214s][info ][gc,heap     ] GC(60) Survivor regions: 11->16(33)
[2025-06-05T16:33:32.625+0000][87.214s][info ][gc,heap     ] GC(60) Old regions: 129->129
[2025-06-05T16:33:32.625+0000][87.215s][info ][gc,heap     ] GC(60) Archive regions: 2->2
[2025-06-05T16:33:32.625+0000][87.215s][info ][gc,heap     ] GC(60) Humongous regions: 0->0
[2025-06-05T16:33:32.626+0000][87.215s][info ][gc,metaspace] GC(60) Metaspace: 155582K(156672K)->155582K(156672K) NonClass: 136527K(137088K)->136527K(137088K) Class: 19055K(19584K)->19055K(19584K)
[2025-06-05T16:33:32.626+0000][87.215s][info ][gc          ] GC(60) Pause Young (Normal) (G1 Evacuation Pause) 391M->144M(460M) 548.912ms
[2025-06-05T16:33:32.626+0000][87.216s][info ][gc,cpu      ] GC(60) User=1.07s Sys=0.00s Real=0.55s
[2025-06-05T16:33:32.627+0000][87.217s][info ][safepoint   ] Safepoint "G1CollectForAllocation", Time since last: 1462619750 ns, Reaching safepoint: 12969167 ns, Cleanup: 2595750 ns, At safepoint: 550568500 ns, Total: 566133417 ns
[2025-06-05T16:33:33.631+0000][88.221s][debug][safepoint   ] Safepoint synchronization initiated using futex wait barrier. (73 threads)
[2025-06-05T16:33:33.677+0000][88.266s][info ][safepoint   ] Safepoint "Cleanup", Time since last: 1003491876 ns, Reaching safepoint: 45967792 ns, Cleanup: 162458 ns, At safepoint: 57875 ns, Total: 46188125 ns
[2025-06-05T16:33:34.683+0000][89.272s][debug][safepoint   ] Safepoint synchronization initiated using futex wait barrier. (73 threads)
[2025-06-05T16:33:34.701+0000][89.291s][info ][safepoint   ] Safepoint "Cleanup", Time since last: 1004074959 ns, Reaching safepoint: 14740416 ns, Cleanup: 5586625 ns, At safepoint: 28709 ns, Total: 20355750 ns
[2025-06-05T16:33:34.850+0000][89.440s][debug][safepoint   ] Safepoint synchronization initiated using futex wait barrier. (73 threads)
[2025-06-05T16:33:34.854+0000][89.443s][info ][gc,start    ] GC(61) Pause Young (Normal) (G1 Evacuation Pause)
[2025-06-05T16:33:34.854+0000][89.444s][info ][gc,task     ] GC(61) Using 2 workers of 2 for evacuation
[2025-06-05T16:33:35.166+0000][89.755s][info ][gc,phases   ] GC(61)   Pre Evacuate Collection Set: 8.0ms
[2025-06-05T16:33:35.166+0000][89.756s][info ][gc,phases   ] GC(61)   Merge Heap Roots: 6.8ms
[2025-06-05T16:33:35.166+0000][89.756s][info ][gc,phases   ] GC(61)   Evacuate Collection Set: 245.1ms
[2025-06-05T16:33:35.166+0000][89.756s][info ][gc,phases   ] GC(61)   Post Evacuate Collection Set: 48.2ms
[2025-06-05T16:33:35.166+0000][89.756s][info ][gc,phases   ] GC(61)   Other: 6.8ms
[2025-06-05T16:33:35.166+0000][89.756s][info ][gc,heap     ] GC(61) Eden regions: 130->0(246)
[2025-06-05T16:33:35.166+0000][89.756s][info ][gc,heap     ] GC(61) Survivor regions: 16->9(19)
[2025-06-05T16:33:35.166+0000][89.756s][info ][gc,heap     ] GC(61) Old regions: 129->139
[2025-06-05T16:33:35.167+0000][89.756s][info ][gc,heap     ] GC(61) Archive regions: 2->2
[2025-06-05T16:33:35.167+0000][89.756s][info ][gc,heap     ] GC(61) Humongous regions: 0->0
[2025-06-05T16:33:35.167+0000][89.756s][info ][gc,metaspace] GC(61) Metaspace: 157494K(158656K)->157494K(158656K) NonClass: 138133K(138752K)->138133K(138752K) Class: 19361K(19904K)->19361K(19904K)
[2025-06-05T16:33:35.167+0000][89.756s][info ][gc          ] GC(61) Pause Young (Normal) (G1 Evacuation Pause) 274M->147M(460M) 313.035ms
[2025-06-05T16:33:35.167+0000][89.757s][info ][gc,cpu      ] GC(61) User=0.60s Sys=0.00s Real=0.32s
[2025-06-05T16:33:35.168+0000][89.757s][info ][safepoint   ] Safepoint "G1CollectForAllocation", Time since last: 148841791 ns, Reaching safepoint: 358500 ns, Cleanup: 5250 ns, At safepoint: 316882917 ns, Total: 317246667 ns
[2025-06-05T16:33:36.169+0000][90.759s][debug][safepoint   ] Safepoint synchronization initiated using futex wait barrier. (76 threads)
[2025-06-05T16:33:36.171+0000][90.761s][info ][safepoint   ] Safepoint "Cleanup", Time since last: 1001578876 ns, Reaching safepoint: 1876666 ns, Cleanup: 293375 ns, At safepoint: 19209 ns, Total: 2189250 ns
[2025-06-05T16:33:37.182+0000][91.772s][debug][safepoint   ] Safepoint synchronization initiated using futex wait barrier. (76 threads)
[2025-06-05T16:33:37.203+0000][91.793s][info ][safepoint   ] Safepoint "Cleanup", Time since last: 1011052375 ns, Reaching safepoint: 18474584 ns, Cleanup: 2233958 ns, At safepoint: 19333 ns, Total: 20727875 ns
[2025-06-05T16:33:38.208+0000][92.797s][debug][safepoint   ] Safepoint synchronization initiated using futex wait barrier. (76 threads)
[2025-06-05T16:33:38.212+0000][92.801s][info ][safepoint   ] Safepoint "Cleanup", Time since last: 1004405584 ns, Reaching safepoint: 4302417 ns, Cleanup: 51291 ns, At safepoint: 38417 ns, Total: 4392125 ns
[2025-06-05T16:33:39.215+0000][93.805s][debug][safepoint   ] Safepoint synchronization initiated using futex wait barrier. (76 threads)
[2025-06-05T16:33:39.218+0000][93.807s][info ][safepoint   ] Safepoint "Cleanup", Time since last: 1003319876 ns, Reaching safepoint: 2589666 ns, Cleanup: 47125 ns, At safepoint: 16709 ns, Total: 2653500 ns
[2025-06-05T16:33:40.365+0000][94.954s][debug][safepoint   ] Safepoint synchronization initiated using futex wait barrier. (76 threads)
[2025-06-05T16:33:40.367+0000][94.956s][debug][safepoint   ] ... found polling page loop exception at pc = 0x0000ffff95178ca4, stub =0x0000ffff9497ef00
[2025-06-05T16:33:40.368+0000][94.957s][info ][safepoint   ] Safepoint "Cleanup", Time since last: 1147150000 ns, Reaching safepoint: 2937208 ns, Cleanup: 51667 ns, At safepoint: 11417 ns, Total: 3000292 ns
[2025-06-05T16:33:41.443+0000][96.032s][debug][safepoint   ] Safepoint synchronization initiated using futex wait barrier. (98 threads)
[2025-06-05T16:33:41.445+0000][96.035s][info ][safepoint   ] Safepoint "ICBufferFull", Time since last: 1074803917 ns, Reaching safepoint: 2117917 ns, Cleanup: 273333 ns, At safepoint: 30208 ns, Total: 2421458 ns
[2025-06-05T16:33:41.445+0000][96.035s][debug][safepoint   ] Safepoint synchronization initiated using futex wait barrier. (98 threads)
[2025-06-05T16:33:41.448+0000][96.037s][info ][safepoint   ] Safepoint "ICBufferFull", Time since last: 201209 ns, Reaching safepoint: 2385750 ns, Cleanup: 39666 ns, At safepoint: 22625 ns, Total: 2448041 ns
[2025-06-05T16:33:42.454+0000][97.043s][debug][safepoint   ] Safepoint synchronization initiated using futex wait barrier. (106 threads)
[2025-06-05T16:33:42.459+0000][97.049s][info ][safepoint   ] Safepoint "Cleanup", Time since last: 1006040084 ns, Reaching safepoint: 4973667 ns, Cleanup: 228291 ns, At safepoint: 23500 ns, Total: 5225458 ns
[2025-06-05T16:33:43.136+0000][97.725s][debug][safepoint   ] Safepoint synchronization initiated using futex wait barrier. (106 threads)
[2025-06-05T16:33:43.137+0000][97.726s][info ][gc,start    ] GC(62) Pause Young (Normal) (G1 Evacuation Pause)
[2025-06-05T16:33:43.137+0000][97.726s][info ][gc,task     ] GC(62) Using 2 workers of 2 for evacuation
[2025-06-05T16:33:43.306+0000][97.896s][info ][gc,phases   ] GC(62)   Pre Evacuate Collection Set: 0.9ms
[2025-06-05T16:33:43.307+0000][97.896s][info ][gc,phases   ] GC(62)   Merge Heap Roots: 1.5ms
[2025-06-05T16:33:43.307+0000][97.896s][info ][gc,phases   ] GC(62)   Evacuate Collection Set: 153.9ms
[2025-06-05T16:33:43.307+0000][97.896s][info ][gc,phases   ] GC(62)   Post Evacuate Collection Set: 12.4ms
[2025-06-05T16:33:43.307+0000][97.896s][info ][gc,phases   ] GC(62)   Other: 1.3ms
[2025-06-05T16:33:43.307+0000][97.896s][info ][gc,heap     ] GC(62) Eden regions: 246->0(324)
[2025-06-05T16:33:43.307+0000][97.896s][info ][gc,heap     ] GC(62) Survivor regions: 9->14(32)
[2025-06-05T16:33:43.307+0000][97.896s][info ][gc,heap     ] GC(62) Old regions: 139->139
[2025-06-05T16:33:43.307+0000][97.896s][info ][gc,heap     ] GC(62) Archive regions: 2->2
[2025-06-05T16:33:43.307+0000][97.896s][info ][gc,heap     ] GC(62) Humongous regions: 0->0
[2025-06-05T16:33:43.307+0000][97.897s][info ][gc,metaspace] GC(62) Metaspace: 162092K(163264K)->162092K(163264K) NonClass: 142127K(142720K)->142127K(142720K) Class: 19965K(20544K)->19965K(20544K)
[2025-06-05T16:33:43.307+0000][97.897s][info ][gc          ] GC(62) Pause Young (Normal) (G1 Evacuation Pause) 393M->153M(564M) 170.467ms
[2025-06-05T16:33:43.307+0000][97.897s][info ][gc,cpu      ] GC(62) User=0.29s Sys=0.00s Real=0.17s
[2025-06-05T16:33:43.308+0000][97.897s][info ][safepoint   ] Safepoint "G1CollectForAllocation", Time since last: 676786709 ns, Reaching safepoint: 409667 ns, Cleanup: 93833 ns, At safepoint: 171177333 ns, Total: 171680833 ns
[2025-06-05T16:33:44.311+0000][98.900s][debug][safepoint   ] Safepoint synchronization initiated using futex wait barrier. (108 threads)
[2025-06-05T16:33:44.313+0000][98.902s][info ][safepoint   ] Safepoint "Cleanup", Time since last: 1002975834 ns, Reaching safepoint: 2147584 ns, Cleanup: 180166 ns, At safepoint: 7250 ns, Total: 2335000 ns
[2025-06-05T16:33:45.315+0000][99.904s][debug][safepoint   ] Safepoint synchronization initiated using futex wait barrier. (108 threads)
[2025-06-05T16:33:45.317+0000][99.906s][info ][safepoint   ] Safepoint "Cleanup", Time since last: 1002003084 ns, Reaching safepoint: 2003083 ns, Cleanup: 25292 ns, At safepoint: 9708 ns, Total: 2038083 ns
[2025-06-05T16:33:47.319+0000][101.908s][debug][safepoint   ] Safepoint synchronization initiated using futex wait barrier. (108 threads)
[2025-06-05T16:33:47.333+0000][101.923s][info ][safepoint   ] Safepoint "Cleanup", Time since last: 2001915251 ns, Reaching safepoint: 14013000 ns, Cleanup: 172584 ns, At safepoint: 27000 ns, Total: 14212584 ns
[2025-06-05T16:33:48.334+0000][102.923s][debug][safepoint   ] Safepoint synchronization initiated using futex wait barrier. (108 threads)
[2025-06-05T16:33:48.342+0000][102.931s][info ][safepoint   ] Safepoint "Cleanup", Time since last: 1000909084 ns, Reaching safepoint: 7254833 ns, Cleanup: 169625 ns, At safepoint: 143125 ns, Total: 7567583 ns
[2025-06-05T16:33:49.343+0000][103.932s][debug][safepoint   ] Safepoint synchronization initiated using futex wait barrier. (108 threads)
[2025-06-05T16:33:49.347+0000][103.937s][debug][safepoint   ] ... found polling page loop exception at pc = 0x0000ffff94f7dcd4, stub =0x0000ffff9497ef00
[2025-06-05T16:33:49.350+0000][103.939s][info ][safepoint   ] Safepoint "Cleanup", Time since last: 1001288125 ns, Reaching safepoint: 6350625 ns, Cleanup: 249542 ns, At safepoint: 335750 ns, Total: 6935917 ns
[2025-06-05T16:33:50.354+0000][104.943s][debug][safepoint   ] Safepoint synchronization initiated using futex wait barrier. (108 threads)
[2025-06-05T16:33:50.359+0000][104.949s][debug][safepoint   ] ... found polling page loop exception at pc = 0x0000ffff959cddb4, stub =0x0000ffff9497ef00
[2025-06-05T16:33:50.361+0000][104.951s][info ][safepoint   ] Safepoint "Cleanup", Time since last: 1004152501 ns, Reaching safepoint: 6996750 ns, Cleanup: 396708 ns, At safepoint: 103000 ns, Total: 7496458 ns
[2025-06-05T16:33:51.366+0000][105.956s][debug][safepoint   ] Safepoint synchronization initiated using futex wait barrier. (108 threads)
[2025-06-05T16:33:51.371+0000][105.960s][info ][safepoint   ] Safepoint "Cleanup", Time since last: 1004631792 ns, Reaching safepoint: 4823125 ns, Cleanup: 79625 ns, At safepoint: 18917 ns, Total: 4921667 ns
[2025-06-05T16:33:52.435+0000][107.025s][debug][safepoint   ] Safepoint synchronization initiated using futex wait barrier. (84 threads)
[2025-06-05T16:33:52.443+0000][107.033s][debug][safepoint   ] ... found polling page loop exception at pc = 0x0000ffff8e88364c, stub =0x0000ffff9497ef00
[2025-06-05T16:33:52.445+0000][107.034s][info ][safepoint   ] Safepoint "Cleanup", Time since last: 1063968625 ns, Reaching safepoint: 8813625 ns, Cleanup: 676500 ns, At safepoint: 58334 ns, Total: 9548459 ns
[2025-06-05T16:33:53.449+0000][108.038s][debug][safepoint   ] Safepoint synchronization initiated using futex wait barrier. (73 threads)
[2025-06-05T16:33:53.454+0000][108.043s][info ][safepoint   ] Safepoint "Cleanup", Time since last: 1004296417 ns, Reaching safepoint: 4943416 ns, Cleanup: 86584 ns, At safepoint: 15125 ns, Total: 5045125 ns
[2025-06-05T16:33:54.158+0000][108.747s][debug][safepoint   ] Safepoint synchronization initiated using futex wait barrier. (46 threads)
[2025-06-05T16:33:54.159+0000][108.748s][info ][safepoint   ] Safepoint "ThreadDump", Time since last: 703860792 ns, Reaching safepoint: 917916 ns, Cleanup: 89584 ns, At safepoint: 225250 ns, Total: 1232750 ns
[2025-06-05T16:33:54.160+0000][108.750s][debug][safepoint   ] Safepoint synchronization initiated using futex wait barrier. (46 threads)
[2025-06-05T16:33:54.160+0000][108.750s][info ][safepoint   ] Safepoint "ThreadDump", Time since last: 1276916 ns, Reaching safepoint: 99042 ns, Cleanup: 9583 ns, At safepoint: 27875 ns, Total: 136500 ns
[2025-06-05T16:33:54.162+0000][108.751s][debug][safepoint   ] Safepoint synchronization initiated using futex wait barrier. (46 threads)
[2025-06-05T16:33:54.162+0000][108.751s][info ][safepoint   ] Safepoint "ThreadDump", Time since last: 1259834 ns, Reaching safepoint: 101750 ns, Cleanup: 3541 ns, At safepoint: 27542 ns, Total: 132833 ns
[2025-06-05T16:33:54.162+0000][108.751s][debug][safepoint   ] Safepoint synchronization initiated using futex wait barrier. (46 threads)
[2025-06-05T16:33:54.162+0000][108.751s][info ][safepoint   ] Safepoint "ThreadDump", Time since last: 92250 ns, Reaching safepoint: 42083 ns, Cleanup: 1042 ns, At safepoint: 5417 ns, Total: 48542 ns
[2025-06-05T16:33:54.162+0000][108.751s][debug][safepoint   ] Safepoint synchronization initiated using futex wait barrier. (46 threads)
[2025-06-05T16:33:54.162+0000][108.752s][info ][safepoint   ] Safepoint "ThreadDump", Time since last: 163583 ns, Reaching safepoint: 61667 ns, Cleanup: 2125 ns, At safepoint: 19083 ns, Total: 82875 ns
[2025-06-05T16:33:54.162+0000][108.752s][debug][safepoint   ] Safepoint synchronization initiated using futex wait barrier. (46 threads)
[2025-06-05T16:33:54.162+0000][108.752s][info ][safepoint   ] Safepoint "ThreadDump", Time since last: 147750 ns, Reaching safepoint: 37708 ns, Cleanup: 959 ns, At safepoint: 4333 ns, Total: 43000 ns
[2025-06-05T16:33:54.162+0000][108.752s][debug][safepoint   ] Safepoint synchronization initiated using futex wait barrier. (46 threads)
[2025-06-05T16:33:54.163+0000][108.752s][info ][safepoint   ] Safepoint "ThreadDump", Time since last: 137375 ns, Reaching safepoint: 162708 ns, Cleanup: 1959 ns, At safepoint: 29416 ns, Total: 194083 ns
[2025-06-05T16:33:54.164+0000][108.753s][debug][safepoint   ] Safepoint synchronization initiated using futex wait barrier. (46 threads)
[2025-06-05T16:33:54.164+0000][108.754s][info ][safepoint   ] Safepoint "ThreadDump", Time since last: 1244750 ns, Reaching safepoint: 104125 ns, Cleanup: 235042 ns, At safepoint: 193958 ns, Total: 533125 ns
[2025-06-05T16:33:54.167+0000][108.757s][debug][safepoint   ] Safepoint synchronization initiated using futex wait barrier. (46 threads)
[2025-06-05T16:33:54.167+0000][108.757s][info ][safepoint   ] Safepoint "ThreadDump", Time since last: 2823417 ns, Reaching safepoint: 159875 ns, Cleanup: 7250 ns, At safepoint: 39208 ns, Total: 206333 ns
[2025-06-05T16:33:54.168+0000][108.757s][debug][safepoint   ] Safepoint synchronization initiated using futex wait barrier. (46 threads)
[2025-06-05T16:33:54.168+0000][108.757s][info ][safepoint   ] Safepoint "ThreadDump", Time since last: 112917 ns, Reaching safepoint: 50292 ns, Cleanup: 791 ns, At safepoint: 4875 ns, Total: 55958 ns
[2025-06-05T16:33:54.168+0000][108.758s][debug][safepoint   ] Safepoint synchronization initiated using futex wait barrier. (46 threads)
[2025-06-05T16:33:54.168+0000][108.758s][info ][safepoint   ] Safepoint "ThreadDump", Time since last: 514500 ns, Reaching safepoint: 95542 ns, Cleanup: 2417 ns, At safepoint: 29208 ns, Total: 127167 ns
[2025-06-05T16:33:54.168+0000][108.758s][debug][safepoint   ] Safepoint synchronization initiated using futex wait barrier. (46 threads)
[2025-06-05T16:33:54.169+0000][108.758s][info ][safepoint   ] Safepoint "ThreadDump", Time since last: 116875 ns, Reaching safepoint: 374875 ns, Cleanup: 2167 ns, At safepoint: 13125 ns, Total: 390167 ns
[2025-06-05T16:33:54.169+0000][108.759s][debug][safepoint   ] Safepoint synchronization initiated using futex wait barrier. (46 threads)
[2025-06-05T16:33:54.169+0000][108.759s][info ][safepoint   ] Safepoint "ThreadDump", Time since last: 291750 ns, Reaching safepoint: 60375 ns, Cleanup: 1500 ns, At safepoint: 20333 ns, Total: 82208 ns
[2025-06-05T16:33:54.169+0000][108.759s][debug][safepoint   ] Safepoint synchronization initiated using futex wait barrier. (46 threads)
[2025-06-05T16:33:54.170+0000][108.759s][info ][safepoint   ] Safepoint "ThreadDump", Time since last: 134708 ns, Reaching safepoint: 499459 ns, Cleanup: 2166 ns, At safepoint: 16375 ns, Total: 518000 ns
[2025-06-05T16:33:54.170+0000][108.760s][debug][safepoint   ] Safepoint synchronization initiated using futex wait barrier. (46 threads)
[2025-06-05T16:33:54.171+0000][108.760s][info ][safepoint   ] Safepoint "ThreadDump", Time since last: 672417 ns, Reaching safepoint: 166333 ns, Cleanup: 3417 ns, At safepoint: 157042 ns, Total: 326792 ns
[2025-06-05T16:33:54.171+0000][108.761s][debug][safepoint   ] Safepoint synchronization initiated using futex wait barrier. (46 threads)
[2025-06-05T16:33:54.171+0000][108.761s][info ][safepoint   ] Safepoint "ThreadDump", Time since last: 354375 ns, Reaching safepoint: 182041 ns, Cleanup: 2459 ns, At safepoint: 29208 ns, Total: 213708 ns
[2025-06-05T16:33:55.174+0000][109.763s][debug][safepoint   ] Safepoint synchronization initiated using futex wait barrier. (29 threads)
[2025-06-05T16:33:55.179+0000][109.769s][info ][safepoint   ] Safepoint "Cleanup", Time since last: 1002519584 ns, Reaching safepoint: 5082375 ns, Cleanup: 114833 ns, At safepoint: 33750 ns, Total: 5230958 ns
[2025-06-05T16:33:55.655+0000][110.244s][info ][gc,heap,exit] Heap
[2025-06-05T16:33:55.655+0000][110.245s][info ][gc,heap,exit]  garbage-first heap   total 577536K, used 318583K [0x00000000c2c00000, 0x0000000100000000)
[2025-06-05T16:33:55.655+0000][110.245s][info ][gc,heap,exit]   region size 1024K, 173 young (177152K), 14 survivors (14336K)
[2025-06-05T16:33:55.655+0000][110.245s][info ][gc,heap,exit]  Metaspace       used 164420K, committed 165568K, reserved 1245184K
[2025-06-05T16:33:55.655+0000][110.245s][info ][gc,heap,exit]   class space    used 20313K, committed 20864K, reserved 1048576K
[2025-06-05T16:33:55.657+0000][110.247s][debug][safepoint   ] Safepoint synchronization initiated using futex wait barrier. (23 threads)
