[2025-06-05T03:04:37.082+0000][0.005s][info][gc] Using G1
[2025-06-05T03:04:37.083+0000][0.006s][info][gc,init] Version: 17.0.14+7-Debian-1deb12u1 (release)
[2025-06-05T03:04:37.083+0000][0.006s][info][gc,init] CPUs: 8 total, 2 available
[2025-06-05T03:04:37.083+0000][0.006s][info][gc,init] Memory: 3919M
[2025-06-05T03:04:37.083+0000][0.006s][info][gc,init] Large Page Support: Disabled
[2025-06-05T03:04:37.083+0000][0.006s][info][gc,init] NUMA Support: Disabled
[2025-06-05T03:04:37.083+0000][0.006s][info][gc,init] Compressed Oops: Enabled (32-bit)
[2025-06-05T03:04:37.083+0000][0.006s][info][gc,init] Heap Region Size: 1M
[2025-06-05T03:04:37.083+0000][0.006s][info][gc,init] Heap Min Capacity: 8M
[2025-06-05T03:04:37.083+0000][0.006s][info][gc,init] Heap Initial Capacity: 62M
[2025-06-05T03:04:37.083+0000][0.006s][info][gc,init] Heap Max Capacity: 980M
[2025-06-05T03:04:37.083+0000][0.006s][info][gc,init] Pre-touch: Disabled
[2025-06-05T03:04:37.083+0000][0.006s][info][gc,init] Parallel Workers: 2
[2025-06-05T03:04:37.083+0000][0.006s][info][gc,init] Concurrent Workers: 1
[2025-06-05T03:04:37.083+0000][0.006s][info][gc,init] Concurrent Refinement Workers: 2
[2025-06-05T03:04:37.083+0000][0.006s][info][gc,init] Periodic GC: Disabled
[2025-06-05T03:04:37.107+0000][0.030s][info][gc,metaspace] CDS archive(s) mapped at: [0x0000007800000000-0x0000007800be0000-0x0000007800be0000), size 12451840, SharedBaseAddress: 0x0000007800000000, ArchiveRelocationMode: 1.
[2025-06-05T03:04:37.107+0000][0.030s][info][gc,metaspace] Compressed class space mapped at: 0x0000007801000000-0x0000007841000000, reserved size: 1073741824
[2025-06-05T03:04:37.107+0000][0.030s][info][gc,metaspace] Narrow klass base: 0x0000007800000000, Narrow klass shift: 0, Narrow klass range: 0x100000000
[2025-06-05T03:04:37.118+0000][0.041s][info][cds,heap    ] initialize_from_archived_subgraph java.lang.Module$ArchivedData 0x00000078001823a8 (early)
[2025-06-05T03:04:37.119+0000][0.042s][info][cds,heap    ] initialize_from_archived_subgraph java.util.ImmutableCollections 0x0000007800070d08 (early)
[2025-06-05T03:04:37.121+0000][0.044s][info][cds,heap    ] initialize_from_archived_subgraph java.lang.Integer$IntegerCache 0x0000007800036060 (early)
[2025-06-05T03:04:37.125+0000][0.048s][info][cds,heap    ] initialize_from_archived_subgraph java.lang.module.Configuration 0x0000007800170328 (early)
[2025-06-05T03:04:37.125+0000][0.048s][info][cds,heap    ] initialize_from_archived_subgraph java.lang.ModuleLayer 0x0000007800144760 (early)
[2025-06-05T03:04:37.126+0000][0.049s][info][cds,heap    ] initialize_from_archived_subgraph jdk.internal.loader.ArchivedClassLoaders 0x00000078001a6a10 (early)
[2025-06-05T03:04:37.126+0000][0.049s][info][cds,heap    ] initialize_from_archived_subgraph jdk.internal.module.ArchivedBootLayer 0x0000007800176f68 (early)
[2025-06-05T03:04:37.128+0000][0.051s][info][cds,heap    ] initialize_from_archived_subgraph sun.util.locale.BaseLocale 0x000000780026d798
[2025-06-05T03:04:37.135+0000][0.058s][info][cds,heap    ] initialize_from_archived_subgraph java.util.jar.Attributes$Name 0x0000007800198488
[2025-06-05T03:04:37.149+0000][0.072s][info][cds,heap    ] initialize_from_archived_subgraph java.lang.Long$LongCache 0x000000780001f998
[2025-06-05T03:04:37.190+0000][0.114s][info][cds,heap    ] initialize_from_archived_subgraph java.lang.Character$CharacterCache 0x00000078000393e8
[2025-06-05T03:04:37.324+0000][0.247s][debug][safepoint   ] Safepoint synchronization initiated using futex wait barrier. (12 threads)
[2025-06-05T03:04:37.325+0000][0.248s][info ][safepoint   ] Safepoint "ICBufferFull", Time since last: 207105625 ns, Reaching safepoint: 839542 ns, Cleanup: 109458 ns, At safepoint: 14042 ns, Total: 963042 ns
[2025-06-05T03:04:37.355+0000][0.278s][debug][safepoint   ] Safepoint synchronization initiated using futex wait barrier. (12 threads)
[2025-06-05T03:04:37.361+0000][0.284s][info ][gc,start    ] GC(0) Pause Young (Normal) (G1 Evacuation Pause)
[2025-06-05T03:04:37.363+0000][0.286s][info ][gc,task     ] GC(0) Using 2 workers of 2 for evacuation
[2025-06-05T03:04:37.380+0000][0.303s][info ][gc,phases   ] GC(0)   Pre Evacuate Collection Set: 1.3ms
[2025-06-05T03:04:37.380+0000][0.303s][info ][gc,phases   ] GC(0)   Merge Heap Roots: 0.1ms
[2025-06-05T03:04:37.380+0000][0.303s][info ][gc,phases   ] GC(0)   Evacuate Collection Set: 12.3ms
[2025-06-05T03:04:37.380+0000][0.303s][info ][gc,phases   ] GC(0)   Post Evacuate Collection Set: 1.6ms
[2025-06-05T03:04:37.380+0000][0.303s][info ][gc,phases   ] GC(0)   Other: 3.3ms
[2025-06-05T03:04:37.380+0000][0.303s][info ][gc,heap     ] GC(0) Eden regions: 18->0(22)
[2025-06-05T03:04:37.380+0000][0.304s][info ][gc,heap     ] GC(0) Survivor regions: 0->3(3)
[2025-06-05T03:04:37.380+0000][0.304s][info ][gc,heap     ] GC(0) Old regions: 0->1
[2025-06-05T03:04:37.381+0000][0.304s][info ][gc,heap     ] GC(0) Archive regions: 2->2
[2025-06-05T03:04:37.381+0000][0.304s][info ][gc,heap     ] GC(0) Humongous regions: 0->0
[2025-06-05T03:04:37.381+0000][0.304s][info ][gc,metaspace] GC(0) Metaspace: 1948K(2176K)->1948K(2176K) NonClass: 1743K(1856K)->1743K(1856K) Class: 205K(320K)->205K(320K)
[2025-06-05T03:04:37.381+0000][0.304s][info ][gc          ] GC(0) Pause Young (Normal) (G1 Evacuation Pause) 18M->4M(64M) 19.421ms
[2025-06-05T03:04:37.381+0000][0.304s][info ][gc,cpu      ] GC(0) User=0.02s Sys=0.02s Real=0.02s
[2025-06-05T03:04:37.381+0000][0.304s][info ][safepoint   ] Safepoint "G1CollectForAllocation", Time since last: 30034500 ns, Reaching safepoint: 6182875 ns, Cleanup: 34875 ns, At safepoint: 19619666 ns, Total: 25837416 ns
[2025-06-05T03:04:37.466+0000][0.389s][debug][safepoint   ] Safepoint synchronization initiated using futex wait barrier. (12 threads)
[2025-06-05T03:04:37.466+0000][0.389s][info ][gc,start    ] GC(1) Pause Young (Normal) (G1 Evacuation Pause)
[2025-06-05T03:04:37.466+0000][0.389s][info ][gc,task     ] GC(1) Using 2 workers of 2 for evacuation
[2025-06-05T03:04:37.472+0000][0.395s][info ][gc,phases   ] GC(1)   Pre Evacuate Collection Set: 0.1ms
[2025-06-05T03:04:37.472+0000][0.395s][info ][gc,phases   ] GC(1)   Merge Heap Roots: 0.1ms
[2025-06-05T03:04:37.472+0000][0.395s][info ][gc,phases   ] GC(1)   Evacuate Collection Set: 5.1ms
[2025-06-05T03:04:37.472+0000][0.395s][info ][gc,phases   ] GC(1)   Post Evacuate Collection Set: 0.4ms
[2025-06-05T03:04:37.472+0000][0.395s][info ][gc,phases   ] GC(1)   Other: 0.1ms
[2025-06-05T03:04:37.472+0000][0.395s][info ][gc,heap     ] GC(1) Eden regions: 22->0(30)
[2025-06-05T03:04:37.472+0000][0.395s][info ][gc,heap     ] GC(1) Survivor regions: 3->4(4)
[2025-06-05T03:04:37.472+0000][0.395s][info ][gc,heap     ] GC(1) Old regions: 1->4
[2025-06-05T03:04:37.472+0000][0.395s][info ][gc,heap     ] GC(1) Archive regions: 2->2
[2025-06-05T03:04:37.472+0000][0.395s][info ][gc,heap     ] GC(1) Humongous regions: 0->0
[2025-06-05T03:04:37.472+0000][0.395s][info ][gc,metaspace] GC(1) Metaspace: 2098K(2368K)->2098K(2368K) NonClass: 1892K(2048K)->1892K(2048K) Class: 205K(320K)->205K(320K)
[2025-06-05T03:04:37.472+0000][0.396s][info ][gc          ] GC(1) Pause Young (Normal) (G1 Evacuation Pause) 26M->7M(64M) 6.241ms
[2025-06-05T03:04:37.472+0000][0.396s][info ][gc,cpu      ] GC(1) User=0.01s Sys=0.01s Real=0.00s
[2025-06-05T03:04:37.472+0000][0.396s][info ][safepoint   ] Safepoint "G1CollectForAllocation", Time since last: 85143167 ns, Reaching safepoint: 102417 ns, Cleanup: 18000 ns, At safepoint: 6318333 ns, Total: 6438750 ns
[2025-06-05T03:04:37.635+0000][0.559s][debug][safepoint   ] Safepoint synchronization initiated using futex wait barrier. (12 threads)
[2025-06-05T03:04:37.636+0000][0.559s][info ][safepoint   ] Safepoint "ICBufferFull", Time since last: 163041917 ns, Reaching safepoint: 145250 ns, Cleanup: 56541 ns, At safepoint: 1500 ns, Total: 203291 ns
[2025-06-05T03:04:37.655+0000][0.578s][debug][safepoint   ] Safepoint synchronization initiated using futex wait barrier. (12 threads)
[2025-06-05T03:04:37.655+0000][0.578s][info ][gc,start    ] GC(2) Pause Young (Normal) (G1 Evacuation Pause)
[2025-06-05T03:04:37.655+0000][0.578s][info ][gc,task     ] GC(2) Using 2 workers of 2 for evacuation
[2025-06-05T03:04:37.662+0000][0.585s][info ][gc,phases   ] GC(2)   Pre Evacuate Collection Set: 0.1ms
[2025-06-05T03:04:37.662+0000][0.585s][info ][gc,phases   ] GC(2)   Merge Heap Roots: 0.1ms
[2025-06-05T03:04:37.662+0000][0.585s][info ][gc,phases   ] GC(2)   Evacuate Collection Set: 6.1ms
[2025-06-05T03:04:37.662+0000][0.585s][info ][gc,phases   ] GC(2)   Post Evacuate Collection Set: 0.5ms
[2025-06-05T03:04:37.662+0000][0.585s][info ][gc,phases   ] GC(2)   Other: 0.2ms
[2025-06-05T03:04:37.662+0000][0.585s][info ][gc,heap     ] GC(2) Eden regions: 30->0(30)
[2025-06-05T03:04:37.662+0000][0.586s][info ][gc,heap     ] GC(2) Survivor regions: 4->3(5)
[2025-06-05T03:04:37.662+0000][0.586s][info ][gc,heap     ] GC(2) Old regions: 4->7
[2025-06-05T03:04:37.662+0000][0.586s][info ][gc,heap     ] GC(2) Archive regions: 2->2
[2025-06-05T03:04:37.662+0000][0.586s][info ][gc,heap     ] GC(2) Humongous regions: 0->0
[2025-06-05T03:04:37.662+0000][0.586s][info ][gc,metaspace] GC(2) Metaspace: 3058K(3328K)->3058K(3328K) NonClass: 2761K(2880K)->2761K(2880K) Class: 297K(448K)->297K(448K)
[2025-06-05T03:04:37.663+0000][0.586s][info ][gc          ] GC(2) Pause Young (Normal) (G1 Evacuation Pause) 37M->10M(64M) 7.332ms
[2025-06-05T03:04:37.663+0000][0.586s][info ][gc,cpu      ] GC(2) User=0.00s Sys=0.01s Real=0.00s
[2025-06-05T03:04:37.663+0000][0.586s][info ][safepoint   ] Safepoint "G1CollectForAllocation", Time since last: 19339459 ns, Reaching safepoint: 131583 ns, Cleanup: 17750 ns, At safepoint: 7437459 ns, Total: 7586792 ns
[2025-06-05T03:04:37.806+0000][0.729s][debug][safepoint   ] Safepoint synchronization initiated using futex wait barrier. (12 threads)
[2025-06-05T03:04:37.807+0000][0.730s][info ][gc,start    ] GC(3) Pause Young (Normal) (G1 Evacuation Pause)
[2025-06-05T03:04:37.807+0000][0.730s][info ][gc,task     ] GC(3) Using 2 workers of 2 for evacuation
[2025-06-05T03:04:37.809+0000][0.732s][info ][gc,phases   ] GC(3)   Pre Evacuate Collection Set: 0.1ms
[2025-06-05T03:04:37.809+0000][0.732s][info ][gc,phases   ] GC(3)   Merge Heap Roots: 0.0ms
[2025-06-05T03:04:37.809+0000][0.732s][info ][gc,phases   ] GC(3)   Evacuate Collection Set: 1.4ms
[2025-06-05T03:04:37.809+0000][0.732s][info ][gc,phases   ] GC(3)   Post Evacuate Collection Set: 0.4ms
[2025-06-05T03:04:37.809+0000][0.732s][info ][gc,phases   ] GC(3)   Other: 0.1ms
[2025-06-05T03:04:37.809+0000][0.732s][info ][gc,heap     ] GC(3) Eden regions: 30->0(33)
[2025-06-05T03:04:37.809+0000][0.732s][info ][gc,heap     ] GC(3) Survivor regions: 3->3(5)
[2025-06-05T03:04:37.809+0000][0.732s][info ][gc,heap     ] GC(3) Old regions: 7->7
[2025-06-05T03:04:37.809+0000][0.732s][info ][gc,heap     ] GC(3) Archive regions: 2->2
[2025-06-05T03:04:37.809+0000][0.732s][info ][gc,heap     ] GC(3) Humongous regions: 0->0
[2025-06-05T03:04:37.809+0000][0.732s][info ][gc,metaspace] GC(3) Metaspace: 4597K(4864K)->4597K(4864K) NonClass: 4076K(4224K)->4076K(4224K) Class: 521K(640K)->521K(640K)
[2025-06-05T03:04:37.809+0000][0.732s][info ][gc          ] GC(3) Pause Young (Normal) (G1 Evacuation Pause) 40M->10M(64M) 2.416ms
[2025-06-05T03:04:37.809+0000][0.732s][info ][gc,cpu      ] GC(3) User=0.00s Sys=0.00s Real=0.00s
[2025-06-05T03:04:37.809+0000][0.732s][info ][safepoint   ] Safepoint "G1CollectForAllocation", Time since last: 143147041 ns, Reaching safepoint: 1009750 ns, Cleanup: 34209 ns, At safepoint: 2495333 ns, Total: 3539292 ns
[2025-06-05T03:04:37.916+0000][0.839s][debug][safepoint   ] Safepoint synchronization initiated using futex wait barrier. (13 threads)
[2025-06-05T03:04:37.917+0000][0.840s][info ][gc,start    ] GC(4) Pause Young (Normal) (G1 Evacuation Pause)
[2025-06-05T03:04:37.917+0000][0.840s][info ][gc,task     ] GC(4) Using 2 workers of 2 for evacuation
[2025-06-05T03:04:37.923+0000][0.846s][info ][gc,phases   ] GC(4)   Pre Evacuate Collection Set: 0.1ms
[2025-06-05T03:04:37.923+0000][0.846s][info ][gc,phases   ] GC(4)   Merge Heap Roots: 0.1ms
[2025-06-05T03:04:37.923+0000][0.846s][info ][gc,phases   ] GC(4)   Evacuate Collection Set: 5.2ms
[2025-06-05T03:04:37.923+0000][0.846s][info ][gc,phases   ] GC(4)   Post Evacuate Collection Set: 0.6ms
[2025-06-05T03:04:37.923+0000][0.846s][info ][gc,phases   ] GC(4)   Other: 0.2ms
[2025-06-05T03:04:37.923+0000][0.846s][info ][gc,heap     ] GC(4) Eden regions: 33->0(52)
[2025-06-05T03:04:37.923+0000][0.846s][info ][gc,heap     ] GC(4) Survivor regions: 3->2(5)
[2025-06-05T03:04:37.923+0000][0.846s][info ][gc,heap     ] GC(4) Old regions: 7->9
[2025-06-05T03:04:37.923+0000][0.846s][info ][gc,heap     ] GC(4) Archive regions: 2->2
[2025-06-05T03:04:37.923+0000][0.846s][info ][gc,heap     ] GC(4) Humongous regions: 0->0
[2025-06-05T03:04:37.923+0000][0.846s][info ][gc,metaspace] GC(4) Metaspace: 5809K(6080K)->5809K(6080K) NonClass: 5090K(5248K)->5090K(5248K) Class: 719K(832K)->719K(832K)
[2025-06-05T03:04:37.923+0000][0.846s][info ][gc          ] GC(4) Pause Young (Normal) (G1 Evacuation Pause) 43M->11M(90M) 6.614ms
[2025-06-05T03:04:37.923+0000][0.846s][info ][gc,cpu      ] GC(4) User=0.01s Sys=0.00s Real=0.01s
[2025-06-05T03:04:37.923+0000][0.846s][info ][safepoint   ] Safepoint "G1CollectForAllocation", Time since last: 106956250 ns, Reaching safepoint: 138083 ns, Cleanup: 120625 ns, At safepoint: 6694750 ns, Total: 6953458 ns
[2025-06-05T03:04:38.105+0000][1.028s][debug][safepoint   ] Safepoint synchronization initiated using futex wait barrier. (13 threads)
[2025-06-05T03:04:38.105+0000][1.029s][info ][safepoint   ] Safepoint "ICBufferFull", Time since last: 182054417 ns, Reaching safepoint: 146208 ns, Cleanup: 45375 ns, At safepoint: 4625 ns, Total: 196208 ns
[2025-06-05T03:04:38.200+0000][1.123s][debug][safepoint   ] Safepoint synchronization initiated using futex wait barrier. (13 threads)
[2025-06-05T03:04:38.200+0000][1.124s][info ][gc,start    ] GC(5) Pause Young (Normal) (G1 Evacuation Pause)
[2025-06-05T03:04:38.200+0000][1.124s][info ][gc,task     ] GC(5) Using 2 workers of 2 for evacuation
[2025-06-05T03:04:38.203+0000][1.126s][info ][gc,phases   ] GC(5)   Pre Evacuate Collection Set: 0.1ms
[2025-06-05T03:04:38.203+0000][1.126s][info ][gc,phases   ] GC(5)   Merge Heap Roots: 0.1ms
[2025-06-05T03:04:38.203+0000][1.126s][info ][gc,phases   ] GC(5)   Evacuate Collection Set: 1.9ms
[2025-06-05T03:04:38.203+0000][1.126s][info ][gc,phases   ] GC(5)   Post Evacuate Collection Set: 0.5ms
[2025-06-05T03:04:38.203+0000][1.126s][info ][gc,phases   ] GC(5)   Other: 0.2ms
[2025-06-05T03:04:38.203+0000][1.127s][info ][gc,heap     ] GC(5) Eden regions: 52->0(51)
[2025-06-05T03:04:38.203+0000][1.127s][info ][gc,heap     ] GC(5) Survivor regions: 2->3(7)
[2025-06-05T03:04:38.203+0000][1.127s][info ][gc,heap     ] GC(5) Old regions: 9->9
[2025-06-05T03:04:38.204+0000][1.127s][info ][gc,heap     ] GC(5) Archive regions: 2->2
[2025-06-05T03:04:38.204+0000][1.127s][info ][gc,heap     ] GC(5) Humongous regions: 0->0
[2025-06-05T03:04:38.204+0000][1.127s][info ][gc,metaspace] GC(5) Metaspace: 8496K(8768K)->8496K(8768K) NonClass: 7424K(7552K)->7424K(7552K) Class: 1071K(1216K)->1071K(1216K)
[2025-06-05T03:04:38.204+0000][1.127s][info ][gc          ] GC(5) Pause Young (Normal) (G1 Evacuation Pause) 63M->12M(90M) 3.248ms
[2025-06-05T03:04:38.204+0000][1.127s][info ][gc,cpu      ] GC(5) User=0.01s Sys=0.00s Real=0.01s
[2025-06-05T03:04:38.204+0000][1.127s][info ][safepoint   ] Safepoint "G1CollectForAllocation", Time since last: 94781292 ns, Reaching safepoint: 118083 ns, Cleanup: 37542 ns, At safepoint: 3386625 ns, Total: 3542250 ns
[2025-06-05T03:04:38.403+0000][1.326s][debug][safepoint   ] Safepoint synchronization initiated using futex wait barrier. (13 threads)
[2025-06-05T03:04:38.403+0000][1.327s][info ][gc,start    ] GC(6) Pause Young (Normal) (G1 Evacuation Pause)
[2025-06-05T03:04:38.404+0000][1.327s][info ][gc,task     ] GC(6) Using 2 workers of 2 for evacuation
[2025-06-05T03:04:38.407+0000][1.330s][info ][gc,phases   ] GC(6)   Pre Evacuate Collection Set: 0.1ms
[2025-06-05T03:04:38.407+0000][1.330s][info ][gc,phases   ] GC(6)   Merge Heap Roots: 0.1ms
[2025-06-05T03:04:38.407+0000][1.330s][info ][gc,phases   ] GC(6)   Evacuate Collection Set: 2.6ms
[2025-06-05T03:04:38.407+0000][1.330s][info ][gc,phases   ] GC(6)   Post Evacuate Collection Set: 0.4ms
[2025-06-05T03:04:38.407+0000][1.330s][info ][gc,phases   ] GC(6)   Other: 0.2ms
[2025-06-05T03:04:38.407+0000][1.330s][info ][gc,heap     ] GC(6) Eden regions: 51->0(50)
[2025-06-05T03:04:38.407+0000][1.330s][info ][gc,heap     ] GC(6) Survivor regions: 3->4(7)
[2025-06-05T03:04:38.407+0000][1.331s][info ][gc,heap     ] GC(6) Old regions: 9->9
[2025-06-05T03:04:38.407+0000][1.331s][info ][gc,heap     ] GC(6) Archive regions: 2->2
[2025-06-05T03:04:38.407+0000][1.331s][info ][gc,heap     ] GC(6) Humongous regions: 0->0
[2025-06-05T03:04:38.408+0000][1.331s][info ][gc,metaspace] GC(6) Metaspace: 10763K(11072K)->10763K(11072K) NonClass: 9360K(9536K)->9360K(9536K) Class: 1403K(1536K)->1403K(1536K)
[2025-06-05T03:04:38.408+0000][1.331s][info ][gc          ] GC(6) Pause Young (Normal) (G1 Evacuation Pause) 63M->13M(90M) 4.130ms
[2025-06-05T03:04:38.408+0000][1.331s][info ][gc,cpu      ] GC(6) User=0.00s Sys=0.00s Real=0.00s
[2025-06-05T03:04:38.408+0000][1.331s][info ][safepoint   ] Safepoint "G1CollectForAllocation", Time since last: 199434167 ns, Reaching safepoint: 196583 ns, Cleanup: 45542 ns, At safepoint: 4270333 ns, Total: 4512458 ns
[2025-06-05T03:04:38.648+0000][1.572s][debug][safepoint   ] Safepoint synchronization initiated using futex wait barrier. (13 threads)
[2025-06-05T03:04:38.649+0000][1.572s][info ][safepoint   ] Safepoint "ICBufferFull", Time since last: 240651917 ns, Reaching safepoint: 169125 ns, Cleanup: 41000 ns, At safepoint: 6167 ns, Total: 216292 ns
[2025-06-05T03:04:38.724+0000][1.647s][debug][safepoint   ] Safepoint synchronization initiated using futex wait barrier. (13 threads)
[2025-06-05T03:04:38.724+0000][1.647s][info ][safepoint   ] Safepoint "ICBufferFull", Time since last: 74929958 ns, Reaching safepoint: 132708 ns, Cleanup: 72459 ns, At safepoint: 7166 ns, Total: 212333 ns
[2025-06-05T03:04:38.738+0000][1.661s][debug][safepoint   ] Safepoint synchronization initiated using futex wait barrier. (13 threads)
[2025-06-05T03:04:38.738+0000][1.661s][info ][gc,start    ] GC(7) Pause Young (Normal) (G1 Evacuation Pause)
[2025-06-05T03:04:38.738+0000][1.661s][info ][gc,task     ] GC(7) Using 2 workers of 2 for evacuation
[2025-06-05T03:04:38.742+0000][1.666s][info ][gc,phases   ] GC(7)   Pre Evacuate Collection Set: 0.1ms
[2025-06-05T03:04:38.743+0000][1.666s][info ][gc,phases   ] GC(7)   Merge Heap Roots: 0.1ms
[2025-06-05T03:04:38.743+0000][1.666s][info ][gc,phases   ] GC(7)   Evacuate Collection Set: 3.3ms
[2025-06-05T03:04:38.743+0000][1.666s][info ][gc,phases   ] GC(7)   Post Evacuate Collection Set: 0.5ms
[2025-06-05T03:04:38.743+0000][1.666s][info ][gc,phases   ] GC(7)   Other: 0.2ms
[2025-06-05T03:04:38.743+0000][1.666s][info ][gc,heap     ] GC(7) Eden regions: 50->0(49)
[2025-06-05T03:04:38.743+0000][1.666s][info ][gc,heap     ] GC(7) Survivor regions: 4->5(7)
[2025-06-05T03:04:38.743+0000][1.666s][info ][gc,heap     ] GC(7) Old regions: 9->9
[2025-06-05T03:04:38.743+0000][1.666s][info ][gc,heap     ] GC(7) Archive regions: 2->2
[2025-06-05T03:04:38.743+0000][1.666s][info ][gc,heap     ] GC(7) Humongous regions: 0->0
[2025-06-05T03:04:38.743+0000][1.666s][info ][gc,metaspace] GC(7) Metaspace: 11922K(12224K)->11922K(12224K) NonClass: 10380K(10560K)->10380K(10560K) Class: 1541K(1664K)->1541K(1664K)
[2025-06-05T03:04:38.743+0000][1.666s][info ][gc          ] GC(7) Pause Young (Normal) (G1 Evacuation Pause) 63M->14M(90M) 4.694ms
[2025-06-05T03:04:38.743+0000][1.666s][info ][gc,cpu      ] GC(7) User=0.01s Sys=0.00s Real=0.01s
[2025-06-05T03:04:38.743+0000][1.666s][info ][safepoint   ] Safepoint "G1CollectForAllocation", Time since last: 14406417 ns, Reaching safepoint: 111417 ns, Cleanup: 17666 ns, At safepoint: 4818167 ns, Total: 4947250 ns
[2025-06-05T03:04:38.761+0000][1.684s][debug][safepoint   ] Safepoint synchronization initiated using futex wait barrier. (12 threads)
[2025-06-05T03:04:38.761+0000][1.684s][info ][safepoint   ] Safepoint "ICBufferFull", Time since last: 17436958 ns, Reaching safepoint: 118792 ns, Cleanup: 55750 ns, At safepoint: 1833 ns, Total: 176375 ns
[2025-06-05T03:04:38.761+0000][1.684s][debug][safepoint   ] Safepoint synchronization initiated using futex wait barrier. (12 threads)
[2025-06-05T03:04:38.762+0000][1.685s][info ][safepoint   ] Safepoint "ICBufferFull", Time since last: 357209 ns, Reaching safepoint: 709958 ns, Cleanup: 4000 ns, At safepoint: 7292 ns, Total: 721250 ns
[2025-06-05T03:04:38.907+0000][1.831s][debug][safepoint   ] Safepoint synchronization initiated using futex wait barrier. (14 threads)
[2025-06-05T03:04:38.908+0000][1.831s][info ][safepoint   ] Safepoint "ICBufferFull", Time since last: 145614833 ns, Reaching safepoint: 390500 ns, Cleanup: 62417 ns, At safepoint: 1250 ns, Total: 454167 ns
[2025-06-05T03:04:38.908+0000][1.831s][debug][safepoint   ] Safepoint synchronization initiated using futex wait barrier. (14 threads)
[2025-06-05T03:04:38.909+0000][1.832s][info ][safepoint   ] Safepoint "ICBufferFull", Time since last: 199541 ns, Reaching safepoint: 827375 ns, Cleanup: 1959 ns, At safepoint: 10333 ns, Total: 839667 ns
[2025-06-05T03:04:38.923+0000][1.846s][debug][safepoint   ] Safepoint synchronization initiated using futex wait barrier. (14 threads)
[2025-06-05T03:04:38.923+0000][1.847s][info ][gc,start    ] GC(8) Pause Young (Normal) (G1 Evacuation Pause)
[2025-06-05T03:04:38.924+0000][1.847s][info ][gc,task     ] GC(8) Using 2 workers of 2 for evacuation
[2025-06-05T03:04:38.928+0000][1.852s][info ][gc,phases   ] GC(8)   Pre Evacuate Collection Set: 0.1ms
[2025-06-05T03:04:38.929+0000][1.852s][info ][gc,phases   ] GC(8)   Merge Heap Roots: 0.0ms
[2025-06-05T03:04:38.929+0000][1.852s][info ][gc,phases   ] GC(8)   Evacuate Collection Set: 4.3ms
[2025-06-05T03:04:38.929+0000][1.852s][info ][gc,phases   ] GC(8)   Post Evacuate Collection Set: 0.4ms
[2025-06-05T03:04:38.929+0000][1.852s][info ][gc,phases   ] GC(8)   Other: 0.2ms
[2025-06-05T03:04:38.929+0000][1.852s][info ][gc,heap     ] GC(8) Eden regions: 49->0(50)
[2025-06-05T03:04:38.929+0000][1.852s][info ][gc,heap     ] GC(8) Survivor regions: 5->4(7)
[2025-06-05T03:04:38.929+0000][1.852s][info ][gc,heap     ] GC(8) Old regions: 9->12
[2025-06-05T03:04:38.929+0000][1.852s][info ][gc,heap     ] GC(8) Archive regions: 2->2
[2025-06-05T03:04:38.929+0000][1.852s][info ][gc,heap     ] GC(8) Humongous regions: 0->0
[2025-06-05T03:04:38.929+0000][1.852s][info ][gc,metaspace] GC(8) Metaspace: 14034K(14400K)->14034K(14400K) NonClass: 12216K(12416K)->12216K(12416K) Class: 1818K(1984K)->1818K(1984K)
[2025-06-05T03:04:38.929+0000][1.852s][info ][gc          ] GC(8) Pause Young (Normal) (G1 Evacuation Pause) 63M->16M(90M) 5.386ms
[2025-06-05T03:04:38.929+0000][1.852s][info ][gc,cpu      ] GC(8) User=0.01s Sys=0.01s Real=0.00s
[2025-06-05T03:04:38.929+0000][1.852s][info ][safepoint   ] Safepoint "G1CollectForAllocation", Time since last: 13921750 ns, Reaching safepoint: 637625 ns, Cleanup: 7708 ns, At safepoint: 5466959 ns, Total: 6112292 ns
[2025-06-05T03:04:39.041+0000][1.964s][debug][safepoint   ] Safepoint synchronization initiated using futex wait barrier. (14 threads)
[2025-06-05T03:04:39.042+0000][1.965s][info ][gc,start    ] GC(9) Pause Young (Normal) (G1 Evacuation Pause)
[2025-06-05T03:04:39.042+0000][1.965s][info ][gc,task     ] GC(9) Using 2 workers of 2 for evacuation
[2025-06-05T03:04:39.045+0000][1.968s][info ][gc,phases   ] GC(9)   Pre Evacuate Collection Set: 0.1ms
[2025-06-05T03:04:39.045+0000][1.969s][info ][gc,phases   ] GC(9)   Merge Heap Roots: 0.1ms
[2025-06-05T03:04:39.045+0000][1.969s][info ][gc,phases   ] GC(9)   Evacuate Collection Set: 2.6ms
[2025-06-05T03:04:39.046+0000][1.969s][info ][gc,phases   ] GC(9)   Post Evacuate Collection Set: 0.4ms
[2025-06-05T03:04:39.046+0000][1.969s][info ][gc,phases   ] GC(9)   Other: 0.2ms
[2025-06-05T03:04:39.046+0000][1.969s][info ][gc,heap     ] GC(9) Eden regions: 50->0(50)
[2025-06-05T03:04:39.046+0000][1.969s][info ][gc,heap     ] GC(9) Survivor regions: 4->4(7)
[2025-06-05T03:04:39.046+0000][1.969s][info ][gc,heap     ] GC(9) Old regions: 12->12
[2025-06-05T03:04:39.046+0000][1.969s][info ][gc,heap     ] GC(9) Archive regions: 2->2
[2025-06-05T03:04:39.046+0000][1.969s][info ][gc,heap     ] GC(9) Humongous regions: 0->0
[2025-06-05T03:04:39.046+0000][1.969s][info ][gc,metaspace] GC(9) Metaspace: 15525K(15808K)->15525K(15808K) NonClass: 13449K(13568K)->13449K(13568K) Class: 2075K(2240K)->2075K(2240K)
[2025-06-05T03:04:39.046+0000][1.969s][info ][gc          ] GC(9) Pause Young (Normal) (G1 Evacuation Pause) 66M->16M(90M) 3.983ms
[2025-06-05T03:04:39.046+0000][1.969s][info ][gc,cpu      ] GC(9) User=0.01s Sys=0.01s Real=0.01s
[2025-06-05T03:04:39.046+0000][1.969s][info ][safepoint   ] Safepoint "G1CollectForAllocation", Time since last: 111627041 ns, Reaching safepoint: 1410250 ns, Cleanup: 34500 ns, At safepoint: 4103042 ns, Total: 5547792 ns
[2025-06-05T03:04:39.102+0000][2.025s][info ][cds,heap    ] initialize_from_archived_subgraph java.lang.Byte$ByteCache 0x00000078000395f8
[2025-06-05T03:04:39.103+0000][2.026s][info ][cds,heap    ] initialize_from_archived_subgraph java.lang.Short$ShortCache 0x000000780003fce8
[2025-06-05T03:04:39.146+0000][2.069s][debug][safepoint   ] Safepoint synchronization initiated using futex wait barrier. (14 threads)
[2025-06-05T03:04:39.147+0000][2.070s][info ][gc,start    ] GC(10) Pause Young (Normal) (G1 Evacuation Pause)
[2025-06-05T03:04:39.147+0000][2.070s][info ][gc,task     ] GC(10) Using 2 workers of 2 for evacuation
[2025-06-05T03:04:39.151+0000][2.074s][info ][gc,phases   ] GC(10)   Pre Evacuate Collection Set: 0.1ms
[2025-06-05T03:04:39.151+0000][2.074s][info ][gc,phases   ] GC(10)   Merge Heap Roots: 0.1ms
[2025-06-05T03:04:39.151+0000][2.074s][info ][gc,phases   ] GC(10)   Evacuate Collection Set: 3.3ms
[2025-06-05T03:04:39.151+0000][2.074s][info ][gc,phases   ] GC(10)   Post Evacuate Collection Set: 0.6ms
[2025-06-05T03:04:39.151+0000][2.075s][info ][gc,phases   ] GC(10)   Other: 0.2ms
[2025-06-05T03:04:39.151+0000][2.075s][info ][gc,heap     ] GC(10) Eden regions: 50->0(61)
[2025-06-05T03:04:39.151+0000][2.075s][info ][gc,heap     ] GC(10) Survivor regions: 4->4(7)
[2025-06-05T03:04:39.152+0000][2.075s][info ][gc,heap     ] GC(10) Old regions: 12->13
[2025-06-05T03:04:39.152+0000][2.075s][info ][gc,heap     ] GC(10) Archive regions: 2->2
[2025-06-05T03:04:39.152+0000][2.075s][info ][gc,heap     ] GC(10) Humongous regions: 0->0
[2025-06-05T03:04:39.152+0000][2.075s][info ][gc,metaspace] GC(10) Metaspace: 17054K(17344K)->17054K(17344K) NonClass: 14732K(14912K)->14732K(14912K) Class: 2321K(2432K)->2321K(2432K)
[2025-06-05T03:04:39.152+0000][2.075s][info ][gc          ] GC(10) Pause Young (Normal) (G1 Evacuation Pause) 66M->16M(109M) 4.827ms
[2025-06-05T03:04:39.152+0000][2.075s][info ][gc,cpu      ] GC(10) User=0.01s Sys=0.00s Real=0.00s
[2025-06-05T03:04:39.152+0000][2.075s][info ][safepoint   ] Safepoint "G1CollectForAllocation", Time since last: 99563167 ns, Reaching safepoint: 1191125 ns, Cleanup: 41333 ns, At safepoint: 4954000 ns, Total: 6186458 ns
[2025-06-05T03:04:39.326+0000][2.250s][debug][safepoint   ] Safepoint synchronization initiated using futex wait barrier. (14 threads)
[2025-06-05T03:04:39.328+0000][2.251s][info ][gc,start    ] GC(11) Pause Young (Normal) (G1 Evacuation Pause)
[2025-06-05T03:04:39.328+0000][2.251s][info ][gc,task     ] GC(11) Using 2 workers of 2 for evacuation
[2025-06-05T03:04:39.333+0000][2.256s][info ][gc,phases   ] GC(11)   Pre Evacuate Collection Set: 0.1ms
[2025-06-05T03:04:39.333+0000][2.256s][info ][gc,phases   ] GC(11)   Merge Heap Roots: 0.0ms
[2025-06-05T03:04:39.333+0000][2.256s][info ][gc,phases   ] GC(11)   Evacuate Collection Set: 4.0ms
[2025-06-05T03:04:39.333+0000][2.256s][info ][gc,phases   ] GC(11)   Post Evacuate Collection Set: 0.4ms
[2025-06-05T03:04:39.333+0000][2.256s][info ][gc,phases   ] GC(11)   Other: 0.2ms
[2025-06-05T03:04:39.333+0000][2.256s][info ][gc,heap     ] GC(11) Eden regions: 61->0(58)
[2025-06-05T03:04:39.333+0000][2.256s][info ][gc,heap     ] GC(11) Survivor regions: 4->7(9)
[2025-06-05T03:04:39.333+0000][2.256s][info ][gc,heap     ] GC(11) Old regions: 13->13
[2025-06-05T03:04:39.333+0000][2.256s][info ][gc,heap     ] GC(11) Archive regions: 2->2
[2025-06-05T03:04:39.333+0000][2.256s][info ][gc,heap     ] GC(11) Humongous regions: 0->0
[2025-06-05T03:04:39.333+0000][2.256s][info ][gc,metaspace] GC(11) Metaspace: 19590K(19904K)->19590K(19904K) NonClass: 17015K(17216K)->17015K(17216K) Class: 2574K(2688K)->2574K(2688K)
[2025-06-05T03:04:39.333+0000][2.256s][info ][gc          ] GC(11) Pause Young (Normal) (G1 Evacuation Pause) 77M->19M(109M) 5.224ms
[2025-06-05T03:04:39.333+0000][2.256s][info ][gc,cpu      ] GC(11) User=0.02s Sys=0.00s Real=0.01s
[2025-06-05T03:04:39.333+0000][2.256s][info ][safepoint   ] Safepoint "G1CollectForAllocation", Time since last: 174626167 ns, Reaching safepoint: 1499333 ns, Cleanup: 60834 ns, At safepoint: 5321250 ns, Total: 6881417 ns
[2025-06-05T03:04:39.532+0000][2.455s][debug][safepoint   ] Safepoint synchronization initiated using futex wait barrier. (14 threads)
[2025-06-05T03:04:39.533+0000][2.456s][info ][gc,start    ] GC(12) Pause Young (Concurrent Start) (Metadata GC Threshold)
[2025-06-05T03:04:39.533+0000][2.457s][info ][gc,task     ] GC(12) Using 2 workers of 2 for evacuation
[2025-06-05T03:04:39.541+0000][2.464s][info ][gc,phases   ] GC(12)   Pre Evacuate Collection Set: 0.2ms
[2025-06-05T03:04:39.541+0000][2.464s][info ][gc,phases   ] GC(12)   Merge Heap Roots: 0.1ms
[2025-06-05T03:04:39.541+0000][2.464s][info ][gc,phases   ] GC(12)   Evacuate Collection Set: 5.8ms
[2025-06-05T03:04:39.541+0000][2.464s][info ][gc,phases   ] GC(12)   Post Evacuate Collection Set: 0.6ms
[2025-06-05T03:04:39.541+0000][2.464s][info ][gc,phases   ] GC(12)   Other: 0.6ms
[2025-06-05T03:04:39.541+0000][2.464s][info ][gc,heap     ] GC(12) Eden regions: 28->0(59)
[2025-06-05T03:04:39.541+0000][2.464s][info ][gc,heap     ] GC(12) Survivor regions: 7->6(9)
[2025-06-05T03:04:39.541+0000][2.464s][info ][gc,heap     ] GC(12) Old regions: 13->15
[2025-06-05T03:04:39.541+0000][2.464s][info ][gc,heap     ] GC(12) Archive regions: 2->2
[2025-06-05T03:04:39.541+0000][2.464s][info ][gc,heap     ] GC(12) Humongous regions: 0->0
[2025-06-05T03:04:39.541+0000][2.464s][info ][gc,metaspace] GC(12) Metaspace: 21176K(21504K)->21176K(21504K) NonClass: 18423K(18560K)->18423K(18560K) Class: 2753K(2944K)->2753K(2944K)
[2025-06-05T03:04:39.541+0000][2.464s][info ][gc          ] GC(12) Pause Young (Concurrent Start) (Metadata GC Threshold) 47M->20M(109M) 7.699ms
[2025-06-05T03:04:39.541+0000][2.464s][info ][gc,cpu      ] GC(12) User=0.01s Sys=0.00s Real=0.00s
[2025-06-05T03:04:39.541+0000][2.464s][info ][gc          ] GC(13) Concurrent Mark Cycle
[2025-06-05T03:04:39.541+0000][2.464s][info ][gc,marking  ] GC(13) Concurrent Clear Claimed Marks
[2025-06-05T03:04:39.541+0000][2.464s][info ][safepoint   ] Safepoint "CollectForMetadataAllocation", Time since last: 198712166 ns, Reaching safepoint: 1117750 ns, Cleanup: 40167 ns, At safepoint: 7870375 ns, Total: 9028292 ns
[2025-06-05T03:04:39.541+0000][2.464s][info ][gc,marking  ] GC(13) Concurrent Clear Claimed Marks 0.094ms
[2025-06-05T03:04:39.541+0000][2.465s][info ][gc,marking  ] GC(13) Concurrent Scan Root Regions
[2025-06-05T03:04:39.542+0000][2.465s][debug][safepoint   ] Safepoint synchronization initiated using futex wait barrier. (14 threads)
[2025-06-05T03:04:39.542+0000][2.465s][info ][safepoint   ] Safepoint "CollectForMetadataAllocation", Time since last: 383750 ns, Reaching safepoint: 247167 ns, Cleanup: 2416 ns, At safepoint: 7334 ns, Total: 256917 ns
[2025-06-05T03:04:39.546+0000][2.469s][info ][gc,marking  ] GC(13) Concurrent Scan Root Regions 4.336ms
[2025-06-05T03:04:39.546+0000][2.469s][info ][gc,marking  ] GC(13) Concurrent Mark
[2025-06-05T03:04:39.546+0000][2.469s][info ][gc,marking  ] GC(13) Concurrent Mark From Roots
[2025-06-05T03:04:39.546+0000][2.469s][info ][gc,task     ] GC(13) Using 1 workers of 1 for marking
[2025-06-05T03:04:39.554+0000][2.477s][debug][safepoint   ] Safepoint synchronization initiated using futex wait barrier. (14 threads)
[2025-06-05T03:04:39.554+0000][2.477s][info ][safepoint   ] Safepoint "CollectForMetadataAllocation", Time since last: 12109541 ns, Reaching safepoint: 112042 ns, Cleanup: 14875 ns, At safepoint: 23333 ns, Total: 150250 ns
[2025-06-05T03:04:39.554+0000][2.477s][debug][safepoint   ] Safepoint synchronization initiated using futex wait barrier. (14 threads)
[2025-06-05T03:04:39.555+0000][2.478s][info ][safepoint   ] Safepoint "CollectForMetadataAllocation", Time since last: 152334 ns, Reaching safepoint: 703583 ns, Cleanup: 1417 ns, At safepoint: 10791 ns, Total: 715791 ns
[2025-06-05T03:04:39.558+0000][2.481s][info ][gc,marking  ] GC(13) Concurrent Mark From Roots 11.658ms
[2025-06-05T03:04:39.558+0000][2.481s][info ][gc,marking  ] GC(13) Concurrent Preclean
[2025-06-05T03:04:39.558+0000][2.481s][info ][gc,marking  ] GC(13) Concurrent Preclean 0.142ms
[2025-06-05T03:04:39.597+0000][2.520s][debug][safepoint   ] Safepoint synchronization initiated using futex wait barrier. (14 threads)
[2025-06-05T03:04:39.598+0000][2.521s][info ][gc,start    ] GC(13) Pause Remark
[2025-06-05T03:04:39.601+0000][2.524s][info ][gc          ] GC(13) Pause Remark 27M->27M(100M) 2.983ms
[2025-06-05T03:04:39.601+0000][2.524s][info ][gc,cpu      ] GC(13) User=0.01s Sys=0.00s Real=0.00s
[2025-06-05T03:04:39.601+0000][2.524s][info ][safepoint   ] Safepoint "G1PauseRemark", Time since last: 42290667 ns, Reaching safepoint: 613458 ns, Cleanup: 13834 ns, At safepoint: 3175791 ns, Total: 3803083 ns
[2025-06-05T03:04:39.602+0000][2.525s][info ][gc,marking  ] GC(13) Concurrent Mark 55.970ms
[2025-06-05T03:04:39.602+0000][2.525s][info ][gc,marking  ] GC(13) Concurrent Rebuild Remembered Sets
[2025-06-05T03:04:39.612+0000][2.535s][info ][gc,marking  ] GC(13) Concurrent Rebuild Remembered Sets 9.754ms
[2025-06-05T03:04:39.613+0000][2.536s][debug][safepoint   ] Safepoint synchronization initiated using futex wait barrier. (14 threads)
[2025-06-05T03:04:39.613+0000][2.537s][info ][gc,start    ] GC(13) Pause Cleanup
[2025-06-05T03:04:39.614+0000][2.537s][info ][gc          ] GC(13) Pause Cleanup 31M->31M(100M) 0.152ms
[2025-06-05T03:04:39.614+0000][2.537s][info ][gc,cpu      ] GC(13) User=0.00s Sys=0.00s Real=0.00s
[2025-06-05T03:04:39.614+0000][2.537s][info ][safepoint   ] Safepoint "G1PauseCleanup", Time since last: 12298292 ns, Reaching safepoint: 103583 ns, Cleanup: 13334 ns, At safepoint: 286041 ns, Total: 402958 ns
[2025-06-05T03:04:39.614+0000][2.537s][info ][gc,marking  ] GC(13) Concurrent Cleanup for Next Mark
[2025-06-05T03:04:39.616+0000][2.539s][info ][gc,marking  ] GC(13) Concurrent Cleanup for Next Mark 2.545ms
[2025-06-05T03:04:39.616+0000][2.540s][info ][gc          ] GC(13) Concurrent Mark Cycle 75.410ms
[2025-06-05T03:04:39.733+0000][2.656s][debug][safepoint   ] Safepoint synchronization initiated using futex wait barrier. (14 threads)
[2025-06-05T03:04:39.734+0000][2.657s][info ][safepoint   ] Safepoint "ICBufferFull", Time since last: 119265959 ns, Reaching safepoint: 958875 ns, Cleanup: 59750 ns, At safepoint: 8916 ns, Total: 1027541 ns
[2025-06-05T03:04:39.735+0000][2.658s][debug][safepoint   ] Safepoint synchronization initiated using futex wait barrier. (14 threads)
[2025-06-05T03:04:39.735+0000][2.658s][debug][safepoint   ] ... found polling page loop exception at pc = 0x0000ffff690557d8, stub =0x0000ffff6897ef00
[2025-06-05T03:04:39.736+0000][2.659s][info ][gc,start    ] GC(14) Pause Young (Concurrent Start) (G1 Evacuation Pause)
[2025-06-05T03:04:39.736+0000][2.659s][info ][gc,task     ] GC(14) Using 2 workers of 2 for evacuation
[2025-06-05T03:04:39.742+0000][2.665s][info ][gc,phases   ] GC(14)   Pre Evacuate Collection Set: 0.1ms
[2025-06-05T03:04:39.742+0000][2.665s][info ][gc,phases   ] GC(14)   Merge Heap Roots: 0.1ms
[2025-06-05T03:04:39.742+0000][2.666s][info ][gc,phases   ] GC(14)   Evacuate Collection Set: 5.5ms
[2025-06-05T03:04:39.742+0000][2.666s][info ][gc,phases   ] GC(14)   Post Evacuate Collection Set: 0.6ms
[2025-06-05T03:04:39.742+0000][2.666s][info ][gc,phases   ] GC(14)   Other: 0.2ms
[2025-06-05T03:04:39.743+0000][2.666s][info ][gc,heap     ] GC(14) Eden regions: 59->0(53)
[2025-06-05T03:04:39.743+0000][2.666s][info ][gc,heap     ] GC(14) Survivor regions: 6->7(9)
[2025-06-05T03:04:39.743+0000][2.666s][info ][gc,heap     ] GC(14) Old regions: 15->16
[2025-06-05T03:04:39.743+0000][2.666s][info ][gc,heap     ] GC(14) Archive regions: 2->2
[2025-06-05T03:04:39.743+0000][2.666s][info ][gc,heap     ] GC(14) Humongous regions: 0->0
[2025-06-05T03:04:39.743+0000][2.666s][info ][gc,metaspace] GC(14) Metaspace: 23299K(23680K)->23299K(23680K) NonClass: 20246K(20416K)->20246K(20416K) Class: 3052K(3264K)->3052K(3264K)
[2025-06-05T03:04:39.743+0000][2.666s][info ][gc          ] GC(14) Pause Young (Concurrent Start) (G1 Evacuation Pause) 79M->22M(100M) 7.065ms
[2025-06-05T03:04:39.743+0000][2.666s][info ][gc,cpu      ] GC(14) User=0.01s Sys=0.00s Real=0.01s
[2025-06-05T03:04:39.743+0000][2.666s][info ][safepoint   ] Safepoint "G1CollectForAllocation", Time since last: 1214709 ns, Reaching safepoint: 634083 ns, Cleanup: 4875 ns, At safepoint: 7208334 ns, Total: 7847292 ns
[2025-06-05T03:04:39.743+0000][2.666s][info ][gc          ] GC(15) Concurrent Mark Cycle
[2025-06-05T03:04:39.746+0000][2.669s][info ][gc,marking  ] GC(15) Concurrent Clear Claimed Marks
[2025-06-05T03:04:39.746+0000][2.669s][info ][gc,marking  ] GC(15) Concurrent Clear Claimed Marks 0.443ms
[2025-06-05T03:04:39.747+0000][2.670s][info ][gc,marking  ] GC(15) Concurrent Scan Root Regions
[2025-06-05T03:04:39.750+0000][2.673s][info ][gc,marking  ] GC(15) Concurrent Scan Root Regions 3.498ms
[2025-06-05T03:04:39.750+0000][2.673s][info ][gc,marking  ] GC(15) Concurrent Mark
[2025-06-05T03:04:39.750+0000][2.673s][info ][gc,marking  ] GC(15) Concurrent Mark From Roots
[2025-06-05T03:04:39.750+0000][2.674s][info ][gc,task     ] GC(15) Using 1 workers of 1 for marking
[2025-06-05T03:04:39.806+0000][2.729s][info ][gc,marking  ] GC(15) Concurrent Mark From Roots 55.650ms
[2025-06-05T03:04:39.806+0000][2.729s][info ][gc,marking  ] GC(15) Concurrent Preclean
[2025-06-05T03:04:39.807+0000][2.730s][info ][gc,marking  ] GC(15) Concurrent Preclean 0.384ms
[2025-06-05T03:04:39.807+0000][2.731s][debug][safepoint   ] Safepoint synchronization initiated using futex wait barrier. (14 threads)
[2025-06-05T03:04:39.808+0000][2.731s][info ][gc,start    ] GC(15) Pause Remark
[2025-06-05T03:04:39.810+0000][2.733s][info ][gc          ] GC(15) Pause Remark 35M->35M(100M) 2.546ms
[2025-06-05T03:04:39.810+0000][2.734s][info ][gc,cpu      ] GC(15) User=0.01s Sys=0.00s Real=0.00s
[2025-06-05T03:04:39.811+0000][2.734s][info ][safepoint   ] Safepoint "G1PauseRemark", Time since last: 64442083 ns, Reaching safepoint: 300000 ns, Cleanup: 38500 ns, At safepoint: 2723667 ns, Total: 3062167 ns
[2025-06-05T03:04:39.811+0000][2.734s][info ][gc,marking  ] GC(15) Concurrent Mark 60.633ms
[2025-06-05T03:04:39.815+0000][2.738s][info ][gc,marking  ] GC(15) Concurrent Rebuild Remembered Sets
[2025-06-05T03:04:39.825+0000][2.748s][info ][gc,marking  ] GC(15) Concurrent Rebuild Remembered Sets 10.413ms
[2025-06-05T03:04:39.826+0000][2.749s][debug][safepoint   ] Safepoint synchronization initiated using futex wait barrier. (14 threads)
[2025-06-05T03:04:39.827+0000][2.750s][debug][safepoint   ] ... found polling page loop exception at pc = 0x0000ffff6902f2f8, stub =0x0000ffff6897ef00
[2025-06-05T03:04:39.828+0000][2.751s][info ][gc,start    ] GC(15) Pause Cleanup
[2025-06-05T03:04:39.828+0000][2.751s][info ][gc          ] GC(15) Pause Cleanup 42M->42M(100M) 0.153ms
[2025-06-05T03:04:39.828+0000][2.751s][info ][gc,cpu      ] GC(15) User=0.00s Sys=0.00s Real=0.00s
[2025-06-05T03:04:39.828+0000][2.751s][info ][safepoint   ] Safepoint "G1PauseCleanup", Time since last: 15386375 ns, Reaching safepoint: 1862125 ns, Cleanup: 22791 ns, At safepoint: 290250 ns, Total: 2175166 ns
[2025-06-05T03:04:39.828+0000][2.751s][info ][gc,marking  ] GC(15) Concurrent Cleanup for Next Mark
[2025-06-05T03:04:39.832+0000][2.756s][info ][gc,marking  ] GC(15) Concurrent Cleanup for Next Mark 4.216ms
[2025-06-05T03:04:39.833+0000][2.756s][info ][gc          ] GC(15) Concurrent Mark Cycle 89.593ms
[2025-06-05T03:04:39.937+0000][2.860s][debug][safepoint   ] Safepoint synchronization initiated using futex wait barrier. (13 threads)
[2025-06-05T03:04:39.937+0000][2.860s][info ][gc,start    ] GC(16) Pause Young (Normal) (G1 Evacuation Pause)
[2025-06-05T03:04:39.937+0000][2.860s][info ][gc,task     ] GC(16) Using 2 workers of 2 for evacuation
[2025-06-05T03:04:39.944+0000][2.867s][info ][gc,phases   ] GC(16)   Pre Evacuate Collection Set: 0.1ms
[2025-06-05T03:04:39.944+0000][2.867s][info ][gc,phases   ] GC(16)   Merge Heap Roots: 0.1ms
[2025-06-05T03:04:39.944+0000][2.867s][info ][gc,phases   ] GC(16)   Evacuate Collection Set: 5.9ms
[2025-06-05T03:04:39.944+0000][2.867s][info ][gc,phases   ] GC(16)   Post Evacuate Collection Set: 0.7ms
[2025-06-05T03:04:39.944+0000][2.867s][info ][gc,phases   ] GC(16)   Other: 0.2ms
[2025-06-05T03:04:39.944+0000][2.867s][info ][gc,heap     ] GC(16) Eden regions: 53->0(52)
[2025-06-05T03:04:39.944+0000][2.867s][info ][gc,heap     ] GC(16) Survivor regions: 7->8(8)
[2025-06-05T03:04:39.944+0000][2.867s][info ][gc,heap     ] GC(16) Old regions: 16->19
[2025-06-05T03:04:39.944+0000][2.867s][info ][gc,heap     ] GC(16) Archive regions: 2->2
[2025-06-05T03:04:39.944+0000][2.867s][info ][gc,heap     ] GC(16) Humongous regions: 0->0
[2025-06-05T03:04:39.944+0000][2.867s][info ][gc,metaspace] GC(16) Metaspace: 24442K(24832K)->24442K(24832K) NonClass: 21251K(21440K)->21251K(21440K) Class: 3191K(3392K)->3191K(3392K)
[2025-06-05T03:04:39.944+0000][2.868s][info ][gc          ] GC(16) Pause Young (Normal) (G1 Evacuation Pause) 75M->27M(100M) 7.514ms
[2025-06-05T03:04:39.944+0000][2.868s][info ][gc,cpu      ] GC(16) User=0.01s Sys=0.00s Real=0.01s
[2025-06-05T03:04:39.945+0000][2.868s][info ][safepoint   ] Safepoint "G1CollectForAllocation", Time since last: 108588167 ns, Reaching safepoint: 151208 ns, Cleanup: 52292 ns, At safepoint: 7639375 ns, Total: 7842875 ns
[2025-06-05T03:04:40.031+0000][2.954s][debug][safepoint   ] Safepoint synchronization initiated using futex wait barrier. (13 threads)
[2025-06-05T03:04:40.031+0000][2.954s][info ][gc,start    ] GC(17) Pause Young (Normal) (G1 Evacuation Pause)
[2025-06-05T03:04:40.031+0000][2.954s][info ][gc,task     ] GC(17) Using 2 workers of 2 for evacuation
[2025-06-05T03:04:40.041+0000][2.964s][info ][gc,phases   ] GC(17)   Pre Evacuate Collection Set: 0.1ms
[2025-06-05T03:04:40.041+0000][2.964s][info ][gc,phases   ] GC(17)   Merge Heap Roots: 0.1ms
[2025-06-05T03:04:40.041+0000][2.964s][info ][gc,phases   ] GC(17)   Evacuate Collection Set: 8.5ms
[2025-06-05T03:04:40.041+0000][2.964s][info ][gc,phases   ] GC(17)   Post Evacuate Collection Set: 1.0ms
[2025-06-05T03:04:40.041+0000][2.964s][info ][gc,phases   ] GC(17)   Other: 0.1ms
[2025-06-05T03:04:40.041+0000][2.964s][info ][gc,heap     ] GC(17) Eden regions: 52->0(44)
[2025-06-05T03:04:40.041+0000][2.964s][info ][gc,heap     ] GC(17) Survivor regions: 8->7(8)
[2025-06-05T03:04:40.041+0000][2.964s][info ][gc,heap     ] GC(17) Old regions: 19->27
[2025-06-05T03:04:40.041+0000][2.964s][info ][gc,heap     ] GC(17) Archive regions: 2->2
[2025-06-05T03:04:40.041+0000][2.965s][info ][gc,heap     ] GC(17) Humongous regions: 0->0
[2025-06-05T03:04:40.041+0000][2.965s][info ][gc,metaspace] GC(17) Metaspace: 24457K(24832K)->24457K(24832K) NonClass: 21261K(21440K)->21261K(21440K) Class: 3196K(3392K)->3196K(3392K)
[2025-06-05T03:04:40.041+0000][2.965s][info ][gc          ] GC(17) Pause Young (Normal) (G1 Evacuation Pause) 79M->33M(100M) 10.407ms
[2025-06-05T03:04:40.042+0000][2.965s][info ][gc,cpu      ] GC(17) User=0.02s Sys=0.00s Real=0.01s
[2025-06-05T03:04:40.042+0000][2.965s][info ][safepoint   ] Safepoint "G1CollectForAllocation", Time since last: 86393292 ns, Reaching safepoint: 144833 ns, Cleanup: 18875 ns, At safepoint: 10535708 ns, Total: 10699416 ns
[2025-06-05T03:04:40.109+0000][3.032s][debug][safepoint   ] Safepoint synchronization initiated using futex wait barrier. (13 threads)
[2025-06-05T03:04:40.109+0000][3.033s][info ][gc,start    ] GC(18) Pause Young (Normal) (G1 Evacuation Pause)
[2025-06-05T03:04:40.110+0000][3.033s][info ][gc,task     ] GC(18) Using 2 workers of 2 for evacuation
[2025-06-05T03:04:40.121+0000][3.044s][info ][gc,phases   ] GC(18)   Pre Evacuate Collection Set: 0.2ms
[2025-06-05T03:04:40.121+0000][3.044s][info ][gc,phases   ] GC(18)   Merge Heap Roots: 0.1ms
[2025-06-05T03:04:40.121+0000][3.044s][info ][gc,phases   ] GC(18)   Evacuate Collection Set: 9.3ms
[2025-06-05T03:04:40.121+0000][3.044s][info ][gc,phases   ] GC(18)   Post Evacuate Collection Set: 1.9ms
[2025-06-05T03:04:40.121+0000][3.045s][info ][gc,phases   ] GC(18)   Other: 0.3ms
[2025-06-05T03:04:40.121+0000][3.045s][info ][gc,heap     ] GC(18) Eden regions: 44->0(75)
[2025-06-05T03:04:40.121+0000][3.045s][info ][gc,heap     ] GC(18) Survivor regions: 7->6(7)
[2025-06-05T03:04:40.122+0000][3.045s][info ][gc,heap     ] GC(18) Old regions: 27->33
[2025-06-05T03:04:40.122+0000][3.045s][info ][gc,heap     ] GC(18) Archive regions: 2->2
[2025-06-05T03:04:40.122+0000][3.045s][info ][gc,heap     ] GC(18) Humongous regions: 0->0
[2025-06-05T03:04:40.122+0000][3.045s][info ][gc,metaspace] GC(18) Metaspace: 24537K(24896K)->24537K(24896K) NonClass: 21337K(21504K)->21337K(21504K) Class: 3199K(3392K)->3199K(3392K)
[2025-06-05T03:04:40.122+0000][3.045s][info ][gc          ] GC(18) Pause Young (Normal) (G1 Evacuation Pause) 77M->39M(152M) 12.293ms
[2025-06-05T03:04:40.122+0000][3.045s][info ][gc,cpu      ] GC(18) User=0.03s Sys=0.01s Real=0.01s
[2025-06-05T03:04:40.122+0000][3.045s][info ][safepoint   ] Safepoint "G1CollectForAllocation", Time since last: 67619500 ns, Reaching safepoint: 158959 ns, Cleanup: 35125 ns, At safepoint: 12416625 ns, Total: 12610709 ns
[2025-06-05T03:04:40.287+0000][3.210s][debug][safepoint   ] Safepoint synchronization initiated using futex wait barrier. (13 threads)
[2025-06-05T03:04:40.287+0000][3.210s][info ][safepoint   ] Safepoint "ICBufferFull", Time since last: 165215583 ns, Reaching safepoint: 133750 ns, Cleanup: 61167 ns, At safepoint: 2291 ns, Total: 197208 ns
[2025-06-05T03:04:40.320+0000][3.243s][debug][safepoint   ] Safepoint synchronization initiated using futex wait barrier. (13 threads)
[2025-06-05T03:04:40.320+0000][3.244s][info ][gc,start    ] GC(19) Pause Young (Normal) (G1 Evacuation Pause)
[2025-06-05T03:04:40.320+0000][3.244s][info ][gc,task     ] GC(19) Using 2 workers of 2 for evacuation
[2025-06-05T03:04:40.331+0000][3.254s][info ][gc,phases   ] GC(19)   Pre Evacuate Collection Set: 0.1ms
[2025-06-05T03:04:40.331+0000][3.255s][info ][gc,phases   ] GC(19)   Merge Heap Roots: 0.1ms
[2025-06-05T03:04:40.331+0000][3.255s][info ][gc,phases   ] GC(19)   Evacuate Collection Set: 9.9ms
[2025-06-05T03:04:40.332+0000][3.255s][info ][gc,phases   ] GC(19)   Post Evacuate Collection Set: 0.8ms
[2025-06-05T03:04:40.332+0000][3.255s][info ][gc,phases   ] GC(19)   Other: 0.1ms
[2025-06-05T03:04:40.332+0000][3.255s][info ][gc,heap     ] GC(19) Eden regions: 75->0(69)
[2025-06-05T03:04:40.332+0000][3.255s][info ][gc,heap     ] GC(19) Survivor regions: 6->11(11)
[2025-06-05T03:04:40.332+0000][3.255s][info ][gc,heap     ] GC(19) Old regions: 33->35
[2025-06-05T03:04:40.332+0000][3.255s][info ][gc,heap     ] GC(19) Archive regions: 2->2
[2025-06-05T03:04:40.332+0000][3.255s][info ][gc,heap     ] GC(19) Humongous regions: 0->0
[2025-06-05T03:04:40.332+0000][3.255s][info ][gc,metaspace] GC(19) Metaspace: 24816K(25216K)->24816K(25216K) NonClass: 21573K(21760K)->21573K(21760K) Class: 3242K(3456K)->3242K(3456K)
[2025-06-05T03:04:40.332+0000][3.255s][info ][gc          ] GC(19) Pause Young (Normal) (G1 Evacuation Pause) 114M->45M(152M) 11.525ms
[2025-06-05T03:04:40.332+0000][3.255s][info ][gc,cpu      ] GC(19) User=0.03s Sys=0.00s Real=0.01s
[2025-06-05T03:04:40.332+0000][3.255s][info ][safepoint   ] Safepoint "G1CollectForAllocation", Time since last: 32986625 ns, Reaching safepoint: 141250 ns, Cleanup: 32042 ns, At safepoint: 11639750 ns, Total: 11813042 ns
[2025-06-05T03:04:40.523+0000][3.446s][debug][safepoint   ] Safepoint synchronization initiated using futex wait barrier. (13 threads)
[2025-06-05T03:04:40.525+0000][3.448s][info ][safepoint   ] Safepoint "ICBufferFull", Time since last: 190830459 ns, Reaching safepoint: 1810708 ns, Cleanup: 374458 ns, At safepoint: 38500 ns, Total: 2223666 ns
[2025-06-05T03:04:40.843+0000][3.766s][debug][safepoint   ] Safepoint synchronization initiated using futex wait barrier. (13 threads)
[2025-06-05T03:04:40.843+0000][3.766s][info ][safepoint   ] Safepoint "ICBufferFull", Time since last: 317549334 ns, Reaching safepoint: 193791 ns, Cleanup: 57334 ns, At safepoint: 5666 ns, Total: 256791 ns
[2025-06-05T03:04:40.871+0000][3.794s][debug][safepoint   ] Safepoint synchronization initiated using futex wait barrier. (13 threads)
[2025-06-05T03:04:40.872+0000][3.795s][info ][safepoint   ] Safepoint "ICBufferFull", Time since last: 28171709 ns, Reaching safepoint: 776166 ns, Cleanup: 50709 ns, At safepoint: 5708 ns, Total: 832583 ns
[2025-06-05T03:04:40.953+0000][3.876s][debug][safepoint   ] Safepoint synchronization initiated using futex wait barrier. (13 threads)
[2025-06-05T03:04:40.954+0000][3.877s][info ][gc,start    ] GC(20) Pause Young (Normal) (G1 Evacuation Pause)
[2025-06-05T03:04:40.954+0000][3.877s][info ][gc,task     ] GC(20) Using 2 workers of 2 for evacuation
[2025-06-05T03:04:40.969+0000][3.893s][info ][gc,phases   ] GC(20)   Pre Evacuate Collection Set: 0.3ms
[2025-06-05T03:04:40.970+0000][3.893s][info ][gc,phases   ] GC(20)   Merge Heap Roots: 0.2ms
[2025-06-05T03:04:40.970+0000][3.893s][info ][gc,phases   ] GC(20)   Evacuate Collection Set: 13.4ms
[2025-06-05T03:04:40.970+0000][3.893s][info ][gc,phases   ] GC(20)   Post Evacuate Collection Set: 1.7ms
[2025-06-05T03:04:40.970+0000][3.893s][info ][gc,phases   ] GC(20)   Other: 0.3ms
[2025-06-05T03:04:40.970+0000][3.893s][info ][gc,heap     ] GC(20) Eden regions: 69->0(66)
[2025-06-05T03:04:40.970+0000][3.893s][info ][gc,heap     ] GC(20) Survivor regions: 11->5(10)
[2025-06-05T03:04:40.970+0000][3.893s][info ][gc,heap     ] GC(20) Old regions: 35->46
[2025-06-05T03:04:40.970+0000][3.893s][info ][gc,heap     ] GC(20) Archive regions: 2->2
[2025-06-05T03:04:40.970+0000][3.893s][info ][gc,heap     ] GC(20) Humongous regions: 0->0
[2025-06-05T03:04:40.970+0000][3.893s][info ][gc,metaspace] GC(20) Metaspace: 25174K(25536K)->25174K(25536K) NonClass: 21901K(22080K)->21901K(22080K) Class: 3273K(3456K)->3273K(3456K)
[2025-06-05T03:04:40.970+0000][3.893s][info ][gc          ] GC(20) Pause Young (Normal) (G1 Evacuation Pause) 114M->50M(152M) 16.368ms
[2025-06-05T03:04:40.970+0000][3.893s][info ][gc,cpu      ] GC(20) User=0.03s Sys=0.00s Real=0.01s
[2025-06-05T03:04:40.970+0000][3.893s][info ][safepoint   ] Safepoint "G1CollectForAllocation", Time since last: 81410625 ns, Reaching safepoint: 135792 ns, Cleanup: 51333 ns, At safepoint: 16493042 ns, Total: 16680167 ns
[2025-06-05T03:04:41.162+0000][4.085s][debug][safepoint   ] Safepoint synchronization initiated using futex wait barrier. (13 threads)
[2025-06-05T03:04:41.162+0000][4.085s][info ][safepoint   ] Safepoint "ICBufferFull", Time since last: 191868958 ns, Reaching safepoint: 194709 ns, Cleanup: 63500 ns, At safepoint: 2041 ns, Total: 260250 ns
[2025-06-05T03:04:41.299+0000][4.222s][debug][safepoint   ] Safepoint synchronization initiated using futex wait barrier. (13 threads)
[2025-06-05T03:04:41.299+0000][4.222s][info ][gc,start    ] GC(21) Pause Young (Normal) (G1 Evacuation Pause)
[2025-06-05T03:04:41.299+0000][4.222s][info ][gc,task     ] GC(21) Using 2 workers of 2 for evacuation
[2025-06-05T03:04:41.305+0000][4.229s][info ][gc,phases   ] GC(21)   Pre Evacuate Collection Set: 0.1ms
[2025-06-05T03:04:41.306+0000][4.229s][info ][gc,phases   ] GC(21)   Merge Heap Roots: 0.1ms
[2025-06-05T03:04:41.306+0000][4.229s][info ][gc,phases   ] GC(21)   Evacuate Collection Set: 5.6ms
[2025-06-05T03:04:41.306+0000][4.229s][info ][gc,phases   ] GC(21)   Post Evacuate Collection Set: 0.7ms
[2025-06-05T03:04:41.306+0000][4.229s][info ][gc,phases   ] GC(21)   Other: 0.2ms
[2025-06-05T03:04:41.306+0000][4.229s][info ][gc,heap     ] GC(21) Eden regions: 66->0(67)
[2025-06-05T03:04:41.306+0000][4.229s][info ][gc,heap     ] GC(21) Survivor regions: 5->7(9)
[2025-06-05T03:04:41.306+0000][4.229s][info ][gc,heap     ] GC(21) Old regions: 46->46
[2025-06-05T03:04:41.306+0000][4.229s][info ][gc,heap     ] GC(21) Archive regions: 2->2
[2025-06-05T03:04:41.306+0000][4.229s][info ][gc,heap     ] GC(21) Humongous regions: 0->0
[2025-06-05T03:04:41.306+0000][4.229s][info ][gc,metaspace] GC(21) Metaspace: 25231K(25600K)->25231K(25600K) NonClass: 21955K(22144K)->21955K(22144K) Class: 3276K(3456K)->3276K(3456K)
[2025-06-05T03:04:41.306+0000][4.229s][info ][gc          ] GC(21) Pause Young (Normal) (G1 Evacuation Pause) 116M->52M(152M) 7.399ms
[2025-06-05T03:04:41.306+0000][4.229s][info ][gc,cpu      ] GC(21) User=0.01s Sys=0.00s Real=0.01s
[2025-06-05T03:04:41.306+0000][4.229s][info ][safepoint   ] Safepoint "G1CollectForAllocation", Time since last: 136416834 ns, Reaching safepoint: 157708 ns, Cleanup: 82333 ns, At safepoint: 7540542 ns, Total: 7780583 ns
[2025-06-05T03:04:41.425+0000][4.348s][debug][safepoint   ] Safepoint synchronization initiated using futex wait barrier. (13 threads)
[2025-06-05T03:04:41.425+0000][4.348s][info ][gc,start    ] GC(22) Pause Young (Normal) (G1 Evacuation Pause)
[2025-06-05T03:04:41.425+0000][4.348s][info ][gc,task     ] GC(22) Using 2 workers of 2 for evacuation
[2025-06-05T03:04:41.433+0000][4.356s][info ][gc,phases   ] GC(22)   Pre Evacuate Collection Set: 0.1ms
[2025-06-05T03:04:41.433+0000][4.356s][info ][gc,phases   ] GC(22)   Merge Heap Roots: 0.1ms
[2025-06-05T03:04:41.433+0000][4.356s][info ][gc,phases   ] GC(22)   Evacuate Collection Set: 6.1ms
[2025-06-05T03:04:41.433+0000][4.356s][info ][gc,phases   ] GC(22)   Post Evacuate Collection Set: 0.8ms
[2025-06-05T03:04:41.433+0000][4.356s][info ][gc,phases   ] GC(22)   Other: 0.2ms
[2025-06-05T03:04:41.433+0000][4.356s][info ][gc,heap     ] GC(22) Eden regions: 67->0(66)
[2025-06-05T03:04:41.433+0000][4.356s][info ][gc,heap     ] GC(22) Survivor regions: 7->5(10)
[2025-06-05T03:04:41.433+0000][4.356s][info ][gc,heap     ] GC(22) Old regions: 46->50
[2025-06-05T03:04:41.433+0000][4.356s][info ][gc,heap     ] GC(22) Archive regions: 2->2
[2025-06-05T03:04:41.433+0000][4.356s][info ][gc,heap     ] GC(22) Humongous regions: 0->0
[2025-06-05T03:04:41.433+0000][4.356s][info ][gc,metaspace] GC(22) Metaspace: 25325K(25664K)->25325K(25664K) NonClass: 22036K(22208K)->22036K(22208K) Class: 3289K(3456K)->3289K(3456K)
[2025-06-05T03:04:41.433+0000][4.356s][info ][gc          ] GC(22) Pause Young (Normal) (G1 Evacuation Pause) 119M->55M(152M) 7.866ms
[2025-06-05T03:04:41.433+0000][4.356s][info ][gc,cpu      ] GC(22) User=0.02s Sys=0.00s Real=0.01s
[2025-06-05T03:04:41.433+0000][4.356s][info ][safepoint   ] Safepoint "G1CollectForAllocation", Time since last: 118764500 ns, Reaching safepoint: 131750 ns, Cleanup: 61000 ns, At safepoint: 7977875 ns, Total: 8170625 ns
[2025-06-05T03:04:41.557+0000][4.480s][debug][safepoint   ] Safepoint synchronization initiated using futex wait barrier. (14 threads)
[2025-06-05T03:04:41.559+0000][4.482s][info ][gc,start    ] GC(23) Pause Young (Normal) (G1 Evacuation Pause)
[2025-06-05T03:04:41.559+0000][4.482s][info ][gc,task     ] GC(23) Using 2 workers of 2 for evacuation
[2025-06-05T03:04:41.613+0000][4.536s][info ][gc,phases   ] GC(23)   Pre Evacuate Collection Set: 0.2ms
[2025-06-05T03:04:41.614+0000][4.537s][info ][gc,phases   ] GC(23)   Merge Heap Roots: 0.2ms
[2025-06-05T03:04:41.614+0000][4.537s][info ][gc,phases   ] GC(23)   Evacuate Collection Set: 44.5ms
[2025-06-05T03:04:41.614+0000][4.537s][info ][gc,phases   ] GC(23)   Post Evacuate Collection Set: 9.1ms
[2025-06-05T03:04:41.614+0000][4.537s][info ][gc,phases   ] GC(23)   Other: 0.5ms
[2025-06-05T03:04:41.614+0000][4.537s][info ][gc,heap     ] GC(23) Eden regions: 66->0(136)
[2025-06-05T03:04:41.614+0000][4.538s][info ][gc,heap     ] GC(23) Survivor regions: 5->4(9)
[2025-06-05T03:04:41.615+0000][4.538s][info ][gc,heap     ] GC(23) Old regions: 50->53
[2025-06-05T03:04:41.615+0000][4.538s][info ][gc,heap     ] GC(23) Archive regions: 2->2
[2025-06-05T03:04:41.615+0000][4.538s][info ][gc,heap     ] GC(23) Humongous regions: 0->0
[2025-06-05T03:04:41.615+0000][4.538s][info ][gc,metaspace] GC(23) Metaspace: 26635K(27008K)->26635K(27008K) NonClass: 23255K(23424K)->23255K(23424K) Class: 3379K(3584K)->3379K(3584K)
[2025-06-05T03:04:41.616+0000][4.539s][info ][gc          ] GC(23) Pause Young (Normal) (G1 Evacuation Pause) 121M->56M(241M) 56.757ms
[2025-06-05T03:04:41.616+0000][4.539s][info ][gc,cpu      ] GC(23) User=0.02s Sys=0.00s Real=0.06s
[2025-06-05T03:04:41.616+0000][4.539s][info ][safepoint   ] Safepoint "G1CollectForAllocation", Time since last: 123467458 ns, Reaching safepoint: 1789042 ns, Cleanup: 138792 ns, At safepoint: 57301875 ns, Total: 59229709 ns
[2025-06-05T03:04:41.931+0000][4.854s][debug][safepoint   ] Safepoint synchronization initiated using futex wait barrier. (13 threads)
[2025-06-05T03:04:41.931+0000][4.854s][info ][safepoint   ] Safepoint "ICBufferFull", Time since last: 315129792 ns, Reaching safepoint: 193833 ns, Cleanup: 64792 ns, At safepoint: 2375 ns, Total: 261000 ns
[2025-06-05T03:04:42.073+0000][4.996s][debug][safepoint   ] Safepoint synchronization initiated using futex wait barrier. (13 threads)
[2025-06-05T03:04:42.073+0000][4.996s][info ][gc,start    ] GC(24) Pause Young (Normal) (G1 Evacuation Pause)
[2025-06-05T03:04:42.073+0000][4.996s][info ][gc,task     ] GC(24) Using 2 workers of 2 for evacuation
[2025-06-05T03:04:42.078+0000][5.001s][info ][gc,phases   ] GC(24)   Pre Evacuate Collection Set: 0.1ms
[2025-06-05T03:04:42.078+0000][5.001s][info ][gc,phases   ] GC(24)   Merge Heap Roots: 0.1ms
[2025-06-05T03:04:42.078+0000][5.001s][info ][gc,phases   ] GC(24)   Evacuate Collection Set: 3.9ms
[2025-06-05T03:04:42.078+0000][5.001s][info ][gc,phases   ] GC(24)   Post Evacuate Collection Set: 1.0ms
[2025-06-05T03:04:42.078+0000][5.002s][info ][gc,phases   ] GC(24)   Other: 0.2ms
[2025-06-05T03:04:42.078+0000][5.002s][info ][gc,heap     ] GC(24) Eden regions: 136->0(138)
[2025-06-05T03:04:42.078+0000][5.002s][info ][gc,heap     ] GC(24) Survivor regions: 4->6(18)
[2025-06-05T03:04:42.079+0000][5.002s][info ][gc,heap     ] GC(24) Old regions: 53->53
[2025-06-05T03:04:42.079+0000][5.002s][info ][gc,heap     ] GC(24) Archive regions: 2->2
[2025-06-05T03:04:42.079+0000][5.002s][info ][gc,heap     ] GC(24) Humongous regions: 0->0
[2025-06-05T03:04:42.079+0000][5.002s][info ][gc,metaspace] GC(24) Metaspace: 30177K(30528K)->30177K(30528K) NonClass: 26424K(26624K)->26424K(26624K) Class: 3753K(3904K)->3753K(3904K)
[2025-06-05T03:04:42.079+0000][5.002s][info ][gc          ] GC(24) Pause Young (Normal) (G1 Evacuation Pause) 192M->58M(241M) 6.018ms
[2025-06-05T03:04:42.079+0000][5.002s][info ][gc,cpu      ] GC(24) User=0.02s Sys=0.00s Real=0.00s
[2025-06-05T03:04:42.079+0000][5.002s][info ][safepoint   ] Safepoint "G1CollectForAllocation", Time since last: 141195958 ns, Reaching safepoint: 121750 ns, Cleanup: 31625 ns, At safepoint: 6145500 ns, Total: 6298875 ns
[2025-06-05T03:04:42.383+0000][5.307s][debug][safepoint   ] Safepoint synchronization initiated using futex wait barrier. (13 threads)
[2025-06-05T03:04:42.384+0000][5.307s][info ][safepoint   ] Safepoint "ICBufferFull", Time since last: 304619208 ns, Reaching safepoint: 163209 ns, Cleanup: 109916 ns, At safepoint: 1917 ns, Total: 275042 ns
[2025-06-05T03:04:42.418+0000][5.341s][debug][safepoint   ] Safepoint synchronization initiated using futex wait barrier. (13 threads)
[2025-06-05T03:04:42.418+0000][5.341s][info ][gc,start    ] GC(25) Pause Young (Normal) (G1 Evacuation Pause)
[2025-06-05T03:04:42.418+0000][5.341s][info ][gc,task     ] GC(25) Using 2 workers of 2 for evacuation
[2025-06-05T03:04:42.424+0000][5.347s][info ][gc,phases   ] GC(25)   Pre Evacuate Collection Set: 0.1ms
[2025-06-05T03:04:42.424+0000][5.347s][info ][gc,phases   ] GC(25)   Merge Heap Roots: 0.1ms
[2025-06-05T03:04:42.424+0000][5.347s][info ][gc,phases   ] GC(25)   Evacuate Collection Set: 4.9ms
[2025-06-05T03:04:42.424+0000][5.347s][info ][gc,phases   ] GC(25)   Post Evacuate Collection Set: 0.9ms
[2025-06-05T03:04:42.424+0000][5.347s][info ][gc,phases   ] GC(25)   Other: 0.2ms
[2025-06-05T03:04:42.424+0000][5.348s][info ][gc,heap     ] GC(25) Eden regions: 138->0(137)
[2025-06-05T03:04:42.424+0000][5.348s][info ][gc,heap     ] GC(25) Survivor regions: 6->7(18)
[2025-06-05T03:04:42.424+0000][5.348s][info ][gc,heap     ] GC(25) Old regions: 53->53
[2025-06-05T03:04:42.424+0000][5.348s][info ][gc,heap     ] GC(25) Archive regions: 2->2
[2025-06-05T03:04:42.425+0000][5.348s][info ][gc,heap     ] GC(25) Humongous regions: 0->0
[2025-06-05T03:04:42.425+0000][5.348s][info ][gc,metaspace] GC(25) Metaspace: 34476K(34816K)->34476K(34816K) NonClass: 30235K(30400K)->30235K(30400K) Class: 4241K(4416K)->4241K(4416K)
[2025-06-05T03:04:42.425+0000][5.348s][info ][gc          ] GC(25) Pause Young (Normal) (G1 Evacuation Pause) 196M->59M(241M) 6.704ms
[2025-06-05T03:04:42.425+0000][5.348s][info ][gc,cpu      ] GC(25) User=0.02s Sys=0.01s Real=0.01s
[2025-06-05T03:04:42.425+0000][5.348s][info ][safepoint   ] Safepoint "G1CollectForAllocation", Time since last: 33998792 ns, Reaching safepoint: 123083 ns, Cleanup: 31750 ns, At safepoint: 6823125 ns, Total: 6977958 ns
[2025-06-05T03:04:42.631+0000][5.554s][debug][safepoint   ] Safepoint synchronization initiated using futex wait barrier. (13 threads)
[2025-06-05T03:04:42.631+0000][5.555s][info ][safepoint   ] Safepoint "ICBufferFull", Time since last: 206517250 ns, Reaching safepoint: 130250 ns, Cleanup: 77625 ns, At safepoint: 2417 ns, Total: 210292 ns
[2025-06-05T03:04:42.720+0000][5.643s][debug][safepoint   ] Safepoint synchronization initiated using futex wait barrier. (13 threads)
[2025-06-05T03:04:42.721+0000][5.644s][info ][safepoint   ] Safepoint "ICBufferFull", Time since last: 88396958 ns, Reaching safepoint: 631959 ns, Cleanup: 73708 ns, At safepoint: 6458 ns, Total: 712125 ns
[2025-06-05T03:04:42.735+0000][5.658s][debug][safepoint   ] Safepoint synchronization initiated using futex wait barrier. (13 threads)
[2025-06-05T03:04:42.735+0000][5.658s][info ][safepoint   ] Safepoint "ICBufferFull", Time since last: 14405959 ns, Reaching safepoint: 131375 ns, Cleanup: 71500 ns, At safepoint: 1500 ns, Total: 204375 ns
[2025-06-05T03:04:42.817+0000][5.740s][debug][safepoint   ] Safepoint synchronization initiated using futex wait barrier. (13 threads)
[2025-06-05T03:04:42.817+0000][5.740s][info ][gc,start    ] GC(26) Pause Young (Normal) (G1 Evacuation Pause)
[2025-06-05T03:04:42.817+0000][5.740s][info ][gc,task     ] GC(26) Using 2 workers of 2 for evacuation
[2025-06-05T03:04:42.825+0000][5.748s][info ][gc,phases   ] GC(26)   Pre Evacuate Collection Set: 0.1ms
[2025-06-05T03:04:42.825+0000][5.748s][info ][gc,phases   ] GC(26)   Merge Heap Roots: 0.1ms
[2025-06-05T03:04:42.825+0000][5.748s][info ][gc,phases   ] GC(26)   Evacuate Collection Set: 6.5ms
[2025-06-05T03:04:42.825+0000][5.748s][info ][gc,phases   ] GC(26)   Post Evacuate Collection Set: 1.0ms
[2025-06-05T03:04:42.825+0000][5.748s][info ][gc,phases   ] GC(26)   Other: 0.2ms
[2025-06-05T03:04:42.825+0000][5.748s][info ][gc,heap     ] GC(26) Eden regions: 137->0(137)
[2025-06-05T03:04:42.825+0000][5.748s][info ][gc,heap     ] GC(26) Survivor regions: 7->7(18)
[2025-06-05T03:04:42.825+0000][5.748s][info ][gc,heap     ] GC(26) Old regions: 53->53
[2025-06-05T03:04:42.825+0000][5.749s][info ][gc,heap     ] GC(26) Archive regions: 2->2
[2025-06-05T03:04:42.825+0000][5.749s][info ][gc,heap     ] GC(26) Humongous regions: 0->0
[2025-06-05T03:04:42.825+0000][5.749s][info ][gc,metaspace] GC(26) Metaspace: 37011K(37376K)->37011K(37376K) NonClass: 32391K(32576K)->32391K(32576K) Class: 4619K(4800K)->4619K(4800K)
[2025-06-05T03:04:42.826+0000][5.749s][info ][gc          ] GC(26) Pause Young (Normal) (G1 Evacuation Pause) 196M->59M(241M) 8.338ms
[2025-06-05T03:04:42.826+0000][5.749s][info ][gc,cpu      ] GC(26) User=0.02s Sys=0.00s Real=0.01s
[2025-06-05T03:04:42.826+0000][5.749s][info ][safepoint   ] Safepoint "G1CollectForAllocation", Time since last: 81850458 ns, Reaching safepoint: 124333 ns, Cleanup: 21417 ns, At safepoint: 8458333 ns, Total: 8604083 ns
[2025-06-05T03:04:43.101+0000][6.024s][debug][safepoint   ] Safepoint synchronization initiated using futex wait barrier. (13 threads)
[2025-06-05T03:04:43.101+0000][6.025s][info ][safepoint   ] Safepoint "ICBufferFull", Time since last: 275602542 ns, Reaching safepoint: 166417 ns, Cleanup: 64416 ns, At safepoint: 2125 ns, Total: 232958 ns
[2025-06-05T03:04:43.242+0000][6.165s][debug][safepoint   ] Safepoint synchronization initiated using futex wait barrier. (13 threads)
[2025-06-05T03:04:43.243+0000][6.166s][info ][safepoint   ] Safepoint "ICBufferFull", Time since last: 140837167 ns, Reaching safepoint: 507250 ns, Cleanup: 67459 ns, At safepoint: 8791 ns, Total: 583500 ns
[2025-06-05T03:04:43.264+0000][6.187s][debug][safepoint   ] Safepoint synchronization initiated using futex wait barrier. (13 threads)
[2025-06-05T03:04:43.264+0000][6.187s][info ][gc,start    ] GC(27) Pause Young (Concurrent Start) (Metadata GC Threshold)
[2025-06-05T03:04:43.264+0000][6.187s][info ][gc,task     ] GC(27) Using 2 workers of 2 for evacuation
[2025-06-05T03:04:43.274+0000][6.197s][info ][gc,phases   ] GC(27)   Pre Evacuate Collection Set: 0.2ms
[2025-06-05T03:04:43.274+0000][6.197s][info ][gc,phases   ] GC(27)   Merge Heap Roots: 0.2ms
[2025-06-05T03:04:43.274+0000][6.197s][info ][gc,phases   ] GC(27)   Evacuate Collection Set: 8.2ms
[2025-06-05T03:04:43.274+0000][6.197s][info ][gc,phases   ] GC(27)   Post Evacuate Collection Set: 1.2ms
[2025-06-05T03:04:43.274+0000][6.197s][info ][gc,phases   ] GC(27)   Other: 0.3ms
[2025-06-05T03:04:43.274+0000][6.197s][info ][gc,heap     ] GC(27) Eden regions: 129->0(134)
[2025-06-05T03:04:43.274+0000][6.197s][info ][gc,heap     ] GC(27) Survivor regions: 7->10(18)
[2025-06-05T03:04:43.274+0000][6.197s][info ][gc,heap     ] GC(27) Old regions: 53->53
[2025-06-05T03:04:43.274+0000][6.197s][info ][gc,heap     ] GC(27) Archive regions: 2->2
[2025-06-05T03:04:43.274+0000][6.197s][info ][gc,heap     ] GC(27) Humongous regions: 0->0
[2025-06-05T03:04:43.274+0000][6.198s][info ][gc,metaspace] GC(27) Metaspace: 39694K(40000K)->39694K(40000K) NonClass: 34735K(34880K)->34735K(34880K) Class: 4959K(5120K)->4959K(5120K)
[2025-06-05T03:04:43.274+0000][6.198s][info ][gc          ] GC(27) Pause Young (Concurrent Start) (Metadata GC Threshold) 188M->62M(241M) 10.569ms
[2025-06-05T03:04:43.275+0000][6.198s][info ][gc,cpu      ] GC(27) User=0.03s Sys=0.00s Real=0.01s
[2025-06-05T03:04:43.275+0000][6.198s][info ][safepoint   ] Safepoint "CollectForMetadataAllocation", Time since last: 20738750 ns, Reaching safepoint: 230292 ns, Cleanup: 26875 ns, At safepoint: 10743667 ns, Total: 11000834 ns
[2025-06-05T03:04:43.275+0000][6.198s][info ][gc          ] GC(28) Concurrent Mark Cycle
[2025-06-05T03:04:43.275+0000][6.198s][info ][gc,marking  ] GC(28) Concurrent Clear Claimed Marks
[2025-06-05T03:04:43.275+0000][6.198s][info ][gc,marking  ] GC(28) Concurrent Clear Claimed Marks 0.205ms
[2025-06-05T03:04:43.294+0000][6.217s][info ][gc,marking  ] GC(28) Concurrent Scan Root Regions
[2025-06-05T03:04:43.302+0000][6.225s][info ][gc,marking  ] GC(28) Concurrent Scan Root Regions 8.012ms
[2025-06-05T03:04:43.302+0000][6.226s][info ][gc,marking  ] GC(28) Concurrent Mark
[2025-06-05T03:04:43.306+0000][6.229s][info ][gc,marking  ] GC(28) Concurrent Mark From Roots
[2025-06-05T03:04:43.306+0000][6.229s][info ][gc,task     ] GC(28) Using 1 workers of 1 for marking
[2025-06-05T03:04:43.329+0000][6.252s][debug][safepoint   ] Safepoint synchronization initiated using futex wait barrier. (13 threads)
[2025-06-05T03:04:43.329+0000][6.252s][info ][safepoint   ] Safepoint "CollectForMetadataAllocation", Time since last: 51780000 ns, Reaching safepoint: 2543625 ns, Cleanup: 16833 ns, At safepoint: 29333 ns, Total: 2589791 ns
[2025-06-05T03:04:43.399+0000][6.322s][info ][gc,marking  ] GC(28) Concurrent Mark From Roots 93.300ms
[2025-06-05T03:04:43.401+0000][6.324s][info ][gc,marking  ] GC(28) Concurrent Preclean
[2025-06-05T03:04:43.401+0000][6.324s][info ][gc,marking  ] GC(28) Concurrent Preclean 0.222ms
[2025-06-05T03:04:43.401+0000][6.324s][debug][safepoint   ] Safepoint synchronization initiated using futex wait barrier. (13 threads)
[2025-06-05T03:04:43.402+0000][6.325s][debug][safepoint   ] ... found polling page loop exception at pc = 0x0000ffff68fd57e8, stub =0x0000ffff6897ef00
[2025-06-05T03:04:43.403+0000][6.326s][info ][gc,start    ] GC(28) Pause Remark
[2025-06-05T03:04:43.407+0000][6.330s][info ][gc          ] GC(28) Pause Remark 79M->79M(241M) 4.257ms
[2025-06-05T03:04:43.407+0000][6.331s][info ][gc,cpu      ] GC(28) User=0.01s Sys=0.00s Real=0.00s
[2025-06-05T03:04:43.407+0000][6.331s][info ][safepoint   ] Safepoint "G1PauseRemark", Time since last: 72188334 ns, Reaching safepoint: 1807666 ns, Cleanup: 13500 ns, At safepoint: 4458625 ns, Total: 6279791 ns
[2025-06-05T03:04:43.409+0000][6.332s][info ][gc,marking  ] GC(28) Concurrent Mark 106.235ms
[2025-06-05T03:04:43.409+0000][6.332s][info ][gc,marking  ] GC(28) Concurrent Rebuild Remembered Sets
[2025-06-05T03:04:43.436+0000][6.359s][info ][gc,marking  ] GC(28) Concurrent Rebuild Remembered Sets 27.133ms
[2025-06-05T03:04:43.436+0000][6.359s][debug][safepoint   ] Safepoint synchronization initiated using futex wait barrier. (13 threads)
[2025-06-05T03:04:43.438+0000][6.361s][info ][gc,start    ] GC(28) Pause Cleanup
[2025-06-05T03:04:43.438+0000][6.361s][info ][gc          ] GC(28) Pause Cleanup 89M->89M(241M) 0.159ms
[2025-06-05T03:04:43.438+0000][6.361s][info ][gc,cpu      ] GC(28) User=0.00s Sys=0.00s Real=0.00s
[2025-06-05T03:04:43.438+0000][6.361s][info ][safepoint   ] Safepoint "G1PauseCleanup", Time since last: 28610334 ns, Reaching safepoint: 1904500 ns, Cleanup: 7875 ns, At safepoint: 290000 ns, Total: 2202375 ns
[2025-06-05T03:04:43.439+0000][6.362s][info ][gc,marking  ] GC(28) Concurrent Cleanup for Next Mark
[2025-06-05T03:04:43.447+0000][6.370s][info ][gc,marking  ] GC(28) Concurrent Cleanup for Next Mark 8.407ms
[2025-06-05T03:04:43.447+0000][6.371s][info ][gc          ] GC(28) Concurrent Mark Cycle 172.847ms
[2025-06-05T03:04:43.813+0000][6.736s][debug][safepoint   ] Safepoint synchronization initiated using futex wait barrier. (13 threads)
[2025-06-05T03:04:43.813+0000][6.736s][info ][safepoint   ] Safepoint "ICBufferFull", Time since last: 374708416 ns, Reaching safepoint: 153750 ns, Cleanup: 81709 ns, At safepoint: 2000 ns, Total: 237459 ns
[2025-06-05T03:04:43.829+0000][6.752s][debug][safepoint   ] Safepoint synchronization initiated using futex wait barrier. (13 threads)
[2025-06-05T03:04:43.829+0000][6.753s][info ][gc,start    ] GC(29) Pause Young (Prepare Mixed) (G1 Evacuation Pause)
[2025-06-05T03:04:43.830+0000][6.753s][info ][gc,task     ] GC(29) Using 2 workers of 2 for evacuation
[2025-06-05T03:04:43.839+0000][6.762s][info ][gc,phases   ] GC(29)   Pre Evacuate Collection Set: 0.1ms
[2025-06-05T03:04:43.839+0000][6.762s][info ][gc,phases   ] GC(29)   Merge Heap Roots: 0.1ms
[2025-06-05T03:04:43.839+0000][6.762s][info ][gc,phases   ] GC(29)   Evacuate Collection Set: 8.3ms
[2025-06-05T03:04:43.839+0000][6.762s][info ][gc,phases   ] GC(29)   Post Evacuate Collection Set: 0.8ms
[2025-06-05T03:04:43.839+0000][6.762s][info ][gc,phases   ] GC(29)   Other: 0.2ms
[2025-06-05T03:04:43.839+0000][6.762s][info ][gc,heap     ] GC(29) Eden regions: 134->0(3)
[2025-06-05T03:04:43.839+0000][6.762s][info ][gc,heap     ] GC(29) Survivor regions: 10->9(18)
[2025-06-05T03:04:43.839+0000][6.762s][info ][gc,heap     ] GC(29) Old regions: 53->54
[2025-06-05T03:04:43.839+0000][6.763s][info ][gc,heap     ] GC(29) Archive regions: 2->2
[2025-06-05T03:04:43.839+0000][6.763s][info ][gc,heap     ] GC(29) Humongous regions: 0->0
[2025-06-05T03:04:43.839+0000][6.763s][info ][gc,metaspace] GC(29) Metaspace: 41887K(42304K)->41887K(42304K) NonClass: 36599K(36800K)->36599K(36800K) Class: 5288K(5504K)->5288K(5504K)
[2025-06-05T03:04:43.840+0000][6.763s][info ][gc          ] GC(29) Pause Young (Prepare Mixed) (G1 Evacuation Pause) 196M->62M(241M) 10.058ms
[2025-06-05T03:04:43.840+0000][6.763s][info ][gc,cpu      ] GC(29) User=0.02s Sys=0.00s Real=0.01s
[2025-06-05T03:04:43.840+0000][6.763s][info ][safepoint   ] Safepoint "G1CollectForAllocation", Time since last: 16084458 ns, Reaching safepoint: 134875 ns, Cleanup: 9000 ns, At safepoint: 10182708 ns, Total: 10326583 ns
[2025-06-05T03:04:43.846+0000][6.770s][debug][safepoint   ] Safepoint synchronization initiated using futex wait barrier. (13 threads)
[2025-06-05T03:04:43.847+0000][6.770s][info ][gc,start    ] GC(30) Pause Young (Mixed) (G1 Evacuation Pause)
[2025-06-05T03:04:43.847+0000][6.770s][info ][gc,task     ] GC(30) Using 2 workers of 2 for evacuation
[2025-06-05T03:04:43.857+0000][6.780s][info ][gc,phases   ] GC(30)   Pre Evacuate Collection Set: 0.1ms
[2025-06-05T03:04:43.857+0000][6.780s][info ][gc,phases   ] GC(30)   Merge Heap Roots: 0.1ms
[2025-06-05T03:04:43.857+0000][6.780s][info ][gc,phases   ] GC(30)   Evacuate Collection Set: 9.1ms
[2025-06-05T03:04:43.857+0000][6.780s][info ][gc,phases   ] GC(30)   Post Evacuate Collection Set: 0.7ms
[2025-06-05T03:04:43.857+0000][6.780s][info ][gc,phases   ] GC(30)   Other: 0.1ms
[2025-06-05T03:04:43.857+0000][6.780s][info ][gc,heap     ] GC(30) Eden regions: 3->0(143)
[2025-06-05T03:04:43.857+0000][6.780s][info ][gc,heap     ] GC(30) Survivor regions: 9->1(2)
[2025-06-05T03:04:43.857+0000][6.780s][info ][gc,heap     ] GC(30) Old regions: 54->61
[2025-06-05T03:04:43.857+0000][6.780s][info ][gc,heap     ] GC(30) Archive regions: 2->2
[2025-06-05T03:04:43.857+0000][6.780s][info ][gc,heap     ] GC(30) Humongous regions: 0->0
[2025-06-05T03:04:43.857+0000][6.780s][info ][gc,metaspace] GC(30) Metaspace: 41904K(42304K)->41904K(42304K) NonClass: 36610K(36800K)->36610K(36800K) Class: 5293K(5504K)->5293K(5504K)
[2025-06-05T03:04:43.857+0000][6.780s][info ][gc          ] GC(30) Pause Young (Mixed) (G1 Evacuation Pause) 65M->62M(241M) 10.720ms
[2025-06-05T03:04:43.857+0000][6.780s][info ][gc,cpu      ] GC(30) User=0.02s Sys=0.00s Real=0.01s
[2025-06-05T03:04:43.857+0000][6.781s][info ][safepoint   ] Safepoint "G1CollectForAllocation", Time since last: 6822875 ns, Reaching safepoint: 118875 ns, Cleanup: 2417 ns, At safepoint: 10833250 ns, Total: 10954542 ns
[2025-06-05T03:04:43.980+0000][6.904s][debug][safepoint   ] Safepoint synchronization initiated using futex wait barrier. (13 threads)
[2025-06-05T03:04:43.981+0000][6.904s][info ][safepoint   ] Safepoint "ICBufferFull", Time since last: 123016042 ns, Reaching safepoint: 105542 ns, Cleanup: 57250 ns, At safepoint: 1458 ns, Total: 164250 ns
[2025-06-05T03:04:44.200+0000][7.124s][debug][safepoint   ] Safepoint synchronization initiated using futex wait barrier. (13 threads)
[2025-06-05T03:04:44.201+0000][7.124s][info ][safepoint   ] Safepoint "ICBufferFull", Time since last: 219794917 ns, Reaching safepoint: 141750 ns, Cleanup: 146666 ns, At safepoint: 2709 ns, Total: 291125 ns
[2025-06-05T03:04:44.327+0000][7.250s][debug][safepoint   ] Safepoint synchronization initiated using futex wait barrier. (13 threads)
[2025-06-05T03:04:44.327+0000][7.251s][info ][safepoint   ] Safepoint "ICBufferFull", Time since last: 126594875 ns, Reaching safepoint: 136458 ns, Cleanup: 65458 ns, At safepoint: 4125 ns, Total: 206041 ns
[2025-06-05T03:04:44.416+0000][7.339s][debug][safepoint   ] Safepoint synchronization initiated using futex wait barrier. (13 threads)
[2025-06-05T03:04:44.416+0000][7.339s][info ][gc,start    ] GC(31) Pause Young (Concurrent Start) (G1 Evacuation Pause)
[2025-06-05T03:04:44.416+0000][7.339s][info ][gc,task     ] GC(31) Using 2 workers of 2 for evacuation
[2025-06-05T03:04:44.422+0000][7.345s][info ][gc,phases   ] GC(31)   Pre Evacuate Collection Set: 0.1ms
[2025-06-05T03:04:44.422+0000][7.345s][info ][gc,phases   ] GC(31)   Merge Heap Roots: 0.1ms
[2025-06-05T03:04:44.422+0000][7.345s][info ][gc,phases   ] GC(31)   Evacuate Collection Set: 4.8ms
[2025-06-05T03:04:44.422+0000][7.345s][info ][gc,phases   ] GC(31)   Post Evacuate Collection Set: 0.8ms
[2025-06-05T03:04:44.422+0000][7.345s][info ][gc,phases   ] GC(31)   Other: 0.2ms
[2025-06-05T03:04:44.422+0000][7.345s][info ][gc,heap     ] GC(31) Eden regions: 143->0(139)
[2025-06-05T03:04:44.422+0000][7.345s][info ][gc,heap     ] GC(31) Survivor regions: 1->4(18)
[2025-06-05T03:04:44.422+0000][7.345s][info ][gc,heap     ] GC(31) Old regions: 61->61
[2025-06-05T03:04:44.422+0000][7.346s][info ][gc,heap     ] GC(31) Archive regions: 2->2
[2025-06-05T03:04:44.422+0000][7.346s][info ][gc,heap     ] GC(31) Humongous regions: 0->0
[2025-06-05T03:04:44.422+0000][7.346s][info ][gc,metaspace] GC(31) Metaspace: 45843K(46208K)->45843K(46208K) NonClass: 39986K(40192K)->39986K(40192K) Class: 5857K(6016K)->5857K(6016K)
[2025-06-05T03:04:44.422+0000][7.346s][info ][gc          ] GC(31) Pause Young (Concurrent Start) (G1 Evacuation Pause) 205M->65M(241M) 6.563ms
[2025-06-05T03:04:44.423+0000][7.346s][info ][gc,cpu      ] GC(31) User=0.01s Sys=0.00s Real=0.00s
[2025-06-05T03:04:44.423+0000][7.346s][info ][safepoint   ] Safepoint "G1CollectForAllocation", Time since last: 88270917 ns, Reaching safepoint: 113667 ns, Cleanup: 47875 ns, At safepoint: 6660875 ns, Total: 6822417 ns
[2025-06-05T03:04:44.423+0000][7.346s][info ][gc          ] GC(32) Concurrent Mark Cycle
[2025-06-05T03:04:44.426+0000][7.349s][info ][gc,marking  ] GC(32) Concurrent Clear Claimed Marks
[2025-06-05T03:04:44.426+0000][7.349s][info ][gc,marking  ] GC(32) Concurrent Clear Claimed Marks 0.162ms
[2025-06-05T03:04:44.426+0000][7.349s][info ][gc,marking  ] GC(32) Concurrent Scan Root Regions
[2025-06-05T03:04:44.429+0000][7.352s][info ][gc,marking  ] GC(32) Concurrent Scan Root Regions 2.915ms
[2025-06-05T03:04:44.429+0000][7.352s][info ][gc,marking  ] GC(32) Concurrent Mark
[2025-06-05T03:04:44.429+0000][7.352s][info ][gc,marking  ] GC(32) Concurrent Mark From Roots
[2025-06-05T03:04:44.429+0000][7.352s][info ][gc,task     ] GC(32) Using 1 workers of 1 for marking
[2025-06-05T03:04:44.515+0000][7.438s][info ][gc,marking  ] GC(32) Concurrent Mark From Roots 85.909ms
[2025-06-05T03:04:44.517+0000][7.440s][info ][gc,marking  ] GC(32) Concurrent Preclean
[2025-06-05T03:04:44.518+0000][7.441s][info ][gc,marking  ] GC(32) Concurrent Preclean 0.680ms
[2025-06-05T03:04:44.518+0000][7.441s][debug][safepoint   ] Safepoint synchronization initiated using futex wait barrier. (13 threads)
[2025-06-05T03:04:44.518+0000][7.441s][info ][gc,start    ] GC(32) Pause Remark
[2025-06-05T03:04:44.524+0000][7.447s][info ][gc          ] GC(32) Pause Remark 79M->79M(241M) 5.509ms
[2025-06-05T03:04:44.524+0000][7.447s][info ][gc,cpu      ] GC(32) User=0.02s Sys=0.00s Real=0.01s
[2025-06-05T03:04:44.524+0000][7.447s][info ][safepoint   ] Safepoint "G1PauseRemark", Time since last: 95175375 ns, Reaching safepoint: 440416 ns, Cleanup: 42250 ns, At safepoint: 5699042 ns, Total: 6181708 ns
[2025-06-05T03:04:44.524+0000][7.447s][info ][gc,marking  ] GC(32) Concurrent Mark 94.970ms
[2025-06-05T03:04:44.528+0000][7.451s][info ][gc,marking  ] GC(32) Concurrent Rebuild Remembered Sets
[2025-06-05T03:04:44.607+0000][7.530s][info ][gc,marking  ] GC(32) Concurrent Rebuild Remembered Sets 79.274ms
[2025-06-05T03:04:44.607+0000][7.530s][debug][safepoint   ] Safepoint synchronization initiated using futex wait barrier. (13 threads)
[2025-06-05T03:04:44.610+0000][7.533s][info ][gc,start    ] GC(32) Pause Cleanup
[2025-06-05T03:04:44.610+0000][7.533s][info ][gc          ] GC(32) Pause Cleanup 86M->86M(241M) 0.222ms
[2025-06-05T03:04:44.610+0000][7.533s][info ][gc,cpu      ] GC(32) User=0.00s Sys=0.00s Real=0.00s
[2025-06-05T03:04:44.610+0000][7.534s][info ][safepoint   ] Safepoint "G1PauseCleanup", Time since last: 83350792 ns, Reaching safepoint: 2681250 ns, Cleanup: 20875 ns, At safepoint: 389875 ns, Total: 3092000 ns
[2025-06-05T03:04:44.611+0000][7.534s][info ][gc,marking  ] GC(32) Concurrent Cleanup for Next Mark
[2025-06-05T03:04:44.613+0000][7.537s][info ][gc,marking  ] GC(32) Concurrent Cleanup for Next Mark 2.675ms
[2025-06-05T03:04:44.614+0000][7.537s][info ][gc          ] GC(32) Concurrent Mark Cycle 191.058ms
[2025-06-05T03:04:44.849+0000][7.772s][debug][safepoint   ] Safepoint synchronization initiated using futex wait barrier. (13 threads)
[2025-06-05T03:04:44.850+0000][7.773s][info ][safepoint   ] Safepoint "ICBufferFull", Time since last: 238194625 ns, Reaching safepoint: 1407958 ns, Cleanup: 74750 ns, At safepoint: 7042 ns, Total: 1489750 ns
[2025-06-05T03:04:45.250+0000][8.173s][debug][safepoint   ] Safepoint synchronization initiated using futex wait barrier. (13 threads)
[2025-06-05T03:04:45.250+0000][8.173s][info ][safepoint   ] Safepoint "ICBufferFull", Time since last: 399888542 ns, Reaching safepoint: 280583 ns, Cleanup: 93292 ns, At safepoint: 6541 ns, Total: 380416 ns
[2025-06-05T03:04:45.375+0000][8.299s][debug][safepoint   ] Safepoint synchronization initiated using futex wait barrier. (15 threads)
[2025-06-05T03:04:45.376+0000][8.299s][info ][gc,start    ] GC(33) Pause Young (Prepare Mixed) (G1 Evacuation Pause)
[2025-06-05T03:04:45.376+0000][8.299s][info ][gc,task     ] GC(33) Using 2 workers of 2 for evacuation
[2025-06-05T03:04:45.397+0000][8.320s][info ][gc,phases   ] GC(33)   Pre Evacuate Collection Set: 0.1ms
[2025-06-05T03:04:45.397+0000][8.321s][info ][gc,phases   ] GC(33)   Merge Heap Roots: 0.3ms
[2025-06-05T03:04:45.398+0000][8.321s][info ][gc,phases   ] GC(33)   Evacuate Collection Set: 19.1ms
[2025-06-05T03:04:45.398+0000][8.321s][info ][gc,phases   ] GC(33)   Post Evacuate Collection Set: 1.9ms
[2025-06-05T03:04:45.398+0000][8.321s][info ][gc,phases   ] GC(33)   Other: 0.2ms
[2025-06-05T03:04:45.398+0000][8.321s][info ][gc,heap     ] GC(33) Eden regions: 139->0(6)
[2025-06-05T03:04:45.398+0000][8.321s][info ][gc,heap     ] GC(33) Survivor regions: 4->6(18)
[2025-06-05T03:04:45.398+0000][8.321s][info ][gc,heap     ] GC(33) Old regions: 61->61
[2025-06-05T03:04:45.398+0000][8.321s][info ][gc,heap     ] GC(33) Archive regions: 2->2
[2025-06-05T03:04:45.398+0000][8.321s][info ][gc,heap     ] GC(33) Humongous regions: 0->0
[2025-06-05T03:04:45.398+0000][8.321s][info ][gc,metaspace] GC(33) Metaspace: 53186K(53568K)->53186K(53568K) NonClass: 46471K(46656K)->46471K(46656K) Class: 6715K(6912K)->6715K(6912K)
[2025-06-05T03:04:45.398+0000][8.321s][info ][gc          ] GC(33) Pause Young (Prepare Mixed) (G1 Evacuation Pause) 204M->67M(241M) 22.339ms
[2025-06-05T03:04:45.398+0000][8.321s][info ][gc,cpu      ] GC(33) User=0.05s Sys=0.00s Real=0.02s
[2025-06-05T03:04:45.398+0000][8.321s][info ][safepoint   ] Safepoint "G1CollectForAllocation", Time since last: 125129917 ns, Reaching safepoint: 127875 ns, Cleanup: 44084 ns, At safepoint: 22503291 ns, Total: 22675250 ns
[2025-06-05T03:04:46.414+0000][9.337s][debug][safepoint   ] Safepoint synchronization initiated using futex wait barrier. (15 threads)
[2025-06-05T03:04:46.415+0000][9.338s][info ][safepoint   ] Safepoint "Cleanup", Time since last: 1015633001 ns, Reaching safepoint: 813416 ns, Cleanup: 312750 ns, At safepoint: 18959 ns, Total: 1145125 ns
[2025-06-05T03:04:46.499+0000][9.422s][debug][safepoint   ] Safepoint synchronization initiated using futex wait barrier. (15 threads)
[2025-06-05T03:04:46.499+0000][9.422s][info ][gc,start    ] GC(34) Pause Young (Mixed) (G1 Evacuation Pause)
[2025-06-05T03:04:46.499+0000][9.422s][info ][gc,task     ] GC(34) Using 2 workers of 2 for evacuation
[2025-06-05T03:04:46.514+0000][9.437s][info ][gc,phases   ] GC(34)   Pre Evacuate Collection Set: 0.3ms
[2025-06-05T03:04:46.514+0000][9.437s][info ][gc,phases   ] GC(34)   Merge Heap Roots: 0.2ms
[2025-06-05T03:04:46.514+0000][9.437s][info ][gc,phases   ] GC(34)   Evacuate Collection Set: 13.0ms
[2025-06-05T03:04:46.514+0000][9.437s][info ][gc,phases   ] GC(34)   Post Evacuate Collection Set: 1.3ms
[2025-06-05T03:04:46.514+0000][9.438s][info ][gc,phases   ] GC(34)   Other: 0.4ms
[2025-06-05T03:04:46.514+0000][9.438s][info ][gc,heap     ] GC(34) Eden regions: 6->0(139)
[2025-06-05T03:04:46.514+0000][9.438s][info ][gc,heap     ] GC(34) Survivor regions: 6->1(2)
[2025-06-05T03:04:46.514+0000][9.438s][info ][gc,heap     ] GC(34) Old regions: 61->65
[2025-06-05T03:04:46.515+0000][9.438s][info ][gc,heap     ] GC(34) Archive regions: 2->2
[2025-06-05T03:04:46.515+0000][9.438s][info ][gc,heap     ] GC(34) Humongous regions: 0->0
[2025-06-05T03:04:46.515+0000][9.438s][info ][gc,metaspace] GC(34) Metaspace: 53612K(54080K)->53612K(54080K) NonClass: 46845K(47104K)->46845K(47104K) Class: 6767K(6976K)->6767K(6976K)
[2025-06-05T03:04:46.515+0000][9.438s][info ][gc          ] GC(34) Pause Young (Mixed) (G1 Evacuation Pause) 73M->66M(241M) 15.673ms
[2025-06-05T03:04:46.515+0000][9.438s][info ][gc,cpu      ] GC(34) User=0.03s Sys=0.00s Real=0.02s
[2025-06-05T03:04:46.515+0000][9.438s][info ][safepoint   ] Safepoint "G1CollectForAllocation", Time since last: 83867250 ns, Reaching safepoint: 150750 ns, Cleanup: 73416 ns, At safepoint: 15823167 ns, Total: 16047333 ns
[2025-06-05T03:04:46.581+0000][9.504s][debug][safepoint   ] Safepoint synchronization initiated using futex wait barrier. (15 threads)
[2025-06-05T03:04:46.582+0000][9.505s][info ][safepoint   ] Safepoint "ICBufferFull", Time since last: 66432667 ns, Reaching safepoint: 283791 ns, Cleanup: 58459 ns, At safepoint: 3541 ns, Total: 345791 ns
[2025-06-05T03:04:46.671+0000][9.595s][debug][safepoint   ] Safepoint synchronization initiated using futex wait barrier. (15 threads)
[2025-06-05T03:04:46.693+0000][9.616s][debug][safepoint   ] ... found polling page loop exception at pc = 0x0000ffff69032654, stub =0x0000ffff6897ef00
[2025-06-05T03:04:46.693+0000][9.616s][info ][safepoint   ] Safepoint "ICBufferFull", Time since last: 89886917 ns, Reaching safepoint: 21262958 ns, Cleanup: 121792 ns, At safepoint: 8167 ns, Total: 21392917 ns
[2025-06-05T03:04:47.017+0000][9.940s][debug][safepoint   ] Safepoint synchronization initiated using futex wait barrier. (15 threads)
[2025-06-05T03:04:47.017+0000][9.940s][info ][gc,start    ] GC(35) Pause Young (Normal) (G1 Evacuation Pause)
[2025-06-05T03:04:47.017+0000][9.941s][info ][gc,task     ] GC(35) Using 2 workers of 2 for evacuation
[2025-06-05T03:04:47.023+0000][9.946s][info ][gc,phases   ] GC(35)   Pre Evacuate Collection Set: 0.1ms
[2025-06-05T03:04:47.023+0000][9.946s][info ][gc,phases   ] GC(35)   Merge Heap Roots: 0.1ms
[2025-06-05T03:04:47.023+0000][9.946s][info ][gc,phases   ] GC(35)   Evacuate Collection Set: 4.2ms
[2025-06-05T03:04:47.023+0000][9.946s][info ][gc,phases   ] GC(35)   Post Evacuate Collection Set: 0.7ms
[2025-06-05T03:04:47.023+0000][9.946s][info ][gc,phases   ] GC(35)   Other: 0.2ms
[2025-06-05T03:04:47.023+0000][9.946s][info ][gc,heap     ] GC(35) Eden regions: 139->0(136)
[2025-06-05T03:04:47.023+0000][9.946s][info ][gc,heap     ] GC(35) Survivor regions: 1->3(18)
[2025-06-05T03:04:47.023+0000][9.946s][info ][gc,heap     ] GC(35) Old regions: 65->65
[2025-06-05T03:04:47.023+0000][9.946s][info ][gc,heap     ] GC(35) Archive regions: 2->2
[2025-06-05T03:04:47.023+0000][9.946s][info ][gc,heap     ] GC(35) Humongous regions: 0->0
[2025-06-05T03:04:47.023+0000][9.946s][info ][gc,metaspace] GC(35) Metaspace: 57255K(57728K)->57255K(57728K) NonClass: 50007K(50240K)->50007K(50240K) Class: 7247K(7488K)->7247K(7488K)
[2025-06-05T03:04:47.023+0000][9.946s][info ][gc          ] GC(35) Pause Young (Normal) (G1 Evacuation Pause) 205M->67M(241M) 5.778ms
[2025-06-05T03:04:47.023+0000][9.946s][info ][gc,cpu      ] GC(35) User=0.01s Sys=0.00s Real=0.01s
[2025-06-05T03:04:47.023+0000][9.946s][info ][safepoint   ] Safepoint "G1CollectForAllocation", Time since last: 324139625 ns, Reaching safepoint: 204792 ns, Cleanup: 62958 ns, At safepoint: 5887042 ns, Total: 6154792 ns
[2025-06-05T03:04:47.575+0000][10.498s][debug][safepoint   ] Safepoint synchronization initiated using futex wait barrier. (18 threads)
[2025-06-05T03:04:47.575+0000][10.498s][info ][safepoint   ] Safepoint "ICBufferFull", Time since last: 551662208 ns, Reaching safepoint: 116125 ns, Cleanup: 90959 ns, At safepoint: 4291 ns, Total: 211375 ns
[2025-06-05T03:04:47.624+0000][10.547s][debug][safepoint   ] Safepoint synchronization initiated using futex wait barrier. (18 threads)
[2025-06-05T03:04:47.624+0000][10.547s][info ][gc,start    ] GC(36) Pause Young (Normal) (G1 Evacuation Pause)
[2025-06-05T03:04:47.624+0000][10.547s][info ][gc,task     ] GC(36) Using 2 workers of 2 for evacuation
[2025-06-05T03:04:47.633+0000][10.556s][info ][gc,phases   ] GC(36)   Pre Evacuate Collection Set: 0.2ms
[2025-06-05T03:04:47.633+0000][10.556s][info ][gc,phases   ] GC(36)   Merge Heap Roots: 0.2ms
[2025-06-05T03:04:47.633+0000][10.556s][info ][gc,phases   ] GC(36)   Evacuate Collection Set: 6.6ms
[2025-06-05T03:04:47.633+0000][10.556s][info ][gc,phases   ] GC(36)   Post Evacuate Collection Set: 1.6ms
[2025-06-05T03:04:47.633+0000][10.556s][info ][gc,phases   ] GC(36)   Other: 0.3ms
[2025-06-05T03:04:47.633+0000][10.556s][info ][gc,heap     ] GC(36) Eden regions: 136->0(135)
[2025-06-05T03:04:47.633+0000][10.556s][info ][gc,heap     ] GC(36) Survivor regions: 3->5(18)
[2025-06-05T03:04:47.633+0000][10.556s][info ][gc,heap     ] GC(36) Old regions: 65->65
[2025-06-05T03:04:47.633+0000][10.556s][info ][gc,heap     ] GC(36) Archive regions: 2->2
[2025-06-05T03:04:47.633+0000][10.556s][info ][gc,heap     ] GC(36) Humongous regions: 0->0
[2025-06-05T03:04:47.633+0000][10.556s][info ][gc,metaspace] GC(36) Metaspace: 62951K(63424K)->62951K(63424K) NonClass: 54981K(55232K)->54981K(55232K) Class: 7969K(8192K)->7969K(8192K)
[2025-06-05T03:04:47.633+0000][10.557s][info ][gc          ] GC(36) Pause Young (Normal) (G1 Evacuation Pause) 203M->69M(241M) 9.594ms
[2025-06-05T03:04:47.633+0000][10.557s][info ][gc,cpu      ] GC(36) User=0.02s Sys=0.00s Real=0.01s
[2025-06-05T03:04:47.634+0000][10.557s][info ][safepoint   ] Safepoint "G1CollectForAllocation", Time since last: 48531459 ns, Reaching safepoint: 171125 ns, Cleanup: 31625 ns, At safepoint: 9761375 ns, Total: 9964125 ns
[2025-06-05T03:04:47.980+0000][10.903s][debug][safepoint   ] Safepoint synchronization initiated using futex wait barrier. (18 threads)
[2025-06-05T03:04:47.983+0000][10.906s][info ][gc,start    ] GC(37) Pause Young (Normal) (G1 Evacuation Pause)
[2025-06-05T03:04:47.983+0000][10.907s][info ][gc,task     ] GC(37) Using 2 workers of 2 for evacuation
[2025-06-05T03:04:47.999+0000][10.923s][info ][gc,phases   ] GC(37)   Pre Evacuate Collection Set: 0.2ms
[2025-06-05T03:04:48.000+0000][10.923s][info ][gc,phases   ] GC(37)   Merge Heap Roots: 0.1ms
[2025-06-05T03:04:48.000+0000][10.923s][info ][gc,phases   ] GC(37)   Evacuate Collection Set: 8.0ms
[2025-06-05T03:04:48.000+0000][10.923s][info ][gc,phases   ] GC(37)   Post Evacuate Collection Set: 7.4ms
[2025-06-05T03:04:48.000+0000][10.923s][info ][gc,phases   ] GC(37)   Other: 0.6ms
[2025-06-05T03:04:48.000+0000][10.924s][info ][gc,heap     ] GC(37) Eden regions: 135->0(135)
[2025-06-05T03:04:48.001+0000][10.924s][info ][gc,heap     ] GC(37) Survivor regions: 5->6(18)
[2025-06-05T03:04:48.001+0000][10.924s][info ][gc,heap     ] GC(37) Old regions: 65->65
[2025-06-05T03:04:48.001+0000][10.924s][info ][gc,heap     ] GC(37) Archive regions: 2->2
[2025-06-05T03:04:48.001+0000][10.924s][info ][gc,heap     ] GC(37) Humongous regions: 0->0
[2025-06-05T03:04:48.001+0000][10.924s][info ][gc,metaspace] GC(37) Metaspace: 64902K(65344K)->64902K(65344K) NonClass: 56609K(56832K)->56609K(56832K) Class: 8292K(8512K)->8292K(8512K)
[2025-06-05T03:04:48.001+0000][10.924s][info ][gc          ] GC(37) Pause Young (Normal) (G1 Evacuation Pause) 204M->70M(241M) 18.090ms
[2025-06-05T03:04:48.001+0000][10.924s][info ][gc,cpu      ] GC(37) User=0.04s Sys=0.00s Real=0.01s
[2025-06-05T03:04:48.001+0000][10.925s][info ][safepoint   ] Safepoint "G1CollectForAllocation", Time since last: 346335500 ns, Reaching safepoint: 249083 ns, Cleanup: 2838958 ns, At safepoint: 18518625 ns, Total: 21606666 ns
[2025-06-05T03:04:48.260+0000][11.184s][debug][safepoint   ] Safepoint synchronization initiated using futex wait barrier. (18 threads)
[2025-06-05T03:04:48.262+0000][11.185s][info ][safepoint   ] Safepoint "ICBufferFull", Time since last: 259020001 ns, Reaching safepoint: 1274625 ns, Cleanup: 65500 ns, At safepoint: 4750 ns, Total: 1344875 ns
[2025-06-05T03:04:48.282+0000][11.205s][debug][safepoint   ] Safepoint synchronization initiated using futex wait barrier. (18 threads)
[2025-06-05T03:04:48.283+0000][11.206s][info ][safepoint   ] Safepoint "ICBufferFull", Time since last: 20377625 ns, Reaching safepoint: 594958 ns, Cleanup: 59958 ns, At safepoint: 7334 ns, Total: 662250 ns
[2025-06-05T03:04:48.371+0000][11.295s][debug][safepoint   ] Safepoint synchronization initiated using futex wait barrier. (18 threads)
[2025-06-05T03:04:48.372+0000][11.295s][info ][safepoint   ] Safepoint "ICBufferFull", Time since last: 88580458 ns, Reaching safepoint: 147708 ns, Cleanup: 62167 ns, At safepoint: 8792 ns, Total: 218667 ns
[2025-06-05T03:04:48.458+0000][11.382s][debug][safepoint   ] Safepoint synchronization initiated using futex wait barrier. (18 threads)
[2025-06-05T03:04:48.459+0000][11.382s][info ][gc,start    ] GC(38) Pause Young (Normal) (G1 Evacuation Pause)
[2025-06-05T03:04:48.459+0000][11.382s][info ][gc,task     ] GC(38) Using 2 workers of 2 for evacuation
[2025-06-05T03:04:48.467+0000][11.391s][info ][gc,phases   ] GC(38)   Pre Evacuate Collection Set: 0.1ms
[2025-06-05T03:04:48.468+0000][11.391s][info ][gc,phases   ] GC(38)   Merge Heap Roots: 0.1ms
[2025-06-05T03:04:48.468+0000][11.391s][info ][gc,phases   ] GC(38)   Evacuate Collection Set: 7.5ms
[2025-06-05T03:04:48.468+0000][11.391s][info ][gc,phases   ] GC(38)   Post Evacuate Collection Set: 0.9ms
[2025-06-05T03:04:48.468+0000][11.391s][info ][gc,phases   ] GC(38)   Other: 0.2ms
[2025-06-05T03:04:48.468+0000][11.391s][info ][gc,heap     ] GC(38) Eden regions: 135->0(133)
[2025-06-05T03:04:48.468+0000][11.391s][info ][gc,heap     ] GC(38) Survivor regions: 6->8(18)
[2025-06-05T03:04:48.468+0000][11.391s][info ][gc,heap     ] GC(38) Old regions: 65->65
[2025-06-05T03:04:48.468+0000][11.391s][info ][gc,heap     ] GC(38) Archive regions: 2->2
[2025-06-05T03:04:48.468+0000][11.391s][info ][gc,heap     ] GC(38) Humongous regions: 0->0
[2025-06-05T03:04:48.468+0000][11.391s][info ][gc,metaspace] GC(38) Metaspace: 68650K(69120K)->68650K(69120K) NonClass: 59888K(60096K)->59888K(60096K) Class: 8761K(9024K)->8761K(9024K)
[2025-06-05T03:04:48.468+0000][11.391s][info ][gc          ] GC(38) Pause Young (Normal) (G1 Evacuation Pause) 205M->72M(241M) 9.408ms
[2025-06-05T03:04:48.468+0000][11.391s][info ][gc,cpu      ] GC(38) User=0.01s Sys=0.00s Real=0.01s
[2025-06-05T03:04:48.468+0000][11.391s][info ][safepoint   ] Safepoint "G1CollectForAllocation", Time since last: 86689416 ns, Reaching safepoint: 165125 ns, Cleanup: 44209 ns, At safepoint: 9548583 ns, Total: 9757917 ns
[2025-06-05T03:04:48.599+0000][11.522s][debug][safepoint   ] Safepoint synchronization initiated using futex wait barrier. (18 threads)
[2025-06-05T03:04:48.599+0000][11.522s][info ][safepoint   ] Safepoint "ICBufferFull", Time since last: 130519458 ns, Reaching safepoint: 139209 ns, Cleanup: 57000 ns, At safepoint: 1791 ns, Total: 198000 ns
[2025-06-05T03:04:48.733+0000][11.656s][debug][safepoint   ] Safepoint synchronization initiated using futex wait barrier. (18 threads)
[2025-06-05T03:04:48.734+0000][11.657s][info ][safepoint   ] Safepoint "ICBufferFull", Time since last: 134058250 ns, Reaching safepoint: 876292 ns, Cleanup: 61083 ns, At safepoint: 2250 ns, Total: 939625 ns
[2025-06-05T03:04:48.761+0000][11.684s][debug][safepoint   ] Safepoint synchronization initiated using futex wait barrier. (18 threads)
[2025-06-05T03:04:48.761+0000][11.684s][info ][safepoint   ] Safepoint "ICBufferFull", Time since last: 26852209 ns, Reaching safepoint: 171291 ns, Cleanup: 52000 ns, At safepoint: 7334 ns, Total: 230625 ns
[2025-06-05T03:04:48.803+0000][11.726s][debug][safepoint   ] Safepoint synchronization initiated using futex wait barrier. (19 threads)
[2025-06-05T03:04:48.803+0000][11.726s][info ][safepoint   ] Safepoint "ICBufferFull", Time since last: 41767500 ns, Reaching safepoint: 150541 ns, Cleanup: 56625 ns, At safepoint: 2167 ns, Total: 209333 ns
[2025-06-05T03:04:48.840+0000][11.763s][debug][safepoint   ] Safepoint synchronization initiated using futex wait barrier. (19 threads)
[2025-06-05T03:04:48.840+0000][11.763s][info ][safepoint   ] Safepoint "ICBufferFull", Time since last: 36640375 ns, Reaching safepoint: 125959 ns, Cleanup: 78500 ns, At safepoint: 4375 ns, Total: 208834 ns
[2025-06-05T03:04:48.842+0000][11.765s][debug][safepoint   ] Safepoint synchronization initiated using futex wait barrier. (19 threads)
[2025-06-05T03:04:48.842+0000][11.765s][info ][gc,start    ] GC(39) Pause Young (Normal) (G1 Evacuation Pause)
[2025-06-05T03:04:48.842+0000][11.765s][info ][gc,task     ] GC(39) Using 2 workers of 2 for evacuation
[2025-06-05T03:04:48.852+0000][11.775s][info ][gc,phases   ] GC(39)   Pre Evacuate Collection Set: 0.1ms
[2025-06-05T03:04:48.852+0000][11.775s][info ][gc,phases   ] GC(39)   Merge Heap Roots: 0.1ms
[2025-06-05T03:04:48.852+0000][11.776s][info ][gc,phases   ] GC(39)   Evacuate Collection Set: 9.2ms
[2025-06-05T03:04:48.852+0000][11.776s][info ][gc,phases   ] GC(39)   Post Evacuate Collection Set: 0.9ms
[2025-06-05T03:04:48.852+0000][11.776s][info ][gc,phases   ] GC(39)   Other: 0.1ms
[2025-06-05T03:04:48.853+0000][11.776s][info ][gc,heap     ] GC(39) Eden regions: 133->0(127)
[2025-06-05T03:04:48.853+0000][11.776s][info ][gc,heap     ] GC(39) Survivor regions: 8->11(18)
[2025-06-05T03:04:48.853+0000][11.776s][info ][gc,heap     ] GC(39) Old regions: 65->65
[2025-06-05T03:04:48.853+0000][11.776s][info ][gc,heap     ] GC(39) Archive regions: 2->2
[2025-06-05T03:04:48.853+0000][11.776s][info ][gc,heap     ] GC(39) Humongous regions: 0->0
[2025-06-05T03:04:48.853+0000][11.776s][info ][gc,metaspace] GC(39) Metaspace: 71658K(72128K)->71658K(72128K) NonClass: 62542K(62784K)->62542K(62784K) Class: 9116K(9344K)->9116K(9344K)
[2025-06-05T03:04:48.853+0000][11.776s][info ][gc          ] GC(39) Pause Young (Normal) (G1 Evacuation Pause) 205M->75M(241M) 10.945ms
[2025-06-05T03:04:48.853+0000][11.776s][info ][gc,cpu      ] GC(39) User=0.03s Sys=0.00s Real=0.02s
[2025-06-05T03:04:48.853+0000][11.776s][info ][safepoint   ] Safepoint "G1CollectForAllocation", Time since last: 2001583 ns, Reaching safepoint: 82250 ns, Cleanup: 5292 ns, At safepoint: 11067291 ns, Total: 11154833 ns
[2025-06-05T03:04:49.107+0000][12.030s][debug][safepoint   ] Safepoint synchronization initiated using futex wait barrier. (19 threads)
[2025-06-05T03:04:49.108+0000][12.031s][info ][safepoint   ] Safepoint "ICBufferFull", Time since last: 253940959 ns, Reaching safepoint: 1050083 ns, Cleanup: 75958 ns, At safepoint: 3834 ns, Total: 1129875 ns
[2025-06-05T03:04:49.113+0000][12.037s][debug][safepoint   ] Safepoint synchronization initiated using futex wait barrier. (19 threads)
[2025-06-05T03:04:49.114+0000][12.037s][info ][safepoint   ] Safepoint "ICBufferFull", Time since last: 5395666 ns, Reaching safepoint: 404834 ns, Cleanup: 71083 ns, At safepoint: 5292 ns, Total: 481209 ns
[2025-06-05T03:04:49.140+0000][12.063s][debug][safepoint   ] Safepoint synchronization initiated using futex wait barrier. (19 threads)
[2025-06-05T03:04:49.140+0000][12.063s][info ][safepoint   ] Safepoint "ICBufferFull", Time since last: 25836375 ns, Reaching safepoint: 128916 ns, Cleanup: 74292 ns, At safepoint: 1542 ns, Total: 204750 ns
[2025-06-05T03:04:49.145+0000][12.068s][debug][safepoint   ] ... found polling page loop exception at pc = 0x0000ffff690da858, stub =0x0000ffff6897ef00
[2025-06-05T03:04:49.180+0000][12.103s][debug][safepoint   ] Safepoint synchronization initiated using futex wait barrier. (19 threads)
[2025-06-05T03:04:49.181+0000][12.104s][info ][gc,start    ] GC(40) Pause Young (Normal) (G1 Evacuation Pause)
[2025-06-05T03:04:49.181+0000][12.104s][info ][gc,task     ] GC(40) Using 2 workers of 2 for evacuation
[2025-06-05T03:04:49.191+0000][12.114s][info ][gc,phases   ] GC(40)   Pre Evacuate Collection Set: 0.1ms
[2025-06-05T03:04:49.191+0000][12.114s][info ][gc,phases   ] GC(40)   Merge Heap Roots: 0.1ms
[2025-06-05T03:04:49.191+0000][12.114s][info ][gc,phases   ] GC(40)   Evacuate Collection Set: 9.2ms
[2025-06-05T03:04:49.191+0000][12.115s][info ][gc,phases   ] GC(40)   Post Evacuate Collection Set: 0.8ms
[2025-06-05T03:04:49.191+0000][12.115s][info ][gc,phases   ] GC(40)   Other: 0.2ms
[2025-06-05T03:04:49.191+0000][12.115s][info ][gc,heap     ] GC(40) Eden regions: 127->0(129)
[2025-06-05T03:04:49.192+0000][12.115s][info ][gc,heap     ] GC(40) Survivor regions: 11->9(18)
[2025-06-05T03:04:49.192+0000][12.115s][info ][gc,heap     ] GC(40) Old regions: 65->67
[2025-06-05T03:04:49.192+0000][12.115s][info ][gc,heap     ] GC(40) Archive regions: 2->2
[2025-06-05T03:04:49.192+0000][12.115s][info ][gc,heap     ] GC(40) Humongous regions: 0->0
[2025-06-05T03:04:49.192+0000][12.115s][info ][gc,metaspace] GC(40) Metaspace: 76649K(77184K)->76649K(77184K) NonClass: 66718K(67008K)->66718K(67008K) Class: 9930K(10176K)->9930K(10176K)
[2025-06-05T03:04:49.192+0000][12.115s][info ][gc          ] GC(40) Pause Young (Normal) (G1 Evacuation Pause) 202M->76M(241M) 10.995ms
[2025-06-05T03:04:49.192+0000][12.115s][info ][gc,cpu      ] GC(40) User=0.02s Sys=0.00s Real=0.01s
[2025-06-05T03:04:49.192+0000][12.115s][info ][safepoint   ] Safepoint "G1CollectForAllocation", Time since last: 40295166 ns, Reaching safepoint: 587667 ns, Cleanup: 27125 ns, At safepoint: 11133583 ns, Total: 11748375 ns
[2025-06-05T03:04:49.239+0000][12.162s][debug][safepoint   ] Safepoint synchronization initiated using futex wait barrier. (19 threads)
[2025-06-05T03:04:49.239+0000][12.162s][info ][gc,start    ] GC(41) Pause Young (Concurrent Start) (Metadata GC Threshold)
[2025-06-05T03:04:49.239+0000][12.162s][info ][gc,task     ] GC(41) Using 2 workers of 2 for evacuation
[2025-06-05T03:04:49.247+0000][12.170s][info ][gc,phases   ] GC(41)   Pre Evacuate Collection Set: 0.1ms
[2025-06-05T03:04:49.247+0000][12.170s][info ][gc,phases   ] GC(41)   Merge Heap Roots: 0.1ms
[2025-06-05T03:04:49.247+0000][12.170s][info ][gc,phases   ] GC(41)   Evacuate Collection Set: 6.4ms
[2025-06-05T03:04:49.247+0000][12.170s][info ][gc,phases   ] GC(41)   Post Evacuate Collection Set: 0.8ms
[2025-06-05T03:04:49.247+0000][12.170s][info ][gc,phases   ] GC(41)   Other: 0.2ms
[2025-06-05T03:04:49.247+0000][12.170s][info ][gc,heap     ] GC(41) Eden regions: 29->0(129)
[2025-06-05T03:04:49.247+0000][12.170s][info ][gc,heap     ] GC(41) Survivor regions: 9->9(18)
[2025-06-05T03:04:49.247+0000][12.170s][info ][gc,heap     ] GC(41) Old regions: 67->67
[2025-06-05T03:04:49.247+0000][12.170s][info ][gc,heap     ] GC(41) Archive regions: 2->2
[2025-06-05T03:04:49.247+0000][12.170s][info ][gc,heap     ] GC(41) Humongous regions: 0->0
[2025-06-05T03:04:49.247+0000][12.170s][info ][gc,metaspace] GC(41) Metaspace: 77104K(77568K)->77104K(77568K) NonClass: 67077K(67328K)->67077K(67328K) Class: 10027K(10240K)->10027K(10240K)
[2025-06-05T03:04:49.247+0000][12.170s][info ][gc          ] GC(41) Pause Young (Concurrent Start) (Metadata GC Threshold) 104M->76M(241M) 8.206ms
[2025-06-05T03:04:49.247+0000][12.170s][info ][gc,cpu      ] GC(41) User=0.02s Sys=0.00s Real=0.01s
[2025-06-05T03:04:49.247+0000][12.171s][info ][safepoint   ] Safepoint "CollectForMetadataAllocation", Time since last: 46894584 ns, Reaching safepoint: 124416 ns, Cleanup: 53792 ns, At safepoint: 8356083 ns, Total: 8534291 ns
[2025-06-05T03:04:49.247+0000][12.171s][info ][gc          ] GC(42) Concurrent Mark Cycle
[2025-06-05T03:04:49.251+0000][12.174s][info ][gc,marking  ] GC(42) Concurrent Clear Claimed Marks
[2025-06-05T03:04:49.251+0000][12.174s][info ][gc,marking  ] GC(42) Concurrent Clear Claimed Marks 0.152ms
[2025-06-05T03:04:49.251+0000][12.174s][info ][gc,marking  ] GC(42) Concurrent Scan Root Regions
[2025-06-05T03:04:49.256+0000][12.179s][info ][gc,marking  ] GC(42) Concurrent Scan Root Regions 5.270ms
[2025-06-05T03:04:49.256+0000][12.180s][info ][gc,marking  ] GC(42) Concurrent Mark
[2025-06-05T03:04:49.256+0000][12.180s][info ][gc,marking  ] GC(42) Concurrent Mark From Roots
[2025-06-05T03:04:49.257+0000][12.180s][info ][gc,task     ] GC(42) Using 1 workers of 1 for marking
[2025-06-05T03:04:49.282+0000][12.205s][debug][safepoint   ] Safepoint synchronization initiated using futex wait barrier. (19 threads)
[2025-06-05T03:04:49.282+0000][12.205s][info ][safepoint   ] Safepoint "CollectForMetadataAllocation", Time since last: 34542334 ns, Reaching safepoint: 166208 ns, Cleanup: 12458 ns, At safepoint: 24959 ns, Total: 203625 ns
[2025-06-05T03:04:49.317+0000][12.240s][debug][safepoint   ] Safepoint synchronization initiated using futex wait barrier. (19 threads)
[2025-06-05T03:04:49.317+0000][12.240s][info ][safepoint   ] Safepoint "CollectForMetadataAllocation", Time since last: 34395375 ns, Reaching safepoint: 143541 ns, Cleanup: 12875 ns, At safepoint: 22375 ns, Total: 178791 ns
[2025-06-05T03:04:49.329+0000][12.252s][info ][gc,marking  ] GC(42) Concurrent Mark From Roots 72.702ms
[2025-06-05T03:04:49.329+0000][12.252s][info ][gc,marking  ] GC(42) Concurrent Preclean
[2025-06-05T03:04:49.330+0000][12.253s][info ][gc,marking  ] GC(42) Concurrent Preclean 0.197ms
[2025-06-05T03:04:49.330+0000][12.253s][debug][safepoint   ] Safepoint synchronization initiated using futex wait barrier. (19 threads)
[2025-06-05T03:04:49.331+0000][12.254s][info ][gc,start    ] GC(42) Pause Remark
[2025-06-05T03:04:49.336+0000][12.259s][info ][gc          ] GC(42) Pause Remark 119M->119M(241M) 4.847ms
[2025-06-05T03:04:49.336+0000][12.259s][info ][gc,cpu      ] GC(42) User=0.01s Sys=0.00s Real=0.01s
[2025-06-05T03:04:49.336+0000][12.259s][info ][safepoint   ] Safepoint "G1PauseRemark", Time since last: 12970500 ns, Reaching safepoint: 1257125 ns, Cleanup: 19167 ns, At safepoint: 5032792 ns, Total: 6309084 ns
[2025-06-05T03:04:49.338+0000][12.261s][info ][gc,marking  ] GC(42) Concurrent Mark 81.716ms
[2025-06-05T03:04:49.338+0000][12.261s][info ][gc,marking  ] GC(42) Concurrent Rebuild Remembered Sets
[2025-06-05T03:04:49.373+0000][12.296s][info ][gc,marking  ] GC(42) Concurrent Rebuild Remembered Sets 34.575ms
[2025-06-05T03:04:49.373+0000][12.296s][debug][safepoint   ] Safepoint synchronization initiated using futex wait barrier. (19 threads)
[2025-06-05T03:04:49.373+0000][12.296s][info ][gc,start    ] GC(42) Pause Cleanup
[2025-06-05T03:04:49.373+0000][12.297s][info ][gc          ] GC(42) Pause Cleanup 138M->138M(241M) 0.182ms
[2025-06-05T03:04:49.373+0000][12.297s][info ][gc,cpu      ] GC(42) User=0.00s Sys=0.00s Real=0.00s
[2025-06-05T03:04:49.373+0000][12.297s][info ][safepoint   ] Safepoint "G1PauseCleanup", Time since last: 36989416 ns, Reaching safepoint: 185042 ns, Cleanup: 35083 ns, At safepoint: 293584 ns, Total: 513709 ns
[2025-06-05T03:04:49.374+0000][12.297s][info ][gc,marking  ] GC(42) Concurrent Cleanup for Next Mark
[2025-06-05T03:04:49.376+0000][12.299s][info ][gc,marking  ] GC(42) Concurrent Cleanup for Next Mark 2.367ms
[2025-06-05T03:04:49.382+0000][12.305s][info ][gc          ] GC(42) Concurrent Mark Cycle 134.897ms
[2025-06-05T03:04:49.573+0000][12.496s][debug][safepoint   ] Safepoint synchronization initiated using futex wait barrier. (19 threads)
[2025-06-05T03:04:49.573+0000][12.496s][info ][safepoint   ] Safepoint "ICBufferFull", Time since last: 199542292 ns, Reaching safepoint: 157041 ns, Cleanup: 55250 ns, At safepoint: 8584 ns, Total: 220875 ns
[2025-06-05T03:04:49.596+0000][12.519s][debug][safepoint   ] Safepoint synchronization initiated using futex wait barrier. (19 threads)
[2025-06-05T03:04:49.596+0000][12.519s][info ][safepoint   ] Safepoint "ICBufferFull", Time since last: 22670083 ns, Reaching safepoint: 132292 ns, Cleanup: 60500 ns, At safepoint: 5291 ns, Total: 198083 ns
[2025-06-05T03:04:49.613+0000][12.536s][debug][safepoint   ] Safepoint synchronization initiated using futex wait barrier. (19 threads)
[2025-06-05T03:04:49.614+0000][12.537s][info ][safepoint   ] Safepoint "ICBufferFull", Time since last: 17237209 ns, Reaching safepoint: 129666 ns, Cleanup: 63167 ns, At safepoint: 3667 ns, Total: 196500 ns
[2025-06-05T03:04:49.625+0000][12.548s][debug][safepoint   ] Safepoint synchronization initiated using futex wait barrier. (19 threads)
[2025-06-05T03:04:49.625+0000][12.548s][info ][safepoint   ] Safepoint "ICBufferFull", Time since last: 11058500 ns, Reaching safepoint: 126375 ns, Cleanup: 56583 ns, At safepoint: 1292 ns, Total: 184250 ns
[2025-06-05T03:04:49.636+0000][12.559s][debug][safepoint   ] Safepoint synchronization initiated using futex wait barrier. (19 threads)
[2025-06-05T03:04:49.637+0000][12.560s][info ][safepoint   ] Safepoint "ICBufferFull", Time since last: 11556250 ns, Reaching safepoint: 452583 ns, Cleanup: 61500 ns, At safepoint: 7333 ns, Total: 521416 ns
[2025-06-05T03:04:49.660+0000][12.583s][debug][safepoint   ] Safepoint synchronization initiated using futex wait barrier. (19 threads)
[2025-06-05T03:04:49.660+0000][12.583s][info ][safepoint   ] Safepoint "ICBufferFull", Time since last: 23116667 ns, Reaching safepoint: 137250 ns, Cleanup: 65750 ns, At safepoint: 2125 ns, Total: 205125 ns
[2025-06-05T03:04:49.715+0000][12.639s][debug][safepoint   ] Safepoint synchronization initiated using futex wait barrier. (19 threads)
[2025-06-05T03:04:49.716+0000][12.639s][info ][safepoint   ] Safepoint "ICBufferFull", Time since last: 55274292 ns, Reaching safepoint: 129166 ns, Cleanup: 59542 ns, At safepoint: 5625 ns, Total: 194333 ns
[2025-06-05T03:04:49.746+0000][12.669s][debug][safepoint   ] Safepoint synchronization initiated using futex wait barrier. (19 threads)
[2025-06-05T03:04:49.746+0000][12.669s][info ][safepoint   ] Safepoint "ICBufferFull", Time since last: 30077750 ns, Reaching safepoint: 130375 ns, Cleanup: 62458 ns, At safepoint: 5125 ns, Total: 197958 ns
[2025-06-05T03:04:49.755+0000][12.678s][debug][safepoint   ] Safepoint synchronization initiated using futex wait barrier. (19 threads)
[2025-06-05T03:04:49.755+0000][12.678s][info ][gc,start    ] GC(43) Pause Young (Prepare Mixed) (G1 Evacuation Pause)
[2025-06-05T03:04:49.755+0000][12.678s][info ][gc,task     ] GC(43) Using 2 workers of 2 for evacuation
[2025-06-05T03:04:49.765+0000][12.688s][info ][gc,phases   ] GC(43)   Pre Evacuate Collection Set: 0.1ms
[2025-06-05T03:04:49.765+0000][12.689s][info ][gc,phases   ] GC(43)   Merge Heap Roots: 0.2ms
[2025-06-05T03:04:49.765+0000][12.689s][info ][gc,phases   ] GC(43)   Evacuate Collection Set: 8.9ms
[2025-06-05T03:04:49.765+0000][12.689s][info ][gc,phases   ] GC(43)   Post Evacuate Collection Set: 1.0ms
[2025-06-05T03:04:49.766+0000][12.689s][info ][gc,phases   ] GC(43)   Other: 0.2ms
[2025-06-05T03:04:49.766+0000][12.689s][info ][gc,heap     ] GC(43) Eden regions: 129->0(2)
[2025-06-05T03:04:49.766+0000][12.689s][info ][gc,heap     ] GC(43) Survivor regions: 9->10(18)
[2025-06-05T03:04:49.766+0000][12.689s][info ][gc,heap     ] GC(43) Old regions: 67->67
[2025-06-05T03:04:49.766+0000][12.689s][info ][gc,heap     ] GC(43) Archive regions: 2->2
[2025-06-05T03:04:49.766+0000][12.689s][info ][gc,heap     ] GC(43) Humongous regions: 0->0
[2025-06-05T03:04:49.766+0000][12.689s][info ][gc,metaspace] GC(43) Metaspace: 79268K(79808K)->79268K(79808K) NonClass: 68905K(69184K)->68905K(69184K) Class: 10362K(10624K)->10362K(10624K)
[2025-06-05T03:04:49.766+0000][12.689s][info ][gc          ] GC(43) Pause Young (Prepare Mixed) (G1 Evacuation Pause) 205M->77M(241M) 11.108ms
[2025-06-05T03:04:49.766+0000][12.689s][info ][gc,cpu      ] GC(43) User=0.02s Sys=0.00s Real=0.01s
[2025-06-05T03:04:49.766+0000][12.689s][info ][safepoint   ] Safepoint "G1CollectForAllocation", Time since last: 8620792 ns, Reaching safepoint: 132083 ns, Cleanup: 24709 ns, At safepoint: 11261375 ns, Total: 11418167 ns
[2025-06-05T03:04:49.772+0000][12.696s][debug][safepoint   ] Safepoint synchronization initiated using futex wait barrier. (19 threads)
[2025-06-05T03:04:49.773+0000][12.696s][info ][gc,start    ] GC(44) Pause Young (Mixed) (G1 Evacuation Pause)
[2025-06-05T03:04:49.773+0000][12.696s][info ][gc,task     ] GC(44) Using 2 workers of 2 for evacuation
[2025-06-05T03:04:49.799+0000][12.722s][info ][gc,phases   ] GC(44)   Pre Evacuate Collection Set: 0.1ms
[2025-06-05T03:04:49.799+0000][12.722s][info ][gc,phases   ] GC(44)   Merge Heap Roots: 0.1ms
[2025-06-05T03:04:49.799+0000][12.722s][info ][gc,phases   ] GC(44)   Evacuate Collection Set: 24.8ms
[2025-06-05T03:04:49.799+0000][12.722s][info ][gc,phases   ] GC(44)   Post Evacuate Collection Set: 0.9ms
[2025-06-05T03:04:49.799+0000][12.722s][info ][gc,phases   ] GC(44)   Other: 0.2ms
[2025-06-05T03:04:49.799+0000][12.722s][info ][gc,heap     ] GC(44) Eden regions: 2->0(132)
[2025-06-05T03:04:49.799+0000][12.722s][info ][gc,heap     ] GC(44) Survivor regions: 10->1(2)
[2025-06-05T03:04:49.799+0000][12.722s][info ][gc,heap     ] GC(44) Old regions: 67->75
[2025-06-05T03:04:49.799+0000][12.722s][info ][gc,heap     ] GC(44) Archive regions: 2->2
[2025-06-05T03:04:49.799+0000][12.722s][info ][gc,heap     ] GC(44) Humongous regions: 0->0
[2025-06-05T03:04:49.799+0000][12.723s][info ][gc,metaspace] GC(44) Metaspace: 79303K(79808K)->79303K(79808K) NonClass: 68933K(69184K)->68933K(69184K) Class: 10369K(10624K)->10369K(10624K)
[2025-06-05T03:04:49.799+0000][12.723s][info ][gc          ] GC(44) Pause Young (Mixed) (G1 Evacuation Pause) 79M->76M(241M) 26.858ms
[2025-06-05T03:04:49.800+0000][12.723s][info ][gc,cpu      ] GC(44) User=0.03s Sys=0.00s Real=0.03s
[2025-06-05T03:04:49.800+0000][12.723s][info ][safepoint   ] Safepoint "G1CollectForAllocation", Time since last: 6521083 ns, Reaching safepoint: 101167 ns, Cleanup: 2625 ns, At safepoint: 27001958 ns, Total: 27105750 ns
[2025-06-05T03:04:49.841+0000][12.764s][debug][safepoint   ] Safepoint synchronization initiated using futex wait barrier. (19 threads)
[2025-06-05T03:04:49.841+0000][12.764s][info ][safepoint   ] Safepoint "ICBufferFull", Time since last: 41129500 ns, Reaching safepoint: 129000 ns, Cleanup: 50708 ns, At safepoint: 2334 ns, Total: 182042 ns
[2025-06-05T03:04:49.939+0000][12.862s][debug][safepoint   ] Safepoint synchronization initiated using futex wait barrier. (19 threads)
[2025-06-05T03:04:49.940+0000][12.863s][info ][safepoint   ] Safepoint "ICBufferFull", Time since last: 98400500 ns, Reaching safepoint: 145333 ns, Cleanup: 60125 ns, At safepoint: 6208 ns, Total: 211666 ns
[2025-06-05T03:04:50.055+0000][12.978s][debug][safepoint   ] Safepoint synchronization initiated using futex wait barrier. (19 threads)
[2025-06-05T03:04:50.055+0000][12.978s][info ][safepoint   ] Safepoint "ICBufferFull", Time since last: 115137375 ns, Reaching safepoint: 130875 ns, Cleanup: 45667 ns, At safepoint: 1250 ns, Total: 177792 ns
[2025-06-05T03:04:50.143+0000][13.066s][debug][safepoint   ] Safepoint synchronization initiated using futex wait barrier. (19 threads)
[2025-06-05T03:04:50.143+0000][13.066s][info ][gc,start    ] GC(45) Pause Young (Concurrent Start) (G1 Evacuation Pause)
[2025-06-05T03:04:50.144+0000][13.067s][info ][gc,task     ] GC(45) Using 2 workers of 2 for evacuation
[2025-06-05T03:04:50.159+0000][13.083s][info ][gc,phases   ] GC(45)   Pre Evacuate Collection Set: 0.8ms
[2025-06-05T03:04:50.160+0000][13.083s][info ][gc,phases   ] GC(45)   Merge Heap Roots: 0.3ms
[2025-06-05T03:04:50.160+0000][13.083s][info ][gc,phases   ] GC(45)   Evacuate Collection Set: 12.7ms
[2025-06-05T03:04:50.160+0000][13.083s][info ][gc,phases   ] GC(45)   Post Evacuate Collection Set: 1.6ms
[2025-06-05T03:04:50.160+0000][13.083s][info ][gc,phases   ] GC(45)   Other: 0.7ms
[2025-06-05T03:04:50.160+0000][13.083s][info ][gc,heap     ] GC(45) Eden regions: 132->0(129)
[2025-06-05T03:04:50.160+0000][13.083s][info ][gc,heap     ] GC(45) Survivor regions: 1->3(17)
[2025-06-05T03:04:50.160+0000][13.083s][info ][gc,heap     ] GC(45) Old regions: 75->75
[2025-06-05T03:04:50.161+0000][13.085s][info ][gc,heap     ] GC(45) Archive regions: 2->2
[2025-06-05T03:04:50.162+0000][13.085s][info ][gc,heap     ] GC(45) Humongous regions: 0->0
[2025-06-05T03:04:50.162+0000][13.085s][info ][gc,metaspace] GC(45) Metaspace: 82529K(83072K)->82529K(83072K) NonClass: 71690K(72000K)->71690K(72000K) Class: 10839K(11072K)->10839K(11072K)
[2025-06-05T03:04:50.162+0000][13.085s][info ][gc          ] GC(45) Pause Young (Concurrent Start) (G1 Evacuation Pause) 208M->78M(241M) 18.653ms
[2025-06-05T03:04:50.162+0000][13.085s][info ][gc,cpu      ] GC(45) User=0.03s Sys=0.00s Real=0.01s
[2025-06-05T03:04:50.162+0000][13.085s][info ][safepoint   ] Safepoint "G1CollectForAllocation", Time since last: 88036667 ns, Reaching safepoint: 359500 ns, Cleanup: 35791 ns, At safepoint: 18935584 ns, Total: 19330875 ns
[2025-06-05T03:04:50.162+0000][13.085s][info ][gc          ] GC(46) Concurrent Mark Cycle
[2025-06-05T03:04:50.166+0000][13.089s][info ][gc,marking  ] GC(46) Concurrent Clear Claimed Marks
[2025-06-05T03:04:50.166+0000][13.090s][info ][gc,marking  ] GC(46) Concurrent Clear Claimed Marks 0.602ms
[2025-06-05T03:04:50.167+0000][13.090s][info ][gc,marking  ] GC(46) Concurrent Scan Root Regions
[2025-06-05T03:04:50.170+0000][13.094s][info ][gc,marking  ] GC(46) Concurrent Scan Root Regions 3.760ms
[2025-06-05T03:04:50.171+0000][13.094s][info ][gc,marking  ] GC(46) Concurrent Mark
[2025-06-05T03:04:50.171+0000][13.094s][info ][gc,marking  ] GC(46) Concurrent Mark From Roots
[2025-06-05T03:04:50.172+0000][13.095s][info ][gc,task     ] GC(46) Using 1 workers of 1 for marking
[2025-06-05T03:04:50.240+0000][13.163s][info ][gc,marking  ] GC(46) Concurrent Mark From Roots 69.185ms
[2025-06-05T03:04:50.243+0000][13.166s][info ][gc,marking  ] GC(46) Concurrent Preclean
[2025-06-05T03:04:50.243+0000][13.166s][info ][gc,marking  ] GC(46) Concurrent Preclean 0.249ms
[2025-06-05T03:04:50.244+0000][13.168s][debug][safepoint   ] Safepoint synchronization initiated using futex wait barrier. (19 threads)
[2025-06-05T03:04:50.245+0000][13.168s][info ][gc,start    ] GC(46) Pause Remark
[2025-06-05T03:04:50.250+0000][13.174s][info ][gc          ] GC(46) Pause Remark 125M->125M(241M) 5.826ms
[2025-06-05T03:04:50.250+0000][13.174s][info ][gc,cpu      ] GC(46) User=0.01s Sys=0.00s Real=0.00s
[2025-06-05T03:04:50.251+0000][13.174s][info ][safepoint   ] Safepoint "G1PauseRemark", Time since last: 82240583 ns, Reaching safepoint: 71667 ns, Cleanup: 33833 ns, At safepoint: 6000792 ns, Total: 6106292 ns
[2025-06-05T03:04:50.251+0000][13.174s][info ][gc,marking  ] GC(46) Concurrent Mark 80.023ms
[2025-06-05T03:04:50.254+0000][13.177s][info ][gc,marking  ] GC(46) Concurrent Rebuild Remembered Sets
[2025-06-05T03:04:50.308+0000][13.231s][info ][gc,marking  ] GC(46) Concurrent Rebuild Remembered Sets 54.098ms
[2025-06-05T03:04:50.309+0000][13.232s][debug][safepoint   ] Safepoint synchronization initiated using futex wait barrier. (19 threads)
[2025-06-05T03:04:50.309+0000][13.232s][info ][gc,start    ] GC(46) Pause Cleanup
[2025-06-05T03:04:50.309+0000][13.232s][info ][gc          ] GC(46) Pause Cleanup 139M->139M(241M) 0.128ms
[2025-06-05T03:04:50.309+0000][13.232s][info ][gc,cpu      ] GC(46) User=0.00s Sys=0.00s Real=0.00s
[2025-06-05T03:04:50.309+0000][13.232s][info ][safepoint   ] Safepoint "G1PauseCleanup", Time since last: 58443792 ns, Reaching safepoint: 63916 ns, Cleanup: 32000 ns, At safepoint: 207084 ns, Total: 303000 ns
[2025-06-05T03:04:50.309+0000][13.232s][info ][gc,marking  ] GC(46) Concurrent Cleanup for Next Mark
[2025-06-05T03:04:50.312+0000][13.235s][info ][gc,marking  ] GC(46) Concurrent Cleanup for Next Mark 2.797ms
[2025-06-05T03:04:50.312+0000][13.235s][info ][gc          ] GC(46) Concurrent Mark Cycle 150.017ms
[2025-06-05T03:04:50.398+0000][13.321s][debug][safepoint   ] Safepoint synchronization initiated using futex wait barrier. (19 threads)
[2025-06-05T03:04:50.398+0000][13.321s][info ][safepoint   ] Safepoint "ICBufferFull", Time since last: 88312083 ns, Reaching safepoint: 155125 ns, Cleanup: 78958 ns, At safepoint: 2125 ns, Total: 236208 ns
[2025-06-05T03:04:50.468+0000][13.391s][debug][safepoint   ] Safepoint synchronization initiated using futex wait barrier. (19 threads)
[2025-06-05T03:04:50.469+0000][13.392s][info ][safepoint   ] Safepoint "ICBufferFull", Time since last: 70004459 ns, Reaching safepoint: 1068583 ns, Cleanup: 75083 ns, At safepoint: 7167 ns, Total: 1150833 ns
[2025-06-05T03:04:50.602+0000][13.525s][debug][safepoint   ] Safepoint synchronization initiated using futex wait barrier. (19 threads)
[2025-06-05T03:04:50.602+0000][13.525s][info ][gc,start    ] GC(47) Pause Young (Prepare Mixed) (G1 Evacuation Pause)
[2025-06-05T03:04:50.602+0000][13.525s][info ][gc,task     ] GC(47) Using 2 workers of 2 for evacuation
[2025-06-05T03:04:50.609+0000][13.532s][info ][gc,phases   ] GC(47)   Pre Evacuate Collection Set: 0.1ms
[2025-06-05T03:04:50.609+0000][13.532s][info ][gc,phases   ] GC(47)   Merge Heap Roots: 0.1ms
[2025-06-05T03:04:50.609+0000][13.532s][info ][gc,phases   ] GC(47)   Evacuate Collection Set: 5.5ms
[2025-06-05T03:04:50.609+0000][13.532s][info ][gc,phases   ] GC(47)   Post Evacuate Collection Set: 0.9ms
[2025-06-05T03:04:50.609+0000][13.532s][info ][gc,phases   ] GC(47)   Other: 0.2ms
[2025-06-05T03:04:50.609+0000][13.532s][info ][gc,heap     ] GC(47) Eden regions: 129->0(6)
[2025-06-05T03:04:50.609+0000][13.533s][info ][gc,heap     ] GC(47) Survivor regions: 3->6(17)
[2025-06-05T03:04:50.609+0000][13.533s][info ][gc,heap     ] GC(47) Old regions: 75->75
[2025-06-05T03:04:50.609+0000][13.533s][info ][gc,heap     ] GC(47) Archive regions: 2->2
[2025-06-05T03:04:50.610+0000][13.533s][info ][gc,heap     ] GC(47) Humongous regions: 0->0
[2025-06-05T03:04:50.610+0000][13.533s][info ][gc,metaspace] GC(47) Metaspace: 84394K(84992K)->84394K(84992K) NonClass: 73407K(73728K)->73407K(73728K) Class: 10987K(11264K)->10987K(11264K)
[2025-06-05T03:04:50.610+0000][13.533s][info ][gc          ] GC(47) Pause Young (Prepare Mixed) (G1 Evacuation Pause) 207M->81M(241M) 7.430ms
[2025-06-05T03:04:50.610+0000][13.533s][info ][gc,cpu      ] GC(47) User=0.02s Sys=0.00s Real=0.01s
[2025-06-05T03:04:50.610+0000][13.533s][info ][safepoint   ] Safepoint "G1CollectForAllocation", Time since last: 132973333 ns, Reaching safepoint: 181584 ns, Cleanup: 53625 ns, At safepoint: 7560500 ns, Total: 7795709 ns
[2025-06-05T03:04:50.624+0000][13.547s][debug][safepoint   ] Safepoint synchronization initiated using futex wait barrier. (19 threads)
[2025-06-05T03:04:50.624+0000][13.547s][info ][gc,start    ] GC(48) Pause Young (Mixed) (G1 Evacuation Pause)
[2025-06-05T03:04:50.624+0000][13.547s][info ][gc,task     ] GC(48) Using 2 workers of 2 for evacuation
[2025-06-05T03:04:50.639+0000][13.562s][info ][gc,phases   ] GC(48)   Pre Evacuate Collection Set: 0.1ms
[2025-06-05T03:04:50.639+0000][13.562s][info ][gc,phases   ] GC(48)   Merge Heap Roots: 0.1ms
[2025-06-05T03:04:50.639+0000][13.562s][info ][gc,phases   ] GC(48)   Evacuate Collection Set: 13.4ms
[2025-06-05T03:04:50.639+0000][13.562s][info ][gc,phases   ] GC(48)   Post Evacuate Collection Set: 1.1ms
[2025-06-05T03:04:50.639+0000][13.562s][info ][gc,phases   ] GC(48)   Other: 0.2ms
[2025-06-05T03:04:50.639+0000][13.562s][info ][gc,heap     ] GC(48) Eden regions: 6->0(126)
[2025-06-05T03:04:50.639+0000][13.562s][info ][gc,heap     ] GC(48) Survivor regions: 6->1(2)
[2025-06-05T03:04:50.639+0000][13.562s][info ][gc,heap     ] GC(48) Old regions: 75->79
[2025-06-05T03:04:50.639+0000][13.562s][info ][gc,heap     ] GC(48) Archive regions: 2->2
[2025-06-05T03:04:50.639+0000][13.562s][info ][gc,heap     ] GC(48) Humongous regions: 0->0
[2025-06-05T03:04:50.639+0000][13.562s][info ][gc,metaspace] GC(48) Metaspace: 84455K(85056K)->84455K(85056K) NonClass: 73466K(73792K)->73466K(73792K) Class: 10989K(11264K)->10989K(11264K)
[2025-06-05T03:04:50.639+0000][13.563s][info ][gc          ] GC(48) Pause Young (Mixed) (G1 Evacuation Pause) 87M->80M(241M) 15.525ms
[2025-06-05T03:04:50.639+0000][13.563s][info ][gc,cpu      ] GC(48) User=0.03s Sys=0.00s Real=0.01s
[2025-06-05T03:04:50.640+0000][13.563s][info ][safepoint   ] Safepoint "G1CollectForAllocation", Time since last: 13930166 ns, Reaching safepoint: 151500 ns, Cleanup: 8375 ns, At safepoint: 15656959 ns, Total: 15816834 ns
[2025-06-05T03:04:50.981+0000][13.904s][debug][safepoint   ] Safepoint synchronization initiated using futex wait barrier. (19 threads)
[2025-06-05T03:04:50.993+0000][13.916s][info ][safepoint   ] Safepoint "ICBufferFull", Time since last: 341139917 ns, Reaching safepoint: 12046208 ns, Cleanup: 126792 ns, At safepoint: 4708 ns, Total: 12177708 ns
[2025-06-05T03:04:51.260+0000][14.183s][debug][safepoint   ] Safepoint synchronization initiated using futex wait barrier. (19 threads)
[2025-06-05T03:04:51.260+0000][14.183s][info ][gc,start    ] GC(49) Pause Young (Normal) (G1 Evacuation Pause)
[2025-06-05T03:04:51.260+0000][14.183s][info ][gc,task     ] GC(49) Using 2 workers of 2 for evacuation
[2025-06-05T03:04:51.269+0000][14.192s][info ][gc,phases   ] GC(49)   Pre Evacuate Collection Set: 0.2ms
[2025-06-05T03:04:51.269+0000][14.192s][info ][gc,phases   ] GC(49)   Merge Heap Roots: 0.2ms
[2025-06-05T03:04:51.269+0000][14.192s][info ][gc,phases   ] GC(49)   Evacuate Collection Set: 6.6ms
[2025-06-05T03:04:51.269+0000][14.192s][info ][gc,phases   ] GC(49)   Post Evacuate Collection Set: 1.8ms
[2025-06-05T03:04:51.269+0000][14.192s][info ][gc,phases   ] GC(49)   Other: 0.3ms
[2025-06-05T03:04:51.269+0000][14.192s][info ][gc,heap     ] GC(49) Eden regions: 126->0(122)
[2025-06-05T03:04:51.269+0000][14.192s][info ][gc,heap     ] GC(49) Survivor regions: 1->4(16)
[2025-06-05T03:04:51.269+0000][14.193s][info ][gc,heap     ] GC(49) Old regions: 79->79
[2025-06-05T03:04:51.269+0000][14.193s][info ][gc,heap     ] GC(49) Archive regions: 2->2
[2025-06-05T03:04:51.269+0000][14.193s][info ][gc,heap     ] GC(49) Humongous regions: 0->0
[2025-06-05T03:04:51.270+0000][14.193s][info ][gc,metaspace] GC(49) Metaspace: 87074K(87680K)->87074K(87680K) NonClass: 75897K(76224K)->75897K(76224K) Class: 11177K(11456K)->11177K(11456K)
[2025-06-05T03:04:51.270+0000][14.193s][info ][gc          ] GC(49) Pause Young (Normal) (G1 Evacuation Pause) 206M->83M(241M) 9.736ms
[2025-06-05T03:04:51.270+0000][14.193s][info ][gc,cpu      ] GC(49) User=0.02s Sys=0.00s Real=0.01s
[2025-06-05T03:04:51.270+0000][14.193s][info ][safepoint   ] Safepoint "G1CollectForAllocation", Time since last: 266728750 ns, Reaching safepoint: 172750 ns, Cleanup: 71042 ns, At safepoint: 9887958 ns, Total: 10131750 ns
[2025-06-05T03:04:51.414+0000][14.337s][debug][safepoint   ] Safepoint synchronization initiated using futex wait barrier. (23 threads)
[2025-06-05T03:04:51.414+0000][14.337s][info ][safepoint   ] Safepoint "ICBufferFull", Time since last: 144109708 ns, Reaching safepoint: 155334 ns, Cleanup: 90083 ns, At safepoint: 2250 ns, Total: 247667 ns
[2025-06-05T03:04:51.897+0000][14.820s][debug][safepoint   ] Safepoint synchronization initiated using futex wait barrier. (23 threads)
[2025-06-05T03:04:51.897+0000][14.821s][info ][gc,start    ] GC(50) Pause Young (Normal) (G1 Evacuation Pause)
[2025-06-05T03:04:51.898+0000][14.821s][info ][gc,task     ] GC(50) Using 2 workers of 2 for evacuation
[2025-06-05T03:04:51.909+0000][14.832s][info ][gc,phases   ] GC(50)   Pre Evacuate Collection Set: 0.1ms
[2025-06-05T03:04:51.909+0000][14.832s][info ][gc,phases   ] GC(50)   Merge Heap Roots: 0.1ms
[2025-06-05T03:04:51.909+0000][14.832s][info ][gc,phases   ] GC(50)   Evacuate Collection Set: 9.1ms
[2025-06-05T03:04:51.909+0000][14.832s][info ][gc,phases   ] GC(50)   Post Evacuate Collection Set: 1.9ms
[2025-06-05T03:04:51.909+0000][14.832s][info ][gc,phases   ] GC(50)   Other: 0.2ms
[2025-06-05T03:04:51.909+0000][14.832s][info ][gc,heap     ] GC(50) Eden regions: 122->0(145)
[2025-06-05T03:04:51.909+0000][14.832s][info ][gc,heap     ] GC(50) Survivor regions: 4->7(16)
[2025-06-05T03:04:51.909+0000][14.832s][info ][gc,heap     ] GC(50) Old regions: 79->79
[2025-06-05T03:04:51.909+0000][14.832s][info ][gc,heap     ] GC(50) Archive regions: 2->2
[2025-06-05T03:04:51.909+0000][14.832s][info ][gc,heap     ] GC(50) Humongous regions: 0->0
[2025-06-05T03:04:51.909+0000][14.832s][info ][gc,metaspace] GC(50) Metaspace: 89177K(89728K)->89177K(89728K) NonClass: 77803K(78080K)->77803K(78080K) Class: 11373K(11648K)->11373K(11648K)
[2025-06-05T03:04:51.909+0000][14.833s][info ][gc          ] GC(50) Pause Young (Normal) (G1 Evacuation Pause) 205M->86M(271M) 11.870ms
[2025-06-05T03:04:51.909+0000][14.833s][info ][gc,cpu      ] GC(50) User=0.03s Sys=0.00s Real=0.01s
[2025-06-05T03:04:51.909+0000][14.833s][info ][safepoint   ] Safepoint "G1CollectForAllocation", Time since last: 483202125 ns, Reaching safepoint: 147709 ns, Cleanup: 65166 ns, At safepoint: 11998792 ns, Total: 12211667 ns
[2025-06-05T03:04:52.128+0000][15.051s][debug][safepoint   ] Safepoint synchronization initiated using futex wait barrier. (23 threads)
[2025-06-05T03:04:52.128+0000][15.051s][info ][safepoint   ] Safepoint "ICBufferFull", Time since last: 218547458 ns, Reaching safepoint: 137917 ns, Cleanup: 86500 ns, At safepoint: 1875 ns, Total: 226292 ns
[2025-06-05T03:04:52.447+0000][15.370s][debug][safepoint   ] Safepoint synchronization initiated using futex wait barrier. (23 threads)
[2025-06-05T03:04:52.447+0000][15.371s][info ][safepoint   ] Safepoint "ICBufferFull", Time since last: 318835875 ns, Reaching safepoint: 286125 ns, Cleanup: 64459 ns, At safepoint: 2291 ns, Total: 352875 ns
[2025-06-05T03:04:52.460+0000][15.383s][debug][safepoint   ] Safepoint synchronization initiated using futex wait barrier. (23 threads)
[2025-06-05T03:04:52.460+0000][15.383s][info ][safepoint   ] Safepoint "ICBufferFull", Time since last: 12299834 ns, Reaching safepoint: 139166 ns, Cleanup: 54334 ns, At safepoint: 5541 ns, Total: 199041 ns
[2025-06-05T03:04:52.501+0000][15.424s][debug][safepoint   ] Safepoint synchronization initiated using futex wait barrier. (23 threads)
[2025-06-05T03:04:52.501+0000][15.424s][info ][safepoint   ] Safepoint "ICBufferFull", Time since last: 40904042 ns, Reaching safepoint: 157875 ns, Cleanup: 57250 ns, At safepoint: 1917 ns, Total: 217042 ns
[2025-06-05T03:04:52.510+0000][15.433s][debug][safepoint   ] Safepoint synchronization initiated using futex wait barrier. (23 threads)
[2025-06-05T03:04:52.510+0000][15.433s][info ][gc,start    ] GC(51) Pause Young (Normal) (G1 Evacuation Pause)
[2025-06-05T03:04:52.510+0000][15.433s][info ][gc,task     ] GC(51) Using 2 workers of 2 for evacuation
[2025-06-05T03:04:52.521+0000][15.444s][info ][gc,phases   ] GC(51)   Pre Evacuate Collection Set: 0.1ms
[2025-06-05T03:04:52.521+0000][15.444s][info ][gc,phases   ] GC(51)   Merge Heap Roots: 0.1ms
[2025-06-05T03:04:52.521+0000][15.445s][info ][gc,phases   ] GC(51)   Evacuate Collection Set: 9.9ms
[2025-06-05T03:04:52.521+0000][15.445s][info ][gc,phases   ] GC(51)   Post Evacuate Collection Set: 1.1ms
[2025-06-05T03:04:52.522+0000][15.445s][info ][gc,phases   ] GC(51)   Other: 0.2ms
[2025-06-05T03:04:52.522+0000][15.445s][info ][gc,heap     ] GC(51) Eden regions: 145->0(140)
[2025-06-05T03:04:52.522+0000][15.445s][info ][gc,heap     ] GC(51) Survivor regions: 7->11(19)
[2025-06-05T03:04:52.522+0000][15.445s][info ][gc,heap     ] GC(51) Old regions: 79->79
[2025-06-05T03:04:52.522+0000][15.445s][info ][gc,heap     ] GC(51) Archive regions: 2->2
[2025-06-05T03:04:52.522+0000][15.445s][info ][gc,heap     ] GC(51) Humongous regions: 0->0
[2025-06-05T03:04:52.522+0000][15.445s][info ][gc,metaspace] GC(51) Metaspace: 93873K(94400K)->93873K(94400K) NonClass: 81728K(81984K)->81728K(81984K) Class: 12145K(12416K)->12145K(12416K)
[2025-06-05T03:04:52.522+0000][15.445s][info ][gc          ] GC(51) Pause Young (Normal) (G1 Evacuation Pause) 231M->90M(271M) 12.056ms
[2025-06-05T03:04:52.522+0000][15.445s][info ][gc,cpu      ] GC(51) User=0.03s Sys=0.00s Real=0.01s
[2025-06-05T03:04:52.522+0000][15.445s][info ][safepoint   ] Safepoint "G1CollectForAllocation", Time since last: 8607083 ns, Reaching safepoint: 142000 ns, Cleanup: 9125 ns, At safepoint: 12197667 ns, Total: 12348792 ns
[2025-06-05T03:04:52.817+0000][15.740s][debug][safepoint   ] Safepoint synchronization initiated using futex wait barrier. (23 threads)
[2025-06-05T03:04:52.817+0000][15.740s][info ][gc,start    ] GC(52) Pause Young (Normal) (G1 Evacuation Pause)
[2025-06-05T03:04:52.817+0000][15.741s][info ][gc,task     ] GC(52) Using 2 workers of 2 for evacuation
[2025-06-05T03:04:52.830+0000][15.753s][info ][gc,phases   ] GC(52)   Pre Evacuate Collection Set: 0.1ms
[2025-06-05T03:04:52.830+0000][15.753s][info ][gc,phases   ] GC(52)   Merge Heap Roots: 0.1ms
[2025-06-05T03:04:52.830+0000][15.753s][info ][gc,phases   ] GC(52)   Evacuate Collection Set: 11.1ms
[2025-06-05T03:04:52.830+0000][15.753s][info ][gc,phases   ] GC(52)   Post Evacuate Collection Set: 0.9ms
[2025-06-05T03:04:52.830+0000][15.753s][info ][gc,phases   ] GC(52)   Other: 0.2ms
[2025-06-05T03:04:52.830+0000][15.753s][info ][gc,heap     ] GC(52) Eden regions: 140->0(138)
[2025-06-05T03:04:52.830+0000][15.753s][info ][gc,heap     ] GC(52) Survivor regions: 11->9(19)
[2025-06-05T03:04:52.830+0000][15.753s][info ][gc,heap     ] GC(52) Old regions: 79->83
[2025-06-05T03:04:52.830+0000][15.753s][info ][gc,heap     ] GC(52) Archive regions: 2->2
[2025-06-05T03:04:52.830+0000][15.753s][info ][gc,heap     ] GC(52) Humongous regions: 0->0
[2025-06-05T03:04:52.830+0000][15.753s][info ][gc,metaspace] GC(52) Metaspace: 95505K(96064K)->95505K(96064K) NonClass: 83010K(83328K)->83010K(83328K) Class: 12494K(12736K)->12494K(12736K)
[2025-06-05T03:04:52.830+0000][15.753s][info ][gc          ] GC(52) Pause Young (Normal) (G1 Evacuation Pause) 230M->92M(271M) 13.049ms
[2025-06-05T03:04:52.830+0000][15.754s][info ][gc,cpu      ] GC(52) User=0.02s Sys=0.00s Real=0.01s
[2025-06-05T03:04:52.830+0000][15.754s][info ][safepoint   ] Safepoint "G1CollectForAllocation", Time since last: 295064833 ns, Reaching safepoint: 158208 ns, Cleanup: 59167 ns, At safepoint: 13214458 ns, Total: 13431833 ns
[2025-06-05T03:04:53.062+0000][15.985s][debug][safepoint   ] Safepoint synchronization initiated using futex wait barrier. (23 threads)
[2025-06-05T03:04:53.062+0000][15.985s][info ][safepoint   ] Safepoint "ICBufferFull", Time since last: 231428376 ns, Reaching safepoint: 145916 ns, Cleanup: 79834 ns, At safepoint: 2583 ns, Total: 228333 ns
[2025-06-05T03:04:53.383+0000][16.306s][debug][safepoint   ] Safepoint synchronization initiated using futex wait barrier. (23 threads)
[2025-06-05T03:04:53.383+0000][16.306s][info ][gc,start    ] GC(53) Pause Young (Normal) (G1 Evacuation Pause)
[2025-06-05T03:04:53.383+0000][16.306s][info ][gc,task     ] GC(53) Using 2 workers of 2 for evacuation
[2025-06-05T03:04:53.403+0000][16.326s][info ][gc,phases   ] GC(53)   Pre Evacuate Collection Set: 0.1ms
[2025-06-05T03:04:53.403+0000][16.327s][info ][gc,phases   ] GC(53)   Merge Heap Roots: 0.2ms
[2025-06-05T03:04:53.403+0000][16.327s][info ][gc,phases   ] GC(53)   Evacuate Collection Set: 18.0ms
[2025-06-05T03:04:53.404+0000][16.327s][info ][gc,phases   ] GC(53)   Post Evacuate Collection Set: 1.5ms
[2025-06-05T03:04:53.404+0000][16.327s][info ][gc,phases   ] GC(53)   Other: 0.3ms
[2025-06-05T03:04:53.404+0000][16.327s][info ][gc,heap     ] GC(53) Eden regions: 138->0(134)
[2025-06-05T03:04:53.404+0000][16.327s][info ][gc,heap     ] GC(53) Survivor regions: 9->12(19)
[2025-06-05T03:04:53.404+0000][16.327s][info ][gc,heap     ] GC(53) Old regions: 83->83
[2025-06-05T03:04:53.404+0000][16.327s][info ][gc,heap     ] GC(53) Archive regions: 2->2
[2025-06-05T03:04:53.404+0000][16.327s][info ][gc,heap     ] GC(53) Humongous regions: 0->0
[2025-06-05T03:04:53.404+0000][16.327s][info ][gc,metaspace] GC(53) Metaspace: 101958K(102592K)->101958K(102592K) NonClass: 88629K(88960K)->88629K(88960K) Class: 13328K(13632K)->13328K(13632K)
[2025-06-05T03:04:53.404+0000][16.327s][info ][gc          ] GC(53) Pause Young (Normal) (G1 Evacuation Pause) 230M->94M(271M) 20.683ms
[2025-06-05T03:04:53.404+0000][16.327s][info ][gc,cpu      ] GC(53) User=0.04s Sys=0.00s Real=0.02s
[2025-06-05T03:04:53.404+0000][16.327s][info ][safepoint   ] Safepoint "G1CollectForAllocation", Time since last: 320855333 ns, Reaching safepoint: 154375 ns, Cleanup: 65084 ns, At safepoint: 20829541 ns, Total: 21049000 ns
[2025-06-05T03:04:53.988+0000][16.912s][debug][safepoint   ] Safepoint synchronization initiated using futex wait barrier. (25 threads)
[2025-06-05T03:04:53.989+0000][16.912s][info ][gc,start    ] GC(54) Pause Young (Normal) (G1 Evacuation Pause)
[2025-06-05T03:04:53.989+0000][16.912s][info ][gc,task     ] GC(54) Using 2 workers of 2 for evacuation
[2025-06-05T03:04:54.010+0000][16.933s][info ][gc,phases   ] GC(54)   Pre Evacuate Collection Set: 0.1ms
[2025-06-05T03:04:54.010+0000][16.933s][info ][gc,phases   ] GC(54)   Merge Heap Roots: 0.1ms
[2025-06-05T03:04:54.010+0000][16.933s][info ][gc,phases   ] GC(54)   Evacuate Collection Set: 19.6ms
[2025-06-05T03:04:54.010+0000][16.933s][info ][gc,phases   ] GC(54)   Post Evacuate Collection Set: 1.3ms
[2025-06-05T03:04:54.010+0000][16.933s][info ][gc,phases   ] GC(54)   Other: 0.2ms
[2025-06-05T03:04:54.010+0000][16.934s][info ][gc,heap     ] GC(54) Eden regions: 134->0(134)
[2025-06-05T03:04:54.010+0000][16.934s][info ][gc,heap     ] GC(54) Survivor regions: 12->11(19)
[2025-06-05T03:04:54.011+0000][16.934s][info ][gc,heap     ] GC(54) Old regions: 83->85
[2025-06-05T03:04:54.011+0000][16.934s][info ][gc,heap     ] GC(54) Archive regions: 2->2
[2025-06-05T03:04:54.011+0000][16.934s][info ][gc,heap     ] GC(54) Humongous regions: 0->0
[2025-06-05T03:04:54.011+0000][16.934s][info ][gc,metaspace] GC(54) Metaspace: 105530K(106176K)->105530K(106176K) NonClass: 91719K(92032K)->91719K(92032K) Class: 13811K(14144K)->13811K(14144K)
[2025-06-05T03:04:54.011+0000][16.934s][info ][gc          ] GC(54) Pause Young (Normal) (G1 Evacuation Pause) 228M->96M(271M) 22.015ms
[2025-06-05T03:04:54.011+0000][16.934s][info ][gc,cpu      ] GC(54) User=0.06s Sys=0.01s Real=0.02s
[2025-06-05T03:04:54.011+0000][16.934s][info ][safepoint   ] Safepoint "G1CollectForAllocation", Time since last: 584376501 ns, Reaching safepoint: 118833 ns, Cleanup: 76417 ns, At safepoint: 22196791 ns, Total: 22392041 ns
[2025-06-05T03:04:54.538+0000][17.462s][debug][safepoint   ] Safepoint synchronization initiated using futex wait barrier. (28 threads)
[2025-06-05T03:04:54.539+0000][17.462s][info ][gc,start    ] GC(55) Pause Young (Normal) (G1 Evacuation Pause)
[2025-06-05T03:04:54.539+0000][17.462s][info ][gc,task     ] GC(55) Using 2 workers of 2 for evacuation
[2025-06-05T03:04:54.553+0000][17.476s][info ][gc,phases   ] GC(55)   Pre Evacuate Collection Set: 0.1ms
[2025-06-05T03:04:54.553+0000][17.476s][info ][gc,phases   ] GC(55)   Merge Heap Roots: 0.1ms
[2025-06-05T03:04:54.553+0000][17.477s][info ][gc,phases   ] GC(55)   Evacuate Collection Set: 12.9ms
[2025-06-05T03:04:54.553+0000][17.477s][info ][gc,phases   ] GC(55)   Post Evacuate Collection Set: 1.2ms
[2025-06-05T03:04:54.553+0000][17.477s][info ][gc,phases   ] GC(55)   Other: 0.2ms
[2025-06-05T03:04:54.554+0000][17.477s][info ][gc,heap     ] GC(55) Eden regions: 134->0(129)
[2025-06-05T03:04:54.554+0000][17.477s][info ][gc,heap     ] GC(55) Survivor regions: 11->12(19)
[2025-06-05T03:04:54.554+0000][17.477s][info ][gc,heap     ] GC(55) Old regions: 85->88
[2025-06-05T03:04:54.554+0000][17.477s][info ][gc,heap     ] GC(55) Archive regions: 2->2
[2025-06-05T03:04:54.554+0000][17.477s][info ][gc,heap     ] GC(55) Humongous regions: 0->0
[2025-06-05T03:04:54.554+0000][17.477s][info ][gc,metaspace] GC(55) Metaspace: 107793K(108480K)->107793K(108480K) NonClass: 93799K(94144K)->93799K(94144K) Class: 13993K(14336K)->13993K(14336K)
[2025-06-05T03:04:54.554+0000][17.477s][info ][gc          ] GC(55) Pause Young (Normal) (G1 Evacuation Pause) 230M->100M(271M) 15.051ms
[2025-06-05T03:04:54.554+0000][17.477s][info ][gc,cpu      ] GC(55) User=0.02s Sys=0.00s Real=0.02s
[2025-06-05T03:04:54.554+0000][17.477s][info ][safepoint   ] Safepoint "G1CollectForAllocation", Time since last: 527655834 ns, Reaching safepoint: 152083 ns, Cleanup: 93875 ns, At safepoint: 15232625 ns, Total: 15478583 ns
[2025-06-05T03:04:54.848+0000][17.772s][debug][safepoint   ] Safepoint synchronization initiated using futex wait barrier. (34 threads)
[2025-06-05T03:04:54.849+0000][17.772s][info ][safepoint   ] Safepoint "ICBufferFull", Time since last: 294466750 ns, Reaching safepoint: 249542 ns, Cleanup: 97875 ns, At safepoint: 6750 ns, Total: 354167 ns
[2025-06-05T03:04:54.944+0000][17.867s][debug][safepoint   ] Safepoint synchronization initiated using futex wait barrier. (35 threads)
[2025-06-05T03:04:54.945+0000][17.868s][info ][gc,start    ] GC(56) Pause Young (Normal) (G1 Evacuation Pause)
[2025-06-05T03:04:54.945+0000][17.868s][info ][gc,task     ] GC(56) Using 2 workers of 2 for evacuation
[2025-06-05T03:04:54.959+0000][17.882s][info ][gc,phases   ] GC(56)   Pre Evacuate Collection Set: 0.1ms
[2025-06-05T03:04:54.959+0000][17.882s][info ][gc,phases   ] GC(56)   Merge Heap Roots: 0.1ms
[2025-06-05T03:04:54.959+0000][17.883s][info ][gc,phases   ] GC(56)   Evacuate Collection Set: 12.6ms
[2025-06-05T03:04:54.959+0000][17.883s][info ][gc,phases   ] GC(56)   Post Evacuate Collection Set: 1.1ms
[2025-06-05T03:04:54.960+0000][17.883s][info ][gc,phases   ] GC(56)   Other: 0.2ms
[2025-06-05T03:04:54.960+0000][17.883s][info ][gc,heap     ] GC(56) Eden regions: 129->0(126)
[2025-06-05T03:04:54.960+0000][17.883s][info ][gc,heap     ] GC(56) Survivor regions: 12->12(18)
[2025-06-05T03:04:54.960+0000][17.883s][info ][gc,heap     ] GC(56) Old regions: 88->91
[2025-06-05T03:04:54.960+0000][17.883s][info ][gc,heap     ] GC(56) Archive regions: 2->2
[2025-06-05T03:04:54.960+0000][17.883s][info ][gc,heap     ] GC(56) Humongous regions: 0->0
[2025-06-05T03:04:54.960+0000][17.883s][info ][gc,metaspace] GC(56) Metaspace: 110282K(110976K)->110282K(110976K) NonClass: 96008K(96384K)->96008K(96384K) Class: 14274K(14592K)->14274K(14592K)
[2025-06-05T03:04:54.960+0000][17.883s][info ][gc          ] GC(56) Pause Young (Normal) (G1 Evacuation Pause) 229M->103M(271M) 14.753ms
[2025-06-05T03:04:54.960+0000][17.883s][info ][gc,cpu      ] GC(56) User=0.03s Sys=0.00s Real=0.01s
[2025-06-05T03:04:54.960+0000][17.883s][info ][safepoint   ] Safepoint "G1CollectForAllocation", Time since last: 95433667 ns, Reaching safepoint: 834666 ns, Cleanup: 52209 ns, At safepoint: 14885041 ns, Total: 15771916 ns
[2025-06-05T03:04:55.104+0000][18.027s][debug][safepoint   ] Safepoint synchronization initiated using futex wait barrier. (35 threads)
[2025-06-05T03:04:55.104+0000][18.027s][info ][safepoint   ] Safepoint "ICBufferFull", Time since last: 144028209 ns, Reaching safepoint: 134875 ns, Cleanup: 111833 ns, At safepoint: 2375 ns, Total: 249083 ns
[2025-06-05T03:04:55.329+0000][18.252s][debug][safepoint   ] Safepoint synchronization initiated using futex wait barrier. (35 threads)
[2025-06-05T03:04:55.329+0000][18.252s][info ][safepoint   ] Safepoint "ICBufferFull", Time since last: 224547959 ns, Reaching safepoint: 90458 ns, Cleanup: 84833 ns, At safepoint: 2792 ns, Total: 178083 ns
[2025-06-05T03:04:55.436+0000][18.359s][debug][safepoint   ] Safepoint synchronization initiated using futex wait barrier. (35 threads)
[2025-06-05T03:04:55.436+0000][18.359s][info ][safepoint   ] Safepoint "ICBufferFull", Time since last: 106524292 ns, Reaching safepoint: 136208 ns, Cleanup: 55458 ns, At safepoint: 15792 ns, Total: 207458 ns
[2025-06-05T03:04:55.475+0000][18.398s][debug][safepoint   ] Safepoint synchronization initiated using futex wait barrier. (35 threads)
[2025-06-05T03:04:55.475+0000][18.399s][info ][gc,start    ] GC(57) Pause Young (Normal) (G1 Evacuation Pause)
[2025-06-05T03:04:55.476+0000][18.399s][info ][gc,task     ] GC(57) Using 2 workers of 2 for evacuation
[2025-06-05T03:04:55.511+0000][18.434s][info ][gc,phases   ] GC(57)   Pre Evacuate Collection Set: 0.1ms
[2025-06-05T03:04:55.511+0000][18.434s][info ][gc,phases   ] GC(57)   Merge Heap Roots: 0.2ms
[2025-06-05T03:04:55.511+0000][18.434s][info ][gc,phases   ] GC(57)   Evacuate Collection Set: 33.4ms
[2025-06-05T03:04:55.511+0000][18.434s][info ][gc,phases   ] GC(57)   Post Evacuate Collection Set: 1.5ms
[2025-06-05T03:04:55.511+0000][18.434s][info ][gc,phases   ] GC(57)   Other: 0.2ms
[2025-06-05T03:04:55.511+0000][18.434s][info ][gc,heap     ] GC(57) Eden regions: 126->0(123)
[2025-06-05T03:04:55.511+0000][18.434s][info ][gc,heap     ] GC(57) Survivor regions: 12->12(18)
[2025-06-05T03:04:55.511+0000][18.434s][info ][gc,heap     ] GC(57) Old regions: 91->94
[2025-06-05T03:04:55.511+0000][18.434s][info ][gc,heap     ] GC(57) Archive regions: 2->2
[2025-06-05T03:04:55.511+0000][18.434s][info ][gc,heap     ] GC(57) Humongous regions: 0->0
[2025-06-05T03:04:55.511+0000][18.435s][info ][gc,metaspace] GC(57) Metaspace: 114663K(115392K)->114663K(115392K) NonClass: 99976K(100352K)->99976K(100352K) Class: 14686K(15040K)->14686K(15040K)
[2025-06-05T03:04:55.511+0000][18.435s][info ][gc          ] GC(57) Pause Young (Normal) (G1 Evacuation Pause) 229M->106M(271M) 35.985ms
[2025-06-05T03:04:55.512+0000][18.435s][info ][gc,cpu      ] GC(57) User=0.03s Sys=0.00s Real=0.03s
[2025-06-05T03:04:55.512+0000][18.435s][info ][safepoint   ] Safepoint "G1CollectForAllocation", Time since last: 39568250 ns, Reaching safepoint: 129667 ns, Cleanup: 42791 ns, At safepoint: 36162459 ns, Total: 36334917 ns
[2025-06-05T03:04:55.569+0000][18.492s][debug][safepoint   ] Safepoint synchronization initiated using futex wait barrier. (35 threads)
[2025-06-05T03:04:55.569+0000][18.492s][info ][safepoint   ] Safepoint "ICBufferFull", Time since last: 57160791 ns, Reaching safepoint: 127625 ns, Cleanup: 57167 ns, At safepoint: 4625 ns, Total: 189417 ns
[2025-06-05T03:04:55.685+0000][18.608s][debug][safepoint   ] Safepoint synchronization initiated using futex wait barrier. (35 threads)
[2025-06-05T03:04:55.685+0000][18.608s][info ][safepoint   ] Safepoint "ICBufferFull", Time since last: 115649167 ns, Reaching safepoint: 179250 ns, Cleanup: 92166 ns, At safepoint: 2417 ns, Total: 273833 ns
[2025-06-05T03:04:55.872+0000][18.795s][debug][safepoint   ] Safepoint synchronization initiated using futex wait barrier. (36 threads)
[2025-06-05T03:04:55.872+0000][18.795s][info ][safepoint   ] Safepoint "ICBufferFull", Time since last: 186783167 ns, Reaching safepoint: 131667 ns, Cleanup: 68666 ns, At safepoint: 4709 ns, Total: 205042 ns
[2025-06-05T03:04:56.327+0000][19.250s][debug][safepoint   ] Safepoint synchronization initiated using futex wait barrier. (38 threads)
[2025-06-05T03:04:56.327+0000][19.250s][info ][gc,start    ] GC(58) Pause Young (Normal) (G1 Evacuation Pause)
[2025-06-05T03:04:56.327+0000][19.250s][info ][gc,task     ] GC(58) Using 2 workers of 2 for evacuation
[2025-06-05T03:04:56.348+0000][19.271s][info ][gc,phases   ] GC(58)   Pre Evacuate Collection Set: 0.1ms
[2025-06-05T03:04:56.348+0000][19.271s][info ][gc,phases   ] GC(58)   Merge Heap Roots: 0.2ms
[2025-06-05T03:04:56.348+0000][19.271s][info ][gc,phases   ] GC(58)   Evacuate Collection Set: 18.3ms
[2025-06-05T03:04:56.348+0000][19.271s][info ][gc,phases   ] GC(58)   Post Evacuate Collection Set: 1.7ms
[2025-06-05T03:04:56.348+0000][19.271s][info ][gc,phases   ] GC(58)   Other: 0.3ms
[2025-06-05T03:04:56.348+0000][19.271s][info ][gc,heap     ] GC(58) Eden regions: 123->0(123)
[2025-06-05T03:04:56.348+0000][19.271s][info ][gc,heap     ] GC(58) Survivor regions: 12->8(17)
[2025-06-05T03:04:56.348+0000][19.271s][info ][gc,heap     ] GC(58) Old regions: 94->100
[2025-06-05T03:04:56.348+0000][19.271s][info ][gc,heap     ] GC(58) Archive regions: 2->2
[2025-06-05T03:04:56.348+0000][19.271s][info ][gc,heap     ] GC(58) Humongous regions: 0->0
[2025-06-05T03:04:56.348+0000][19.271s][info ][gc,metaspace] GC(58) Metaspace: 119403K(120320K)->119403K(120320K) NonClass: 104164K(104640K)->104164K(104640K) Class: 15239K(15680K)->15239K(15680K)
[2025-06-05T03:04:56.348+0000][19.271s][info ][gc          ] GC(58) Pause Young (Normal) (G1 Evacuation Pause) 229M->108M(271M) 21.103ms
[2025-06-05T03:04:56.348+0000][19.271s][info ][gc,cpu      ] GC(58) User=0.04s Sys=0.00s Real=0.02s
[2025-06-05T03:04:56.348+0000][19.271s][info ][safepoint   ] Safepoint "G1CollectForAllocation", Time since last: 454935125 ns, Reaching safepoint: 139625 ns, Cleanup: 61791 ns, At safepoint: 21295792 ns, Total: 21497208 ns
[2025-06-05T03:04:56.632+0000][19.555s][debug][safepoint   ] Safepoint synchronization initiated using futex wait barrier. (38 threads)
[2025-06-05T03:04:56.633+0000][19.556s][info ][safepoint   ] Safepoint "ICBufferFull", Time since last: 284036209 ns, Reaching safepoint: 683791 ns, Cleanup: 152500 ns, At safepoint: 10917 ns, Total: 847208 ns
[2025-06-05T03:04:56.713+0000][19.636s][debug][safepoint   ] Safepoint synchronization initiated using futex wait barrier. (38 threads)
[2025-06-05T03:04:56.717+0000][19.640s][info ][safepoint   ] Safepoint "ICBufferFull", Time since last: 80152750 ns, Reaching safepoint: 3620625 ns, Cleanup: 95500 ns, At safepoint: 10500 ns, Total: 3726625 ns
[2025-06-05T03:04:57.001+0000][19.924s][debug][safepoint   ] Safepoint synchronization initiated using futex wait barrier. (46 threads)
[2025-06-05T03:04:57.001+0000][19.924s][info ][gc,start    ] GC(59) Pause Young (Normal) (G1 Evacuation Pause)
[2025-06-05T03:04:57.001+0000][19.925s][info ][gc,task     ] GC(59) Using 2 workers of 2 for evacuation
[2025-06-05T03:04:57.022+0000][19.945s][info ][gc,phases   ] GC(59)   Pre Evacuate Collection Set: 0.2ms
[2025-06-05T03:04:57.022+0000][19.945s][info ][gc,phases   ] GC(59)   Merge Heap Roots: 0.2ms
[2025-06-05T03:04:57.022+0000][19.945s][info ][gc,phases   ] GC(59)   Evacuate Collection Set: 18.2ms
[2025-06-05T03:04:57.022+0000][19.945s][info ][gc,phases   ] GC(59)   Post Evacuate Collection Set: 1.8ms
[2025-06-05T03:04:57.022+0000][19.945s][info ][gc,phases   ] GC(59)   Other: 0.3ms
[2025-06-05T03:04:57.022+0000][19.946s][info ][gc,heap     ] GC(59) Eden regions: 123->0(115)
[2025-06-05T03:04:57.022+0000][19.946s][info ][gc,heap     ] GC(59) Survivor regions: 8->13(17)
[2025-06-05T03:04:57.022+0000][19.946s][info ][gc,heap     ] GC(59) Old regions: 100->100
[2025-06-05T03:04:57.022+0000][19.946s][info ][gc,heap     ] GC(59) Archive regions: 2->2
[2025-06-05T03:04:57.023+0000][19.946s][info ][gc,heap     ] GC(59) Humongous regions: 1->0
[2025-06-05T03:04:57.023+0000][19.946s][info ][gc,metaspace] GC(59) Metaspace: 127074K(128064K)->127074K(128064K) NonClass: 111003K(111488K)->111003K(111488K) Class: 16071K(16576K)->16071K(16576K)
[2025-06-05T03:04:57.023+0000][19.946s][info ][gc          ] GC(59) Pause Young (Normal) (G1 Evacuation Pause) 232M->112M(271M) 21.323ms
[2025-06-05T03:04:57.023+0000][19.946s][info ][gc,cpu      ] GC(59) User=0.04s Sys=0.00s Real=0.02s
[2025-06-05T03:04:57.023+0000][19.946s][info ][safepoint   ] Safepoint "G1CollectForAllocation", Time since last: 283978458 ns, Reaching safepoint: 161084 ns, Cleanup: 68375 ns, At safepoint: 21511666 ns, Total: 21741125 ns
[2025-06-05T03:04:57.426+0000][20.349s][debug][safepoint   ] Safepoint synchronization initiated using futex wait barrier. (47 threads)
[2025-06-05T03:04:57.427+0000][20.350s][info ][safepoint   ] Safepoint "ICBufferFull", Time since last: 403532542 ns, Reaching safepoint: 147209 ns, Cleanup: 81333 ns, At safepoint: 1958 ns, Total: 230500 ns
[2025-06-05T03:04:57.458+0000][20.382s][debug][safepoint   ] Safepoint synchronization initiated using futex wait barrier. (47 threads)
[2025-06-05T03:04:57.459+0000][20.382s][info ][gc,start    ] GC(60) Pause Young (Normal) (G1 Evacuation Pause)
[2025-06-05T03:04:57.459+0000][20.382s][info ][gc,task     ] GC(60) Using 2 workers of 2 for evacuation
[2025-06-05T03:04:57.480+0000][20.403s][info ][gc,phases   ] GC(60)   Pre Evacuate Collection Set: 0.1ms
[2025-06-05T03:04:57.480+0000][20.403s][info ][gc,phases   ] GC(60)   Merge Heap Roots: 0.1ms
[2025-06-05T03:04:57.480+0000][20.403s][info ][gc,phases   ] GC(60)   Evacuate Collection Set: 19.1ms
[2025-06-05T03:04:57.480+0000][20.403s][info ][gc,phases   ] GC(60)   Post Evacuate Collection Set: 1.5ms
[2025-06-05T03:04:57.480+0000][20.403s][info ][gc,phases   ] GC(60)   Other: 0.3ms
[2025-06-05T03:04:57.480+0000][20.403s][info ][gc,heap     ] GC(60) Eden regions: 115->0(115)
[2025-06-05T03:04:57.480+0000][20.403s][info ][gc,heap     ] GC(60) Survivor regions: 13->11(16)
[2025-06-05T03:04:57.480+0000][20.403s][info ][gc,heap     ] GC(60) Old regions: 100->104
[2025-06-05T03:04:57.480+0000][20.403s][info ][gc,heap     ] GC(60) Archive regions: 2->2
[2025-06-05T03:04:57.480+0000][20.403s][info ][gc,heap     ] GC(60) Humongous regions: 0->0
[2025-06-05T03:04:57.480+0000][20.403s][info ][gc,metaspace] GC(60) Metaspace: 128606K(129600K)->128606K(129600K) NonClass: 112433K(112960K)->112433K(112960K) Class: 16173K(16640K)->16173K(16640K)
[2025-06-05T03:04:57.480+0000][20.403s][info ][gc          ] GC(60) Pause Young (Normal) (G1 Evacuation Pause) 227M->115M(271M) 21.697ms
[2025-06-05T03:04:57.480+0000][20.403s][info ][gc,cpu      ] GC(60) User=0.06s Sys=0.00s Real=0.02s
[2025-06-05T03:04:57.480+0000][20.404s][info ][safepoint   ] Safepoint "G1CollectForAllocation", Time since last: 31812334 ns, Reaching safepoint: 144333 ns, Cleanup: 10792 ns, At safepoint: 21867958 ns, Total: 22023083 ns
[2025-06-05T03:04:57.823+0000][20.747s][debug][safepoint   ] Safepoint synchronization initiated using futex wait barrier. (50 threads)
[2025-06-05T03:04:57.824+0000][20.747s][info ][safepoint   ] Safepoint "ICBufferFull", Time since last: 343002583 ns, Reaching safepoint: 303625 ns, Cleanup: 104042 ns, At safepoint: 4667 ns, Total: 412334 ns
[2025-06-05T03:04:57.832+0000][20.755s][debug][safepoint   ] Safepoint synchronization initiated using futex wait barrier. (50 threads)
[2025-06-05T03:04:57.832+0000][20.755s][info ][gc,start    ] GC(61) Pause Young (Normal) (G1 Evacuation Pause)
[2025-06-05T03:04:57.832+0000][20.755s][info ][gc,task     ] GC(61) Using 2 workers of 2 for evacuation
[2025-06-05T03:04:57.847+0000][20.770s][info ][gc,phases   ] GC(61)   Pre Evacuate Collection Set: 0.1ms
[2025-06-05T03:04:57.847+0000][20.771s][info ][gc,phases   ] GC(61)   Merge Heap Roots: 0.1ms
[2025-06-05T03:04:57.848+0000][20.771s][info ][gc,phases   ] GC(61)   Evacuate Collection Set: 13.7ms
[2025-06-05T03:04:57.848+0000][20.771s][info ][gc,phases   ] GC(61)   Post Evacuate Collection Set: 1.3ms
[2025-06-05T03:04:57.848+0000][20.771s][info ][gc,phases   ] GC(61)   Other: 0.2ms
[2025-06-05T03:04:57.848+0000][20.771s][info ][gc,heap     ] GC(61) Eden regions: 115->0(114)
[2025-06-05T03:04:57.848+0000][20.771s][info ][gc,heap     ] GC(61) Survivor regions: 11->10(16)
[2025-06-05T03:04:57.848+0000][20.771s][info ][gc,heap     ] GC(61) Old regions: 104->107
[2025-06-05T03:04:57.848+0000][20.771s][info ][gc,heap     ] GC(61) Archive regions: 2->2
[2025-06-05T03:04:57.848+0000][20.771s][info ][gc,heap     ] GC(61) Humongous regions: 0->0
[2025-06-05T03:04:57.848+0000][20.771s][info ][gc,metaspace] GC(61) Metaspace: 130054K(131136K)->130054K(131136K) NonClass: 113668K(114240K)->113668K(114240K) Class: 16385K(16896K)->16385K(16896K)
[2025-06-05T03:04:57.848+0000][20.771s][info ][gc          ] GC(61) Pause Young (Normal) (G1 Evacuation Pause) 230M->117M(271M) 15.999ms
[2025-06-05T03:04:57.848+0000][20.771s][info ][gc,cpu      ] GC(61) User=0.03s Sys=0.00s Real=0.02s
[2025-06-05T03:04:57.848+0000][20.771s][info ][safepoint   ] Safepoint "G1CollectForAllocation", Time since last: 7999208 ns, Reaching safepoint: 130000 ns, Cleanup: 10875 ns, At safepoint: 16166333 ns, Total: 16307208 ns
[2025-06-05T03:04:58.087+0000][21.010s][debug][safepoint   ] Safepoint synchronization initiated using futex wait barrier. (50 threads)
[2025-06-05T03:04:58.087+0000][21.010s][info ][gc,start    ] GC(62) Pause Young (Normal) (G1 Evacuation Pause)
[2025-06-05T03:04:58.087+0000][21.010s][info ][gc,task     ] GC(62) Using 2 workers of 2 for evacuation
[2025-06-05T03:04:58.105+0000][21.028s][info ][gc,phases   ] GC(62)   Pre Evacuate Collection Set: 0.1ms
[2025-06-05T03:04:58.105+0000][21.028s][info ][gc,phases   ] GC(62)   Merge Heap Roots: 0.1ms
[2025-06-05T03:04:58.105+0000][21.028s][info ][gc,phases   ] GC(62)   Evacuate Collection Set: 16.0ms
[2025-06-05T03:04:58.105+0000][21.028s][info ][gc,phases   ] GC(62)   Post Evacuate Collection Set: 1.2ms
[2025-06-05T03:04:58.105+0000][21.028s][info ][gc,phases   ] GC(62)   Other: 0.2ms
[2025-06-05T03:04:58.105+0000][21.028s][info ][gc,heap     ] GC(62) Eden regions: 114->0(116)
[2025-06-05T03:04:58.105+0000][21.028s][info ][gc,heap     ] GC(62) Survivor regions: 10->6(16)
[2025-06-05T03:04:58.105+0000][21.028s][info ][gc,heap     ] GC(62) Old regions: 107->111
[2025-06-05T03:04:58.105+0000][21.028s][info ][gc,heap     ] GC(62) Archive regions: 2->2
[2025-06-05T03:04:58.105+0000][21.028s][info ][gc,heap     ] GC(62) Humongous regions: 0->0
[2025-06-05T03:04:58.105+0000][21.028s][info ][gc,metaspace] GC(62) Metaspace: 132848K(133888K)->132848K(133888K) NonClass: 116132K(116672K)->116132K(116672K) Class: 16715K(17216K)->16715K(17216K)
[2025-06-05T03:04:58.105+0000][21.028s][info ][gc          ] GC(62) Pause Young (Normal) (G1 Evacuation Pause) 231M->117M(271M) 18.049ms
[2025-06-05T03:04:58.105+0000][21.028s][info ][gc,cpu      ] GC(62) User=0.03s Sys=0.00s Real=0.02s
[2025-06-05T03:04:58.105+0000][21.029s][info ][safepoint   ] Safepoint "G1CollectForAllocation", Time since last: 238922334 ns, Reaching safepoint: 153083 ns, Cleanup: 20250 ns, At safepoint: 18180750 ns, Total: 18354083 ns
[2025-06-05T03:04:58.655+0000][21.578s][debug][safepoint   ] Safepoint synchronization initiated using futex wait barrier. (51 threads)
[2025-06-05T03:04:58.655+0000][21.579s][info ][gc,start    ] GC(63) Pause Young (Normal) (G1 Evacuation Pause)
[2025-06-05T03:04:58.656+0000][21.579s][info ][gc,task     ] GC(63) Using 2 workers of 2 for evacuation
[2025-06-05T03:04:58.693+0000][21.616s][info ][gc,phases   ] GC(63)   Pre Evacuate Collection Set: 2.1ms
[2025-06-05T03:04:58.694+0000][21.617s][info ][gc,phases   ] GC(63)   Merge Heap Roots: 1.3ms
[2025-06-05T03:04:58.694+0000][21.617s][info ][gc,phases   ] GC(63)   Evacuate Collection Set: 26.1ms
[2025-06-05T03:04:58.694+0000][21.617s][info ][gc,phases   ] GC(63)   Post Evacuate Collection Set: 7.8ms
[2025-06-05T03:04:58.694+0000][21.617s][info ][gc,phases   ] GC(63)   Other: 0.6ms
[2025-06-05T03:04:58.694+0000][21.618s][info ][gc,heap     ] GC(63) Eden regions: 116->0(112)
[2025-06-05T03:04:58.695+0000][21.618s][info ][gc,heap     ] GC(63) Survivor regions: 6->9(16)
[2025-06-05T03:04:58.695+0000][21.618s][info ][gc,heap     ] GC(63) Old regions: 111->111
[2025-06-05T03:04:58.695+0000][21.618s][info ][gc,heap     ] GC(63) Archive regions: 2->2
[2025-06-05T03:04:58.695+0000][21.618s][info ][gc,heap     ] GC(63) Humongous regions: 0->0
[2025-06-05T03:04:58.695+0000][21.618s][info ][gc,metaspace] GC(63) Metaspace: 135527K(136576K)->135527K(136576K) NonClass: 118540K(119104K)->118540K(119104K) Class: 16987K(17472K)->16987K(17472K)
[2025-06-05T03:04:58.697+0000][21.620s][info ][gc          ] GC(63) Pause Young (Normal) (G1 Evacuation Pause) 233M->120M(271M) 41.955ms
[2025-06-05T03:04:58.698+0000][21.621s][info ][gc,cpu      ] GC(63) User=0.07s Sys=0.00s Real=0.04s
[2025-06-05T03:04:58.698+0000][21.621s][info ][safepoint   ] Safepoint "G1CollectForAllocation", Time since last: 549338459 ns, Reaching safepoint: 488625 ns, Cleanup: 85083 ns, At safepoint: 42524000 ns, Total: 43097708 ns
[2025-06-05T03:04:59.160+0000][22.084s][debug][safepoint   ] Safepoint synchronization initiated using futex wait barrier. (52 threads)
[2025-06-05T03:04:59.161+0000][22.084s][info ][gc,start    ] GC(64) Pause Young (Normal) (G1 Evacuation Pause)
[2025-06-05T03:04:59.161+0000][22.084s][info ][gc,task     ] GC(64) Using 2 workers of 2 for evacuation
[2025-06-05T03:04:59.178+0000][22.101s][info ][gc,phases   ] GC(64)   Pre Evacuate Collection Set: 0.1ms
[2025-06-05T03:04:59.192+0000][22.115s][info ][gc,phases   ] GC(64)   Merge Heap Roots: 0.1ms
[2025-06-05T03:04:59.192+0000][22.115s][info ][gc,phases   ] GC(64)   Evacuate Collection Set: 15.2ms
[2025-06-05T03:04:59.192+0000][22.115s][info ][gc,phases   ] GC(64)   Post Evacuate Collection Set: 1.9ms
[2025-06-05T03:04:59.192+0000][22.115s][info ][gc,phases   ] GC(64)   Other: 0.2ms
[2025-06-05T03:04:59.192+0000][22.115s][info ][gc,heap     ] GC(64) Eden regions: 112->0(136)
[2025-06-05T03:04:59.192+0000][22.115s][info ][gc,heap     ] GC(64) Survivor regions: 9->10(16)
[2025-06-05T03:04:59.192+0000][22.116s][info ][gc,heap     ] GC(64) Old regions: 111->114
[2025-06-05T03:04:59.192+0000][22.116s][info ][gc,heap     ] GC(64) Archive regions: 2->2
[2025-06-05T03:04:59.192+0000][22.116s][info ][gc,heap     ] GC(64) Humongous regions: 0->0
[2025-06-05T03:04:59.193+0000][22.116s][info ][gc,metaspace] GC(64) Metaspace: 137706K(138752K)->137706K(138752K) NonClass: 120588K(121152K)->120588K(121152K) Class: 17118K(17600K)->17118K(17600K)
[2025-06-05T03:04:59.193+0000][22.116s][info ][gc          ] GC(64) Pause Young (Normal) (G1 Evacuation Pause) 232M->124M(304M) 31.859ms
[2025-06-05T03:04:59.193+0000][22.116s][info ][gc,cpu      ] GC(64) User=0.05s Sys=0.00s Real=0.03s
[2025-06-05T03:04:59.193+0000][22.116s][info ][safepoint   ] Safepoint "G1CollectForAllocation", Time since last: 462638125 ns, Reaching safepoint: 151375 ns, Cleanup: 80542 ns, At safepoint: 32064917 ns, Total: 32296834 ns
[2025-06-05T03:04:59.234+0000][22.157s][debug][safepoint   ] Safepoint synchronization initiated using futex wait barrier. (52 threads)
[2025-06-05T03:04:59.234+0000][22.157s][info ][gc,start    ] GC(65) Pause Young (Concurrent Start) (Metadata GC Threshold)
[2025-06-05T03:04:59.234+0000][22.157s][info ][gc,task     ] GC(65) Using 2 workers of 2 for evacuation
[2025-06-05T03:04:59.251+0000][22.174s][info ][gc,phases   ] GC(65)   Pre Evacuate Collection Set: 0.3ms
[2025-06-05T03:04:59.251+0000][22.174s][info ][gc,phases   ] GC(65)   Merge Heap Roots: 0.1ms
[2025-06-05T03:04:59.251+0000][22.174s][info ][gc,phases   ] GC(65)   Evacuate Collection Set: 15.4ms
[2025-06-05T03:04:59.251+0000][22.174s][info ][gc,phases   ] GC(65)   Post Evacuate Collection Set: 1.0ms
[2025-06-05T03:04:59.251+0000][22.174s][info ][gc,phases   ] GC(65)   Other: 0.3ms
[2025-06-05T03:04:59.251+0000][22.174s][info ][gc,heap     ] GC(65) Eden regions: 9->0(137)
[2025-06-05T03:04:59.251+0000][22.175s][info ][gc,heap     ] GC(65) Survivor regions: 10->10(19)
[2025-06-05T03:04:59.251+0000][22.175s][info ][gc,heap     ] GC(65) Old regions: 114->114
[2025-06-05T03:04:59.251+0000][22.175s][info ][gc,heap     ] GC(65) Archive regions: 2->2
[2025-06-05T03:04:59.252+0000][22.175s][info ][gc,heap     ] GC(65) Humongous regions: 0->0
[2025-06-05T03:04:59.252+0000][22.175s][info ][gc,metaspace] GC(65) Metaspace: 137878K(138880K)->137878K(138880K) NonClass: 120750K(121280K)->120750K(121280K) Class: 17128K(17600K)->17128K(17600K)
[2025-06-05T03:04:59.252+0000][22.175s][info ][gc          ] GC(65) Pause Young (Concurrent Start) (Metadata GC Threshold) 132M->124M(304M) 17.632ms
[2025-06-05T03:04:59.252+0000][22.175s][info ][gc,cpu      ] GC(65) User=0.02s Sys=0.01s Real=0.01s
[2025-06-05T03:04:59.252+0000][22.175s][info ][gc          ] GC(66) Concurrent Mark Cycle
[2025-06-05T03:04:59.252+0000][22.175s][info ][gc,marking  ] GC(66) Concurrent Clear Claimed Marks
[2025-06-05T03:04:59.252+0000][22.175s][info ][safepoint   ] Safepoint "CollectForMetadataAllocation", Time since last: 40998208 ns, Reaching safepoint: 191125 ns, Cleanup: 22833 ns, At safepoint: 17841792 ns, Total: 18055750 ns
[2025-06-05T03:04:59.252+0000][22.175s][info ][gc,marking  ] GC(66) Concurrent Clear Claimed Marks 0.220ms
[2025-06-05T03:04:59.256+0000][22.179s][info ][gc,marking  ] GC(66) Concurrent Scan Root Regions
[2025-06-05T03:04:59.268+0000][22.191s][info ][gc,marking  ] GC(66) Concurrent Scan Root Regions 12.340ms
[2025-06-05T03:04:59.268+0000][22.191s][info ][gc,marking  ] GC(66) Concurrent Mark
[2025-06-05T03:04:59.268+0000][22.192s][info ][gc,marking  ] GC(66) Concurrent Mark From Roots
[2025-06-05T03:04:59.268+0000][22.192s][info ][gc,task     ] GC(66) Using 1 workers of 1 for marking
[2025-06-05T03:04:59.322+0000][22.245s][debug][safepoint   ] Safepoint synchronization initiated using futex wait barrier. (52 threads)
[2025-06-05T03:04:59.322+0000][22.245s][info ][safepoint   ] Safepoint "CollectForMetadataAllocation", Time since last: 69723209 ns, Reaching safepoint: 154541 ns, Cleanup: 22792 ns, At safepoint: 19625 ns, Total: 196958 ns
[2025-06-05T03:04:59.422+0000][22.345s][debug][safepoint   ] Safepoint synchronization initiated using futex wait barrier. (52 threads)
[2025-06-05T03:04:59.422+0000][22.345s][info ][safepoint   ] Safepoint "CollectForMetadataAllocation", Time since last: 100058625 ns, Reaching safepoint: 162958 ns, Cleanup: 3709 ns, At safepoint: 25041 ns, Total: 191708 ns
[2025-06-05T03:04:59.503+0000][22.427s][info ][gc,marking  ] GC(66) Concurrent Mark From Roots 235.088ms
[2025-06-05T03:04:59.504+0000][22.428s][info ][gc,marking  ] GC(66) Concurrent Preclean
[2025-06-05T03:04:59.508+0000][22.431s][info ][gc,marking  ] GC(66) Concurrent Preclean 3.450ms
[2025-06-05T03:04:59.508+0000][22.431s][debug][safepoint   ] Safepoint synchronization initiated using futex wait barrier. (53 threads)
[2025-06-05T03:04:59.509+0000][22.432s][debug][safepoint   ] ... found polling page loop exception at pc = 0x0000ffff69364778, stub =0x0000ffff6897ef00
[2025-06-05T03:04:59.510+0000][22.433s][info ][gc,start    ] GC(66) Pause Remark
[2025-06-05T03:04:59.525+0000][22.448s][info ][gc          ] GC(66) Pause Remark 168M->168M(304M) 14.904ms
[2025-06-05T03:04:59.525+0000][22.448s][info ][gc,cpu      ] GC(66) User=0.03s Sys=0.00s Real=0.02s
[2025-06-05T03:04:59.525+0000][22.448s][info ][safepoint   ] Safepoint "G1PauseRemark", Time since last: 86073084 ns, Reaching safepoint: 1906791 ns, Cleanup: 3542 ns, At safepoint: 15239833 ns, Total: 17150166 ns
[2025-06-05T03:04:59.527+0000][22.450s][info ][gc,marking  ] GC(66) Concurrent Mark 258.561ms
[2025-06-05T03:04:59.527+0000][22.450s][info ][gc,marking  ] GC(66) Concurrent Rebuild Remembered Sets
[2025-06-05T03:04:59.639+0000][22.562s][info ][gc,marking  ] GC(66) Concurrent Rebuild Remembered Sets 111.736ms
[2025-06-05T03:04:59.639+0000][22.562s][debug][safepoint   ] Safepoint synchronization initiated using futex wait barrier. (53 threads)
[2025-06-05T03:04:59.641+0000][22.564s][info ][gc,start    ] GC(66) Pause Cleanup
[2025-06-05T03:04:59.641+0000][22.564s][info ][gc          ] GC(66) Pause Cleanup 196M->196M(304M) 0.202ms
[2025-06-05T03:04:59.641+0000][22.564s][info ][gc,cpu      ] GC(66) User=0.00s Sys=0.00s Real=0.00s
[2025-06-05T03:04:59.641+0000][22.564s][info ][safepoint   ] Safepoint "G1PauseCleanup", Time since last: 113765584 ns, Reaching safepoint: 2000750 ns, Cleanup: 12125 ns, At safepoint: 339916 ns, Total: 2352791 ns
[2025-06-05T03:04:59.645+0000][22.568s][info ][gc,marking  ] GC(66) Concurrent Cleanup for Next Mark
[2025-06-05T03:04:59.647+0000][22.570s][info ][gc,marking  ] GC(66) Concurrent Cleanup for Next Mark 2.168ms
[2025-06-05T03:04:59.647+0000][22.570s][info ][gc          ] GC(66) Concurrent Mark Cycle 395.564ms
[2025-06-05T03:04:59.844+0000][22.767s][debug][safepoint   ] Safepoint synchronization initiated using futex wait barrier. (56 threads)
[2025-06-05T03:04:59.845+0000][22.768s][info ][gc,start    ] GC(67) Pause Young (Prepare Mixed) (G1 Evacuation Pause)
[2025-06-05T03:04:59.845+0000][22.768s][info ][gc,task     ] GC(67) Using 2 workers of 2 for evacuation
[2025-06-05T03:04:59.859+0000][22.782s][info ][gc,phases   ] GC(67)   Pre Evacuate Collection Set: 0.1ms
[2025-06-05T03:04:59.859+0000][22.783s][info ][gc,phases   ] GC(67)   Merge Heap Roots: 0.2ms
[2025-06-05T03:04:59.859+0000][22.783s][info ][gc,phases   ] GC(67)   Evacuate Collection Set: 13.1ms
[2025-06-05T03:04:59.859+0000][22.783s][info ][gc,phases   ] GC(67)   Post Evacuate Collection Set: 1.3ms
[2025-06-05T03:04:59.860+0000][22.783s][info ][gc,phases   ] GC(67)   Other: 0.2ms
[2025-06-05T03:04:59.860+0000][22.783s][info ][gc,heap     ] GC(67) Eden regions: 137->0(1)
[2025-06-05T03:04:59.860+0000][22.783s][info ][gc,heap     ] GC(67) Survivor regions: 10->15(19)
[2025-06-05T03:04:59.860+0000][22.783s][info ][gc,heap     ] GC(67) Old regions: 114->114
[2025-06-05T03:04:59.860+0000][22.783s][info ][gc,heap     ] GC(67) Archive regions: 2->2
[2025-06-05T03:04:59.860+0000][22.783s][info ][gc,heap     ] GC(67) Humongous regions: 0->0
[2025-06-05T03:04:59.860+0000][22.783s][info ][gc,metaspace] GC(67) Metaspace: 140090K(141184K)->140090K(141184K) NonClass: 122821K(123392K)->122821K(123392K) Class: 17268K(17792K)->17268K(17792K)
[2025-06-05T03:04:59.860+0000][22.783s][info ][gc          ] GC(67) Pause Young (Prepare Mixed) (G1 Evacuation Pause) 261M->129M(304M) 15.348ms
[2025-06-05T03:04:59.860+0000][22.783s][info ][gc,cpu      ] GC(67) User=0.03s Sys=0.00s Real=0.01s
[2025-06-05T03:04:59.860+0000][22.783s][info ][safepoint   ] Safepoint "G1CollectForAllocation", Time since last: 202982542 ns, Reaching safepoint: 143875 ns, Cleanup: 44208 ns, At safepoint: 15507750 ns, Total: 15695833 ns
[2025-06-05T03:04:59.861+0000][22.784s][debug][safepoint   ] Safepoint synchronization initiated using futex wait barrier. (56 threads)
[2025-06-05T03:04:59.861+0000][22.784s][info ][gc,start    ] GC(68) Pause Young (Mixed) (G1 Evacuation Pause)
[2025-06-05T03:04:59.861+0000][22.784s][info ][gc,task     ] GC(68) Using 2 workers of 2 for evacuation
[2025-06-05T03:04:59.922+0000][22.845s][info ][gc,phases   ] GC(68)   Pre Evacuate Collection Set: 0.1ms
[2025-06-05T03:04:59.922+0000][22.845s][info ][gc,phases   ] GC(68)   Merge Heap Roots: 0.2ms
[2025-06-05T03:04:59.923+0000][22.846s][info ][gc,phases   ] GC(68)   Evacuate Collection Set: 55.9ms
[2025-06-05T03:04:59.923+0000][22.846s][info ][gc,phases   ] GC(68)   Post Evacuate Collection Set: 4.3ms
[2025-06-05T03:04:59.923+0000][22.846s][info ][gc,phases   ] GC(68)   Other: 0.3ms
[2025-06-05T03:04:59.923+0000][22.846s][info ][gc,heap     ] GC(68) Eden regions: 1->0(133)
[2025-06-05T03:04:59.923+0000][22.846s][info ][gc,heap     ] GC(68) Survivor regions: 15->1(2)
[2025-06-05T03:04:59.923+0000][22.846s][info ][gc,heap     ] GC(68) Old regions: 114->126
[2025-06-05T03:04:59.923+0000][22.846s][info ][gc,heap     ] GC(68) Archive regions: 2->2
[2025-06-05T03:04:59.923+0000][22.846s][info ][gc,heap     ] GC(68) Humongous regions: 0->0
[2025-06-05T03:04:59.923+0000][22.846s][info ][gc,metaspace] GC(68) Metaspace: 140090K(141184K)->140090K(141184K) NonClass: 122821K(123392K)->122821K(123392K) Class: 17268K(17792K)->17268K(17792K)
[2025-06-05T03:04:59.923+0000][22.846s][info ][gc          ] GC(68) Pause Young (Mixed) (G1 Evacuation Pause) 130M->127M(304M) 62.107ms
[2025-06-05T03:04:59.923+0000][22.847s][info ][gc,cpu      ] GC(68) User=0.12s Sys=0.00s Real=0.07s
[2025-06-05T03:04:59.924+0000][22.847s][info ][safepoint   ] Safepoint "G1CollectForAllocation", Time since last: 963709 ns, Reaching safepoint: 61750 ns, Cleanup: 2291 ns, At safepoint: 62493417 ns, Total: 62557458 ns
[2025-06-05T03:05:00.569+0000][23.493s][debug][safepoint   ] Safepoint synchronization initiated using futex wait barrier. (57 threads)
[2025-06-05T03:05:00.570+0000][23.493s][info ][gc,start    ] GC(69) Pause Young (Concurrent Start) (G1 Evacuation Pause)
[2025-06-05T03:05:00.570+0000][23.493s][info ][gc,task     ] GC(69) Using 2 workers of 2 for evacuation
[2025-06-05T03:05:00.585+0000][23.508s][info ][gc,phases   ] GC(69)   Pre Evacuate Collection Set: 0.6ms
[2025-06-05T03:05:00.585+0000][23.508s][info ][gc,phases   ] GC(69)   Merge Heap Roots: 0.2ms
[2025-06-05T03:05:00.585+0000][23.508s][info ][gc,phases   ] GC(69)   Evacuate Collection Set: 12.5ms
[2025-06-05T03:05:00.585+0000][23.508s][info ][gc,phases   ] GC(69)   Post Evacuate Collection Set: 1.6ms
[2025-06-05T03:05:00.585+0000][23.508s][info ][gc,phases   ] GC(69)   Other: 0.4ms
[2025-06-05T03:05:00.585+0000][23.508s][info ][gc,heap     ] GC(69) Eden regions: 133->0(128)
[2025-06-05T03:05:00.585+0000][23.508s][info ][gc,heap     ] GC(69) Survivor regions: 1->5(17)
[2025-06-05T03:05:00.585+0000][23.508s][info ][gc,heap     ] GC(69) Old regions: 126->126
[2025-06-05T03:05:00.585+0000][23.508s][info ][gc,heap     ] GC(69) Archive regions: 2->2
[2025-06-05T03:05:00.585+0000][23.509s][info ][gc,heap     ] GC(69) Humongous regions: 0->0
[2025-06-05T03:05:00.585+0000][23.509s][info ][gc,metaspace] GC(69) Metaspace: 143940K(145024K)->143940K(145024K) NonClass: 126367K(126912K)->126367K(126912K) Class: 17572K(18112K)->17572K(18112K)
[2025-06-05T03:05:00.585+0000][23.509s][info ][gc          ] GC(69) Pause Young (Concurrent Start) (G1 Evacuation Pause) 260M->131M(304M) 15.829ms
[2025-06-05T03:05:00.586+0000][23.509s][info ][gc,cpu      ] GC(69) User=0.03s Sys=0.00s Real=0.02s
[2025-06-05T03:05:00.586+0000][23.509s][info ][safepoint   ] Safepoint "G1CollectForAllocation", Time since last: 645842292 ns, Reaching safepoint: 151708 ns, Cleanup: 68167 ns, At safepoint: 16071875 ns, Total: 16291750 ns
[2025-06-05T03:05:00.586+0000][23.509s][info ][gc          ] GC(70) Concurrent Mark Cycle
[2025-06-05T03:05:00.590+0000][23.513s][info ][gc,marking  ] GC(70) Concurrent Clear Claimed Marks
[2025-06-05T03:05:00.590+0000][23.513s][info ][gc,marking  ] GC(70) Concurrent Clear Claimed Marks 0.210ms
[2025-06-05T03:05:00.590+0000][23.513s][info ][gc,marking  ] GC(70) Concurrent Scan Root Regions
[2025-06-05T03:05:00.597+0000][23.520s][info ][gc,marking  ] GC(70) Concurrent Scan Root Regions 7.069ms
[2025-06-05T03:05:00.597+0000][23.520s][info ][gc,marking  ] GC(70) Concurrent Mark
[2025-06-05T03:05:00.597+0000][23.520s][info ][gc,marking  ] GC(70) Concurrent Mark From Roots
[2025-06-05T03:05:00.597+0000][23.521s][info ][gc,task     ] GC(70) Using 1 workers of 1 for marking
[2025-06-05T03:05:00.900+0000][23.823s][info ][gc,marking  ] GC(70) Concurrent Mark From Roots 302.518ms
[2025-06-05T03:05:00.900+0000][23.823s][info ][gc,marking  ] GC(70) Concurrent Preclean
[2025-06-05T03:05:00.900+0000][23.823s][info ][gc,marking  ] GC(70) Concurrent Preclean 0.283ms
[2025-06-05T03:05:00.900+0000][23.824s][debug][safepoint   ] Safepoint synchronization initiated using futex wait barrier. (62 threads)
[2025-06-05T03:05:00.903+0000][23.826s][info ][gc,start    ] GC(70) Pause Remark
[2025-06-05T03:05:00.916+0000][23.839s][info ][gc          ] GC(70) Pause Remark 168M->168M(304M) 12.971ms
[2025-06-05T03:05:00.916+0000][23.840s][info ][gc,cpu      ] GC(70) User=0.02s Sys=0.00s Real=0.01s
[2025-06-05T03:05:00.917+0000][23.840s][info ][safepoint   ] Safepoint "G1PauseRemark", Time since last: 314753459 ns, Reaching safepoint: 2857958 ns, Cleanup: 13208 ns, At safepoint: 13237875 ns, Total: 16109041 ns
[2025-06-05T03:05:00.917+0000][23.840s][info ][gc,marking  ] GC(70) Concurrent Mark 319.454ms
[2025-06-05T03:05:00.920+0000][23.843s][info ][gc,marking  ] GC(70) Concurrent Rebuild Remembered Sets
[2025-06-05T03:05:01.033+0000][23.957s][info ][gc,marking  ] GC(70) Concurrent Rebuild Remembered Sets 113.704ms
[2025-06-05T03:05:01.034+0000][23.957s][debug][safepoint   ] Safepoint synchronization initiated using futex wait barrier. (62 threads)
[2025-06-05T03:05:01.034+0000][23.957s][info ][gc,start    ] GC(70) Pause Cleanup
[2025-06-05T03:05:01.034+0000][23.957s][info ][gc          ] GC(70) Pause Cleanup 198M->198M(304M) 0.188ms
[2025-06-05T03:05:01.034+0000][23.957s][info ][gc,cpu      ] GC(70) User=0.01s Sys=0.00s Real=0.00s
[2025-06-05T03:05:01.034+0000][23.957s][info ][safepoint   ] Safepoint "G1PauseCleanup", Time since last: 117143750 ns, Reaching safepoint: 315917 ns, Cleanup: 12542 ns, At safepoint: 324208 ns, Total: 652667 ns
[2025-06-05T03:05:01.034+0000][23.958s][info ][gc,marking  ] GC(70) Concurrent Cleanup for Next Mark
[2025-06-05T03:05:01.040+0000][23.963s][info ][gc,marking  ] GC(70) Concurrent Cleanup for Next Mark 5.765ms
[2025-06-05T03:05:01.040+0000][23.963s][info ][gc          ] GC(70) Concurrent Mark Cycle 454.550ms
[2025-06-05T03:05:01.102+0000][24.025s][info ][cds,heap    ] initialize_from_archived_subgraph jdk.internal.math.FDBigInteger 0x000000780014c910
[2025-06-05T03:05:01.194+0000][24.117s][debug][safepoint   ] Safepoint synchronization initiated using futex wait barrier. (62 threads)
[2025-06-05T03:05:01.194+0000][24.117s][info ][safepoint   ] Safepoint "ICBufferFull", Time since last: 159592500 ns, Reaching safepoint: 151083 ns, Cleanup: 77625 ns, At safepoint: 5000 ns, Total: 233708 ns
[2025-06-05T03:05:01.285+0000][24.208s][debug][safepoint   ] Safepoint synchronization initiated using futex wait barrier. (66 threads)
[2025-06-05T03:05:01.285+0000][24.208s][info ][gc,start    ] GC(71) Pause Young (Prepare Mixed) (G1 Evacuation Pause)
[2025-06-05T03:05:01.285+0000][24.208s][info ][gc,task     ] GC(71) Using 2 workers of 2 for evacuation
[2025-06-05T03:05:01.296+0000][24.219s][info ][gc,phases   ] GC(71)   Pre Evacuate Collection Set: 0.2ms
[2025-06-05T03:05:01.296+0000][24.219s][info ][gc,phases   ] GC(71)   Merge Heap Roots: 0.2ms
[2025-06-05T03:05:01.296+0000][24.219s][info ][gc,phases   ] GC(71)   Evacuate Collection Set: 8.3ms
[2025-06-05T03:05:01.296+0000][24.219s][info ][gc,phases   ] GC(71)   Post Evacuate Collection Set: 1.5ms
[2025-06-05T03:05:01.296+0000][24.219s][info ][gc,phases   ] GC(71)   Other: 0.2ms
[2025-06-05T03:05:01.296+0000][24.219s][info ][gc,heap     ] GC(71) Eden regions: 128->0(8)
[2025-06-05T03:05:01.296+0000][24.219s][info ][gc,heap     ] GC(71) Survivor regions: 5->7(17)
[2025-06-05T03:05:01.296+0000][24.219s][info ][gc,heap     ] GC(71) Old regions: 126->126
[2025-06-05T03:05:01.296+0000][24.219s][info ][gc,heap     ] GC(71) Archive regions: 2->2
[2025-06-05T03:05:01.296+0000][24.219s][info ][gc,heap     ] GC(71) Humongous regions: 0->0
[2025-06-05T03:05:01.296+0000][24.219s][info ][gc,metaspace] GC(71) Metaspace: 148630K(149696K)->148630K(149696K) NonClass: 130513K(131072K)->130513K(131072K) Class: 18117K(18624K)->18117K(18624K)
[2025-06-05T03:05:01.296+0000][24.219s][info ][gc          ] GC(71) Pause Young (Prepare Mixed) (G1 Evacuation Pause) 259M->133M(304M) 10.977ms
[2025-06-05T03:05:01.296+0000][24.219s][info ][gc,cpu      ] GC(71) User=0.02s Sys=0.00s Real=0.01s
[2025-06-05T03:05:01.296+0000][24.219s][info ][safepoint   ] Safepoint "G1CollectForAllocation", Time since last: 90396917 ns, Reaching safepoint: 623042 ns, Cleanup: 47250 ns, At safepoint: 11115625 ns, Total: 11785917 ns
[2025-06-05T03:05:01.321+0000][24.245s][debug][safepoint   ] Safepoint synchronization initiated using futex wait barrier. (71 threads)
[2025-06-05T03:05:01.322+0000][24.245s][info ][gc,start    ] GC(72) Pause Young (Mixed) (G1 Evacuation Pause)
[2025-06-05T03:05:01.322+0000][24.245s][info ][gc,task     ] GC(72) Using 2 workers of 2 for evacuation
[2025-06-05T03:05:01.342+0000][24.265s][info ][gc,phases   ] GC(72)   Pre Evacuate Collection Set: 0.1ms
[2025-06-05T03:05:01.342+0000][24.266s][info ][gc,phases   ] GC(72)   Merge Heap Roots: 0.1ms
[2025-06-05T03:05:01.342+0000][24.266s][info ][gc,phases   ] GC(72)   Evacuate Collection Set: 19.1ms
[2025-06-05T03:05:01.343+0000][24.266s][info ][gc,phases   ] GC(72)   Post Evacuate Collection Set: 1.1ms
[2025-06-05T03:05:01.343+0000][24.266s][info ][gc,phases   ] GC(72)   Other: 0.2ms
[2025-06-05T03:05:01.343+0000][24.266s][info ][gc,heap     ] GC(72) Eden regions: 8->0(128)
[2025-06-05T03:05:01.343+0000][24.266s][info ][gc,heap     ] GC(72) Survivor regions: 7->1(2)
[2025-06-05T03:05:01.343+0000][24.266s][info ][gc,heap     ] GC(72) Old regions: 126->131
[2025-06-05T03:05:01.343+0000][24.266s][info ][gc,heap     ] GC(72) Archive regions: 2->2
[2025-06-05T03:05:01.343+0000][24.266s][info ][gc,heap     ] GC(72) Humongous regions: 0->0
[2025-06-05T03:05:01.343+0000][24.266s][info ][gc,metaspace] GC(72) Metaspace: 148873K(149888K)->148873K(149888K) NonClass: 130731K(131264K)->130731K(131264K) Class: 18141K(18624K)->18141K(18624K)
[2025-06-05T03:05:01.343+0000][24.266s][info ][gc          ] GC(72) Pause Young (Mixed) (G1 Evacuation Pause) 141M->132M(304M) 21.274ms
[2025-06-05T03:05:01.343+0000][24.266s][info ][gc,cpu      ] GC(72) User=0.04s Sys=0.00s Real=0.03s
[2025-06-05T03:05:01.343+0000][24.266s][info ][safepoint   ] Safepoint "G1CollectForAllocation", Time since last: 25149916 ns, Reaching safepoint: 131042 ns, Cleanup: 14750 ns, At safepoint: 21443000 ns, Total: 21588792 ns
[2025-06-05T03:05:01.634+0000][24.557s][debug][safepoint   ] Safepoint synchronization initiated using futex wait barrier. (72 threads)
[2025-06-05T03:05:01.634+0000][24.557s][info ][gc,start    ] GC(73) Pause Young (Normal) (G1 Evacuation Pause)
[2025-06-05T03:05:01.634+0000][24.557s][info ][gc,task     ] GC(73) Using 2 workers of 2 for evacuation
[2025-06-05T03:05:01.641+0000][24.564s][info ][gc,phases   ] GC(73)   Pre Evacuate Collection Set: 0.1ms
[2025-06-05T03:05:01.641+0000][24.564s][info ][gc,phases   ] GC(73)   Merge Heap Roots: 0.1ms
[2025-06-05T03:05:01.641+0000][24.564s][info ][gc,phases   ] GC(73)   Evacuate Collection Set: 5.3ms
[2025-06-05T03:05:01.641+0000][24.564s][info ][gc,phases   ] GC(73)   Post Evacuate Collection Set: 1.1ms
[2025-06-05T03:05:01.641+0000][24.564s][info ][gc,phases   ] GC(73)   Other: 0.2ms
[2025-06-05T03:05:01.641+0000][24.564s][info ][gc,heap     ] GC(73) Eden regions: 128->0(127)
[2025-06-05T03:05:01.641+0000][24.564s][info ][gc,heap     ] GC(73) Survivor regions: 1->3(17)
[2025-06-05T03:05:01.641+0000][24.565s][info ][gc,heap     ] GC(73) Old regions: 131->131
[2025-06-05T03:05:01.641+0000][24.565s][info ][gc,heap     ] GC(73) Archive regions: 2->2
[2025-06-05T03:05:01.641+0000][24.565s][info ][gc,heap     ] GC(73) Humongous regions: 0->0
[2025-06-05T03:05:01.641+0000][24.565s][info ][gc,metaspace] GC(73) Metaspace: 150575K(151680K)->150575K(151680K) NonClass: 132208K(132800K)->132208K(132800K) Class: 18367K(18880K)->18367K(18880K)
[2025-06-05T03:05:01.642+0000][24.565s][info ][gc          ] GC(73) Pause Young (Normal) (G1 Evacuation Pause) 260M->134M(304M) 7.386ms
[2025-06-05T03:05:01.642+0000][24.565s][info ][gc,cpu      ] GC(73) User=0.02s Sys=0.00s Real=0.00s
[2025-06-05T03:05:01.642+0000][24.565s][info ][safepoint   ] Safepoint "G1CollectForAllocation", Time since last: 290929125 ns, Reaching safepoint: 138000 ns, Cleanup: 53417 ns, At safepoint: 7544375 ns, Total: 7735792 ns
[2025-06-05T03:05:01.859+0000][24.782s][debug][safepoint   ] Safepoint synchronization initiated using futex wait barrier. (72 threads)
[2025-06-05T03:05:01.861+0000][24.784s][info ][safepoint   ] Safepoint "ICBufferFull", Time since last: 217040125 ns, Reaching safepoint: 2017167 ns, Cleanup: 69541 ns, At safepoint: 18084 ns, Total: 2104792 ns
[2025-06-05T03:05:01.937+0000][24.861s][debug][safepoint   ] Safepoint synchronization initiated using futex wait barrier. (72 threads)
[2025-06-05T03:05:01.938+0000][24.861s][info ][gc,start    ] GC(74) Pause Young (Normal) (G1 Evacuation Pause)
[2025-06-05T03:05:01.938+0000][24.861s][info ][gc,task     ] GC(74) Using 2 workers of 2 for evacuation
[2025-06-05T03:05:01.947+0000][24.870s][info ][gc,phases   ] GC(74)   Pre Evacuate Collection Set: 0.1ms
[2025-06-05T03:05:01.947+0000][24.870s][info ][gc,phases   ] GC(74)   Merge Heap Roots: 0.1ms
[2025-06-05T03:05:01.947+0000][24.870s][info ][gc,phases   ] GC(74)   Evacuate Collection Set: 7.7ms
[2025-06-05T03:05:01.947+0000][24.870s][info ][gc,phases   ] GC(74)   Post Evacuate Collection Set: 1.2ms
[2025-06-05T03:05:01.947+0000][24.870s][info ][gc,phases   ] GC(74)   Other: 0.2ms
[2025-06-05T03:05:01.947+0000][24.870s][info ][gc,heap     ] GC(74) Eden regions: 127->0(122)
[2025-06-05T03:05:01.947+0000][24.870s][info ][gc,heap     ] GC(74) Survivor regions: 3->7(17)
[2025-06-05T03:05:01.947+0000][24.870s][info ][gc,heap     ] GC(74) Old regions: 131->131
[2025-06-05T03:05:01.947+0000][24.870s][info ][gc,heap     ] GC(74) Archive regions: 2->2
[2025-06-05T03:05:01.947+0000][24.870s][info ][gc,heap     ] GC(74) Humongous regions: 0->0
[2025-06-05T03:05:01.947+0000][24.871s][info ][gc,metaspace] GC(74) Metaspace: 151969K(153088K)->151969K(153088K) NonClass: 133421K(134016K)->133421K(134016K) Class: 18548K(19072K)->18548K(19072K)
[2025-06-05T03:05:01.947+0000][24.871s][info ][gc          ] GC(74) Pause Young (Normal) (G1 Evacuation Pause) 261M->138M(304M) 9.742ms
[2025-06-05T03:05:01.947+0000][24.871s][info ][gc,cpu      ] GC(74) User=0.02s Sys=0.00s Real=0.01s
[2025-06-05T03:05:01.948+0000][24.871s][info ][safepoint   ] Safepoint "G1CollectForAllocation", Time since last: 76579708 ns, Reaching safepoint: 134708 ns, Cleanup: 53500 ns, At safepoint: 9877709 ns, Total: 10065917 ns
[2025-06-05T03:05:02.051+0000][24.974s][debug][safepoint   ] ... found polling page loop exception at pc = 0x0000ffff69615ed8, stub =0x0000ffff6897ef00
[2025-06-05T03:05:02.290+0000][25.213s][debug][safepoint   ] Safepoint synchronization initiated using futex wait barrier. (72 threads)
[2025-06-05T03:05:02.290+0000][25.213s][info ][gc,start    ] GC(75) Pause Young (Normal) (G1 Evacuation Pause)
[2025-06-05T03:05:02.290+0000][25.213s][info ][gc,task     ] GC(75) Using 2 workers of 2 for evacuation
[2025-06-05T03:05:02.302+0000][25.226s][info ][gc,phases   ] GC(75)   Pre Evacuate Collection Set: 0.1ms
[2025-06-05T03:05:02.303+0000][25.226s][info ][gc,phases   ] GC(75)   Merge Heap Roots: 0.1ms
[2025-06-05T03:05:02.303+0000][25.226s][info ][gc,phases   ] GC(75)   Evacuate Collection Set: 10.8ms
[2025-06-05T03:05:02.303+0000][25.226s][info ][gc,phases   ] GC(75)   Post Evacuate Collection Set: 1.2ms
[2025-06-05T03:05:02.303+0000][25.226s][info ][gc,phases   ] GC(75)   Other: 0.2ms
[2025-06-05T03:05:02.303+0000][25.226s][info ][gc,heap     ] GC(75) Eden regions: 122->0(119)
[2025-06-05T03:05:02.303+0000][25.226s][info ][gc,heap     ] GC(75) Survivor regions: 7->10(17)
[2025-06-05T03:05:02.303+0000][25.226s][info ][gc,heap     ] GC(75) Old regions: 131->131
[2025-06-05T03:05:02.303+0000][25.226s][info ][gc,heap     ] GC(75) Archive regions: 2->2
[2025-06-05T03:05:02.303+0000][25.226s][info ][gc,heap     ] GC(75) Humongous regions: 0->0
[2025-06-05T03:05:02.303+0000][25.226s][info ][gc,metaspace] GC(75) Metaspace: 152901K(153920K)->152901K(153920K) NonClass: 134179K(134720K)->134179K(134720K) Class: 18722K(19200K)->18722K(19200K)
[2025-06-05T03:05:02.303+0000][25.226s][info ][gc          ] GC(75) Pause Young (Normal) (G1 Evacuation Pause) 260M->141M(304M) 13.002ms
[2025-06-05T03:05:02.303+0000][25.226s][info ][gc,cpu      ] GC(75) User=0.02s Sys=0.00s Real=0.02s
[2025-06-05T03:05:02.303+0000][25.226s][info ][safepoint   ] Safepoint "G1CollectForAllocation", Time since last: 342317625 ns, Reaching safepoint: 143083 ns, Cleanup: 63000 ns, At safepoint: 13148834 ns, Total: 13354917 ns
[2025-06-05T03:05:02.735+0000][25.659s][debug][safepoint   ] Safepoint synchronization initiated using futex wait barrier. (72 threads)
[2025-06-05T03:05:02.736+0000][25.659s][info ][gc,start    ] GC(76) Pause Young (Normal) (G1 Evacuation Pause)
[2025-06-05T03:05:02.736+0000][25.659s][info ][gc,task     ] GC(76) Using 2 workers of 2 for evacuation
[2025-06-05T03:05:02.758+0000][25.682s][info ][gc,phases   ] GC(76)   Pre Evacuate Collection Set: 0.2ms
[2025-06-05T03:05:02.759+0000][25.682s][info ][gc,phases   ] GC(76)   Merge Heap Roots: 0.2ms
[2025-06-05T03:05:02.759+0000][25.682s][info ][gc,phases   ] GC(76)   Evacuate Collection Set: 20.1ms
[2025-06-05T03:05:02.759+0000][25.682s][info ][gc,phases   ] GC(76)   Post Evacuate Collection Set: 1.9ms
[2025-06-05T03:05:02.759+0000][25.682s][info ][gc,phases   ] GC(76)   Other: 0.3ms
[2025-06-05T03:05:02.759+0000][25.682s][info ][gc,heap     ] GC(76) Eden regions: 119->0(116)
[2025-06-05T03:05:02.759+0000][25.682s][info ][gc,heap     ] GC(76) Survivor regions: 10->11(17)
[2025-06-05T03:05:02.759+0000][25.682s][info ][gc,heap     ] GC(76) Old regions: 131->133
[2025-06-05T03:05:02.759+0000][25.682s][info ][gc,heap     ] GC(76) Archive regions: 2->2
[2025-06-05T03:05:02.759+0000][25.682s][info ][gc,heap     ] GC(76) Humongous regions: 0->0
[2025-06-05T03:05:02.759+0000][25.682s][info ][gc,metaspace] GC(76) Metaspace: 154630K(155712K)->154630K(155712K) NonClass: 135670K(136256K)->135670K(136256K) Class: 18959K(19456K)->18959K(19456K)
[2025-06-05T03:05:02.759+0000][25.682s][info ][gc          ] GC(76) Pause Young (Normal) (G1 Evacuation Pause) 260M->144M(304M) 23.253ms
[2025-06-05T03:05:02.759+0000][25.682s][info ][gc,cpu      ] GC(76) User=0.04s Sys=0.01s Real=0.02s
[2025-06-05T03:05:02.759+0000][25.682s][info ][safepoint   ] Safepoint "G1CollectForAllocation", Time since last: 432164666 ns, Reaching safepoint: 164750 ns, Cleanup: 144750 ns, At safepoint: 23473334 ns, Total: 23782834 ns
[2025-06-05T03:05:03.118+0000][26.041s][debug][safepoint   ] Safepoint synchronization initiated using futex wait barrier. (72 threads)
[2025-06-05T03:05:03.118+0000][26.041s][info ][gc,start    ] GC(77) Pause Young (Normal) (G1 Evacuation Pause)
[2025-06-05T03:05:03.118+0000][26.041s][info ][gc,task     ] GC(77) Using 2 workers of 2 for evacuation
[2025-06-05T03:05:03.141+0000][26.064s][info ][gc,phases   ] GC(77)   Pre Evacuate Collection Set: 0.1ms
[2025-06-05T03:05:03.141+0000][26.064s][info ][gc,phases   ] GC(77)   Merge Heap Roots: 0.1ms
[2025-06-05T03:05:03.141+0000][26.064s][info ][gc,phases   ] GC(77)   Evacuate Collection Set: 17.8ms
[2025-06-05T03:05:03.141+0000][26.064s][info ][gc,phases   ] GC(77)   Post Evacuate Collection Set: 4.8ms
[2025-06-05T03:05:03.141+0000][26.064s][info ][gc,phases   ] GC(77)   Other: 0.2ms
[2025-06-05T03:05:03.141+0000][26.064s][info ][gc,heap     ] GC(77) Eden regions: 116->0(337)
[2025-06-05T03:05:03.141+0000][26.064s][info ][gc,heap     ] GC(77) Survivor regions: 11->8(16)
[2025-06-05T03:05:03.141+0000][26.064s][info ][gc,heap     ] GC(77) Old regions: 133->138
[2025-06-05T03:05:03.141+0000][26.064s][info ][gc,heap     ] GC(77) Archive regions: 2->2
[2025-06-05T03:05:03.141+0000][26.064s][info ][gc,heap     ] GC(77) Humongous regions: 0->0
[2025-06-05T03:05:03.141+0000][26.064s][info ][gc,metaspace] GC(77) Metaspace: 155993K(157056K)->155993K(157056K) NonClass: 136844K(137408K)->136844K(137408K) Class: 19148K(19648K)->19148K(19648K)
[2025-06-05T03:05:03.141+0000][26.065s][info ][gc          ] GC(77) Pause Young (Normal) (G1 Evacuation Pause) 260M->146M(575M) 23.439ms
[2025-06-05T03:05:03.141+0000][26.065s][info ][gc,cpu      ] GC(77) User=0.03s Sys=0.00s Real=0.02s
[2025-06-05T03:05:03.142+0000][26.065s][info ][safepoint   ] Safepoint "G1CollectForAllocation", Time since last: 358485583 ns, Reaching safepoint: 268917 ns, Cleanup: 62250 ns, At safepoint: 23589583 ns, Total: 23920750 ns
[2025-06-05T03:05:03.304+0000][26.227s][debug][safepoint   ] Safepoint synchronization initiated using futex wait barrier. (72 threads)
[2025-06-05T03:05:03.304+0000][26.228s][info ][safepoint   ] Safepoint "ICBufferFull", Time since last: 162540167 ns, Reaching safepoint: 188875 ns, Cleanup: 84208 ns, At safepoint: 2750 ns, Total: 275833 ns
[2025-06-05T03:05:04.032+0000][26.955s][debug][safepoint   ] Safepoint synchronization initiated using futex wait barrier. (75 threads)
[2025-06-05T03:05:04.032+0000][26.955s][info ][safepoint   ] Safepoint "ICBufferFull", Time since last: 727367417 ns, Reaching safepoint: 303375 ns, Cleanup: 105667 ns, At safepoint: 3292 ns, Total: 412334 ns
[2025-06-05T03:05:04.350+0000][27.273s][debug][safepoint   ] Safepoint synchronization initiated using futex wait barrier. (75 threads)
[2025-06-05T03:05:04.352+0000][27.275s][info ][safepoint   ] Safepoint "ICBufferFull", Time since last: 317769583 ns, Reaching safepoint: 1699500 ns, Cleanup: 67667 ns, At safepoint: 2083 ns, Total: 1769250 ns
[2025-06-05T03:05:04.352+0000][27.275s][debug][safepoint   ] Safepoint synchronization initiated using futex wait barrier. (75 threads)
[2025-06-05T03:05:04.352+0000][27.275s][info ][safepoint   ] Safepoint "ICBufferFull", Time since last: 235750 ns, Reaching safepoint: 74667 ns, Cleanup: 4042 ns, At safepoint: 5500 ns, Total: 84209 ns
[2025-06-05T03:05:04.530+0000][27.453s][debug][safepoint   ] Safepoint synchronization initiated using futex wait barrier. (99 threads)
[2025-06-05T03:05:04.530+0000][27.453s][debug][safepoint   ] ... found polling page loop exception at pc = 0x0000ffff68f577a4, stub =0x0000ffff6897ef00
[2025-06-05T03:05:04.531+0000][27.454s][info ][safepoint   ] Safepoint "ICBufferFull", Time since last: 177547500 ns, Reaching safepoint: 1354625 ns, Cleanup: 83916 ns, At safepoint: 13084 ns, Total: 1451625 ns
[2025-06-05T03:05:05.097+0000][28.020s][debug][safepoint   ] Safepoint synchronization initiated using futex wait barrier. (105 threads)
[2025-06-05T03:05:05.101+0000][28.024s][info ][safepoint   ] Safepoint "ICBufferFull", Time since last: 566095792 ns, Reaching safepoint: 3841000 ns, Cleanup: 182208 ns, At safepoint: 27125 ns, Total: 4050333 ns
[2025-06-05T03:05:05.204+0000][28.127s][debug][safepoint   ] Safepoint synchronization initiated using futex wait barrier. (105 threads)
[2025-06-05T03:05:05.204+0000][28.127s][info ][gc,start    ] GC(78) Pause Young (Normal) (G1 Evacuation Pause)
[2025-06-05T03:05:05.204+0000][28.127s][info ][gc,task     ] GC(78) Using 2 workers of 2 for evacuation
[2025-06-05T03:05:05.406+0000][28.329s][info ][gc,phases   ] GC(78)   Pre Evacuate Collection Set: 0.4ms
[2025-06-05T03:05:05.406+0000][28.330s][info ][gc,phases   ] GC(78)   Merge Heap Roots: 0.5ms
[2025-06-05T03:05:05.407+0000][28.330s][info ][gc,phases   ] GC(78)   Evacuate Collection Set: 192.5ms
[2025-06-05T03:05:05.407+0000][28.330s][info ][gc,phases   ] GC(78)   Post Evacuate Collection Set: 8.0ms
[2025-06-05T03:05:05.407+0000][28.330s][info ][gc,phases   ] GC(78)   Other: 0.8ms
[2025-06-05T03:05:05.407+0000][28.330s][info ][gc,heap     ] GC(78) Eden regions: 337->0(328)
[2025-06-05T03:05:05.407+0000][28.330s][info ][gc,heap     ] GC(78) Survivor regions: 8->17(44)
[2025-06-05T03:05:05.407+0000][28.330s][info ][gc,heap     ] GC(78) Old regions: 138->138
[2025-06-05T03:05:05.407+0000][28.330s][info ][gc,heap     ] GC(78) Archive regions: 2->2
[2025-06-05T03:05:05.407+0000][28.330s][info ][gc,heap     ] GC(78) Humongous regions: 0->0
[2025-06-05T03:05:05.407+0000][28.330s][info ][gc,metaspace] GC(78) Metaspace: 162018K(163200K)->162018K(163200K) NonClass: 142044K(142656K)->142044K(142656K) Class: 19973K(20544K)->19973K(20544K)
[2025-06-05T03:05:05.408+0000][28.331s][info ][gc          ] GC(78) Pause Young (Normal) (G1 Evacuation Pause) 483M->154M(575M) 203.585ms
[2025-06-05T03:05:05.408+0000][28.331s][info ][gc,cpu      ] GC(78) User=0.35s Sys=0.00s Real=0.20s
[2025-06-05T03:05:05.409+0000][28.332s][info ][safepoint   ] Safepoint "G1CollectForAllocation", Time since last: 102374958 ns, Reaching safepoint: 278584 ns, Cleanup: 35750 ns, At safepoint: 204671541 ns, Total: 204985875 ns
[2025-06-05T03:05:06.325+0000][29.232s][debug][safepoint   ] Safepoint synchronization initiated using futex wait barrier. (93 threads)
[2025-06-05T03:05:06.327+0000][29.234s][info ][safepoint   ] Safepoint "ICBufferFull", Time since last: 900358667 ns, Reaching safepoint: 2083042 ns, Cleanup: 116666 ns, At safepoint: 17500 ns, Total: 2217208 ns
[2025-06-05T03:05:06.831+0000][29.738s][debug][safepoint   ] Safepoint synchronization initiated using futex wait barrier. (45 threads)
[2025-06-05T03:05:06.832+0000][29.739s][info ][safepoint   ] Safepoint "ThreadDump", Time since last: 504111417 ns, Reaching safepoint: 124083 ns, Cleanup: 146167 ns, At safepoint: 57167 ns, Total: 327417 ns
[2025-06-05T03:05:06.832+0000][29.739s][debug][safepoint   ] Safepoint synchronization initiated using futex wait barrier. (45 threads)
[2025-06-05T03:05:06.832+0000][29.739s][info ][safepoint   ] Safepoint "ThreadDump", Time since last: 453000 ns, Reaching safepoint: 65708 ns, Cleanup: 36417 ns, At safepoint: 12166 ns, Total: 114291 ns
[2025-06-05T03:05:06.833+0000][29.740s][debug][safepoint   ] Safepoint synchronization initiated using futex wait barrier. (45 threads)
[2025-06-05T03:05:06.833+0000][29.740s][info ][safepoint   ] Safepoint "ThreadDump", Time since last: 370375 ns, Reaching safepoint: 76042 ns, Cleanup: 1750 ns, At safepoint: 8125 ns, Total: 85917 ns
[2025-06-05T03:05:06.833+0000][29.740s][debug][safepoint   ] Safepoint synchronization initiated using futex wait barrier. (45 threads)
[2025-06-05T03:05:06.833+0000][29.740s][info ][safepoint   ] Safepoint "ThreadDump", Time since last: 99917 ns, Reaching safepoint: 53708 ns, Cleanup: 12750 ns, At safepoint: 10000 ns, Total: 76458 ns
[2025-06-05T03:05:06.833+0000][29.740s][debug][safepoint   ] Safepoint synchronization initiated using futex wait barrier. (45 threads)
[2025-06-05T03:05:06.833+0000][29.740s][info ][safepoint   ] Safepoint "ThreadDump", Time since last: 235958 ns, Reaching safepoint: 79875 ns, Cleanup: 2750 ns, At safepoint: 17042 ns, Total: 99667 ns
[2025-06-05T03:05:06.833+0000][29.740s][debug][safepoint   ] Safepoint synchronization initiated using futex wait barrier. (45 threads)
[2025-06-05T03:05:06.833+0000][29.740s][info ][safepoint   ] Safepoint "ThreadDump", Time since last: 110333 ns, Reaching safepoint: 50417 ns, Cleanup: 5833 ns, At safepoint: 48292 ns, Total: 104542 ns
[2025-06-05T03:05:06.834+0000][29.741s][debug][safepoint   ] Safepoint synchronization initiated using futex wait barrier. (45 threads)
[2025-06-05T03:05:06.834+0000][29.741s][info ][safepoint   ] Safepoint "ThreadDump", Time since last: 203833 ns, Reaching safepoint: 61875 ns, Cleanup: 1459 ns, At safepoint: 28250 ns, Total: 91584 ns
[2025-06-05T03:05:06.834+0000][29.741s][debug][safepoint   ] Safepoint synchronization initiated using futex wait barrier. (45 threads)
[2025-06-05T03:05:06.834+0000][29.741s][info ][safepoint   ] Safepoint "ThreadDump", Time since last: 120333 ns, Reaching safepoint: 75958 ns, Cleanup: 1584 ns, At safepoint: 9125 ns, Total: 86667 ns
[2025-06-05T03:05:06.834+0000][29.741s][debug][safepoint   ] Safepoint synchronization initiated using futex wait barrier. (45 threads)
[2025-06-05T03:05:06.834+0000][29.741s][info ][safepoint   ] Safepoint "ThreadDump", Time since last: 237125 ns, Reaching safepoint: 68333 ns, Cleanup: 1542 ns, At safepoint: 24416 ns, Total: 94291 ns
[2025-06-05T03:05:06.834+0000][29.741s][debug][safepoint   ] Safepoint synchronization initiated using futex wait barrier. (45 threads)
[2025-06-05T03:05:06.835+0000][29.741s][info ][safepoint   ] Safepoint "ThreadDump", Time since last: 106209 ns, Reaching safepoint: 113333 ns, Cleanup: 1833 ns, At safepoint: 24084 ns, Total: 139250 ns
[2025-06-05T03:05:06.835+0000][29.742s][debug][safepoint   ] Safepoint synchronization initiated using futex wait barrier. (45 threads)
[2025-06-05T03:05:06.835+0000][29.742s][info ][safepoint   ] Safepoint "ThreadDump", Time since last: 168916 ns, Reaching safepoint: 71750 ns, Cleanup: 1500 ns, At safepoint: 30792 ns, Total: 104042 ns
[2025-06-05T03:05:06.835+0000][29.742s][debug][safepoint   ] Safepoint synchronization initiated using futex wait barrier. (45 threads)
[2025-06-05T03:05:06.835+0000][29.742s][info ][safepoint   ] Safepoint "ThreadDump", Time since last: 68833 ns, Reaching safepoint: 67750 ns, Cleanup: 1500 ns, At safepoint: 54667 ns, Total: 123917 ns
[2025-06-05T03:05:06.835+0000][29.742s][debug][safepoint   ] Safepoint synchronization initiated using futex wait barrier. (45 threads)
[2025-06-05T03:05:06.835+0000][29.742s][info ][safepoint   ] Safepoint "ThreadDump", Time since last: 208792 ns, Reaching safepoint: 69916 ns, Cleanup: 1417 ns, At safepoint: 22042 ns, Total: 93375 ns
[2025-06-05T03:05:06.835+0000][29.742s][debug][safepoint   ] Safepoint synchronization initiated using futex wait barrier. (45 threads)
[2025-06-05T03:05:06.835+0000][29.742s][info ][safepoint   ] Safepoint "ThreadDump", Time since last: 71500 ns, Reaching safepoint: 53708 ns, Cleanup: 1417 ns, At safepoint: 6666 ns, Total: 61791 ns
[2025-06-05T03:05:06.836+0000][29.743s][debug][safepoint   ] Safepoint synchronization initiated using futex wait barrier. (45 threads)
[2025-06-05T03:05:06.836+0000][29.743s][info ][safepoint   ] Safepoint "ThreadDump", Time since last: 205334 ns, Reaching safepoint: 55708 ns, Cleanup: 1417 ns, At safepoint: 37041 ns, Total: 94166 ns
[2025-06-05T03:05:06.836+0000][29.743s][debug][safepoint   ] Safepoint synchronization initiated using futex wait barrier. (45 threads)
[2025-06-05T03:05:06.836+0000][29.743s][info ][safepoint   ] Safepoint "ThreadDump", Time since last: 120792 ns, Reaching safepoint: 46833 ns, Cleanup: 1084 ns, At safepoint: 17875 ns, Total: 65792 ns
[2025-06-05T03:05:07.840+0000][30.747s][debug][safepoint   ] Safepoint synchronization initiated using futex wait barrier. (40 threads)
[2025-06-05T03:05:07.840+0000][30.747s][info ][safepoint   ] Safepoint "Cleanup", Time since last: 1003828167 ns, Reaching safepoint: 447333 ns, Cleanup: 37625 ns, At safepoint: 6167 ns, Total: 491125 ns
[2025-06-05T03:05:08.843+0000][31.750s][debug][safepoint   ] Safepoint synchronization initiated using futex wait barrier. (29 threads)
[2025-06-05T03:05:08.844+0000][31.751s][info ][safepoint   ] Safepoint "Cleanup", Time since last: 1002324292 ns, Reaching safepoint: 1038792 ns, Cleanup: 98500 ns, At safepoint: 16750 ns, Total: 1154042 ns
[2025-06-05T03:05:09.620+0000][32.527s][info ][gc,heap,exit] Heap
[2025-06-05T03:05:09.620+0000][32.527s][info ][gc,heap,exit]  garbage-first heap   total 588800K, used 324467K [0x00000000c2c00000, 0x0000000100000000)
[2025-06-05T03:05:09.620+0000][32.527s][info ][gc,heap,exit]   region size 1024K, 180 young (184320K), 17 survivors (17408K)
[2025-06-05T03:05:09.621+0000][32.528s][info ][gc,heap,exit]  Metaspace       used 164380K, committed 165568K, reserved 1245184K
[2025-06-05T03:05:09.621+0000][32.528s][info ][gc,heap,exit]   class space    used 20312K, committed 20864K, reserved 1048576K
[2025-06-05T03:05:09.621+0000][32.528s][debug][safepoint   ] Safepoint synchronization initiated using futex wait barrier. (23 threads)
